# 启动时间: 2026-04-19 11:15:07
# GPU: 6
# CMD: CUDA_VISIBLE_DEVICES=6 python -u FedCSL_All.py -dataset HAR --config configACF.yml --dirichlet-alpha 0.6 --use-client-selection --client-selection-method omp --client-selection-ratio 0.7 --min-selection-prob 0.01 --ema-alpha 0.0 --description omp+acf

/mnt/data/user_liangzhiyu/envs/fedcsl/lib/python3.8/site-packages/scipy/__init__.py:146: UserWarning: A NumPy version >=1.16.5 and <1.23.0 is required for this version of SciPy (detected version 1.23.5
  warnings.warn(f"A NumPy version >={np_minversion} and <{np_maxversion}"
[0.09514033 0.10277917 0.11127909 0.12035814 0.12964186 0.13872091
 0.14722083 0.15485967]
/data/user_lixiongfei/CSL-main/dataset_utils.py:133: FutureWarning: You are using `torch.load` with `weights_only=False` (the current default value), which uses the default pickle module implicitly. It is possible to construct malicious pickle data which will execute arbitrary code during unpickling (See https://github.com/pytorch/pytorch/blob/main/SECURITY.md#untrusted-models for more details). In a future release, the default value for `weights_only` will be flipped to `True`. This limits the functions that could be executed during unpickling. Arbitrary objects will no longer be allowed to be loaded via this mode unless they are explicitly allowlisted by the user via `torch.serialization.add_safe_globals`. We recommend you start setting `weights_only=True` for any use case where you don't have full control of the loaded file. Please open an issue on GitHub for any issues related to this experimental feature.
  X = torch.load("./HAR/train.pt")
/data/user_lixiongfei/CSL-main/dataset_utils.py:136: FutureWarning: You are using `torch.load` with `weights_only=False` (the current default value), which uses the default pickle module implicitly. It is possible to construct malicious pickle data which will execute arbitrary code during unpickling (See https://github.com/pytorch/pytorch/blob/main/SECURITY.md#untrusted-models for more details). In a future release, the default value for `weights_only` will be flipped to `True`. This limits the functions that could be executed during unpickling. Arbitrary objects will no longer be allowed to be loaded via this mode unless they are explicitly allowlisted by the user via `torch.serialization.add_safe_globals`. We recommend you start setting `weights_only=True` for any use case where you don't have full control of the loaded file. Please open an issue on GitHub for any issues related to this experimental feature.
  X2= torch.load("./HAR/test.pt")
[5 1 1 ... 0 4 0]
[  0   1   2   3   4   5   7   8   9  11  13  15  16  17  19  20  22  23
  24  25  26  27  28  30  32  33  34  35  37  39  41  43  44  45  46  47
  48  49  51  54  55  56  57  60  61  70  71  72  74  75  76  77  78  79
  80  81  82  83  84  87  89  92  95  97  98 100 101 102 104 107 110 112
 113 117 123 125 126 127 128 133 134 135 138 139 140 141 145 150 152 153
 154 156 163 168 169 170 171 172 173 174 175 177 178 179 180 183 188 189
 192 195 197 198 199 200 201 204 206 207 210 213 217 218 221 224 225 226
 229 231 233 237 238 239 241 245 250 254 257 260 262 264 276 281 283 284
 285 291 292 293 295 299 300 301 306 307 308 309 311 314 315 319 325 331
 332 341 342 343 351 354 364 367 374 385 399 408 409 411 413 415 416 417
 422 433 442 463 467 468 469 470 474 475 482 491 502 508 512 516 524 537
 547 557 562 569 589 593 599 600 605 618 619 624 635 638 647 650 656 675
 680 687 696 697 702 731 732 734 739]
[5, 1, 1, 4, 4, 0, 4, 1, 2, 2, 5, 5, 1, 5, 1, 2, 4, 2, 5, 2, 2, 5, 4, 4, 1, 5, 4, 5, 4, 5, 1, 2, 2, 5, 1, 4, 4, 5, 1, 5, 5, 4, 5, 2, 4, 5, 4, 2, 1, 2, 4, 4, 4, 5, 2, 4, 2, 1, 5, 4, 2, 5, 2, 1, 4, 2, 5, 2, 5, 2, 1, 1, 1, 1, 1, 2, 5, 5, 5, 2, 1, 1, 2, 1, 1, 1, 5, 2, 1, 1, 2, 5, 2, 5, 5, 2, 5, 1, 2, 5, 1, 5, 1, 1, 5, 1, 1, 2, 5, 2, 1, 5, 5, 1, 5, 5, 1, 5, 1, 2, 5, 2, 1, 1, 5, 1, 5, 5, 2, 1, 5, 2, 5, 2, 5, 5, 5, 5, 2, 2, 5, 2, 5, 5, 5, 2, 2, 2, 5, 5, 2, 2, 2, 2, 5, 5, 2, 2, 5, 2, 5, 2, 5, 5, 2, 5, 2, 5, 2, 2, 2, 2, 2, 2, 2, 2, 2, 2, 2, 2, 2, 2, 2, 2, 2, 2, 2, 2, 2, 2, 2, 2, 2, 2, 2, 2, 2, 2, 2, 2, 2, 2, 2, 2, 2, 2, 2, 2, 2, 2, 2, 2, 2, 2, 2, 2, 2, 2, 2, 2, 2, 2, 2, 2, 2]
[3, 3, 3, 3, 0, 3, 3, 3, 3, 3, 3, 3, 3, 3, 3, 3, 4, 3, 3, 3, 3, 3, 4, 4, 4, 4, 3, 3, 4, 4, 3, 4, 3, 3, 4, 4, 4, 4, 4, 4, 4, 4, 3, 3, 4, 3, 4, 4, 4, 3, 3, 3, 3, 3, 3, 3, 3, 3, 3, 3, 1, 3, 1, 1, 3, 1, 1, 3, 1, 3, 3, 3, 3, 3, 3, 1, 1, 3, 1, 3, 1, 3, 3, 3, 1, 1, 3, 3, 3, 3, 3, 3, 1, 1, 1, 3, 1, 1, 3, 3, 3, 3, 5, 3, 1, 3, 5, 5, 5, 3, 3, 3, 1, 3, 1, 3, 3, 1, 3, 3, 1, 3, 3, 3, 3, 3, 3, 3, 3, 3, 3, 3, 3, 3, 3, 3, 3, 3, 3, 3, 3, 3, 3, 3, 3, 3, 3, 3, 3, 3, 3, 3, 3, 3, 3, 3, 3, 3, 3, 3, 3, 3, 3, 3, 3, 3, 3, 3, 3, 3, 3, 3, 3, 3, 3, 3, 3, 3, 3, 3, 3, 3, 3, 3, 3, 3, 3, 3, 3, 3, 3, 3, 3, 3, 3, 3, 3, 3, 3, 3, 3, 3, 3, 3, 3, 3, 3, 3, 3, 3, 3, 3, 3, 3, 3, 3, 3, 3, 3, 3, 3, 3, 3, 3, 3, 3, 3, 3, 3, 3, 3, 3, 3, 3, 3, 3, 3, 3, 3, 3, 3, 3, 3, 3, 3, 3, 3, 3, 3, 3, 3, 3, 3, 3, 3, 3, 3, 3, 3, 3, 3, 3, 3, 3, 3, 3, 3, 3, 3, 3, 3, 3, 3, 3, 3, 3, 3, 3, 3, 3, 3, 3, 3, 3, 3, 3, 3, 3, 3, 3, 3, 3, 3, 3, 3, 3, 3, 3, 3, 3, 3, 3, 3, 3, 3, 3, 3, 3, 3, 3, 3, 3, 3, 3, 3, 3, 3, 3, 3, 3, 3, 3, 3, 3, 3, 3, 3, 3, 3, 3, 3]
[0, 0, 0, 0, 0, 0, 0, 4, 4, 4, 4, 4, 4, 5, 5, 5, 5, 5, 5, 5, 5, 5, 1, 5, 1, 5, 5, 5, 5, 5, 5, 5, 5, 5, 5, 5, 5, 5, 5, 5, 5, 5, 5, 5, 5, 5, 5, 5, 5, 5, 5, 5, 5, 5, 5, 5, 2, 2, 2, 2, 2, 2, 2, 2, 2, 2, 2, 2, 2, 3, 3, 3, 3, 3, 3, 3, 3, 3, 3, 3, 3, 3, 3, 3, 3, 3, 3, 3, 3, 3, 3, 3, 3, 3, 3, 3, 3, 3, 3, 3, 3, 3, 3, 3, 3, 3, 3, 3, 3, 3, 3, 3, 3, 3, 3, 3, 3, 3, 3, 3, 3, 3, 3, 3, 3, 3, 3, 3, 3, 3, 3, 3, 3, 3, 3, 3, 3, 3, 3, 3, 3]
FedCSL_All.py:214: FutureWarning: You are using `torch.load` with `weights_only=False` (the current default value), which uses the default pickle module implicitly. It is possible to construct malicious pickle data which will execute arbitrary code during unpickling (See https://github.com/pytorch/pytorch/blob/main/SECURITY.md#untrusted-models for more details). In a future release, the default value for `weights_only` will be flipped to `True`. This limits the functions that could be executed during unpickling. Arbitrary objects will no longer be allowed to be loaded via this mode unless they are explicitly allowlisted by the user via `torch.serialization.add_safe_globals`. We recommend you start setting `weights_only=True` for any use case where you don't have full control of the loaded file. Please open an issue on GitHub for any issues related to this experimental feature.
  val_data = torch.load("./HAR/val.pt")
shapelet initialized! 

All 30 clinet initialized! 

客户端选择已启用，采样比例: 0.7, 选择方法: OMP自适应采样
最低选择概率: 0.01, EMA平滑系数: 0.0
/data/user_lixiongfei/CSL-main/train.py:601: UserWarning: Creating a tensor from a list of numpy.ndarrays is extremely slow. Please consider converting the list to a single numpy.ndarray with numpy.array() before converting to a tensor. (Triggered internally at ../torch/csrc/utils/tensor_new.cpp:278.)
  X = torch.tensor(X, dtype=torch.float)
(225, 6)
(331, 6)
(141, 6)
(51, 6)
(162, 6)
(200, 6)
(329, 6)
(131, 6)
(151, 6)
(158, 6)
(171, 6)
(136, 6)
(50, 6)
(171, 6)
(138, 6)
(125, 6)
(371, 6)
(286, 6)
(32, 6)
(288, 6)
(184, 6)
(278, 6)
(297, 6)
(97, 6)
(169, 6)
(248, 6)
(137, 6)
(215, 6)
(185, 6)
(424, 6)
[0.07707744 0.0871481  0.14056088 0.05924943 0.11822551 0.12025732
 0.10266978 0.08829997 0.09239878 0.09696096 0.06313506 0.12327921
 0.0967003  0.10141469 0.09591041 0.14331937 0.12257657 0.08532082
 0.07527596 0.09685028 0.09994083 0.07617192 0.11368541 0.12807545
 0.07651701 0.09125871 0.08893143 0.1313312  0.09071029 0.11674691]
第一轮：全选所有客户端（OMP自适应采样模式）
稀疏向量: [0.03873935 0.05719174 0.0248419  0.         0.0284597  0.03494671
 0.05655963 0.         0.02642376 0.0272743  0.02988147 0.
 0.         0.02987221 0.         0.         0.06415879 0.04906096
 0.         0.04983125 0.0322182  0.04824072 0.05166633 0.
 0.02951903 0.04293549 0.         0.03754917 0.03197283 0.07280667]
更新后概率: [0.03333333 0.03333333 0.03333333 0.03333333 0.03333333 0.03333333
 0.03333333 0.03333333 0.03333333 0.03333333 0.03333333 0.03333333
 0.03333333 0.03333333 0.03333333 0.03333333 0.03333333 0.03333333
 0.03333333 0.03333333 0.03333333 0.03333333 0.03333333 0.03333333
 0.03333333 0.03333333 0.03333333 0.03333333 0.03333333 0.03333333]
Classification: 0.9971093351470838 0.9297590770274856 0
# 启动时间: 2026-04-19 19:00:59
# GPU: 1
# CMD: CUDA_VISIBLE_DEVICES=1 python -u FedCSL_All.py -dataset HAR --config configACF.yml --dirichlet-alpha 0.6 --use-client-selection --client-selection-method omp --client-selection-ratio 0.7 --min-selection-prob 0.01 --ema-alpha 0.0 --description omp+acf

/mnt/data/user_liangzhiyu/envs/fedcsl/lib/python3.8/site-packages/scipy/__init__.py:146: UserWarning: A NumPy version >=1.16.5 and <1.23.0 is required for this version of SciPy (detected version 1.23.5
  warnings.warn(f"A NumPy version >={np_minversion} and <{np_maxversion}"
[0.09514033 0.10277917 0.11127909 0.12035814 0.12964186 0.13872091
 0.14722083 0.15485967]
/data/user_lixiongfei/CSL-main/dataset_utils.py:133: FutureWarning: You are using `torch.load` with `weights_only=False` (the current default value), which uses the default pickle module implicitly. It is possible to construct malicious pickle data which will execute arbitrary code during unpickling (See https://github.com/pytorch/pytorch/blob/main/SECURITY.md#untrusted-models for more details). In a future release, the default value for `weights_only` will be flipped to `True`. This limits the functions that could be executed during unpickling. Arbitrary objects will no longer be allowed to be loaded via this mode unless they are explicitly allowlisted by the user via `torch.serialization.add_safe_globals`. We recommend you start setting `weights_only=True` for any use case where you don't have full control of the loaded file. Please open an issue on GitHub for any issues related to this experimental feature.
  X = torch.load("./HAR/train.pt")
/data/user_lixiongfei/CSL-main/dataset_utils.py:136: FutureWarning: You are using `torch.load` with `weights_only=False` (the current default value), which uses the default pickle module implicitly. It is possible to construct malicious pickle data which will execute arbitrary code during unpickling (See https://github.com/pytorch/pytorch/blob/main/SECURITY.md#untrusted-models for more details). In a future release, the default value for `weights_only` will be flipped to `True`. This limits the functions that could be executed during unpickling. Arbitrary objects will no longer be allowed to be loaded via this mode unless they are explicitly allowlisted by the user via `torch.serialization.add_safe_globals`. We recommend you start setting `weights_only=True` for any use case where you don't have full control of the loaded file. Please open an issue on GitHub for any issues related to this experimental feature.
  X2= torch.load("./HAR/test.pt")
[5 1 1 ... 0 4 0]
[  0   1   2   3   4   5   7   8   9  11  13  15  16  17  19  20  22  23
  24  25  26  27  28  30  32  33  34  35  37  39  41  43  44  45  46  47
  48  49  51  54  55  56  57  60  61  70  71  72  74  75  76  77  78  79
  80  81  82  83  84  87  89  92  95  97  98 100 101 102 104 107 110 112
 113 117 123 125 126 127 128 133 134 135 138 139 140 141 145 150 152 153
 154 156 163 168 169 170 171 172 173 174 175 177 178 179 180 183 188 189
 192 195 197 198 199 200 201 204 206 207 210 213 217 218 221 224 225 226
 229 231 233 237 238 239 241 245 250 254 257 260 262 264 276 281 283 284
 285 291 292 293 295 299 300 301 306 307 308 309 311 314 315 319 325 331
 332 341 342 343 351 354 364 367 374 385 399 408 409 411 413 415 416 417
 422 433 442 463 467 468 469 470 474 475 482 491 502 508 512 516 524 537
 547 557 562 569 589 593 599 600 605 618 619 624 635 638 647 650 656 675
 680 687 696 697 702 731 732 734 739]
[5, 1, 1, 4, 4, 0, 4, 1, 2, 2, 5, 5, 1, 5, 1, 2, 4, 2, 5, 2, 2, 5, 4, 4, 1, 5, 4, 5, 4, 5, 1, 2, 2, 5, 1, 4, 4, 5, 1, 5, 5, 4, 5, 2, 4, 5, 4, 2, 1, 2, 4, 4, 4, 5, 2, 4, 2, 1, 5, 4, 2, 5, 2, 1, 4, 2, 5, 2, 5, 2, 1, 1, 1, 1, 1, 2, 5, 5, 5, 2, 1, 1, 2, 1, 1, 1, 5, 2, 1, 1, 2, 5, 2, 5, 5, 2, 5, 1, 2, 5, 1, 5, 1, 1, 5, 1, 1, 2, 5, 2, 1, 5, 5, 1, 5, 5, 1, 5, 1, 2, 5, 2, 1, 1, 5, 1, 5, 5, 2, 1, 5, 2, 5, 2, 5, 5, 5, 5, 2, 2, 5, 2, 5, 5, 5, 2, 2, 2, 5, 5, 2, 2, 2, 2, 5, 5, 2, 2, 5, 2, 5, 2, 5, 5, 2, 5, 2, 5, 2, 2, 2, 2, 2, 2, 2, 2, 2, 2, 2, 2, 2, 2, 2, 2, 2, 2, 2, 2, 2, 2, 2, 2, 2, 2, 2, 2, 2, 2, 2, 2, 2, 2, 2, 2, 2, 2, 2, 2, 2, 2, 2, 2, 2, 2, 2, 2, 2, 2, 2, 2, 2, 2, 2, 2, 2]
[3, 3, 3, 3, 0, 3, 3, 3, 3, 3, 3, 3, 3, 3, 3, 3, 4, 3, 3, 3, 3, 3, 4, 4, 4, 4, 3, 3, 4, 4, 3, 4, 3, 3, 4, 4, 4, 4, 4, 4, 4, 4, 3, 3, 4, 3, 4, 4, 4, 3, 3, 3, 3, 3, 3, 3, 3, 3, 3, 3, 1, 3, 1, 1, 3, 1, 1, 3, 1, 3, 3, 3, 3, 3, 3, 1, 1, 3, 1, 3, 1, 3, 3, 3, 1, 1, 3, 3, 3, 3, 3, 3, 1, 1, 1, 3, 1, 1, 3, 3, 3, 3, 5, 3, 1, 3, 5, 5, 5, 3, 3, 3, 1, 3, 1, 3, 3, 1, 3, 3, 1, 3, 3, 3, 3, 3, 3, 3, 3, 3, 3, 3, 3, 3, 3, 3, 3, 3, 3, 3, 3, 3, 3, 3, 3, 3, 3, 3, 3, 3, 3, 3, 3, 3, 3, 3, 3, 3, 3, 3, 3, 3, 3, 3, 3, 3, 3, 3, 3, 3, 3, 3, 3, 3, 3, 3, 3, 3, 3, 3, 3, 3, 3, 3, 3, 3, 3, 3, 3, 3, 3, 3, 3, 3, 3, 3, 3, 3, 3, 3, 3, 3, 3, 3, 3, 3, 3, 3, 3, 3, 3, 3, 3, 3, 3, 3, 3, 3, 3, 3, 3, 3, 3, 3, 3, 3, 3, 3, 3, 3, 3, 3, 3, 3, 3, 3, 3, 3, 3, 3, 3, 3, 3, 3, 3, 3, 3, 3, 3, 3, 3, 3, 3, 3, 3, 3, 3, 3, 3, 3, 3, 3, 3, 3, 3, 3, 3, 3, 3, 3, 3, 3, 3, 3, 3, 3, 3, 3, 3, 3, 3, 3, 3, 3, 3, 3, 3, 3, 3, 3, 3, 3, 3, 3, 3, 3, 3, 3, 3, 3, 3, 3, 3, 3, 3, 3, 3, 3, 3, 3, 3, 3, 3, 3, 3, 3, 3, 3, 3, 3, 3, 3, 3, 3, 3, 3, 3, 3, 3, 3, 3]
[0, 0, 0, 0, 0, 0, 0, 4, 4, 4, 4, 4, 4, 5, 5, 5, 5, 5, 5, 5, 5, 5, 1, 5, 1, 5, 5, 5, 5, 5, 5, 5, 5, 5, 5, 5, 5, 5, 5, 5, 5, 5, 5, 5, 5, 5, 5, 5, 5, 5, 5, 5, 5, 5, 5, 5, 2, 2, 2, 2, 2, 2, 2, 2, 2, 2, 2, 2, 2, 3, 3, 3, 3, 3, 3, 3, 3, 3, 3, 3, 3, 3, 3, 3, 3, 3, 3, 3, 3, 3, 3, 3, 3, 3, 3, 3, 3, 3, 3, 3, 3, 3, 3, 3, 3, 3, 3, 3, 3, 3, 3, 3, 3, 3, 3, 3, 3, 3, 3, 3, 3, 3, 3, 3, 3, 3, 3, 3, 3, 3, 3, 3, 3, 3, 3, 3, 3, 3, 3, 3, 3]
FedCSL_All.py:214: FutureWarning: You are using `torch.load` with `weights_only=False` (the current default value), which uses the default pickle module implicitly. It is possible to construct malicious pickle data which will execute arbitrary code during unpickling (See https://github.com/pytorch/pytorch/blob/main/SECURITY.md#untrusted-models for more details). In a future release, the default value for `weights_only` will be flipped to `True`. This limits the functions that could be executed during unpickling. Arbitrary objects will no longer be allowed to be loaded via this mode unless they are explicitly allowlisted by the user via `torch.serialization.add_safe_globals`. We recommend you start setting `weights_only=True` for any use case where you don't have full control of the loaded file. Please open an issue on GitHub for any issues related to this experimental feature.
  val_data = torch.load("./HAR/val.pt")
shapelet initialized! 

All 30 clinet initialized! 

客户端选择已启用，采样比例: 0.7, 选择方法: OMP自适应采样
最低选择概率: 0.01, EMA平滑系数: 0.0
/data/user_lixiongfei/CSL-main/train.py:601: UserWarning: Creating a tensor from a list of numpy.ndarrays is extremely slow. Please consider converting the list to a single numpy.ndarray with numpy.array() before converting to a tensor. (Triggered internally at ../torch/csrc/utils/tensor_new.cpp:278.)
  X = torch.tensor(X, dtype=torch.float)
(225, 6)
(331, 6)
(141, 6)
(51, 6)
(162, 6)
(200, 6)
(329, 6)
(131, 6)
(151, 6)
(158, 6)
(171, 6)
(136, 6)
(50, 6)
(171, 6)
(138, 6)
(125, 6)
(371, 6)
(286, 6)
(32, 6)
(288, 6)
(184, 6)
(278, 6)
(297, 6)
(97, 6)
(169, 6)
(248, 6)
(137, 6)
(215, 6)
(185, 6)
(424, 6)
[0.07707744 0.0871481  0.14056088 0.05924943 0.11822551 0.12025732
 0.10266978 0.08829997 0.09239878 0.09696096 0.06313506 0.12327921
 0.0967003  0.10141469 0.09591041 0.14331937 0.12257657 0.08532082
 0.07527596 0.09685028 0.09994083 0.07617192 0.11368541 0.12807545
 0.07651701 0.09125871 0.08893143 0.1313312  0.09071029 0.11674691]
第一轮：全选所有客户端（OMP自适应采样模式）
稀疏向量: [0.03873935 0.05719174 0.0248419  0.         0.0284597  0.03494671
 0.05655963 0.         0.02642376 0.0272743  0.02988147 0.
 0.         0.02987221 0.         0.         0.06415879 0.04906096
 0.         0.04983125 0.0322182  0.04824072 0.05166633 0.
 0.02951903 0.04293549 0.         0.03754917 0.03197283 0.07280667]
更新后概率: [0.03333333 0.03333333 0.03333333 0.03333333 0.03333333 0.03333333
 0.03333333 0.03333333 0.03333333 0.03333333 0.03333333 0.03333333
 0.03333333 0.03333333 0.03333333 0.03333333 0.03333333 0.03333333
 0.03333333 0.03333333 0.03333333 0.03333333 0.03333333 0.03333333
 0.03333333 0.03333333 0.03333333 0.03333333 0.03333333 0.03333333]
Classification: 0.9971093351470838 0.9297590770274856 0
(225, 6)
(331, 6)
(141, 6)
(51, 6)
(162, 6)
(200, 6)
(329, 6)
(131, 6)
(151, 6)
(158, 6)
(171, 6)
(136, 6)
(50, 6)
(171, 6)
(138, 6)
(125, 6)
(371, 6)
(286, 6)
(32, 6)
(288, 6)
(184, 6)
(278, 6)
(297, 6)
(97, 6)
(169, 6)
(248, 6)
(137, 6)
(215, 6)
(185, 6)
(424, 6)
[0.1323846  0.12712273 0.10580672 0.05964128 0.13282602 0.09204155
 0.08617723 0.07739543 0.07082044 0.13419501 0.06352535 0.1152917
 0.09769783 0.12437291 0.0909972  0.09719963 0.10030014 0.11573764
 0.08363956 0.10708168 0.12831301 0.08820612 0.07000424 0.10904999
 0.08412896 0.08808504 0.10915569 0.11874194 0.09721828 0.09284206]
本轮采样概率阵: [0.03333333 0.03333333 0.03333333 0.03333333 0.03333333 0.03333333
 0.03333333 0.03333333 0.03333333 0.03333333 0.03333333 0.03333333
 0.03333333 0.03333333 0.03333333 0.03333333 0.03333333 0.03333333
 0.03333333 0.03333333 0.03333333 0.03333333 0.03333333 0.03333333
 0.03333333 0.03333333 0.03333333 0.03333333 0.03333333 0.03333333]
客户端选择掩码: [0.0, 1.0, 1.0, 0.0, 0.0, 1.0, 0.0, 1.0, 1.0, 1.0, 1.0, 1.0, 1.0, 1.0, 1.0, 0.0, 1.0, 1.0, 0.0, 1.0, 1.0, 1.0, 1.0, 0.0, 1.0, 0.0, 1.0, 1.0, 1.0, 0.0]
稀疏向量: [0.         0.07903534 0.03366762 0.         0.         0.04775547
 0.         0.03127984 0.0360554  0.03772684 0.04083093 0.03247373
 0.01193886 0.04083094 0.03295131 0.         0.08858635 0.06829032
 0.         0.06876791 0.04393504 0.06638014 0.07091691 0.
 0.04035336 0.         0.03271246 0.05133715 0.04417384 0.        ]
更新后概率: [0.03333333 0.03333333 0.03333333 0.03333333 0.03333333 0.03333333
 0.03333333 0.03333333 0.03333333 0.03333333 0.03333333 0.03333333
 0.03333333 0.03333333 0.03333333 0.03333333 0.03333333 0.03333333
 0.03333333 0.03333333 0.03333333 0.03333333 0.03333333 0.03333333
 0.03333333 0.03333333 0.03333333 0.03333333 0.03333333 0.03333333]
Classification: 0.9969392960380887 0.9267051238547676 1
(225, 6)
(331, 6)
(141, 6)
(51, 6)
(162, 6)
(200, 6)
(329, 6)
(131, 6)
(151, 6)
(158, 6)
(171, 6)
(136, 6)
(50, 6)
(171, 6)
(138, 6)
(125, 6)
(371, 6)
(286, 6)
(32, 6)
(288, 6)
(184, 6)
(278, 6)
(297, 6)
(97, 6)
(169, 6)
(248, 6)
(137, 6)
(215, 6)
(185, 6)
(424, 6)
[0.12008522 0.11382203 0.11570015 0.07762595 0.13723691 0.10401942
 0.0761988  0.11869511 0.06312148 0.13199454 0.06703276 0.11509388
 0.10583658 0.13128388 0.09366566 0.08457754 0.12544717 0.13221096
 0.08848045 0.0843029  0.10723502 0.09605464 0.08322175 0.10916046
 0.10162616 0.06985871 0.06951214 0.07243183 0.09201013 0.11245775]
本轮采样概率阵: [0.03333333 0.03333333 0.03333333 0.03333333 0.03333333 0.03333333
 0.03333333 0.03333333 0.03333333 0.03333333 0.03333333 0.03333333
 0.03333333 0.03333333 0.03333333 0.03333333 0.03333333 0.03333333
 0.03333333 0.03333333 0.03333333 0.03333333 0.03333333 0.03333333
 0.03333333 0.03333333 0.03333333 0.03333333 0.03333333 0.03333333]
客户端选择掩码: [0.0, 0.0, 1.0, 1.0, 1.0, 0.0, 1.0, 0.0, 1.0, 1.0, 1.0, 1.0, 1.0, 0.0, 0.0, 1.0, 1.0, 1.0, 1.0, 1.0, 0.0, 1.0, 1.0, 1.0, 1.0, 1.0, 0.0, 0.0, 1.0, 1.0]
稀疏向量: [0.         0.         0.0339841  0.01229211 0.03904556 0.
 0.07929623 0.         0.03639431 0.03808146 0.04121475 0.03277896
 0.01205108 0.         0.         0.03012774 0.08941909 0.06893223
 0.00771264 0.06941434 0.         0.0670041  0.07158348 0.02337908
 0.0407327  0.05977344 0.         0.         0.04458908 0.10219324]
更新后概率: [0.03333333 0.03333333 0.03333333 0.03333333 0.03333333 0.03333333
 0.03333333 0.03333333 0.03333333 0.03333333 0.03333333 0.03333333
 0.03333333 0.03333333 0.03333333 0.03333333 0.03333333 0.03333333
 0.03333333 0.03333333 0.03333333 0.03333333 0.03333333 0.03333333
 0.03333333 0.03333333 0.03333333 0.03333333 0.03333333 0.03333333]
Classification: 0.977724876721646 0.9246691550729556 2
(225, 6)
(331, 6)
(141, 6)
(51, 6)
(162, 6)
(200, 6)
(329, 6)
(131, 6)
(151, 6)
(158, 6)
(171, 6)
(136, 6)
(50, 6)
(171, 6)
(138, 6)
(125, 6)
(371, 6)
(286, 6)
(32, 6)
(288, 6)
(184, 6)
(278, 6)
(297, 6)
(97, 6)
(169, 6)
(248, 6)
(137, 6)
(215, 6)
(185, 6)
(424, 6)
[0.07954523 0.10564791 0.10816121 0.04516407 0.12033396 0.11175946
 0.07581575 0.09764992 0.06950433 0.13850399 0.07646783 0.13180456
 0.10762503 0.12696526 0.11417111 0.08593184 0.12339846 0.127656
 0.06447877 0.08821689 0.12151158 0.097231   0.09733464 0.09408642
 0.11526561 0.07398205 0.08996103 0.07734222 0.106488   0.12799586]
本轮采样概率阵: [0.03333333 0.03333333 0.03333333 0.03333333 0.03333333 0.03333333
 0.03333333 0.03333333 0.03333333 0.03333333 0.03333333 0.03333333
 0.03333333 0.03333333 0.03333333 0.03333333 0.03333333 0.03333333
 0.03333333 0.03333333 0.03333333 0.03333333 0.03333333 0.03333333
 0.03333333 0.03333333 0.03333333 0.03333333 0.03333333 0.03333333]
客户端选择掩码: [1.0, 1.0, 1.0, 0.0, 0.0, 1.0, 0.0, 1.0, 1.0, 0.0, 1.0, 1.0, 0.0, 0.0, 0.0, 1.0, 1.0, 1.0, 0.0, 1.0, 1.0, 1.0, 1.0, 1.0, 0.0, 1.0, 1.0, 1.0, 1.0, 1.0]
稀疏向量: [0.04869074 0.07162953 0.03051287 0.         0.         0.04328067
 0.         0.02834885 0.03267692 0.         0.03700497 0.02943086
 0.         0.         0.         0.02705042 0.08028562 0.06189139
 0.         0.06232417 0.03981823 0.06016011 0.06427179 0.02099109
 0.         0.05366803 0.02964721 0.04652673 0.04003461 0.091755  ]
更新后概率: [0.03333333 0.03333333 0.03333333 0.03333333 0.03333333 0.03333333
 0.03333333 0.03333333 0.03333333 0.03333333 0.03333333 0.03333333
 0.03333333 0.03333333 0.03333333 0.03333333 0.03333333 0.03333333
 0.03333333 0.03333333 0.03333333 0.03333333 0.03333333 0.03333333
 0.03333333 0.03333333 0.03333333 0.03333333 0.03333333 0.03333333]
Classification: 1.0 0.9226331862911435 3
(225, 6)
(331, 6)
(141, 6)
(51, 6)
(162, 6)
(200, 6)
(329, 6)
(131, 6)
(151, 6)
(158, 6)
(171, 6)
(136, 6)
(50, 6)
(171, 6)
(138, 6)
(125, 6)
(371, 6)
(286, 6)
(32, 6)
(288, 6)
(184, 6)
(278, 6)
(297, 6)
(97, 6)
(169, 6)
(248, 6)
(137, 6)
(215, 6)
(185, 6)
(424, 6)
[0.07065638 0.11557681 0.10622304 0.05634829 0.13772516 0.11770132
 0.07380964 0.09974333 0.06457935 0.11475251 0.07369856 0.14340298
 0.10102953 0.13593435 0.10583475 0.08430192 0.11996634 0.13263964
 0.0740035  0.08668063 0.12325952 0.08704165 0.10617151 0.1157417
 0.10048361 0.07528756 0.07789479 0.07576034 0.09483116 0.12892016]
本轮采样概率阵: [0.03333333 0.03333333 0.03333333 0.03333333 0.03333333 0.03333333
 0.03333333 0.03333333 0.03333333 0.03333333 0.03333333 0.03333333
 0.03333333 0.03333333 0.03333333 0.03333333 0.03333333 0.03333333
 0.03333333 0.03333333 0.03333333 0.03333333 0.03333333 0.03333333
 0.03333333 0.03333333 0.03333333 0.03333333 0.03333333 0.03333333]
客户端选择掩码: [1.0, 1.0, 1.0, 0.0, 1.0, 1.0, 1.0, 1.0, 1.0, 1.0, 1.0, 0.0, 0.0, 1.0, 0.0, 1.0, 1.0, 1.0, 0.0, 0.0, 1.0, 0.0, 0.0, 1.0, 1.0, 1.0, 1.0, 1.0, 0.0, 1.0]
稀疏向量: [0.05083598 0.07478538 0.03185719 0.         0.0366019  0.04518752
 0.07433344 0.02959783 0.03411657 0.03569815 0.03863534 0.
 0.         0.03863532 0.         0.0282422  0.08382282 0.06461813
 0.         0.         0.04157252 0.         0.         0.02191587
 0.03818341 0.05603253 0.03095345 0.04857655 0.         0.09579752]
更新后概率: [0.03333333 0.03333333 0.03333333 0.03333333 0.03333333 0.03333333
 0.03333333 0.03333333 0.03333333 0.03333333 0.03333333 0.03333333
 0.03333333 0.03333333 0.03333333 0.03333333 0.03333333 0.03333333
 0.03333333 0.03333333 0.03333333 0.03333333 0.03333333 0.03333333
 0.03333333 0.03333333 0.03333333 0.03333333 0.03333333 0.03333333]
Classification: 1.0 0.9172039362063115 4
(225, 6)
(331, 6)
(141, 6)
(51, 6)
(162, 6)
(200, 6)
(329, 6)
(131, 6)
(151, 6)
(158, 6)
(171, 6)
(136, 6)
(50, 6)
(171, 6)
(138, 6)
(125, 6)
(371, 6)
(286, 6)
(32, 6)
(288, 6)
(184, 6)
(278, 6)
(297, 6)
(97, 6)
(169, 6)
(248, 6)
(137, 6)
(215, 6)
(185, 6)
(424, 6)
[0.0737093  0.10207584 0.11250039 0.06400481 0.12994057 0.11165357
 0.08550409 0.1043911  0.07248946 0.12842067 0.09288626 0.14070984
 0.12731356 0.12178953 0.08681244 0.07986596 0.11278105 0.11563836
 0.06356629 0.08812793 0.13516155 0.08572658 0.09747277 0.11306036
 0.11004308 0.07274162 0.08011571 0.07598422 0.08633799 0.12917507]
本轮采样概率阵: [0.03333333 0.03333333 0.03333333 0.03333333 0.03333333 0.03333333
 0.03333333 0.03333333 0.03333333 0.03333333 0.03333333 0.03333333
 0.03333333 0.03333333 0.03333333 0.03333333 0.03333333 0.03333333
 0.03333333 0.03333333 0.03333333 0.03333333 0.03333333 0.03333333
 0.03333333 0.03333333 0.03333333 0.03333333 0.03333333 0.03333333]
客户端选择掩码: [0.0, 0.0, 1.0, 0.0, 0.0, 1.0, 1.0, 1.0, 0.0, 1.0, 1.0, 1.0, 1.0, 1.0, 1.0, 1.0, 1.0, 1.0, 1.0, 0.0, 1.0, 0.0, 1.0, 1.0, 1.0, 1.0, 1.0, 0.0, 1.0, 0.0]
稀疏向量: [0.         0.         0.03753991 0.         0.         0.05324813
 0.08759321 0.03487754 0.         0.04206605 0.04552716 0.03620871
 0.01331203 0.04552716 0.03674123 0.03328008 0.09877526 0.07614478
 0.00851968 0.         0.04898826 0.         0.07907352 0.0258253
 0.04499463 0.06602772 0.03647492 0.         0.04925448 0.        ]
更新后概率: [0.03333333 0.03333333 0.03333333 0.03333333 0.03333333 0.03333333
 0.03333333 0.03333333 0.03333333 0.03333333 0.03333333 0.03333333
 0.03333333 0.03333333 0.03333333 0.03333333 0.03333333 0.03333333
 0.03333333 0.03333333 0.03333333 0.03333333 0.03333333 0.03333333
 0.03333333 0.03333333 0.03333333 0.03333333 0.03333333 0.03333333]
Classification: 0.9982996089100493 0.9148286392941974 5
(225, 6)
(331, 6)
(141, 6)
(51, 6)
(162, 6)
(200, 6)
(329, 6)
(131, 6)
(151, 6)
(158, 6)
(171, 6)
(136, 6)
(50, 6)
(171, 6)
(138, 6)
(125, 6)
(371, 6)
(286, 6)
(32, 6)
(288, 6)
(184, 6)
(278, 6)
(297, 6)
(97, 6)
(169, 6)
(248, 6)
(137, 6)
(215, 6)
(185, 6)
(424, 6)
[0.07206822 0.11150615 0.11939017 0.08051896 0.11425877 0.11862288
 0.09027786 0.08929774 0.07000183 0.11937695 0.07782481 0.14598713
 0.12003915 0.12049513 0.07804054 0.08129467 0.1305712  0.10576702
 0.06633213 0.09654431 0.10839089 0.09829234 0.10154392 0.11158185
 0.09192159 0.07815553 0.08274919 0.09546057 0.09223355 0.13145495]
本轮采样概率阵: [0.03333333 0.03333333 0.03333333 0.03333333 0.03333333 0.03333333
 0.03333333 0.03333333 0.03333333 0.03333333 0.03333333 0.03333333
 0.03333333 0.03333333 0.03333333 0.03333333 0.03333333 0.03333333
 0.03333333 0.03333333 0.03333333 0.03333333 0.03333333 0.03333333
 0.03333333 0.03333333 0.03333333 0.03333333 0.03333333 0.03333333]
客户端选择掩码: [0.0, 1.0, 1.0, 1.0, 1.0, 1.0, 1.0, 0.0, 1.0, 1.0, 1.0, 1.0, 1.0, 0.0, 0.0, 1.0, 1.0, 1.0, 1.0, 1.0, 1.0, 0.0, 1.0, 0.0, 1.0, 1.0, 0.0, 1.0, 0.0, 0.0]
稀疏向量: [0.         0.08083029 0.03443221 0.0124542  0.03956044 0.04884006
 0.08034189 0.         0.03687425 0.03858365 0.04175824 0.03321123
 0.01221    0.         0.         0.030525   0.09059828 0.0698412
 0.0078144  0.07032967 0.04493284 0.         0.07252749 0.
 0.04126985 0.06056168 0.         0.05250302 0.         0.        ]
更新后概率: [0.03333333 0.03333333 0.03333333 0.03333333 0.03333333 0.03333333
 0.03333333 0.03333333 0.03333333 0.03333333 0.03333333 0.03333333
 0.03333333 0.03333333 0.03333333 0.03333333 0.03333333 0.03333333
 0.03333333 0.03333333 0.03333333 0.03333333 0.03333333 0.03333333
 0.03333333 0.03333333 0.03333333 0.03333333 0.03333333 0.03333333]
Classification: 1.0 0.9229725144214456 6
(225, 6)
(331, 6)
(141, 6)
(51, 6)
(162, 6)
(200, 6)
(329, 6)
(131, 6)
(151, 6)
(158, 6)
(171, 6)
(136, 6)
(50, 6)
(171, 6)
(138, 6)
(125, 6)
(371, 6)
(286, 6)
(32, 6)
(288, 6)
(184, 6)
(278, 6)
(297, 6)
(97, 6)
(169, 6)
(248, 6)
(137, 6)
(215, 6)
(185, 6)
(424, 6)
[0.07611353 0.12060199 0.11113018 0.07321951 0.11908132 0.12319925
 0.09005269 0.09466219 0.06887927 0.12217756 0.09963601 0.14171438
 0.11806987 0.12950828 0.06986541 0.09250303 0.13007171 0.09546498
 0.06541626 0.09859405 0.11604216 0.08467992 0.09392772 0.11770071
 0.09257025 0.07574477 0.07418812 0.08344441 0.08788325 0.13385724]
本轮采样概率阵: [0.03333333 0.03333333 0.03333333 0.03333333 0.03333333 0.03333333
 0.03333333 0.03333333 0.03333333 0.03333333 0.03333333 0.03333333
 0.03333333 0.03333333 0.03333333 0.03333333 0.03333333 0.03333333
 0.03333333 0.03333333 0.03333333 0.03333333 0.03333333 0.03333333
 0.03333333 0.03333333 0.03333333 0.03333333 0.03333333 0.03333333]
客户端选择掩码: [0.0, 0.0, 0.0, 1.0, 0.0, 1.0, 0.0, 1.0, 0.0, 1.0, 1.0, 1.0, 0.0, 1.0, 1.0, 1.0, 1.0, 1.0, 0.0, 1.0, 1.0, 0.0, 1.0, 1.0, 1.0, 1.0, 1.0, 1.0, 1.0, 1.0]
稀疏向量: [0.         0.         0.         0.0121951  0.         0.04782401
 0.         0.0313247  0.         0.03778096 0.04088951 0.03252032
 0.         0.04088953 0.03299854 0.02988998 0.0887135  0.06838836
 0.         0.06886658 0.04399805 0.         0.07101864 0.02319459
 0.04041129 0.05930174 0.03275939 0.05141075 0.04423722 0.10138695]
更新后概率: [0.03333333 0.03333333 0.03333333 0.03333333 0.03333333 0.03333333
 0.03333333 0.03333333 0.03333333 0.03333333 0.03333333 0.03333333
 0.03333333 0.03333333 0.03333333 0.03333333 0.03333333 0.03333333
 0.03333333 0.03333333 0.03333333 0.03333333 0.03333333 0.03333333
 0.03333333 0.03333333 0.03333333 0.03333333 0.03333333 0.03333333]
Classification: 0.9988097262370346 0.9168646080760094 7
(225, 6)
(331, 6)
(141, 6)
(51, 6)
(162, 6)
(200, 6)
(329, 6)
(131, 6)
(151, 6)
(158, 6)
(171, 6)
(136, 6)
(50, 6)
(171, 6)
(138, 6)
(125, 6)
(371, 6)
(286, 6)
(32, 6)
(288, 6)
(184, 6)
(278, 6)
(297, 6)
(97, 6)
(169, 6)
(248, 6)
(137, 6)
(215, 6)
(185, 6)
(424, 6)
[0.08788528 0.10318575 0.11356945 0.07845588 0.10457559 0.12536718
 0.08934785 0.10782025 0.08142347 0.11024412 0.08822553 0.14889363
 0.09767552 0.11966923 0.07439031 0.09432767 0.11567214 0.08444438
 0.07411101 0.09804165 0.12442719 0.08414745 0.08946161 0.10859159
 0.09278991 0.07829712 0.10678943 0.09619592 0.08951216 0.13246171]
本轮采样概率阵: [0.03333333 0.03333333 0.03333333 0.03333333 0.03333333 0.03333333
 0.03333333 0.03333333 0.03333333 0.03333333 0.03333333 0.03333333
 0.03333333 0.03333333 0.03333333 0.03333333 0.03333333 0.03333333
 0.03333333 0.03333333 0.03333333 0.03333333 0.03333333 0.03333333
 0.03333333 0.03333333 0.03333333 0.03333333 0.03333333 0.03333333]
客户端选择掩码: [1.0, 1.0, 1.0, 1.0, 1.0, 0.0, 1.0, 0.0, 1.0, 1.0, 1.0, 1.0, 1.0, 0.0, 1.0, 1.0, 1.0, 0.0, 1.0, 0.0, 1.0, 0.0, 1.0, 1.0, 0.0, 0.0, 0.0, 1.0, 1.0, 1.0]
稀疏向量: [0.05663225 0.08331234 0.03548955 0.01283665 0.04077524 0.
 0.0828089  0.         0.03800653 0.03976844 0.0430405  0.03423106
 0.01258493 0.         0.03473444 0.03146238 0.09338026 0.
 0.00805437 0.         0.04631257 0.         0.07475463 0.02441476
 0.         0.         0.         0.05411523 0.04656432 0.10672028]
更新后概率: [0.03333333 0.03333333 0.03333333 0.03333333 0.03333333 0.03333333
 0.03333333 0.03333333 0.03333333 0.03333333 0.03333333 0.03333333
 0.03333333 0.03333333 0.03333333 0.03333333 0.03333333 0.03333333
 0.03333333 0.03333333 0.03333333 0.03333333 0.03333333 0.03333333
 0.03333333 0.03333333 0.03333333 0.03333333 0.03333333 0.03333333]
Classification: 0.9977894915830641 0.9229725144214456 8
