\BOOKMARK [1][-]{section.1}{\376\377\137\025\212\000}{}% 1
\BOOKMARK [1][-]{section.2}{\376\377\166\370\121\163\135\345\117\134}{}% 2
\BOOKMARK [2][-]{subsection.2.1}{\376\377\145\366\225\364\136\217\122\027\145\340\166\321\167\143\210\150\171\072\133\146\116\140}{section.2}% 3
\BOOKMARK [2][-]{subsection.2.2}{\376\377\200\124\220\246\145\366\225\364\136\217\122\027\133\146\116\140\116\016\167\345\213\306\204\270\231\217}{section.2}% 4
\BOOKMARK [2][-]{subsection.2.3}{\376\377\200\124\220\246\133\242\142\067\172\357\220\011\142\351\116\016\123\302\116\016\200\005\221\307\150\067}{section.2}% 5
\BOOKMARK [1][-]{section.3}{\376\377\225\356\230\230\133\232\116\111\116\016\140\073\117\123\150\106\147\266}{}% 6
\BOOKMARK [2][-]{subsection.3.1}{\376\377\200\124\220\246\145\366\136\217\127\072\146\157\133\232\116\111}{section.3}% 7
\BOOKMARK [2][-]{subsection.3.2}{\376\377\166\356\150\007\133\232\116\111}{section.3}% 8
\BOOKMARK [2][-]{subsection.3.3}{\376\377\140\073\117\123\150\106\147\266}{section.3}% 9
\BOOKMARK [1][-]{section.4}{\376\377\145\271\154\325}{}% 10
\BOOKMARK [2][-]{subsection.4.1}{\376\377\131\032\134\072\136\246\000\040\000S\000h\000a\000p\000e\000l\000e\000t\000\040\177\026\170\001\126\150}{section.4}% 11
\BOOKMARK [2][-]{subsection.4.2}{\376\377\147\054\127\060\133\236\117\213\176\247\133\371\153\324\133\146\116\140}{section.4}% 12
\BOOKMARK [2][-]{subsection.4.3}{\376\377\134\100\220\350\040\023\121\150\134\100\200\124\124\010\133\371\153\324\116\016\167\345\213\306\204\270\231\217}{section.4}% 13
\BOOKMARK [2][-]{subsection.4.4}{\376\377\131\032\134\072\136\246\176\323\147\204\176\246\147\137\116\016\134\072\136\246\176\247\204\270\231\217}{section.4}% 14
\BOOKMARK [2][-]{subsection.4.5}{\376\377\124\150\147\037\141\037\167\345\122\240\147\103\147\072\122\066}{section.4}% 15
\BOOKMARK [2][-]{subsection.4.6}{\376\377\000O\000M\000P\000\040\133\242\142\067\172\357\220\011\142\351}{section.4}% 16
\BOOKMARK [2][-]{subsection.4.7}{\376\377\200\124\220\246\200\132\124\010}{section.4}% 17
\BOOKMARK [2][-]{subsection.4.8}{\376\377\140\073\117\123\117\030\123\026\166\356\150\007}{section.4}% 18
\BOOKMARK [1][-]{section.5}{\376\377\164\006\213\272\122\006\147\220}{}% 19
\BOOKMARK [2][-]{subsection.5.1}{\376\377\227\136\000\040\000I\000I\000D\000\040\116\013\176\257\123\302\145\160\136\163\127\107\166\204\134\100\226\120}{section.5}% 20
\BOOKMARK [2][-]{subsection.5.2}{\376\377\134\100\220\350\040\023\121\150\134\100\204\270\231\217\133\371\133\242\142\067\172\357\157\002\171\373\166\204\142\221\122\066}{section.5}% 21
\BOOKMARK [2][-]{subsection.5.3}{\376\377\131\032\134\072\136\246\204\270\231\217\116\016\176\323\147\204\176\246\147\137\166\204\117\134\165\050}{section.5}% 22
\BOOKMARK [2][-]{subsection.5.4}{\376\377\124\150\147\037\141\037\167\345\122\240\147\103\166\204\164\006\213\272\122\250\147\072}{section.5}% 23
\BOOKMARK [2][-]{subsection.5.5}{\376\377\000O\000M\000P\000\040\133\242\142\067\172\357\220\011\142\351\166\204\124\010\164\006\140\047}{section.5}% 24
\BOOKMARK [1][-]{section.6}{\376\377\133\236\232\214\213\276\213\241}{}% 25
\BOOKMARK [2][-]{subsection.6.1}{\376\377\145\160\143\156\226\306\116\016\200\124\220\246\122\022\122\006}{section.6}% 26
\BOOKMARK [2][-]{subsection.6.2}{\376\377\133\371\153\324\145\271\154\325}{section.6}% 27
\BOOKMARK [2][-]{subsection.6.3}{\376\377\213\255\176\303\213\276\177\156}{section.6}% 28
\BOOKMARK [2][-]{subsection.6.4}{\376\377\213\304\117\060\123\117\213\256}{section.6}% 29
\BOOKMARK [1][-]{section.7}{\376\377\176\323\147\234\122\006\147\220\116\016\213\250\213\272}{}% 30
\BOOKMARK [2][-]{subsection.7.1}{\376\377\140\073\117\123\140\047\200\375\133\371\153\324}{section.7}% 31
\BOOKMARK [2][-]{subsection.7.2}{\376\377\155\210\207\215\133\236\232\214}{section.7}% 32
\BOOKMARK [2][-]{subsection.7.3}{\376\377\227\136\000\040\000I\000I\000D\000\040\137\072\136\246\116\016\145\066\145\133\215\213\122\277\122\006\147\220}{section.7}% 33
\BOOKMARK [2][-]{subsection.7.4}{\376\377\123\357\211\343\221\312\140\047\122\006\147\220}{section.7}% 34
\BOOKMARK [2][-]{subsection.7.5}{\376\377\134\100\226\120\140\047\213\250\213\272}{section.7}% 35
\BOOKMARK [1][-]{section.8}{\376\377\176\323\213\272}{}% 36
