# 2026-05-03 20:58:58  har_fedcsl_dir0.1  GPU=4  cwd=/data/user_lixiongfei/CSL-main
# CMD: python3 -u FedCSL_All.py -dataset HAR --config configACF.yml --dirichlet-alpha 0.1 --seed 42 --description har_fedcsl_dir0.1 -dataset LSST

/mnt/data/user_liangzhiyu/envs/fedcsl/lib/python3.8/site-packages/scipy/__init__.py:146: UserWarning: A NumPy version >=1.16.5 and <1.23.0 is required for this version of SciPy (detected version 1.23.5
  warnings.warn(f"A NumPy version >={np_minversion} and <{np_maxversion}"
[config] 'configACF.yml' 未找到，重定向到 'config/configACF.yml'
2459
<class 'pandas.core.frame.DataFrame'>
RangeIndex: 2459 entries, 0 to 2458
Data columns (total 7 columns):
 #   Column      Non-Null Count  Dtype 
---  ------      --------------  ----- 
 0   dim_0       2459 non-null   object
 1   dim_1       2459 non-null   object
 2   dim_2       2459 non-null   object
 3   dim_3       2459 non-null   object
 4   dim_4       2459 non-null   object
 5   dim_5       2459 non-null   object
 6   class_vals  2459 non-null   object
dtypes: object(7)
memory usage: 134.6+ KB
None
{36}
<class 'pandas.core.frame.DataFrame'>
RangeIndex: 2459 entries, 0 to 2458
Data columns (total 7 columns):
 #   Column      Non-Null Count  Dtype 
---  ------      --------------  ----- 
 0   dim_0       2459 non-null   object
 1   dim_1       2459 non-null   object
 2   dim_2       2459 non-null   object
 3   dim_3       2459 non-null   object
 4   dim_4       2459 non-null   object
 5   dim_5       2459 non-null   object
 6   class_vals  2459 non-null   object
dtypes: object(7)
memory usage: 134.6+ KB
None
[ 0  0  0 ... 13 13 13]
[  34   35   36   37   38   39   40   41   42   43   44   45   46   47
   48   49   50   51   52   53   54   55   56   57   58   59   60   61
   62   63   64   65   66   67   68   69   70   71   72   73   74   75
   76   77   78   79   80   81   82   83   84   85   86   87   88   89
   90   91   92   93   94   95   96   97   98   99  100  101  102  103
  104  105  106  107  108  109  110  111  112  113  114  115  116  117
  118  119  120  121  122  123  124  125  126  127  128  129  130  131
  132  133  134  135  136  137  138  139  140  141  142  143  144  145
  146  147  148  149  150  151  152  153  154  155  808  809  810  811
  812  813  814  815  816  817  818  819  820  821  822  823  824  825
  826  827  828  829  830  831  832  833  834  835  836  837  838  839
  840  841  842  843  844  845  846  847  848  849  850  851  852  853
  854  855  856  857  858  859  860  861  862  863  864  865  866  867
  877  878  879  880  881  882  883  884  885  886  887  888  889  890
  891  892  893  894  895  896  897  898  899  900  901  902  903  904
  905  906  907  908  909  910  911  912  913  914  915  916  917  918
  919  920  921  922  923  924  925  926  927 1030 1031 1032 1033 1034
 1035 1036 1037 1038 1039 1040 1041 1042 1043 1044 1045 1046 1047 1048
 1049 1050 1051 1053 1054 1055 1056 1057 1058 1059 1060 1061 1062 1063
 1064 1065 1066 1067 1068 1069 1070 1071 1072 1073 1074 1075 1076 1077
 1078 1079 1080 1081 1082 1083 1084 1085 1086 1087 1088 1089 1090 1091
 1092 1093 1094 1095 1096 1097 1098 1099 1100 1101 1102 1103 1104 1105
 1106 1107 1108 1109 1110 1111 1112 1113 1114 1115 1116 1117 1118 1119
 1120 1121 1122 1123 1124 1125 1126 1127 1128 1129 1130 1131 1132 1133
 1134 1135 1136 1137 1138 1139 1140 1141 1142 1143 1144 1145 1146 1147
 1148 1149 1150 1151 1152 1153 1154 1155 1156 1157 1158 1159 1160 1161
 1162 1163 1164 1165 1166 1167 1168 1169 1170 1171 1172 1173 1174 1175
 1176 1177 1178 1179 1180 1181 1182 1183 1184 1185 1186 1187 1188 1189
 1190 1191 1192 1193 1194 1195 1196 1197 1198 1199 1200 1201 1202 1203
 1204 1205 1206 1207 1208 1209 1210 1211 1212 1366 1367 1368 1369 1370
 1371 1372 1373 1374 1375 1376 1377 1378 1379 1380 1381 1382 1383 1384
 1385 1386 1387 1388 1389 1390 1391 1392 1393 1394 1395 1396 1397 1398
 1399 1400 1401 1402 1403 1404 1405 1406 1407 1408 1409 1410 1411 1412
 1413 1414 1434 1435 1436 1437 1438 1439 1440 1441 1442 1443 1444 1445
 1446 1447 1448 1449 1450 1451 1452 1453 1454 1455 1456 1457 1458 1459
 1460 1461 1462 1463 1464 1465 1466 1467 1468 1469 1470 1471 1472 1473
 1474 1475 1476 1477 1478 1479 1480 1481 1482 1483 1484 1485 1486 1487
 1488 1489 1490 1491 1492 1493 1494 1495 1496 1497 1498 1499 1500 1501
 1502 1503 1504 1505 1506 1507 1508 1509 1510 1511 1512 1513 1514 1515
 1516 1517 1518 1519 1520 1521 1522 1523 1524 1525 1526 1527 1528 1529
 1530 1531 1532 1533 1534 1535 1536 1537 2331 2332 2408 2409 2410 2411
 2412 2413 2414 2415 2416 2417 2418 2419 2420 2421 2422 2423 2424 2425
 2426 2427 2428 2429 2430 2431 2432 2433 2434 2435 2436 2437 2438 2439
 2440 2441 2442 2443 2444 2445 2446 2447 2448 2449 2450 2451 2452 2453
 2454 2455 2456 2457]
[1, 1, 1, 1, 1, 1, 1, 1, 1, 1, 1, 1, 1, 1, 1, 1, 1, 1, 1, 1, 1, 1, 1, 1, 1, 1, 1, 1, 1, 1, 1, 1, 1, 1, 1, 1, 1, 1, 1, 1, 1, 1, 1, 1, 1, 1, 1, 1, 1, 1, 1, 1, 1, 1, 1, 1, 1, 1, 1, 1, 1, 1, 1, 1, 1, 1, 1, 1, 1, 1, 1, 1, 1, 1, 1, 1, 1, 1, 1, 1, 1, 1, 1, 1, 1, 1, 1, 1, 1, 1, 1, 1, 1, 1, 1, 1, 1, 1, 1, 1, 1, 1, 1, 1, 1, 1, 1, 1, 1, 1, 1, 1, 1, 1, 1, 1, 1, 1, 1, 1, 1, 1, 4, 4, 4, 4, 4, 4, 4, 4, 4, 4, 4, 4, 4, 4, 4, 4, 4, 4, 4, 4, 4, 4, 4, 4, 4, 4, 4, 4, 4, 4, 4, 4, 4, 4, 4, 4, 4, 4, 4, 4, 4, 4, 4, 4, 4, 4, 4, 4, 4, 4, 4, 4, 4, 4, 4, 4, 4, 4, 4, 4, 6, 6, 6, 6, 6, 6, 6, 6, 6, 6, 6, 6, 6, 6, 6, 6, 6, 6, 6, 6, 6, 6, 6, 6, 6, 6, 6, 6, 6, 6, 6, 6, 6, 6, 6, 6, 6, 6, 6, 6, 6, 6, 6, 6, 6, 6, 6, 6, 6, 6, 6, 7, 7, 7, 7, 7, 7, 7, 7, 7, 7, 7, 7, 7, 7, 7, 7, 7, 7, 7, 7, 7, 7, 8, 8, 8, 8, 8, 8, 8, 8, 8, 8, 8, 8, 8, 8, 8, 8, 8, 8, 8, 8, 8, 8, 8, 8, 8, 8, 8, 8, 8, 8, 8, 8, 8, 8, 8, 8, 8, 8, 8, 8, 8, 8, 8, 8, 8, 8, 8, 8, 8, 8, 8, 8, 8, 8, 8, 8, 8, 8, 8, 8, 8, 8, 8, 8, 8, 8, 8, 8, 8, 8, 8, 8, 8, 8, 8, 8, 8, 8, 8, 8, 8, 8, 8, 8, 8, 8, 8, 8, 8, 8, 8, 8, 8, 8, 8, 8, 8, 8, 8, 8, 8, 8, 8, 8, 8, 8, 8, 8, 8, 8, 8, 8, 8, 8, 8, 8, 8, 8, 8, 8, 8, 8, 8, 8, 8, 8, 8, 8, 8, 8, 8, 8, 8, 8, 8, 8, 8, 8, 8, 8, 8, 8, 8, 8, 8, 8, 8, 8, 8, 8, 8, 8, 8, 8, 8, 8, 8, 8, 8, 8, 9, 9, 9, 9, 9, 9, 9, 9, 9, 9, 9, 9, 9, 9, 9, 9, 9, 9, 9, 9, 9, 9, 9, 9, 9, 9, 9, 9, 9, 9, 9, 9, 9, 9, 9, 9, 9, 9, 9, 9, 9, 9, 9, 9, 9, 9, 9, 9, 9, 10, 10, 10, 10, 10, 10, 10, 10, 10, 10, 10, 10, 10, 10, 10, 10, 10, 10, 10, 10, 10, 10, 10, 10, 10, 10, 10, 10, 10, 10, 10, 10, 10, 10, 10, 10, 10, 10, 10, 10, 10, 10, 10, 10, 10, 10, 10, 10, 10, 10, 10, 10, 10, 10, 10, 10, 10, 10, 10, 10, 10, 10, 10, 10, 10, 10, 10, 10, 10, 10, 10, 10, 10, 10, 10, 10, 10, 10, 10, 10, 10, 10, 10, 10, 10, 10, 10, 10, 10, 10, 10, 10, 10, 10, 10, 10, 10, 10, 10, 10, 10, 10, 10, 10, 12, 12, 13, 13, 13, 13, 13, 13, 13, 13, 13, 13, 13, 13, 13, 13, 13, 13, 13, 13, 13, 13, 13, 13, 13, 13, 13, 13, 13, 13, 13, 13, 13, 13, 13, 13, 13, 13, 13, 13, 13, 13, 13, 13, 13, 13, 13, 13, 13, 13, 13, 13]
[2, 2, 2, 2, 2, 2, 2, 2, 2, 2, 2, 2, 2, 2, 2, 2, 2, 2, 2, 2, 2, 2, 2, 2, 2, 2, 2, 2, 2, 2, 2, 2, 2, 2, 2, 2, 2, 2, 2, 2, 2, 2, 2, 2, 2, 2, 2, 2, 2, 2, 2, 2, 2, 2, 2, 2, 2, 2, 2, 2, 2, 2, 2, 2, 2, 2, 2, 2, 2, 2, 2, 2, 2, 2, 2, 2, 2, 2, 2, 2, 2, 2, 2, 2, 2, 2, 2, 2, 2, 2, 2, 2, 2, 2, 2, 2, 2, 2, 2, 2, 2, 2, 2, 2, 2, 2, 2, 2, 2, 2, 2, 2, 2, 2, 2, 2, 2, 2, 2, 2, 2, 2, 2, 2, 2, 2, 2, 2, 2, 2, 2, 2, 2, 2, 2, 2, 2, 2, 2, 2, 2, 2, 2, 2, 2, 2, 2, 2, 2, 2, 2, 2, 2, 2, 2, 2, 2, 2, 2, 2, 2, 2, 2, 2, 2, 2, 2, 2, 2, 2, 2, 2, 2, 2, 2, 2, 2, 2, 2, 2, 2, 2, 2, 2, 2, 2, 2, 2, 2, 2, 2, 2, 2, 2, 2, 2, 2, 2, 2, 2, 2, 2, 2, 2, 2, 2, 2, 2, 2, 2, 2, 2, 2, 2, 2, 2, 2, 2, 2, 2, 2, 2, 2, 2, 2, 2, 2, 2, 2, 2, 2, 2, 2, 2, 2, 2, 2, 2, 2, 2, 2, 2, 2, 2, 2, 2, 2, 2, 2, 2, 2, 2, 2, 2, 2, 2, 2, 2, 2, 2, 2, 2, 2, 2, 2, 2, 2, 2, 2, 3, 3, 3, 3, 3, 3, 3, 3, 3, 3, 3, 3, 3, 3, 3, 3, 3, 3, 3, 3, 3, 3, 3, 3, 3, 3, 3, 3, 3, 3, 3, 3, 3, 3, 3, 3, 3, 3, 3, 3, 3, 3, 3, 3, 3, 3, 3, 3, 3, 3, 3, 3, 3, 3, 3, 3, 3, 3, 3, 3, 3, 3, 3, 3, 3, 3, 3, 3, 3, 3, 3, 3, 3, 3, 3, 3, 3, 3, 3, 3, 3, 3, 3, 3, 3, 3, 3, 3, 3, 3, 3, 3, 3, 3, 3, 3, 3, 3, 3, 3, 3, 3, 3, 3, 3, 3, 3, 3, 3, 3, 3, 3, 3, 3, 3, 3, 3, 3, 3, 3, 3, 3, 3, 3, 3, 3, 3, 3, 3, 3, 3, 3, 3, 3, 3, 3, 3, 3, 3, 3, 3, 3, 3, 3, 3, 3, 3, 3, 3, 3, 3, 3, 3, 3, 3, 3, 3, 3, 3, 3, 3, 3, 3, 3, 3, 3, 3, 3, 3, 3, 3, 3, 3, 3, 3, 3, 3, 3, 3, 3, 3, 3, 3, 3, 3, 3, 3, 3, 3, 3, 3, 3, 3, 3, 3, 3, 3, 3, 3, 3, 3, 3, 3, 3, 3, 3, 3, 3, 3, 3, 3, 3, 3, 3, 3, 3, 3, 3, 3, 3, 3, 3, 3, 3, 3, 3, 3, 3, 3, 3, 3, 3, 3, 3, 3, 3, 3, 3, 3, 3, 3, 3, 3, 3, 3, 3, 3, 3, 3, 3, 3, 3, 3, 3, 3, 3, 3, 3, 3, 3, 3, 3, 3, 3, 3, 3, 3, 3, 3, 3, 3, 3, 3, 3, 3, 3, 3, 3, 3, 3, 3, 3, 3, 3, 3, 3, 3, 3, 3, 3, 3, 3, 3, 3, 3, 3, 3, 3, 3, 3, 3, 3, 3, 3, 3, 3, 3, 3, 3, 3, 3, 3, 3, 3, 3, 3, 3, 3, 3, 3, 3, 3, 3, 3, 3, 3, 3, 3, 3, 3, 3, 3, 3, 3, 3, 3, 3, 3, 3, 3, 3, 3, 3, 3, 3, 3, 3, 3, 3, 3, 3, 3, 3, 3, 3, 3, 3, 3, 3, 3, 3, 3, 3, 3, 3, 3, 3, 3, 3, 3, 3, 3, 3, 3, 3, 3, 3, 3, 3, 3, 8, 8, 8, 8, 8, 8, 8, 8, 8, 8, 9, 9, 9, 9, 9, 9, 9, 9, 9, 9, 9, 9, 9, 9, 9, 9, 9, 9, 10, 10, 10, 10, 10, 10, 10, 10, 10, 10, 10, 10, 10, 10, 10, 11, 11, 11, 11, 11, 11, 11, 11, 11, 11, 11, 11, 11, 11, 11, 11, 11, 11, 11, 11, 11, 11, 11, 11, 11, 11, 11, 11, 11, 11, 11, 11, 11, 11, 11, 11, 11, 11, 11, 11, 11, 11, 11, 11, 11, 11, 11, 11, 11, 11, 11, 11, 11, 11, 11, 11, 11, 11, 11, 11, 11, 11, 11, 11, 12, 12, 12, 12, 12, 12, 12, 12, 12, 12, 12, 12, 12, 12, 12, 12, 12, 12, 12, 12, 12, 12, 12, 12, 12, 12, 12, 12, 12, 12, 12, 12, 12, 12, 12, 12, 12, 12, 12, 12, 12, 12, 12, 12, 12, 12, 12, 12, 12, 12, 12, 12, 12, 12, 12, 12, 12, 12, 12, 12, 12, 12, 12, 12, 12, 12, 12, 12, 12, 12, 12, 12, 12, 12, 13]
[0, 0, 0, 0, 0, 0, 0, 0, 0, 0, 0, 0, 0, 0, 0, 0, 0, 0, 0, 0, 0, 0, 0, 0, 0, 0, 0, 0, 0, 0, 0, 0, 0, 0, 1, 2, 3, 4, 4, 5, 5, 5, 5, 5, 5, 5, 6, 6, 6, 6, 6, 6, 6, 6, 6, 6, 6, 6, 6, 6, 6, 6, 6, 6, 6, 6, 6, 6, 6, 6, 6, 6, 6, 6, 6, 6, 6, 6, 6, 6, 6, 6, 6, 6, 6, 6, 6, 6, 6, 6, 6, 6, 6, 6, 6, 6, 6, 6, 6, 6, 6, 6, 6, 6, 6, 6, 6, 6, 6, 6, 6, 6, 6, 6, 6, 6, 6, 6, 6, 6, 6, 6, 6, 6, 6, 6, 6, 6, 6, 6, 6, 6, 6, 6, 6, 6, 6, 6, 6, 6, 6, 6, 6, 6, 6, 6, 6, 6, 7, 8, 8, 8, 8, 8, 8, 8, 8, 8, 8, 8, 8, 8, 8, 8, 8, 8, 8, 8, 8, 8, 8, 8, 8, 8, 8, 8, 8, 8, 8, 8, 8, 8, 8, 8, 8, 8, 8, 8, 8, 8, 8, 8, 8, 8, 8, 8, 8, 8, 8, 8, 8, 8, 8, 8, 8, 8, 8, 8, 8, 8, 8, 8, 8, 8, 8, 8, 8, 8, 8, 8, 8, 8, 8, 8, 8, 8, 8, 8, 8, 8, 8, 8, 8, 8, 8, 8, 8, 8, 8, 8, 8, 8, 8, 8, 8, 8, 8, 8, 8, 8, 8, 8, 8, 8, 8, 8, 8, 8, 8, 8, 8, 8, 8, 8, 8, 8, 8, 8, 8, 8, 8, 8, 8, 8, 8, 8, 8, 8, 8, 8, 8, 8, 8, 8, 8, 8, 8, 8, 8, 8, 8, 8, 9, 10, 11, 11, 11, 11, 11, 11, 11, 11, 11, 11, 11, 11, 11, 11, 11, 11, 11, 11, 11, 11, 11, 11, 11, 11, 11, 11, 11, 11, 11, 11, 11, 11, 11, 11, 11, 11, 11, 11, 11, 11, 11, 11, 11, 11, 11, 11, 11, 11, 11, 11, 11, 11, 11, 11, 11, 11, 11, 11, 11, 11, 11, 11, 11, 11, 11, 11, 11, 11, 11, 11, 11, 11, 11, 11, 11, 11, 11, 11, 11, 11, 11, 11, 11, 11, 11, 11, 11, 11, 11, 11, 11, 11, 11, 11, 11, 11, 11, 11, 11, 11, 11, 11, 11, 11, 11, 11, 11, 11, 11, 11, 11, 11, 11, 11, 11, 11, 11, 11, 11, 11, 11, 11, 11, 11, 11, 11, 11, 11, 11, 11, 11, 11, 11, 11, 11, 11, 11, 11, 11, 11, 11, 11, 11, 11, 11, 11, 11, 11, 11, 11, 11, 11, 11, 11, 11, 11, 11, 11, 11, 11, 11, 11, 11, 11, 11, 11, 11, 11, 11, 11, 11, 11, 11, 11, 11, 11, 11, 11, 11, 11, 11, 11, 11, 11, 11, 11, 11, 11, 11, 11, 11, 11, 11, 11, 11, 11, 11, 11, 11, 11, 11, 11, 11, 11, 11, 11, 11, 11, 11, 11, 11, 11, 11, 11, 11, 11, 11, 11, 11, 11, 11, 11, 11, 11, 11, 11, 11, 11, 11, 11, 11, 11, 11, 11, 11, 11, 11, 11, 11, 11, 11, 11, 11, 11, 11, 11, 11, 11, 11, 11, 11, 11, 11, 11, 11, 11, 11, 11, 11, 11, 11, 11, 11, 11, 11, 11, 11, 11, 11, 11, 11, 11, 11, 11, 11, 11, 11, 11, 11, 11, 11, 11, 11, 11, 11, 11, 11, 11, 11, 11, 11, 11, 11, 11, 11, 11, 11, 11, 11, 11, 11, 11, 11, 11, 11, 11, 11, 11, 11, 11, 11, 11, 11, 11, 11, 11, 11, 11, 11, 11, 11, 11, 11, 11, 11, 11, 11, 11, 11, 11, 11, 11, 11, 11, 11, 11, 11, 11, 11, 11, 11, 11, 11, 11, 11, 11, 11, 11, 11, 11, 11, 11, 11, 11, 11, 11, 11, 11, 11, 11, 11, 11, 11, 11, 11, 11, 11, 11, 11, 11, 11, 11, 11, 11, 11, 11, 11, 11, 11, 11, 11, 11, 11, 11, 11, 11, 11, 11, 11, 11, 11, 11, 11, 11, 11, 11, 11, 11, 11, 11, 11, 11, 11, 11, 11, 11, 11, 11, 11, 11, 11, 11, 11, 11, 11, 11, 11, 11, 11, 11, 11, 11, 11, 11, 11, 11, 11, 11, 11, 11, 11, 11, 11, 11, 11, 11, 11, 11, 11, 11, 11, 11, 11, 11, 11, 11, 11, 11, 11, 11, 11, 11, 11, 11, 11, 11, 11, 11, 11, 11, 11, 11, 11, 11, 11, 11, 11, 11, 11, 11, 11, 11, 11, 11, 11, 11, 11, 11, 11, 11, 11, 11, 11, 11, 11, 11, 11, 11, 11, 11, 11, 11, 11, 11, 11, 11, 11, 11, 11, 11, 11, 11, 11, 11, 11, 11, 11, 11, 11, 11, 11, 11, 11, 11, 11, 11, 11, 11, 11, 11, 11, 11, 11, 11, 11, 11, 11, 11, 11, 11, 11, 11, 11, 11, 11, 11, 11, 11, 11, 11, 11, 11, 11, 11, 11, 11, 11, 11, 11, 11, 11, 11, 11, 11, 11, 11, 11, 11, 11, 11, 11, 11, 11, 11, 11, 11, 11, 11, 11, 11, 11, 11, 11, 11, 11, 11, 11, 11, 11, 11, 11, 11, 11, 11, 11, 11, 11, 11, 11, 11, 11, 11, 11, 11, 11, 11, 11, 11, 11, 11, 11, 11, 11, 11, 11, 11, 11, 11, 11, 11, 11, 11, 11, 11, 11, 11, 11, 11, 11, 11, 11, 11, 11, 11, 11, 11, 11, 11, 11, 11, 11, 11, 11, 11, 11, 11, 11, 11, 11, 11, 11, 11, 11, 11, 11, 11, 11, 11, 11, 11, 11, 11, 11, 11, 11, 11, 11, 11, 11, 11, 11, 11, 11, 11, 11, 11, 11, 11, 11, 11, 11, 11, 11, 11, 11, 11, 11, 11, 11, 11, 11, 11, 11, 11, 11, 11, 11, 11, 11, 11, 11, 11, 11, 11, 11, 11, 11, 11, 11, 11, 11, 11, 11, 11, 11, 11, 11, 11, 11, 11, 11, 11, 11, 12]
shapelet initialized!
All 3 clients initialized.
Server device: cuda:0
Client worker groups: [[0], [1], [2]]
Client worker devices: ['cuda:0', 'cuda:0', 'cuda:0']
客户端选择未启用，所有客户端参与聚合
[fedcsl] precomputed client scale scores once in 0.145s
/data/user_lixiongfei/CSL-main/train.py:801: UserWarning: Creating a tensor from a list of numpy.ndarrays is extremely slow. Please consider converting the list to a single numpy.ndarray with numpy.array() before converting to a tensor. (Triggered internally at ../torch/csrc/utils/tensor_new.cpp:278.)
  X = torch.tensor(X, dtype=torch.float)
Classification: train=1.0000 test=0.5848 round=0
[round 0] timing train=84.899s distribution=0.536s agg=0.031s eval=56.514s total=141.985s
Classification: train=1.0000 test=0.5904 round=1
[round 1] timing train=143.223s distribution=0.404s agg=0.029s eval=54.269s total=197.928s
Classification: train=1.0000 test=0.5888 round=2
[round 2] timing train=141.597s distribution=0.586s agg=0.033s eval=54.813s total=197.033s
Classification: train=1.0000 test=0.5941 round=3
[round 3] timing train=128.394s distribution=0.421s agg=0.020s eval=54.776s total=183.617s
Classification: train=1.0000 test=0.5949 round=4
[round 4] timing train=158.586s distribution=0.422s agg=0.048s eval=61.015s total=220.075s
Classification: train=1.0000 test=0.5929 round=5
[round 5] timing train=151.678s distribution=0.536s agg=0.044s eval=57.480s total=209.746s
Classification: train=1.0000 test=0.5957 round=6
[round 6] timing train=137.010s distribution=0.454s agg=0.038s eval=60.138s total=197.646s
Classification: train=1.0000 test=0.5933 round=7
[round 7] timing train=155.395s distribution=0.429s agg=0.056s eval=57.892s total=213.776s
Classification: train=1.0000 test=0.5953 round=8
[round 8] timing train=158.825s distribution=0.560s agg=0.093s eval=56.264s total=215.752s
Classification: train=1.0000 test=0.5937 round=9
[round 9] timing train=154.155s distribution=0.435s agg=0.061s eval=56.909s total=211.564s
Classification: train=1.0000 test=0.5953 round=10
[round 10] timing train=161.170s distribution=0.791s agg=0.049s eval=59.317s total=221.332s
Classification: train=1.0000 test=0.5933 round=11
[round 11] timing train=150.778s distribution=0.495s agg=0.037s eval=58.486s total=209.800s
Classification: train=1.0000 test=0.5892 round=12
[round 12] timing train=161.357s distribution=0.501s agg=0.044s eval=55.289s total=217.200s
Classification: train=1.0000 test=0.5945 round=13
[round 13] timing train=154.809s distribution=0.507s agg=0.053s eval=54.713s total=210.088s
Classification: train=1.0000 test=0.5921 round=14
[round 14] timing train=158.850s distribution=0.443s agg=0.031s eval=58.108s total=217.439s
Classification: train=1.0000 test=0.5929 round=15
[round 15] timing train=154.342s distribution=0.508s agg=0.080s eval=59.587s total=214.525s
Classification: train=1.0000 test=0.5916 round=16
[round 16] timing train=153.798s distribution=0.507s agg=0.051s eval=57.341s total=211.708s
Classification: train=1.0000 test=0.5921 round=17
[round 17] timing train=159.106s distribution=0.527s agg=0.019s eval=55.318s total=214.985s
Classification: train=1.0000 test=0.5908 round=18
[round 18] timing train=158.861s distribution=0.477s agg=0.088s eval=58.360s total=217.801s
Classification: train=1.0000 test=0.5896 round=19
[round 19] timing train=156.409s distribution=0.515s agg=0.031s eval=55.688s total=212.649s
Classification: train=1.0000 test=0.5900 round=20
[round 20] timing train=163.212s distribution=0.556s agg=0.052s eval=58.882s total=222.708s
Classification: train=1.0000 test=0.5900 round=21
[round 21] timing train=157.064s distribution=0.604s agg=0.052s eval=59.176s total=216.908s
Classification: train=1.0000 test=0.5925 round=22
[round 22] timing train=158.530s distribution=0.474s agg=0.044s eval=54.610s total=213.663s
Classification: train=1.0000 test=0.5900 round=23
[round 23] timing train=148.001s distribution=0.478s agg=0.115s eval=56.841s total=205.440s
Classification: train=1.0000 test=0.5900 round=24
[round 24] timing train=154.964s distribution=0.437s agg=0.052s eval=55.624s total=211.085s
Classification: train=1.0000 test=0.5921 round=25
[round 25] timing train=157.996s distribution=0.430s agg=0.053s eval=56.247s total=214.731s
Classification: train=1.0000 test=0.5929 round=26
[round 26] timing train=146.093s distribution=0.569s agg=0.226s eval=57.854s total=204.747s
Classification: train=1.0000 test=0.5908 round=27
[round 27] timing train=150.757s distribution=0.576s agg=0.042s eval=57.053s total=208.434s
Classification: train=1.0000 test=0.5908 round=28
[round 28] timing train=153.075s distribution=0.525s agg=0.075s eval=58.844s total=212.525s
Classification: train=1.0000 test=0.5900 round=29
[round 29] timing train=150.948s distribution=0.549s agg=0.044s eval=56.630s total=208.177s
[fedcsl] checkpoint saved → ./checkpoint/resume/fedcsl_LSST_2026-05-03-20har_fedcsl_dir0.1.pt (round=30)
Classification: train=1.0000 test=0.5904 round=30
[round 30] timing train=158.413s distribution=0.500s agg=0.058s eval=69.184s total=228.163s
Classification: train=1.0000 test=0.5925 round=31
[round 31] timing train=192.299s distribution=0.848s agg=0.123s eval=74.510s total=267.790s
Classification: train=1.0000 test=0.5916 round=32
[round 32] timing train=176.585s distribution=0.651s agg=0.120s eval=71.646s total=249.016s
Classification: train=1.0000 test=0.5912 round=33
[round 33] timing train=185.951s distribution=0.916s agg=0.061s eval=70.631s total=257.572s
Classification: train=1.0000 test=0.5929 round=34
[round 34] timing train=185.698s distribution=0.700s agg=0.158s eval=68.296s total=254.883s
Classification: train=1.0000 test=0.5921 round=35
[round 35] timing train=186.431s distribution=0.722s agg=0.248s eval=74.984s total=262.397s
Classification: train=1.0000 test=0.5929 round=36
[round 36] timing train=207.840s distribution=0.705s agg=0.060s eval=88.120s total=296.741s
Classification: train=1.0000 test=0.5929 round=37
[round 37] timing train=226.150s distribution=0.732s agg=0.233s eval=89.824s total=316.960s
Classification: train=1.0000 test=0.5908 round=38
[round 38] timing train=216.548s distribution=0.874s agg=0.070s eval=90.928s total=308.429s
Classification: train=1.0000 test=0.5908 round=39
[round 39] timing train=223.988s distribution=0.624s agg=0.048s eval=90.637s total=315.312s
Classification: train=1.0000 test=0.5937 round=40
[round 40] timing train=218.090s distribution=0.749s agg=0.132s eval=88.564s total=307.569s
Classification: train=1.0000 test=0.5916 round=41
[round 41] timing train=220.393s distribution=0.880s agg=0.195s eval=87.907s total=309.413s
Classification: train=1.0000 test=0.5941 round=42
[round 42] timing train=229.157s distribution=0.926s agg=0.194s eval=88.881s total=319.171s
Classification: train=1.0000 test=0.5937 round=43
[round 43] timing train=231.654s distribution=1.022s agg=0.122s eval=90.573s total=323.415s
Classification: train=1.0000 test=0.5969 round=44
[round 44] timing train=228.427s distribution=1.027s agg=0.188s eval=91.503s total=321.187s
Classification: train=1.0000 test=0.5985 round=45
[round 45] timing train=231.101s distribution=0.783s agg=0.101s eval=89.042s total=321.030s
Classification: train=1.0000 test=0.5994 round=46
[round 46] timing train=227.624s distribution=0.772s agg=0.123s eval=88.239s total=316.779s
Classification: train=1.0000 test=0.5973 round=47
[round 47] timing train=222.608s distribution=0.796s agg=0.117s eval=84.832s total=308.360s
Classification: train=1.0000 test=0.5961 round=48
[round 48] timing train=224.987s distribution=0.936s agg=0.212s eval=87.311s total=313.462s
Classification: train=1.0000 test=0.5973 round=49
[round 49] timing train=230.377s distribution=0.808s agg=0.149s eval=86.561s total=317.918s
Classification: train=1.0000 test=0.5973 round=50
[round 50] timing train=236.162s distribution=0.765s agg=0.167s eval=92.115s total=329.223s
Classification: train=1.0000 test=0.5981 round=51
[round 51] timing train=233.530s distribution=0.708s agg=0.113s eval=85.935s total=320.301s
Classification: train=1.0000 test=0.5953 round=52
[round 52] timing train=235.613s distribution=0.917s agg=0.192s eval=83.479s total=320.217s
Classification: train=1.0000 test=0.5969 round=53
[round 53] timing train=227.462s distribution=0.860s agg=0.183s eval=81.774s total=310.293s
Classification: train=1.0000 test=0.5994 round=54
[round 54] timing train=225.998s distribution=0.735s agg=0.163s eval=89.720s total=316.621s
Classification: train=1.0000 test=0.5957 round=55
[round 55] timing train=231.722s distribution=1.068s agg=0.251s eval=93.428s total=326.501s
Classification: train=1.0000 test=0.5965 round=56
[round 56] timing train=232.646s distribution=0.894s agg=0.087s eval=90.960s total=324.596s
Classification: train=1.0000 test=0.5985 round=57
[round 57] timing train=215.944s distribution=0.461s agg=0.041s eval=77.286s total=293.741s
Classification: train=1.0000 test=0.5973 round=58
[round 58] timing train=231.439s distribution=0.849s agg=0.168s eval=88.829s total=321.309s
Classification: train=1.0000 test=0.5977 round=59
[round 59] timing train=231.183s distribution=0.663s agg=0.203s eval=88.506s total=320.562s
[fedcsl] checkpoint saved → ./checkpoint/resume/fedcsl_LSST_2026-05-03-20har_fedcsl_dir0.1.pt (round=60)
Classification: train=1.0000 test=0.5977 round=60
[round 60] timing train=225.673s distribution=0.864s agg=0.070s eval=87.630s total=314.258s
Classification: train=1.0000 test=0.5981 round=61
[round 61] timing train=222.688s distribution=0.576s agg=0.081s eval=92.886s total=316.267s
Classification: train=1.0000 test=0.5969 round=62
[round 62] timing train=227.556s distribution=0.742s agg=0.124s eval=87.744s total=316.204s
Classification: train=1.0000 test=0.5985 round=63
[round 63] timing train=220.755s distribution=0.733s agg=0.120s eval=91.572s total=313.202s
Classification: train=1.0000 test=0.6010 round=64
[round 64] timing train=224.701s distribution=0.818s agg=0.250s eval=89.977s total=315.773s
Classification: train=1.0000 test=0.6002 round=65
[round 65] timing train=225.154s distribution=0.845s agg=0.174s eval=88.635s total=314.812s
Classification: train=1.0000 test=0.6010 round=66
[round 66] timing train=227.827s distribution=0.663s agg=0.075s eval=88.665s total=317.238s
Classification: train=1.0000 test=0.5985 round=67
[round 67] timing train=232.274s distribution=0.894s agg=0.099s eval=83.637s total=316.912s
Classification: train=1.0000 test=0.5989 round=68
[round 68] timing train=226.192s distribution=0.939s agg=0.086s eval=86.214s total=313.467s
Classification: train=1.0000 test=0.6010 round=69
[round 69] timing train=227.618s distribution=0.735s agg=0.137s eval=83.513s total=312.009s
Classification: train=1.0000 test=0.6022 round=70
[round 70] timing train=231.464s distribution=0.766s agg=0.133s eval=87.193s total=319.594s
Classification: train=1.0000 test=0.6014 round=71
[round 71] timing train=226.948s distribution=0.859s agg=0.172s eval=83.568s total=311.552s
Classification: train=1.0000 test=0.6014 round=72
[round 72] timing train=236.232s distribution=1.034s agg=0.166s eval=92.271s total=329.734s
Classification: train=1.0000 test=0.6022 round=73
[round 73] timing train=235.187s distribution=0.947s agg=0.163s eval=92.716s total=329.051s
Classification: train=1.0000 test=0.5989 round=74
[round 74] timing train=232.273s distribution=0.955s agg=0.124s eval=91.120s total=324.498s
Classification: train=1.0000 test=0.5989 round=75
[round 75] timing train=217.519s distribution=0.548s agg=0.076s eval=78.277s total=296.425s
Classification: train=1.0000 test=0.6022 round=76
[round 76] timing train=240.453s distribution=0.893s agg=0.111s eval=89.484s total=330.979s
Classification: train=1.0000 test=0.6022 round=77
[round 77] timing train=232.861s distribution=0.697s agg=0.118s eval=87.322s total=321.035s
Classification: train=1.0000 test=0.6030 round=78
[round 78] timing train=218.458s distribution=0.638s agg=0.071s eval=85.274s total=304.467s
Classification: train=1.0000 test=0.6034 round=79
[round 79] timing train=204.147s distribution=0.624s agg=0.126s eval=77.622s total=282.522s
Classification: train=1.0000 test=0.6006 round=80
[round 80] timing train=225.161s distribution=0.818s agg=0.150s eval=89.464s total=315.598s
Classification: train=1.0000 test=0.6018 round=81
[round 81] timing train=234.962s distribution=0.753s agg=0.139s eval=85.314s total=321.199s
Classification: train=1.0000 test=0.6006 round=82
[round 82] timing train=230.764s distribution=0.890s agg=0.145s eval=86.597s total=318.431s
Classification: train=1.0000 test=0.5994 round=83
[round 83] timing train=229.868s distribution=0.889s agg=0.082s eval=87.432s total=318.331s
Classification: train=1.0000 test=0.5994 round=84
[round 84] timing train=227.706s distribution=0.742s agg=0.129s eval=89.112s total=317.708s
Classification: train=1.0000 test=0.5973 round=85
[round 85] timing train=231.510s distribution=0.739s agg=0.079s eval=93.427s total=325.771s
Classification: train=1.0000 test=0.5998 round=86
[round 86] timing train=233.734s distribution=0.852s agg=0.219s eval=91.665s total=326.483s
Classification: train=1.0000 test=0.6010 round=87
[round 87] timing train=225.945s distribution=0.876s agg=0.129s eval=88.252s total=315.217s
Classification: train=1.0000 test=0.6026 round=88
[round 88] timing train=228.078s distribution=0.514s agg=0.076s eval=88.887s total=317.583s
Classification: train=1.0000 test=0.6002 round=89
[round 89] timing train=234.359s distribution=0.584s agg=0.135s eval=87.705s total=322.797s
[fedcsl] checkpoint saved → ./checkpoint/resume/fedcsl_LSST_2026-05-03-20har_fedcsl_dir0.1.pt (round=90)
Classification: train=1.0000 test=0.6002 round=90
[round 90] timing train=231.803s distribution=1.085s agg=0.142s eval=88.378s total=321.420s
Classification: train=1.0000 test=0.6018 round=91
[round 91] timing train=224.035s distribution=0.786s agg=0.120s eval=87.640s total=312.618s
Classification: train=1.0000 test=0.6030 round=92
[round 92] timing train=231.819s distribution=0.818s agg=0.119s eval=87.006s total=319.770s
Classification: train=1.0000 test=0.6014 round=93
[round 93] timing train=227.300s distribution=0.815s agg=0.159s eval=91.487s total=319.780s
Classification: train=1.0000 test=0.6018 round=94
[round 94] timing train=227.879s distribution=0.891s agg=0.152s eval=88.016s total=316.973s
Classification: train=1.0000 test=0.6026 round=95
[round 95] timing train=231.601s distribution=0.854s agg=0.174s eval=85.720s total=318.357s
Classification: train=1.0000 test=0.6034 round=96
[round 96] timing train=227.330s distribution=0.740s agg=0.179s eval=87.713s total=315.975s
Classification: train=1.0000 test=0.6054 round=97
[round 97] timing train=194.091s distribution=0.854s agg=0.145s eval=80.923s total=276.042s
Classification: train=1.0000 test=0.6058 round=98
[round 98] timing train=239.342s distribution=0.987s agg=0.112s eval=90.963s total=331.420s
Classification: train=1.0000 test=0.6050 round=99
[round 99] timing train=232.784s distribution=0.798s agg=0.125s eval=91.004s total=324.727s
Classification: train=1.0000 test=0.6046 round=100
[round 100] timing train=223.910s distribution=0.768s agg=0.150s eval=86.339s total=311.183s
Classification: train=1.0000 test=0.6042 round=101
[round 101] timing train=184.155s distribution=0.502s agg=0.071s eval=87.046s total=271.817s
Classification: train=1.0000 test=0.6054 round=102
[round 102] timing train=229.181s distribution=0.904s agg=0.242s eval=85.446s total=315.818s
Classification: train=1.0000 test=0.6038 round=103
[round 103] timing train=223.382s distribution=1.044s agg=0.130s eval=87.169s total=311.738s
Classification: train=1.0000 test=0.6026 round=104
[round 104] timing train=227.831s distribution=1.113s agg=0.099s eval=93.183s total=322.234s
Classification: train=1.0000 test=0.6022 round=105
[round 105] timing train=228.824s distribution=0.969s agg=0.166s eval=85.114s total=315.083s
Classification: train=1.0000 test=0.6042 round=106
[round 106] timing train=222.736s distribution=0.903s agg=0.142s eval=85.875s total=309.676s
Classification: train=1.0000 test=0.6006 round=107
[round 107] timing train=231.200s distribution=0.712s agg=0.184s eval=84.831s total=316.943s
Classification: train=1.0000 test=0.6018 round=108
[round 108] timing train=221.856s distribution=0.985s agg=0.135s eval=89.140s total=312.169s
Classification: train=1.0000 test=0.5994 round=109
[round 109] timing train=227.269s distribution=1.150s agg=0.168s eval=88.902s total=317.505s
Classification: train=1.0000 test=0.6002 round=110
[round 110] timing train=228.612s distribution=0.793s agg=0.099s eval=82.972s total=312.491s
Classification: train=1.0000 test=0.6050 round=111
[round 111] timing train=221.877s distribution=0.878s agg=0.174s eval=86.530s total=309.485s
Classification: train=1.0000 test=0.6054 round=112
[round 112] timing train=225.566s distribution=0.994s agg=0.176s eval=89.701s total=316.450s
Classification: train=1.0000 test=0.6046 round=113
[round 113] timing train=223.773s distribution=1.138s agg=0.141s eval=89.275s total=314.341s
Classification: train=1.0000 test=0.6046 round=114
[round 114] timing train=226.040s distribution=0.818s agg=0.167s eval=88.786s total=315.824s
Classification: train=1.0000 test=0.5989 round=115
[round 115] timing train=231.418s distribution=0.894s agg=0.155s eval=90.488s total=323.000s
Classification: train=1.0000 test=0.6018 round=116
[round 116] timing train=223.705s distribution=0.767s agg=0.140s eval=84.638s total=309.269s
Classification: train=1.0000 test=0.6014 round=117
[round 117] timing train=227.163s distribution=1.159s agg=0.233s eval=88.571s total=317.136s
Classification: train=1.0000 test=0.6026 round=118
[round 118] timing train=226.829s distribution=0.728s agg=0.193s eval=87.567s total=315.351s
Classification: train=1.0000 test=0.6006 round=119
[round 119] timing train=203.074s distribution=0.870s agg=0.096s eval=85.689s total=289.747s
[fedcsl] checkpoint saved → ./checkpoint/resume/fedcsl_LSST_2026-05-03-20har_fedcsl_dir0.1.pt (round=120)
Classification: train=1.0000 test=0.5981 round=120
[round 120] timing train=237.362s distribution=0.875s agg=0.168s eval=95.302s total=333.721s
Classification: train=1.0000 test=0.5989 round=121
[round 121] timing train=228.225s distribution=0.985s agg=0.182s eval=92.296s total=321.746s
Classification: train=1.0000 test=0.5989 round=122
[round 122] timing train=235.323s distribution=1.059s agg=0.231s eval=76.094s total=312.719s
Classification: train=1.0000 test=0.5994 round=123
[round 123] timing train=209.610s distribution=0.784s agg=0.348s eval=83.672s total=294.440s
Classification: train=1.0000 test=0.5965 round=124
[round 124] timing train=217.253s distribution=0.705s agg=0.174s eval=82.241s total=300.388s
Classification: train=1.0000 test=0.6002 round=125
[round 125] timing train=216.430s distribution=0.853s agg=0.085s eval=83.007s total=300.415s
Classification: train=1.0000 test=0.5965 round=126
[round 126] timing train=219.314s distribution=0.824s agg=0.111s eval=85.857s total=306.121s
Classification: train=1.0000 test=0.6006 round=127
[round 127] timing train=212.248s distribution=0.743s agg=0.085s eval=81.634s total=294.738s
Classification: train=1.0000 test=0.5977 round=128
[round 128] timing train=222.978s distribution=0.832s agg=0.123s eval=79.261s total=303.213s
Classification: train=1.0000 test=0.5977 round=129
[round 129] timing train=221.086s distribution=1.141s agg=0.143s eval=84.279s total=306.677s
Classification: train=1.0000 test=0.5998 round=130
[round 130] timing train=217.817s distribution=0.867s agg=0.131s eval=90.467s total=309.293s
Classification: train=1.0000 test=0.5977 round=131
[round 131] timing train=213.961s distribution=0.777s agg=0.200s eval=84.779s total=299.750s
Classification: train=1.0000 test=0.6006 round=132
[round 132] timing train=219.243s distribution=0.702s agg=0.090s eval=83.640s total=303.723s
Classification: train=1.0000 test=0.5989 round=133
[round 133] timing train=230.942s distribution=0.756s agg=0.139s eval=91.048s total=322.892s
Classification: train=1.0000 test=0.5977 round=134
[round 134] timing train=226.906s distribution=0.868s agg=0.127s eval=82.352s total=310.266s
Classification: train=1.0000 test=0.5977 round=135
[round 135] timing train=220.637s distribution=0.795s agg=0.100s eval=83.193s total=304.733s
Classification: train=1.0000 test=0.5981 round=136
[round 136] timing train=215.978s distribution=1.003s agg=0.288s eval=84.305s total=301.588s
Classification: train=1.0000 test=0.5998 round=137
[round 137] timing train=218.487s distribution=0.869s agg=0.159s eval=83.724s total=303.279s
Classification: train=1.0000 test=0.5998 round=138
[round 138] timing train=209.242s distribution=0.827s agg=0.127s eval=82.349s total=292.552s
Classification: train=1.0000 test=0.6002 round=139
[round 139] timing train=195.729s distribution=0.803s agg=0.133s eval=83.584s total=280.265s
Classification: train=1.0000 test=0.6006 round=140
[round 140] timing train=229.962s distribution=0.837s agg=0.271s eval=93.122s total=324.209s
Classification: train=1.0000 test=0.6006 round=141
[round 141] timing train=217.174s distribution=0.741s agg=0.177s eval=81.758s total=299.864s
Classification: train=1.0000 test=0.5994 round=142
[round 142] timing train=223.064s distribution=0.851s agg=0.177s eval=81.090s total=305.192s
Classification: train=1.0000 test=0.5998 round=143
[round 143] timing train=212.009s distribution=0.906s agg=0.044s eval=89.338s total=302.311s
Classification: train=1.0000 test=0.6038 round=144
[round 144] timing train=214.109s distribution=0.720s agg=0.092s eval=84.489s total=299.421s
Classification: train=1.0000 test=0.6014 round=145
[round 145] timing train=195.834s distribution=0.598s agg=0.075s eval=69.729s total=266.288s
Classification: train=1.0000 test=0.5989 round=146
[round 146] timing train=223.679s distribution=0.954s agg=0.126s eval=86.151s total=310.917s
Classification: train=1.0000 test=0.5989 round=147
[round 147] timing train=222.236s distribution=0.793s agg=0.058s eval=90.079s total=313.180s
Classification: train=1.0000 test=0.5994 round=148
[round 148] timing train=206.553s distribution=0.788s agg=0.114s eval=82.743s total=290.203s
Classification: train=1.0000 test=0.6010 round=149
[round 149] timing train=205.561s distribution=0.779s agg=0.074s eval=89.463s total=295.885s
[fedcsl] checkpoint saved → ./checkpoint/resume/fedcsl_LSST_2026-05-03-20har_fedcsl_dir0.1.pt (round=150)
Classification: train=1.0000 test=0.6022 round=150
[round 150] timing train=213.598s distribution=1.043s agg=0.232s eval=85.747s total=300.628s
Classification: train=1.0000 test=0.6010 round=151
[round 151] timing train=212.119s distribution=0.672s agg=0.089s eval=84.562s total=297.452s
Classification: train=1.0000 test=0.6034 round=152
[round 152] timing train=206.991s distribution=0.923s agg=0.135s eval=82.376s total=290.472s
Classification: train=1.0000 test=0.6042 round=153
[round 153] timing train=222.976s distribution=0.888s agg=0.116s eval=85.064s total=309.075s
Classification: train=1.0000 test=0.6014 round=154
[round 154] timing train=217.379s distribution=0.947s agg=0.172s eval=83.250s total=301.758s
Classification: train=1.0000 test=0.6014 round=155
[round 155] timing train=216.577s distribution=0.839s agg=0.090s eval=80.805s total=298.325s
Classification: train=1.0000 test=0.5989 round=156
[round 156] timing train=188.560s distribution=0.990s agg=0.135s eval=85.826s total=275.540s
Classification: train=1.0000 test=0.5973 round=157
[round 157] timing train=211.892s distribution=0.928s agg=0.222s eval=88.457s total=301.513s
Classification: train=1.0000 test=0.5989 round=158
[round 158] timing train=227.421s distribution=1.067s agg=0.077s eval=84.758s total=313.329s
Classification: train=1.0000 test=0.6022 round=159
[round 159] timing train=215.254s distribution=1.074s agg=0.153s eval=87.580s total=304.118s
Classification: train=1.0000 test=0.6022 round=160
[round 160] timing train=208.082s distribution=0.861s agg=0.089s eval=89.922s total=298.967s
Classification: train=1.0000 test=0.6022 round=161
[round 161] timing train=224.164s distribution=0.868s agg=0.086s eval=81.613s total=306.774s
Classification: train=1.0000 test=0.6002 round=162
[round 162] timing train=213.932s distribution=0.935s agg=0.191s eval=85.356s total=300.456s
Classification: train=1.0000 test=0.5989 round=163
[round 163] timing train=218.372s distribution=1.008s agg=0.085s eval=81.784s total=301.274s
Classification: train=1.0000 test=0.5985 round=164
[round 164] timing train=177.648s distribution=0.647s agg=0.081s eval=84.646s total=263.049s
Classification: train=1.0000 test=0.5977 round=165
[round 165] timing train=210.103s distribution=0.941s agg=0.094s eval=89.138s total=300.328s
Classification: train=1.0000 test=0.5989 round=166
[round 166] timing train=207.100s distribution=0.898s agg=0.122s eval=84.374s total=292.501s
Classification: train=1.0000 test=0.6002 round=167
[round 167] timing train=213.792s distribution=0.920s agg=0.135s eval=84.016s total=298.888s
Classification: train=1.0000 test=0.5994 round=168
[round 168] timing train=222.478s distribution=0.803s agg=0.079s eval=88.389s total=311.763s
Classification: train=1.0000 test=0.6014 round=169
[round 169] timing train=225.980s distribution=0.862s agg=0.123s eval=91.873s total=318.859s
Classification: train=1.0000 test=0.6030 round=170
[round 170] timing train=235.221s distribution=1.001s agg=0.169s eval=92.560s total=328.963s
Classification: train=1.0000 test=0.6010 round=171
[round 171] timing train=233.913s distribution=0.949s agg=0.135s eval=87.892s total=322.914s
Classification: train=1.0000 test=0.6026 round=172
[round 172] timing train=222.198s distribution=0.587s agg=0.135s eval=93.984s total=316.917s
Classification: train=1.0000 test=0.6038 round=173
[round 173] timing train=184.725s distribution=0.807s agg=0.132s eval=91.870s total=277.549s
Classification: train=1.0000 test=0.6006 round=174
[round 174] timing train=220.323s distribution=0.872s agg=0.074s eval=89.797s total=311.092s
Classification: train=1.0000 test=0.5998 round=175
[round 175] timing train=238.535s distribution=0.839s agg=0.073s eval=87.257s total=326.735s
Classification: train=1.0000 test=0.5998 round=176
[round 176] timing train=230.759s distribution=0.863s agg=0.125s eval=93.390s total=325.142s
Classification: train=1.0000 test=0.6010 round=177
[round 177] timing train=251.791s distribution=0.910s agg=0.070s eval=92.011s total=344.802s
Classification: train=1.0000 test=0.5985 round=178
[round 178] timing train=224.981s distribution=0.919s agg=0.142s eval=88.802s total=314.869s
Classification: train=1.0000 test=0.6010 round=179
[round 179] timing train=228.138s distribution=0.874s agg=0.155s eval=88.514s total=317.693s
[fedcsl] checkpoint saved → ./checkpoint/resume/fedcsl_LSST_2026-05-03-20har_fedcsl_dir0.1.pt (round=180)
Classification: train=1.0000 test=0.6010 round=180
[round 180] timing train=230.603s distribution=0.956s agg=0.186s eval=92.061s total=323.817s
Classification: train=1.0000 test=0.6018 round=181
[round 181] timing train=204.601s distribution=0.530s agg=0.095s eval=81.744s total=287.018s
Classification: train=1.0000 test=0.6018 round=182
[round 182] timing train=227.630s distribution=1.058s agg=0.167s eval=87.071s total=315.970s
Classification: train=1.0000 test=0.6030 round=183
[round 183] timing train=239.914s distribution=0.926s agg=0.228s eval=90.587s total=331.665s
Classification: train=1.0000 test=0.5994 round=184
[round 184] timing train=227.025s distribution=0.565s agg=0.128s eval=86.411s total=314.144s
Classification: train=1.0000 test=0.5985 round=185
[round 185] timing train=225.040s distribution=1.032s agg=0.136s eval=101.799s total=328.023s
Classification: train=1.0000 test=0.6002 round=186
[round 186] timing train=232.482s distribution=0.763s agg=0.181s eval=91.697s total=325.158s
Classification: train=1.0000 test=0.5998 round=187
[round 187] timing train=233.083s distribution=0.901s agg=0.125s eval=90.110s total=324.224s
Classification: train=1.0000 test=0.5989 round=188
[round 188] timing train=220.719s distribution=0.999s agg=0.202s eval=86.446s total=308.401s
Classification: train=1.0000 test=0.6006 round=189
[round 189] timing train=234.264s distribution=1.026s agg=0.170s eval=87.505s total=322.991s
Classification: train=1.0000 test=0.5994 round=190
[round 190] timing train=230.687s distribution=0.950s agg=0.104s eval=88.191s total=319.939s
Classification: train=1.0000 test=0.6002 round=191
[round 191] timing train=223.910s distribution=0.623s agg=0.038s eval=73.906s total=298.482s
Classification: train=1.0000 test=0.6026 round=192
[round 192] timing train=228.000s distribution=0.689s agg=0.138s eval=86.719s total=315.560s
Classification: train=1.0000 test=0.6006 round=193
[round 193] timing train=230.564s distribution=1.029s agg=0.109s eval=88.416s total=320.131s
Classification: train=1.0000 test=0.5989 round=194
[round 194] timing train=222.367s distribution=1.077s agg=0.141s eval=91.043s total=314.637s
Classification: train=1.0000 test=0.5985 round=195
[round 195] timing train=226.981s distribution=1.008s agg=0.109s eval=88.378s total=316.509s
Classification: train=1.0000 test=0.5981 round=196
[round 196] timing train=228.650s distribution=0.830s agg=0.171s eval=105.636s total=335.329s
Classification: train=1.0000 test=0.5977 round=197
[round 197] timing train=233.335s distribution=0.910s agg=0.194s eval=88.684s total=323.136s
Classification: train=1.0000 test=0.5973 round=198
[round 198] timing train=243.764s distribution=0.928s agg=0.074s eval=70.492s total=315.268s
Classification: train=1.0000 test=0.5989 round=199
[round 199] timing train=210.654s distribution=0.948s agg=0.072s eval=83.879s total=295.572s
best round is 98, acc is 0.605839
Model saved to ./checkpoint/LSST/2026-05-03-20har_fedcsl_dir0.1_LSST_model.pt
