# 2026-05-03 20:59:29  har_fedcsl-onehot-fullteacher_dir0.1  GPU=6  cwd=/data/user_lixiongfei/CSL-main
# CMD: python3 -u FedCSL_All.py -dataset HAR --config configFedCSL_OneHot_FullTeacher.yml --dirichlet-alpha 0.1 --seed 42 --description har_fedcsl-onehot-fullteacher_dir0.1 -dataset LSST

/mnt/data/user_liangzhiyu/envs/fedcsl/lib/python3.8/site-packages/scipy/__init__.py:146: UserWarning: A NumPy version >=1.16.5 and <1.23.0 is required for this version of SciPy (detected version 1.23.5
  warnings.warn(f"A NumPy version >={np_minversion} and <{np_maxversion}"
[config] 'configFedCSL_OneHot_FullTeacher.yml' 未找到，重定向到 'config/configFedCSL_OneHot_FullTeacher.yml'
2459
<class 'pandas.core.frame.DataFrame'>
RangeIndex: 2459 entries, 0 to 2458
Data columns (total 7 columns):
 #   Column      Non-Null Count  Dtype 
---  ------      --------------  ----- 
 0   dim_0       2459 non-null   object
 1   dim_1       2459 non-null   object
 2   dim_2       2459 non-null   object
 3   dim_3       2459 non-null   object
 4   dim_4       2459 non-null   object
 5   dim_5       2459 non-null   object
 6   class_vals  2459 non-null   object
dtypes: object(7)
memory usage: 134.6+ KB
None
{36}
<class 'pandas.core.frame.DataFrame'>
RangeIndex: 2459 entries, 0 to 2458
Data columns (total 7 columns):
 #   Column      Non-Null Count  Dtype 
---  ------      --------------  ----- 
 0   dim_0       2459 non-null   object
 1   dim_1       2459 non-null   object
 2   dim_2       2459 non-null   object
 3   dim_3       2459 non-null   object
 4   dim_4       2459 non-null   object
 5   dim_5       2459 non-null   object
 6   class_vals  2459 non-null   object
dtypes: object(7)
memory usage: 134.6+ KB
None
[ 0  0  0 ... 13 13 13]
[  34   35   36   37   38   39   40   41   42   43   44   45   46   47
   48   49   50   51   52   53   54   55   56   57   58   59   60   61
   62   63   64   65   66   67   68   69   70   71   72   73   74   75
   76   77   78   79   80   81   82   83   84   85   86   87   88   89
   90   91   92   93   94   95   96   97   98   99  100  101  102  103
  104  105  106  107  108  109  110  111  112  113  114  115  116  117
  118  119  120  121  122  123  124  125  126  127  128  129  130  131
  132  133  134  135  136  137  138  139  140  141  142  143  144  145
  146  147  148  149  150  151  152  153  154  155  808  809  810  811
  812  813  814  815  816  817  818  819  820  821  822  823  824  825
  826  827  828  829  830  831  832  833  834  835  836  837  838  839
  840  841  842  843  844  845  846  847  848  849  850  851  852  853
  854  855  856  857  858  859  860  861  862  863  864  865  866  867
  877  878  879  880  881  882  883  884  885  886  887  888  889  890
  891  892  893  894  895  896  897  898  899  900  901  902  903  904
  905  906  907  908  909  910  911  912  913  914  915  916  917  918
  919  920  921  922  923  924  925  926  927 1030 1031 1032 1033 1034
 1035 1036 1037 1038 1039 1040 1041 1042 1043 1044 1045 1046 1047 1048
 1049 1050 1051 1053 1054 1055 1056 1057 1058 1059 1060 1061 1062 1063
 1064 1065 1066 1067 1068 1069 1070 1071 1072 1073 1074 1075 1076 1077
 1078 1079 1080 1081 1082 1083 1084 1085 1086 1087 1088 1089 1090 1091
 1092 1093 1094 1095 1096 1097 1098 1099 1100 1101 1102 1103 1104 1105
 1106 1107 1108 1109 1110 1111 1112 1113 1114 1115 1116 1117 1118 1119
 1120 1121 1122 1123 1124 1125 1126 1127 1128 1129 1130 1131 1132 1133
 1134 1135 1136 1137 1138 1139 1140 1141 1142 1143 1144 1145 1146 1147
 1148 1149 1150 1151 1152 1153 1154 1155 1156 1157 1158 1159 1160 1161
 1162 1163 1164 1165 1166 1167 1168 1169 1170 1171 1172 1173 1174 1175
 1176 1177 1178 1179 1180 1181 1182 1183 1184 1185 1186 1187 1188 1189
 1190 1191 1192 1193 1194 1195 1196 1197 1198 1199 1200 1201 1202 1203
 1204 1205 1206 1207 1208 1209 1210 1211 1212 1366 1367 1368 1369 1370
 1371 1372 1373 1374 1375 1376 1377 1378 1379 1380 1381 1382 1383 1384
 1385 1386 1387 1388 1389 1390 1391 1392 1393 1394 1395 1396 1397 1398
 1399 1400 1401 1402 1403 1404 1405 1406 1407 1408 1409 1410 1411 1412
 1413 1414 1434 1435 1436 1437 1438 1439 1440 1441 1442 1443 1444 1445
 1446 1447 1448 1449 1450 1451 1452 1453 1454 1455 1456 1457 1458 1459
 1460 1461 1462 1463 1464 1465 1466 1467 1468 1469 1470 1471 1472 1473
 1474 1475 1476 1477 1478 1479 1480 1481 1482 1483 1484 1485 1486 1487
 1488 1489 1490 1491 1492 1493 1494 1495 1496 1497 1498 1499 1500 1501
 1502 1503 1504 1505 1506 1507 1508 1509 1510 1511 1512 1513 1514 1515
 1516 1517 1518 1519 1520 1521 1522 1523 1524 1525 1526 1527 1528 1529
 1530 1531 1532 1533 1534 1535 1536 1537 2331 2332 2408 2409 2410 2411
 2412 2413 2414 2415 2416 2417 2418 2419 2420 2421 2422 2423 2424 2425
 2426 2427 2428 2429 2430 2431 2432 2433 2434 2435 2436 2437 2438 2439
 2440 2441 2442 2443 2444 2445 2446 2447 2448 2449 2450 2451 2452 2453
 2454 2455 2456 2457]
[1, 1, 1, 1, 1, 1, 1, 1, 1, 1, 1, 1, 1, 1, 1, 1, 1, 1, 1, 1, 1, 1, 1, 1, 1, 1, 1, 1, 1, 1, 1, 1, 1, 1, 1, 1, 1, 1, 1, 1, 1, 1, 1, 1, 1, 1, 1, 1, 1, 1, 1, 1, 1, 1, 1, 1, 1, 1, 1, 1, 1, 1, 1, 1, 1, 1, 1, 1, 1, 1, 1, 1, 1, 1, 1, 1, 1, 1, 1, 1, 1, 1, 1, 1, 1, 1, 1, 1, 1, 1, 1, 1, 1, 1, 1, 1, 1, 1, 1, 1, 1, 1, 1, 1, 1, 1, 1, 1, 1, 1, 1, 1, 1, 1, 1, 1, 1, 1, 1, 1, 1, 1, 4, 4, 4, 4, 4, 4, 4, 4, 4, 4, 4, 4, 4, 4, 4, 4, 4, 4, 4, 4, 4, 4, 4, 4, 4, 4, 4, 4, 4, 4, 4, 4, 4, 4, 4, 4, 4, 4, 4, 4, 4, 4, 4, 4, 4, 4, 4, 4, 4, 4, 4, 4, 4, 4, 4, 4, 4, 4, 4, 4, 6, 6, 6, 6, 6, 6, 6, 6, 6, 6, 6, 6, 6, 6, 6, 6, 6, 6, 6, 6, 6, 6, 6, 6, 6, 6, 6, 6, 6, 6, 6, 6, 6, 6, 6, 6, 6, 6, 6, 6, 6, 6, 6, 6, 6, 6, 6, 6, 6, 6, 6, 7, 7, 7, 7, 7, 7, 7, 7, 7, 7, 7, 7, 7, 7, 7, 7, 7, 7, 7, 7, 7, 7, 8, 8, 8, 8, 8, 8, 8, 8, 8, 8, 8, 8, 8, 8, 8, 8, 8, 8, 8, 8, 8, 8, 8, 8, 8, 8, 8, 8, 8, 8, 8, 8, 8, 8, 8, 8, 8, 8, 8, 8, 8, 8, 8, 8, 8, 8, 8, 8, 8, 8, 8, 8, 8, 8, 8, 8, 8, 8, 8, 8, 8, 8, 8, 8, 8, 8, 8, 8, 8, 8, 8, 8, 8, 8, 8, 8, 8, 8, 8, 8, 8, 8, 8, 8, 8, 8, 8, 8, 8, 8, 8, 8, 8, 8, 8, 8, 8, 8, 8, 8, 8, 8, 8, 8, 8, 8, 8, 8, 8, 8, 8, 8, 8, 8, 8, 8, 8, 8, 8, 8, 8, 8, 8, 8, 8, 8, 8, 8, 8, 8, 8, 8, 8, 8, 8, 8, 8, 8, 8, 8, 8, 8, 8, 8, 8, 8, 8, 8, 8, 8, 8, 8, 8, 8, 8, 8, 8, 8, 8, 8, 9, 9, 9, 9, 9, 9, 9, 9, 9, 9, 9, 9, 9, 9, 9, 9, 9, 9, 9, 9, 9, 9, 9, 9, 9, 9, 9, 9, 9, 9, 9, 9, 9, 9, 9, 9, 9, 9, 9, 9, 9, 9, 9, 9, 9, 9, 9, 9, 9, 10, 10, 10, 10, 10, 10, 10, 10, 10, 10, 10, 10, 10, 10, 10, 10, 10, 10, 10, 10, 10, 10, 10, 10, 10, 10, 10, 10, 10, 10, 10, 10, 10, 10, 10, 10, 10, 10, 10, 10, 10, 10, 10, 10, 10, 10, 10, 10, 10, 10, 10, 10, 10, 10, 10, 10, 10, 10, 10, 10, 10, 10, 10, 10, 10, 10, 10, 10, 10, 10, 10, 10, 10, 10, 10, 10, 10, 10, 10, 10, 10, 10, 10, 10, 10, 10, 10, 10, 10, 10, 10, 10, 10, 10, 10, 10, 10, 10, 10, 10, 10, 10, 10, 10, 12, 12, 13, 13, 13, 13, 13, 13, 13, 13, 13, 13, 13, 13, 13, 13, 13, 13, 13, 13, 13, 13, 13, 13, 13, 13, 13, 13, 13, 13, 13, 13, 13, 13, 13, 13, 13, 13, 13, 13, 13, 13, 13, 13, 13, 13, 13, 13, 13, 13, 13, 13]
[2, 2, 2, 2, 2, 2, 2, 2, 2, 2, 2, 2, 2, 2, 2, 2, 2, 2, 2, 2, 2, 2, 2, 2, 2, 2, 2, 2, 2, 2, 2, 2, 2, 2, 2, 2, 2, 2, 2, 2, 2, 2, 2, 2, 2, 2, 2, 2, 2, 2, 2, 2, 2, 2, 2, 2, 2, 2, 2, 2, 2, 2, 2, 2, 2, 2, 2, 2, 2, 2, 2, 2, 2, 2, 2, 2, 2, 2, 2, 2, 2, 2, 2, 2, 2, 2, 2, 2, 2, 2, 2, 2, 2, 2, 2, 2, 2, 2, 2, 2, 2, 2, 2, 2, 2, 2, 2, 2, 2, 2, 2, 2, 2, 2, 2, 2, 2, 2, 2, 2, 2, 2, 2, 2, 2, 2, 2, 2, 2, 2, 2, 2, 2, 2, 2, 2, 2, 2, 2, 2, 2, 2, 2, 2, 2, 2, 2, 2, 2, 2, 2, 2, 2, 2, 2, 2, 2, 2, 2, 2, 2, 2, 2, 2, 2, 2, 2, 2, 2, 2, 2, 2, 2, 2, 2, 2, 2, 2, 2, 2, 2, 2, 2, 2, 2, 2, 2, 2, 2, 2, 2, 2, 2, 2, 2, 2, 2, 2, 2, 2, 2, 2, 2, 2, 2, 2, 2, 2, 2, 2, 2, 2, 2, 2, 2, 2, 2, 2, 2, 2, 2, 2, 2, 2, 2, 2, 2, 2, 2, 2, 2, 2, 2, 2, 2, 2, 2, 2, 2, 2, 2, 2, 2, 2, 2, 2, 2, 2, 2, 2, 2, 2, 2, 2, 2, 2, 2, 2, 2, 2, 2, 2, 2, 2, 2, 2, 2, 2, 2, 3, 3, 3, 3, 3, 3, 3, 3, 3, 3, 3, 3, 3, 3, 3, 3, 3, 3, 3, 3, 3, 3, 3, 3, 3, 3, 3, 3, 3, 3, 3, 3, 3, 3, 3, 3, 3, 3, 3, 3, 3, 3, 3, 3, 3, 3, 3, 3, 3, 3, 3, 3, 3, 3, 3, 3, 3, 3, 3, 3, 3, 3, 3, 3, 3, 3, 3, 3, 3, 3, 3, 3, 3, 3, 3, 3, 3, 3, 3, 3, 3, 3, 3, 3, 3, 3, 3, 3, 3, 3, 3, 3, 3, 3, 3, 3, 3, 3, 3, 3, 3, 3, 3, 3, 3, 3, 3, 3, 3, 3, 3, 3, 3, 3, 3, 3, 3, 3, 3, 3, 3, 3, 3, 3, 3, 3, 3, 3, 3, 3, 3, 3, 3, 3, 3, 3, 3, 3, 3, 3, 3, 3, 3, 3, 3, 3, 3, 3, 3, 3, 3, 3, 3, 3, 3, 3, 3, 3, 3, 3, 3, 3, 3, 3, 3, 3, 3, 3, 3, 3, 3, 3, 3, 3, 3, 3, 3, 3, 3, 3, 3, 3, 3, 3, 3, 3, 3, 3, 3, 3, 3, 3, 3, 3, 3, 3, 3, 3, 3, 3, 3, 3, 3, 3, 3, 3, 3, 3, 3, 3, 3, 3, 3, 3, 3, 3, 3, 3, 3, 3, 3, 3, 3, 3, 3, 3, 3, 3, 3, 3, 3, 3, 3, 3, 3, 3, 3, 3, 3, 3, 3, 3, 3, 3, 3, 3, 3, 3, 3, 3, 3, 3, 3, 3, 3, 3, 3, 3, 3, 3, 3, 3, 3, 3, 3, 3, 3, 3, 3, 3, 3, 3, 3, 3, 3, 3, 3, 3, 3, 3, 3, 3, 3, 3, 3, 3, 3, 3, 3, 3, 3, 3, 3, 3, 3, 3, 3, 3, 3, 3, 3, 3, 3, 3, 3, 3, 3, 3, 3, 3, 3, 3, 3, 3, 3, 3, 3, 3, 3, 3, 3, 3, 3, 3, 3, 3, 3, 3, 3, 3, 3, 3, 3, 3, 3, 3, 3, 3, 3, 3, 3, 3, 3, 3, 3, 3, 3, 3, 3, 3, 3, 3, 3, 3, 3, 3, 3, 3, 3, 3, 3, 3, 3, 3, 3, 3, 3, 3, 3, 3, 3, 3, 3, 3, 3, 3, 3, 3, 3, 3, 8, 8, 8, 8, 8, 8, 8, 8, 8, 8, 9, 9, 9, 9, 9, 9, 9, 9, 9, 9, 9, 9, 9, 9, 9, 9, 9, 9, 10, 10, 10, 10, 10, 10, 10, 10, 10, 10, 10, 10, 10, 10, 10, 11, 11, 11, 11, 11, 11, 11, 11, 11, 11, 11, 11, 11, 11, 11, 11, 11, 11, 11, 11, 11, 11, 11, 11, 11, 11, 11, 11, 11, 11, 11, 11, 11, 11, 11, 11, 11, 11, 11, 11, 11, 11, 11, 11, 11, 11, 11, 11, 11, 11, 11, 11, 11, 11, 11, 11, 11, 11, 11, 11, 11, 11, 11, 11, 12, 12, 12, 12, 12, 12, 12, 12, 12, 12, 12, 12, 12, 12, 12, 12, 12, 12, 12, 12, 12, 12, 12, 12, 12, 12, 12, 12, 12, 12, 12, 12, 12, 12, 12, 12, 12, 12, 12, 12, 12, 12, 12, 12, 12, 12, 12, 12, 12, 12, 12, 12, 12, 12, 12, 12, 12, 12, 12, 12, 12, 12, 12, 12, 12, 12, 12, 12, 12, 12, 12, 12, 12, 12, 13]
[0, 0, 0, 0, 0, 0, 0, 0, 0, 0, 0, 0, 0, 0, 0, 0, 0, 0, 0, 0, 0, 0, 0, 0, 0, 0, 0, 0, 0, 0, 0, 0, 0, 0, 1, 2, 3, 4, 4, 5, 5, 5, 5, 5, 5, 5, 6, 6, 6, 6, 6, 6, 6, 6, 6, 6, 6, 6, 6, 6, 6, 6, 6, 6, 6, 6, 6, 6, 6, 6, 6, 6, 6, 6, 6, 6, 6, 6, 6, 6, 6, 6, 6, 6, 6, 6, 6, 6, 6, 6, 6, 6, 6, 6, 6, 6, 6, 6, 6, 6, 6, 6, 6, 6, 6, 6, 6, 6, 6, 6, 6, 6, 6, 6, 6, 6, 6, 6, 6, 6, 6, 6, 6, 6, 6, 6, 6, 6, 6, 6, 6, 6, 6, 6, 6, 6, 6, 6, 6, 6, 6, 6, 6, 6, 6, 6, 6, 6, 7, 8, 8, 8, 8, 8, 8, 8, 8, 8, 8, 8, 8, 8, 8, 8, 8, 8, 8, 8, 8, 8, 8, 8, 8, 8, 8, 8, 8, 8, 8, 8, 8, 8, 8, 8, 8, 8, 8, 8, 8, 8, 8, 8, 8, 8, 8, 8, 8, 8, 8, 8, 8, 8, 8, 8, 8, 8, 8, 8, 8, 8, 8, 8, 8, 8, 8, 8, 8, 8, 8, 8, 8, 8, 8, 8, 8, 8, 8, 8, 8, 8, 8, 8, 8, 8, 8, 8, 8, 8, 8, 8, 8, 8, 8, 8, 8, 8, 8, 8, 8, 8, 8, 8, 8, 8, 8, 8, 8, 8, 8, 8, 8, 8, 8, 8, 8, 8, 8, 8, 8, 8, 8, 8, 8, 8, 8, 8, 8, 8, 8, 8, 8, 8, 8, 8, 8, 8, 8, 8, 8, 8, 8, 8, 9, 10, 11, 11, 11, 11, 11, 11, 11, 11, 11, 11, 11, 11, 11, 11, 11, 11, 11, 11, 11, 11, 11, 11, 11, 11, 11, 11, 11, 11, 11, 11, 11, 11, 11, 11, 11, 11, 11, 11, 11, 11, 11, 11, 11, 11, 11, 11, 11, 11, 11, 11, 11, 11, 11, 11, 11, 11, 11, 11, 11, 11, 11, 11, 11, 11, 11, 11, 11, 11, 11, 11, 11, 11, 11, 11, 11, 11, 11, 11, 11, 11, 11, 11, 11, 11, 11, 11, 11, 11, 11, 11, 11, 11, 11, 11, 11, 11, 11, 11, 11, 11, 11, 11, 11, 11, 11, 11, 11, 11, 11, 11, 11, 11, 11, 11, 11, 11, 11, 11, 11, 11, 11, 11, 11, 11, 11, 11, 11, 11, 11, 11, 11, 11, 11, 11, 11, 11, 11, 11, 11, 11, 11, 11, 11, 11, 11, 11, 11, 11, 11, 11, 11, 11, 11, 11, 11, 11, 11, 11, 11, 11, 11, 11, 11, 11, 11, 11, 11, 11, 11, 11, 11, 11, 11, 11, 11, 11, 11, 11, 11, 11, 11, 11, 11, 11, 11, 11, 11, 11, 11, 11, 11, 11, 11, 11, 11, 11, 11, 11, 11, 11, 11, 11, 11, 11, 11, 11, 11, 11, 11, 11, 11, 11, 11, 11, 11, 11, 11, 11, 11, 11, 11, 11, 11, 11, 11, 11, 11, 11, 11, 11, 11, 11, 11, 11, 11, 11, 11, 11, 11, 11, 11, 11, 11, 11, 11, 11, 11, 11, 11, 11, 11, 11, 11, 11, 11, 11, 11, 11, 11, 11, 11, 11, 11, 11, 11, 11, 11, 11, 11, 11, 11, 11, 11, 11, 11, 11, 11, 11, 11, 11, 11, 11, 11, 11, 11, 11, 11, 11, 11, 11, 11, 11, 11, 11, 11, 11, 11, 11, 11, 11, 11, 11, 11, 11, 11, 11, 11, 11, 11, 11, 11, 11, 11, 11, 11, 11, 11, 11, 11, 11, 11, 11, 11, 11, 11, 11, 11, 11, 11, 11, 11, 11, 11, 11, 11, 11, 11, 11, 11, 11, 11, 11, 11, 11, 11, 11, 11, 11, 11, 11, 11, 11, 11, 11, 11, 11, 11, 11, 11, 11, 11, 11, 11, 11, 11, 11, 11, 11, 11, 11, 11, 11, 11, 11, 11, 11, 11, 11, 11, 11, 11, 11, 11, 11, 11, 11, 11, 11, 11, 11, 11, 11, 11, 11, 11, 11, 11, 11, 11, 11, 11, 11, 11, 11, 11, 11, 11, 11, 11, 11, 11, 11, 11, 11, 11, 11, 11, 11, 11, 11, 11, 11, 11, 11, 11, 11, 11, 11, 11, 11, 11, 11, 11, 11, 11, 11, 11, 11, 11, 11, 11, 11, 11, 11, 11, 11, 11, 11, 11, 11, 11, 11, 11, 11, 11, 11, 11, 11, 11, 11, 11, 11, 11, 11, 11, 11, 11, 11, 11, 11, 11, 11, 11, 11, 11, 11, 11, 11, 11, 11, 11, 11, 11, 11, 11, 11, 11, 11, 11, 11, 11, 11, 11, 11, 11, 11, 11, 11, 11, 11, 11, 11, 11, 11, 11, 11, 11, 11, 11, 11, 11, 11, 11, 11, 11, 11, 11, 11, 11, 11, 11, 11, 11, 11, 11, 11, 11, 11, 11, 11, 11, 11, 11, 11, 11, 11, 11, 11, 11, 11, 11, 11, 11, 11, 11, 11, 11, 11, 11, 11, 11, 11, 11, 11, 11, 11, 11, 11, 11, 11, 11, 11, 11, 11, 11, 11, 11, 11, 11, 11, 11, 11, 11, 11, 11, 11, 11, 11, 11, 11, 11, 11, 11, 11, 11, 11, 11, 11, 11, 11, 11, 11, 11, 11, 11, 11, 11, 11, 11, 11, 11, 11, 11, 11, 11, 11, 11, 11, 11, 11, 11, 11, 11, 11, 11, 11, 11, 11, 11, 11, 11, 11, 11, 11, 11, 11, 11, 11, 11, 11, 11, 11, 11, 11, 11, 11, 11, 11, 11, 11, 11, 11, 11, 11, 11, 11, 11, 11, 11, 11, 11, 11, 11, 11, 11, 11, 11, 11, 11, 11, 11, 11, 11, 11, 11, 11, 11, 11, 11, 11, 11, 11, 11, 11, 11, 11, 11, 11, 11, 11, 11, 11, 11, 11, 11, 11, 11, 11, 11, 11, 11, 11, 11, 11, 11, 11, 11, 11, 11, 11, 11, 11, 11, 11, 11, 11, 11, 11, 11, 11, 11, 11, 11, 12]
shapelet initialized!
All 3 clients initialized.
Server device: cuda:0
Client worker groups: [[0], [1], [2]]
Client worker devices: ['cuda:0', 'cuda:0', 'cuda:0']
客户端选择未启用，所有客户端参与聚合
[fedcsl] precomputed client scale scores once in 0.133s; planned scale coverage: [1, 2, 1, 2, 1, 2, 2, 1]
[round 0] reused planned scale coverage: [1, 2, 1, 2, 1, 2, 2, 1]
/data/user_lixiongfei/CSL-main/train.py:801: UserWarning: Creating a tensor from a list of numpy.ndarrays is extremely slow. Please consider converting the list to a single numpy.ndarray with numpy.array() before converting to a tensor. (Triggered internally at ../torch/csrc/utils/tensor_new.cpp:278.)
  X = torch.tensor(X, dtype=torch.float)
Classification: train=1.0000 test=0.5787 round=0
[round 0] timing train=48.519s distribution=0.654s agg=0.039s eval=54.248s total=103.464s
[round 1] reused planned scale coverage: [1, 2, 1, 2, 1, 2, 2, 1]
Classification: train=1.0000 test=0.5835 round=1
[round 1] timing train=104.041s distribution=0.454s agg=0.019s eval=53.906s total=158.425s
[round 2] reused planned scale coverage: [1, 2, 1, 2, 1, 2, 2, 1]
Classification: train=1.0000 test=0.5811 round=2
[round 2] timing train=101.147s distribution=0.479s agg=0.028s eval=53.581s total=155.239s
[round 3] reused planned scale coverage: [1, 2, 1, 2, 1, 2, 2, 1]
Classification: train=1.0000 test=0.5787 round=3
[round 3] timing train=95.456s distribution=0.499s agg=0.018s eval=51.619s total=147.596s
[round 4] reused planned scale coverage: [1, 2, 1, 2, 1, 2, 2, 1]
Classification: train=1.0000 test=0.5787 round=4
[round 4] timing train=95.276s distribution=0.554s agg=0.029s eval=52.355s total=148.224s
[round 5] reused planned scale coverage: [1, 2, 1, 2, 1, 2, 2, 1]
Classification: train=1.0000 test=0.5839 round=5
[round 5] timing train=100.090s distribution=0.421s agg=0.041s eval=56.358s total=156.914s
[round 6] reused planned scale coverage: [1, 2, 1, 2, 1, 2, 2, 1]
Classification: train=1.0000 test=0.5856 round=6
[round 6] timing train=104.462s distribution=0.379s agg=0.029s eval=55.608s total=160.481s
[round 7] reused planned scale coverage: [1, 2, 1, 2, 1, 2, 2, 1]
Classification: train=1.0000 test=0.5848 round=7
[round 7] timing train=105.757s distribution=0.539s agg=0.040s eval=56.555s total=162.893s
[round 8] reused planned scale coverage: [1, 2, 1, 2, 1, 2, 2, 1]
Classification: train=1.0000 test=0.5884 round=8
[round 8] timing train=109.431s distribution=0.493s agg=0.032s eval=56.562s total=166.527s
[round 9] reused planned scale coverage: [1, 2, 1, 2, 1, 2, 2, 1]
Classification: train=1.0000 test=0.5868 round=9
[round 9] timing train=109.882s distribution=0.521s agg=0.031s eval=57.048s total=167.486s
[round 10] reused planned scale coverage: [1, 2, 1, 2, 1, 2, 2, 1]
Classification: train=1.0000 test=0.5896 round=10
[round 10] timing train=106.059s distribution=0.437s agg=0.019s eval=54.075s total=160.595s
[round 11] reused planned scale coverage: [1, 2, 1, 2, 1, 2, 2, 1]
Classification: train=1.0000 test=0.5856 round=11
[round 11] timing train=104.202s distribution=0.646s agg=0.143s eval=56.836s total=161.836s
[round 12] reused planned scale coverage: [1, 2, 1, 2, 1, 2, 2, 1]
Classification: train=1.0000 test=0.5848 round=12
[round 12] timing train=100.110s distribution=0.564s agg=0.076s eval=57.742s total=158.497s
[round 13] reused planned scale coverage: [1, 2, 1, 2, 1, 2, 2, 1]
Classification: train=1.0000 test=0.5831 round=13
[round 13] timing train=110.151s distribution=0.536s agg=0.078s eval=56.877s total=167.646s
[round 14] reused planned scale coverage: [1, 2, 1, 2, 1, 2, 2, 1]
Classification: train=1.0000 test=0.5835 round=14
[round 14] timing train=115.700s distribution=0.506s agg=0.067s eval=54.540s total=170.820s
[round 15] reused planned scale coverage: [1, 2, 1, 2, 1, 2, 2, 1]
Classification: train=1.0000 test=0.5827 round=15
[round 15] timing train=108.687s distribution=0.548s agg=0.051s eval=54.170s total=163.462s
[round 16] reused planned scale coverage: [1, 2, 1, 2, 1, 2, 2, 1]
Classification: train=1.0000 test=0.5835 round=16
[round 16] timing train=116.582s distribution=0.480s agg=0.088s eval=59.564s total=176.724s
[round 17] reused planned scale coverage: [1, 2, 1, 2, 1, 2, 2, 1]
Classification: train=1.0000 test=0.5831 round=17
[round 17] timing train=113.763s distribution=0.550s agg=0.080s eval=56.118s total=170.514s
[round 18] reused planned scale coverage: [1, 2, 1, 2, 1, 2, 2, 1]
Classification: train=1.0000 test=0.5827 round=18
[round 18] timing train=113.435s distribution=0.530s agg=0.061s eval=56.536s total=170.566s
[round 19] reused planned scale coverage: [1, 2, 1, 2, 1, 2, 2, 1]
Classification: train=1.0000 test=0.5831 round=19
[round 19] timing train=106.464s distribution=0.552s agg=0.088s eval=57.438s total=164.546s
[round 20] reused planned scale coverage: [1, 2, 1, 2, 1, 2, 2, 1]
Classification: train=1.0000 test=0.5843 round=20
[round 20] timing train=105.496s distribution=0.507s agg=0.040s eval=55.200s total=161.259s
[round 21] reused planned scale coverage: [1, 2, 1, 2, 1, 2, 2, 1]
Classification: train=1.0000 test=0.5827 round=21
[round 21] timing train=110.199s distribution=0.490s agg=0.059s eval=56.629s total=167.383s
[round 22] reused planned scale coverage: [1, 2, 1, 2, 1, 2, 2, 1]
Classification: train=1.0000 test=0.5843 round=22
[round 22] timing train=107.626s distribution=0.572s agg=0.050s eval=57.077s total=165.332s
[round 23] reused planned scale coverage: [1, 2, 1, 2, 1, 2, 2, 1]
Classification: train=1.0000 test=0.5848 round=23
[round 23] timing train=108.507s distribution=0.686s agg=0.115s eval=56.957s total=166.270s
[round 24] reused planned scale coverage: [1, 2, 1, 2, 1, 2, 2, 1]
Classification: train=1.0000 test=0.5843 round=24
[round 24] timing train=116.788s distribution=0.456s agg=0.031s eval=55.682s total=172.961s
[round 25] reused planned scale coverage: [1, 2, 1, 2, 1, 2, 2, 1]
Classification: train=1.0000 test=0.5848 round=25
[round 25] timing train=116.732s distribution=0.508s agg=0.089s eval=54.612s total=171.944s
[round 26] reused planned scale coverage: [1, 2, 1, 2, 1, 2, 2, 1]
Classification: train=1.0000 test=0.5856 round=26
[round 26] timing train=108.461s distribution=0.553s agg=0.057s eval=57.993s total=167.069s
[round 27] reused planned scale coverage: [1, 2, 1, 2, 1, 2, 2, 1]
Classification: train=1.0000 test=0.5839 round=27
[round 27] timing train=107.570s distribution=0.532s agg=0.060s eval=54.816s total=162.990s
[round 28] reused planned scale coverage: [1, 2, 1, 2, 1, 2, 2, 1]
Classification: train=1.0000 test=0.5848 round=28
[round 28] timing train=114.348s distribution=0.503s agg=0.201s eval=57.241s total=172.296s
[round 29] reused planned scale coverage: [1, 2, 1, 2, 1, 2, 2, 1]
Classification: train=1.0000 test=0.5843 round=29
[round 29] timing train=110.711s distribution=0.496s agg=0.047s eval=57.534s total=168.793s
[fedcsl] checkpoint saved → ./checkpoint/resume/fedcsl_LSST_2026-05-03-20har_fedcsl-onehot-fullteacher_dir0.1.pt (round=30)
[round 30] reused planned scale coverage: [1, 2, 1, 2, 1, 2, 2, 1]
Classification: train=1.0000 test=0.5835 round=30
[round 30] timing train=116.106s distribution=0.441s agg=0.080s eval=54.459s total=171.089s
[round 31] reused planned scale coverage: [1, 2, 1, 2, 1, 2, 2, 1]
Classification: train=1.0000 test=0.5843 round=31
[round 31] timing train=105.959s distribution=0.553s agg=0.091s eval=57.210s total=163.817s
[round 32] reused planned scale coverage: [1, 2, 1, 2, 1, 2, 2, 1]
Classification: train=1.0000 test=0.5835 round=32
[round 32] timing train=113.529s distribution=0.507s agg=0.083s eval=55.115s total=169.248s
[round 33] reused planned scale coverage: [1, 2, 1, 2, 1, 2, 2, 1]
Classification: train=1.0000 test=0.5835 round=33
[round 33] timing train=112.193s distribution=0.505s agg=0.100s eval=54.216s total=167.018s
[round 34] reused planned scale coverage: [1, 2, 1, 2, 1, 2, 2, 1]
Classification: train=1.0000 test=0.5843 round=34
[round 34] timing train=104.500s distribution=0.426s agg=0.054s eval=56.151s total=161.136s
[round 35] reused planned scale coverage: [1, 2, 1, 2, 1, 2, 2, 1]
Classification: train=1.0000 test=0.5848 round=35
[round 35] timing train=109.397s distribution=0.472s agg=0.050s eval=55.043s total=164.966s
[round 36] reused planned scale coverage: [1, 2, 1, 2, 1, 2, 2, 1]
Classification: train=1.0000 test=0.5852 round=36
[round 36] timing train=107.965s distribution=0.658s agg=0.041s eval=55.812s total=164.481s
[round 37] reused planned scale coverage: [1, 2, 1, 2, 1, 2, 2, 1]
Classification: train=1.0000 test=0.5860 round=37
[round 37] timing train=107.765s distribution=0.477s agg=0.071s eval=54.312s total=162.630s
[round 38] reused planned scale coverage: [1, 2, 1, 2, 1, 2, 2, 1]
Classification: train=1.0000 test=0.5856 round=38
[round 38] timing train=114.584s distribution=0.528s agg=0.031s eval=56.048s total=171.196s
[round 39] reused planned scale coverage: [1, 2, 1, 2, 1, 2, 2, 1]
Classification: train=1.0000 test=0.5856 round=39
[round 39] timing train=133.112s distribution=0.727s agg=0.135s eval=68.977s total=202.981s
[round 40] reused planned scale coverage: [1, 2, 1, 2, 1, 2, 2, 1]
Classification: train=1.0000 test=0.5864 round=40
[round 40] timing train=142.742s distribution=0.666s agg=0.147s eval=62.716s total=206.288s
[round 41] reused planned scale coverage: [1, 2, 1, 2, 1, 2, 2, 1]
Classification: train=1.0000 test=0.5876 round=41
[round 41] timing train=128.562s distribution=0.701s agg=0.079s eval=68.305s total=197.694s
[round 42] reused planned scale coverage: [1, 2, 1, 2, 1, 2, 2, 1]
Classification: train=1.0000 test=0.5876 round=42
[round 42] timing train=136.611s distribution=0.776s agg=0.136s eval=70.450s total=208.008s
[round 43] reused planned scale coverage: [1, 2, 1, 2, 1, 2, 2, 1]
Classification: train=1.0000 test=0.5876 round=43
[round 43] timing train=139.488s distribution=0.791s agg=0.130s eval=69.433s total=209.856s
[round 44] reused planned scale coverage: [1, 2, 1, 2, 1, 2, 2, 1]
Classification: train=1.0000 test=0.5884 round=44
[round 44] timing train=133.059s distribution=0.546s agg=0.057s eval=69.108s total=202.783s
[round 45] reused planned scale coverage: [1, 2, 1, 2, 1, 2, 2, 1]
Classification: train=1.0000 test=0.5884 round=45
[round 45] timing train=132.766s distribution=1.076s agg=0.172s eval=74.676s total=208.697s
[round 46] reused planned scale coverage: [1, 2, 1, 2, 1, 2, 2, 1]
Classification: train=1.0000 test=0.5880 round=46
[round 46] timing train=153.063s distribution=0.890s agg=0.214s eval=87.303s total=241.483s
[round 47] reused planned scale coverage: [1, 2, 1, 2, 1, 2, 2, 1]
Classification: train=1.0000 test=0.5880 round=47
[round 47] timing train=167.012s distribution=0.804s agg=0.162s eval=88.807s total=256.803s
[round 48] reused planned scale coverage: [1, 2, 1, 2, 1, 2, 2, 1]
Classification: train=1.0000 test=0.5880 round=48
[round 48] timing train=164.051s distribution=0.700s agg=0.253s eval=86.949s total=251.999s
[round 49] reused planned scale coverage: [1, 2, 1, 2, 1, 2, 2, 1]
Classification: train=1.0000 test=0.5876 round=49
[round 49] timing train=165.404s distribution=0.981s agg=0.155s eval=85.845s total=252.416s
[round 50] reused planned scale coverage: [1, 2, 1, 2, 1, 2, 2, 1]
Classification: train=1.0000 test=0.5880 round=50
[round 50] timing train=165.762s distribution=1.241s agg=0.167s eval=85.702s total=252.896s
[round 51] reused planned scale coverage: [1, 2, 1, 2, 1, 2, 2, 1]
Classification: train=1.0000 test=0.5872 round=51
[round 51] timing train=166.626s distribution=0.900s agg=0.177s eval=89.084s total=256.834s
[round 52] reused planned scale coverage: [1, 2, 1, 2, 1, 2, 2, 1]
Classification: train=1.0000 test=0.5876 round=52
[round 52] timing train=166.500s distribution=0.973s agg=0.189s eval=90.464s total=258.157s
[round 53] reused planned scale coverage: [1, 2, 1, 2, 1, 2, 2, 1]
Classification: train=1.0000 test=0.5884 round=53
[round 53] timing train=172.098s distribution=0.971s agg=0.178s eval=97.540s total=270.822s
[round 54] reused planned scale coverage: [1, 2, 1, 2, 1, 2, 2, 1]
Classification: train=1.0000 test=0.5876 round=54
[round 54] timing train=166.671s distribution=0.906s agg=0.194s eval=86.953s total=254.787s
[round 55] reused planned scale coverage: [1, 2, 1, 2, 1, 2, 2, 1]
Classification: train=1.0000 test=0.5864 round=55
[round 55] timing train=172.624s distribution=1.110s agg=0.209s eval=84.618s total=258.569s
[round 56] reused planned scale coverage: [1, 2, 1, 2, 1, 2, 2, 1]
Classification: train=1.0000 test=0.5872 round=56
[round 56] timing train=170.725s distribution=0.897s agg=0.247s eval=84.091s total=255.999s
[round 57] reused planned scale coverage: [1, 2, 1, 2, 1, 2, 2, 1]
Classification: train=1.0000 test=0.5876 round=57
[round 57] timing train=172.342s distribution=0.976s agg=0.271s eval=90.360s total=263.990s
[round 58] reused planned scale coverage: [1, 2, 1, 2, 1, 2, 2, 1]
Classification: train=1.0000 test=0.5876 round=58
[round 58] timing train=168.274s distribution=0.842s agg=0.169s eval=91.716s total=261.076s
[round 59] reused planned scale coverage: [1, 2, 1, 2, 1, 2, 2, 1]
Classification: train=1.0000 test=0.5876 round=59
[round 59] timing train=168.877s distribution=0.910s agg=0.220s eval=95.194s total=265.232s
[fedcsl] checkpoint saved → ./checkpoint/resume/fedcsl_LSST_2026-05-03-20har_fedcsl-onehot-fullteacher_dir0.1.pt (round=60)
[round 60] reused planned scale coverage: [1, 2, 1, 2, 1, 2, 2, 1]
Classification: train=1.0000 test=0.5880 round=60
[round 60] timing train=168.550s distribution=0.930s agg=0.211s eval=88.725s total=258.451s
[round 61] reused planned scale coverage: [1, 2, 1, 2, 1, 2, 2, 1]
Classification: train=1.0000 test=0.5880 round=61
[round 61] timing train=168.882s distribution=0.870s agg=0.161s eval=91.149s total=261.072s
[round 62] reused planned scale coverage: [1, 2, 1, 2, 1, 2, 2, 1]
Classification: train=1.0000 test=0.5880 round=62
[round 62] timing train=172.247s distribution=0.713s agg=0.224s eval=88.818s total=262.012s
[round 63] reused planned scale coverage: [1, 2, 1, 2, 1, 2, 2, 1]
Classification: train=1.0000 test=0.5876 round=63
[round 63] timing train=170.889s distribution=0.846s agg=0.269s eval=87.141s total=259.192s
[round 64] reused planned scale coverage: [1, 2, 1, 2, 1, 2, 2, 1]
Classification: train=1.0000 test=0.5884 round=64
[round 64] timing train=174.223s distribution=0.957s agg=0.212s eval=87.809s total=263.215s
[round 65] reused planned scale coverage: [1, 2, 1, 2, 1, 2, 2, 1]
Classification: train=1.0000 test=0.5888 round=65
[round 65] timing train=172.804s distribution=0.935s agg=0.322s eval=91.653s total=265.728s
[round 66] reused planned scale coverage: [1, 2, 1, 2, 1, 2, 2, 1]
Classification: train=1.0000 test=0.5888 round=66
[round 66] timing train=172.091s distribution=1.061s agg=0.252s eval=84.635s total=258.110s
[round 67] reused planned scale coverage: [1, 2, 1, 2, 1, 2, 2, 1]
Classification: train=1.0000 test=0.5884 round=67
[round 67] timing train=167.019s distribution=0.771s agg=0.261s eval=77.570s total=245.640s
[round 68] reused planned scale coverage: [1, 2, 1, 2, 1, 2, 2, 1]
Classification: train=1.0000 test=0.5884 round=68
[round 68] timing train=166.200s distribution=0.851s agg=0.340s eval=93.790s total=261.188s
[round 69] reused planned scale coverage: [1, 2, 1, 2, 1, 2, 2, 1]
Classification: train=1.0000 test=0.5876 round=69
[round 69] timing train=170.903s distribution=0.902s agg=0.243s eval=89.069s total=261.191s
[round 70] reused planned scale coverage: [1, 2, 1, 2, 1, 2, 2, 1]
Classification: train=1.0000 test=0.5872 round=70
[round 70] timing train=173.056s distribution=0.793s agg=0.121s eval=88.290s total=262.287s
[round 71] reused planned scale coverage: [1, 2, 1, 2, 1, 2, 2, 1]
Classification: train=1.0000 test=0.5872 round=71
[round 71] timing train=168.197s distribution=0.733s agg=0.268s eval=87.661s total=256.888s
[round 72] reused planned scale coverage: [1, 2, 1, 2, 1, 2, 2, 1]
Classification: train=1.0000 test=0.5864 round=72
[round 72] timing train=144.461s distribution=0.634s agg=0.033s eval=81.449s total=226.623s
[round 73] reused planned scale coverage: [1, 2, 1, 2, 1, 2, 2, 1]
Classification: train=1.0000 test=0.5860 round=73
[round 73] timing train=173.039s distribution=0.596s agg=0.188s eval=88.950s total=262.802s
[round 74] reused planned scale coverage: [1, 2, 1, 2, 1, 2, 2, 1]
Classification: train=1.0000 test=0.5860 round=74
[round 74] timing train=169.810s distribution=0.824s agg=0.207s eval=87.117s total=257.975s
[round 75] reused planned scale coverage: [1, 2, 1, 2, 1, 2, 2, 1]
Classification: train=1.0000 test=0.5864 round=75
[round 75] timing train=168.244s distribution=0.772s agg=0.151s eval=89.836s total=259.014s
[round 76] reused planned scale coverage: [1, 2, 1, 2, 1, 2, 2, 1]
Classification: train=1.0000 test=0.5856 round=76
[round 76] timing train=171.223s distribution=0.821s agg=0.148s eval=94.249s total=266.457s
[round 77] reused planned scale coverage: [1, 2, 1, 2, 1, 2, 2, 1]
Classification: train=1.0000 test=0.5864 round=77
[round 77] timing train=169.532s distribution=0.695s agg=0.239s eval=83.568s total=254.042s
[round 78] reused planned scale coverage: [1, 2, 1, 2, 1, 2, 2, 1]
Classification: train=1.0000 test=0.5860 round=78
[round 78] timing train=170.652s distribution=0.914s agg=0.202s eval=84.973s total=256.779s
[round 79] reused planned scale coverage: [1, 2, 1, 2, 1, 2, 2, 1]
Classification: train=1.0000 test=0.5856 round=79
[round 79] timing train=167.716s distribution=0.952s agg=0.253s eval=89.039s total=257.991s
[round 80] reused planned scale coverage: [1, 2, 1, 2, 1, 2, 2, 1]
Classification: train=1.0000 test=0.5868 round=80
[round 80] timing train=170.173s distribution=0.998s agg=0.316s eval=94.258s total=265.753s
[round 81] reused planned scale coverage: [1, 2, 1, 2, 1, 2, 2, 1]
Classification: train=1.0000 test=0.5868 round=81
[round 81] timing train=165.218s distribution=0.799s agg=0.214s eval=88.517s total=254.765s
[round 82] reused planned scale coverage: [1, 2, 1, 2, 1, 2, 2, 1]
Classification: train=1.0000 test=0.5864 round=82
[round 82] timing train=172.174s distribution=0.907s agg=0.228s eval=91.653s total=265.006s
[round 83] reused planned scale coverage: [1, 2, 1, 2, 1, 2, 2, 1]
Classification: train=1.0000 test=0.5868 round=83
[round 83] timing train=168.996s distribution=0.754s agg=0.233s eval=83.529s total=253.563s
[round 84] reused planned scale coverage: [1, 2, 1, 2, 1, 2, 2, 1]
Classification: train=1.0000 test=0.5868 round=84
[round 84] timing train=172.194s distribution=0.938s agg=0.364s eval=89.412s total=262.922s
[round 85] reused planned scale coverage: [1, 2, 1, 2, 1, 2, 2, 1]
Classification: train=1.0000 test=0.5860 round=85
[round 85] timing train=168.158s distribution=0.788s agg=0.286s eval=86.952s total=256.196s
[round 86] reused planned scale coverage: [1, 2, 1, 2, 1, 2, 2, 1]
Classification: train=1.0000 test=0.5864 round=86
[round 86] timing train=171.065s distribution=0.936s agg=0.345s eval=92.392s total=264.751s
[round 87] reused planned scale coverage: [1, 2, 1, 2, 1, 2, 2, 1]
Classification: train=1.0000 test=0.5860 round=87
[round 87] timing train=171.158s distribution=0.786s agg=0.219s eval=89.482s total=261.664s
[round 88] reused planned scale coverage: [1, 2, 1, 2, 1, 2, 2, 1]
Classification: train=1.0000 test=0.5860 round=88
[round 88] timing train=171.631s distribution=0.920s agg=0.221s eval=86.702s total=259.490s
[round 89] reused planned scale coverage: [1, 2, 1, 2, 1, 2, 2, 1]
Classification: train=1.0000 test=0.5864 round=89
[round 89] timing train=169.937s distribution=0.937s agg=0.434s eval=91.175s total=262.490s
[fedcsl] checkpoint saved → ./checkpoint/resume/fedcsl_LSST_2026-05-03-20har_fedcsl-onehot-fullteacher_dir0.1.pt (round=90)
[round 90] reused planned scale coverage: [1, 2, 1, 2, 1, 2, 2, 1]
Classification: train=1.0000 test=0.5860 round=90
[round 90] timing train=167.396s distribution=0.872s agg=0.304s eval=94.110s total=262.692s
[round 91] reused planned scale coverage: [1, 2, 1, 2, 1, 2, 2, 1]
Classification: train=1.0000 test=0.5860 round=91
[round 91] timing train=167.619s distribution=0.875s agg=0.152s eval=86.011s total=254.664s
[round 92] reused planned scale coverage: [1, 2, 1, 2, 1, 2, 2, 1]
Classification: train=1.0000 test=0.5860 round=92
[round 92] timing train=167.853s distribution=1.017s agg=0.194s eval=89.830s total=258.909s
[round 93] reused planned scale coverage: [1, 2, 1, 2, 1, 2, 2, 1]
Classification: train=1.0000 test=0.5852 round=93
[round 93] timing train=170.585s distribution=1.015s agg=0.270s eval=87.376s total=259.265s
[round 94] reused planned scale coverage: [1, 2, 1, 2, 1, 2, 2, 1]
Classification: train=1.0000 test=0.5848 round=94
[round 94] timing train=144.322s distribution=0.657s agg=0.311s eval=85.959s total=231.298s
[round 95] reused planned scale coverage: [1, 2, 1, 2, 1, 2, 2, 1]
Classification: train=1.0000 test=0.5852 round=95
[round 95] timing train=179.531s distribution=0.910s agg=0.376s eval=85.270s total=266.107s
[round 96] reused planned scale coverage: [1, 2, 1, 2, 1, 2, 2, 1]
Classification: train=1.0000 test=0.5848 round=96
[round 96] timing train=172.088s distribution=0.849s agg=0.160s eval=95.368s total=268.502s
[round 97] reused planned scale coverage: [1, 2, 1, 2, 1, 2, 2, 1]
Classification: train=1.0000 test=0.5856 round=97
[round 97] timing train=175.007s distribution=0.932s agg=0.155s eval=90.490s total=266.616s
[round 98] reused planned scale coverage: [1, 2, 1, 2, 1, 2, 2, 1]
Classification: train=1.0000 test=0.5860 round=98
[round 98] timing train=166.768s distribution=0.972s agg=0.204s eval=89.269s total=257.273s
[round 99] reused planned scale coverage: [1, 2, 1, 2, 1, 2, 2, 1]
Classification: train=1.0000 test=0.5864 round=99
[round 99] timing train=135.667s distribution=1.061s agg=0.086s eval=84.541s total=221.368s
[round 100] reused planned scale coverage: [1, 2, 1, 2, 1, 2, 2, 1]
Classification: train=1.0000 test=0.5864 round=100
[round 100] timing train=174.557s distribution=0.719s agg=0.303s eval=86.214s total=261.809s
[round 101] reused planned scale coverage: [1, 2, 1, 2, 1, 2, 2, 1]
Classification: train=1.0000 test=0.5872 round=101
[round 101] timing train=169.676s distribution=0.872s agg=0.247s eval=83.016s total=253.831s
[round 102] reused planned scale coverage: [1, 2, 1, 2, 1, 2, 2, 1]
Classification: train=1.0000 test=0.5868 round=102
[round 102] timing train=174.896s distribution=0.878s agg=0.172s eval=90.957s total=266.957s
[round 103] reused planned scale coverage: [1, 2, 1, 2, 1, 2, 2, 1]
Classification: train=1.0000 test=0.5868 round=103
[round 103] timing train=171.451s distribution=0.681s agg=0.183s eval=90.602s total=262.960s
[round 104] reused planned scale coverage: [1, 2, 1, 2, 1, 2, 2, 1]
Classification: train=1.0000 test=0.5872 round=104
[round 104] timing train=168.460s distribution=0.924s agg=0.256s eval=91.297s total=260.943s
[round 105] reused planned scale coverage: [1, 2, 1, 2, 1, 2, 2, 1]
Classification: train=1.0000 test=0.5868 round=105
[round 105] timing train=172.157s distribution=1.063s agg=0.187s eval=86.729s total=260.150s
[round 106] reused planned scale coverage: [1, 2, 1, 2, 1, 2, 2, 1]
Classification: train=1.0000 test=0.5864 round=106
[round 106] timing train=170.471s distribution=0.841s agg=0.347s eval=89.147s total=260.851s
[round 107] reused planned scale coverage: [1, 2, 1, 2, 1, 2, 2, 1]
Classification: train=1.0000 test=0.5872 round=107
[round 107] timing train=171.815s distribution=0.882s agg=0.239s eval=89.354s total=262.320s
[round 108] reused planned scale coverage: [1, 2, 1, 2, 1, 2, 2, 1]
Classification: train=1.0000 test=0.5880 round=108
[round 108] timing train=169.735s distribution=0.748s agg=0.181s eval=84.769s total=255.440s
[round 109] reused planned scale coverage: [1, 2, 1, 2, 1, 2, 2, 1]
Classification: train=1.0000 test=0.5880 round=109
[round 109] timing train=169.126s distribution=0.916s agg=0.106s eval=90.190s total=260.345s
[round 110] reused planned scale coverage: [1, 2, 1, 2, 1, 2, 2, 1]
Classification: train=1.0000 test=0.5880 round=110
[round 110] timing train=166.610s distribution=1.020s agg=0.287s eval=94.214s total=262.147s
[round 111] reused planned scale coverage: [1, 2, 1, 2, 1, 2, 2, 1]
Classification: train=1.0000 test=0.5892 round=111
[round 111] timing train=168.772s distribution=0.771s agg=0.281s eval=85.756s total=255.643s
[round 112] reused planned scale coverage: [1, 2, 1, 2, 1, 2, 2, 1]
Classification: train=1.0000 test=0.5884 round=112
[round 112] timing train=166.735s distribution=0.807s agg=0.245s eval=87.894s total=255.696s
[round 113] reused planned scale coverage: [1, 2, 1, 2, 1, 2, 2, 1]
Classification: train=1.0000 test=0.5884 round=113
[round 113] timing train=172.836s distribution=0.759s agg=0.142s eval=90.056s total=263.810s
[round 114] reused planned scale coverage: [1, 2, 1, 2, 1, 2, 2, 1]
Classification: train=1.0000 test=0.5884 round=114
[round 114] timing train=175.815s distribution=0.853s agg=0.348s eval=91.117s total=268.150s
[round 115] reused planned scale coverage: [1, 2, 1, 2, 1, 2, 2, 1]
Classification: train=1.0000 test=0.5880 round=115
[round 115] timing train=168.825s distribution=1.070s agg=0.308s eval=94.747s total=264.989s
[round 116] reused planned scale coverage: [1, 2, 1, 2, 1, 2, 2, 1]
Classification: train=1.0000 test=0.5880 round=116
[round 116] timing train=167.593s distribution=1.037s agg=0.155s eval=89.098s total=257.891s
[round 117] reused planned scale coverage: [1, 2, 1, 2, 1, 2, 2, 1]
Classification: train=1.0000 test=0.5880 round=117
[round 117] timing train=167.767s distribution=0.913s agg=0.178s eval=92.144s total=261.051s
[round 118] reused planned scale coverage: [1, 2, 1, 2, 1, 2, 2, 1]
Classification: train=1.0000 test=0.5880 round=118
[round 118] timing train=170.679s distribution=0.790s agg=0.144s eval=92.552s total=264.201s
[round 119] reused planned scale coverage: [1, 2, 1, 2, 1, 2, 2, 1]
Classification: train=1.0000 test=0.5880 round=119
[round 119] timing train=167.153s distribution=0.772s agg=0.190s eval=89.476s total=257.625s
[fedcsl] checkpoint saved → ./checkpoint/resume/fedcsl_LSST_2026-05-03-20har_fedcsl-onehot-fullteacher_dir0.1.pt (round=120)
[round 120] reused planned scale coverage: [1, 2, 1, 2, 1, 2, 2, 1]
Classification: train=1.0000 test=0.5884 round=120
[round 120] timing train=166.006s distribution=0.732s agg=0.280s eval=75.208s total=242.238s
[round 121] reused planned scale coverage: [1, 2, 1, 2, 1, 2, 2, 1]
Classification: train=1.0000 test=0.5884 round=121
[round 121] timing train=156.490s distribution=0.736s agg=0.320s eval=89.995s total=247.555s
[round 122] reused planned scale coverage: [1, 2, 1, 2, 1, 2, 2, 1]
Classification: train=1.0000 test=0.5884 round=122
[round 122] timing train=176.547s distribution=0.693s agg=0.204s eval=91.114s total=268.568s
[round 123] reused planned scale coverage: [1, 2, 1, 2, 1, 2, 2, 1]
Classification: train=1.0000 test=0.5884 round=123
[round 123] timing train=165.686s distribution=0.748s agg=0.209s eval=93.063s total=259.731s
[round 124] reused planned scale coverage: [1, 2, 1, 2, 1, 2, 2, 1]
Classification: train=1.0000 test=0.5884 round=124
[round 124] timing train=165.401s distribution=0.897s agg=0.163s eval=86.253s total=252.728s
[round 125] reused planned scale coverage: [1, 2, 1, 2, 1, 2, 2, 1]
Classification: train=1.0000 test=0.5888 round=125
[round 125] timing train=166.259s distribution=0.887s agg=0.364s eval=78.432s total=245.987s
[round 126] reused planned scale coverage: [1, 2, 1, 2, 1, 2, 2, 1]
Classification: train=1.0000 test=0.5896 round=126
[round 126] timing train=155.311s distribution=0.786s agg=0.247s eval=87.358s total=243.712s
[round 127] reused planned scale coverage: [1, 2, 1, 2, 1, 2, 2, 1]
Classification: train=1.0000 test=0.5896 round=127
[round 127] timing train=163.926s distribution=0.823s agg=0.229s eval=86.231s total=251.235s
[round 128] reused planned scale coverage: [1, 2, 1, 2, 1, 2, 2, 1]
Classification: train=1.0000 test=0.5896 round=128
[round 128] timing train=168.867s distribution=0.962s agg=0.276s eval=89.368s total=259.489s
[round 129] reused planned scale coverage: [1, 2, 1, 2, 1, 2, 2, 1]
Classification: train=1.0000 test=0.5896 round=129
[round 129] timing train=171.645s distribution=0.822s agg=0.141s eval=91.702s total=264.355s
[round 130] reused planned scale coverage: [1, 2, 1, 2, 1, 2, 2, 1]
Classification: train=1.0000 test=0.5904 round=130
[round 130] timing train=171.524s distribution=0.941s agg=0.245s eval=87.073s total=259.829s
[round 131] reused planned scale coverage: [1, 2, 1, 2, 1, 2, 2, 1]
Classification: train=1.0000 test=0.5908 round=131
[round 131] timing train=171.138s distribution=0.961s agg=0.151s eval=84.956s total=257.237s
[round 132] reused planned scale coverage: [1, 2, 1, 2, 1, 2, 2, 1]
Classification: train=1.0000 test=0.5908 round=132
[round 132] timing train=172.547s distribution=1.025s agg=0.249s eval=83.510s total=257.339s
[round 133] reused planned scale coverage: [1, 2, 1, 2, 1, 2, 2, 1]
Classification: train=1.0000 test=0.5916 round=133
[round 133] timing train=167.380s distribution=0.934s agg=0.279s eval=87.641s total=256.253s
[round 134] reused planned scale coverage: [1, 2, 1, 2, 1, 2, 2, 1]
Classification: train=1.0000 test=0.5916 round=134
[round 134] timing train=168.662s distribution=0.872s agg=0.294s eval=92.889s total=262.730s
[round 135] reused planned scale coverage: [1, 2, 1, 2, 1, 2, 2, 1]
Classification: train=1.0000 test=0.5916 round=135
[round 135] timing train=166.426s distribution=0.833s agg=0.202s eval=89.697s total=257.170s
[round 136] reused planned scale coverage: [1, 2, 1, 2, 1, 2, 2, 1]
Classification: train=1.0000 test=0.5916 round=136
[round 136] timing train=169.692s distribution=0.769s agg=0.191s eval=84.688s total=255.350s
[round 137] reused planned scale coverage: [1, 2, 1, 2, 1, 2, 2, 1]
Classification: train=1.0000 test=0.5921 round=137
[round 137] timing train=166.761s distribution=1.033s agg=0.264s eval=88.960s total=257.049s
[round 138] reused planned scale coverage: [1, 2, 1, 2, 1, 2, 2, 1]
Classification: train=1.0000 test=0.5921 round=138
[round 138] timing train=168.113s distribution=1.100s agg=0.275s eval=88.740s total=258.232s
[round 139] reused planned scale coverage: [1, 2, 1, 2, 1, 2, 2, 1]
Classification: train=1.0000 test=0.5908 round=139
[round 139] timing train=170.031s distribution=0.815s agg=0.179s eval=89.263s total=260.333s
[round 140] reused planned scale coverage: [1, 2, 1, 2, 1, 2, 2, 1]
Classification: train=1.0000 test=0.5908 round=140
[round 140] timing train=165.062s distribution=0.945s agg=0.221s eval=87.906s total=254.164s
[round 141] reused planned scale coverage: [1, 2, 1, 2, 1, 2, 2, 1]
Classification: train=1.0000 test=0.5912 round=141
[round 141] timing train=173.585s distribution=0.961s agg=0.271s eval=85.537s total=260.385s
[round 142] reused planned scale coverage: [1, 2, 1, 2, 1, 2, 2, 1]
Classification: train=1.0000 test=0.5921 round=142
[round 142] timing train=168.792s distribution=1.014s agg=0.259s eval=92.203s total=262.286s
[round 143] reused planned scale coverage: [1, 2, 1, 2, 1, 2, 2, 1]
Classification: train=1.0000 test=0.5912 round=143
[round 143] timing train=171.661s distribution=0.846s agg=0.217s eval=88.350s total=261.095s
[round 144] reused planned scale coverage: [1, 2, 1, 2, 1, 2, 2, 1]
Classification: train=1.0000 test=0.5916 round=144
[round 144] timing train=169.650s distribution=0.824s agg=0.134s eval=86.327s total=256.949s
[round 145] reused planned scale coverage: [1, 2, 1, 2, 1, 2, 2, 1]
Classification: train=1.0000 test=0.5916 round=145
[round 145] timing train=170.223s distribution=0.946s agg=0.204s eval=87.053s total=258.443s
[round 146] reused planned scale coverage: [1, 2, 1, 2, 1, 2, 2, 1]
Classification: train=1.0000 test=0.5916 round=146
[round 146] timing train=167.258s distribution=0.774s agg=0.284s eval=90.752s total=259.087s
[round 147] reused planned scale coverage: [1, 2, 1, 2, 1, 2, 2, 1]
Classification: train=1.0000 test=0.5908 round=147
[round 147] timing train=155.436s distribution=0.744s agg=0.241s eval=77.747s total=234.194s
[round 148] reused planned scale coverage: [1, 2, 1, 2, 1, 2, 2, 1]
Classification: train=1.0000 test=0.5908 round=148
[round 148] timing train=172.014s distribution=1.009s agg=0.169s eval=93.740s total=266.947s
[round 149] reused planned scale coverage: [1, 2, 1, 2, 1, 2, 2, 1]
Classification: train=1.0000 test=0.5908 round=149
[round 149] timing train=173.093s distribution=0.917s agg=0.244s eval=90.155s total=264.460s
[fedcsl] checkpoint saved → ./checkpoint/resume/fedcsl_LSST_2026-05-03-20har_fedcsl-onehot-fullteacher_dir0.1.pt (round=150)
[round 150] reused planned scale coverage: [1, 2, 1, 2, 1, 2, 2, 1]
Classification: train=1.0000 test=0.5900 round=150
[round 150] timing train=173.422s distribution=0.817s agg=0.308s eval=87.480s total=262.069s
[round 151] reused planned scale coverage: [1, 2, 1, 2, 1, 2, 2, 1]
Classification: train=1.0000 test=0.5900 round=151
[round 151] timing train=172.346s distribution=1.072s agg=0.315s eval=81.355s total=255.104s
[round 152] reused planned scale coverage: [1, 2, 1, 2, 1, 2, 2, 1]
Classification: train=1.0000 test=0.5900 round=152
[round 152] timing train=147.112s distribution=0.824s agg=0.389s eval=91.554s total=239.886s
[round 153] reused planned scale coverage: [1, 2, 1, 2, 1, 2, 2, 1]
Classification: train=1.0000 test=0.5892 round=153
[round 153] timing train=169.980s distribution=0.929s agg=0.272s eval=82.228s total=253.429s
[round 154] reused planned scale coverage: [1, 2, 1, 2, 1, 2, 2, 1]
Classification: train=1.0000 test=0.5896 round=154
[round 154] timing train=161.979s distribution=0.923s agg=0.289s eval=85.738s total=248.971s
[round 155] reused planned scale coverage: [1, 2, 1, 2, 1, 2, 2, 1]
Classification: train=1.0000 test=0.5900 round=155
[round 155] timing train=162.097s distribution=0.907s agg=0.105s eval=88.444s total=251.606s
[round 156] reused planned scale coverage: [1, 2, 1, 2, 1, 2, 2, 1]
Classification: train=1.0000 test=0.5908 round=156
[round 156] timing train=163.101s distribution=0.736s agg=0.164s eval=84.837s total=248.847s
[round 157] reused planned scale coverage: [1, 2, 1, 2, 1, 2, 2, 1]
Classification: train=1.0000 test=0.5908 round=157
[round 157] timing train=165.202s distribution=0.769s agg=0.071s eval=78.782s total=244.830s
[round 158] reused planned scale coverage: [1, 2, 1, 2, 1, 2, 2, 1]
Classification: train=1.0000 test=0.5912 round=158
[round 158] timing train=164.028s distribution=0.961s agg=0.119s eval=82.013s total=247.135s
[round 159] reused planned scale coverage: [1, 2, 1, 2, 1, 2, 2, 1]
Classification: train=1.0000 test=0.5912 round=159
[round 159] timing train=163.165s distribution=0.970s agg=0.214s eval=88.624s total=253.021s
[round 160] reused planned scale coverage: [1, 2, 1, 2, 1, 2, 2, 1]
Classification: train=1.0000 test=0.5912 round=160
[round 160] timing train=170.703s distribution=0.618s agg=0.287s eval=81.502s total=253.134s
[round 161] reused planned scale coverage: [1, 2, 1, 2, 1, 2, 2, 1]
Classification: train=1.0000 test=0.5912 round=161
[round 161] timing train=171.749s distribution=0.966s agg=0.164s eval=86.479s total=259.369s
[round 162] reused planned scale coverage: [1, 2, 1, 2, 1, 2, 2, 1]
Classification: train=1.0000 test=0.5912 round=162
[round 162] timing train=163.402s distribution=0.762s agg=0.129s eval=83.351s total=247.706s
[round 163] reused planned scale coverage: [1, 2, 1, 2, 1, 2, 2, 1]
Classification: train=1.0000 test=0.5916 round=163
[round 163] timing train=166.156s distribution=0.676s agg=0.153s eval=85.870s total=252.886s
[round 164] reused planned scale coverage: [1, 2, 1, 2, 1, 2, 2, 1]
Classification: train=1.0000 test=0.5912 round=164
[round 164] timing train=162.718s distribution=0.964s agg=0.213s eval=89.301s total=253.205s
[round 165] reused planned scale coverage: [1, 2, 1, 2, 1, 2, 2, 1]
Classification: train=1.0000 test=0.5912 round=165
[round 165] timing train=164.122s distribution=0.986s agg=0.173s eval=87.678s total=252.969s
[round 166] reused planned scale coverage: [1, 2, 1, 2, 1, 2, 2, 1]
Classification: train=1.0000 test=0.5908 round=166
[round 166] timing train=167.177s distribution=0.809s agg=0.182s eval=83.428s total=251.634s
[round 167] reused planned scale coverage: [1, 2, 1, 2, 1, 2, 2, 1]
Classification: train=1.0000 test=0.5908 round=167
[round 167] timing train=164.895s distribution=0.973s agg=0.240s eval=81.962s total=248.102s
[round 168] reused planned scale coverage: [1, 2, 1, 2, 1, 2, 2, 1]
Classification: train=1.0000 test=0.5908 round=168
[round 168] timing train=164.408s distribution=0.589s agg=0.153s eval=85.139s total=250.356s
[round 169] reused planned scale coverage: [1, 2, 1, 2, 1, 2, 2, 1]
Classification: train=1.0000 test=0.5921 round=169
[round 169] timing train=159.406s distribution=0.945s agg=0.124s eval=91.486s total=251.993s
[round 170] reused planned scale coverage: [1, 2, 1, 2, 1, 2, 2, 1]
Classification: train=1.0000 test=0.5921 round=170
[round 170] timing train=159.042s distribution=0.897s agg=0.186s eval=78.111s total=238.245s
[round 171] reused planned scale coverage: [1, 2, 1, 2, 1, 2, 2, 1]
Classification: train=1.0000 test=0.5916 round=171
[round 171] timing train=159.137s distribution=0.643s agg=0.178s eval=77.571s total=237.542s
[round 172] reused planned scale coverage: [1, 2, 1, 2, 1, 2, 2, 1]
Classification: train=1.0000 test=0.5921 round=172
[round 172] timing train=135.755s distribution=1.016s agg=0.173s eval=87.668s total=224.628s
[round 173] reused planned scale coverage: [1, 2, 1, 2, 1, 2, 2, 1]
Classification: train=1.0000 test=0.5904 round=173
[round 173] timing train=161.023s distribution=0.822s agg=0.165s eval=85.145s total=247.190s
[round 174] reused planned scale coverage: [1, 2, 1, 2, 1, 2, 2, 1]
Classification: train=1.0000 test=0.5904 round=174
[round 174] timing train=163.998s distribution=0.845s agg=0.212s eval=83.949s total=249.036s
[round 175] reused planned scale coverage: [1, 2, 1, 2, 1, 2, 2, 1]
Classification: train=1.0000 test=0.5900 round=175
[round 175] timing train=164.833s distribution=0.627s agg=0.136s eval=85.729s total=251.331s
[round 176] reused planned scale coverage: [1, 2, 1, 2, 1, 2, 2, 1]
Classification: train=1.0000 test=0.5896 round=176
[round 176] timing train=165.624s distribution=0.930s agg=0.218s eval=80.156s total=246.942s
[round 177] reused planned scale coverage: [1, 2, 1, 2, 1, 2, 2, 1]
Classification: train=1.0000 test=0.5896 round=177
[round 177] timing train=162.146s distribution=0.827s agg=0.211s eval=85.092s total=248.283s
[round 178] reused planned scale coverage: [1, 2, 1, 2, 1, 2, 2, 1]
Classification: train=1.0000 test=0.5896 round=178
[round 178] timing train=163.956s distribution=0.853s agg=0.156s eval=80.041s total=245.013s
[round 179] reused planned scale coverage: [1, 2, 1, 2, 1, 2, 2, 1]
Classification: train=1.0000 test=0.5896 round=179
[round 179] timing train=155.015s distribution=0.612s agg=0.109s eval=70.210s total=225.952s
[fedcsl] checkpoint saved → ./checkpoint/resume/fedcsl_LSST_2026-05-03-20har_fedcsl-onehot-fullteacher_dir0.1.pt (round=180)
[round 180] reused planned scale coverage: [1, 2, 1, 2, 1, 2, 2, 1]
Classification: train=1.0000 test=0.5892 round=180
[round 180] timing train=151.883s distribution=0.743s agg=0.138s eval=79.155s total=231.929s
[round 181] reused planned scale coverage: [1, 2, 1, 2, 1, 2, 2, 1]
Classification: train=1.0000 test=0.5888 round=181
[round 181] timing train=166.212s distribution=0.800s agg=0.156s eval=83.212s total=250.407s
[round 182] reused planned scale coverage: [1, 2, 1, 2, 1, 2, 2, 1]
Classification: train=1.0000 test=0.5896 round=182
[round 182] timing train=158.868s distribution=0.930s agg=0.125s eval=84.217s total=244.189s
[round 183] reused planned scale coverage: [1, 2, 1, 2, 1, 2, 2, 1]
Classification: train=1.0000 test=0.5892 round=183
[round 183] timing train=160.173s distribution=0.876s agg=0.151s eval=86.901s total=248.116s
[round 184] reused planned scale coverage: [1, 2, 1, 2, 1, 2, 2, 1]
Classification: train=1.0000 test=0.5896 round=184
[round 184] timing train=152.071s distribution=0.779s agg=0.216s eval=84.743s total=237.883s
[round 185] reused planned scale coverage: [1, 2, 1, 2, 1, 2, 2, 1]
Classification: train=1.0000 test=0.5896 round=185
[round 185] timing train=157.743s distribution=0.796s agg=0.081s eval=78.003s total=236.641s
[round 186] reused planned scale coverage: [1, 2, 1, 2, 1, 2, 2, 1]
Classification: train=1.0000 test=0.5892 round=186
[round 186] timing train=159.426s distribution=1.118s agg=0.107s eval=84.389s total=245.054s
[round 187] reused planned scale coverage: [1, 2, 1, 2, 1, 2, 2, 1]
Classification: train=1.0000 test=0.5892 round=187
[round 187] timing train=164.869s distribution=0.809s agg=0.160s eval=79.819s total=245.669s
[round 188] reused planned scale coverage: [1, 2, 1, 2, 1, 2, 2, 1]
Classification: train=1.0000 test=0.5888 round=188
[round 188] timing train=159.026s distribution=0.916s agg=0.230s eval=94.710s total=254.953s
[round 189] reused planned scale coverage: [1, 2, 1, 2, 1, 2, 2, 1]
Classification: train=1.0000 test=0.5892 round=189
[round 189] timing train=161.145s distribution=1.116s agg=0.098s eval=77.066s total=239.440s
[round 190] reused planned scale coverage: [1, 2, 1, 2, 1, 2, 2, 1]
Classification: train=1.0000 test=0.5900 round=190
[round 190] timing train=165.862s distribution=0.940s agg=0.092s eval=87.702s total=254.602s
[round 191] reused planned scale coverage: [1, 2, 1, 2, 1, 2, 2, 1]
Classification: train=1.0000 test=0.5896 round=191
[round 191] timing train=170.503s distribution=0.909s agg=0.165s eval=85.254s total=256.839s
[round 192] reused planned scale coverage: [1, 2, 1, 2, 1, 2, 2, 1]
Classification: train=1.0000 test=0.5900 round=192
[round 192] timing train=152.567s distribution=0.734s agg=0.146s eval=63.043s total=216.532s
[round 193] reused planned scale coverage: [1, 2, 1, 2, 1, 2, 2, 1]
Classification: train=1.0000 test=0.5896 round=193
[round 193] timing train=160.385s distribution=1.213s agg=0.207s eval=83.039s total=244.857s
[round 194] reused planned scale coverage: [1, 2, 1, 2, 1, 2, 2, 1]
Classification: train=1.0000 test=0.5896 round=194
[round 194] timing train=160.999s distribution=0.914s agg=0.202s eval=85.656s total=247.787s
[round 195] reused planned scale coverage: [1, 2, 1, 2, 1, 2, 2, 1]
Classification: train=1.0000 test=0.5892 round=195
[round 195] timing train=163.618s distribution=0.921s agg=0.093s eval=85.470s total=250.134s
[round 196] reused planned scale coverage: [1, 2, 1, 2, 1, 2, 2, 1]
Classification: train=1.0000 test=0.5888 round=196
[round 196] timing train=162.522s distribution=1.119s agg=0.148s eval=84.637s total=248.457s
[round 197] reused planned scale coverage: [1, 2, 1, 2, 1, 2, 2, 1]
Classification: train=1.0000 test=0.5888 round=197
[round 197] timing train=161.105s distribution=0.963s agg=0.181s eval=80.457s total=242.714s
[round 198] reused planned scale coverage: [1, 2, 1, 2, 1, 2, 2, 1]
Classification: train=1.0000 test=0.5884 round=198
[round 198] timing train=158.210s distribution=0.914s agg=0.148s eval=87.300s total=246.581s
[round 199] reused planned scale coverage: [1, 2, 1, 2, 1, 2, 2, 1]
Classification: train=1.0000 test=0.5884 round=199
[round 199] timing train=162.458s distribution=0.863s agg=0.083s eval=77.596s total=241.025s
best round is 137, acc is 0.592052
Model saved to ./checkpoint/LSST/2026-05-03-20har_fedcsl-onehot-fullteacher_dir0.1_LSST_model.pt
