# 2026-05-04 10:38:14  har_fedcsl-onehot-fullteacher_dir0.05  GPU=3  cwd=/data/user_lixiongfei/CSL-main
# CMD: python3 -u FedCSL_All.py -dataset HAR --config configFedCSL_OneHot_FullTeacher.yml --dirichlet-alpha 0.05 --seed 42 --description har_fedcsl-onehot-fullteacher_dir0.05 -dataset SpokenArabicDigits

/mnt/data/user_liangzhiyu/envs/fedcsl/lib/python3.8/site-packages/scipy/__init__.py:146: UserWarning: A NumPy version >=1.16.5 and <1.23.0 is required for this version of SciPy (detected version 1.23.5
  warnings.warn(f"A NumPy version >={np_minversion} and <{np_maxversion}"
[config] 'configFedCSL_OneHot_FullTeacher.yml' 未找到，重定向到 'config/configFedCSL_OneHot_FullTeacher.yml'
6599
<class 'pandas.core.frame.DataFrame'>
RangeIndex: 6599 entries, 0 to 6598
Data columns (total 14 columns):
 #   Column      Non-Null Count  Dtype 
---  ------      --------------  ----- 
 0   dim_0       6599 non-null   object
 1   dim_1       6599 non-null   object
 2   dim_2       6599 non-null   object
 3   dim_3       6599 non-null   object
 4   dim_4       6599 non-null   object
 5   dim_5       6599 non-null   object
 6   dim_6       6599 non-null   object
 7   dim_7       6599 non-null   object
 8   dim_8       6599 non-null   object
 9   dim_9       6599 non-null   object
 10  dim_10      6599 non-null   object
 11  dim_11      6599 non-null   object
 12  dim_12      6599 non-null   object
 13  class_vals  6599 non-null   object
dtypes: object(14)
memory usage: 721.9+ KB
None
{7, 9, 13, 15, 16, 17, 18, 20, 21, 22, 23, 24, 25, 26, 27, 28, 29, 30, 31, 32, 33, 34, 35, 36, 37, 38, 39, 40, 41, 42, 43, 44, 45, 46, 47, 48, 49, 50, 51, 52, 53, 54, 55, 56, 57, 58, 59, 60, 61, 62, 63, 64, 74, 76, 77, 79, 83}
<class 'pandas.core.frame.DataFrame'>
RangeIndex: 6599 entries, 0 to 6598
Data columns (total 14 columns):
 #   Column      Non-Null Count  Dtype 
---  ------      --------------  ----- 
 0   dim_0       6599 non-null   object
 1   dim_1       6599 non-null   object
 2   dim_2       6599 non-null   object
 3   dim_3       6599 non-null   object
 4   dim_4       6599 non-null   object
 5   dim_5       6599 non-null   object
 6   dim_6       6599 non-null   object
 7   dim_7       6599 non-null   object
 8   dim_8       6599 non-null   object
 9   dim_9       6599 non-null   object
 10  dim_10      6599 non-null   object
 11  dim_11      6599 non-null   object
 12  dim_12      6599 non-null   object
 13  class_vals  6599 non-null   object
dtypes: object(14)
memory usage: 721.9+ KB
None
[0 0 0 ... 9 9 9]
[ 660  661  662 ... 6474 6475 6476]
[1, 1, 1, 1, 1, 1, 1, 1, 1, 1, 1, 1, 1, 1, 1, 1, 1, 1, 1, 1, 1, 1, 1, 1, 1, 1, 1, 1, 1, 1, 1, 1, 1, 1, 1, 1, 1, 1, 1, 1, 1, 1, 1, 1, 1, 1, 1, 1, 1, 1, 1, 1, 1, 1, 1, 1, 1, 1, 1, 1, 1, 1, 1, 1, 1, 1, 1, 1, 1, 1, 1, 1, 1, 1, 1, 1, 1, 1, 1, 1, 1, 1, 1, 1, 1, 1, 1, 1, 1, 1, 1, 1, 1, 1, 1, 1, 1, 1, 1, 1, 1, 1, 1, 1, 1, 1, 1, 1, 1, 1, 1, 1, 1, 1, 1, 1, 1, 1, 1, 1, 1, 1, 1, 1, 1, 1, 1, 1, 1, 1, 1, 1, 1, 1, 1, 1, 1, 1, 1, 1, 1, 1, 1, 1, 1, 1, 1, 1, 1, 1, 1, 1, 1, 1, 1, 1, 1, 1, 1, 1, 1, 1, 1, 1, 1, 1, 1, 1, 1, 1, 1, 1, 1, 1, 1, 1, 1, 1, 1, 1, 1, 1, 1, 1, 1, 1, 1, 1, 1, 1, 1, 1, 1, 1, 1, 1, 1, 1, 1, 1, 1, 1, 1, 1, 1, 1, 1, 1, 1, 1, 1, 1, 1, 1, 1, 1, 1, 1, 1, 1, 1, 1, 1, 1, 1, 1, 1, 1, 1, 1, 1, 1, 1, 1, 1, 1, 1, 1, 1, 1, 1, 1, 1, 1, 1, 1, 1, 1, 1, 1, 1, 1, 1, 1, 1, 1, 1, 1, 1, 1, 1, 1, 1, 1, 1, 1, 1, 1, 1, 1, 1, 1, 1, 1, 1, 1, 1, 1, 1, 1, 1, 1, 1, 1, 1, 1, 1, 1, 1, 1, 1, 1, 1, 1, 1, 1, 1, 1, 1, 1, 1, 1, 1, 1, 1, 1, 1, 1, 1, 1, 1, 1, 1, 1, 1, 1, 1, 1, 1, 1, 1, 1, 1, 1, 1, 1, 1, 1, 1, 1, 1, 1, 1, 1, 1, 1, 1, 1, 1, 1, 1, 1, 1, 1, 1, 1, 1, 1, 1, 1, 1, 1, 1, 1, 1, 1, 1, 1, 1, 1, 1, 1, 1, 1, 1, 1, 1, 1, 1, 1, 1, 1, 1, 1, 1, 1, 1, 1, 1, 1, 1, 1, 1, 1, 1, 1, 1, 1, 1, 1, 1, 1, 1, 1, 1, 1, 1, 1, 1, 1, 1, 1, 1, 1, 1, 1, 1, 1, 1, 1, 1, 1, 1, 1, 1, 1, 1, 1, 1, 1, 1, 1, 1, 1, 1, 1, 1, 1, 1, 1, 1, 1, 1, 1, 1, 1, 1, 1, 1, 1, 1, 1, 1, 1, 1, 1, 1, 1, 1, 1, 1, 1, 1, 1, 1, 1, 1, 1, 1, 1, 1, 1, 1, 1, 1, 1, 1, 1, 1, 1, 1, 1, 1, 1, 1, 1, 1, 1, 1, 1, 1, 1, 1, 1, 1, 1, 1, 1, 1, 1, 1, 1, 1, 1, 1, 1, 1, 1, 1, 1, 1, 1, 1, 1, 1, 1, 1, 1, 1, 1, 1, 1, 1, 1, 1, 1, 1, 1, 1, 1, 1, 1, 1, 1, 1, 1, 1, 1, 1, 1, 1, 1, 1, 1, 1, 1, 1, 1, 1, 1, 1, 1, 1, 1, 1, 1, 1, 1, 1, 1, 1, 1, 1, 1, 1, 1, 1, 1, 1, 1, 1, 1, 1, 1, 1, 1, 1, 1, 1, 1, 1, 1, 1, 1, 1, 1, 1, 1, 1, 1, 1, 1, 1, 1, 1, 1, 1, 1, 1, 1, 1, 1, 1, 1, 1, 1, 1, 1, 1, 1, 1, 1, 1, 1, 1, 1, 1, 1, 1, 1, 1, 1, 1, 1, 1, 1, 1, 1, 1, 1, 1, 1, 1, 1, 1, 1, 1, 1, 1, 1, 1, 1, 1, 1, 1, 1, 1, 1, 1, 1, 1, 1, 1, 1, 1, 1, 1, 1, 1, 1, 1, 1, 1, 1, 1, 1, 1, 1, 1, 4, 4, 4, 4, 4, 4, 4, 4, 4, 4, 4, 4, 4, 4, 4, 4, 4, 4, 4, 4, 4, 4, 4, 4, 4, 4, 4, 4, 4, 4, 4, 4, 4, 4, 4, 4, 4, 4, 4, 4, 4, 4, 4, 4, 4, 4, 4, 4, 4, 4, 4, 4, 4, 4, 4, 4, 4, 4, 4, 4, 4, 4, 4, 4, 4, 4, 4, 4, 4, 4, 4, 4, 4, 4, 4, 4, 4, 4, 4, 4, 4, 4, 4, 4, 4, 4, 4, 4, 4, 4, 4, 4, 4, 4, 4, 4, 4, 4, 4, 4, 4, 4, 4, 4, 4, 4, 4, 4, 4, 4, 4, 4, 4, 4, 4, 4, 4, 4, 4, 4, 4, 4, 4, 4, 4, 4, 4, 4, 4, 4, 4, 4, 4, 4, 4, 4, 4, 4, 4, 4, 4, 4, 4, 4, 4, 4, 4, 4, 4, 4, 4, 4, 4, 4, 4, 4, 4, 4, 4, 4, 4, 4, 4, 4, 4, 4, 4, 4, 4, 4, 4, 4, 4, 4, 4, 4, 4, 4, 4, 4, 4, 4, 4, 4, 4, 4, 4, 4, 4, 4, 4, 4, 4, 4, 4, 4, 4, 4, 4, 4, 4, 4, 4, 4, 4, 4, 4, 4, 4, 4, 4, 4, 4, 4, 4, 4, 4, 4, 4, 4, 4, 4, 4, 4, 4, 4, 4, 4, 4, 4, 4, 4, 4, 4, 4, 4, 4, 4, 4, 4, 4, 4, 4, 4, 4, 4, 4, 4, 4, 4, 4, 4, 4, 4, 4, 4, 4, 4, 4, 4, 4, 4, 4, 4, 4, 4, 4, 4, 4, 4, 4, 4, 4, 4, 4, 4, 4, 4, 4, 4, 4, 4, 4, 4, 4, 4, 4, 4, 4, 4, 4, 4, 4, 4, 4, 4, 4, 4, 4, 4, 4, 4, 4, 4, 4, 4, 4, 4, 4, 4, 4, 4, 4, 4, 4, 4, 4, 4, 4, 4, 4, 4, 4, 4, 4, 4, 4, 4, 4, 4, 4, 4, 4, 4, 4, 4, 4, 4, 4, 4, 4, 4, 4, 4, 4, 4, 4, 4, 4, 4, 4, 4, 4, 4, 4, 4, 4, 4, 4, 4, 4, 4, 4, 4, 4, 4, 4, 4, 4, 4, 4, 4, 4, 4, 4, 4, 4, 4, 4, 4, 4, 4, 4, 4, 4, 4, 4, 4, 4, 4, 4, 4, 4, 4, 4, 4, 4, 4, 4, 4, 4, 4, 4, 4, 4, 4, 4, 4, 4, 4, 4, 4, 4, 4, 4, 4, 4, 4, 4, 4, 4, 4, 4, 4, 4, 4, 4, 4, 4, 4, 4, 4, 4, 4, 4, 4, 4, 4, 4, 4, 4, 4, 4, 4, 4, 4, 4, 4, 4, 4, 4, 4, 4, 4, 4, 4, 4, 4, 4, 4, 4, 4, 4, 4, 4, 4, 4, 4, 4, 4, 4, 4, 4, 4, 4, 4, 4, 4, 4, 4, 4, 4, 4, 4, 4, 4, 4, 4, 4, 4, 4, 4, 4, 4, 4, 4, 4, 4, 4, 4, 4, 4, 4, 4, 4, 4, 4, 4, 4, 4, 4, 4, 4, 4, 4, 4, 4, 4, 4, 4, 4, 4, 4, 4, 4, 4, 4, 4, 4, 4, 4, 4, 4, 4, 4, 4, 4, 4, 4, 4, 4, 4, 4, 4, 4, 4, 4, 4, 4, 4, 4, 4, 4, 4, 4, 4, 4, 4, 4, 4, 4, 4, 4, 4, 4, 4, 4, 4, 4, 4, 4, 4, 4, 4, 4, 4, 4, 4, 4, 4, 4, 4, 4, 4, 4, 4, 4, 4, 4, 4, 4, 4, 4, 4, 4, 4, 4, 4, 4, 4, 4, 4, 4, 4, 4, 4, 4, 4, 4, 4, 4, 4, 4, 4, 4, 4, 4, 4, 4, 4, 4, 4, 4, 4, 4, 4, 4, 4, 4, 4, 4, 4, 4, 4, 4, 4, 4, 4, 4, 4, 4, 4, 4, 4, 4, 4, 4, 4, 4, 4, 4, 4, 4, 4, 4, 4, 4, 4, 4, 6, 6, 6, 6, 6, 6, 6, 6, 6, 6, 6, 6, 6, 6, 6, 6, 6, 6, 6, 6, 6, 6, 6, 6, 6, 6, 6, 6, 6, 6, 6, 6, 6, 6, 6, 6, 6, 6, 6, 6, 6, 6, 6, 6, 6, 6, 6, 6, 6, 6, 6, 6, 6, 6, 6, 6, 6, 6, 6, 6, 6, 6, 6, 6, 6, 6, 6, 6, 6, 6, 6, 6, 6, 6, 6, 6, 6, 6, 6, 6, 6, 6, 6, 6, 6, 6, 6, 6, 6, 6, 6, 6, 6, 6, 6, 6, 6, 6, 6, 6, 6, 6, 6, 6, 6, 6, 6, 6, 6, 6, 6, 6, 6, 6, 6, 6, 6, 6, 6, 6, 6, 6, 6, 6, 6, 6, 6, 6, 6, 6, 6, 6, 6, 6, 6, 6, 6, 6, 6, 6, 6, 6, 6, 6, 6, 6, 6, 6, 6, 6, 6, 6, 6, 6, 6, 6, 6, 6, 6, 6, 6, 6, 6, 6, 6, 6, 6, 6, 6, 6, 6, 6, 6, 6, 6, 6, 6, 6, 6, 6, 6, 6, 6, 6, 6, 6, 6, 7, 7, 7, 7, 7, 7, 7, 7, 7, 7, 7, 7, 7, 7, 7, 7, 7, 7, 7, 7, 7, 7, 7, 7, 7, 7, 7, 7, 7, 7, 7, 7, 7, 7, 7, 7, 7, 7, 7, 7, 7, 7, 7, 7, 7, 7, 7, 7, 7, 7, 7, 7, 7, 7, 7, 7, 7, 7, 7, 7, 7, 7, 7, 7, 7, 7, 7, 7, 7, 7, 7, 7, 7, 7, 7, 7, 7, 7, 7, 7, 7, 7, 7, 7, 7, 7, 7, 7, 7, 7, 7, 7, 7, 7, 7, 7, 7, 7, 7, 7, 7, 7, 7, 7, 7, 7, 7, 7, 7, 7, 7, 7, 7, 7, 7, 7, 7, 7, 7, 7, 7, 7, 7, 7, 7, 7, 7, 7, 7, 7, 7, 7, 7, 7, 7, 7, 7, 7, 7, 7, 7, 7, 7, 7, 7, 7, 7, 7, 7, 7, 7, 7, 7, 7, 7, 7, 7, 7, 7, 7, 7, 7, 7, 7, 7, 7, 7, 7, 7, 7, 7, 7, 7, 7, 7, 7, 7, 7, 7, 7, 7, 7, 7, 7, 7, 7, 7, 7, 7, 7, 7, 7, 7, 7, 7, 7, 7, 7, 7, 7, 7, 7, 7, 7, 7, 7, 7, 7, 7, 7, 7, 7, 7, 7, 7, 9, 9, 9, 9, 9, 9, 9, 9, 9, 9, 9, 9, 9, 9, 9, 9, 9, 9, 9, 9, 9, 9, 9, 9, 9, 9, 9, 9, 9, 9, 9, 9, 9, 9, 9, 9, 9, 9, 9, 9, 9, 9, 9, 9, 9, 9, 9, 9, 9, 9, 9, 9, 9, 9, 9, 9, 9, 9, 9, 9, 9, 9, 9, 9, 9, 9, 9, 9, 9, 9, 9, 9, 9, 9, 9, 9, 9, 9, 9, 9, 9, 9, 9, 9, 9, 9, 9, 9, 9, 9, 9, 9, 9, 9, 9, 9, 9, 9, 9, 9, 9, 9, 9, 9, 9, 9, 9, 9, 9, 9, 9, 9, 9, 9, 9, 9, 9, 9, 9, 9, 9, 9, 9, 9, 9, 9, 9, 9, 9, 9, 9, 9, 9, 9, 9, 9, 9, 9, 9, 9, 9, 9, 9, 9, 9, 9, 9, 9, 9, 9, 9, 9, 9, 9, 9, 9, 9, 9, 9, 9, 9, 9, 9, 9, 9, 9, 9, 9, 9, 9, 9, 9, 9, 9, 9, 9, 9, 9, 9, 9, 9, 9, 9, 9, 9, 9, 9, 9, 9, 9, 9, 9, 9, 9, 9, 9, 9, 9, 9, 9, 9, 9, 9, 9, 9, 9, 9, 9, 9, 9, 9, 9, 9, 9, 9, 9, 9, 9, 9, 9, 9, 9, 9, 9, 9, 9, 9, 9, 9, 9, 9, 9, 9, 9, 9, 9, 9, 9, 9, 9, 9, 9, 9, 9, 9, 9, 9, 9, 9, 9, 9, 9, 9, 9, 9, 9, 9, 9, 9, 9, 9, 9, 9, 9, 9, 9, 9, 9, 9, 9, 9, 9, 9, 9, 9, 9, 9, 9, 9, 9, 9, 9, 9, 9, 9, 9, 9, 9, 9, 9, 9, 9, 9, 9, 9, 9, 9, 9, 9, 9, 9, 9, 9, 9, 9, 9, 9, 9, 9, 9, 9, 9, 9, 9, 9, 9, 9, 9, 9, 9, 9, 9, 9, 9, 9, 9, 9, 9, 9, 9, 9, 9, 9, 9, 9, 9, 9, 9, 9, 9, 9, 9, 9, 9, 9, 9, 9, 9, 9, 9, 9, 9, 9, 9, 9, 9, 9, 9, 9, 9, 9, 9, 9, 9, 9, 9, 9, 9, 9, 9, 9, 9, 9, 9, 9, 9, 9, 9, 9, 9, 9, 9, 9, 9, 9, 9, 9, 9, 9, 9, 9, 9, 9, 9, 9, 9, 9, 9, 9, 9, 9, 9, 9, 9, 9, 9, 9, 9, 9, 9, 9, 9, 9, 9, 9, 9, 9, 9, 9, 9, 9, 9, 9, 9, 9, 9, 9, 9, 9, 9, 9, 9, 9, 9, 9, 9, 9, 9, 9, 9, 9, 9, 9, 9, 9, 9, 9, 9, 9, 9, 9, 9, 9, 9, 9, 9, 9, 9, 9, 9, 9, 9, 9, 9, 9, 9, 9, 9, 9, 9, 9, 9, 9, 9, 9, 9, 9, 9, 9, 9, 9, 9, 9, 9, 9, 9, 9, 9, 9, 9, 9, 9, 9, 9, 9, 9, 9, 9, 9, 9, 9, 9, 9, 9, 9, 9, 9, 9, 9, 9, 9, 9, 9, 9, 9, 9, 9, 9, 9, 9, 9, 9, 9, 9, 9, 9, 9, 9, 9, 9, 9, 9, 9, 9, 9, 9, 9]
[2, 2, 2, 2, 2, 2, 2, 2, 2, 2, 2, 2, 2, 2, 2, 2, 2, 2, 2, 2, 2, 2, 2, 2, 2, 2, 2, 2, 2, 2, 2, 2, 2, 2, 2, 2, 2, 2, 2, 2, 2, 2, 2, 2, 2, 2, 2, 2, 2, 2, 2, 2, 2, 2, 2, 2, 2, 2, 2, 2, 2, 2, 2, 2, 2, 2, 2, 2, 2, 2, 2, 2, 2, 2, 2, 2, 2, 2, 2, 2, 2, 2, 2, 2, 2, 2, 2, 2, 2, 2, 2, 2, 2, 2, 2, 2, 2, 2, 2, 2, 2, 2, 2, 2, 2, 2, 2, 2, 2, 2, 2, 2, 2, 2, 2, 2, 2, 2, 2, 2, 2, 2, 2, 2, 2, 2, 2, 2, 2, 2, 2, 2, 2, 2, 2, 2, 2, 2, 2, 2, 2, 2, 2, 2, 2, 2, 2, 2, 2, 2, 2, 2, 2, 2, 2, 2, 2, 2, 2, 2, 2, 2, 2, 2, 2, 2, 2, 2, 2, 2, 2, 2, 2, 2, 2, 2, 2, 2, 2, 2, 2, 2, 2, 2, 2, 2, 2, 2, 2, 2, 2, 2, 2, 2, 2, 2, 2, 2, 2, 2, 2, 2, 2, 2, 2, 2, 2, 2, 2, 2, 2, 2, 2, 2, 2, 2, 2, 2, 2, 2, 2, 2, 2, 2, 2, 2, 2, 2, 2, 2, 2, 2, 2, 2, 2, 2, 2, 2, 2, 2, 2, 2, 2, 2, 2, 2, 2, 2, 2, 2, 2, 2, 2, 2, 2, 2, 2, 2, 2, 2, 2, 2, 2, 2, 2, 2, 2, 2, 2, 2, 2, 2, 2, 2, 2, 2, 2, 2, 2, 2, 2, 2, 2, 2, 2, 2, 2, 2, 2, 2, 2, 2, 2, 2, 2, 2, 2, 2, 2, 2, 2, 2, 2, 2, 2, 2, 2, 2, 2, 2, 2, 2, 2, 2, 2, 2, 2, 2, 2, 2, 2, 2, 2, 2, 2, 2, 2, 2, 2, 2, 2, 2, 2, 2, 2, 2, 2, 2, 2, 2, 2, 2, 2, 2, 2, 2, 2, 2, 2, 2, 2, 2, 2, 2, 2, 2, 2, 2, 2, 2, 2, 2, 2, 2, 2, 2, 2, 2, 2, 2, 2, 2, 2, 2, 2, 2, 2, 2, 2, 2, 2, 2, 2, 2, 2, 2, 2, 2, 2, 2, 2, 2, 2, 2, 2, 2, 2, 2, 2, 2, 2, 2, 2, 2, 2, 2, 2, 2, 2, 2, 2, 2, 2, 2, 2, 2, 2, 2, 2, 2, 2, 2, 2, 2, 2, 2, 2, 2, 2, 2, 2, 2, 2, 2, 2, 2, 2, 2, 2, 2, 2, 2, 2, 2, 2, 2, 2, 2, 2, 2, 2, 2, 2, 2, 2, 2, 2, 2, 2, 2, 2, 2, 2, 2, 2, 2, 2, 2, 2, 2, 2, 2, 2, 2, 2, 2, 2, 2, 2, 2, 2, 2, 2, 2, 2, 2, 2, 2, 2, 2, 2, 2, 2, 2, 2, 2, 2, 2, 2, 2, 2, 2, 2, 2, 2, 2, 2, 2, 2, 2, 2, 2, 2, 2, 2, 2, 2, 2, 2, 2, 2, 2, 2, 2, 2, 2, 2, 2, 2, 2, 2, 2, 2, 2, 2, 2, 2, 2, 2, 2, 2, 2, 2, 2, 2, 2, 2, 2, 2, 2, 2, 2, 2, 2, 2, 2, 2, 2, 2, 2, 2, 2, 2, 2, 2, 2, 2, 2, 2, 2, 2, 2, 2, 2, 2, 2, 2, 2, 2, 2, 2, 2, 2, 2, 2, 2, 2, 2, 2, 2, 2, 2, 2, 2, 2, 2, 2, 2, 2, 2, 2, 2, 2, 2, 2, 2, 2, 2, 2, 2, 2, 2, 2, 2, 2, 2, 2, 2, 2, 2, 2, 2, 2, 2, 2, 2, 2, 2, 2, 2, 2, 2, 2, 2, 2, 2, 2, 2, 2, 2, 2, 2, 2, 2, 2, 2, 2, 2, 2, 2, 2, 2, 2, 2, 2, 2, 2, 2, 2, 3, 3, 3, 3, 3, 3, 3, 3, 3, 3, 3, 3, 3, 3, 3, 3, 3, 3, 3, 3, 3, 3, 3, 3, 3, 3, 3, 3, 3, 3, 3, 3, 3, 3, 3, 3, 3, 3, 3, 3, 3, 3, 3, 3, 3, 3, 3, 3, 3, 3, 3, 3, 3, 3, 3, 3, 3, 3, 3, 3, 3, 3, 3, 3, 3, 3, 3, 3, 3, 3, 3, 3, 3, 3, 3, 3, 3, 3, 3, 3, 3, 3, 3, 3, 3, 3, 3, 3, 3, 3, 3, 3, 3, 3, 3, 3, 3, 3, 3, 3, 3, 3, 3, 3, 3, 3, 3, 3, 3, 3, 3, 3, 3, 3, 3, 3, 3, 3, 3, 3, 3, 3, 3, 3, 3, 3, 3, 3, 3, 3, 3, 3, 3, 3, 3, 3, 3, 3, 3, 3, 3, 3, 3, 3, 3, 3, 3, 3, 3, 3, 3, 3, 3, 3, 3, 3, 3, 3, 3, 3, 3, 3, 3, 3, 3, 3, 3, 3, 3, 3, 3, 3, 3, 3, 3, 3, 3, 3, 3, 3, 3, 3, 3, 3, 3, 3, 3, 3, 3, 3, 3, 3, 3, 3, 3, 3, 3, 3, 3, 3, 3, 3, 3, 3, 3, 3, 3, 3, 3, 3, 3, 3, 3, 3, 3, 3, 3, 3, 3, 3, 3, 3, 3, 3, 3, 3, 3, 3, 3, 3, 3, 3, 3, 3, 3, 3, 3, 3, 3, 3, 3, 3, 3, 3, 3, 3, 3, 3, 3, 3, 3, 3, 3, 3, 3, 3, 3, 3, 3, 3, 3, 3, 3, 3, 3, 3, 3, 3, 3, 3, 3, 3, 3, 3, 3, 3, 3, 3, 3, 3, 3, 3, 3, 3, 3, 3, 3, 3, 3, 3, 3, 3, 3, 3, 3, 3, 3, 3, 3, 3, 3, 3, 3, 3, 3, 3, 3, 3, 3, 3, 3, 3, 3, 3, 3, 3, 3, 3, 3, 3, 3, 3, 3, 3, 3, 3, 3, 3, 3, 3, 3, 3, 3, 3, 3, 3, 3, 3, 3, 3, 3, 3, 3, 3, 3, 3, 3, 3, 3, 3, 3, 3, 3, 3, 3, 3, 3, 3, 3, 3, 3, 3, 3, 3, 3, 3, 3, 3, 3, 3, 3, 3, 3, 3, 3, 3, 3, 3, 3, 3, 3, 3, 3, 3, 3, 3, 3, 3, 3, 3, 3, 3, 3, 3, 3, 3, 3, 3, 3, 3, 3, 3, 3, 3, 3, 3, 3, 3, 3, 3, 3, 3, 3, 3, 3, 3, 3, 3, 3, 3, 3, 3, 3, 3, 3, 3, 3, 3, 3, 3, 3, 3, 3, 3, 3, 3, 3, 3, 3, 3, 3, 3, 3, 3, 3, 3, 3, 3, 3, 3, 3, 3, 3, 3, 3, 3, 3, 3, 3, 3, 3, 3, 3, 3, 3, 3, 3, 3, 3, 3, 3, 3, 3, 3, 3, 3, 3, 3, 3, 3, 3, 3, 3, 3, 3, 3, 3, 3, 3, 3, 3, 3, 3, 3, 3, 3, 3, 3, 3, 3, 3, 3, 3, 3, 3, 3, 3, 3, 3, 3, 3, 3, 3, 3, 3, 3, 3, 3, 3, 3, 3, 3, 3, 3, 3, 3, 3, 3, 3, 3, 3, 3, 3, 3, 3, 3, 3, 3, 3, 3, 3, 3, 3, 3, 3, 3, 3, 3, 3, 3, 3, 3, 3, 3, 3, 3, 3, 3, 3, 3, 3, 3, 3, 3, 3, 3, 3, 3, 3, 3, 3, 3, 3, 3, 3, 3, 3, 3, 3, 3, 3, 3, 3, 3, 3, 3, 3, 3, 3, 3, 3, 3, 3, 3, 3, 3, 3, 3, 3, 3, 3, 3, 3, 3, 3, 3, 3, 3, 3, 3, 3, 3, 3, 3, 3, 3, 3, 3, 3, 3, 3, 3, 3, 3, 3, 3, 3, 3, 3, 3, 3, 3, 3, 3, 3, 3, 3, 3, 3, 3, 3, 3, 3, 3, 3, 3, 3, 3, 3, 3, 3, 3, 3, 3, 3, 3, 3, 3, 3, 7, 8, 8, 8, 8, 8, 8, 8, 8, 8, 8, 8, 8, 8, 8, 8, 8, 8, 8, 8, 8, 8, 8, 8, 8, 8, 8, 8, 8, 8, 8, 8, 8, 8, 8, 8, 8, 8, 8, 8, 8, 8, 8, 8, 8, 8, 8, 8, 8, 8, 8, 8, 8, 8, 8, 8, 8, 8, 8, 8, 8, 8, 8, 8, 8, 8, 8, 8, 8, 8, 8, 8, 8, 8, 8, 8, 8, 8, 8, 8, 8, 8, 8, 8, 8, 8, 8, 8, 8, 8, 8, 8, 8, 8, 8, 8, 8, 8, 8, 8, 8, 8, 8, 8, 8, 8, 8, 8, 8, 8, 8, 8, 8, 8, 8, 8, 8, 8, 8, 8, 8, 8, 8, 8, 8, 8, 8, 8, 8, 8, 8, 8, 8, 8, 8, 8, 8, 8, 8, 8, 8, 8, 8, 8, 8, 8, 8, 8, 8, 8, 8, 8, 8, 8, 8, 8, 8, 8, 8, 8, 8, 8, 8, 8, 8, 8, 8, 8, 8, 8, 8, 8, 8, 8, 8, 8, 8, 8, 8, 8, 8, 8, 8, 8, 8, 8, 8, 8, 8, 8, 8, 8, 8, 8, 8, 8, 8, 8, 8, 8, 8, 8, 8, 8, 8, 8, 8, 8, 8, 8, 8, 8, 8, 8, 8, 8, 8, 8, 8, 8, 8, 8, 8, 8, 8, 8, 8, 8, 8, 8, 8, 8, 8, 8, 8, 8, 8, 8, 8, 8, 8, 8, 8, 8, 8, 8, 8, 8, 8, 8, 8, 8, 8, 8, 8, 8, 8, 8, 8, 8, 8, 8, 8, 8, 8, 8, 8, 8, 8, 8, 8, 8, 8, 8, 8, 8, 8, 8, 8, 8, 8, 8, 8, 8, 8, 8, 8, 8, 8, 8, 8, 8, 8, 8, 8, 8, 8, 8, 8, 8, 8, 8, 8, 8, 8, 8, 8, 8, 8, 8, 8, 8, 8, 8, 8, 8, 8, 8, 8, 8, 8, 8, 8, 8, 8, 8, 8, 8, 8, 8, 8, 8, 8, 8, 8, 8, 8, 8, 8, 8, 8, 8, 8, 8, 8, 8, 8, 8, 8, 8, 8, 8, 8, 8, 8, 8, 8, 8, 8, 8, 8, 8, 8, 8, 8, 8, 8, 8, 8, 8, 8, 8, 8, 8, 8, 8, 8, 8, 8, 8, 8, 8, 8, 8, 8, 8, 8, 8, 8, 8, 8, 8, 8, 8, 8, 8, 8, 8, 8, 8, 8, 8, 8, 8, 8, 8, 8, 8, 8, 8, 8, 8, 8, 8, 8, 8, 8, 8, 8, 8, 8, 8, 8, 8, 8, 8, 8, 8, 8, 8, 8, 8, 8, 8, 8, 8, 8, 8, 8, 8, 8, 8, 8, 8, 8, 8, 8, 8, 8, 8, 8, 8, 8, 8, 8, 8, 8, 8, 8, 8, 8, 8, 8, 8, 8, 8, 8, 8, 8, 8, 8, 8, 8, 8, 8, 8, 8, 8, 8, 8, 8, 8, 8, 8, 8, 8, 8, 8, 8, 8, 8, 8, 8, 8, 8, 8, 8, 8, 8, 8, 8, 8, 8, 8, 8, 8, 8, 8, 8, 8, 8, 8, 8, 8, 8, 8, 8, 8, 8, 8, 8, 8, 8, 8, 8, 8, 8, 8, 8, 8, 8, 8, 8, 8, 8, 8, 8, 8, 8, 8, 8, 8, 8, 8, 8, 8, 8, 8, 8, 8, 8, 8, 8, 8, 8, 8, 8, 8, 8, 8, 8, 8, 8, 8, 8, 8, 8, 8, 8, 8, 8, 8, 8, 8, 8, 8, 8, 8, 8, 8, 8, 8, 8, 8, 8, 8, 8, 8, 8, 8, 8, 8, 8, 8, 8, 8, 8, 8, 8, 8, 8, 8, 8, 8, 8, 8, 8, 8, 8, 8, 8, 8, 8, 8, 8, 8, 8, 8, 8, 8, 8, 8, 8, 8, 8, 8, 8, 8, 8, 8, 8, 8, 8, 8, 8, 8, 8, 8, 8, 8, 8, 8, 8, 8, 8, 8, 8, 8, 8, 8, 8, 8, 8, 8, 8, 8, 8, 8, 9, 9, 9, 9, 9, 9, 9, 9, 9, 9, 9, 9, 9, 9, 9, 9, 9, 9, 9, 9, 9, 9, 9, 9, 9, 9, 9, 9, 9, 9, 9, 9, 9, 9, 9, 9, 9, 9, 9, 9, 9, 9, 9, 9, 9, 9, 9, 9, 9, 9, 9, 9, 9, 9, 9, 9, 9, 9, 9, 9, 9, 9, 9, 9, 9, 9, 9, 9, 9, 9, 9, 9, 9, 9, 9, 9, 9, 9, 9, 9, 9, 9, 9, 9, 9, 9, 9, 9, 9, 9, 9, 9, 9, 9, 9, 9, 9, 9, 9, 9, 9, 9, 9, 9, 9, 9]
[0, 0, 0, 0, 0, 0, 0, 0, 0, 0, 0, 0, 0, 0, 0, 0, 0, 0, 0, 0, 0, 0, 0, 0, 0, 0, 0, 0, 0, 0, 0, 0, 0, 0, 0, 0, 0, 0, 0, 0, 0, 0, 0, 0, 0, 0, 0, 0, 0, 0, 0, 0, 0, 0, 0, 0, 0, 0, 0, 0, 0, 0, 0, 0, 0, 0, 0, 0, 0, 0, 0, 0, 0, 0, 0, 0, 0, 0, 0, 0, 0, 0, 0, 0, 0, 0, 0, 0, 0, 0, 0, 0, 0, 0, 0, 0, 0, 0, 0, 0, 0, 0, 0, 0, 0, 0, 0, 0, 0, 0, 0, 0, 0, 0, 0, 0, 0, 0, 0, 0, 0, 0, 0, 0, 0, 0, 0, 0, 0, 0, 0, 0, 0, 0, 0, 0, 0, 0, 0, 0, 0, 0, 0, 0, 0, 0, 0, 0, 0, 0, 0, 0, 0, 0, 0, 0, 0, 0, 0, 0, 0, 0, 0, 0, 0, 0, 0, 0, 0, 0, 0, 0, 0, 0, 0, 0, 0, 0, 0, 0, 0, 0, 0, 0, 0, 0, 0, 0, 0, 0, 0, 0, 0, 0, 0, 0, 0, 0, 0, 0, 0, 0, 0, 0, 0, 0, 0, 0, 0, 0, 0, 0, 0, 0, 0, 0, 0, 0, 0, 0, 0, 0, 0, 0, 0, 0, 0, 0, 0, 0, 0, 0, 0, 0, 0, 0, 0, 0, 0, 0, 0, 0, 0, 0, 0, 0, 0, 0, 0, 0, 0, 0, 0, 0, 0, 0, 0, 0, 0, 0, 0, 0, 0, 0, 0, 0, 0, 0, 0, 0, 0, 0, 0, 0, 0, 0, 0, 0, 0, 0, 0, 0, 0, 0, 0, 0, 0, 0, 0, 0, 0, 0, 0, 0, 0, 0, 0, 0, 0, 0, 0, 0, 0, 0, 0, 0, 0, 0, 0, 0, 0, 0, 0, 0, 0, 0, 0, 0, 0, 0, 0, 0, 0, 0, 0, 0, 0, 0, 0, 0, 0, 0, 0, 0, 0, 0, 0, 0, 0, 0, 0, 0, 0, 0, 0, 0, 0, 0, 0, 0, 0, 0, 0, 0, 0, 0, 0, 0, 0, 0, 0, 0, 0, 0, 0, 0, 0, 0, 0, 0, 0, 0, 0, 0, 0, 0, 0, 0, 0, 0, 0, 0, 0, 0, 0, 0, 0, 0, 0, 0, 0, 0, 0, 0, 0, 0, 0, 0, 0, 0, 0, 0, 0, 0, 0, 0, 0, 0, 0, 0, 0, 0, 0, 0, 0, 0, 0, 0, 0, 0, 0, 0, 0, 0, 0, 0, 0, 0, 0, 0, 0, 0, 0, 0, 0, 0, 0, 0, 0, 0, 0, 0, 0, 0, 0, 0, 0, 0, 0, 0, 0, 0, 0, 0, 0, 0, 0, 0, 0, 0, 0, 0, 0, 0, 0, 0, 0, 0, 0, 0, 0, 0, 0, 0, 0, 0, 0, 0, 0, 0, 0, 0, 0, 0, 0, 0, 0, 0, 0, 0, 0, 0, 0, 0, 0, 0, 0, 0, 0, 0, 0, 0, 0, 0, 0, 0, 0, 0, 0, 0, 0, 0, 0, 0, 0, 0, 0, 0, 0, 0, 0, 0, 0, 0, 0, 0, 0, 0, 0, 0, 0, 0, 0, 0, 0, 0, 0, 0, 0, 0, 0, 0, 0, 0, 0, 0, 0, 0, 0, 0, 0, 0, 0, 0, 0, 0, 0, 0, 0, 0, 0, 0, 0, 0, 0, 0, 0, 0, 0, 0, 0, 0, 0, 0, 0, 0, 0, 0, 0, 0, 0, 0, 0, 0, 0, 0, 0, 0, 0, 0, 0, 0, 0, 0, 0, 0, 0, 0, 0, 0, 0, 0, 0, 0, 0, 0, 0, 0, 0, 0, 0, 0, 0, 0, 0, 0, 0, 0, 0, 0, 0, 0, 0, 0, 0, 0, 0, 0, 0, 0, 0, 0, 0, 0, 0, 0, 0, 0, 0, 0, 0, 0, 0, 0, 0, 0, 0, 0, 0, 0, 0, 0, 0, 0, 0, 0, 0, 0, 0, 0, 1, 2, 3, 4, 5, 5, 5, 5, 5, 5, 5, 5, 5, 5, 5, 5, 5, 5, 5, 5, 5, 5, 5, 5, 5, 5, 5, 5, 5, 5, 5, 5, 5, 5, 5, 5, 5, 5, 5, 5, 5, 5, 5, 5, 5, 5, 5, 5, 5, 5, 5, 5, 5, 5, 5, 5, 5, 5, 5, 5, 5, 5, 5, 5, 5, 5, 5, 5, 5, 5, 5, 5, 5, 5, 5, 5, 5, 5, 5, 5, 5, 5, 5, 5, 5, 5, 5, 5, 5, 5, 5, 5, 5, 5, 5, 5, 5, 5, 5, 5, 5, 5, 5, 5, 5, 5, 5, 5, 5, 5, 5, 5, 5, 5, 5, 5, 5, 5, 5, 5, 5, 5, 5, 5, 5, 5, 5, 5, 5, 5, 5, 5, 5, 5, 5, 5, 5, 5, 5, 5, 5, 5, 5, 5, 5, 5, 5, 5, 5, 5, 5, 5, 5, 5, 5, 5, 5, 5, 5, 5, 5, 5, 5, 5, 5, 5, 5, 5, 5, 5, 5, 5, 5, 5, 5, 5, 5, 5, 5, 5, 5, 5, 5, 5, 5, 5, 5, 5, 5, 5, 5, 5, 5, 5, 5, 5, 5, 5, 5, 5, 5, 5, 5, 5, 5, 5, 5, 5, 5, 5, 5, 5, 5, 5, 5, 5, 5, 5, 5, 5, 5, 5, 5, 5, 5, 5, 5, 5, 5, 5, 5, 5, 5, 5, 5, 5, 5, 5, 5, 5, 5, 5, 5, 5, 5, 5, 5, 5, 5, 5, 5, 5, 5, 5, 5, 5, 5, 5, 5, 5, 5, 5, 5, 5, 5, 5, 5, 5, 5, 5, 5, 5, 5, 5, 5, 5, 5, 5, 5, 5, 5, 5, 5, 5, 5, 5, 5, 5, 5, 5, 5, 5, 5, 5, 5, 5, 5, 5, 5, 5, 5, 5, 5, 5, 5, 5, 5, 5, 5, 5, 5, 5, 5, 5, 5, 5, 5, 5, 5, 5, 5, 5, 5, 5, 5, 5, 5, 5, 5, 5, 5, 5, 5, 5, 5, 5, 5, 5, 5, 5, 5, 5, 5, 5, 5, 5, 5, 5, 5, 5, 5, 5, 5, 5, 5, 5, 5, 5, 5, 5, 5, 5, 5, 5, 5, 5, 5, 5, 5, 5, 5, 5, 5, 5, 5, 5, 5, 5, 5, 5, 5, 5, 5, 5, 5, 5, 5, 5, 5, 5, 5, 5, 5, 5, 5, 5, 5, 5, 5, 5, 5, 5, 5, 5, 5, 5, 5, 5, 5, 5, 5, 5, 5, 5, 5, 5, 5, 5, 5, 5, 5, 5, 5, 5, 5, 5, 5, 5, 5, 5, 5, 5, 5, 5, 5, 5, 5, 5, 5, 5, 5, 5, 5, 5, 5, 5, 5, 5, 5, 5, 5, 5, 5, 5, 5, 5, 5, 5, 5, 5, 5, 5, 5, 5, 5, 5, 5, 5, 5, 5, 5, 5, 5, 5, 5, 5, 5, 5, 5, 5, 5, 5, 5, 5, 5, 5, 5, 5, 5, 5, 5, 5, 5, 5, 5, 5, 5, 5, 5, 5, 5, 5, 5, 5, 5, 5, 5, 5, 5, 5, 5, 5, 5, 5, 5, 5, 5, 5, 5, 5, 5, 5, 5, 5, 5, 5, 5, 5, 5, 5, 5, 5, 5, 5, 5, 5, 5, 5, 5, 5, 5, 5, 5, 5, 5, 5, 5, 5, 5, 5, 5, 5, 5, 5, 5, 5, 5, 5, 5, 5, 5, 5, 5, 5, 5, 5, 5, 5, 5, 5, 5, 5, 5, 5, 5, 5, 5, 5, 5, 5, 5, 5, 5, 5, 5, 5, 5, 5, 5, 5, 5, 5, 5, 5, 5, 5, 5, 5, 5, 5, 5, 5, 5, 5, 5, 5, 5, 5, 5, 5, 5, 5, 5, 5, 5, 5, 5, 5, 5, 5, 5, 5, 5, 5, 5, 5, 5, 5, 5, 5, 5, 5, 5, 5, 5, 5, 5, 5, 5, 5, 5, 5, 5, 5, 5, 5, 5, 5, 5, 5, 5, 5, 5, 5, 5, 5, 5, 5, 5, 5, 5, 5, 5, 5, 6, 6, 6, 6, 6, 6, 6, 6, 6, 6, 6, 6, 6, 6, 6, 6, 6, 6, 6, 6, 6, 6, 6, 6, 6, 6, 6, 6, 6, 6, 6, 6, 6, 6, 6, 6, 6, 6, 6, 6, 6, 6, 6, 6, 6, 6, 6, 6, 6, 6, 6, 6, 6, 6, 6, 6, 6, 6, 6, 6, 6, 6, 6, 6, 6, 6, 6, 6, 6, 6, 6, 6, 6, 6, 6, 6, 6, 6, 6, 6, 6, 6, 6, 6, 6, 6, 6, 6, 6, 6, 6, 6, 6, 6, 6, 6, 6, 6, 6, 6, 6, 6, 6, 6, 6, 6, 6, 6, 6, 6, 6, 6, 6, 6, 6, 6, 6, 6, 6, 6, 6, 6, 6, 6, 6, 6, 6, 6, 6, 6, 6, 6, 6, 6, 6, 6, 6, 6, 6, 6, 6, 6, 6, 6, 6, 6, 6, 6, 6, 6, 6, 6, 6, 6, 6, 6, 6, 6, 6, 6, 6, 6, 6, 6, 6, 6, 6, 6, 6, 6, 6, 6, 6, 6, 6, 6, 6, 6, 6, 6, 6, 6, 6, 6, 6, 6, 6, 6, 6, 6, 6, 6, 6, 6, 6, 6, 6, 6, 6, 6, 6, 6, 6, 6, 6, 6, 6, 6, 6, 6, 6, 6, 6, 6, 6, 6, 6, 6, 6, 6, 6, 6, 6, 6, 6, 6, 6, 6, 6, 6, 6, 6, 6, 6, 6, 6, 6, 6, 6, 6, 6, 6, 6, 6, 6, 6, 6, 6, 6, 6, 6, 6, 6, 6, 6, 6, 6, 6, 6, 6, 6, 6, 6, 6, 6, 6, 6, 6, 6, 6, 6, 6, 6, 6, 6, 6, 6, 6, 6, 6, 6, 6, 6, 6, 6, 6, 6, 6, 6, 6, 6, 6, 6, 6, 6, 6, 6, 6, 6, 6, 6, 6, 6, 6, 6, 6, 6, 6, 6, 6, 6, 6, 6, 6, 6, 6, 6, 6, 6, 6, 6, 6, 6, 6, 6, 6, 6, 6, 6, 6, 6, 6, 6, 6, 6, 6, 6, 6, 6, 6, 6, 6, 6, 6, 6, 6, 6, 6, 6, 6, 6, 6, 6, 6, 6, 6, 6, 6, 6, 6, 6, 6, 6, 6, 6, 6, 6, 6, 6, 6, 6, 6, 6, 6, 6, 6, 6, 6, 6, 6, 6, 6, 6, 6, 6, 6, 6, 6, 6, 6, 6, 6, 6, 6, 6, 6, 6, 6, 6, 6, 6, 6, 6, 6, 6, 6, 6, 6, 6, 6, 6, 6, 6, 6, 6, 6, 6, 6, 6, 6, 6, 6, 6, 6, 6, 6, 6, 6, 6, 6, 6, 6, 6, 6, 6, 6, 6, 6, 6, 6, 6, 6, 6, 6, 6, 6, 6, 6, 6, 6, 6, 6, 6, 6, 6, 6, 6, 6, 6, 6, 6, 6, 6, 6, 6, 6, 6, 6, 6, 6, 6, 6, 6, 7, 7, 7, 7, 7, 7, 7, 7, 7, 7, 7, 7, 7, 7, 7, 7, 7, 7, 7, 7, 7, 7, 7, 7, 7, 7, 7, 7, 7, 7, 7, 7, 7, 7, 7, 7, 7, 7, 7, 7, 7, 7, 7, 7, 7, 7, 7, 7, 7, 7, 7, 7, 7, 7, 7, 7, 7, 7, 7, 7, 7, 7, 7, 7, 7, 7, 7, 7, 7, 7, 7, 7, 7, 7, 7, 7, 7, 7, 7, 7, 7, 7, 7, 7, 7, 7, 7, 7, 7, 7, 7, 7, 7, 7, 7, 7, 7, 7, 7, 7, 7, 7, 7, 7, 7, 7, 7, 7, 7, 7, 7, 7, 7, 7, 7, 7, 7, 7, 7, 7, 7, 7, 7, 7, 7, 7, 7, 7, 7, 7, 7, 7, 7, 7, 7, 7, 7, 7, 7, 7, 7, 7, 7, 7, 7, 7, 7, 7, 7, 7, 7, 7, 7, 7, 7, 7, 7, 7, 7, 7, 7, 7, 7, 7, 7, 7, 7, 7, 7, 7, 7, 7, 7, 7, 7, 7, 7, 7, 7, 7, 7, 7, 7, 7, 7, 7, 7, 7, 7, 7, 7, 7, 7, 7, 7, 7, 7, 7, 7, 7, 7, 7, 7, 7, 7, 7, 7, 7, 7, 7, 7, 7, 7, 7, 7, 7, 7, 7, 7, 7, 7, 7, 7, 7, 7, 7, 7, 7, 7, 7, 7, 7, 7, 7, 7, 7, 7, 7, 7, 7, 7, 7, 7, 7, 7, 7, 7, 7, 7, 7, 7, 7, 7, 7, 7, 7, 7, 7, 7, 7, 7, 7, 7, 7, 7, 7, 7, 7, 7, 7, 7, 7, 7, 7, 7, 7, 7, 7, 7, 7, 7, 7, 7, 7, 7, 7, 7, 7, 7, 7, 7, 7, 7, 7, 7, 7, 7, 7, 7, 7, 7, 7, 7, 7, 7, 7, 7, 7, 7, 7, 7, 7, 7, 7, 7, 7, 7, 7, 7, 7, 7, 7, 7, 7, 7, 7, 7, 7, 7, 7, 7, 7, 7, 7, 7, 7, 7, 7, 7, 7, 7, 7, 7, 7, 7, 7, 7, 7, 7, 7, 7, 7, 7, 7, 7, 7, 7, 7, 7, 7, 7, 7, 7, 7, 7, 7, 7, 7, 7, 7, 7, 7, 7, 7, 7, 7, 7, 7, 7, 7, 7, 7, 7, 7, 7, 7, 7, 7, 7, 7, 7, 7, 7, 7, 7, 7, 7, 7, 7, 7, 7, 7, 7, 7, 7, 7, 7, 7, 7, 7, 7, 7, 7, 7, 7, 7, 7, 7, 7, 7, 7, 7, 7, 7, 7, 7, 7, 7, 7, 7, 7, 7, 7, 7, 7, 7, 7, 7, 7, 7, 7, 7, 7, 7, 8, 8, 8, 9, 9, 9, 9, 9, 9, 9, 9, 9, 9, 9, 9, 9, 9, 9, 9]
shapelet initialized!
All 3 clients initialized.
Server device: cuda:0
Client worker groups: [[0], [1], [2]]
Client worker devices: ['cuda:0', 'cuda:0', 'cuda:0']
客户端选择未启用，所有客户端参与聚合
[fedcsl] precomputed client scale scores once in 0.340s; planned scale coverage: [1, 1, 3, 1, 3, 1, 1, 1]
[round 0] reused planned scale coverage: [1, 1, 3, 1, 3, 1, 1, 1]
/data/user_lixiongfei/CSL-main/train.py:801: UserWarning: Creating a tensor from a list of numpy.ndarrays is extremely slow. Please consider converting the list to a single numpy.ndarray with numpy.array() before converting to a tensor. (Triggered internally at ../torch/csrc/utils/tensor_new.cpp:278.)
  X = torch.tensor(X, dtype=torch.float)
Classification: train=1.0000 test=0.9536 round=0
[round 0] timing train=191.761s distribution=5.556s agg=0.239s eval=349.215s total=546.816s
[round 1] reused planned scale coverage: [1, 1, 3, 1, 3, 1, 1, 1]
Classification: train=1.0000 test=0.9632 round=1
[round 1] timing train=420.041s distribution=4.340s agg=0.173s eval=308.417s total=732.997s
[round 2] reused planned scale coverage: [1, 1, 3, 1, 3, 1, 1, 1]
Classification: train=1.0000 test=0.9659 round=2
[round 2] timing train=433.262s distribution=4.533s agg=0.150s eval=314.968s total=752.920s
[round 3] reused planned scale coverage: [1, 1, 3, 1, 3, 1, 1, 1]
Classification: train=1.0000 test=0.9686 round=3
[round 3] timing train=439.124s distribution=4.598s agg=0.145s eval=310.465s total=754.349s
[round 4] reused planned scale coverage: [1, 1, 3, 1, 3, 1, 1, 1]
Classification: train=1.0000 test=0.9700 round=4
[round 4] timing train=431.144s distribution=4.907s agg=0.214s eval=298.587s total=734.862s
[round 5] reused planned scale coverage: [1, 1, 3, 1, 3, 1, 1, 1]
Classification: train=1.0000 test=0.9691 round=5
[round 5] timing train=407.785s distribution=4.563s agg=0.201s eval=307.360s total=719.929s
[round 6] reused planned scale coverage: [1, 1, 3, 1, 3, 1, 1, 1]
Classification: train=1.0000 test=0.9695 round=6
[round 6] timing train=440.699s distribution=4.699s agg=0.376s eval=307.143s total=752.935s
[round 7] reused planned scale coverage: [1, 1, 3, 1, 3, 1, 1, 1]
Classification: train=1.0000 test=0.9691 round=7
[round 7] timing train=437.945s distribution=4.666s agg=0.165s eval=303.263s total=746.084s
[round 8] reused planned scale coverage: [1, 1, 3, 1, 3, 1, 1, 1]
Classification: train=1.0000 test=0.9691 round=8
[round 8] timing train=435.102s distribution=4.408s agg=0.160s eval=304.493s total=744.186s
[round 9] reused planned scale coverage: [1, 1, 3, 1, 3, 1, 1, 1]
Classification: train=1.0000 test=0.9691 round=9
[round 9] timing train=427.377s distribution=5.113s agg=0.190s eval=285.123s total=717.827s
[round 10] reused planned scale coverage: [1, 1, 3, 1, 3, 1, 1, 1]
Classification: train=1.0000 test=0.9682 round=10
[round 10] timing train=445.140s distribution=5.133s agg=0.266s eval=289.616s total=740.191s
[round 11] reused planned scale coverage: [1, 1, 3, 1, 3, 1, 1, 1]
Classification: train=1.0000 test=0.9682 round=11
[round 11] timing train=435.204s distribution=5.211s agg=0.314s eval=323.201s total=763.974s
[round 12] reused planned scale coverage: [1, 1, 3, 1, 3, 1, 1, 1]
Classification: train=1.0000 test=0.9677 round=12
[round 12] timing train=434.209s distribution=4.482s agg=0.138s eval=277.320s total=716.166s
[round 13] reused planned scale coverage: [1, 1, 3, 1, 3, 1, 1, 1]
Classification: train=1.0000 test=0.9668 round=13
[round 13] timing train=422.859s distribution=4.590s agg=0.172s eval=303.464s total=731.095s
[round 14] reused planned scale coverage: [1, 1, 3, 1, 3, 1, 1, 1]
Classification: train=1.0000 test=0.9663 round=14
[round 14] timing train=424.872s distribution=5.014s agg=0.129s eval=295.179s total=725.213s
[round 15] reused planned scale coverage: [1, 1, 3, 1, 3, 1, 1, 1]
Classification: train=1.0000 test=0.9668 round=15
[round 15] timing train=438.330s distribution=5.089s agg=0.089s eval=287.179s total=730.724s
[round 16] reused planned scale coverage: [1, 1, 3, 1, 3, 1, 1, 1]
Classification: train=1.0000 test=0.9663 round=16
[round 16] timing train=431.551s distribution=4.905s agg=0.291s eval=278.308s total=715.082s
[round 17] reused planned scale coverage: [1, 1, 3, 1, 3, 1, 1, 1]
Classification: train=1.0000 test=0.9663 round=17
[round 17] timing train=420.707s distribution=5.457s agg=0.205s eval=288.671s total=715.064s
[round 18] reused planned scale coverage: [1, 1, 3, 1, 3, 1, 1, 1]
Classification: train=1.0000 test=0.9663 round=18
[round 18] timing train=385.553s distribution=4.913s agg=0.175s eval=281.301s total=671.963s
[round 19] reused planned scale coverage: [1, 1, 3, 1, 3, 1, 1, 1]
Classification: train=1.0000 test=0.9673 round=19
[round 19] timing train=435.831s distribution=5.424s agg=0.226s eval=312.302s total=753.807s
[round 20] reused planned scale coverage: [1, 1, 3, 1, 3, 1, 1, 1]
Classification: train=1.0000 test=0.9686 round=20
[round 20] timing train=463.822s distribution=5.294s agg=0.211s eval=285.479s total=754.812s
[round 21] reused planned scale coverage: [1, 1, 3, 1, 3, 1, 1, 1]
Classification: train=1.0000 test=0.9691 round=21
[round 21] timing train=458.400s distribution=5.460s agg=0.305s eval=321.711s total=785.901s
[round 22] reused planned scale coverage: [1, 1, 3, 1, 3, 1, 1, 1]
Classification: train=1.0000 test=0.9691 round=22
[round 22] timing train=450.358s distribution=5.753s agg=0.155s eval=307.255s total=763.579s
[round 23] reused planned scale coverage: [1, 1, 3, 1, 3, 1, 1, 1]
Classification: train=1.0000 test=0.9691 round=23
[round 23] timing train=455.131s distribution=5.724s agg=0.291s eval=301.842s total=763.003s
[round 24] reused planned scale coverage: [1, 1, 3, 1, 3, 1, 1, 1]
Classification: train=1.0000 test=0.9691 round=24
[round 24] timing train=462.761s distribution=5.908s agg=0.320s eval=316.398s total=785.419s
[round 25] reused planned scale coverage: [1, 1, 3, 1, 3, 1, 1, 1]
Classification: train=1.0000 test=0.9691 round=25
[round 25] timing train=466.361s distribution=6.242s agg=0.277s eval=321.948s total=794.854s
[round 26] reused planned scale coverage: [1, 1, 3, 1, 3, 1, 1, 1]
Classification: train=1.0000 test=0.9691 round=26
[round 26] timing train=461.128s distribution=5.344s agg=0.254s eval=320.315s total=787.049s
[round 27] reused planned scale coverage: [1, 1, 3, 1, 3, 1, 1, 1]
Classification: train=1.0000 test=0.9691 round=27
[round 27] timing train=443.386s distribution=5.798s agg=0.157s eval=329.738s total=779.087s
[round 28] reused planned scale coverage: [1, 1, 3, 1, 3, 1, 1, 1]
Classification: train=1.0000 test=0.9691 round=28
[round 28] timing train=471.756s distribution=5.259s agg=0.312s eval=323.833s total=801.212s
[round 29] reused planned scale coverage: [1, 1, 3, 1, 3, 1, 1, 1]
Classification: train=1.0000 test=0.9691 round=29
[round 29] timing train=464.170s distribution=4.865s agg=0.159s eval=301.029s total=770.267s
[fedcsl] checkpoint saved → ./checkpoint/resume/fedcsl_SpokenArabicDigits_2026-05-04-10har_fedcsl-onehot-fullteacher_dir0.05.pt (round=30)
[round 30] reused planned scale coverage: [1, 1, 3, 1, 3, 1, 1, 1]
Classification: train=1.0000 test=0.9695 round=30
[round 30] timing train=453.347s distribution=5.700s agg=0.390s eval=323.193s total=782.637s
[round 31] reused planned scale coverage: [1, 1, 3, 1, 3, 1, 1, 1]
Classification: train=1.0000 test=0.9691 round=31
[round 31] timing train=446.671s distribution=5.557s agg=0.188s eval=305.902s total=758.341s
[round 32] reused planned scale coverage: [1, 1, 3, 1, 3, 1, 1, 1]
Classification: train=1.0000 test=0.9695 round=32
[round 32] timing train=464.161s distribution=6.020s agg=0.257s eval=298.642s total=769.139s
[round 33] reused planned scale coverage: [1, 1, 3, 1, 3, 1, 1, 1]
Classification: train=1.0000 test=0.9691 round=33
[round 33] timing train=460.911s distribution=5.415s agg=0.269s eval=318.756s total=785.402s
[round 34] reused planned scale coverage: [1, 1, 3, 1, 3, 1, 1, 1]
Classification: train=1.0000 test=0.9695 round=34
[round 34] timing train=460.414s distribution=6.228s agg=0.318s eval=326.081s total=793.055s
[round 35] reused planned scale coverage: [1, 1, 3, 1, 3, 1, 1, 1]
Classification: train=1.0000 test=0.9695 round=35
[round 35] timing train=460.854s distribution=6.224s agg=0.284s eval=304.453s total=771.894s
[round 36] reused planned scale coverage: [1, 1, 3, 1, 3, 1, 1, 1]
Classification: train=1.0000 test=0.9691 round=36
[round 36] timing train=463.911s distribution=5.954s agg=0.194s eval=289.361s total=759.453s
[round 37] reused planned scale coverage: [1, 1, 3, 1, 3, 1, 1, 1]
Classification: train=1.0000 test=0.9695 round=37
[round 37] timing train=463.172s distribution=6.041s agg=0.261s eval=306.786s total=776.293s
[round 38] reused planned scale coverage: [1, 1, 3, 1, 3, 1, 1, 1]
Classification: train=1.0000 test=0.9695 round=38
[round 38] timing train=461.388s distribution=5.829s agg=0.227s eval=296.724s total=764.178s
[round 39] reused planned scale coverage: [1, 1, 3, 1, 3, 1, 1, 1]
Classification: train=1.0000 test=0.9691 round=39
[round 39] timing train=451.242s distribution=6.262s agg=0.461s eval=316.039s total=774.012s
[round 40] reused planned scale coverage: [1, 1, 3, 1, 3, 1, 1, 1]
Classification: train=1.0000 test=0.9691 round=40
[round 40] timing train=453.070s distribution=5.207s agg=0.344s eval=316.423s total=775.056s
[round 41] reused planned scale coverage: [1, 1, 3, 1, 3, 1, 1, 1]
Classification: train=1.0000 test=0.9700 round=41
[round 41] timing train=463.586s distribution=6.030s agg=0.339s eval=312.358s total=782.331s
[round 42] reused planned scale coverage: [1, 1, 3, 1, 3, 1, 1, 1]
Classification: train=1.0000 test=0.9700 round=42
[round 42] timing train=463.802s distribution=5.377s agg=0.265s eval=302.832s total=772.282s
[round 43] reused planned scale coverage: [1, 1, 3, 1, 3, 1, 1, 1]
Classification: train=1.0000 test=0.9700 round=43
[round 43] timing train=453.705s distribution=6.025s agg=0.230s eval=311.100s total=771.069s
[round 44] reused planned scale coverage: [1, 1, 3, 1, 3, 1, 1, 1]
Classification: train=1.0000 test=0.9700 round=44
[round 44] timing train=455.793s distribution=5.024s agg=0.289s eval=313.464s total=774.596s
[round 45] reused planned scale coverage: [1, 1, 3, 1, 3, 1, 1, 1]
Classification: train=1.0000 test=0.9695 round=45
[round 45] timing train=456.097s distribution=5.670s agg=0.179s eval=294.485s total=756.442s
[round 46] reused planned scale coverage: [1, 1, 3, 1, 3, 1, 1, 1]
Classification: train=1.0000 test=0.9700 round=46
[round 46] timing train=427.412s distribution=6.893s agg=0.150s eval=306.513s total=741.015s
[round 47] reused planned scale coverage: [1, 1, 3, 1, 3, 1, 1, 1]
Classification: train=1.0000 test=0.9695 round=47
[round 47] timing train=453.470s distribution=6.638s agg=0.338s eval=309.099s total=769.560s
[round 48] reused planned scale coverage: [1, 1, 3, 1, 3, 1, 1, 1]
Classification: train=1.0000 test=0.9700 round=48
[round 48] timing train=443.019s distribution=5.701s agg=0.257s eval=317.543s total=766.564s
[round 49] reused planned scale coverage: [1, 1, 3, 1, 3, 1, 1, 1]
Classification: train=1.0000 test=0.9704 round=49
[round 49] timing train=475.022s distribution=5.076s agg=0.322s eval=327.871s total=808.305s
[round 50] reused planned scale coverage: [1, 1, 3, 1, 3, 1, 1, 1]
Classification: train=1.0000 test=0.9704 round=50
[round 50] timing train=478.365s distribution=5.430s agg=0.252s eval=321.293s total=805.358s
[round 51] reused planned scale coverage: [1, 1, 3, 1, 3, 1, 1, 1]
Classification: train=1.0000 test=0.9709 round=51
[round 51] timing train=474.972s distribution=6.529s agg=0.526s eval=342.250s total=824.306s
[round 52] reused planned scale coverage: [1, 1, 3, 1, 3, 1, 1, 1]
Classification: train=1.0000 test=0.9709 round=52
[round 52] timing train=472.705s distribution=5.943s agg=0.387s eval=333.160s total=812.206s
[round 53] reused planned scale coverage: [1, 1, 3, 1, 3, 1, 1, 1]
Classification: train=1.0000 test=0.9704 round=53
[round 53] timing train=470.332s distribution=5.992s agg=0.424s eval=320.857s total=797.631s
[round 54] reused planned scale coverage: [1, 1, 3, 1, 3, 1, 1, 1]
Classification: train=1.0000 test=0.9709 round=54
[round 54] timing train=476.896s distribution=5.572s agg=0.272s eval=321.092s total=803.888s
[round 55] reused planned scale coverage: [1, 1, 3, 1, 3, 1, 1, 1]
Classification: train=1.0000 test=0.9714 round=55
[round 55] timing train=477.087s distribution=5.412s agg=0.314s eval=294.821s total=777.649s
[round 56] reused planned scale coverage: [1, 1, 3, 1, 3, 1, 1, 1]
Classification: train=1.0000 test=0.9714 round=56
[round 56] timing train=431.955s distribution=6.580s agg=0.381s eval=318.658s total=757.579s
[round 57] reused planned scale coverage: [1, 1, 3, 1, 3, 1, 1, 1]
Classification: train=1.0000 test=0.9714 round=57
[round 57] timing train=470.651s distribution=5.579s agg=0.285s eval=327.891s total=804.438s
[round 58] reused planned scale coverage: [1, 1, 3, 1, 3, 1, 1, 1]
Classification: train=1.0000 test=0.9709 round=58
[round 58] timing train=478.220s distribution=5.866s agg=0.293s eval=329.935s total=814.333s
[round 59] reused planned scale coverage: [1, 1, 3, 1, 3, 1, 1, 1]
Classification: train=1.0000 test=0.9714 round=59
[round 59] timing train=476.732s distribution=6.011s agg=0.554s eval=328.311s total=811.640s
[fedcsl] checkpoint saved → ./checkpoint/resume/fedcsl_SpokenArabicDigits_2026-05-04-10har_fedcsl-onehot-fullteacher_dir0.05.pt (round=60)
[round 60] reused planned scale coverage: [1, 1, 3, 1, 3, 1, 1, 1]
Classification: train=1.0000 test=0.9718 round=60
[round 60] timing train=483.022s distribution=5.694s agg=0.313s eval=325.821s total=814.863s
[round 61] reused planned scale coverage: [1, 1, 3, 1, 3, 1, 1, 1]
Classification: train=1.0000 test=0.9718 round=61
[round 61] timing train=480.295s distribution=5.508s agg=0.328s eval=329.400s total=815.553s
[round 62] reused planned scale coverage: [1, 1, 3, 1, 3, 1, 1, 1]
Classification: train=1.0000 test=0.9723 round=62
[round 62] timing train=474.010s distribution=5.793s agg=0.446s eval=326.797s total=807.070s
[round 63] reused planned scale coverage: [1, 1, 3, 1, 3, 1, 1, 1]
Classification: train=1.0000 test=0.9723 round=63
[round 63] timing train=464.010s distribution=5.870s agg=0.401s eval=323.935s total=794.231s
[round 64] reused planned scale coverage: [1, 1, 3, 1, 3, 1, 1, 1]
Classification: train=1.0000 test=0.9732 round=64
[round 64] timing train=469.086s distribution=5.414s agg=0.365s eval=303.947s total=778.834s
[round 65] reused planned scale coverage: [1, 1, 3, 1, 3, 1, 1, 1]
Classification: train=1.0000 test=0.9736 round=65
[round 65] timing train=465.970s distribution=4.443s agg=0.220s eval=308.581s total=779.250s
[round 66] reused planned scale coverage: [1, 1, 3, 1, 3, 1, 1, 1]
Classification: train=1.0000 test=0.9736 round=66
[round 66] timing train=466.211s distribution=5.422s agg=0.193s eval=308.726s total=780.557s
[round 67] reused planned scale coverage: [1, 1, 3, 1, 3, 1, 1, 1]
Classification: train=1.0000 test=0.9736 round=67
[round 67] timing train=459.206s distribution=4.493s agg=0.260s eval=324.807s total=788.782s
[round 68] reused planned scale coverage: [1, 1, 3, 1, 3, 1, 1, 1]
Classification: train=1.0000 test=0.9741 round=68
[round 68] timing train=464.884s distribution=5.279s agg=0.285s eval=315.226s total=785.703s
[round 69] reused planned scale coverage: [1, 1, 3, 1, 3, 1, 1, 1]
Classification: train=1.0000 test=0.9741 round=69
[round 69] timing train=473.300s distribution=6.190s agg=0.205s eval=316.206s total=795.912s
[round 70] reused planned scale coverage: [1, 1, 3, 1, 3, 1, 1, 1]
Classification: train=1.0000 test=0.9741 round=70
[round 70] timing train=467.573s distribution=5.411s agg=0.392s eval=315.620s total=789.017s
[round 71] reused planned scale coverage: [1, 1, 3, 1, 3, 1, 1, 1]
Classification: train=1.0000 test=0.9741 round=71
[round 71] timing train=461.887s distribution=5.819s agg=0.281s eval=312.574s total=780.606s
[round 72] reused planned scale coverage: [1, 1, 3, 1, 3, 1, 1, 1]
Classification: train=1.0000 test=0.9736 round=72
[round 72] timing train=457.826s distribution=6.295s agg=0.323s eval=289.488s total=753.983s
[round 73] reused planned scale coverage: [1, 1, 3, 1, 3, 1, 1, 1]
Classification: train=1.0000 test=0.9736 round=73
[round 73] timing train=462.296s distribution=5.650s agg=0.247s eval=296.237s total=764.454s
[round 74] reused planned scale coverage: [1, 1, 3, 1, 3, 1, 1, 1]
Classification: train=1.0000 test=0.9736 round=74
[round 74] timing train=469.125s distribution=5.569s agg=0.236s eval=299.768s total=774.727s
[round 75] reused planned scale coverage: [1, 1, 3, 1, 3, 1, 1, 1]
Classification: train=1.0000 test=0.9736 round=75
[round 75] timing train=427.841s distribution=6.171s agg=0.356s eval=314.672s total=749.068s
[round 76] reused planned scale coverage: [1, 1, 3, 1, 3, 1, 1, 1]
Classification: train=1.0000 test=0.9736 round=76
[round 76] timing train=456.387s distribution=5.292s agg=0.326s eval=316.612s total=778.625s
[round 77] reused planned scale coverage: [1, 1, 3, 1, 3, 1, 1, 1]
Classification: train=1.0000 test=0.9736 round=77
[round 77] timing train=455.737s distribution=4.432s agg=0.252s eval=307.176s total=767.647s
[round 78] reused planned scale coverage: [1, 1, 3, 1, 3, 1, 1, 1]
Classification: train=1.0000 test=0.9736 round=78
[round 78] timing train=450.081s distribution=4.734s agg=0.147s eval=304.931s total=759.926s
[round 79] reused planned scale coverage: [1, 1, 3, 1, 3, 1, 1, 1]
Classification: train=1.0000 test=0.9736 round=79
[round 79] timing train=455.196s distribution=4.693s agg=0.082s eval=303.098s total=763.091s
[round 80] reused planned scale coverage: [1, 1, 3, 1, 3, 1, 1, 1]
Classification: train=1.0000 test=0.9736 round=80
[round 80] timing train=443.817s distribution=4.857s agg=0.276s eval=304.326s total=753.293s
[round 81] reused planned scale coverage: [1, 1, 3, 1, 3, 1, 1, 1]
Classification: train=1.0000 test=0.9736 round=81
[round 81] timing train=411.190s distribution=5.254s agg=0.208s eval=296.490s total=713.154s
[round 82] reused planned scale coverage: [1, 1, 3, 1, 3, 1, 1, 1]
Classification: train=1.0000 test=0.9741 round=82
[round 82] timing train=447.300s distribution=6.377s agg=0.146s eval=295.446s total=749.278s
[round 83] reused planned scale coverage: [1, 1, 3, 1, 3, 1, 1, 1]
Classification: train=1.0000 test=0.9736 round=83
[round 83] timing train=449.379s distribution=5.503s agg=0.260s eval=300.931s total=756.092s
[round 84] reused planned scale coverage: [1, 1, 3, 1, 3, 1, 1, 1]
Classification: train=1.0000 test=0.9741 round=84
[round 84] timing train=440.878s distribution=4.921s agg=0.308s eval=271.335s total=717.475s
[round 85] reused planned scale coverage: [1, 1, 3, 1, 3, 1, 1, 1]
Classification: train=1.0000 test=0.9736 round=85
[round 85] timing train=434.295s distribution=4.843s agg=0.206s eval=300.132s total=739.491s
[round 86] reused planned scale coverage: [1, 1, 3, 1, 3, 1, 1, 1]
Classification: train=1.0000 test=0.9736 round=86
[round 86] timing train=440.792s distribution=5.219s agg=0.208s eval=282.777s total=729.017s
[round 87] reused planned scale coverage: [1, 1, 3, 1, 3, 1, 1, 1]
Classification: train=1.0000 test=0.9736 round=87
[round 87] timing train=438.682s distribution=5.051s agg=0.163s eval=281.713s total=725.618s
[round 88] reused planned scale coverage: [1, 1, 3, 1, 3, 1, 1, 1]
Classification: train=1.0000 test=0.9732 round=88
[round 88] timing train=434.721s distribution=4.865s agg=0.151s eval=287.654s total=727.405s
[round 89] reused planned scale coverage: [1, 1, 3, 1, 3, 1, 1, 1]
Classification: train=1.0000 test=0.9732 round=89
[round 89] timing train=390.855s distribution=4.865s agg=0.102s eval=301.070s total=696.910s
[fedcsl] checkpoint saved → ./checkpoint/resume/fedcsl_SpokenArabicDigits_2026-05-04-10har_fedcsl-onehot-fullteacher_dir0.05.pt (round=90)
[round 90] reused planned scale coverage: [1, 1, 3, 1, 3, 1, 1, 1]
Classification: train=1.0000 test=0.9732 round=90
[round 90] timing train=431.033s distribution=4.625s agg=0.119s eval=277.425s total=713.210s
[round 91] reused planned scale coverage: [1, 1, 3, 1, 3, 1, 1, 1]
Classification: train=1.0000 test=0.9732 round=91
[round 91] timing train=435.167s distribution=4.784s agg=0.204s eval=281.806s total=721.978s
[round 92] reused planned scale coverage: [1, 1, 3, 1, 3, 1, 1, 1]
Classification: train=1.0000 test=0.9732 round=92
[round 92] timing train=434.685s distribution=5.114s agg=0.288s eval=288.629s total=728.734s
[round 93] reused planned scale coverage: [1, 1, 3, 1, 3, 1, 1, 1]
Classification: train=1.0000 test=0.9732 round=93
[round 93] timing train=431.419s distribution=4.499s agg=0.142s eval=291.306s total=727.402s
[round 94] reused planned scale coverage: [1, 1, 3, 1, 3, 1, 1, 1]
Classification: train=1.0000 test=0.9732 round=94
[round 94] timing train=387.932s distribution=4.836s agg=0.299s eval=296.115s total=689.207s
[round 95] reused planned scale coverage: [1, 1, 3, 1, 3, 1, 1, 1]
Classification: train=1.0000 test=0.9732 round=95
[round 95] timing train=428.773s distribution=4.945s agg=0.220s eval=288.178s total=722.139s
[round 96] reused planned scale coverage: [1, 1, 3, 1, 3, 1, 1, 1]
Classification: train=1.0000 test=0.9732 round=96
[round 96] timing train=434.040s distribution=4.779s agg=0.182s eval=291.015s total=730.039s
[round 97] reused planned scale coverage: [1, 1, 3, 1, 3, 1, 1, 1]
Classification: train=1.0000 test=0.9732 round=97
[round 97] timing train=428.983s distribution=4.972s agg=0.223s eval=265.009s total=699.208s
[round 98] reused planned scale coverage: [1, 1, 3, 1, 3, 1, 1, 1]
Classification: train=1.0000 test=0.9732 round=98
[round 98] timing train=434.128s distribution=4.729s agg=0.197s eval=288.713s total=727.789s
[round 99] reused planned scale coverage: [1, 1, 3, 1, 3, 1, 1, 1]
Classification: train=1.0000 test=0.9732 round=99
[round 99] timing train=425.813s distribution=4.332s agg=0.217s eval=306.241s total=736.620s
[round 100] reused planned scale coverage: [1, 1, 3, 1, 3, 1, 1, 1]
Classification: train=1.0000 test=0.9732 round=100
[round 100] timing train=428.357s distribution=4.336s agg=0.272s eval=286.069s total=719.053s
[round 101] reused planned scale coverage: [1, 1, 3, 1, 3, 1, 1, 1]
Classification: train=1.0000 test=0.9732 round=101
[round 101] timing train=441.467s distribution=4.219s agg=0.255s eval=292.058s total=738.037s
[round 102] reused planned scale coverage: [1, 1, 3, 1, 3, 1, 1, 1]
Classification: train=1.0000 test=0.9727 round=102
[round 102] timing train=435.671s distribution=5.325s agg=0.208s eval=289.677s total=730.915s
[round 103] reused planned scale coverage: [1, 1, 3, 1, 3, 1, 1, 1]
Classification: train=1.0000 test=0.9727 round=103
[round 103] timing train=395.601s distribution=3.966s agg=0.475s eval=296.352s total=696.411s
[round 104] reused planned scale coverage: [1, 1, 3, 1, 3, 1, 1, 1]
Classification: train=1.0000 test=0.9727 round=104
[round 104] timing train=429.176s distribution=5.163s agg=0.258s eval=298.025s total=732.652s
[round 105] reused planned scale coverage: [1, 1, 3, 1, 3, 1, 1, 1]
Classification: train=1.0000 test=0.9727 round=105
[round 105] timing train=432.286s distribution=4.842s agg=0.322s eval=279.409s total=716.890s
[round 106] reused planned scale coverage: [1, 1, 3, 1, 3, 1, 1, 1]
Classification: train=1.0000 test=0.9727 round=106
[round 106] timing train=408.789s distribution=4.534s agg=0.188s eval=289.983s total=703.525s
[round 107] reused planned scale coverage: [1, 1, 3, 1, 3, 1, 1, 1]
Classification: train=1.0000 test=0.9727 round=107
[round 107] timing train=435.266s distribution=4.765s agg=0.166s eval=294.183s total=734.403s
[round 108] reused planned scale coverage: [1, 1, 3, 1, 3, 1, 1, 1]
Classification: train=1.0000 test=0.9727 round=108
[round 108] timing train=434.107s distribution=4.374s agg=0.419s eval=294.413s total=733.336s
[round 109] reused planned scale coverage: [1, 1, 3, 1, 3, 1, 1, 1]
Classification: train=1.0000 test=0.9727 round=109
[round 109] timing train=417.927s distribution=4.557s agg=0.182s eval=289.891s total=712.569s
[round 110] reused planned scale coverage: [1, 1, 3, 1, 3, 1, 1, 1]
Classification: train=1.0000 test=0.9727 round=110
[round 110] timing train=425.074s distribution=4.323s agg=0.194s eval=291.836s total=721.444s
[round 111] reused planned scale coverage: [1, 1, 3, 1, 3, 1, 1, 1]
Classification: train=1.0000 test=0.9727 round=111
[round 111] timing train=427.227s distribution=4.862s agg=0.135s eval=296.220s total=728.455s
[round 112] reused planned scale coverage: [1, 1, 3, 1, 3, 1, 1, 1]
Classification: train=1.0000 test=0.9727 round=112
[round 112] timing train=387.585s distribution=3.835s agg=0.227s eval=289.196s total=680.852s
[round 113] reused planned scale coverage: [1, 1, 3, 1, 3, 1, 1, 1]
Classification: train=1.0000 test=0.9727 round=113
[round 113] timing train=432.204s distribution=5.152s agg=0.154s eval=249.203s total=686.767s
[round 114] reused planned scale coverage: [1, 1, 3, 1, 3, 1, 1, 1]
Classification: train=1.0000 test=0.9727 round=114
[round 114] timing train=433.848s distribution=5.168s agg=0.145s eval=282.386s total=721.568s
[round 115] reused planned scale coverage: [1, 1, 3, 1, 3, 1, 1, 1]
Classification: train=1.0000 test=0.9727 round=115
[round 115] timing train=427.890s distribution=4.654s agg=0.160s eval=285.811s total=718.538s
[round 116] reused planned scale coverage: [1, 1, 3, 1, 3, 1, 1, 1]
Classification: train=1.0000 test=0.9723 round=116
[round 116] timing train=438.199s distribution=4.981s agg=0.245s eval=282.180s total=725.628s
[round 117] reused planned scale coverage: [1, 1, 3, 1, 3, 1, 1, 1]
Classification: train=1.0000 test=0.9723 round=117
[round 117] timing train=426.692s distribution=4.560s agg=0.268s eval=290.609s total=722.160s
[round 118] reused planned scale coverage: [1, 1, 3, 1, 3, 1, 1, 1]
Classification: train=1.0000 test=0.9723 round=118
[round 118] timing train=419.356s distribution=5.302s agg=0.120s eval=291.008s total=715.813s
[round 119] reused planned scale coverage: [1, 1, 3, 1, 3, 1, 1, 1]
Classification: train=1.0000 test=0.9723 round=119
[round 119] timing train=427.132s distribution=5.054s agg=0.156s eval=287.789s total=720.142s
[fedcsl] checkpoint saved → ./checkpoint/resume/fedcsl_SpokenArabicDigits_2026-05-04-10har_fedcsl-onehot-fullteacher_dir0.05.pt (round=120)
[round 120] reused planned scale coverage: [1, 1, 3, 1, 3, 1, 1, 1]
Classification: train=1.0000 test=0.9723 round=120
[round 120] timing train=430.297s distribution=4.062s agg=0.130s eval=260.016s total=694.541s
[round 121] reused planned scale coverage: [1, 1, 3, 1, 3, 1, 1, 1]
Classification: train=1.0000 test=0.9723 round=121
[round 121] timing train=352.553s distribution=4.673s agg=0.226s eval=278.853s total=636.316s
[round 122] reused planned scale coverage: [1, 1, 3, 1, 3, 1, 1, 1]
Classification: train=1.0000 test=0.9723 round=122
[round 122] timing train=420.323s distribution=4.701s agg=0.168s eval=287.911s total=713.121s
[round 123] reused planned scale coverage: [1, 1, 3, 1, 3, 1, 1, 1]
Classification: train=1.0000 test=0.9723 round=123
[round 123] timing train=431.536s distribution=4.262s agg=0.259s eval=277.220s total=713.375s
[round 124] reused planned scale coverage: [1, 1, 3, 1, 3, 1, 1, 1]
Classification: train=1.0000 test=0.9723 round=124
[round 124] timing train=420.178s distribution=4.957s agg=0.181s eval=281.491s total=706.839s
[round 125] reused planned scale coverage: [1, 1, 3, 1, 3, 1, 1, 1]
Classification: train=1.0000 test=0.9723 round=125
[round 125] timing train=417.399s distribution=4.825s agg=0.242s eval=282.008s total=704.496s
[round 126] reused planned scale coverage: [1, 1, 3, 1, 3, 1, 1, 1]
Classification: train=1.0000 test=0.9723 round=126
[round 126] timing train=420.586s distribution=4.869s agg=0.104s eval=285.095s total=710.678s
[round 127] reused planned scale coverage: [1, 1, 3, 1, 3, 1, 1, 1]
Classification: train=1.0000 test=0.9727 round=127
[round 127] timing train=420.469s distribution=4.252s agg=0.088s eval=295.659s total=720.495s
[round 128] reused planned scale coverage: [1, 1, 3, 1, 3, 1, 1, 1]
Classification: train=1.0000 test=0.9727 round=128
[round 128] timing train=425.612s distribution=4.941s agg=0.167s eval=274.112s total=704.852s
[round 129] reused planned scale coverage: [1, 1, 3, 1, 3, 1, 1, 1]
Classification: train=1.0000 test=0.9727 round=129
[round 129] timing train=358.213s distribution=3.932s agg=0.127s eval=289.546s total=651.827s
[round 130] reused planned scale coverage: [1, 1, 3, 1, 3, 1, 1, 1]
Classification: train=1.0000 test=0.9727 round=130
[round 130] timing train=434.359s distribution=4.858s agg=0.165s eval=271.890s total=711.308s
[round 131] reused planned scale coverage: [1, 1, 3, 1, 3, 1, 1, 1]
Classification: train=1.0000 test=0.9732 round=131
[round 131] timing train=426.312s distribution=5.326s agg=0.254s eval=296.330s total=728.272s
[round 132] reused planned scale coverage: [1, 1, 3, 1, 3, 1, 1, 1]
Classification: train=1.0000 test=0.9732 round=132
[round 132] timing train=418.596s distribution=5.472s agg=0.188s eval=285.485s total=709.748s
[round 133] reused planned scale coverage: [1, 1, 3, 1, 3, 1, 1, 1]
Classification: train=1.0000 test=0.9732 round=133
[round 133] timing train=425.353s distribution=4.759s agg=0.177s eval=281.740s total=712.045s
[round 134] reused planned scale coverage: [1, 1, 3, 1, 3, 1, 1, 1]
Classification: train=1.0000 test=0.9732 round=134
[round 134] timing train=431.941s distribution=5.710s agg=0.291s eval=276.733s total=714.700s
[round 135] reused planned scale coverage: [1, 1, 3, 1, 3, 1, 1, 1]
Classification: train=1.0000 test=0.9727 round=135
[round 135] timing train=430.853s distribution=5.222s agg=0.163s eval=291.524s total=727.771s
[round 136] reused planned scale coverage: [1, 1, 3, 1, 3, 1, 1, 1]
Classification: train=1.0000 test=0.9727 round=136
[round 136] timing train=431.426s distribution=4.567s agg=0.126s eval=278.945s total=715.088s
[round 137] reused planned scale coverage: [1, 1, 3, 1, 3, 1, 1, 1]
Classification: train=1.0000 test=0.9727 round=137
[round 137] timing train=422.969s distribution=5.181s agg=0.246s eval=282.885s total=711.293s
[round 138] reused planned scale coverage: [1, 1, 3, 1, 3, 1, 1, 1]
Classification: train=1.0000 test=0.9727 round=138
[round 138] timing train=381.953s distribution=5.701s agg=0.204s eval=277.550s total=665.442s
[round 139] reused planned scale coverage: [1, 1, 3, 1, 3, 1, 1, 1]
Classification: train=1.0000 test=0.9727 round=139
[round 139] timing train=383.105s distribution=5.697s agg=0.255s eval=278.522s total=667.588s
[round 140] reused planned scale coverage: [1, 1, 3, 1, 3, 1, 1, 1]
Classification: train=1.0000 test=0.9727 round=140
[round 140] timing train=429.102s distribution=4.971s agg=0.155s eval=280.643s total=714.886s
[round 141] reused planned scale coverage: [1, 1, 3, 1, 3, 1, 1, 1]
Classification: train=1.0000 test=0.9727 round=141
[round 141] timing train=419.095s distribution=4.825s agg=0.197s eval=297.140s total=721.264s
[round 142] reused planned scale coverage: [1, 1, 3, 1, 3, 1, 1, 1]
Classification: train=1.0000 test=0.9727 round=142
[round 142] timing train=429.735s distribution=6.031s agg=0.230s eval=279.254s total=715.291s
[round 143] reused planned scale coverage: [1, 1, 3, 1, 3, 1, 1, 1]
Classification: train=1.0000 test=0.9727 round=143
[round 143] timing train=432.697s distribution=4.380s agg=0.200s eval=288.562s total=725.858s
[round 144] reused planned scale coverage: [1, 1, 3, 1, 3, 1, 1, 1]
Classification: train=1.0000 test=0.9732 round=144
[round 144] timing train=432.261s distribution=5.151s agg=0.292s eval=260.617s total=698.347s
[round 145] reused planned scale coverage: [1, 1, 3, 1, 3, 1, 1, 1]
Classification: train=1.0000 test=0.9736 round=145
[round 145] timing train=426.647s distribution=5.539s agg=0.286s eval=279.061s total=711.560s
[round 146] reused planned scale coverage: [1, 1, 3, 1, 3, 1, 1, 1]
Classification: train=1.0000 test=0.9732 round=146
[round 146] timing train=428.920s distribution=4.851s agg=0.166s eval=284.722s total=718.712s
[round 147] reused planned scale coverage: [1, 1, 3, 1, 3, 1, 1, 1]
Classification: train=1.0000 test=0.9736 round=147
[round 147] timing train=385.662s distribution=5.770s agg=0.155s eval=272.284s total=663.912s
[round 148] reused planned scale coverage: [1, 1, 3, 1, 3, 1, 1, 1]
Classification: train=1.0000 test=0.9732 round=148
[round 148] timing train=423.034s distribution=5.870s agg=0.284s eval=249.571s total=678.773s
[round 149] reused planned scale coverage: [1, 1, 3, 1, 3, 1, 1, 1]
Classification: train=1.0000 test=0.9732 round=149
[round 149] timing train=424.162s distribution=5.677s agg=0.400s eval=274.731s total=704.982s
[fedcsl] checkpoint saved → ./checkpoint/resume/fedcsl_SpokenArabicDigits_2026-05-04-10har_fedcsl-onehot-fullteacher_dir0.05.pt (round=150)
[round 150] reused planned scale coverage: [1, 1, 3, 1, 3, 1, 1, 1]
Classification: train=1.0000 test=0.9732 round=150
[round 150] timing train=428.222s distribution=5.085s agg=0.205s eval=280.627s total=714.184s
[round 151] reused planned scale coverage: [1, 1, 3, 1, 3, 1, 1, 1]
Classification: train=1.0000 test=0.9732 round=151
[round 151] timing train=428.231s distribution=5.124s agg=0.178s eval=278.822s total=712.385s
[round 152] reused planned scale coverage: [1, 1, 3, 1, 3, 1, 1, 1]
Classification: train=1.0000 test=0.9736 round=152
[round 152] timing train=437.107s distribution=5.558s agg=0.162s eval=288.360s total=731.214s
[round 153] reused planned scale coverage: [1, 1, 3, 1, 3, 1, 1, 1]
Classification: train=1.0000 test=0.9736 round=153
[round 153] timing train=437.123s distribution=4.908s agg=0.123s eval=271.320s total=713.494s
[round 154] reused planned scale coverage: [1, 1, 3, 1, 3, 1, 1, 1]
Classification: train=1.0000 test=0.9736 round=154
[round 154] timing train=424.849s distribution=5.379s agg=0.198s eval=283.232s total=713.683s
[round 155] reused planned scale coverage: [1, 1, 3, 1, 3, 1, 1, 1]
Classification: train=1.0000 test=0.9736 round=155
[round 155] timing train=424.030s distribution=5.034s agg=0.185s eval=272.824s total=702.089s
[round 156] reused planned scale coverage: [1, 1, 3, 1, 3, 1, 1, 1]
Classification: train=1.0000 test=0.9736 round=156
[round 156] timing train=393.149s distribution=4.914s agg=0.052s eval=284.391s total=682.521s
[round 157] reused planned scale coverage: [1, 1, 3, 1, 3, 1, 1, 1]
Classification: train=1.0000 test=0.9736 round=157
[round 157] timing train=442.241s distribution=5.035s agg=0.182s eval=271.360s total=718.842s
[round 158] reused planned scale coverage: [1, 1, 3, 1, 3, 1, 1, 1]
Classification: train=1.0000 test=0.9741 round=158
[round 158] timing train=384.844s distribution=4.290s agg=0.163s eval=288.363s total=677.677s
[round 159] reused planned scale coverage: [1, 1, 3, 1, 3, 1, 1, 1]
Classification: train=1.0000 test=0.9741 round=159
[round 159] timing train=424.589s distribution=5.100s agg=0.221s eval=278.816s total=708.763s
[round 160] reused planned scale coverage: [1, 1, 3, 1, 3, 1, 1, 1]
Classification: train=1.0000 test=0.9741 round=160
[round 160] timing train=420.965s distribution=4.649s agg=0.137s eval=270.373s total=696.144s
[round 161] reused planned scale coverage: [1, 1, 3, 1, 3, 1, 1, 1]
Classification: train=1.0000 test=0.9741 round=161
[round 161] timing train=428.509s distribution=4.824s agg=0.187s eval=260.304s total=693.874s
[round 162] reused planned scale coverage: [1, 1, 3, 1, 3, 1, 1, 1]
Classification: train=1.0000 test=0.9741 round=162
[round 162] timing train=426.633s distribution=5.217s agg=0.244s eval=289.365s total=721.470s
[round 163] reused planned scale coverage: [1, 1, 3, 1, 3, 1, 1, 1]
Classification: train=1.0000 test=0.9741 round=163
[round 163] timing train=415.361s distribution=5.087s agg=0.382s eval=283.977s total=704.816s
[round 164] reused planned scale coverage: [1, 1, 3, 1, 3, 1, 1, 1]
Classification: train=1.0000 test=0.9741 round=164
[round 164] timing train=421.532s distribution=5.475s agg=0.257s eval=277.098s total=704.400s
[round 165] reused planned scale coverage: [1, 1, 3, 1, 3, 1, 1, 1]
Classification: train=1.0000 test=0.9741 round=165
[round 165] timing train=428.110s distribution=5.897s agg=0.130s eval=249.659s total=683.816s
[round 166] reused planned scale coverage: [1, 1, 3, 1, 3, 1, 1, 1]
Classification: train=1.0000 test=0.9741 round=166
[round 166] timing train=414.590s distribution=5.190s agg=0.179s eval=277.040s total=697.006s
[round 167] reused planned scale coverage: [1, 1, 3, 1, 3, 1, 1, 1]
Classification: train=1.0000 test=0.9741 round=167
[round 167] timing train=425.632s distribution=5.367s agg=0.157s eval=252.212s total=683.385s
[round 168] reused planned scale coverage: [1, 1, 3, 1, 3, 1, 1, 1]
Classification: train=1.0000 test=0.9741 round=168
[round 168] timing train=421.771s distribution=4.913s agg=0.187s eval=291.830s total=718.708s
[round 169] reused planned scale coverage: [1, 1, 3, 1, 3, 1, 1, 1]
Classification: train=1.0000 test=0.9741 round=169
[round 169] timing train=429.847s distribution=4.957s agg=0.245s eval=261.688s total=696.750s
[round 170] reused planned scale coverage: [1, 1, 3, 1, 3, 1, 1, 1]
Classification: train=1.0000 test=0.9741 round=170
[round 170] timing train=419.948s distribution=4.715s agg=0.146s eval=283.417s total=708.234s
[round 171] reused planned scale coverage: [1, 1, 3, 1, 3, 1, 1, 1]
Classification: train=1.0000 test=0.9741 round=171
[round 171] timing train=417.571s distribution=4.462s agg=0.099s eval=273.225s total=695.409s
[round 172] reused planned scale coverage: [1, 1, 3, 1, 3, 1, 1, 1]
Classification: train=1.0000 test=0.9745 round=172
[round 172] timing train=417.499s distribution=5.077s agg=0.138s eval=305.573s total=728.323s
[round 173] reused planned scale coverage: [1, 1, 3, 1, 3, 1, 1, 1]
Classification: train=1.0000 test=0.9745 round=173
[round 173] timing train=421.823s distribution=5.741s agg=0.245s eval=268.690s total=696.508s
[round 174] reused planned scale coverage: [1, 1, 3, 1, 3, 1, 1, 1]
Classification: train=1.0000 test=0.9745 round=174
[round 174] timing train=427.348s distribution=5.571s agg=0.220s eval=275.622s total=708.785s
[round 175] reused planned scale coverage: [1, 1, 3, 1, 3, 1, 1, 1]
Classification: train=1.0000 test=0.9745 round=175
[round 175] timing train=403.011s distribution=5.175s agg=0.091s eval=260.694s total=669.005s
[round 176] reused planned scale coverage: [1, 1, 3, 1, 3, 1, 1, 1]
Classification: train=1.0000 test=0.9745 round=176
[round 176] timing train=418.976s distribution=4.901s agg=0.177s eval=290.538s total=714.626s
[round 177] reused planned scale coverage: [1, 1, 3, 1, 3, 1, 1, 1]
Classification: train=1.0000 test=0.9745 round=177
[round 177] timing train=361.623s distribution=5.614s agg=0.296s eval=276.933s total=644.500s
[round 178] reused planned scale coverage: [1, 1, 3, 1, 3, 1, 1, 1]
Classification: train=1.0000 test=0.9745 round=178
[round 178] timing train=418.562s distribution=4.932s agg=0.096s eval=271.000s total=694.615s
[round 179] reused planned scale coverage: [1, 1, 3, 1, 3, 1, 1, 1]
Classification: train=1.0000 test=0.9745 round=179
[round 179] timing train=419.765s distribution=5.212s agg=0.258s eval=268.006s total=693.275s
[fedcsl] checkpoint saved → ./checkpoint/resume/fedcsl_SpokenArabicDigits_2026-05-04-10har_fedcsl-onehot-fullteacher_dir0.05.pt (round=180)
[round 180] reused planned scale coverage: [1, 1, 3, 1, 3, 1, 1, 1]
Classification: train=1.0000 test=0.9745 round=180
[round 180] timing train=421.134s distribution=5.002s agg=0.161s eval=278.636s total=704.941s
[round 181] reused planned scale coverage: [1, 1, 3, 1, 3, 1, 1, 1]
Classification: train=1.0000 test=0.9745 round=181
[round 181] timing train=418.058s distribution=5.549s agg=0.146s eval=267.620s total=691.403s
[round 182] reused planned scale coverage: [1, 1, 3, 1, 3, 1, 1, 1]
Classification: train=1.0000 test=0.9745 round=182
[round 182] timing train=425.687s distribution=4.543s agg=0.189s eval=272.490s total=702.924s
[round 183] reused planned scale coverage: [1, 1, 3, 1, 3, 1, 1, 1]
Classification: train=1.0000 test=0.9745 round=183
[round 183] timing train=416.414s distribution=5.449s agg=0.152s eval=268.072s total=690.121s
[round 184] reused planned scale coverage: [1, 1, 3, 1, 3, 1, 1, 1]
Classification: train=1.0000 test=0.9745 round=184
[round 184] timing train=414.968s distribution=4.977s agg=0.205s eval=279.267s total=699.433s
[round 185] reused planned scale coverage: [1, 1, 3, 1, 3, 1, 1, 1]
Classification: train=1.0000 test=0.9745 round=185
[round 185] timing train=349.611s distribution=5.192s agg=0.156s eval=265.508s total=620.480s
[round 186] reused planned scale coverage: [1, 1, 3, 1, 3, 1, 1, 1]
Classification: train=1.0000 test=0.9745 round=186
[round 186] timing train=416.700s distribution=4.984s agg=0.376s eval=245.331s total=667.401s
[round 187] reused planned scale coverage: [1, 1, 3, 1, 3, 1, 1, 1]
Classification: train=1.0000 test=0.9745 round=187
[round 187] timing train=429.354s distribution=4.639s agg=0.159s eval=276.251s total=710.419s
[round 188] reused planned scale coverage: [1, 1, 3, 1, 3, 1, 1, 1]
Classification: train=1.0000 test=0.9745 round=188
[round 188] timing train=425.139s distribution=4.622s agg=0.086s eval=272.993s total=702.854s
[round 189] reused planned scale coverage: [1, 1, 3, 1, 3, 1, 1, 1]
Classification: train=1.0000 test=0.9745 round=189
[round 189] timing train=415.787s distribution=5.015s agg=0.186s eval=301.249s total=722.261s
[round 190] reused planned scale coverage: [1, 1, 3, 1, 3, 1, 1, 1]
Classification: train=1.0000 test=0.9745 round=190
[round 190] timing train=418.449s distribution=4.472s agg=0.083s eval=282.864s total=705.888s
[round 191] reused planned scale coverage: [1, 1, 3, 1, 3, 1, 1, 1]
Classification: train=1.0000 test=0.9745 round=191
[round 191] timing train=417.842s distribution=4.062s agg=0.171s eval=283.060s total=705.152s
[round 192] reused planned scale coverage: [1, 1, 3, 1, 3, 1, 1, 1]
Classification: train=1.0000 test=0.9750 round=192
[round 192] timing train=423.380s distribution=5.233s agg=0.197s eval=278.793s total=707.613s
[round 193] reused planned scale coverage: [1, 1, 3, 1, 3, 1, 1, 1]
Classification: train=1.0000 test=0.9750 round=193
[round 193] timing train=428.744s distribution=4.916s agg=0.121s eval=287.041s total=720.830s
[round 194] reused planned scale coverage: [1, 1, 3, 1, 3, 1, 1, 1]
Classification: train=1.0000 test=0.9750 round=194
[round 194] timing train=418.420s distribution=4.166s agg=0.132s eval=247.850s total=670.600s
[round 195] reused planned scale coverage: [1, 1, 3, 1, 3, 1, 1, 1]
Classification: train=1.0000 test=0.9750 round=195
[round 195] timing train=412.786s distribution=4.536s agg=0.132s eval=273.441s total=690.903s
[round 196] reused planned scale coverage: [1, 1, 3, 1, 3, 1, 1, 1]
Classification: train=1.0000 test=0.9750 round=196
[round 196] timing train=410.966s distribution=4.716s agg=0.210s eval=282.243s total=698.143s
[round 197] reused planned scale coverage: [1, 1, 3, 1, 3, 1, 1, 1]
Classification: train=1.0000 test=0.9750 round=197
[round 197] timing train=415.508s distribution=5.278s agg=0.111s eval=278.260s total=699.163s
[round 198] reused planned scale coverage: [1, 1, 3, 1, 3, 1, 1, 1]
Classification: train=1.0000 test=0.9750 round=198
[round 198] timing train=415.275s distribution=4.350s agg=0.092s eval=275.559s total=695.308s
[round 199] reused planned scale coverage: [1, 1, 3, 1, 3, 1, 1, 1]
Classification: train=1.0000 test=0.9750 round=199
[round 199] timing train=415.985s distribution=4.980s agg=0.136s eval=265.816s total=686.936s
best round is 192, acc is 0.974989
Model saved to ./checkpoint/SpokenArabicDigits/2026-05-04-10har_fedcsl-onehot-fullteacher_dir0.05_SpokenArabicDigits_model.pt
