# 2026-05-04 14:32:19  har_fedproto_dir10.0  GPU=3  cwd=/data/user_lixiongfei/CSL-main
# CMD: python3 -u FedCSL_All.py -dataset HAR --config configFedProto.yml --dirichlet-alpha 10.0 --seed 42 --description har_fedproto_dir10.0 -dataset LSST

/mnt/data/user_liangzhiyu/envs/fedcsl/lib/python3.8/site-packages/scipy/__init__.py:146: UserWarning: A NumPy version >=1.16.5 and <1.23.0 is required for this version of SciPy (detected version 1.23.5
  warnings.warn(f"A NumPy version >={np_minversion} and <{np_maxversion}"
[config] 'configFedProto.yml' 未找到，重定向到 'config/configFedProto.yml'
2459
<class 'pandas.core.frame.DataFrame'>
RangeIndex: 2459 entries, 0 to 2458
Data columns (total 7 columns):
 #   Column      Non-Null Count  Dtype 
---  ------      --------------  ----- 
 0   dim_0       2459 non-null   object
 1   dim_1       2459 non-null   object
 2   dim_2       2459 non-null   object
 3   dim_3       2459 non-null   object
 4   dim_4       2459 non-null   object
 5   dim_5       2459 non-null   object
 6   class_vals  2459 non-null   object
dtypes: object(7)
memory usage: 134.6+ KB
None
{36}
<class 'pandas.core.frame.DataFrame'>
RangeIndex: 2459 entries, 0 to 2458
Data columns (total 7 columns):
 #   Column      Non-Null Count  Dtype 
---  ------      --------------  ----- 
 0   dim_0       2459 non-null   object
 1   dim_1       2459 non-null   object
 2   dim_2       2459 non-null   object
 3   dim_3       2459 non-null   object
 4   dim_4       2459 non-null   object
 5   dim_5       2459 non-null   object
 6   class_vals  2459 non-null   object
dtypes: object(7)
memory usage: 134.6+ KB
None
[ 0  0  0 ... 13 13 13]
[   0    1    2    3    4    5    6    7    8    9   10   34   35   36
   37   38   39   40   41   42   43   44   45   46   47   48   49   50
   51   52   53   54   55   56   57   58   59   60   61   62   63   64
   65   66  157  158  159  160  161  162  163  164  165  166  167  168
  169  170  171  172  173  174  175  176  177  178  179  180  181  182
  183  184  185  186  187  188  189  190  191  192  193  194  195  196
  197  198  199  200  201  202  203  204  205  206  207  208  209  210
  211  212  213  214  215  216  217  218  219  220  221  222  223  224
  225  226  227  228  229  230  231  427  428  429  430  431  432  433
  434  435  436  437  438  439  440  441  442  443  444  445  446  447
  448  449  450  451  452  453  454  455  456  457  458  459  460  461
  462  463  464  465  466  467  468  469  470  471  472  473  474  475
  476  477  478  479  480  481  482  483  484  485  486  487  488  489
  490  491  492  493  494  495  496  497  498  499  500  501  502  503
  504  505  506  507  508  509  510  511  512  513  514  515  516  517
  518  519  520  521  522  523  524  525  526  527  528  529  530  531
  532  533  534  535  536  537  538  539  540  541  542  543  544  545
  546  547  548  549  550  551  552  553  554  555  556  557  558  559
  560  561  562  563  564  565  566  567  568  569  570  571  572  573
  574  575  576  577  578  808  809  810  811  812  813  814  815  816
  817  818  819  820  821  822  823  824  825  826  827  828  829  830
  831  832  833  834  835  836  837  838  870  871  877  878  879  880
  881  882  883  884  885  886  887  888  889  890  891  892  893  894
  895  896  897  898  899  900  901  902  903  904  905  906  907  908
  909 1030 1031 1032 1033 1034 1035 1036 1037 1038 1053 1054 1055 1056
 1057 1058 1059 1060 1061 1062 1063 1064 1065 1066 1067 1068 1069 1070
 1071 1072 1073 1074 1075 1076 1077 1078 1079 1080 1081 1082 1083 1084
 1085 1086 1087 1088 1089 1090 1091 1092 1093 1094 1095 1096 1097 1098
 1099 1100 1101 1102 1103 1104 1105 1106 1107 1108 1109 1110 1111 1112
 1113 1114 1115 1116 1117 1118 1119 1120 1121 1122 1123 1124 1125 1126
 1127 1128 1129 1130 1131 1132 1133 1134 1135 1136 1137 1138 1139 1140
 1141 1142 1143 1144 1145 1146 1147 1148 1149 1150 1151 1152 1366 1367
 1368 1369 1370 1371 1372 1373 1374 1375 1376 1377 1378 1379 1380 1381
 1382 1383 1384 1385 1386 1387 1388 1389 1390 1391 1392 1393 1394 1395
 1434 1435 1436 1437 1438 1439 1440 1441 1442 1443 1444 1445 1446 1447
 1448 1449 1450 1451 1452 1453 1454 1455 1456 1457 1458 1459 1460 1554
 1555 1556 1557 1558 1559 1560 1561 1562 1563 1564 1565 1566 1567 1568
 1569 1570 1571 1572 1573 1574 1575 1576 1577 1578 1579 1580 1581 1582
 1583 1584 1585 1586 1587 1588 1589 1590 1591 1592 1593 1594 1595 1596
 1597 1598 1599 1600 1601 1602 1603 1604 1605 1606 1607 1608 1609 1610
 1611 1612 1613 1614 1615 1616 1617 1618 1619 1620 1621 1622 1623 1624
 1625 1626 1627 1628 1629 1630 1631 1632 1633 1634 1635 1636 1637 1638
 1639 1640 1641 1642 1643 1644 1645 1646 1647 1648 1649 1650 1651 1652
 1653 1654 1655 1656 1657 1658 1659 1660 1661 1662 1663 1664 1665 1666
 1667 1668 1669 1670 1671 1672 1673 1674 1675 1676 1677 1678 1679 1680
 1681 1682 1683 1684 1685 1686 1687 1688 1689 1690 1691 1692 1693 1694
 1695 1696 1697 1698 1699 1700 1701 1702 1703 1704 1705 1706 1707 1708
 1709 1710 1711 1712 1713 1714 1715 1716 1717 1718 1719 1720 1721 1722
 1723 1724 1725 1726 1727 1728 1729 1730 1731 1732 1733 1734 1735 1736
 1737 1738 1739 1740 1741 1742 1743 1744 1745 1746 1747 1748 1749 1750
 1751 1752 1753 1754 1755 1756 1757 1758 1759 1760 1761 1762 1763 1764
 1765 1766 1767 1768 1769 1770 1771 1772 1773 1774 1775 1776 1777 1778
 1779 1780 1781 1782 1783 1784 1785 1786 1787 1788 1789 1790 1791 1792
 1793 1794 1795 1796 1797 1798 1799 1800 1801 1802 1803 1804 1805 1806
 1807 1808 1809 1810 1811 1812 1813 1814 2331 2332 2333 2334 2335 2336
 2337 2338 2339 2340 2341 2342 2343 2344 2345 2346 2408 2409 2410 2411
 2412 2413 2414 2415 2416 2417]
[0, 0, 0, 0, 0, 0, 0, 0, 0, 0, 0, 1, 1, 1, 1, 1, 1, 1, 1, 1, 1, 1, 1, 1, 1, 1, 1, 1, 1, 1, 1, 1, 1, 1, 1, 1, 1, 1, 1, 1, 1, 1, 1, 1, 2, 2, 2, 2, 2, 2, 2, 2, 2, 2, 2, 2, 2, 2, 2, 2, 2, 2, 2, 2, 2, 2, 2, 2, 2, 2, 2, 2, 2, 2, 2, 2, 2, 2, 2, 2, 2, 2, 2, 2, 2, 2, 2, 2, 2, 2, 2, 2, 2, 2, 2, 2, 2, 2, 2, 2, 2, 2, 2, 2, 2, 2, 2, 2, 2, 2, 2, 2, 2, 2, 2, 2, 2, 2, 2, 3, 3, 3, 3, 3, 3, 3, 3, 3, 3, 3, 3, 3, 3, 3, 3, 3, 3, 3, 3, 3, 3, 3, 3, 3, 3, 3, 3, 3, 3, 3, 3, 3, 3, 3, 3, 3, 3, 3, 3, 3, 3, 3, 3, 3, 3, 3, 3, 3, 3, 3, 3, 3, 3, 3, 3, 3, 3, 3, 3, 3, 3, 3, 3, 3, 3, 3, 3, 3, 3, 3, 3, 3, 3, 3, 3, 3, 3, 3, 3, 3, 3, 3, 3, 3, 3, 3, 3, 3, 3, 3, 3, 3, 3, 3, 3, 3, 3, 3, 3, 3, 3, 3, 3, 3, 3, 3, 3, 3, 3, 3, 3, 3, 3, 3, 3, 3, 3, 3, 3, 3, 3, 3, 3, 3, 3, 3, 3, 3, 3, 3, 3, 3, 3, 3, 3, 3, 3, 3, 3, 3, 3, 3, 3, 3, 3, 3, 3, 3, 3, 3, 3, 4, 4, 4, 4, 4, 4, 4, 4, 4, 4, 4, 4, 4, 4, 4, 4, 4, 4, 4, 4, 4, 4, 4, 4, 4, 4, 4, 4, 4, 4, 4, 5, 5, 6, 6, 6, 6, 6, 6, 6, 6, 6, 6, 6, 6, 6, 6, 6, 6, 6, 6, 6, 6, 6, 6, 6, 6, 6, 6, 6, 6, 6, 6, 6, 6, 6, 7, 7, 7, 7, 7, 7, 7, 7, 7, 8, 8, 8, 8, 8, 8, 8, 8, 8, 8, 8, 8, 8, 8, 8, 8, 8, 8, 8, 8, 8, 8, 8, 8, 8, 8, 8, 8, 8, 8, 8, 8, 8, 8, 8, 8, 8, 8, 8, 8, 8, 8, 8, 8, 8, 8, 8, 8, 8, 8, 8, 8, 8, 8, 8, 8, 8, 8, 8, 8, 8, 8, 8, 8, 8, 8, 8, 8, 8, 8, 8, 8, 8, 8, 8, 8, 8, 8, 8, 8, 8, 8, 8, 8, 8, 8, 8, 8, 8, 8, 8, 8, 8, 8, 8, 8, 8, 8, 8, 8, 9, 9, 9, 9, 9, 9, 9, 9, 9, 9, 9, 9, 9, 9, 9, 9, 9, 9, 9, 9, 9, 9, 9, 9, 9, 9, 9, 9, 9, 9, 10, 10, 10, 10, 10, 10, 10, 10, 10, 10, 10, 10, 10, 10, 10, 10, 10, 10, 10, 10, 10, 10, 10, 10, 10, 10, 10, 11, 11, 11, 11, 11, 11, 11, 11, 11, 11, 11, 11, 11, 11, 11, 11, 11, 11, 11, 11, 11, 11, 11, 11, 11, 11, 11, 11, 11, 11, 11, 11, 11, 11, 11, 11, 11, 11, 11, 11, 11, 11, 11, 11, 11, 11, 11, 11, 11, 11, 11, 11, 11, 11, 11, 11, 11, 11, 11, 11, 11, 11, 11, 11, 11, 11, 11, 11, 11, 11, 11, 11, 11, 11, 11, 11, 11, 11, 11, 11, 11, 11, 11, 11, 11, 11, 11, 11, 11, 11, 11, 11, 11, 11, 11, 11, 11, 11, 11, 11, 11, 11, 11, 11, 11, 11, 11, 11, 11, 11, 11, 11, 11, 11, 11, 11, 11, 11, 11, 11, 11, 11, 11, 11, 11, 11, 11, 11, 11, 11, 11, 11, 11, 11, 11, 11, 11, 11, 11, 11, 11, 11, 11, 11, 11, 11, 11, 11, 11, 11, 11, 11, 11, 11, 11, 11, 11, 11, 11, 11, 11, 11, 11, 11, 11, 11, 11, 11, 11, 11, 11, 11, 11, 11, 11, 11, 11, 11, 11, 11, 11, 11, 11, 11, 11, 11, 11, 11, 11, 11, 11, 11, 11, 11, 11, 11, 11, 11, 11, 11, 11, 11, 11, 11, 11, 11, 11, 11, 11, 11, 11, 11, 11, 11, 11, 11, 11, 11, 11, 11, 11, 11, 11, 11, 11, 11, 11, 11, 11, 11, 11, 11, 11, 11, 11, 11, 11, 11, 11, 11, 11, 11, 11, 11, 11, 11, 11, 11, 11, 11, 11, 11, 11, 11, 11, 11, 11, 11, 11, 11, 11, 12, 12, 12, 12, 12, 12, 12, 12, 12, 12, 12, 12, 12, 12, 12, 12, 13, 13, 13, 13, 13, 13, 13, 13, 13, 13]
[0, 0, 0, 0, 0, 0, 0, 0, 1, 1, 1, 1, 1, 1, 1, 1, 1, 1, 1, 1, 1, 1, 1, 1, 1, 1, 1, 1, 1, 1, 1, 1, 1, 1, 1, 1, 1, 1, 1, 1, 1, 1, 1, 1, 1, 1, 1, 1, 1, 1, 1, 1, 1, 1, 1, 1, 1, 1, 1, 1, 1, 1, 1, 1, 2, 2, 2, 2, 2, 2, 2, 2, 2, 2, 2, 2, 2, 2, 2, 2, 2, 2, 2, 2, 2, 2, 2, 2, 2, 2, 2, 2, 2, 2, 2, 2, 2, 2, 2, 2, 2, 2, 2, 2, 2, 2, 2, 2, 2, 2, 2, 2, 2, 2, 2, 2, 2, 2, 2, 2, 2, 2, 2, 2, 2, 2, 2, 2, 2, 2, 2, 2, 2, 2, 2, 2, 2, 2, 2, 2, 2, 2, 2, 2, 2, 2, 2, 2, 2, 2, 2, 2, 2, 2, 2, 2, 2, 2, 2, 2, 3, 3, 3, 3, 3, 3, 3, 3, 3, 3, 3, 3, 3, 3, 3, 3, 3, 3, 3, 3, 3, 3, 3, 3, 3, 3, 3, 3, 3, 3, 3, 3, 3, 3, 3, 3, 3, 3, 3, 3, 3, 3, 3, 3, 3, 3, 3, 3, 3, 3, 3, 3, 3, 3, 3, 3, 3, 3, 3, 3, 3, 3, 3, 3, 3, 3, 3, 3, 3, 3, 3, 3, 3, 3, 3, 3, 3, 3, 3, 3, 3, 3, 3, 3, 3, 3, 3, 3, 3, 3, 3, 3, 3, 3, 3, 3, 3, 3, 3, 3, 3, 3, 3, 3, 3, 3, 3, 3, 3, 3, 3, 4, 4, 4, 4, 4, 4, 4, 4, 4, 4, 4, 4, 4, 4, 5, 5, 6, 6, 6, 6, 6, 6, 6, 6, 6, 6, 6, 6, 6, 6, 6, 6, 6, 6, 6, 6, 6, 6, 6, 6, 6, 6, 6, 6, 6, 6, 6, 6, 6, 6, 6, 6, 6, 6, 6, 6, 6, 6, 6, 6, 6, 6, 6, 6, 6, 6, 6, 6, 6, 6, 6, 6, 6, 6, 6, 6, 6, 6, 6, 6, 6, 6, 6, 6, 6, 6, 6, 7, 7, 7, 7, 8, 8, 8, 8, 8, 8, 8, 8, 8, 8, 8, 8, 8, 8, 8, 8, 8, 8, 8, 8, 8, 8, 8, 8, 8, 8, 8, 8, 8, 8, 8, 8, 8, 8, 8, 8, 8, 8, 8, 8, 8, 8, 8, 8, 8, 8, 8, 8, 8, 8, 8, 8, 8, 8, 8, 8, 8, 8, 8, 8, 8, 8, 8, 8, 8, 8, 8, 8, 8, 8, 8, 8, 8, 8, 8, 8, 8, 8, 8, 8, 8, 8, 8, 8, 8, 8, 8, 8, 8, 8, 8, 8, 8, 8, 8, 8, 8, 8, 8, 8, 8, 8, 8, 8, 8, 8, 8, 8, 8, 8, 8, 8, 8, 8, 8, 8, 8, 8, 8, 8, 8, 8, 8, 8, 8, 8, 8, 8, 8, 8, 8, 8, 8, 8, 8, 8, 8, 8, 8, 8, 8, 8, 8, 8, 8, 8, 8, 8, 8, 8, 9, 9, 9, 9, 9, 9, 9, 9, 9, 9, 9, 9, 9, 9, 9, 9, 9, 9, 9, 9, 9, 10, 10, 10, 10, 10, 10, 10, 10, 10, 10, 10, 10, 10, 10, 10, 10, 10, 10, 10, 10, 10, 10, 10, 10, 10, 10, 10, 10, 10, 10, 10, 10, 10, 10, 10, 10, 10, 10, 10, 10, 10, 10, 10, 10, 10, 10, 10, 10, 10, 10, 10, 10, 10, 10, 10, 11, 11, 11, 11, 11, 11, 11, 11, 11, 11, 11, 11, 11, 11, 11, 11, 11, 11, 11, 11, 11, 11, 11, 11, 11, 11, 11, 11, 11, 11, 11, 11, 11, 11, 11, 11, 11, 11, 11, 11, 11, 11, 11, 11, 11, 11, 11, 11, 11, 11, 11, 11, 11, 11, 11, 11, 11, 11, 11, 11, 11, 11, 11, 11, 11, 11, 11, 11, 11, 11, 11, 11, 11, 11, 11, 11, 11, 11, 11, 11, 11, 11, 11, 11, 11, 11, 11, 11, 11, 11, 11, 11, 11, 11, 11, 11, 11, 11, 11, 11, 11, 11, 11, 11, 11, 11, 11, 11, 11, 11, 11, 11, 11, 11, 11, 11, 11, 11, 11, 11, 11, 11, 11, 11, 11, 11, 11, 11, 11, 11, 11, 11, 11, 11, 11, 11, 11, 11, 11, 11, 11, 11, 11, 11, 11, 11, 11, 11, 11, 11, 11, 11, 11, 11, 11, 11, 11, 11, 11, 11, 11, 11, 11, 11, 11, 11, 11, 11, 11, 11, 11, 11, 11, 11, 11, 11, 11, 11, 11, 11, 11, 11, 11, 11, 11, 11, 11, 11, 11, 11, 11, 11, 11, 11, 11, 11, 11, 11, 11, 11, 11, 11, 11, 11, 11, 11, 11, 11, 11, 11, 11, 11, 11, 11, 11, 11, 11, 11, 11, 11, 11, 11, 11, 11, 11, 11, 11, 11, 11, 11, 11, 11, 11, 11, 11, 11, 11, 11, 11, 11, 11, 11, 11, 11, 11, 11, 11, 11, 11, 11, 11, 11, 11, 11, 11, 11, 11, 11, 11, 11, 11, 11, 11, 11, 11, 11, 11, 11, 11, 11, 11, 11, 12, 12, 12, 12, 12, 12, 12, 12, 12, 12, 12, 12, 12, 12, 12, 12, 12, 12, 12, 12, 12, 12, 12, 12, 12, 12, 12, 12, 12, 12, 12, 13, 13, 13, 13, 13, 13, 13, 13, 13, 13, 13, 13, 13, 13, 13, 13, 13, 13, 13, 13, 13, 13, 13, 13, 13, 13, 13, 13, 13]
[0, 0, 0, 0, 0, 0, 0, 0, 0, 0, 0, 0, 0, 0, 0, 1, 1, 1, 1, 1, 1, 1, 1, 1, 1, 1, 1, 1, 1, 1, 1, 1, 1, 1, 1, 1, 1, 1, 1, 1, 1, 1, 1, 1, 1, 1, 1, 1, 1, 2, 2, 2, 2, 2, 2, 2, 2, 2, 2, 2, 2, 2, 2, 2, 2, 2, 2, 2, 2, 2, 2, 2, 2, 2, 2, 2, 2, 2, 2, 2, 2, 2, 2, 2, 2, 2, 2, 2, 2, 2, 2, 2, 2, 2, 2, 2, 2, 2, 2, 2, 2, 2, 2, 2, 2, 2, 2, 2, 2, 2, 2, 2, 2, 2, 2, 2, 2, 2, 2, 2, 2, 2, 2, 2, 2, 2, 2, 2, 2, 2, 2, 2, 2, 2, 2, 2, 2, 2, 2, 2, 2, 2, 2, 2, 2, 2, 2, 2, 3, 3, 3, 3, 3, 3, 3, 3, 3, 3, 3, 3, 3, 3, 3, 3, 3, 3, 3, 3, 3, 3, 3, 3, 3, 3, 3, 3, 3, 3, 3, 3, 3, 3, 3, 3, 3, 3, 3, 3, 3, 3, 3, 3, 3, 3, 3, 3, 3, 3, 3, 3, 3, 3, 3, 3, 3, 3, 3, 3, 3, 3, 3, 3, 3, 3, 3, 3, 3, 3, 3, 3, 3, 3, 3, 3, 3, 3, 3, 3, 3, 3, 3, 3, 3, 3, 3, 3, 3, 3, 3, 3, 3, 3, 3, 3, 3, 3, 3, 3, 3, 3, 3, 3, 3, 3, 3, 3, 3, 3, 3, 3, 3, 3, 3, 3, 3, 3, 4, 4, 4, 4, 4, 4, 4, 4, 4, 4, 4, 4, 4, 4, 4, 4, 4, 5, 5, 5, 6, 6, 6, 6, 6, 6, 6, 6, 6, 6, 6, 6, 6, 6, 6, 6, 6, 6, 6, 6, 6, 6, 6, 6, 6, 6, 6, 6, 6, 6, 6, 6, 6, 6, 6, 6, 6, 6, 6, 6, 6, 6, 6, 6, 6, 6, 6, 6, 6, 7, 7, 7, 7, 7, 7, 7, 7, 7, 7, 8, 8, 8, 8, 8, 8, 8, 8, 8, 8, 8, 8, 8, 8, 8, 8, 8, 8, 8, 8, 8, 8, 8, 8, 8, 8, 8, 8, 8, 8, 8, 8, 8, 8, 8, 8, 8, 8, 8, 8, 8, 8, 8, 8, 8, 8, 8, 8, 8, 8, 8, 8, 8, 8, 8, 8, 8, 8, 8, 8, 8, 8, 8, 9, 9, 9, 9, 9, 9, 9, 9, 9, 9, 9, 9, 9, 9, 9, 9, 9, 10, 10, 10, 10, 10, 10, 10, 10, 10, 10, 10, 10, 10, 10, 10, 10, 10, 10, 10, 10, 10, 10, 10, 10, 10, 10, 10, 10, 10, 10, 10, 10, 10, 10, 10, 10, 10, 10, 11, 11, 11, 11, 11, 11, 11, 11, 11, 11, 11, 11, 11, 11, 11, 11, 11, 11, 11, 11, 11, 11, 11, 11, 11, 11, 11, 11, 11, 11, 11, 11, 11, 11, 11, 11, 11, 11, 11, 11, 11, 11, 11, 11, 11, 11, 11, 11, 11, 11, 11, 11, 11, 11, 11, 11, 11, 11, 11, 11, 11, 11, 11, 11, 11, 11, 11, 11, 11, 11, 11, 11, 11, 11, 11, 11, 11, 11, 11, 11, 11, 11, 11, 11, 11, 11, 11, 11, 11, 11, 11, 11, 11, 11, 11, 11, 11, 11, 11, 11, 11, 11, 11, 11, 11, 11, 11, 11, 11, 11, 11, 11, 11, 11, 11, 11, 11, 11, 11, 11, 11, 11, 11, 11, 11, 11, 11, 11, 11, 11, 11, 11, 11, 11, 11, 11, 11, 11, 11, 11, 11, 11, 11, 11, 11, 11, 11, 11, 11, 11, 11, 11, 11, 11, 11, 11, 11, 11, 11, 11, 11, 11, 11, 11, 11, 11, 11, 11, 11, 11, 11, 11, 11, 11, 11, 11, 11, 11, 11, 11, 11, 11, 11, 11, 11, 11, 11, 11, 11, 11, 11, 11, 11, 11, 11, 11, 11, 11, 11, 11, 11, 11, 11, 11, 11, 11, 11, 11, 11, 11, 11, 11, 11, 11, 11, 11, 11, 11, 11, 11, 11, 11, 11, 11, 11, 11, 11, 11, 11, 11, 11, 11, 11, 11, 11, 11, 11, 11, 11, 11, 11, 11, 11, 11, 12, 12, 12, 12, 12, 12, 12, 12, 12, 12, 12, 12, 12, 12, 12, 12, 12, 12, 12, 12, 12, 12, 12, 12, 12, 12, 12, 12, 12, 12, 13, 13, 13, 13, 13, 13, 13, 13, 13, 13, 13, 13]
shapelet initialized!
[FEDPROTO] round 1/200 start  selected=[0, 1, 2]
[FEDPROTO] round 1/200 local_train done in 68.4s
[FEDPROTO] round 1/200 done  train_acc=1.0000 test_acc=0.6079 best=0.6079@r1 avg_loss=nan eval=94.5s
[FEDPROTO] round 2/200 start  selected=[0, 1, 2]
[FEDPROTO] round 2/200 local_train done in 62.0s
[FEDPROTO] round 2/200 done  train_acc=1.0000 test_acc=0.6087 best=0.6087@r2 avg_loss=nan eval=87.4s
[FEDPROTO] round 3/200 start  selected=[0, 1, 2]
[FEDPROTO] round 3/200 local_train done in 64.6s
[FEDPROTO] round 3/200 done  train_acc=1.0000 test_acc=0.6091 best=0.6091@r3 avg_loss=nan eval=87.8s
[FEDPROTO] round 4/200 start  selected=[0, 1, 2]
[FEDPROTO] round 4/200 local_train done in 68.0s
[FEDPROTO] round 4/200 done  train_acc=1.0000 test_acc=0.6079 best=0.6091@r3 avg_loss=nan eval=96.0s
[FEDPROTO] round 5/200 start  selected=[0, 1, 2]
[FEDPROTO] round 5/200 local_train done in 67.9s
[FEDPROTO] round 5/200 done  train_acc=1.0000 test_acc=0.6067 best=0.6091@r3 avg_loss=nan eval=97.9s
[FEDPROTO] round 6/200 start  selected=[0, 1, 2]
[FEDPROTO] round 6/200 local_train done in 77.6s
[FEDPROTO] round 6/200 done  train_acc=1.0000 test_acc=0.6034 best=0.6091@r3 avg_loss=nan eval=84.7s
[FEDPROTO] round 7/200 start  selected=[0, 1, 2]
[FEDPROTO] round 7/200 local_train done in 61.0s
[FEDPROTO] round 7/200 done  train_acc=1.0000 test_acc=0.6042 best=0.6091@r3 avg_loss=nan eval=75.5s
[FEDPROTO] round 8/200 start  selected=[0, 1, 2]
[FEDPROTO] round 8/200 local_train done in 82.2s
[FEDPROTO] round 8/200 done  train_acc=1.0000 test_acc=0.6042 best=0.6091@r3 avg_loss=nan eval=92.3s
[FEDPROTO] round 9/200 start  selected=[0, 1, 2]
[FEDPROTO] round 9/200 local_train done in 75.1s
[FEDPROTO] round 9/200 done  train_acc=1.0000 test_acc=0.6038 best=0.6091@r3 avg_loss=nan eval=94.4s
[FEDPROTO] round 10/200 start  selected=[0, 1, 2]
[FEDPROTO] round 10/200 local_train done in 75.1s
[FEDPROTO] round 10/200 done  train_acc=1.0000 test_acc=0.6030 best=0.6091@r3 avg_loss=nan eval=93.4s
[FEDPROTO] round 11/200 start  selected=[0, 1, 2]
[FEDPROTO] round 11/200 local_train done in 74.0s
[FEDPROTO] round 11/200 done  train_acc=1.0000 test_acc=0.6014 best=0.6091@r3 avg_loss=nan eval=94.0s
[FEDPROTO] round 12/200 start  selected=[0, 1, 2]
[FEDPROTO] round 12/200 local_train done in 75.6s
[FEDPROTO] round 12/200 done  train_acc=1.0000 test_acc=0.6014 best=0.6091@r3 avg_loss=nan eval=98.2s
[FEDPROTO] round 13/200 start  selected=[0, 1, 2]
[FEDPROTO] round 13/200 local_train done in 76.7s
[FEDPROTO] round 13/200 done  train_acc=1.0000 test_acc=0.6018 best=0.6091@r3 avg_loss=nan eval=92.0s
[FEDPROTO] round 14/200 start  selected=[0, 1, 2]
[FEDPROTO] round 14/200 local_train done in 66.2s
[FEDPROTO] round 14/200 done  train_acc=1.0000 test_acc=0.6002 best=0.6091@r3 avg_loss=nan eval=87.7s
[FEDPROTO] round 15/200 start  selected=[0, 1, 2]
[FEDPROTO] round 15/200 local_train done in 66.0s
[FEDPROTO] round 15/200 done  train_acc=1.0000 test_acc=0.6010 best=0.6091@r3 avg_loss=nan eval=88.7s
[FEDPROTO] round 16/200 start  selected=[0, 1, 2]
[FEDPROTO] round 16/200 local_train done in 73.0s
[FEDPROTO] round 16/200 done  train_acc=1.0000 test_acc=0.6014 best=0.6091@r3 avg_loss=nan eval=92.6s
[FEDPROTO] round 17/200 start  selected=[0, 1, 2]
[FEDPROTO] round 17/200 local_train done in 72.3s
[FEDPROTO] round 17/200 done  train_acc=1.0000 test_acc=0.6010 best=0.6091@r3 avg_loss=nan eval=97.6s
[FEDPROTO] round 18/200 start  selected=[0, 1, 2]
[FEDPROTO] round 18/200 local_train done in 66.6s
[FEDPROTO] round 18/200 done  train_acc=1.0000 test_acc=0.6002 best=0.6091@r3 avg_loss=nan eval=98.4s
[FEDPROTO] round 19/200 start  selected=[0, 1, 2]
[FEDPROTO] round 19/200 local_train done in 66.2s
[FEDPROTO] round 19/200 done  train_acc=1.0000 test_acc=0.6018 best=0.6091@r3 avg_loss=nan eval=90.3s
[FEDPROTO] round 20/200 start  selected=[0, 1, 2]
[FEDPROTO] round 20/200 local_train done in 67.2s
[FEDPROTO] round 20/200 done  train_acc=1.0000 test_acc=0.6010 best=0.6091@r3 avg_loss=nan eval=84.0s
[FEDPROTO] round 21/200 start  selected=[0, 1, 2]
[FEDPROTO] round 21/200 local_train done in 67.2s
[FEDPROTO] round 21/200 done  train_acc=1.0000 test_acc=0.6010 best=0.6091@r3 avg_loss=nan eval=85.7s
[FEDPROTO] round 22/200 start  selected=[0, 1, 2]
[FEDPROTO] round 22/200 local_train done in 66.7s
[FEDPROTO] round 22/200 done  train_acc=1.0000 test_acc=0.6014 best=0.6091@r3 avg_loss=nan eval=93.1s
[FEDPROTO] round 23/200 start  selected=[0, 1, 2]
[FEDPROTO] round 23/200 local_train done in 69.0s
[FEDPROTO] round 23/200 done  train_acc=1.0000 test_acc=0.6002 best=0.6091@r3 avg_loss=nan eval=89.2s
[FEDPROTO] round 24/200 start  selected=[0, 1, 2]
[FEDPROTO] round 24/200 local_train done in 66.9s
[FEDPROTO] round 24/200 done  train_acc=1.0000 test_acc=0.6006 best=0.6091@r3 avg_loss=nan eval=81.1s
[FEDPROTO] round 25/200 start  selected=[0, 1, 2]
[FEDPROTO] round 25/200 local_train done in 60.1s
[FEDPROTO] round 25/200 done  train_acc=1.0000 test_acc=0.5994 best=0.6091@r3 avg_loss=nan eval=93.3s
[FEDPROTO] round 26/200 start  selected=[0, 1, 2]
[FEDPROTO] round 26/200 local_train done in 74.2s
[FEDPROTO] round 26/200 done  train_acc=1.0000 test_acc=0.5977 best=0.6091@r3 avg_loss=nan eval=96.2s
[FEDPROTO] round 27/200 start  selected=[0, 1, 2]
[FEDPROTO] round 27/200 local_train done in 73.0s
[FEDPROTO] round 27/200 done  train_acc=1.0000 test_acc=0.5981 best=0.6091@r3 avg_loss=nan eval=96.0s
[FEDPROTO] round 28/200 start  selected=[0, 1, 2]
[FEDPROTO] round 28/200 local_train done in 72.2s
[FEDPROTO] round 28/200 done  train_acc=1.0000 test_acc=0.5985 best=0.6091@r3 avg_loss=nan eval=98.2s
[FEDPROTO] round 29/200 start  selected=[0, 1, 2]
[FEDPROTO] round 29/200 local_train done in 75.9s
[FEDPROTO] round 29/200 done  train_acc=1.0000 test_acc=0.5985 best=0.6091@r3 avg_loss=nan eval=96.4s
[FEDPROTO] round 30/200 start  selected=[0, 1, 2]
[FEDPROTO] round 30/200 local_train done in 73.9s
[FEDPROTO] round 30/200 done  train_acc=1.0000 test_acc=0.5989 best=0.6091@r3 avg_loss=nan eval=99.6s
[FEDPROTO] checkpoint saved → ./checkpoint/resume/baseline_fedproto_LSST_2026-05-04-14har_fedproto_dir10.0.pt (round=30)
[FEDPROTO] round 31/200 start  selected=[0, 1, 2]
[FEDPROTO] round 31/200 local_train done in 78.4s
[FEDPROTO] round 31/200 done  train_acc=1.0000 test_acc=0.5981 best=0.6091@r3 avg_loss=nan eval=88.4s
[FEDPROTO] round 32/200 start  selected=[0, 1, 2]
[FEDPROTO] round 32/200 local_train done in 74.4s
[FEDPROTO] round 32/200 done  train_acc=1.0000 test_acc=0.5989 best=0.6091@r3 avg_loss=nan eval=90.6s
[FEDPROTO] round 33/200 start  selected=[0, 1, 2]
[FEDPROTO] round 33/200 local_train done in 76.5s
[FEDPROTO] round 33/200 done  train_acc=1.0000 test_acc=0.5989 best=0.6091@r3 avg_loss=nan eval=96.0s
[FEDPROTO] round 34/200 start  selected=[0, 1, 2]
[FEDPROTO] round 34/200 local_train done in 72.8s
[FEDPROTO] round 34/200 done  train_acc=1.0000 test_acc=0.5977 best=0.6091@r3 avg_loss=nan eval=97.5s
[FEDPROTO] round 35/200 start  selected=[0, 1, 2]
[FEDPROTO] round 35/200 local_train done in 74.7s
[FEDPROTO] round 35/200 done  train_acc=1.0000 test_acc=0.5969 best=0.6091@r3 avg_loss=nan eval=88.1s
[FEDPROTO] round 36/200 start  selected=[0, 1, 2]
[FEDPROTO] round 36/200 local_train done in 75.7s
[FEDPROTO] round 36/200 done  train_acc=1.0000 test_acc=0.5977 best=0.6091@r3 avg_loss=nan eval=93.9s
[FEDPROTO] round 37/200 start  selected=[0, 1, 2]
[FEDPROTO] round 37/200 local_train done in 77.3s
[FEDPROTO] round 37/200 done  train_acc=1.0000 test_acc=0.5969 best=0.6091@r3 avg_loss=nan eval=94.6s
[FEDPROTO] round 38/200 start  selected=[0, 1, 2]
[FEDPROTO] round 38/200 local_train done in 75.7s
[FEDPROTO] round 38/200 done  train_acc=1.0000 test_acc=0.5977 best=0.6091@r3 avg_loss=nan eval=94.5s
[FEDPROTO] round 39/200 start  selected=[0, 1, 2]
[FEDPROTO] round 39/200 local_train done in 69.5s
[FEDPROTO] round 39/200 done  train_acc=1.0000 test_acc=0.5969 best=0.6091@r3 avg_loss=nan eval=99.6s
[FEDPROTO] round 40/200 start  selected=[0, 1, 2]
[FEDPROTO] round 40/200 local_train done in 71.2s
[FEDPROTO] round 40/200 done  train_acc=1.0000 test_acc=0.5981 best=0.6091@r3 avg_loss=nan eval=97.7s
[FEDPROTO] round 41/200 start  selected=[0, 1, 2]
[FEDPROTO] round 41/200 local_train done in 73.4s
[FEDPROTO] round 41/200 done  train_acc=1.0000 test_acc=0.5969 best=0.6091@r3 avg_loss=nan eval=95.6s
[FEDPROTO] round 42/200 start  selected=[0, 1, 2]
[FEDPROTO] round 42/200 local_train done in 80.9s
[FEDPROTO] round 42/200 done  train_acc=1.0000 test_acc=0.5977 best=0.6091@r3 avg_loss=nan eval=93.9s
[FEDPROTO] round 43/200 start  selected=[0, 1, 2]
[FEDPROTO] round 43/200 local_train done in 85.0s
[FEDPROTO] round 43/200 done  train_acc=1.0000 test_acc=0.5969 best=0.6091@r3 avg_loss=nan eval=90.3s
[FEDPROTO] round 44/200 start  selected=[0, 1, 2]
[FEDPROTO] round 44/200 local_train done in 71.8s
[FEDPROTO] round 44/200 done  train_acc=1.0000 test_acc=0.5973 best=0.6091@r3 avg_loss=nan eval=98.7s
[FEDPROTO] round 45/200 start  selected=[0, 1, 2]
[FEDPROTO] round 45/200 local_train done in 70.4s
[FEDPROTO] round 45/200 done  train_acc=1.0000 test_acc=0.5977 best=0.6091@r3 avg_loss=nan eval=93.5s
[FEDPROTO] round 46/200 start  selected=[0, 1, 2]
[FEDPROTO] round 46/200 local_train done in 76.3s
[FEDPROTO] round 46/200 done  train_acc=1.0000 test_acc=0.5981 best=0.6091@r3 avg_loss=nan eval=92.9s
[FEDPROTO] round 47/200 start  selected=[0, 1, 2]
[FEDPROTO] round 47/200 local_train done in 74.9s
[FEDPROTO] round 47/200 done  train_acc=1.0000 test_acc=0.5977 best=0.6091@r3 avg_loss=nan eval=97.3s
[FEDPROTO] round 48/200 start  selected=[0, 1, 2]
[FEDPROTO] round 48/200 local_train done in 78.4s
[FEDPROTO] round 48/200 done  train_acc=1.0000 test_acc=0.5989 best=0.6091@r3 avg_loss=nan eval=97.5s
[FEDPROTO] round 49/200 start  selected=[0, 1, 2]
[FEDPROTO] round 49/200 local_train done in 66.7s
[FEDPROTO] round 49/200 done  train_acc=1.0000 test_acc=0.5989 best=0.6091@r3 avg_loss=nan eval=87.0s
[FEDPROTO] round 50/200 start  selected=[0, 1, 2]
[FEDPROTO] round 50/200 local_train done in 70.7s
[FEDPROTO] round 50/200 done  train_acc=1.0000 test_acc=0.5989 best=0.6091@r3 avg_loss=nan eval=98.1s
[FEDPROTO] round 51/200 start  selected=[0, 1, 2]
[FEDPROTO] round 51/200 local_train done in 74.5s
[FEDPROTO] round 51/200 done  train_acc=1.0000 test_acc=0.5989 best=0.6091@r3 avg_loss=nan eval=96.8s
[FEDPROTO] round 52/200 start  selected=[0, 1, 2]
[FEDPROTO] round 52/200 local_train done in 81.2s
[FEDPROTO] round 52/200 done  train_acc=1.0000 test_acc=0.5985 best=0.6091@r3 avg_loss=nan eval=89.1s
[FEDPROTO] round 53/200 start  selected=[0, 1, 2]
[FEDPROTO] round 53/200 local_train done in 74.7s
[FEDPROTO] round 53/200 done  train_acc=1.0000 test_acc=0.5981 best=0.6091@r3 avg_loss=nan eval=98.5s
[FEDPROTO] round 54/200 start  selected=[0, 1, 2]
[FEDPROTO] round 54/200 local_train done in 74.6s
[FEDPROTO] round 54/200 done  train_acc=1.0000 test_acc=0.5985 best=0.6091@r3 avg_loss=nan eval=88.6s
[FEDPROTO] round 55/200 start  selected=[0, 1, 2]
[FEDPROTO] round 55/200 local_train done in 79.5s
[FEDPROTO] round 55/200 done  train_acc=1.0000 test_acc=0.5985 best=0.6091@r3 avg_loss=nan eval=83.7s
[FEDPROTO] round 56/200 start  selected=[0, 1, 2]
[FEDPROTO] round 56/200 local_train done in 72.5s
[FEDPROTO] round 56/200 done  train_acc=1.0000 test_acc=0.5981 best=0.6091@r3 avg_loss=nan eval=96.7s
[FEDPROTO] round 57/200 start  selected=[0, 1, 2]
[FEDPROTO] round 57/200 local_train done in 70.3s
[FEDPROTO] round 57/200 done  train_acc=1.0000 test_acc=0.5985 best=0.6091@r3 avg_loss=nan eval=92.0s
[FEDPROTO] round 58/200 start  selected=[0, 1, 2]
[FEDPROTO] round 58/200 local_train done in 70.6s
[FEDPROTO] round 58/200 done  train_acc=1.0000 test_acc=0.5994 best=0.6091@r3 avg_loss=nan eval=91.7s
[FEDPROTO] round 59/200 start  selected=[0, 1, 2]
[FEDPROTO] round 59/200 local_train done in 74.1s
[FEDPROTO] round 59/200 done  train_acc=1.0000 test_acc=0.5994 best=0.6091@r3 avg_loss=nan eval=92.6s
[FEDPROTO] round 60/200 start  selected=[0, 1, 2]
[FEDPROTO] round 60/200 local_train done in 79.0s
[FEDPROTO] round 60/200 done  train_acc=1.0000 test_acc=0.5989 best=0.6091@r3 avg_loss=nan eval=96.9s
[FEDPROTO] checkpoint saved → ./checkpoint/resume/baseline_fedproto_LSST_2026-05-04-14har_fedproto_dir10.0.pt (round=60)
[FEDPROTO] round 61/200 start  selected=[0, 1, 2]
[FEDPROTO] round 61/200 local_train done in 75.4s
[FEDPROTO] round 61/200 done  train_acc=1.0000 test_acc=0.5994 best=0.6091@r3 avg_loss=nan eval=94.7s
[FEDPROTO] round 62/200 start  selected=[0, 1, 2]
[FEDPROTO] round 62/200 local_train done in 74.0s
[FEDPROTO] round 62/200 done  train_acc=1.0000 test_acc=0.6067 best=0.6091@r3 avg_loss=nan eval=101.4s
[FEDPROTO] round 63/200 start  selected=[0, 1, 2]
[FEDPROTO] round 63/200 local_train done in 73.5s
[FEDPROTO] round 63/200 done  train_acc=1.0000 test_acc=0.6091 best=0.6091@r3 avg_loss=nan eval=93.6s
[FEDPROTO] round 64/200 start  selected=[0, 1, 2]
[FEDPROTO] round 64/200 local_train done in 74.9s
[FEDPROTO] round 64/200 done  train_acc=1.0000 test_acc=0.6038 best=0.6091@r3 avg_loss=nan eval=87.6s
[FEDPROTO] round 65/200 start  selected=[0, 1, 2]
[FEDPROTO] round 65/200 local_train done in 76.7s
[FEDPROTO] round 65/200 done  train_acc=1.0000 test_acc=0.6046 best=0.6091@r3 avg_loss=nan eval=95.0s
[FEDPROTO] round 66/200 start  selected=[0, 1, 2]
[FEDPROTO] round 66/200 local_train done in 72.0s
[FEDPROTO] round 66/200 done  train_acc=1.0000 test_acc=0.6062 best=0.6091@r3 avg_loss=nan eval=90.9s
[FEDPROTO] round 67/200 start  selected=[0, 1, 2]
[FEDPROTO] round 67/200 local_train done in 78.7s
[FEDPROTO] round 67/200 done  train_acc=1.0000 test_acc=0.6083 best=0.6091@r3 avg_loss=nan eval=90.3s
[FEDPROTO] round 68/200 start  selected=[0, 1, 2]
[FEDPROTO] round 68/200 local_train done in 69.5s
[FEDPROTO] round 68/200 done  train_acc=1.0000 test_acc=0.6075 best=0.6091@r3 avg_loss=nan eval=92.8s
[FEDPROTO] round 69/200 start  selected=[0, 1, 2]
[FEDPROTO] round 69/200 local_train done in 74.0s
[FEDPROTO] round 69/200 done  train_acc=1.0000 test_acc=0.6067 best=0.6091@r3 avg_loss=nan eval=89.4s
[FEDPROTO] round 70/200 start  selected=[0, 1, 2]
[FEDPROTO] round 70/200 local_train done in 67.1s
[FEDPROTO] round 70/200 done  train_acc=1.0000 test_acc=0.6054 best=0.6091@r3 avg_loss=nan eval=90.6s
[FEDPROTO] round 71/200 start  selected=[0, 1, 2]
[FEDPROTO] round 71/200 local_train done in 73.5s
[FEDPROTO] round 71/200 done  train_acc=1.0000 test_acc=0.6058 best=0.6091@r3 avg_loss=nan eval=92.3s
[FEDPROTO] round 72/200 start  selected=[0, 1, 2]
[FEDPROTO] round 72/200 local_train done in 82.1s
[FEDPROTO] round 72/200 done  train_acc=1.0000 test_acc=0.6075 best=0.6091@r3 avg_loss=nan eval=89.9s
[FEDPROTO] round 73/200 start  selected=[0, 1, 2]
[FEDPROTO] round 73/200 local_train done in 81.8s
[FEDPROTO] round 73/200 done  train_acc=1.0000 test_acc=0.6062 best=0.6091@r3 avg_loss=nan eval=98.2s
[FEDPROTO] round 74/200 start  selected=[0, 1, 2]
[FEDPROTO] round 74/200 local_train done in 70.6s
[FEDPROTO] round 74/200 done  train_acc=1.0000 test_acc=0.6062 best=0.6091@r3 avg_loss=nan eval=89.7s
[FEDPROTO] round 75/200 start  selected=[0, 1, 2]
[FEDPROTO] round 75/200 local_train done in 75.2s
[FEDPROTO] round 75/200 done  train_acc=1.0000 test_acc=0.6054 best=0.6091@r3 avg_loss=nan eval=93.1s
[FEDPROTO] round 76/200 start  selected=[0, 1, 2]
[FEDPROTO] round 76/200 local_train done in 73.3s
[FEDPROTO] round 76/200 done  train_acc=1.0000 test_acc=0.6054 best=0.6091@r3 avg_loss=nan eval=87.4s
[FEDPROTO] round 77/200 start  selected=[0, 1, 2]
[FEDPROTO] round 77/200 local_train done in 74.3s
[FEDPROTO] round 77/200 done  train_acc=1.0000 test_acc=0.6062 best=0.6091@r3 avg_loss=nan eval=97.0s
[FEDPROTO] round 78/200 start  selected=[0, 1, 2]
[FEDPROTO] round 78/200 local_train done in 75.7s
[FEDPROTO] round 78/200 done  train_acc=1.0000 test_acc=0.6054 best=0.6091@r3 avg_loss=nan eval=98.1s
[FEDPROTO] round 79/200 start  selected=[0, 1, 2]
[FEDPROTO] round 79/200 local_train done in 73.3s
[FEDPROTO] round 79/200 done  train_acc=1.0000 test_acc=0.6046 best=0.6091@r3 avg_loss=nan eval=103.6s
[FEDPROTO] round 80/200 start  selected=[0, 1, 2]
[FEDPROTO] round 80/200 local_train done in 75.7s
[FEDPROTO] round 80/200 done  train_acc=1.0000 test_acc=0.6050 best=0.6091@r3 avg_loss=nan eval=93.7s
[FEDPROTO] round 81/200 start  selected=[0, 1, 2]
[FEDPROTO] round 81/200 local_train done in 81.2s
[FEDPROTO] round 81/200 done  train_acc=1.0000 test_acc=0.6054 best=0.6091@r3 avg_loss=nan eval=92.8s
[FEDPROTO] round 82/200 start  selected=[0, 1, 2]
[FEDPROTO] round 82/200 local_train done in 68.6s
[FEDPROTO] round 82/200 done  train_acc=1.0000 test_acc=0.6067 best=0.6091@r3 avg_loss=nan eval=79.3s
[FEDPROTO] round 83/200 start  selected=[0, 1, 2]
[FEDPROTO] round 83/200 local_train done in 76.0s
[FEDPROTO] round 83/200 done  train_acc=1.0000 test_acc=0.6067 best=0.6091@r3 avg_loss=nan eval=95.4s
[FEDPROTO] round 84/200 start  selected=[0, 1, 2]
[FEDPROTO] round 84/200 local_train done in 78.8s
[FEDPROTO] round 84/200 done  train_acc=1.0000 test_acc=0.6071 best=0.6091@r3 avg_loss=nan eval=97.4s
[FEDPROTO] round 85/200 start  selected=[0, 1, 2]
[FEDPROTO] round 85/200 local_train done in 80.3s
[FEDPROTO] round 85/200 done  train_acc=1.0000 test_acc=0.6067 best=0.6091@r3 avg_loss=nan eval=91.9s
[FEDPROTO] round 86/200 start  selected=[0, 1, 2]
[FEDPROTO] round 86/200 local_train done in 76.0s
[FEDPROTO] round 86/200 done  train_acc=1.0000 test_acc=0.6058 best=0.6091@r3 avg_loss=nan eval=100.1s
[FEDPROTO] round 87/200 start  selected=[0, 1, 2]
[FEDPROTO] round 87/200 local_train done in 73.1s
[FEDPROTO] round 87/200 done  train_acc=1.0000 test_acc=0.6054 best=0.6091@r3 avg_loss=nan eval=95.8s
[FEDPROTO] round 88/200 start  selected=[0, 1, 2]
[FEDPROTO] round 88/200 local_train done in 74.2s
[FEDPROTO] round 88/200 done  train_acc=1.0000 test_acc=0.6075 best=0.6091@r3 avg_loss=nan eval=85.7s
[FEDPROTO] round 89/200 start  selected=[0, 1, 2]
[FEDPROTO] round 89/200 local_train done in 73.7s
[FEDPROTO] round 89/200 done  train_acc=1.0000 test_acc=0.6079 best=0.6091@r3 avg_loss=nan eval=96.0s
[FEDPROTO] round 90/200 start  selected=[0, 1, 2]
[FEDPROTO] round 90/200 local_train done in 73.8s
[FEDPROTO] round 90/200 done  train_acc=1.0000 test_acc=0.6075 best=0.6091@r3 avg_loss=nan eval=92.9s
[FEDPROTO] checkpoint saved → ./checkpoint/resume/baseline_fedproto_LSST_2026-05-04-14har_fedproto_dir10.0.pt (round=90)
[FEDPROTO] round 91/200 start  selected=[0, 1, 2]
[FEDPROTO] round 91/200 local_train done in 70.9s
[FEDPROTO] round 91/200 done  train_acc=1.0000 test_acc=0.6079 best=0.6091@r3 avg_loss=nan eval=82.2s
[FEDPROTO] round 92/200 start  selected=[0, 1, 2]
[FEDPROTO] round 92/200 local_train done in 62.1s
[FEDPROTO] round 92/200 done  train_acc=1.0000 test_acc=0.6083 best=0.6091@r3 avg_loss=nan eval=94.8s
[FEDPROTO] round 93/200 start  selected=[0, 1, 2]
[FEDPROTO] round 93/200 local_train done in 72.5s
[FEDPROTO] round 93/200 done  train_acc=1.0000 test_acc=0.6079 best=0.6091@r3 avg_loss=nan eval=93.5s
[FEDPROTO] round 94/200 start  selected=[0, 1, 2]
[FEDPROTO] round 94/200 local_train done in 80.3s
[FEDPROTO] round 94/200 done  train_acc=1.0000 test_acc=0.6071 best=0.6091@r3 avg_loss=nan eval=86.9s
[FEDPROTO] round 95/200 start  selected=[0, 1, 2]
[FEDPROTO] round 95/200 local_train done in 74.5s
[FEDPROTO] round 95/200 done  train_acc=1.0000 test_acc=0.6075 best=0.6091@r3 avg_loss=nan eval=98.8s
[FEDPROTO] round 96/200 start  selected=[0, 1, 2]
[FEDPROTO] round 96/200 local_train done in 74.6s
[FEDPROTO] round 96/200 done  train_acc=1.0000 test_acc=0.6067 best=0.6091@r3 avg_loss=nan eval=96.3s
[FEDPROTO] round 97/200 start  selected=[0, 1, 2]
[FEDPROTO] round 97/200 local_train done in 65.3s
[FEDPROTO] round 97/200 done  train_acc=1.0000 test_acc=0.6075 best=0.6091@r3 avg_loss=nan eval=88.0s
[FEDPROTO] round 98/200 start  selected=[0, 1, 2]
[FEDPROTO] round 98/200 local_train done in 75.7s
[FEDPROTO] round 98/200 done  train_acc=1.0000 test_acc=0.6075 best=0.6091@r3 avg_loss=nan eval=88.5s
[FEDPROTO] round 99/200 start  selected=[0, 1, 2]
[FEDPROTO] round 99/200 local_train done in 71.8s
[FEDPROTO] round 99/200 done  train_acc=1.0000 test_acc=0.6083 best=0.6091@r3 avg_loss=nan eval=95.3s
[FEDPROTO] round 100/200 start  selected=[0, 1, 2]
[FEDPROTO] round 100/200 local_train done in 72.4s
[FEDPROTO] round 100/200 done  train_acc=1.0000 test_acc=0.6083 best=0.6091@r3 avg_loss=nan eval=96.5s
[FEDPROTO] round 101/200 start  selected=[0, 1, 2]
[FEDPROTO] round 101/200 local_train done in 71.8s
[FEDPROTO] round 101/200 done  train_acc=1.0000 test_acc=0.6095 best=0.6095@r101 avg_loss=nan eval=92.8s
[FEDPROTO] round 102/200 start  selected=[0, 1, 2]
[FEDPROTO] round 102/200 local_train done in 78.4s
[FEDPROTO] round 102/200 done  train_acc=1.0000 test_acc=0.6095 best=0.6095@r101 avg_loss=nan eval=99.2s
[FEDPROTO] round 103/200 start  selected=[0, 1, 2]
[FEDPROTO] round 103/200 local_train done in 73.4s
[FEDPROTO] round 103/200 done  train_acc=1.0000 test_acc=0.6091 best=0.6095@r101 avg_loss=nan eval=98.9s
[FEDPROTO] round 104/200 start  selected=[0, 1, 2]
[FEDPROTO] round 104/200 local_train done in 71.8s
[FEDPROTO] round 104/200 done  train_acc=1.0000 test_acc=0.6095 best=0.6095@r101 avg_loss=nan eval=94.4s
[FEDPROTO] round 105/200 start  selected=[0, 1, 2]
[FEDPROTO] round 105/200 local_train done in 70.8s
[FEDPROTO] round 105/200 done  train_acc=1.0000 test_acc=0.6095 best=0.6095@r101 avg_loss=nan eval=95.0s
[FEDPROTO] round 106/200 start  selected=[0, 1, 2]
[FEDPROTO] round 106/200 local_train done in 70.1s
[FEDPROTO] round 106/200 done  train_acc=1.0000 test_acc=0.6095 best=0.6095@r101 avg_loss=nan eval=92.8s
[FEDPROTO] round 107/200 start  selected=[0, 1, 2]
[FEDPROTO] round 107/200 local_train done in 76.4s
[FEDPROTO] round 107/200 done  train_acc=1.0000 test_acc=0.6083 best=0.6095@r101 avg_loss=nan eval=94.8s
[FEDPROTO] round 108/200 start  selected=[0, 1, 2]
[FEDPROTO] round 108/200 local_train done in 71.6s
[FEDPROTO] round 108/200 done  train_acc=1.0000 test_acc=0.6087 best=0.6095@r101 avg_loss=nan eval=99.8s
[FEDPROTO] round 109/200 start  selected=[0, 1, 2]
[FEDPROTO] round 109/200 local_train done in 73.3s
[FEDPROTO] round 109/200 done  train_acc=1.0000 test_acc=0.6087 best=0.6095@r101 avg_loss=nan eval=92.7s
[FEDPROTO] round 110/200 start  selected=[0, 1, 2]
[FEDPROTO] round 110/200 local_train done in 72.7s
[FEDPROTO] round 110/200 done  train_acc=1.0000 test_acc=0.6083 best=0.6095@r101 avg_loss=nan eval=92.0s
[FEDPROTO] round 111/200 start  selected=[0, 1, 2]
[FEDPROTO] round 111/200 local_train done in 74.4s
[FEDPROTO] round 111/200 done  train_acc=1.0000 test_acc=0.6087 best=0.6095@r101 avg_loss=nan eval=97.6s
[FEDPROTO] round 112/200 start  selected=[0, 1, 2]
[FEDPROTO] round 112/200 local_train done in 70.6s
[FEDPROTO] round 112/200 done  train_acc=1.0000 test_acc=0.6079 best=0.6095@r101 avg_loss=nan eval=95.3s
[FEDPROTO] round 113/200 start  selected=[0, 1, 2]
[FEDPROTO] round 113/200 local_train done in 74.0s
[FEDPROTO] round 113/200 done  train_acc=1.0000 test_acc=0.6087 best=0.6095@r101 avg_loss=nan eval=106.3s
[FEDPROTO] round 114/200 start  selected=[0, 1, 2]
[FEDPROTO] round 114/200 local_train done in 75.9s
[FEDPROTO] round 114/200 done  train_acc=1.0000 test_acc=0.6087 best=0.6095@r101 avg_loss=nan eval=96.6s
[FEDPROTO] round 115/200 start  selected=[0, 1, 2]
[FEDPROTO] round 115/200 local_train done in 74.9s
[FEDPROTO] round 115/200 done  train_acc=1.0000 test_acc=0.6091 best=0.6095@r101 avg_loss=nan eval=97.7s
[FEDPROTO] round 116/200 start  selected=[0, 1, 2]
[FEDPROTO] round 116/200 local_train done in 72.8s
[FEDPROTO] round 116/200 done  train_acc=1.0000 test_acc=0.6091 best=0.6095@r101 avg_loss=nan eval=92.8s
[FEDPROTO] round 117/200 start  selected=[0, 1, 2]
[FEDPROTO] round 117/200 local_train done in 77.2s
[FEDPROTO] round 117/200 done  train_acc=1.0000 test_acc=0.6091 best=0.6095@r101 avg_loss=nan eval=88.8s
[FEDPROTO] round 118/200 start  selected=[0, 1, 2]
[FEDPROTO] round 118/200 local_train done in 70.0s
[FEDPROTO] round 118/200 done  train_acc=1.0000 test_acc=0.6091 best=0.6095@r101 avg_loss=nan eval=92.0s
[FEDPROTO] round 119/200 start  selected=[0, 1, 2]
[FEDPROTO] round 119/200 local_train done in 73.9s
[FEDPROTO] round 119/200 done  train_acc=1.0000 test_acc=0.6083 best=0.6095@r101 avg_loss=nan eval=99.4s
[FEDPROTO] round 120/200 start  selected=[0, 1, 2]
[FEDPROTO] round 120/200 local_train done in 77.9s
[FEDPROTO] round 120/200 done  train_acc=1.0000 test_acc=0.6079 best=0.6095@r101 avg_loss=nan eval=93.6s
[FEDPROTO] checkpoint saved → ./checkpoint/resume/baseline_fedproto_LSST_2026-05-04-14har_fedproto_dir10.0.pt (round=120)
[FEDPROTO] round 121/200 start  selected=[0, 1, 2]
[FEDPROTO] round 121/200 local_train done in 79.1s
[FEDPROTO] round 121/200 done  train_acc=1.0000 test_acc=0.6079 best=0.6095@r101 avg_loss=nan eval=93.0s
[FEDPROTO] round 122/200 start  selected=[0, 1, 2]
[FEDPROTO] round 122/200 local_train done in 72.2s
[FEDPROTO] round 122/200 done  train_acc=1.0000 test_acc=0.6083 best=0.6095@r101 avg_loss=nan eval=95.5s
[FEDPROTO] round 123/200 start  selected=[0, 1, 2]
[FEDPROTO] round 123/200 local_train done in 71.0s
[FEDPROTO] round 123/200 done  train_acc=1.0000 test_acc=0.6083 best=0.6095@r101 avg_loss=nan eval=94.4s
[FEDPROTO] round 124/200 start  selected=[0, 1, 2]
[FEDPROTO] round 124/200 local_train done in 73.5s
[FEDPROTO] round 124/200 done  train_acc=1.0000 test_acc=0.6083 best=0.6095@r101 avg_loss=nan eval=93.6s
[FEDPROTO] round 125/200 start  selected=[0, 1, 2]
[FEDPROTO] round 125/200 local_train done in 74.8s
[FEDPROTO] round 125/200 done  train_acc=1.0000 test_acc=0.6083 best=0.6095@r101 avg_loss=nan eval=83.2s
[FEDPROTO] round 126/200 start  selected=[0, 1, 2]
[FEDPROTO] round 126/200 local_train done in 64.0s
[FEDPROTO] round 126/200 done  train_acc=1.0000 test_acc=0.6087 best=0.6095@r101 avg_loss=nan eval=96.3s
[FEDPROTO] round 127/200 start  selected=[0, 1, 2]
[FEDPROTO] round 127/200 local_train done in 76.6s
[FEDPROTO] round 127/200 done  train_acc=1.0000 test_acc=0.6083 best=0.6095@r101 avg_loss=nan eval=96.5s
[FEDPROTO] round 128/200 start  selected=[0, 1, 2]
[FEDPROTO] round 128/200 local_train done in 72.4s
[FEDPROTO] round 128/200 done  train_acc=1.0000 test_acc=0.6083 best=0.6095@r101 avg_loss=nan eval=89.8s
[FEDPROTO] round 129/200 start  selected=[0, 1, 2]
[FEDPROTO] round 129/200 local_train done in 72.3s
[FEDPROTO] round 129/200 done  train_acc=1.0000 test_acc=0.6083 best=0.6095@r101 avg_loss=nan eval=98.8s
[FEDPROTO] round 130/200 start  selected=[0, 1, 2]
[FEDPROTO] round 130/200 local_train done in 63.3s
[FEDPROTO] round 130/200 done  train_acc=1.0000 test_acc=0.6075 best=0.6095@r101 avg_loss=nan eval=94.1s
[FEDPROTO] round 131/200 start  selected=[0, 1, 2]
[FEDPROTO] round 131/200 local_train done in 73.6s
[FEDPROTO] round 131/200 done  train_acc=1.0000 test_acc=0.6079 best=0.6095@r101 avg_loss=nan eval=95.8s
[FEDPROTO] round 132/200 start  selected=[0, 1, 2]
[FEDPROTO] round 132/200 local_train done in 68.7s
[FEDPROTO] round 132/200 done  train_acc=1.0000 test_acc=0.6079 best=0.6095@r101 avg_loss=nan eval=97.6s
[FEDPROTO] round 133/200 start  selected=[0, 1, 2]
[FEDPROTO] round 133/200 local_train done in 75.1s
[FEDPROTO] round 133/200 done  train_acc=1.0000 test_acc=0.6083 best=0.6095@r101 avg_loss=nan eval=94.4s
[FEDPROTO] round 134/200 start  selected=[0, 1, 2]
[FEDPROTO] round 134/200 local_train done in 69.9s
[FEDPROTO] round 134/200 done  train_acc=1.0000 test_acc=0.6071 best=0.6095@r101 avg_loss=nan eval=83.7s
[FEDPROTO] round 135/200 start  selected=[0, 1, 2]
[FEDPROTO] round 135/200 local_train done in 69.7s
[FEDPROTO] round 135/200 done  train_acc=1.0000 test_acc=0.6075 best=0.6095@r101 avg_loss=nan eval=100.4s
[FEDPROTO] round 136/200 start  selected=[0, 1, 2]
[FEDPROTO] round 136/200 local_train done in 74.0s
[FEDPROTO] round 136/200 done  train_acc=1.0000 test_acc=0.6062 best=0.6095@r101 avg_loss=nan eval=94.6s
[FEDPROTO] round 137/200 start  selected=[0, 1, 2]
[FEDPROTO] round 137/200 local_train done in 74.5s
[FEDPROTO] round 137/200 done  train_acc=1.0000 test_acc=0.6062 best=0.6095@r101 avg_loss=nan eval=100.8s
[FEDPROTO] round 138/200 start  selected=[0, 1, 2]
[FEDPROTO] round 138/200 local_train done in 89.2s
[FEDPROTO] round 138/200 done  train_acc=1.0000 test_acc=0.6062 best=0.6095@r101 avg_loss=nan eval=97.7s
[FEDPROTO] round 139/200 start  selected=[0, 1, 2]
[FEDPROTO] round 139/200 local_train done in 80.3s
[FEDPROTO] round 139/200 done  train_acc=1.0000 test_acc=0.6062 best=0.6095@r101 avg_loss=nan eval=100.6s
[FEDPROTO] round 140/200 start  selected=[0, 1, 2]
[FEDPROTO] round 140/200 local_train done in 74.2s
[FEDPROTO] round 140/200 done  train_acc=1.0000 test_acc=0.6062 best=0.6095@r101 avg_loss=nan eval=99.0s
[FEDPROTO] round 141/200 start  selected=[0, 1, 2]
[FEDPROTO] round 141/200 local_train done in 75.3s
[FEDPROTO] round 141/200 done  train_acc=1.0000 test_acc=0.6067 best=0.6095@r101 avg_loss=nan eval=95.6s
[FEDPROTO] round 142/200 start  selected=[0, 1, 2]
[FEDPROTO] round 142/200 local_train done in 79.9s
[FEDPROTO] round 142/200 done  train_acc=1.0000 test_acc=0.6079 best=0.6095@r101 avg_loss=nan eval=93.3s
[FEDPROTO] round 143/200 start  selected=[0, 1, 2]
[FEDPROTO] round 143/200 local_train done in 77.3s
[FEDPROTO] round 143/200 done  train_acc=1.0000 test_acc=0.6087 best=0.6095@r101 avg_loss=nan eval=96.5s
[FEDPROTO] round 144/200 start  selected=[0, 1, 2]
[FEDPROTO] round 144/200 local_train done in 80.1s
[FEDPROTO] round 144/200 done  train_acc=1.0000 test_acc=0.6083 best=0.6095@r101 avg_loss=nan eval=102.7s
[FEDPROTO] round 145/200 start  selected=[0, 1, 2]
[FEDPROTO] round 145/200 local_train done in 78.2s
[FEDPROTO] round 145/200 done  train_acc=1.0000 test_acc=0.6079 best=0.6095@r101 avg_loss=nan eval=99.1s
[FEDPROTO] round 146/200 start  selected=[0, 1, 2]
[FEDPROTO] round 146/200 local_train done in 75.1s
[FEDPROTO] round 146/200 done  train_acc=1.0000 test_acc=0.6075 best=0.6095@r101 avg_loss=nan eval=103.6s
[FEDPROTO] round 147/200 start  selected=[0, 1, 2]
[FEDPROTO] round 147/200 local_train done in 71.9s
[FEDPROTO] round 147/200 done  train_acc=1.0000 test_acc=0.6079 best=0.6095@r101 avg_loss=nan eval=97.0s
[FEDPROTO] round 148/200 start  selected=[0, 1, 2]
[FEDPROTO] round 148/200 local_train done in 78.2s
[FEDPROTO] round 148/200 done  train_acc=1.0000 test_acc=0.6091 best=0.6095@r101 avg_loss=nan eval=97.6s
[FEDPROTO] round 149/200 start  selected=[0, 1, 2]
[FEDPROTO] round 149/200 local_train done in 79.2s
[FEDPROTO] round 149/200 done  train_acc=1.0000 test_acc=0.6091 best=0.6095@r101 avg_loss=nan eval=98.1s
[FEDPROTO] round 150/200 start  selected=[0, 1, 2]
[FEDPROTO] round 150/200 local_train done in 80.7s
[FEDPROTO] round 150/200 done  train_acc=1.0000 test_acc=0.6087 best=0.6095@r101 avg_loss=nan eval=102.0s
[FEDPROTO] checkpoint saved → ./checkpoint/resume/baseline_fedproto_LSST_2026-05-04-14har_fedproto_dir10.0.pt (round=150)
[FEDPROTO] round 151/200 start  selected=[0, 1, 2]
[FEDPROTO] round 151/200 local_train done in 75.7s
[FEDPROTO] round 151/200 done  train_acc=1.0000 test_acc=0.6083 best=0.6095@r101 avg_loss=nan eval=97.4s
[FEDPROTO] round 152/200 start  selected=[0, 1, 2]
[FEDPROTO] round 152/200 local_train done in 72.7s
[FEDPROTO] round 152/200 done  train_acc=1.0000 test_acc=0.6075 best=0.6095@r101 avg_loss=nan eval=95.3s
[FEDPROTO] round 153/200 start  selected=[0, 1, 2]
[FEDPROTO] round 153/200 local_train done in 77.8s
[FEDPROTO] round 153/200 done  train_acc=1.0000 test_acc=0.6079 best=0.6095@r101 avg_loss=nan eval=96.0s
[FEDPROTO] round 154/200 start  selected=[0, 1, 2]
[FEDPROTO] round 154/200 local_train done in 78.4s
[FEDPROTO] round 154/200 done  train_acc=1.0000 test_acc=0.6083 best=0.6095@r101 avg_loss=nan eval=100.6s
[FEDPROTO] round 155/200 start  selected=[0, 1, 2]
[FEDPROTO] round 155/200 local_train done in 82.0s
[FEDPROTO] round 155/200 done  train_acc=1.0000 test_acc=0.6087 best=0.6095@r101 avg_loss=nan eval=100.1s
[FEDPROTO] round 156/200 start  selected=[0, 1, 2]
[FEDPROTO] round 156/200 local_train done in 81.1s
[FEDPROTO] round 156/200 done  train_acc=1.0000 test_acc=0.6067 best=0.6095@r101 avg_loss=nan eval=108.8s
[FEDPROTO] round 157/200 start  selected=[0, 1, 2]
[FEDPROTO] round 157/200 local_train done in 76.3s
[FEDPROTO] round 157/200 done  train_acc=1.0000 test_acc=0.6075 best=0.6095@r101 avg_loss=nan eval=95.1s
[FEDPROTO] round 158/200 start  selected=[0, 1, 2]
[FEDPROTO] round 158/200 local_train done in 78.6s
[FEDPROTO] round 158/200 done  train_acc=1.0000 test_acc=0.6067 best=0.6095@r101 avg_loss=nan eval=100.7s
[FEDPROTO] round 159/200 start  selected=[0, 1, 2]
[FEDPROTO] round 159/200 local_train done in 78.1s
[FEDPROTO] round 159/200 done  train_acc=1.0000 test_acc=0.6075 best=0.6095@r101 avg_loss=nan eval=97.2s
[FEDPROTO] round 160/200 start  selected=[0, 1, 2]
[FEDPROTO] round 160/200 local_train done in 75.4s
[FEDPROTO] round 160/200 done  train_acc=1.0000 test_acc=0.6075 best=0.6095@r101 avg_loss=nan eval=102.9s
[FEDPROTO] round 161/200 start  selected=[0, 1, 2]
[FEDPROTO] round 161/200 local_train done in 84.4s
[FEDPROTO] round 161/200 done  train_acc=1.0000 test_acc=0.6075 best=0.6095@r101 avg_loss=nan eval=101.4s
[FEDPROTO] round 162/200 start  selected=[0, 1, 2]
[FEDPROTO] round 162/200 local_train done in 79.9s
[FEDPROTO] round 162/200 done  train_acc=1.0000 test_acc=0.6083 best=0.6095@r101 avg_loss=nan eval=100.6s
[FEDPROTO] round 163/200 start  selected=[0, 1, 2]
[FEDPROTO] round 163/200 local_train done in 84.7s
[FEDPROTO] round 163/200 done  train_acc=1.0000 test_acc=0.6083 best=0.6095@r101 avg_loss=nan eval=98.0s
[FEDPROTO] round 164/200 start  selected=[0, 1, 2]
[FEDPROTO] round 164/200 local_train done in 75.4s
[FEDPROTO] round 164/200 done  train_acc=1.0000 test_acc=0.6079 best=0.6095@r101 avg_loss=nan eval=100.5s
[FEDPROTO] round 165/200 start  selected=[0, 1, 2]
[FEDPROTO] round 165/200 local_train done in 75.3s
[FEDPROTO] round 165/200 done  train_acc=1.0000 test_acc=0.6087 best=0.6095@r101 avg_loss=nan eval=98.0s
[FEDPROTO] round 166/200 start  selected=[0, 1, 2]
[FEDPROTO] round 166/200 local_train done in 82.2s
[FEDPROTO] round 166/200 done  train_acc=1.0000 test_acc=0.6079 best=0.6095@r101 avg_loss=nan eval=106.0s
[FEDPROTO] round 167/200 start  selected=[0, 1, 2]
[FEDPROTO] round 167/200 local_train done in 83.8s
[FEDPROTO] round 167/200 done  train_acc=1.0000 test_acc=0.6091 best=0.6095@r101 avg_loss=nan eval=97.7s
[FEDPROTO] round 168/200 start  selected=[0, 1, 2]
[FEDPROTO] round 168/200 local_train done in 80.4s
[FEDPROTO] round 168/200 done  train_acc=1.0000 test_acc=0.6087 best=0.6095@r101 avg_loss=nan eval=100.7s
[FEDPROTO] round 169/200 start  selected=[0, 1, 2]
[FEDPROTO] round 169/200 local_train done in 76.5s
[FEDPROTO] round 169/200 done  train_acc=1.0000 test_acc=0.6083 best=0.6095@r101 avg_loss=nan eval=89.9s
[FEDPROTO] round 170/200 start  selected=[0, 1, 2]
[FEDPROTO] round 170/200 local_train done in 74.9s
[FEDPROTO] round 170/200 done  train_acc=1.0000 test_acc=0.6083 best=0.6095@r101 avg_loss=nan eval=98.7s
[FEDPROTO] round 171/200 start  selected=[0, 1, 2]
[FEDPROTO] round 171/200 local_train done in 82.4s
[FEDPROTO] round 171/200 done  train_acc=1.0000 test_acc=0.6079 best=0.6095@r101 avg_loss=nan eval=86.3s
[FEDPROTO] round 172/200 start  selected=[0, 1, 2]
[FEDPROTO] round 172/200 local_train done in 66.2s
[FEDPROTO] round 172/200 done  train_acc=1.0000 test_acc=0.6079 best=0.6095@r101 avg_loss=nan eval=99.0s
[FEDPROTO] round 173/200 start  selected=[0, 1, 2]
[FEDPROTO] round 173/200 local_train done in 77.6s
[FEDPROTO] round 173/200 done  train_acc=1.0000 test_acc=0.6075 best=0.6095@r101 avg_loss=nan eval=96.3s
[FEDPROTO] round 174/200 start  selected=[0, 1, 2]
[FEDPROTO] round 174/200 local_train done in 78.0s
[FEDPROTO] round 174/200 done  train_acc=1.0000 test_acc=0.6083 best=0.6095@r101 avg_loss=nan eval=103.5s
[FEDPROTO] round 175/200 start  selected=[0, 1, 2]
[FEDPROTO] round 175/200 local_train done in 81.9s
[FEDPROTO] round 175/200 done  train_acc=1.0000 test_acc=0.6091 best=0.6095@r101 avg_loss=nan eval=99.3s
[FEDPROTO] round 176/200 start  selected=[0, 1, 2]
[FEDPROTO] round 176/200 local_train done in 78.7s
[FEDPROTO] round 176/200 done  train_acc=1.0000 test_acc=0.6091 best=0.6095@r101 avg_loss=nan eval=105.9s
[FEDPROTO] round 177/200 start  selected=[0, 1, 2]
[FEDPROTO] round 177/200 local_train done in 76.4s
[FEDPROTO] round 177/200 done  train_acc=1.0000 test_acc=0.6087 best=0.6095@r101 avg_loss=nan eval=107.6s
[FEDPROTO] round 178/200 start  selected=[0, 1, 2]
[FEDPROTO] round 178/200 local_train done in 80.0s
[FEDPROTO] round 178/200 done  train_acc=1.0000 test_acc=0.6087 best=0.6095@r101 avg_loss=nan eval=102.0s
[FEDPROTO] round 179/200 start  selected=[0, 1, 2]
[FEDPROTO] round 179/200 local_train done in 81.9s
[FEDPROTO] round 179/200 done  train_acc=1.0000 test_acc=0.6091 best=0.6095@r101 avg_loss=nan eval=91.5s
[FEDPROTO] round 180/200 start  selected=[0, 1, 2]
[FEDPROTO] round 180/200 local_train done in 77.1s
[FEDPROTO] round 180/200 done  train_acc=1.0000 test_acc=0.6095 best=0.6095@r101 avg_loss=nan eval=104.4s
[FEDPROTO] checkpoint saved → ./checkpoint/resume/baseline_fedproto_LSST_2026-05-04-14har_fedproto_dir10.0.pt (round=180)
[FEDPROTO] round 181/200 start  selected=[0, 1, 2]
[FEDPROTO] round 181/200 local_train done in 77.7s
[FEDPROTO] round 181/200 done  train_acc=1.0000 test_acc=0.6091 best=0.6095@r101 avg_loss=nan eval=102.3s
[FEDPROTO] round 182/200 start  selected=[0, 1, 2]
[FEDPROTO] round 182/200 local_train done in 73.6s
[FEDPROTO] round 182/200 done  train_acc=1.0000 test_acc=0.6091 best=0.6095@r101 avg_loss=nan eval=106.0s
[FEDPROTO] round 183/200 start  selected=[0, 1, 2]
[FEDPROTO] round 183/200 local_train done in 74.4s
[FEDPROTO] round 183/200 done  train_acc=1.0000 test_acc=0.6083 best=0.6095@r101 avg_loss=nan eval=102.4s
[FEDPROTO] round 184/200 start  selected=[0, 1, 2]
[FEDPROTO] round 184/200 local_train done in 81.2s
[FEDPROTO] round 184/200 done  train_acc=1.0000 test_acc=0.6079 best=0.6095@r101 avg_loss=nan eval=96.5s
[FEDPROTO] round 185/200 start  selected=[0, 1, 2]
[FEDPROTO] round 185/200 local_train done in 77.9s
[FEDPROTO] round 185/200 done  train_acc=1.0000 test_acc=0.6079 best=0.6095@r101 avg_loss=nan eval=95.5s
[FEDPROTO] round 186/200 start  selected=[0, 1, 2]
[FEDPROTO] round 186/200 local_train done in 77.2s
[FEDPROTO] round 186/200 done  train_acc=1.0000 test_acc=0.6075 best=0.6095@r101 avg_loss=nan eval=97.3s
[FEDPROTO] round 187/200 start  selected=[0, 1, 2]
[FEDPROTO] round 187/200 local_train done in 75.6s
[FEDPROTO] round 187/200 done  train_acc=1.0000 test_acc=0.6083 best=0.6095@r101 avg_loss=nan eval=103.1s
[FEDPROTO] round 188/200 start  selected=[0, 1, 2]
[FEDPROTO] round 188/200 local_train done in 79.5s
[FEDPROTO] round 188/200 done  train_acc=1.0000 test_acc=0.6083 best=0.6095@r101 avg_loss=nan eval=103.4s
[FEDPROTO] round 189/200 start  selected=[0, 1, 2]
[FEDPROTO] round 189/200 local_train done in 80.5s
[FEDPROTO] round 189/200 done  train_acc=1.0000 test_acc=0.6087 best=0.6095@r101 avg_loss=nan eval=107.0s
[FEDPROTO] round 190/200 start  selected=[0, 1, 2]
[FEDPROTO] round 190/200 local_train done in 80.0s
[FEDPROTO] round 190/200 done  train_acc=1.0000 test_acc=0.6079 best=0.6095@r101 avg_loss=nan eval=98.7s
[FEDPROTO] round 191/200 start  selected=[0, 1, 2]
[FEDPROTO] round 191/200 local_train done in 76.0s
[FEDPROTO] round 191/200 done  train_acc=1.0000 test_acc=0.6083 best=0.6095@r101 avg_loss=nan eval=99.4s
[FEDPROTO] round 192/200 start  selected=[0, 1, 2]
[FEDPROTO] round 192/200 local_train done in 72.0s
[FEDPROTO] round 192/200 done  train_acc=1.0000 test_acc=0.6079 best=0.6095@r101 avg_loss=nan eval=101.5s
[FEDPROTO] round 193/200 start  selected=[0, 1, 2]
[FEDPROTO] round 193/200 local_train done in 75.7s
[FEDPROTO] round 193/200 done  train_acc=1.0000 test_acc=0.6075 best=0.6095@r101 avg_loss=nan eval=100.8s
[FEDPROTO] round 194/200 start  selected=[0, 1, 2]
[FEDPROTO] round 194/200 local_train done in 82.3s
[FEDPROTO] round 194/200 done  train_acc=1.0000 test_acc=0.6075 best=0.6095@r101 avg_loss=nan eval=100.0s
[FEDPROTO] round 195/200 start  selected=[0, 1, 2]
[FEDPROTO] round 195/200 local_train done in 82.3s
[FEDPROTO] round 195/200 done  train_acc=1.0000 test_acc=0.6075 best=0.6095@r101 avg_loss=nan eval=100.5s
[FEDPROTO] round 196/200 start  selected=[0, 1, 2]
[FEDPROTO] round 196/200 local_train done in 80.2s
[FEDPROTO] round 196/200 done  train_acc=1.0000 test_acc=0.6075 best=0.6095@r101 avg_loss=nan eval=99.9s
[FEDPROTO] round 197/200 start  selected=[0, 1, 2]
[FEDPROTO] round 197/200 local_train done in 75.8s
[FEDPROTO] round 197/200 done  train_acc=1.0000 test_acc=0.6071 best=0.6095@r101 avg_loss=nan eval=97.9s
[FEDPROTO] round 198/200 start  selected=[0, 1, 2]
[FEDPROTO] round 198/200 local_train done in 73.6s
[FEDPROTO] round 198/200 done  train_acc=1.0000 test_acc=0.6071 best=0.6095@r101 avg_loss=nan eval=93.2s
[FEDPROTO] round 199/200 start  selected=[0, 1, 2]
[FEDPROTO] round 199/200 local_train done in 78.0s
[FEDPROTO] round 199/200 done  train_acc=1.0000 test_acc=0.6075 best=0.6095@r101 avg_loss=nan eval=94.1s
[FEDPROTO] round 200/200 start  selected=[0, 1, 2]
[FEDPROTO] round 200/200 local_train done in 76.8s
[FEDPROTO] round 200/200 done  train_acc=1.0000 test_acc=0.6075 best=0.6095@r101 avg_loss=nan eval=97.0s
[FEDPROTO] training done in 34014.9s, best round=100 best_acc=0.6095
Model saved to ./checkpoint/LSST/2026-05-04-14har_fedproto_dir10.0_LSST_model.pt
