# 2026-05-04 10:37:28  har_fedproto_dir0.05  GPU=0  cwd=/data/user_lixiongfei/CSL-main
# CMD: python3 -u FedCSL_All.py -dataset HAR --config configFedProto.yml --dirichlet-alpha 0.05 --seed 42 --description har_fedproto_dir0.05 -dataset SpokenArabicDigits

/mnt/data/user_liangzhiyu/envs/fedcsl/lib/python3.8/site-packages/scipy/__init__.py:146: UserWarning: A NumPy version >=1.16.5 and <1.23.0 is required for this version of SciPy (detected version 1.23.5
  warnings.warn(f"A NumPy version >={np_minversion} and <{np_maxversion}"
[config] 'configFedProto.yml' 未找到，重定向到 'config/configFedProto.yml'
6599
<class 'pandas.core.frame.DataFrame'>
RangeIndex: 6599 entries, 0 to 6598
Data columns (total 14 columns):
 #   Column      Non-Null Count  Dtype 
---  ------      --------------  ----- 
 0   dim_0       6599 non-null   object
 1   dim_1       6599 non-null   object
 2   dim_2       6599 non-null   object
 3   dim_3       6599 non-null   object
 4   dim_4       6599 non-null   object
 5   dim_5       6599 non-null   object
 6   dim_6       6599 non-null   object
 7   dim_7       6599 non-null   object
 8   dim_8       6599 non-null   object
 9   dim_9       6599 non-null   object
 10  dim_10      6599 non-null   object
 11  dim_11      6599 non-null   object
 12  dim_12      6599 non-null   object
 13  class_vals  6599 non-null   object
dtypes: object(14)
memory usage: 721.9+ KB
None
{7, 9, 13, 15, 16, 17, 18, 20, 21, 22, 23, 24, 25, 26, 27, 28, 29, 30, 31, 32, 33, 34, 35, 36, 37, 38, 39, 40, 41, 42, 43, 44, 45, 46, 47, 48, 49, 50, 51, 52, 53, 54, 55, 56, 57, 58, 59, 60, 61, 62, 63, 64, 74, 76, 77, 79, 83}
<class 'pandas.core.frame.DataFrame'>
RangeIndex: 6599 entries, 0 to 6598
Data columns (total 14 columns):
 #   Column      Non-Null Count  Dtype 
---  ------      --------------  ----- 
 0   dim_0       6599 non-null   object
 1   dim_1       6599 non-null   object
 2   dim_2       6599 non-null   object
 3   dim_3       6599 non-null   object
 4   dim_4       6599 non-null   object
 5   dim_5       6599 non-null   object
 6   dim_6       6599 non-null   object
 7   dim_7       6599 non-null   object
 8   dim_8       6599 non-null   object
 9   dim_9       6599 non-null   object
 10  dim_10      6599 non-null   object
 11  dim_11      6599 non-null   object
 12  dim_12      6599 non-null   object
 13  class_vals  6599 non-null   object
dtypes: object(14)
memory usage: 721.9+ KB
None
[0 0 0 ... 9 9 9]
[ 660  661  662 ... 6474 6475 6476]
[1, 1, 1, 1, 1, 1, 1, 1, 1, 1, 1, 1, 1, 1, 1, 1, 1, 1, 1, 1, 1, 1, 1, 1, 1, 1, 1, 1, 1, 1, 1, 1, 1, 1, 1, 1, 1, 1, 1, 1, 1, 1, 1, 1, 1, 1, 1, 1, 1, 1, 1, 1, 1, 1, 1, 1, 1, 1, 1, 1, 1, 1, 1, 1, 1, 1, 1, 1, 1, 1, 1, 1, 1, 1, 1, 1, 1, 1, 1, 1, 1, 1, 1, 1, 1, 1, 1, 1, 1, 1, 1, 1, 1, 1, 1, 1, 1, 1, 1, 1, 1, 1, 1, 1, 1, 1, 1, 1, 1, 1, 1, 1, 1, 1, 1, 1, 1, 1, 1, 1, 1, 1, 1, 1, 1, 1, 1, 1, 1, 1, 1, 1, 1, 1, 1, 1, 1, 1, 1, 1, 1, 1, 1, 1, 1, 1, 1, 1, 1, 1, 1, 1, 1, 1, 1, 1, 1, 1, 1, 1, 1, 1, 1, 1, 1, 1, 1, 1, 1, 1, 1, 1, 1, 1, 1, 1, 1, 1, 1, 1, 1, 1, 1, 1, 1, 1, 1, 1, 1, 1, 1, 1, 1, 1, 1, 1, 1, 1, 1, 1, 1, 1, 1, 1, 1, 1, 1, 1, 1, 1, 1, 1, 1, 1, 1, 1, 1, 1, 1, 1, 1, 1, 1, 1, 1, 1, 1, 1, 1, 1, 1, 1, 1, 1, 1, 1, 1, 1, 1, 1, 1, 1, 1, 1, 1, 1, 1, 1, 1, 1, 1, 1, 1, 1, 1, 1, 1, 1, 1, 1, 1, 1, 1, 1, 1, 1, 1, 1, 1, 1, 1, 1, 1, 1, 1, 1, 1, 1, 1, 1, 1, 1, 1, 1, 1, 1, 1, 1, 1, 1, 1, 1, 1, 1, 1, 1, 1, 1, 1, 1, 1, 1, 1, 1, 1, 1, 1, 1, 1, 1, 1, 1, 1, 1, 1, 1, 1, 1, 1, 1, 1, 1, 1, 1, 1, 1, 1, 1, 1, 1, 1, 1, 1, 1, 1, 1, 1, 1, 1, 1, 1, 1, 1, 1, 1, 1, 1, 1, 1, 1, 1, 1, 1, 1, 1, 1, 1, 1, 1, 1, 1, 1, 1, 1, 1, 1, 1, 1, 1, 1, 1, 1, 1, 1, 1, 1, 1, 1, 1, 1, 1, 1, 1, 1, 1, 1, 1, 1, 1, 1, 1, 1, 1, 1, 1, 1, 1, 1, 1, 1, 1, 1, 1, 1, 1, 1, 1, 1, 1, 1, 1, 1, 1, 1, 1, 1, 1, 1, 1, 1, 1, 1, 1, 1, 1, 1, 1, 1, 1, 1, 1, 1, 1, 1, 1, 1, 1, 1, 1, 1, 1, 1, 1, 1, 1, 1, 1, 1, 1, 1, 1, 1, 1, 1, 1, 1, 1, 1, 1, 1, 1, 1, 1, 1, 1, 1, 1, 1, 1, 1, 1, 1, 1, 1, 1, 1, 1, 1, 1, 1, 1, 1, 1, 1, 1, 1, 1, 1, 1, 1, 1, 1, 1, 1, 1, 1, 1, 1, 1, 1, 1, 1, 1, 1, 1, 1, 1, 1, 1, 1, 1, 1, 1, 1, 1, 1, 1, 1, 1, 1, 1, 1, 1, 1, 1, 1, 1, 1, 1, 1, 1, 1, 1, 1, 1, 1, 1, 1, 1, 1, 1, 1, 1, 1, 1, 1, 1, 1, 1, 1, 1, 1, 1, 1, 1, 1, 1, 1, 1, 1, 1, 1, 1, 1, 1, 1, 1, 1, 1, 1, 1, 1, 1, 1, 1, 1, 1, 1, 1, 1, 1, 1, 1, 1, 1, 1, 1, 1, 1, 1, 1, 1, 1, 1, 1, 1, 1, 1, 1, 1, 1, 1, 1, 1, 1, 1, 1, 1, 1, 1, 1, 1, 1, 1, 1, 1, 1, 1, 1, 1, 1, 1, 1, 1, 1, 1, 1, 1, 1, 1, 1, 1, 1, 1, 1, 1, 1, 1, 1, 1, 1, 1, 1, 1, 1, 1, 1, 1, 1, 1, 1, 1, 1, 1, 1, 1, 1, 1, 1, 4, 4, 4, 4, 4, 4, 4, 4, 4, 4, 4, 4, 4, 4, 4, 4, 4, 4, 4, 4, 4, 4, 4, 4, 4, 4, 4, 4, 4, 4, 4, 4, 4, 4, 4, 4, 4, 4, 4, 4, 4, 4, 4, 4, 4, 4, 4, 4, 4, 4, 4, 4, 4, 4, 4, 4, 4, 4, 4, 4, 4, 4, 4, 4, 4, 4, 4, 4, 4, 4, 4, 4, 4, 4, 4, 4, 4, 4, 4, 4, 4, 4, 4, 4, 4, 4, 4, 4, 4, 4, 4, 4, 4, 4, 4, 4, 4, 4, 4, 4, 4, 4, 4, 4, 4, 4, 4, 4, 4, 4, 4, 4, 4, 4, 4, 4, 4, 4, 4, 4, 4, 4, 4, 4, 4, 4, 4, 4, 4, 4, 4, 4, 4, 4, 4, 4, 4, 4, 4, 4, 4, 4, 4, 4, 4, 4, 4, 4, 4, 4, 4, 4, 4, 4, 4, 4, 4, 4, 4, 4, 4, 4, 4, 4, 4, 4, 4, 4, 4, 4, 4, 4, 4, 4, 4, 4, 4, 4, 4, 4, 4, 4, 4, 4, 4, 4, 4, 4, 4, 4, 4, 4, 4, 4, 4, 4, 4, 4, 4, 4, 4, 4, 4, 4, 4, 4, 4, 4, 4, 4, 4, 4, 4, 4, 4, 4, 4, 4, 4, 4, 4, 4, 4, 4, 4, 4, 4, 4, 4, 4, 4, 4, 4, 4, 4, 4, 4, 4, 4, 4, 4, 4, 4, 4, 4, 4, 4, 4, 4, 4, 4, 4, 4, 4, 4, 4, 4, 4, 4, 4, 4, 4, 4, 4, 4, 4, 4, 4, 4, 4, 4, 4, 4, 4, 4, 4, 4, 4, 4, 4, 4, 4, 4, 4, 4, 4, 4, 4, 4, 4, 4, 4, 4, 4, 4, 4, 4, 4, 4, 4, 4, 4, 4, 4, 4, 4, 4, 4, 4, 4, 4, 4, 4, 4, 4, 4, 4, 4, 4, 4, 4, 4, 4, 4, 4, 4, 4, 4, 4, 4, 4, 4, 4, 4, 4, 4, 4, 4, 4, 4, 4, 4, 4, 4, 4, 4, 4, 4, 4, 4, 4, 4, 4, 4, 4, 4, 4, 4, 4, 4, 4, 4, 4, 4, 4, 4, 4, 4, 4, 4, 4, 4, 4, 4, 4, 4, 4, 4, 4, 4, 4, 4, 4, 4, 4, 4, 4, 4, 4, 4, 4, 4, 4, 4, 4, 4, 4, 4, 4, 4, 4, 4, 4, 4, 4, 4, 4, 4, 4, 4, 4, 4, 4, 4, 4, 4, 4, 4, 4, 4, 4, 4, 4, 4, 4, 4, 4, 4, 4, 4, 4, 4, 4, 4, 4, 4, 4, 4, 4, 4, 4, 4, 4, 4, 4, 4, 4, 4, 4, 4, 4, 4, 4, 4, 4, 4, 4, 4, 4, 4, 4, 4, 4, 4, 4, 4, 4, 4, 4, 4, 4, 4, 4, 4, 4, 4, 4, 4, 4, 4, 4, 4, 4, 4, 4, 4, 4, 4, 4, 4, 4, 4, 4, 4, 4, 4, 4, 4, 4, 4, 4, 4, 4, 4, 4, 4, 4, 4, 4, 4, 4, 4, 4, 4, 4, 4, 4, 4, 4, 4, 4, 4, 4, 4, 4, 4, 4, 4, 4, 4, 4, 4, 4, 4, 4, 4, 4, 4, 4, 4, 4, 4, 4, 4, 4, 4, 4, 4, 4, 4, 4, 4, 4, 4, 4, 4, 4, 4, 4, 4, 4, 4, 4, 4, 4, 4, 4, 4, 4, 4, 4, 4, 4, 4, 4, 4, 4, 4, 4, 4, 4, 4, 4, 4, 4, 4, 4, 4, 4, 4, 4, 4, 4, 4, 4, 4, 4, 4, 4, 4, 4, 4, 4, 4, 4, 4, 4, 4, 4, 4, 4, 4, 4, 4, 4, 4, 4, 4, 4, 4, 4, 4, 4, 4, 4, 4, 4, 4, 4, 4, 4, 4, 4, 4, 4, 4, 4, 4, 4, 4, 4, 4, 4, 4, 4, 4, 4, 4, 4, 4, 4, 4, 4, 4, 4, 4, 4, 4, 4, 6, 6, 6, 6, 6, 6, 6, 6, 6, 6, 6, 6, 6, 6, 6, 6, 6, 6, 6, 6, 6, 6, 6, 6, 6, 6, 6, 6, 6, 6, 6, 6, 6, 6, 6, 6, 6, 6, 6, 6, 6, 6, 6, 6, 6, 6, 6, 6, 6, 6, 6, 6, 6, 6, 6, 6, 6, 6, 6, 6, 6, 6, 6, 6, 6, 6, 6, 6, 6, 6, 6, 6, 6, 6, 6, 6, 6, 6, 6, 6, 6, 6, 6, 6, 6, 6, 6, 6, 6, 6, 6, 6, 6, 6, 6, 6, 6, 6, 6, 6, 6, 6, 6, 6, 6, 6, 6, 6, 6, 6, 6, 6, 6, 6, 6, 6, 6, 6, 6, 6, 6, 6, 6, 6, 6, 6, 6, 6, 6, 6, 6, 6, 6, 6, 6, 6, 6, 6, 6, 6, 6, 6, 6, 6, 6, 6, 6, 6, 6, 6, 6, 6, 6, 6, 6, 6, 6, 6, 6, 6, 6, 6, 6, 6, 6, 6, 6, 6, 6, 6, 6, 6, 6, 6, 6, 6, 6, 6, 6, 6, 6, 6, 6, 6, 6, 6, 6, 7, 7, 7, 7, 7, 7, 7, 7, 7, 7, 7, 7, 7, 7, 7, 7, 7, 7, 7, 7, 7, 7, 7, 7, 7, 7, 7, 7, 7, 7, 7, 7, 7, 7, 7, 7, 7, 7, 7, 7, 7, 7, 7, 7, 7, 7, 7, 7, 7, 7, 7, 7, 7, 7, 7, 7, 7, 7, 7, 7, 7, 7, 7, 7, 7, 7, 7, 7, 7, 7, 7, 7, 7, 7, 7, 7, 7, 7, 7, 7, 7, 7, 7, 7, 7, 7, 7, 7, 7, 7, 7, 7, 7, 7, 7, 7, 7, 7, 7, 7, 7, 7, 7, 7, 7, 7, 7, 7, 7, 7, 7, 7, 7, 7, 7, 7, 7, 7, 7, 7, 7, 7, 7, 7, 7, 7, 7, 7, 7, 7, 7, 7, 7, 7, 7, 7, 7, 7, 7, 7, 7, 7, 7, 7, 7, 7, 7, 7, 7, 7, 7, 7, 7, 7, 7, 7, 7, 7, 7, 7, 7, 7, 7, 7, 7, 7, 7, 7, 7, 7, 7, 7, 7, 7, 7, 7, 7, 7, 7, 7, 7, 7, 7, 7, 7, 7, 7, 7, 7, 7, 7, 7, 7, 7, 7, 7, 7, 7, 7, 7, 7, 7, 7, 7, 7, 7, 7, 7, 7, 7, 7, 7, 7, 7, 7, 9, 9, 9, 9, 9, 9, 9, 9, 9, 9, 9, 9, 9, 9, 9, 9, 9, 9, 9, 9, 9, 9, 9, 9, 9, 9, 9, 9, 9, 9, 9, 9, 9, 9, 9, 9, 9, 9, 9, 9, 9, 9, 9, 9, 9, 9, 9, 9, 9, 9, 9, 9, 9, 9, 9, 9, 9, 9, 9, 9, 9, 9, 9, 9, 9, 9, 9, 9, 9, 9, 9, 9, 9, 9, 9, 9, 9, 9, 9, 9, 9, 9, 9, 9, 9, 9, 9, 9, 9, 9, 9, 9, 9, 9, 9, 9, 9, 9, 9, 9, 9, 9, 9, 9, 9, 9, 9, 9, 9, 9, 9, 9, 9, 9, 9, 9, 9, 9, 9, 9, 9, 9, 9, 9, 9, 9, 9, 9, 9, 9, 9, 9, 9, 9, 9, 9, 9, 9, 9, 9, 9, 9, 9, 9, 9, 9, 9, 9, 9, 9, 9, 9, 9, 9, 9, 9, 9, 9, 9, 9, 9, 9, 9, 9, 9, 9, 9, 9, 9, 9, 9, 9, 9, 9, 9, 9, 9, 9, 9, 9, 9, 9, 9, 9, 9, 9, 9, 9, 9, 9, 9, 9, 9, 9, 9, 9, 9, 9, 9, 9, 9, 9, 9, 9, 9, 9, 9, 9, 9, 9, 9, 9, 9, 9, 9, 9, 9, 9, 9, 9, 9, 9, 9, 9, 9, 9, 9, 9, 9, 9, 9, 9, 9, 9, 9, 9, 9, 9, 9, 9, 9, 9, 9, 9, 9, 9, 9, 9, 9, 9, 9, 9, 9, 9, 9, 9, 9, 9, 9, 9, 9, 9, 9, 9, 9, 9, 9, 9, 9, 9, 9, 9, 9, 9, 9, 9, 9, 9, 9, 9, 9, 9, 9, 9, 9, 9, 9, 9, 9, 9, 9, 9, 9, 9, 9, 9, 9, 9, 9, 9, 9, 9, 9, 9, 9, 9, 9, 9, 9, 9, 9, 9, 9, 9, 9, 9, 9, 9, 9, 9, 9, 9, 9, 9, 9, 9, 9, 9, 9, 9, 9, 9, 9, 9, 9, 9, 9, 9, 9, 9, 9, 9, 9, 9, 9, 9, 9, 9, 9, 9, 9, 9, 9, 9, 9, 9, 9, 9, 9, 9, 9, 9, 9, 9, 9, 9, 9, 9, 9, 9, 9, 9, 9, 9, 9, 9, 9, 9, 9, 9, 9, 9, 9, 9, 9, 9, 9, 9, 9, 9, 9, 9, 9, 9, 9, 9, 9, 9, 9, 9, 9, 9, 9, 9, 9, 9, 9, 9, 9, 9, 9, 9, 9, 9, 9, 9, 9, 9, 9, 9, 9, 9, 9, 9, 9, 9, 9, 9, 9, 9, 9, 9, 9, 9, 9, 9, 9, 9, 9, 9, 9, 9, 9, 9, 9, 9, 9, 9, 9, 9, 9, 9, 9, 9, 9, 9, 9, 9, 9, 9, 9, 9, 9, 9, 9, 9, 9, 9, 9, 9, 9, 9, 9, 9, 9, 9, 9, 9, 9, 9, 9, 9, 9, 9, 9, 9, 9, 9, 9, 9, 9, 9, 9, 9, 9, 9, 9, 9, 9, 9, 9, 9, 9, 9, 9, 9, 9, 9, 9, 9, 9, 9, 9, 9, 9, 9, 9, 9, 9, 9, 9, 9, 9, 9, 9, 9, 9, 9, 9, 9, 9, 9, 9, 9, 9, 9, 9]
[2, 2, 2, 2, 2, 2, 2, 2, 2, 2, 2, 2, 2, 2, 2, 2, 2, 2, 2, 2, 2, 2, 2, 2, 2, 2, 2, 2, 2, 2, 2, 2, 2, 2, 2, 2, 2, 2, 2, 2, 2, 2, 2, 2, 2, 2, 2, 2, 2, 2, 2, 2, 2, 2, 2, 2, 2, 2, 2, 2, 2, 2, 2, 2, 2, 2, 2, 2, 2, 2, 2, 2, 2, 2, 2, 2, 2, 2, 2, 2, 2, 2, 2, 2, 2, 2, 2, 2, 2, 2, 2, 2, 2, 2, 2, 2, 2, 2, 2, 2, 2, 2, 2, 2, 2, 2, 2, 2, 2, 2, 2, 2, 2, 2, 2, 2, 2, 2, 2, 2, 2, 2, 2, 2, 2, 2, 2, 2, 2, 2, 2, 2, 2, 2, 2, 2, 2, 2, 2, 2, 2, 2, 2, 2, 2, 2, 2, 2, 2, 2, 2, 2, 2, 2, 2, 2, 2, 2, 2, 2, 2, 2, 2, 2, 2, 2, 2, 2, 2, 2, 2, 2, 2, 2, 2, 2, 2, 2, 2, 2, 2, 2, 2, 2, 2, 2, 2, 2, 2, 2, 2, 2, 2, 2, 2, 2, 2, 2, 2, 2, 2, 2, 2, 2, 2, 2, 2, 2, 2, 2, 2, 2, 2, 2, 2, 2, 2, 2, 2, 2, 2, 2, 2, 2, 2, 2, 2, 2, 2, 2, 2, 2, 2, 2, 2, 2, 2, 2, 2, 2, 2, 2, 2, 2, 2, 2, 2, 2, 2, 2, 2, 2, 2, 2, 2, 2, 2, 2, 2, 2, 2, 2, 2, 2, 2, 2, 2, 2, 2, 2, 2, 2, 2, 2, 2, 2, 2, 2, 2, 2, 2, 2, 2, 2, 2, 2, 2, 2, 2, 2, 2, 2, 2, 2, 2, 2, 2, 2, 2, 2, 2, 2, 2, 2, 2, 2, 2, 2, 2, 2, 2, 2, 2, 2, 2, 2, 2, 2, 2, 2, 2, 2, 2, 2, 2, 2, 2, 2, 2, 2, 2, 2, 2, 2, 2, 2, 2, 2, 2, 2, 2, 2, 2, 2, 2, 2, 2, 2, 2, 2, 2, 2, 2, 2, 2, 2, 2, 2, 2, 2, 2, 2, 2, 2, 2, 2, 2, 2, 2, 2, 2, 2, 2, 2, 2, 2, 2, 2, 2, 2, 2, 2, 2, 2, 2, 2, 2, 2, 2, 2, 2, 2, 2, 2, 2, 2, 2, 2, 2, 2, 2, 2, 2, 2, 2, 2, 2, 2, 2, 2, 2, 2, 2, 2, 2, 2, 2, 2, 2, 2, 2, 2, 2, 2, 2, 2, 2, 2, 2, 2, 2, 2, 2, 2, 2, 2, 2, 2, 2, 2, 2, 2, 2, 2, 2, 2, 2, 2, 2, 2, 2, 2, 2, 2, 2, 2, 2, 2, 2, 2, 2, 2, 2, 2, 2, 2, 2, 2, 2, 2, 2, 2, 2, 2, 2, 2, 2, 2, 2, 2, 2, 2, 2, 2, 2, 2, 2, 2, 2, 2, 2, 2, 2, 2, 2, 2, 2, 2, 2, 2, 2, 2, 2, 2, 2, 2, 2, 2, 2, 2, 2, 2, 2, 2, 2, 2, 2, 2, 2, 2, 2, 2, 2, 2, 2, 2, 2, 2, 2, 2, 2, 2, 2, 2, 2, 2, 2, 2, 2, 2, 2, 2, 2, 2, 2, 2, 2, 2, 2, 2, 2, 2, 2, 2, 2, 2, 2, 2, 2, 2, 2, 2, 2, 2, 2, 2, 2, 2, 2, 2, 2, 2, 2, 2, 2, 2, 2, 2, 2, 2, 2, 2, 2, 2, 2, 2, 2, 2, 2, 2, 2, 2, 2, 2, 2, 2, 2, 2, 2, 2, 2, 2, 2, 2, 2, 2, 2, 2, 2, 2, 2, 2, 2, 2, 2, 2, 2, 2, 2, 2, 2, 2, 2, 2, 2, 2, 2, 2, 2, 2, 2, 2, 2, 2, 2, 2, 2, 2, 2, 2, 2, 2, 2, 2, 2, 2, 2, 2, 2, 2, 2, 2, 2, 2, 2, 2, 2, 2, 2, 3, 3, 3, 3, 3, 3, 3, 3, 3, 3, 3, 3, 3, 3, 3, 3, 3, 3, 3, 3, 3, 3, 3, 3, 3, 3, 3, 3, 3, 3, 3, 3, 3, 3, 3, 3, 3, 3, 3, 3, 3, 3, 3, 3, 3, 3, 3, 3, 3, 3, 3, 3, 3, 3, 3, 3, 3, 3, 3, 3, 3, 3, 3, 3, 3, 3, 3, 3, 3, 3, 3, 3, 3, 3, 3, 3, 3, 3, 3, 3, 3, 3, 3, 3, 3, 3, 3, 3, 3, 3, 3, 3, 3, 3, 3, 3, 3, 3, 3, 3, 3, 3, 3, 3, 3, 3, 3, 3, 3, 3, 3, 3, 3, 3, 3, 3, 3, 3, 3, 3, 3, 3, 3, 3, 3, 3, 3, 3, 3, 3, 3, 3, 3, 3, 3, 3, 3, 3, 3, 3, 3, 3, 3, 3, 3, 3, 3, 3, 3, 3, 3, 3, 3, 3, 3, 3, 3, 3, 3, 3, 3, 3, 3, 3, 3, 3, 3, 3, 3, 3, 3, 3, 3, 3, 3, 3, 3, 3, 3, 3, 3, 3, 3, 3, 3, 3, 3, 3, 3, 3, 3, 3, 3, 3, 3, 3, 3, 3, 3, 3, 3, 3, 3, 3, 3, 3, 3, 3, 3, 3, 3, 3, 3, 3, 3, 3, 3, 3, 3, 3, 3, 3, 3, 3, 3, 3, 3, 3, 3, 3, 3, 3, 3, 3, 3, 3, 3, 3, 3, 3, 3, 3, 3, 3, 3, 3, 3, 3, 3, 3, 3, 3, 3, 3, 3, 3, 3, 3, 3, 3, 3, 3, 3, 3, 3, 3, 3, 3, 3, 3, 3, 3, 3, 3, 3, 3, 3, 3, 3, 3, 3, 3, 3, 3, 3, 3, 3, 3, 3, 3, 3, 3, 3, 3, 3, 3, 3, 3, 3, 3, 3, 3, 3, 3, 3, 3, 3, 3, 3, 3, 3, 3, 3, 3, 3, 3, 3, 3, 3, 3, 3, 3, 3, 3, 3, 3, 3, 3, 3, 3, 3, 3, 3, 3, 3, 3, 3, 3, 3, 3, 3, 3, 3, 3, 3, 3, 3, 3, 3, 3, 3, 3, 3, 3, 3, 3, 3, 3, 3, 3, 3, 3, 3, 3, 3, 3, 3, 3, 3, 3, 3, 3, 3, 3, 3, 3, 3, 3, 3, 3, 3, 3, 3, 3, 3, 3, 3, 3, 3, 3, 3, 3, 3, 3, 3, 3, 3, 3, 3, 3, 3, 3, 3, 3, 3, 3, 3, 3, 3, 3, 3, 3, 3, 3, 3, 3, 3, 3, 3, 3, 3, 3, 3, 3, 3, 3, 3, 3, 3, 3, 3, 3, 3, 3, 3, 3, 3, 3, 3, 3, 3, 3, 3, 3, 3, 3, 3, 3, 3, 3, 3, 3, 3, 3, 3, 3, 3, 3, 3, 3, 3, 3, 3, 3, 3, 3, 3, 3, 3, 3, 3, 3, 3, 3, 3, 3, 3, 3, 3, 3, 3, 3, 3, 3, 3, 3, 3, 3, 3, 3, 3, 3, 3, 3, 3, 3, 3, 3, 3, 3, 3, 3, 3, 3, 3, 3, 3, 3, 3, 3, 3, 3, 3, 3, 3, 3, 3, 3, 3, 3, 3, 3, 3, 3, 3, 3, 3, 3, 3, 3, 3, 3, 3, 3, 3, 3, 3, 3, 3, 3, 3, 3, 3, 3, 3, 3, 3, 3, 3, 3, 3, 3, 3, 3, 3, 3, 3, 3, 3, 3, 3, 3, 3, 3, 3, 3, 3, 3, 3, 3, 3, 3, 3, 3, 3, 3, 3, 3, 3, 3, 3, 3, 3, 3, 3, 3, 3, 3, 3, 3, 3, 3, 3, 3, 3, 3, 3, 3, 3, 3, 3, 3, 3, 3, 3, 3, 3, 3, 3, 3, 3, 3, 3, 3, 3, 3, 3, 3, 3, 3, 3, 3, 3, 3, 3, 3, 3, 3, 3, 3, 3, 3, 3, 3, 3, 3, 3, 3, 3, 3, 3, 3, 3, 3, 3, 3, 3, 3, 3, 3, 3, 3, 3, 3, 3, 3, 3, 3, 3, 7, 8, 8, 8, 8, 8, 8, 8, 8, 8, 8, 8, 8, 8, 8, 8, 8, 8, 8, 8, 8, 8, 8, 8, 8, 8, 8, 8, 8, 8, 8, 8, 8, 8, 8, 8, 8, 8, 8, 8, 8, 8, 8, 8, 8, 8, 8, 8, 8, 8, 8, 8, 8, 8, 8, 8, 8, 8, 8, 8, 8, 8, 8, 8, 8, 8, 8, 8, 8, 8, 8, 8, 8, 8, 8, 8, 8, 8, 8, 8, 8, 8, 8, 8, 8, 8, 8, 8, 8, 8, 8, 8, 8, 8, 8, 8, 8, 8, 8, 8, 8, 8, 8, 8, 8, 8, 8, 8, 8, 8, 8, 8, 8, 8, 8, 8, 8, 8, 8, 8, 8, 8, 8, 8, 8, 8, 8, 8, 8, 8, 8, 8, 8, 8, 8, 8, 8, 8, 8, 8, 8, 8, 8, 8, 8, 8, 8, 8, 8, 8, 8, 8, 8, 8, 8, 8, 8, 8, 8, 8, 8, 8, 8, 8, 8, 8, 8, 8, 8, 8, 8, 8, 8, 8, 8, 8, 8, 8, 8, 8, 8, 8, 8, 8, 8, 8, 8, 8, 8, 8, 8, 8, 8, 8, 8, 8, 8, 8, 8, 8, 8, 8, 8, 8, 8, 8, 8, 8, 8, 8, 8, 8, 8, 8, 8, 8, 8, 8, 8, 8, 8, 8, 8, 8, 8, 8, 8, 8, 8, 8, 8, 8, 8, 8, 8, 8, 8, 8, 8, 8, 8, 8, 8, 8, 8, 8, 8, 8, 8, 8, 8, 8, 8, 8, 8, 8, 8, 8, 8, 8, 8, 8, 8, 8, 8, 8, 8, 8, 8, 8, 8, 8, 8, 8, 8, 8, 8, 8, 8, 8, 8, 8, 8, 8, 8, 8, 8, 8, 8, 8, 8, 8, 8, 8, 8, 8, 8, 8, 8, 8, 8, 8, 8, 8, 8, 8, 8, 8, 8, 8, 8, 8, 8, 8, 8, 8, 8, 8, 8, 8, 8, 8, 8, 8, 8, 8, 8, 8, 8, 8, 8, 8, 8, 8, 8, 8, 8, 8, 8, 8, 8, 8, 8, 8, 8, 8, 8, 8, 8, 8, 8, 8, 8, 8, 8, 8, 8, 8, 8, 8, 8, 8, 8, 8, 8, 8, 8, 8, 8, 8, 8, 8, 8, 8, 8, 8, 8, 8, 8, 8, 8, 8, 8, 8, 8, 8, 8, 8, 8, 8, 8, 8, 8, 8, 8, 8, 8, 8, 8, 8, 8, 8, 8, 8, 8, 8, 8, 8, 8, 8, 8, 8, 8, 8, 8, 8, 8, 8, 8, 8, 8, 8, 8, 8, 8, 8, 8, 8, 8, 8, 8, 8, 8, 8, 8, 8, 8, 8, 8, 8, 8, 8, 8, 8, 8, 8, 8, 8, 8, 8, 8, 8, 8, 8, 8, 8, 8, 8, 8, 8, 8, 8, 8, 8, 8, 8, 8, 8, 8, 8, 8, 8, 8, 8, 8, 8, 8, 8, 8, 8, 8, 8, 8, 8, 8, 8, 8, 8, 8, 8, 8, 8, 8, 8, 8, 8, 8, 8, 8, 8, 8, 8, 8, 8, 8, 8, 8, 8, 8, 8, 8, 8, 8, 8, 8, 8, 8, 8, 8, 8, 8, 8, 8, 8, 8, 8, 8, 8, 8, 8, 8, 8, 8, 8, 8, 8, 8, 8, 8, 8, 8, 8, 8, 8, 8, 8, 8, 8, 8, 8, 8, 8, 8, 8, 8, 8, 8, 8, 8, 8, 8, 8, 8, 8, 8, 8, 8, 8, 8, 8, 8, 8, 8, 8, 8, 8, 8, 8, 8, 8, 8, 8, 8, 8, 8, 8, 8, 8, 8, 8, 8, 8, 8, 8, 8, 8, 8, 8, 8, 8, 8, 8, 8, 8, 8, 8, 8, 8, 8, 8, 8, 8, 8, 8, 8, 8, 8, 8, 8, 8, 8, 8, 8, 8, 8, 8, 8, 8, 8, 8, 8, 8, 8, 8, 8, 8, 8, 8, 8, 8, 8, 8, 8, 8, 8, 8, 8, 8, 8, 8, 8, 8, 8, 8, 8, 8, 8, 8, 9, 9, 9, 9, 9, 9, 9, 9, 9, 9, 9, 9, 9, 9, 9, 9, 9, 9, 9, 9, 9, 9, 9, 9, 9, 9, 9, 9, 9, 9, 9, 9, 9, 9, 9, 9, 9, 9, 9, 9, 9, 9, 9, 9, 9, 9, 9, 9, 9, 9, 9, 9, 9, 9, 9, 9, 9, 9, 9, 9, 9, 9, 9, 9, 9, 9, 9, 9, 9, 9, 9, 9, 9, 9, 9, 9, 9, 9, 9, 9, 9, 9, 9, 9, 9, 9, 9, 9, 9, 9, 9, 9, 9, 9, 9, 9, 9, 9, 9, 9, 9, 9, 9, 9, 9, 9]
[0, 0, 0, 0, 0, 0, 0, 0, 0, 0, 0, 0, 0, 0, 0, 0, 0, 0, 0, 0, 0, 0, 0, 0, 0, 0, 0, 0, 0, 0, 0, 0, 0, 0, 0, 0, 0, 0, 0, 0, 0, 0, 0, 0, 0, 0, 0, 0, 0, 0, 0, 0, 0, 0, 0, 0, 0, 0, 0, 0, 0, 0, 0, 0, 0, 0, 0, 0, 0, 0, 0, 0, 0, 0, 0, 0, 0, 0, 0, 0, 0, 0, 0, 0, 0, 0, 0, 0, 0, 0, 0, 0, 0, 0, 0, 0, 0, 0, 0, 0, 0, 0, 0, 0, 0, 0, 0, 0, 0, 0, 0, 0, 0, 0, 0, 0, 0, 0, 0, 0, 0, 0, 0, 0, 0, 0, 0, 0, 0, 0, 0, 0, 0, 0, 0, 0, 0, 0, 0, 0, 0, 0, 0, 0, 0, 0, 0, 0, 0, 0, 0, 0, 0, 0, 0, 0, 0, 0, 0, 0, 0, 0, 0, 0, 0, 0, 0, 0, 0, 0, 0, 0, 0, 0, 0, 0, 0, 0, 0, 0, 0, 0, 0, 0, 0, 0, 0, 0, 0, 0, 0, 0, 0, 0, 0, 0, 0, 0, 0, 0, 0, 0, 0, 0, 0, 0, 0, 0, 0, 0, 0, 0, 0, 0, 0, 0, 0, 0, 0, 0, 0, 0, 0, 0, 0, 0, 0, 0, 0, 0, 0, 0, 0, 0, 0, 0, 0, 0, 0, 0, 0, 0, 0, 0, 0, 0, 0, 0, 0, 0, 0, 0, 0, 0, 0, 0, 0, 0, 0, 0, 0, 0, 0, 0, 0, 0, 0, 0, 0, 0, 0, 0, 0, 0, 0, 0, 0, 0, 0, 0, 0, 0, 0, 0, 0, 0, 0, 0, 0, 0, 0, 0, 0, 0, 0, 0, 0, 0, 0, 0, 0, 0, 0, 0, 0, 0, 0, 0, 0, 0, 0, 0, 0, 0, 0, 0, 0, 0, 0, 0, 0, 0, 0, 0, 0, 0, 0, 0, 0, 0, 0, 0, 0, 0, 0, 0, 0, 0, 0, 0, 0, 0, 0, 0, 0, 0, 0, 0, 0, 0, 0, 0, 0, 0, 0, 0, 0, 0, 0, 0, 0, 0, 0, 0, 0, 0, 0, 0, 0, 0, 0, 0, 0, 0, 0, 0, 0, 0, 0, 0, 0, 0, 0, 0, 0, 0, 0, 0, 0, 0, 0, 0, 0, 0, 0, 0, 0, 0, 0, 0, 0, 0, 0, 0, 0, 0, 0, 0, 0, 0, 0, 0, 0, 0, 0, 0, 0, 0, 0, 0, 0, 0, 0, 0, 0, 0, 0, 0, 0, 0, 0, 0, 0, 0, 0, 0, 0, 0, 0, 0, 0, 0, 0, 0, 0, 0, 0, 0, 0, 0, 0, 0, 0, 0, 0, 0, 0, 0, 0, 0, 0, 0, 0, 0, 0, 0, 0, 0, 0, 0, 0, 0, 0, 0, 0, 0, 0, 0, 0, 0, 0, 0, 0, 0, 0, 0, 0, 0, 0, 0, 0, 0, 0, 0, 0, 0, 0, 0, 0, 0, 0, 0, 0, 0, 0, 0, 0, 0, 0, 0, 0, 0, 0, 0, 0, 0, 0, 0, 0, 0, 0, 0, 0, 0, 0, 0, 0, 0, 0, 0, 0, 0, 0, 0, 0, 0, 0, 0, 0, 0, 0, 0, 0, 0, 0, 0, 0, 0, 0, 0, 0, 0, 0, 0, 0, 0, 0, 0, 0, 0, 0, 0, 0, 0, 0, 0, 0, 0, 0, 0, 0, 0, 0, 0, 0, 0, 0, 0, 0, 0, 0, 0, 0, 0, 0, 0, 0, 0, 0, 0, 0, 0, 0, 0, 0, 0, 0, 0, 0, 0, 0, 0, 0, 0, 0, 0, 0, 0, 0, 0, 0, 0, 0, 0, 0, 0, 0, 0, 0, 0, 0, 0, 0, 0, 0, 0, 0, 0, 0, 0, 0, 0, 0, 0, 0, 0, 0, 0, 0, 0, 0, 0, 0, 0, 0, 0, 0, 0, 0, 0, 0, 0, 0, 0, 0, 0, 0, 0, 0, 0, 1, 2, 3, 4, 5, 5, 5, 5, 5, 5, 5, 5, 5, 5, 5, 5, 5, 5, 5, 5, 5, 5, 5, 5, 5, 5, 5, 5, 5, 5, 5, 5, 5, 5, 5, 5, 5, 5, 5, 5, 5, 5, 5, 5, 5, 5, 5, 5, 5, 5, 5, 5, 5, 5, 5, 5, 5, 5, 5, 5, 5, 5, 5, 5, 5, 5, 5, 5, 5, 5, 5, 5, 5, 5, 5, 5, 5, 5, 5, 5, 5, 5, 5, 5, 5, 5, 5, 5, 5, 5, 5, 5, 5, 5, 5, 5, 5, 5, 5, 5, 5, 5, 5, 5, 5, 5, 5, 5, 5, 5, 5, 5, 5, 5, 5, 5, 5, 5, 5, 5, 5, 5, 5, 5, 5, 5, 5, 5, 5, 5, 5, 5, 5, 5, 5, 5, 5, 5, 5, 5, 5, 5, 5, 5, 5, 5, 5, 5, 5, 5, 5, 5, 5, 5, 5, 5, 5, 5, 5, 5, 5, 5, 5, 5, 5, 5, 5, 5, 5, 5, 5, 5, 5, 5, 5, 5, 5, 5, 5, 5, 5, 5, 5, 5, 5, 5, 5, 5, 5, 5, 5, 5, 5, 5, 5, 5, 5, 5, 5, 5, 5, 5, 5, 5, 5, 5, 5, 5, 5, 5, 5, 5, 5, 5, 5, 5, 5, 5, 5, 5, 5, 5, 5, 5, 5, 5, 5, 5, 5, 5, 5, 5, 5, 5, 5, 5, 5, 5, 5, 5, 5, 5, 5, 5, 5, 5, 5, 5, 5, 5, 5, 5, 5, 5, 5, 5, 5, 5, 5, 5, 5, 5, 5, 5, 5, 5, 5, 5, 5, 5, 5, 5, 5, 5, 5, 5, 5, 5, 5, 5, 5, 5, 5, 5, 5, 5, 5, 5, 5, 5, 5, 5, 5, 5, 5, 5, 5, 5, 5, 5, 5, 5, 5, 5, 5, 5, 5, 5, 5, 5, 5, 5, 5, 5, 5, 5, 5, 5, 5, 5, 5, 5, 5, 5, 5, 5, 5, 5, 5, 5, 5, 5, 5, 5, 5, 5, 5, 5, 5, 5, 5, 5, 5, 5, 5, 5, 5, 5, 5, 5, 5, 5, 5, 5, 5, 5, 5, 5, 5, 5, 5, 5, 5, 5, 5, 5, 5, 5, 5, 5, 5, 5, 5, 5, 5, 5, 5, 5, 5, 5, 5, 5, 5, 5, 5, 5, 5, 5, 5, 5, 5, 5, 5, 5, 5, 5, 5, 5, 5, 5, 5, 5, 5, 5, 5, 5, 5, 5, 5, 5, 5, 5, 5, 5, 5, 5, 5, 5, 5, 5, 5, 5, 5, 5, 5, 5, 5, 5, 5, 5, 5, 5, 5, 5, 5, 5, 5, 5, 5, 5, 5, 5, 5, 5, 5, 5, 5, 5, 5, 5, 5, 5, 5, 5, 5, 5, 5, 5, 5, 5, 5, 5, 5, 5, 5, 5, 5, 5, 5, 5, 5, 5, 5, 5, 5, 5, 5, 5, 5, 5, 5, 5, 5, 5, 5, 5, 5, 5, 5, 5, 5, 5, 5, 5, 5, 5, 5, 5, 5, 5, 5, 5, 5, 5, 5, 5, 5, 5, 5, 5, 5, 5, 5, 5, 5, 5, 5, 5, 5, 5, 5, 5, 5, 5, 5, 5, 5, 5, 5, 5, 5, 5, 5, 5, 5, 5, 5, 5, 5, 5, 5, 5, 5, 5, 5, 5, 5, 5, 5, 5, 5, 5, 5, 5, 5, 5, 5, 5, 5, 5, 5, 5, 5, 5, 5, 5, 5, 5, 5, 5, 5, 5, 5, 5, 5, 5, 5, 5, 5, 5, 5, 5, 5, 5, 5, 5, 5, 5, 5, 5, 5, 5, 5, 5, 5, 5, 5, 5, 5, 5, 5, 5, 5, 5, 5, 5, 5, 5, 5, 5, 5, 5, 5, 5, 5, 5, 5, 5, 5, 5, 5, 5, 5, 5, 5, 5, 5, 5, 5, 5, 5, 5, 5, 5, 5, 5, 5, 5, 5, 5, 5, 5, 5, 5, 5, 5, 5, 5, 5, 5, 5, 5, 5, 5, 5, 5, 5, 5, 5, 5, 5, 5, 5, 5, 6, 6, 6, 6, 6, 6, 6, 6, 6, 6, 6, 6, 6, 6, 6, 6, 6, 6, 6, 6, 6, 6, 6, 6, 6, 6, 6, 6, 6, 6, 6, 6, 6, 6, 6, 6, 6, 6, 6, 6, 6, 6, 6, 6, 6, 6, 6, 6, 6, 6, 6, 6, 6, 6, 6, 6, 6, 6, 6, 6, 6, 6, 6, 6, 6, 6, 6, 6, 6, 6, 6, 6, 6, 6, 6, 6, 6, 6, 6, 6, 6, 6, 6, 6, 6, 6, 6, 6, 6, 6, 6, 6, 6, 6, 6, 6, 6, 6, 6, 6, 6, 6, 6, 6, 6, 6, 6, 6, 6, 6, 6, 6, 6, 6, 6, 6, 6, 6, 6, 6, 6, 6, 6, 6, 6, 6, 6, 6, 6, 6, 6, 6, 6, 6, 6, 6, 6, 6, 6, 6, 6, 6, 6, 6, 6, 6, 6, 6, 6, 6, 6, 6, 6, 6, 6, 6, 6, 6, 6, 6, 6, 6, 6, 6, 6, 6, 6, 6, 6, 6, 6, 6, 6, 6, 6, 6, 6, 6, 6, 6, 6, 6, 6, 6, 6, 6, 6, 6, 6, 6, 6, 6, 6, 6, 6, 6, 6, 6, 6, 6, 6, 6, 6, 6, 6, 6, 6, 6, 6, 6, 6, 6, 6, 6, 6, 6, 6, 6, 6, 6, 6, 6, 6, 6, 6, 6, 6, 6, 6, 6, 6, 6, 6, 6, 6, 6, 6, 6, 6, 6, 6, 6, 6, 6, 6, 6, 6, 6, 6, 6, 6, 6, 6, 6, 6, 6, 6, 6, 6, 6, 6, 6, 6, 6, 6, 6, 6, 6, 6, 6, 6, 6, 6, 6, 6, 6, 6, 6, 6, 6, 6, 6, 6, 6, 6, 6, 6, 6, 6, 6, 6, 6, 6, 6, 6, 6, 6, 6, 6, 6, 6, 6, 6, 6, 6, 6, 6, 6, 6, 6, 6, 6, 6, 6, 6, 6, 6, 6, 6, 6, 6, 6, 6, 6, 6, 6, 6, 6, 6, 6, 6, 6, 6, 6, 6, 6, 6, 6, 6, 6, 6, 6, 6, 6, 6, 6, 6, 6, 6, 6, 6, 6, 6, 6, 6, 6, 6, 6, 6, 6, 6, 6, 6, 6, 6, 6, 6, 6, 6, 6, 6, 6, 6, 6, 6, 6, 6, 6, 6, 6, 6, 6, 6, 6, 6, 6, 6, 6, 6, 6, 6, 6, 6, 6, 6, 6, 6, 6, 6, 6, 6, 6, 6, 6, 6, 6, 6, 6, 6, 6, 6, 6, 6, 6, 6, 6, 6, 6, 6, 6, 6, 6, 6, 6, 6, 6, 6, 6, 6, 6, 6, 6, 6, 6, 6, 6, 6, 6, 6, 6, 6, 6, 6, 6, 6, 6, 6, 6, 6, 6, 6, 6, 6, 6, 6, 6, 6, 6, 6, 6, 6, 6, 6, 6, 6, 6, 6, 6, 6, 6, 6, 6, 6, 7, 7, 7, 7, 7, 7, 7, 7, 7, 7, 7, 7, 7, 7, 7, 7, 7, 7, 7, 7, 7, 7, 7, 7, 7, 7, 7, 7, 7, 7, 7, 7, 7, 7, 7, 7, 7, 7, 7, 7, 7, 7, 7, 7, 7, 7, 7, 7, 7, 7, 7, 7, 7, 7, 7, 7, 7, 7, 7, 7, 7, 7, 7, 7, 7, 7, 7, 7, 7, 7, 7, 7, 7, 7, 7, 7, 7, 7, 7, 7, 7, 7, 7, 7, 7, 7, 7, 7, 7, 7, 7, 7, 7, 7, 7, 7, 7, 7, 7, 7, 7, 7, 7, 7, 7, 7, 7, 7, 7, 7, 7, 7, 7, 7, 7, 7, 7, 7, 7, 7, 7, 7, 7, 7, 7, 7, 7, 7, 7, 7, 7, 7, 7, 7, 7, 7, 7, 7, 7, 7, 7, 7, 7, 7, 7, 7, 7, 7, 7, 7, 7, 7, 7, 7, 7, 7, 7, 7, 7, 7, 7, 7, 7, 7, 7, 7, 7, 7, 7, 7, 7, 7, 7, 7, 7, 7, 7, 7, 7, 7, 7, 7, 7, 7, 7, 7, 7, 7, 7, 7, 7, 7, 7, 7, 7, 7, 7, 7, 7, 7, 7, 7, 7, 7, 7, 7, 7, 7, 7, 7, 7, 7, 7, 7, 7, 7, 7, 7, 7, 7, 7, 7, 7, 7, 7, 7, 7, 7, 7, 7, 7, 7, 7, 7, 7, 7, 7, 7, 7, 7, 7, 7, 7, 7, 7, 7, 7, 7, 7, 7, 7, 7, 7, 7, 7, 7, 7, 7, 7, 7, 7, 7, 7, 7, 7, 7, 7, 7, 7, 7, 7, 7, 7, 7, 7, 7, 7, 7, 7, 7, 7, 7, 7, 7, 7, 7, 7, 7, 7, 7, 7, 7, 7, 7, 7, 7, 7, 7, 7, 7, 7, 7, 7, 7, 7, 7, 7, 7, 7, 7, 7, 7, 7, 7, 7, 7, 7, 7, 7, 7, 7, 7, 7, 7, 7, 7, 7, 7, 7, 7, 7, 7, 7, 7, 7, 7, 7, 7, 7, 7, 7, 7, 7, 7, 7, 7, 7, 7, 7, 7, 7, 7, 7, 7, 7, 7, 7, 7, 7, 7, 7, 7, 7, 7, 7, 7, 7, 7, 7, 7, 7, 7, 7, 7, 7, 7, 7, 7, 7, 7, 7, 7, 7, 7, 7, 7, 7, 7, 7, 7, 7, 7, 7, 7, 7, 7, 7, 7, 7, 7, 7, 7, 7, 7, 7, 7, 7, 7, 7, 7, 7, 7, 7, 7, 7, 7, 7, 7, 7, 7, 7, 7, 7, 7, 7, 7, 7, 7, 7, 7, 7, 7, 7, 7, 7, 7, 7, 7, 7, 7, 7, 7, 7, 7, 8, 8, 8, 9, 9, 9, 9, 9, 9, 9, 9, 9, 9, 9, 9, 9, 9, 9, 9]
shapelet initialized!
[FEDPROTO] round 1/200 start  selected=[0, 1, 2]
[FEDPROTO] round 1/200 local_train done in 152.6s
[FEDPROTO] round 1/200 done  train_acc=1.0000 test_acc=0.9850 best=0.9850@r1 avg_loss=nan eval=267.6s
[FEDPROTO] round 2/200 start  selected=[0, 1, 2]
[FEDPROTO] round 2/200 local_train done in 161.3s
[FEDPROTO] round 2/200 done  train_acc=1.0000 test_acc=0.9814 best=0.9850@r1 avg_loss=nan eval=254.0s
[FEDPROTO] round 3/200 start  selected=[0, 1, 2]
[FEDPROTO] round 3/200 local_train done in 158.3s
[FEDPROTO] round 3/200 done  train_acc=1.0000 test_acc=0.9804 best=0.9850@r1 avg_loss=nan eval=246.4s
[FEDPROTO] round 4/200 start  selected=[0, 1, 2]
[FEDPROTO] round 4/200 local_train done in 172.9s
[FEDPROTO] round 4/200 done  train_acc=1.0000 test_acc=0.9814 best=0.9850@r1 avg_loss=nan eval=251.5s
[FEDPROTO] round 5/200 start  selected=[0, 1, 2]
[FEDPROTO] round 5/200 local_train done in 154.0s
[FEDPROTO] round 5/200 done  train_acc=1.0000 test_acc=0.9818 best=0.9850@r1 avg_loss=nan eval=252.8s
[FEDPROTO] round 6/200 start  selected=[0, 1, 2]
[FEDPROTO] round 6/200 local_train done in 140.7s
[FEDPROTO] round 6/200 done  train_acc=1.0000 test_acc=0.9823 best=0.9850@r1 avg_loss=nan eval=256.2s
[FEDPROTO] round 7/200 start  selected=[0, 1, 2]
[FEDPROTO] round 7/200 local_train done in 150.0s
[FEDPROTO] round 7/200 done  train_acc=1.0000 test_acc=0.9818 best=0.9850@r1 avg_loss=nan eval=246.7s
[FEDPROTO] round 8/200 start  selected=[0, 1, 2]
[FEDPROTO] round 8/200 local_train done in 150.4s
[FEDPROTO] round 8/200 done  train_acc=1.0000 test_acc=0.9814 best=0.9850@r1 avg_loss=nan eval=245.3s
[FEDPROTO] round 9/200 start  selected=[0, 1, 2]
[FEDPROTO] round 9/200 local_train done in 156.3s
[FEDPROTO] round 9/200 done  train_acc=1.0000 test_acc=0.9814 best=0.9850@r1 avg_loss=nan eval=257.4s
[FEDPROTO] round 10/200 start  selected=[0, 1, 2]
[FEDPROTO] round 10/200 local_train done in 137.5s
[FEDPROTO] round 10/200 done  train_acc=1.0000 test_acc=0.9809 best=0.9850@r1 avg_loss=nan eval=237.4s
[FEDPROTO] round 11/200 start  selected=[0, 1, 2]
[FEDPROTO] round 11/200 local_train done in 165.7s
[FEDPROTO] round 11/200 done  train_acc=1.0000 test_acc=0.9814 best=0.9850@r1 avg_loss=nan eval=287.2s
[FEDPROTO] round 12/200 start  selected=[0, 1, 2]
[FEDPROTO] round 12/200 local_train done in 175.4s
[FEDPROTO] round 12/200 done  train_acc=1.0000 test_acc=0.9818 best=0.9850@r1 avg_loss=nan eval=272.2s
[FEDPROTO] round 13/200 start  selected=[0, 1, 2]
[FEDPROTO] round 13/200 local_train done in 174.8s
[FEDPROTO] round 13/200 done  train_acc=1.0000 test_acc=0.9809 best=0.9850@r1 avg_loss=nan eval=286.5s
[FEDPROTO] round 14/200 start  selected=[0, 1, 2]
[FEDPROTO] round 14/200 local_train done in 176.1s
[FEDPROTO] round 14/200 done  train_acc=1.0000 test_acc=0.9809 best=0.9850@r1 avg_loss=nan eval=267.9s
[FEDPROTO] round 15/200 start  selected=[0, 1, 2]
[FEDPROTO] round 15/200 local_train done in 180.8s
[FEDPROTO] round 15/200 done  train_acc=1.0000 test_acc=0.9809 best=0.9850@r1 avg_loss=nan eval=276.1s
[FEDPROTO] round 16/200 start  selected=[0, 1, 2]
[FEDPROTO] round 16/200 local_train done in 176.4s
[FEDPROTO] round 16/200 done  train_acc=1.0000 test_acc=0.9809 best=0.9850@r1 avg_loss=nan eval=276.5s
[FEDPROTO] round 17/200 start  selected=[0, 1, 2]
[FEDPROTO] round 17/200 local_train done in 162.5s
[FEDPROTO] round 17/200 done  train_acc=1.0000 test_acc=0.9814 best=0.9850@r1 avg_loss=nan eval=241.6s
[FEDPROTO] round 18/200 start  selected=[0, 1, 2]
[FEDPROTO] round 18/200 local_train done in 185.0s
[FEDPROTO] round 18/200 done  train_acc=1.0000 test_acc=0.9818 best=0.9850@r1 avg_loss=nan eval=279.5s
[FEDPROTO] round 19/200 start  selected=[0, 1, 2]
[FEDPROTO] round 19/200 local_train done in 171.2s
[FEDPROTO] round 19/200 done  train_acc=1.0000 test_acc=0.9814 best=0.9850@r1 avg_loss=nan eval=276.6s
[FEDPROTO] round 20/200 start  selected=[0, 1, 2]
[FEDPROTO] round 20/200 local_train done in 186.6s
[FEDPROTO] round 20/200 done  train_acc=1.0000 test_acc=0.9823 best=0.9850@r1 avg_loss=nan eval=287.2s
[FEDPROTO] round 21/200 start  selected=[0, 1, 2]
[FEDPROTO] round 21/200 local_train done in 178.5s
[FEDPROTO] round 21/200 done  train_acc=1.0000 test_acc=0.9823 best=0.9850@r1 avg_loss=nan eval=273.5s
[FEDPROTO] round 22/200 start  selected=[0, 1, 2]
[FEDPROTO] round 22/200 local_train done in 176.9s
[FEDPROTO] round 22/200 done  train_acc=1.0000 test_acc=0.9823 best=0.9850@r1 avg_loss=nan eval=253.1s
[FEDPROTO] round 23/200 start  selected=[0, 1, 2]
[FEDPROTO] round 23/200 local_train done in 155.9s
[FEDPROTO] round 23/200 done  train_acc=1.0000 test_acc=0.9823 best=0.9850@r1 avg_loss=nan eval=270.3s
[FEDPROTO] round 24/200 start  selected=[0, 1, 2]
[FEDPROTO] round 24/200 local_train done in 175.3s
[FEDPROTO] round 24/200 done  train_acc=1.0000 test_acc=0.9827 best=0.9850@r1 avg_loss=nan eval=272.9s
[FEDPROTO] round 25/200 start  selected=[0, 1, 2]
[FEDPROTO] round 25/200 local_train done in 161.0s
[FEDPROTO] round 25/200 done  train_acc=1.0000 test_acc=0.9823 best=0.9850@r1 avg_loss=nan eval=266.2s
[FEDPROTO] round 26/200 start  selected=[0, 1, 2]
[FEDPROTO] round 26/200 local_train done in 172.7s
[FEDPROTO] round 26/200 done  train_acc=1.0000 test_acc=0.9823 best=0.9850@r1 avg_loss=nan eval=268.4s
[FEDPROTO] round 27/200 start  selected=[0, 1, 2]
[FEDPROTO] round 27/200 local_train done in 149.6s
[FEDPROTO] round 27/200 done  train_acc=1.0000 test_acc=0.9818 best=0.9850@r1 avg_loss=nan eval=250.6s
[FEDPROTO] round 28/200 start  selected=[0, 1, 2]
[FEDPROTO] round 28/200 local_train done in 164.2s
[FEDPROTO] round 28/200 done  train_acc=1.0000 test_acc=0.9818 best=0.9850@r1 avg_loss=nan eval=259.9s
[FEDPROTO] round 29/200 start  selected=[0, 1, 2]
[FEDPROTO] round 29/200 local_train done in 164.4s
[FEDPROTO] round 29/200 done  train_acc=1.0000 test_acc=0.9814 best=0.9850@r1 avg_loss=nan eval=263.3s
[FEDPROTO] round 30/200 start  selected=[0, 1, 2]
[FEDPROTO] round 30/200 local_train done in 153.8s
[FEDPROTO] round 30/200 done  train_acc=1.0000 test_acc=0.9809 best=0.9850@r1 avg_loss=nan eval=250.0s
[FEDPROTO] checkpoint saved → ./checkpoint/resume/baseline_fedproto_SpokenArabicDigits_2026-05-04-10har_fedproto_dir0.05.pt (round=30)
[FEDPROTO] round 31/200 start  selected=[0, 1, 2]
[FEDPROTO] round 31/200 local_train done in 162.8s
[FEDPROTO] round 31/200 done  train_acc=1.0000 test_acc=0.9809 best=0.9850@r1 avg_loss=nan eval=242.1s
[FEDPROTO] round 32/200 start  selected=[0, 1, 2]
[FEDPROTO] round 32/200 local_train done in 135.6s
[FEDPROTO] round 32/200 done  train_acc=1.0000 test_acc=0.9809 best=0.9850@r1 avg_loss=nan eval=229.8s
[FEDPROTO] round 33/200 start  selected=[0, 1, 2]
[FEDPROTO] round 33/200 local_train done in 142.4s
[FEDPROTO] round 33/200 done  train_acc=1.0000 test_acc=0.9804 best=0.9850@r1 avg_loss=nan eval=222.6s
[FEDPROTO] round 34/200 start  selected=[0, 1, 2]
[FEDPROTO] round 34/200 local_train done in 162.0s
[FEDPROTO] round 34/200 done  train_acc=1.0000 test_acc=0.9804 best=0.9850@r1 avg_loss=nan eval=264.1s
[FEDPROTO] round 35/200 start  selected=[0, 1, 2]
[FEDPROTO] round 35/200 local_train done in 174.8s
[FEDPROTO] round 35/200 done  train_acc=1.0000 test_acc=0.9804 best=0.9850@r1 avg_loss=nan eval=276.0s
[FEDPROTO] round 36/200 start  selected=[0, 1, 2]
[FEDPROTO] round 36/200 local_train done in 169.6s
[FEDPROTO] round 36/200 done  train_acc=1.0000 test_acc=0.9800 best=0.9850@r1 avg_loss=nan eval=240.8s
[FEDPROTO] round 37/200 start  selected=[0, 1, 2]
[FEDPROTO] round 37/200 local_train done in 171.4s
[FEDPROTO] round 37/200 done  train_acc=1.0000 test_acc=0.9795 best=0.9850@r1 avg_loss=nan eval=263.0s
[FEDPROTO] round 38/200 start  selected=[0, 1, 2]
[FEDPROTO] round 38/200 local_train done in 182.6s
[FEDPROTO] round 38/200 done  train_acc=1.0000 test_acc=0.9795 best=0.9850@r1 avg_loss=nan eval=265.9s
[FEDPROTO] round 39/200 start  selected=[0, 1, 2]
[FEDPROTO] round 39/200 local_train done in 174.2s
[FEDPROTO] round 39/200 done  train_acc=1.0000 test_acc=0.9791 best=0.9850@r1 avg_loss=nan eval=270.9s
[FEDPROTO] round 40/200 start  selected=[0, 1, 2]
[FEDPROTO] round 40/200 local_train done in 184.0s
[FEDPROTO] round 40/200 done  train_acc=1.0000 test_acc=0.9791 best=0.9850@r1 avg_loss=nan eval=270.4s
[FEDPROTO] round 41/200 start  selected=[0, 1, 2]
[FEDPROTO] round 41/200 local_train done in 173.4s
[FEDPROTO] round 41/200 done  train_acc=1.0000 test_acc=0.9791 best=0.9850@r1 avg_loss=nan eval=274.8s
[FEDPROTO] round 42/200 start  selected=[0, 1, 2]
[FEDPROTO] round 42/200 local_train done in 187.5s
[FEDPROTO] round 42/200 done  train_acc=1.0000 test_acc=0.9791 best=0.9850@r1 avg_loss=nan eval=269.9s
[FEDPROTO] round 43/200 start  selected=[0, 1, 2]
[FEDPROTO] round 43/200 local_train done in 166.4s
[FEDPROTO] round 43/200 done  train_acc=1.0000 test_acc=0.9782 best=0.9850@r1 avg_loss=nan eval=254.4s
[FEDPROTO] round 44/200 start  selected=[0, 1, 2]
[FEDPROTO] round 44/200 local_train done in 173.9s
[FEDPROTO] round 44/200 done  train_acc=1.0000 test_acc=0.9777 best=0.9850@r1 avg_loss=nan eval=266.5s
[FEDPROTO] round 45/200 start  selected=[0, 1, 2]
[FEDPROTO] round 45/200 local_train done in 175.6s
[FEDPROTO] round 45/200 done  train_acc=1.0000 test_acc=0.9777 best=0.9850@r1 avg_loss=nan eval=251.8s
[FEDPROTO] round 46/200 start  selected=[0, 1, 2]
[FEDPROTO] round 46/200 local_train done in 172.8s
[FEDPROTO] round 46/200 done  train_acc=1.0000 test_acc=0.9773 best=0.9850@r1 avg_loss=nan eval=268.9s
[FEDPROTO] round 47/200 start  selected=[0, 1, 2]
[FEDPROTO] round 47/200 local_train done in 186.8s
[FEDPROTO] round 47/200 done  train_acc=1.0000 test_acc=0.9768 best=0.9850@r1 avg_loss=nan eval=289.4s
[FEDPROTO] round 48/200 start  selected=[0, 1, 2]
[FEDPROTO] round 48/200 local_train done in 172.2s
[FEDPROTO] round 48/200 done  train_acc=1.0000 test_acc=0.9777 best=0.9850@r1 avg_loss=nan eval=275.2s
[FEDPROTO] round 49/200 start  selected=[0, 1, 2]
[FEDPROTO] round 49/200 local_train done in 175.0s
[FEDPROTO] round 49/200 done  train_acc=1.0000 test_acc=0.9773 best=0.9850@r1 avg_loss=nan eval=264.4s
[FEDPROTO] round 50/200 start  selected=[0, 1, 2]
[FEDPROTO] round 50/200 local_train done in 175.1s
[FEDPROTO] round 50/200 done  train_acc=1.0000 test_acc=0.9773 best=0.9850@r1 avg_loss=nan eval=264.1s
[FEDPROTO] round 51/200 start  selected=[0, 1, 2]
[FEDPROTO] round 51/200 local_train done in 174.3s
[FEDPROTO] round 51/200 done  train_acc=1.0000 test_acc=0.9773 best=0.9850@r1 avg_loss=nan eval=265.7s
[FEDPROTO] round 52/200 start  selected=[0, 1, 2]
[FEDPROTO] round 52/200 local_train done in 157.8s
[FEDPROTO] round 52/200 done  train_acc=1.0000 test_acc=0.9773 best=0.9850@r1 avg_loss=nan eval=248.0s
[FEDPROTO] round 53/200 start  selected=[0, 1, 2]
[FEDPROTO] round 53/200 local_train done in 180.4s
[FEDPROTO] round 53/200 done  train_acc=1.0000 test_acc=0.9773 best=0.9850@r1 avg_loss=nan eval=263.4s
[FEDPROTO] round 54/200 start  selected=[0, 1, 2]
[FEDPROTO] round 54/200 local_train done in 170.1s
[FEDPROTO] round 54/200 done  train_acc=1.0000 test_acc=0.9773 best=0.9850@r1 avg_loss=nan eval=275.1s
[FEDPROTO] round 55/200 start  selected=[0, 1, 2]
[FEDPROTO] round 55/200 local_train done in 176.0s
[FEDPROTO] round 55/200 done  train_acc=1.0000 test_acc=0.9773 best=0.9850@r1 avg_loss=nan eval=273.3s
[FEDPROTO] round 56/200 start  selected=[0, 1, 2]
[FEDPROTO] round 56/200 local_train done in 177.7s
[FEDPROTO] round 56/200 done  train_acc=1.0000 test_acc=0.9768 best=0.9850@r1 avg_loss=nan eval=270.5s
[FEDPROTO] round 57/200 start  selected=[0, 1, 2]
[FEDPROTO] round 57/200 local_train done in 182.3s
[FEDPROTO] round 57/200 done  train_acc=1.0000 test_acc=0.9768 best=0.9850@r1 avg_loss=nan eval=274.6s
[FEDPROTO] round 58/200 start  selected=[0, 1, 2]
[FEDPROTO] round 58/200 local_train done in 173.7s
[FEDPROTO] round 58/200 done  train_acc=1.0000 test_acc=0.9773 best=0.9850@r1 avg_loss=nan eval=271.6s
[FEDPROTO] round 59/200 start  selected=[0, 1, 2]
[FEDPROTO] round 59/200 local_train done in 175.6s
[FEDPROTO] round 59/200 done  train_acc=1.0000 test_acc=0.9773 best=0.9850@r1 avg_loss=nan eval=275.9s
[FEDPROTO] round 60/200 start  selected=[0, 1, 2]
[FEDPROTO] round 60/200 local_train done in 172.6s
[FEDPROTO] round 60/200 done  train_acc=1.0000 test_acc=0.9773 best=0.9850@r1 avg_loss=nan eval=269.4s
[FEDPROTO] checkpoint saved → ./checkpoint/resume/baseline_fedproto_SpokenArabicDigits_2026-05-04-10har_fedproto_dir0.05.pt (round=60)
[FEDPROTO] round 61/200 start  selected=[0, 1, 2]
[FEDPROTO] round 61/200 local_train done in 173.1s
[FEDPROTO] round 61/200 done  train_acc=1.0000 test_acc=0.9773 best=0.9850@r1 avg_loss=nan eval=274.3s
[FEDPROTO] round 62/200 start  selected=[0, 1, 2]
[FEDPROTO] round 62/200 local_train done in 171.0s
[FEDPROTO] round 62/200 done  train_acc=1.0000 test_acc=0.9773 best=0.9850@r1 avg_loss=nan eval=271.5s
[FEDPROTO] round 63/200 start  selected=[0, 1, 2]
[FEDPROTO] round 63/200 local_train done in 174.1s
[FEDPROTO] round 63/200 done  train_acc=1.0000 test_acc=0.9773 best=0.9850@r1 avg_loss=nan eval=272.2s
[FEDPROTO] round 64/200 start  selected=[0, 1, 2]
[FEDPROTO] round 64/200 local_train done in 177.2s
[FEDPROTO] round 64/200 done  train_acc=1.0000 test_acc=0.9773 best=0.9850@r1 avg_loss=nan eval=259.2s
[FEDPROTO] round 65/200 start  selected=[0, 1, 2]
[FEDPROTO] round 65/200 local_train done in 172.2s
[FEDPROTO] round 65/200 done  train_acc=1.0000 test_acc=0.9773 best=0.9850@r1 avg_loss=nan eval=281.6s
[FEDPROTO] round 66/200 start  selected=[0, 1, 2]
[FEDPROTO] round 66/200 local_train done in 172.0s
[FEDPROTO] round 66/200 done  train_acc=1.0000 test_acc=0.9773 best=0.9850@r1 avg_loss=nan eval=270.6s
[FEDPROTO] round 67/200 start  selected=[0, 1, 2]
[FEDPROTO] round 67/200 local_train done in 175.4s
[FEDPROTO] round 67/200 done  train_acc=1.0000 test_acc=0.9777 best=0.9850@r1 avg_loss=nan eval=288.3s
[FEDPROTO] round 68/200 start  selected=[0, 1, 2]
[FEDPROTO] round 68/200 local_train done in 162.8s
[FEDPROTO] round 68/200 done  train_acc=1.0000 test_acc=0.9777 best=0.9850@r1 avg_loss=nan eval=257.6s
[FEDPROTO] round 69/200 start  selected=[0, 1, 2]
[FEDPROTO] round 69/200 local_train done in 172.1s
[FEDPROTO] round 69/200 done  train_acc=1.0000 test_acc=0.9782 best=0.9850@r1 avg_loss=nan eval=281.7s
[FEDPROTO] round 70/200 start  selected=[0, 1, 2]
[FEDPROTO] round 70/200 local_train done in 177.2s
[FEDPROTO] round 70/200 done  train_acc=1.0000 test_acc=0.9782 best=0.9850@r1 avg_loss=nan eval=268.0s
[FEDPROTO] round 71/200 start  selected=[0, 1, 2]
[FEDPROTO] round 71/200 local_train done in 173.5s
[FEDPROTO] round 71/200 done  train_acc=1.0000 test_acc=0.9782 best=0.9850@r1 avg_loss=nan eval=277.8s
[FEDPROTO] round 72/200 start  selected=[0, 1, 2]
[FEDPROTO] round 72/200 local_train done in 170.7s
[FEDPROTO] round 72/200 done  train_acc=1.0000 test_acc=0.9782 best=0.9850@r1 avg_loss=nan eval=260.8s
[FEDPROTO] round 73/200 start  selected=[0, 1, 2]
[FEDPROTO] round 73/200 local_train done in 174.2s
[FEDPROTO] round 73/200 done  train_acc=1.0000 test_acc=0.9782 best=0.9850@r1 avg_loss=nan eval=275.2s
[FEDPROTO] round 74/200 start  selected=[0, 1, 2]
[FEDPROTO] round 74/200 local_train done in 171.7s
[FEDPROTO] round 74/200 done  train_acc=1.0000 test_acc=0.9786 best=0.9850@r1 avg_loss=nan eval=272.4s
[FEDPROTO] round 75/200 start  selected=[0, 1, 2]
[FEDPROTO] round 75/200 local_train done in 174.7s
[FEDPROTO] round 75/200 done  train_acc=1.0000 test_acc=0.9786 best=0.9850@r1 avg_loss=nan eval=271.2s
[FEDPROTO] round 76/200 start  selected=[0, 1, 2]
[FEDPROTO] round 76/200 local_train done in 179.4s
[FEDPROTO] round 76/200 done  train_acc=1.0000 test_acc=0.9786 best=0.9850@r1 avg_loss=nan eval=298.2s
[FEDPROTO] round 77/200 start  selected=[0, 1, 2]
[FEDPROTO] round 77/200 local_train done in 168.5s
[FEDPROTO] round 77/200 done  train_acc=1.0000 test_acc=0.9786 best=0.9850@r1 avg_loss=nan eval=249.3s
[FEDPROTO] round 78/200 start  selected=[0, 1, 2]
[FEDPROTO] round 78/200 local_train done in 176.9s
[FEDPROTO] round 78/200 done  train_acc=1.0000 test_acc=0.9786 best=0.9850@r1 avg_loss=nan eval=278.8s
[FEDPROTO] round 79/200 start  selected=[0, 1, 2]
[FEDPROTO] round 79/200 local_train done in 172.5s
[FEDPROTO] round 79/200 done  train_acc=1.0000 test_acc=0.9795 best=0.9850@r1 avg_loss=nan eval=266.9s
[FEDPROTO] round 80/200 start  selected=[0, 1, 2]
[FEDPROTO] round 80/200 local_train done in 186.8s
[FEDPROTO] round 80/200 done  train_acc=1.0000 test_acc=0.9791 best=0.9850@r1 avg_loss=nan eval=288.7s
[FEDPROTO] round 81/200 start  selected=[0, 1, 2]
[FEDPROTO] round 81/200 local_train done in 182.2s
[FEDPROTO] round 81/200 done  train_acc=1.0000 test_acc=0.9800 best=0.9850@r1 avg_loss=nan eval=281.3s
[FEDPROTO] round 82/200 start  selected=[0, 1, 2]
[FEDPROTO] round 82/200 local_train done in 177.8s
[FEDPROTO] round 82/200 done  train_acc=1.0000 test_acc=0.9804 best=0.9850@r1 avg_loss=nan eval=276.2s
[FEDPROTO] round 83/200 start  selected=[0, 1, 2]
[FEDPROTO] round 83/200 local_train done in 183.3s
[FEDPROTO] round 83/200 done  train_acc=1.0000 test_acc=0.9804 best=0.9850@r1 avg_loss=nan eval=278.5s
[FEDPROTO] round 84/200 start  selected=[0, 1, 2]
[FEDPROTO] round 84/200 local_train done in 156.5s
[FEDPROTO] round 84/200 done  train_acc=1.0000 test_acc=0.9800 best=0.9850@r1 avg_loss=nan eval=274.5s
[FEDPROTO] round 85/200 start  selected=[0, 1, 2]
[FEDPROTO] round 85/200 local_train done in 198.9s
[FEDPROTO] round 85/200 done  train_acc=1.0000 test_acc=0.9800 best=0.9850@r1 avg_loss=nan eval=314.7s
[FEDPROTO] round 86/200 start  selected=[0, 1, 2]
[FEDPROTO] round 86/200 local_train done in 169.9s
[FEDPROTO] round 86/200 done  train_acc=1.0000 test_acc=0.9800 best=0.9850@r1 avg_loss=nan eval=253.8s
[FEDPROTO] round 87/200 start  selected=[0, 1, 2]
[FEDPROTO] round 87/200 local_train done in 168.2s
[FEDPROTO] round 87/200 done  train_acc=1.0000 test_acc=0.9809 best=0.9850@r1 avg_loss=nan eval=259.4s
[FEDPROTO] round 88/200 start  selected=[0, 1, 2]
[FEDPROTO] round 88/200 local_train done in 174.0s
[FEDPROTO] round 88/200 done  train_acc=1.0000 test_acc=0.9809 best=0.9850@r1 avg_loss=nan eval=264.8s
[FEDPROTO] round 89/200 start  selected=[0, 1, 2]
[FEDPROTO] round 89/200 local_train done in 167.4s
[FEDPROTO] round 89/200 done  train_acc=1.0000 test_acc=0.9804 best=0.9850@r1 avg_loss=nan eval=267.9s
[FEDPROTO] round 90/200 start  selected=[0, 1, 2]
[FEDPROTO] round 90/200 local_train done in 146.0s
[FEDPROTO] round 90/200 done  train_acc=1.0000 test_acc=0.9809 best=0.9850@r1 avg_loss=nan eval=252.7s
[FEDPROTO] checkpoint saved → ./checkpoint/resume/baseline_fedproto_SpokenArabicDigits_2026-05-04-10har_fedproto_dir0.05.pt (round=90)
[FEDPROTO] round 91/200 start  selected=[0, 1, 2]
[FEDPROTO] round 91/200 local_train done in 172.2s
[FEDPROTO] round 91/200 done  train_acc=1.0000 test_acc=0.9809 best=0.9850@r1 avg_loss=nan eval=268.3s
[FEDPROTO] round 92/200 start  selected=[0, 1, 2]
[FEDPROTO] round 92/200 local_train done in 173.1s
[FEDPROTO] round 92/200 done  train_acc=1.0000 test_acc=0.9809 best=0.9850@r1 avg_loss=nan eval=277.7s
[FEDPROTO] round 93/200 start  selected=[0, 1, 2]
[FEDPROTO] round 93/200 local_train done in 177.2s
[FEDPROTO] round 93/200 done  train_acc=1.0000 test_acc=0.9809 best=0.9850@r1 avg_loss=nan eval=256.2s
[FEDPROTO] round 94/200 start  selected=[0, 1, 2]
[FEDPROTO] round 94/200 local_train done in 161.7s
[FEDPROTO] round 94/200 done  train_acc=1.0000 test_acc=0.9809 best=0.9850@r1 avg_loss=nan eval=268.4s
[FEDPROTO] round 95/200 start  selected=[0, 1, 2]
[FEDPROTO] round 95/200 local_train done in 201.0s
[FEDPROTO] round 95/200 done  train_acc=1.0000 test_acc=0.9809 best=0.9850@r1 avg_loss=nan eval=277.1s
[FEDPROTO] round 96/200 start  selected=[0, 1, 2]
[FEDPROTO] round 96/200 local_train done in 165.5s
[FEDPROTO] round 96/200 done  train_acc=1.0000 test_acc=0.9809 best=0.9850@r1 avg_loss=nan eval=270.4s
[FEDPROTO] round 97/200 start  selected=[0, 1, 2]
[FEDPROTO] round 97/200 local_train done in 159.1s
[FEDPROTO] round 97/200 done  train_acc=1.0000 test_acc=0.9809 best=0.9850@r1 avg_loss=nan eval=258.2s
[FEDPROTO] round 98/200 start  selected=[0, 1, 2]
[FEDPROTO] round 98/200 local_train done in 176.9s
[FEDPROTO] round 98/200 done  train_acc=1.0000 test_acc=0.9809 best=0.9850@r1 avg_loss=nan eval=279.0s
[FEDPROTO] round 99/200 start  selected=[0, 1, 2]
[FEDPROTO] round 99/200 local_train done in 162.1s
[FEDPROTO] round 99/200 done  train_acc=1.0000 test_acc=0.9809 best=0.9850@r1 avg_loss=nan eval=301.5s
[FEDPROTO] round 100/200 start  selected=[0, 1, 2]
[FEDPROTO] round 100/200 local_train done in 166.8s
[FEDPROTO] round 100/200 done  train_acc=1.0000 test_acc=0.9809 best=0.9850@r1 avg_loss=nan eval=310.2s
[FEDPROTO] round 101/200 start  selected=[0, 1, 2]
[FEDPROTO] round 101/200 local_train done in 198.0s
[FEDPROTO] round 101/200 done  train_acc=1.0000 test_acc=0.9804 best=0.9850@r1 avg_loss=nan eval=285.5s
[FEDPROTO] round 102/200 start  selected=[0, 1, 2]
[FEDPROTO] round 102/200 local_train done in 160.3s
[FEDPROTO] round 102/200 done  train_acc=1.0000 test_acc=0.9814 best=0.9850@r1 avg_loss=nan eval=262.8s
[FEDPROTO] round 103/200 start  selected=[0, 1, 2]
[FEDPROTO] round 103/200 local_train done in 170.9s
[FEDPROTO] round 103/200 done  train_acc=1.0000 test_acc=0.9814 best=0.9850@r1 avg_loss=nan eval=254.8s
[FEDPROTO] round 104/200 start  selected=[0, 1, 2]
[FEDPROTO] round 104/200 local_train done in 165.9s
[FEDPROTO] round 104/200 done  train_acc=1.0000 test_acc=0.9814 best=0.9850@r1 avg_loss=nan eval=248.8s
[FEDPROTO] round 105/200 start  selected=[0, 1, 2]
[FEDPROTO] round 105/200 local_train done in 157.7s
[FEDPROTO] round 105/200 done  train_acc=1.0000 test_acc=0.9814 best=0.9850@r1 avg_loss=nan eval=265.0s
[FEDPROTO] round 106/200 start  selected=[0, 1, 2]
[FEDPROTO] round 106/200 local_train done in 179.8s
[FEDPROTO] round 106/200 done  train_acc=1.0000 test_acc=0.9814 best=0.9850@r1 avg_loss=nan eval=260.0s
[FEDPROTO] round 107/200 start  selected=[0, 1, 2]
[FEDPROTO] round 107/200 local_train done in 168.7s
[FEDPROTO] round 107/200 done  train_acc=1.0000 test_acc=0.9800 best=0.9850@r1 avg_loss=nan eval=252.5s
[FEDPROTO] round 108/200 start  selected=[0, 1, 2]
[FEDPROTO] round 108/200 local_train done in 147.6s
[FEDPROTO] round 108/200 done  train_acc=1.0000 test_acc=0.9814 best=0.9850@r1 avg_loss=nan eval=247.5s
[FEDPROTO] round 109/200 start  selected=[0, 1, 2]
[FEDPROTO] round 109/200 local_train done in 160.8s
[FEDPROTO] round 109/200 done  train_acc=1.0000 test_acc=0.9800 best=0.9850@r1 avg_loss=nan eval=264.9s
[FEDPROTO] round 110/200 start  selected=[0, 1, 2]
[FEDPROTO] round 110/200 local_train done in 163.0s
[FEDPROTO] round 110/200 done  train_acc=1.0000 test_acc=0.9800 best=0.9850@r1 avg_loss=nan eval=254.1s
[FEDPROTO] round 111/200 start  selected=[0, 1, 2]
[FEDPROTO] round 111/200 local_train done in 180.1s
[FEDPROTO] round 111/200 done  train_acc=1.0000 test_acc=0.9800 best=0.9850@r1 avg_loss=nan eval=266.4s
[FEDPROTO] round 112/200 start  selected=[0, 1, 2]
[FEDPROTO] round 112/200 local_train done in 181.0s
[FEDPROTO] round 112/200 done  train_acc=1.0000 test_acc=0.9800 best=0.9850@r1 avg_loss=nan eval=284.2s
[FEDPROTO] round 113/200 start  selected=[0, 1, 2]
[FEDPROTO] round 113/200 local_train done in 216.4s
[FEDPROTO] round 113/200 done  train_acc=1.0000 test_acc=0.9800 best=0.9850@r1 avg_loss=nan eval=267.0s
[FEDPROTO] round 114/200 start  selected=[0, 1, 2]
[FEDPROTO] round 114/200 local_train done in 175.2s
[FEDPROTO] round 114/200 done  train_acc=1.0000 test_acc=0.9804 best=0.9850@r1 avg_loss=nan eval=285.7s
[FEDPROTO] round 115/200 start  selected=[0, 1, 2]
[FEDPROTO] round 115/200 local_train done in 202.4s
[FEDPROTO] round 115/200 done  train_acc=1.0000 test_acc=0.9809 best=0.9850@r1 avg_loss=nan eval=264.6s
[FEDPROTO] round 116/200 start  selected=[0, 1, 2]
[FEDPROTO] round 116/200 local_train done in 181.6s
[FEDPROTO] round 116/200 done  train_acc=1.0000 test_acc=0.9809 best=0.9850@r1 avg_loss=nan eval=253.9s
[FEDPROTO] round 117/200 start  selected=[0, 1, 2]
[FEDPROTO] round 117/200 local_train done in 177.2s
[FEDPROTO] round 117/200 done  train_acc=1.0000 test_acc=0.9814 best=0.9850@r1 avg_loss=nan eval=277.2s
[FEDPROTO] round 118/200 start  selected=[0, 1, 2]
[FEDPROTO] round 118/200 local_train done in 162.6s
[FEDPROTO] round 118/200 done  train_acc=1.0000 test_acc=0.9814 best=0.9850@r1 avg_loss=nan eval=273.3s
[FEDPROTO] round 119/200 start  selected=[0, 1, 2]
[FEDPROTO] round 119/200 local_train done in 178.5s
[FEDPROTO] round 119/200 done  train_acc=1.0000 test_acc=0.9814 best=0.9850@r1 avg_loss=nan eval=265.8s
[FEDPROTO] round 120/200 start  selected=[0, 1, 2]
[FEDPROTO] round 120/200 local_train done in 173.5s
[FEDPROTO] round 120/200 done  train_acc=1.0000 test_acc=0.9823 best=0.9850@r1 avg_loss=nan eval=259.1s
[FEDPROTO] checkpoint saved → ./checkpoint/resume/baseline_fedproto_SpokenArabicDigits_2026-05-04-10har_fedproto_dir0.05.pt (round=120)
[FEDPROTO] round 121/200 start  selected=[0, 1, 2]
[FEDPROTO] round 121/200 local_train done in 150.4s
[FEDPROTO] round 121/200 done  train_acc=1.0000 test_acc=0.9823 best=0.9850@r1 avg_loss=nan eval=245.5s
[FEDPROTO] round 122/200 start  selected=[0, 1, 2]
[FEDPROTO] round 122/200 local_train done in 170.1s
[FEDPROTO] round 122/200 done  train_acc=1.0000 test_acc=0.9818 best=0.9850@r1 avg_loss=nan eval=267.9s
[FEDPROTO] round 123/200 start  selected=[0, 1, 2]
[FEDPROTO] round 123/200 local_train done in 187.5s
[FEDPROTO] round 123/200 done  train_acc=1.0000 test_acc=0.9818 best=0.9850@r1 avg_loss=nan eval=278.5s
[FEDPROTO] round 124/200 start  selected=[0, 1, 2]
[FEDPROTO] round 124/200 local_train done in 202.6s
[FEDPROTO] round 124/200 done  train_acc=1.0000 test_acc=0.9823 best=0.9850@r1 avg_loss=nan eval=302.0s
[FEDPROTO] round 125/200 start  selected=[0, 1, 2]
[FEDPROTO] round 125/200 local_train done in 195.6s
[FEDPROTO] round 125/200 done  train_acc=1.0000 test_acc=0.9814 best=0.9850@r1 avg_loss=nan eval=296.8s
[FEDPROTO] round 126/200 start  selected=[0, 1, 2]
[FEDPROTO] round 126/200 local_train done in 208.1s
[FEDPROTO] round 126/200 done  train_acc=1.0000 test_acc=0.9818 best=0.9850@r1 avg_loss=nan eval=289.8s
[FEDPROTO] round 127/200 start  selected=[0, 1, 2]
[FEDPROTO] round 127/200 local_train done in 172.9s
[FEDPROTO] round 127/200 done  train_acc=1.0000 test_acc=0.9823 best=0.9850@r1 avg_loss=nan eval=264.7s
[FEDPROTO] round 128/200 start  selected=[0, 1, 2]
[FEDPROTO] round 128/200 local_train done in 152.0s
[FEDPROTO] round 128/200 done  train_acc=1.0000 test_acc=0.9818 best=0.9850@r1 avg_loss=nan eval=267.0s
[FEDPROTO] round 129/200 start  selected=[0, 1, 2]
[FEDPROTO] round 129/200 local_train done in 166.8s
[FEDPROTO] round 129/200 done  train_acc=1.0000 test_acc=0.9818 best=0.9850@r1 avg_loss=nan eval=247.9s
[FEDPROTO] round 130/200 start  selected=[0, 1, 2]
[FEDPROTO] round 130/200 local_train done in 157.8s
[FEDPROTO] round 130/200 done  train_acc=1.0000 test_acc=0.9818 best=0.9850@r1 avg_loss=nan eval=241.5s
[FEDPROTO] round 131/200 start  selected=[0, 1, 2]
[FEDPROTO] round 131/200 local_train done in 159.9s
[FEDPROTO] round 131/200 done  train_acc=1.0000 test_acc=0.9814 best=0.9850@r1 avg_loss=nan eval=259.7s
[FEDPROTO] round 132/200 start  selected=[0, 1, 2]
[FEDPROTO] round 132/200 local_train done in 161.2s
[FEDPROTO] round 132/200 done  train_acc=1.0000 test_acc=0.9814 best=0.9850@r1 avg_loss=nan eval=235.7s
[FEDPROTO] round 133/200 start  selected=[0, 1, 2]
[FEDPROTO] round 133/200 local_train done in 190.9s
[FEDPROTO] round 133/200 done  train_acc=1.0000 test_acc=0.9818 best=0.9850@r1 avg_loss=nan eval=275.5s
[FEDPROTO] round 134/200 start  selected=[0, 1, 2]
[FEDPROTO] round 134/200 local_train done in 158.3s
[FEDPROTO] round 134/200 done  train_acc=1.0000 test_acc=0.9818 best=0.9850@r1 avg_loss=nan eval=240.4s
[FEDPROTO] round 135/200 start  selected=[0, 1, 2]
[FEDPROTO] round 135/200 local_train done in 179.5s
[FEDPROTO] round 135/200 done  train_acc=1.0000 test_acc=0.9809 best=0.9850@r1 avg_loss=nan eval=263.6s
[FEDPROTO] round 136/200 start  selected=[0, 1, 2]
[FEDPROTO] round 136/200 local_train done in 175.1s
[FEDPROTO] round 136/200 done  train_acc=1.0000 test_acc=0.9818 best=0.9850@r1 avg_loss=nan eval=280.6s
[FEDPROTO] round 137/200 start  selected=[0, 1, 2]
[FEDPROTO] round 137/200 local_train done in 178.9s
[FEDPROTO] round 137/200 done  train_acc=1.0000 test_acc=0.9823 best=0.9850@r1 avg_loss=nan eval=280.6s
[FEDPROTO] round 138/200 start  selected=[0, 1, 2]
[FEDPROTO] round 138/200 local_train done in 173.7s
[FEDPROTO] round 138/200 done  train_acc=1.0000 test_acc=0.9823 best=0.9850@r1 avg_loss=nan eval=289.3s
[FEDPROTO] round 139/200 start  selected=[0, 1, 2]
[FEDPROTO] round 139/200 local_train done in 171.1s
[FEDPROTO] round 139/200 done  train_acc=1.0000 test_acc=0.9823 best=0.9850@r1 avg_loss=nan eval=269.8s
[FEDPROTO] round 140/200 start  selected=[0, 1, 2]
[FEDPROTO] round 140/200 local_train done in 196.2s
[FEDPROTO] round 140/200 done  train_acc=1.0000 test_acc=0.9814 best=0.9850@r1 avg_loss=nan eval=277.4s
[FEDPROTO] round 141/200 start  selected=[0, 1, 2]
[FEDPROTO] round 141/200 local_train done in 178.3s
[FEDPROTO] round 141/200 done  train_acc=1.0000 test_acc=0.9809 best=0.9850@r1 avg_loss=nan eval=291.7s
[FEDPROTO] round 142/200 start  selected=[0, 1, 2]
[FEDPROTO] round 142/200 local_train done in 198.4s
[FEDPROTO] round 142/200 done  train_acc=1.0000 test_acc=0.9809 best=0.9850@r1 avg_loss=nan eval=242.4s
[FEDPROTO] round 143/200 start  selected=[0, 1, 2]
[FEDPROTO] round 143/200 local_train done in 168.0s
[FEDPROTO] round 143/200 done  train_acc=1.0000 test_acc=0.9809 best=0.9850@r1 avg_loss=nan eval=268.6s
[FEDPROTO] round 144/200 start  selected=[0, 1, 2]
[FEDPROTO] round 144/200 local_train done in 186.7s
[FEDPROTO] round 144/200 done  train_acc=1.0000 test_acc=0.9804 best=0.9850@r1 avg_loss=nan eval=281.3s
[FEDPROTO] round 145/200 start  selected=[0, 1, 2]
[FEDPROTO] round 145/200 local_train done in 176.8s
[FEDPROTO] round 145/200 done  train_acc=1.0000 test_acc=0.9804 best=0.9850@r1 avg_loss=nan eval=288.6s
[FEDPROTO] round 146/200 start  selected=[0, 1, 2]
[FEDPROTO] round 146/200 local_train done in 191.3s
[FEDPROTO] round 146/200 done  train_acc=1.0000 test_acc=0.9809 best=0.9850@r1 avg_loss=nan eval=277.9s
[FEDPROTO] round 147/200 start  selected=[0, 1, 2]
[FEDPROTO] round 147/200 local_train done in 173.7s
[FEDPROTO] round 147/200 done  train_acc=1.0000 test_acc=0.9800 best=0.9850@r1 avg_loss=nan eval=278.7s
[FEDPROTO] round 148/200 start  selected=[0, 1, 2]
[FEDPROTO] round 148/200 local_train done in 178.9s
[FEDPROTO] round 148/200 done  train_acc=1.0000 test_acc=0.9800 best=0.9850@r1 avg_loss=nan eval=261.5s
[FEDPROTO] round 149/200 start  selected=[0, 1, 2]
[FEDPROTO] round 149/200 local_train done in 149.1s
[FEDPROTO] round 149/200 done  train_acc=1.0000 test_acc=0.9809 best=0.9850@r1 avg_loss=nan eval=233.7s
[FEDPROTO] round 150/200 start  selected=[0, 1, 2]
[FEDPROTO] round 150/200 local_train done in 146.5s
[FEDPROTO] round 150/200 done  train_acc=1.0000 test_acc=0.9809 best=0.9850@r1 avg_loss=nan eval=243.6s
[FEDPROTO] checkpoint saved → ./checkpoint/resume/baseline_fedproto_SpokenArabicDigits_2026-05-04-10har_fedproto_dir0.05.pt (round=150)
[FEDPROTO] round 151/200 start  selected=[0, 1, 2]
[FEDPROTO] round 151/200 local_train done in 135.8s
[FEDPROTO] round 151/200 done  train_acc=1.0000 test_acc=0.9814 best=0.9850@r1 avg_loss=nan eval=249.5s
[FEDPROTO] round 152/200 start  selected=[0, 1, 2]
[FEDPROTO] round 152/200 local_train done in 151.8s
[FEDPROTO] round 152/200 done  train_acc=1.0000 test_acc=0.9814 best=0.9850@r1 avg_loss=nan eval=250.0s
[FEDPROTO] round 153/200 start  selected=[0, 1, 2]
[FEDPROTO] round 153/200 local_train done in 152.4s
[FEDPROTO] round 153/200 done  train_acc=1.0000 test_acc=0.9814 best=0.9850@r1 avg_loss=nan eval=257.6s
[FEDPROTO] round 154/200 start  selected=[0, 1, 2]
[FEDPROTO] round 154/200 local_train done in 177.5s
[FEDPROTO] round 154/200 done  train_acc=1.0000 test_acc=0.9814 best=0.9850@r1 avg_loss=nan eval=262.5s
[FEDPROTO] round 155/200 start  selected=[0, 1, 2]
[FEDPROTO] round 155/200 local_train done in 179.8s
[FEDPROTO] round 155/200 done  train_acc=1.0000 test_acc=0.9818 best=0.9850@r1 avg_loss=nan eval=273.1s
[FEDPROTO] round 156/200 start  selected=[0, 1, 2]
[FEDPROTO] round 156/200 local_train done in 173.6s
[FEDPROTO] round 156/200 done  train_acc=1.0000 test_acc=0.9818 best=0.9850@r1 avg_loss=nan eval=238.5s
[FEDPROTO] round 157/200 start  selected=[0, 1, 2]
[FEDPROTO] round 157/200 local_train done in 183.0s
[FEDPROTO] round 157/200 done  train_acc=1.0000 test_acc=0.9818 best=0.9850@r1 avg_loss=nan eval=263.3s
[FEDPROTO] round 158/200 start  selected=[0, 1, 2]
[FEDPROTO] round 158/200 local_train done in 171.0s
[FEDPROTO] round 158/200 done  train_acc=1.0000 test_acc=0.9818 best=0.9850@r1 avg_loss=nan eval=269.5s
[FEDPROTO] round 159/200 start  selected=[0, 1, 2]
[FEDPROTO] round 159/200 local_train done in 176.0s
[FEDPROTO] round 159/200 done  train_acc=1.0000 test_acc=0.9818 best=0.9850@r1 avg_loss=nan eval=273.2s
[FEDPROTO] round 160/200 start  selected=[0, 1, 2]
[FEDPROTO] round 160/200 local_train done in 172.8s
[FEDPROTO] round 160/200 done  train_acc=1.0000 test_acc=0.9814 best=0.9850@r1 avg_loss=nan eval=269.8s
[FEDPROTO] round 161/200 start  selected=[0, 1, 2]
[FEDPROTO] round 161/200 local_train done in 175.7s
[FEDPROTO] round 161/200 done  train_acc=1.0000 test_acc=0.9814 best=0.9850@r1 avg_loss=nan eval=274.0s
[FEDPROTO] round 162/200 start  selected=[0, 1, 2]
[FEDPROTO] round 162/200 local_train done in 179.4s
[FEDPROTO] round 162/200 done  train_acc=1.0000 test_acc=0.9814 best=0.9850@r1 avg_loss=nan eval=278.2s
[FEDPROTO] round 163/200 start  selected=[0, 1, 2]
[FEDPROTO] round 163/200 local_train done in 176.2s
[FEDPROTO] round 163/200 done  train_acc=1.0000 test_acc=0.9818 best=0.9850@r1 avg_loss=nan eval=274.6s
[FEDPROTO] round 164/200 start  selected=[0, 1, 2]
[FEDPROTO] round 164/200 local_train done in 166.7s
[FEDPROTO] round 164/200 done  train_acc=1.0000 test_acc=0.9832 best=0.9850@r1 avg_loss=nan eval=242.0s
[FEDPROTO] round 165/200 start  selected=[0, 1, 2]
[FEDPROTO] round 165/200 local_train done in 176.2s
[FEDPROTO] round 165/200 done  train_acc=1.0000 test_acc=0.9827 best=0.9850@r1 avg_loss=nan eval=279.9s
[FEDPROTO] round 166/200 start  selected=[0, 1, 2]
[FEDPROTO] round 166/200 local_train done in 145.4s
[FEDPROTO] round 166/200 done  train_acc=1.0000 test_acc=0.9818 best=0.9850@r1 avg_loss=nan eval=257.0s
[FEDPROTO] round 167/200 start  selected=[0, 1, 2]
[FEDPROTO] round 167/200 local_train done in 168.6s
[FEDPROTO] round 167/200 done  train_acc=1.0000 test_acc=0.9818 best=0.9850@r1 avg_loss=nan eval=275.9s
[FEDPROTO] round 168/200 start  selected=[0, 1, 2]
[FEDPROTO] round 168/200 local_train done in 155.2s
[FEDPROTO] round 168/200 done  train_acc=1.0000 test_acc=0.9823 best=0.9850@r1 avg_loss=nan eval=259.7s
[FEDPROTO] round 169/200 start  selected=[0, 1, 2]
[FEDPROTO] round 169/200 local_train done in 169.0s
[FEDPROTO] round 169/200 done  train_acc=1.0000 test_acc=0.9818 best=0.9850@r1 avg_loss=nan eval=274.6s
[FEDPROTO] round 170/200 start  selected=[0, 1, 2]
[FEDPROTO] round 170/200 local_train done in 157.9s
[FEDPROTO] round 170/200 done  train_acc=1.0000 test_acc=0.9814 best=0.9850@r1 avg_loss=nan eval=251.0s
[FEDPROTO] round 171/200 start  selected=[0, 1, 2]
[FEDPROTO] round 171/200 local_train done in 167.6s
[FEDPROTO] round 171/200 done  train_acc=1.0000 test_acc=0.9818 best=0.9850@r1 avg_loss=nan eval=276.3s
[FEDPROTO] round 172/200 start  selected=[0, 1, 2]
[FEDPROTO] round 172/200 local_train done in 174.4s
[FEDPROTO] round 172/200 done  train_acc=1.0000 test_acc=0.9814 best=0.9850@r1 avg_loss=nan eval=263.4s
[FEDPROTO] round 173/200 start  selected=[0, 1, 2]
[FEDPROTO] round 173/200 local_train done in 169.9s
[FEDPROTO] round 173/200 done  train_acc=1.0000 test_acc=0.9818 best=0.9850@r1 avg_loss=nan eval=287.0s
[FEDPROTO] round 174/200 start  selected=[0, 1, 2]
[FEDPROTO] round 174/200 local_train done in 179.4s
[FEDPROTO] round 174/200 done  train_acc=1.0000 test_acc=0.9818 best=0.9850@r1 avg_loss=nan eval=269.7s
[FEDPROTO] round 175/200 start  selected=[0, 1, 2]
[FEDPROTO] round 175/200 local_train done in 175.7s
[FEDPROTO] round 175/200 done  train_acc=1.0000 test_acc=0.9814 best=0.9850@r1 avg_loss=nan eval=278.0s
[FEDPROTO] round 176/200 start  selected=[0, 1, 2]
[FEDPROTO] round 176/200 local_train done in 175.3s
[FEDPROTO] round 176/200 done  train_acc=1.0000 test_acc=0.9818 best=0.9850@r1 avg_loss=nan eval=273.3s
[FEDPROTO] round 177/200 start  selected=[0, 1, 2]
[FEDPROTO] round 177/200 local_train done in 175.3s
[FEDPROTO] round 177/200 done  train_acc=1.0000 test_acc=0.9818 best=0.9850@r1 avg_loss=nan eval=286.4s
[FEDPROTO] round 178/200 start  selected=[0, 1, 2]
[FEDPROTO] round 178/200 local_train done in 169.1s
[FEDPROTO] round 178/200 done  train_acc=1.0000 test_acc=0.9818 best=0.9850@r1 avg_loss=nan eval=251.0s
[FEDPROTO] round 179/200 start  selected=[0, 1, 2]
[FEDPROTO] round 179/200 local_train done in 157.3s
[FEDPROTO] round 179/200 done  train_acc=1.0000 test_acc=0.9818 best=0.9850@r1 avg_loss=nan eval=242.3s
[FEDPROTO] round 180/200 start  selected=[0, 1, 2]
[FEDPROTO] round 180/200 local_train done in 170.0s
[FEDPROTO] round 180/200 done  train_acc=1.0000 test_acc=0.9814 best=0.9850@r1 avg_loss=nan eval=249.4s
[FEDPROTO] checkpoint saved → ./checkpoint/resume/baseline_fedproto_SpokenArabicDigits_2026-05-04-10har_fedproto_dir0.05.pt (round=180)
[FEDPROTO] round 181/200 start  selected=[0, 1, 2]
[FEDPROTO] round 181/200 local_train done in 168.2s
[FEDPROTO] round 181/200 done  train_acc=1.0000 test_acc=0.9818 best=0.9850@r1 avg_loss=nan eval=269.0s
[FEDPROTO] round 182/200 start  selected=[0, 1, 2]
[FEDPROTO] round 182/200 local_train done in 172.9s
[FEDPROTO] round 182/200 done  train_acc=1.0000 test_acc=0.9818 best=0.9850@r1 avg_loss=nan eval=263.6s
[FEDPROTO] round 183/200 start  selected=[0, 1, 2]
[FEDPROTO] round 183/200 local_train done in 175.7s
[FEDPROTO] round 183/200 done  train_acc=1.0000 test_acc=0.9814 best=0.9850@r1 avg_loss=nan eval=258.2s
[FEDPROTO] round 184/200 start  selected=[0, 1, 2]
[FEDPROTO] round 184/200 local_train done in 146.7s
[FEDPROTO] round 184/200 done  train_acc=1.0000 test_acc=0.9814 best=0.9850@r1 avg_loss=nan eval=262.3s
[FEDPROTO] round 185/200 start  selected=[0, 1, 2]
[FEDPROTO] round 185/200 local_train done in 159.9s
[FEDPROTO] round 185/200 done  train_acc=1.0000 test_acc=0.9814 best=0.9850@r1 avg_loss=nan eval=265.7s
[FEDPROTO] round 186/200 start  selected=[0, 1, 2]
[FEDPROTO] round 186/200 local_train done in 184.9s
[FEDPROTO] round 186/200 done  train_acc=1.0000 test_acc=0.9814 best=0.9850@r1 avg_loss=nan eval=262.2s
[FEDPROTO] round 187/200 start  selected=[0, 1, 2]
[FEDPROTO] round 187/200 local_train done in 173.4s
[FEDPROTO] round 187/200 done  train_acc=1.0000 test_acc=0.9814 best=0.9850@r1 avg_loss=nan eval=263.2s
[FEDPROTO] round 188/200 start  selected=[0, 1, 2]
[FEDPROTO] round 188/200 local_train done in 176.0s
[FEDPROTO] round 188/200 done  train_acc=1.0000 test_acc=0.9814 best=0.9850@r1 avg_loss=nan eval=266.6s
[FEDPROTO] round 189/200 start  selected=[0, 1, 2]
[FEDPROTO] round 189/200 local_train done in 159.8s
[FEDPROTO] round 189/200 done  train_acc=1.0000 test_acc=0.9809 best=0.9850@r1 avg_loss=nan eval=253.2s
[FEDPROTO] round 190/200 start  selected=[0, 1, 2]
[FEDPROTO] round 190/200 local_train done in 174.1s
[FEDPROTO] round 190/200 done  train_acc=1.0000 test_acc=0.9814 best=0.9850@r1 avg_loss=nan eval=265.1s
[FEDPROTO] round 191/200 start  selected=[0, 1, 2]
[FEDPROTO] round 191/200 local_train done in 169.3s
[FEDPROTO] round 191/200 done  train_acc=1.0000 test_acc=0.9809 best=0.9850@r1 avg_loss=nan eval=263.2s
[FEDPROTO] round 192/200 start  selected=[0, 1, 2]
[FEDPROTO] round 192/200 local_train done in 178.6s
[FEDPROTO] round 192/200 done  train_acc=1.0000 test_acc=0.9809 best=0.9850@r1 avg_loss=nan eval=261.8s
[FEDPROTO] round 193/200 start  selected=[0, 1, 2]
[FEDPROTO] round 193/200 local_train done in 163.5s
[FEDPROTO] round 193/200 done  train_acc=1.0000 test_acc=0.9814 best=0.9850@r1 avg_loss=nan eval=256.6s
[FEDPROTO] round 194/200 start  selected=[0, 1, 2]
[FEDPROTO] round 194/200 local_train done in 166.5s
[FEDPROTO] round 194/200 done  train_acc=1.0000 test_acc=0.9804 best=0.9850@r1 avg_loss=nan eval=239.7s
[FEDPROTO] round 195/200 start  selected=[0, 1, 2]
[FEDPROTO] round 195/200 local_train done in 158.2s
[FEDPROTO] round 195/200 done  train_acc=1.0000 test_acc=0.9809 best=0.9850@r1 avg_loss=nan eval=255.9s
[FEDPROTO] round 196/200 start  selected=[0, 1, 2]
[FEDPROTO] round 196/200 local_train done in 165.2s
[FEDPROTO] round 196/200 done  train_acc=1.0000 test_acc=0.9809 best=0.9850@r1 avg_loss=nan eval=263.5s
[FEDPROTO] round 197/200 start  selected=[0, 1, 2]
[FEDPROTO] round 197/200 local_train done in 145.5s
[FEDPROTO] round 197/200 done  train_acc=1.0000 test_acc=0.9809 best=0.9850@r1 avg_loss=nan eval=271.2s
[FEDPROTO] round 198/200 start  selected=[0, 1, 2]
[FEDPROTO] round 198/200 local_train done in 168.5s
[FEDPROTO] round 198/200 done  train_acc=1.0000 test_acc=0.9809 best=0.9850@r1 avg_loss=nan eval=281.8s
[FEDPROTO] round 199/200 start  selected=[0, 1, 2]
[FEDPROTO] round 199/200 local_train done in 164.2s
[FEDPROTO] round 199/200 done  train_acc=1.0000 test_acc=0.9814 best=0.9850@r1 avg_loss=nan eval=271.4s
[FEDPROTO] round 200/200 start  selected=[0, 1, 2]
[FEDPROTO] round 200/200 local_train done in 158.4s
[FEDPROTO] round 200/200 done  train_acc=1.0000 test_acc=0.9814 best=0.9850@r1 avg_loss=nan eval=285.5s
[FEDPROTO] training done in 87497.4s, best round=0 best_acc=0.9850
Model saved to ./checkpoint/SpokenArabicDigits/2026-05-04-10har_fedproto_dir0.05_SpokenArabicDigits_model.pt
