# 2026-05-04 10:37:12  har_scaffold_dir0.05  GPU=4  cwd=/data/user_lixiongfei/CSL-main
# CMD: python3 -u FedCSL_All.py -dataset HAR --config configSCAFFOLD.yml --dirichlet-alpha 0.05 --seed 42 --description har_scaffold_dir0.05 -dataset SpokenArabicDigits

/mnt/data/user_liangzhiyu/envs/fedcsl/lib/python3.8/site-packages/scipy/__init__.py:146: UserWarning: A NumPy version >=1.16.5 and <1.23.0 is required for this version of SciPy (detected version 1.23.5
  warnings.warn(f"A NumPy version >={np_minversion} and <{np_maxversion}"
[config] 'configSCAFFOLD.yml' 未找到，重定向到 'config/configSCAFFOLD.yml'
6599
<class 'pandas.core.frame.DataFrame'>
RangeIndex: 6599 entries, 0 to 6598
Data columns (total 14 columns):
 #   Column      Non-Null Count  Dtype 
---  ------      --------------  ----- 
 0   dim_0       6599 non-null   object
 1   dim_1       6599 non-null   object
 2   dim_2       6599 non-null   object
 3   dim_3       6599 non-null   object
 4   dim_4       6599 non-null   object
 5   dim_5       6599 non-null   object
 6   dim_6       6599 non-null   object
 7   dim_7       6599 non-null   object
 8   dim_8       6599 non-null   object
 9   dim_9       6599 non-null   object
 10  dim_10      6599 non-null   object
 11  dim_11      6599 non-null   object
 12  dim_12      6599 non-null   object
 13  class_vals  6599 non-null   object
dtypes: object(14)
memory usage: 721.9+ KB
None
{7, 9, 13, 15, 16, 17, 18, 20, 21, 22, 23, 24, 25, 26, 27, 28, 29, 30, 31, 32, 33, 34, 35, 36, 37, 38, 39, 40, 41, 42, 43, 44, 45, 46, 47, 48, 49, 50, 51, 52, 53, 54, 55, 56, 57, 58, 59, 60, 61, 62, 63, 64, 74, 76, 77, 79, 83}
<class 'pandas.core.frame.DataFrame'>
RangeIndex: 6599 entries, 0 to 6598
Data columns (total 14 columns):
 #   Column      Non-Null Count  Dtype 
---  ------      --------------  ----- 
 0   dim_0       6599 non-null   object
 1   dim_1       6599 non-null   object
 2   dim_2       6599 non-null   object
 3   dim_3       6599 non-null   object
 4   dim_4       6599 non-null   object
 5   dim_5       6599 non-null   object
 6   dim_6       6599 non-null   object
 7   dim_7       6599 non-null   object
 8   dim_8       6599 non-null   object
 9   dim_9       6599 non-null   object
 10  dim_10      6599 non-null   object
 11  dim_11      6599 non-null   object
 12  dim_12      6599 non-null   object
 13  class_vals  6599 non-null   object
dtypes: object(14)
memory usage: 721.9+ KB
None
[0 0 0 ... 9 9 9]
[ 660  661  662 ... 6474 6475 6476]
[1, 1, 1, 1, 1, 1, 1, 1, 1, 1, 1, 1, 1, 1, 1, 1, 1, 1, 1, 1, 1, 1, 1, 1, 1, 1, 1, 1, 1, 1, 1, 1, 1, 1, 1, 1, 1, 1, 1, 1, 1, 1, 1, 1, 1, 1, 1, 1, 1, 1, 1, 1, 1, 1, 1, 1, 1, 1, 1, 1, 1, 1, 1, 1, 1, 1, 1, 1, 1, 1, 1, 1, 1, 1, 1, 1, 1, 1, 1, 1, 1, 1, 1, 1, 1, 1, 1, 1, 1, 1, 1, 1, 1, 1, 1, 1, 1, 1, 1, 1, 1, 1, 1, 1, 1, 1, 1, 1, 1, 1, 1, 1, 1, 1, 1, 1, 1, 1, 1, 1, 1, 1, 1, 1, 1, 1, 1, 1, 1, 1, 1, 1, 1, 1, 1, 1, 1, 1, 1, 1, 1, 1, 1, 1, 1, 1, 1, 1, 1, 1, 1, 1, 1, 1, 1, 1, 1, 1, 1, 1, 1, 1, 1, 1, 1, 1, 1, 1, 1, 1, 1, 1, 1, 1, 1, 1, 1, 1, 1, 1, 1, 1, 1, 1, 1, 1, 1, 1, 1, 1, 1, 1, 1, 1, 1, 1, 1, 1, 1, 1, 1, 1, 1, 1, 1, 1, 1, 1, 1, 1, 1, 1, 1, 1, 1, 1, 1, 1, 1, 1, 1, 1, 1, 1, 1, 1, 1, 1, 1, 1, 1, 1, 1, 1, 1, 1, 1, 1, 1, 1, 1, 1, 1, 1, 1, 1, 1, 1, 1, 1, 1, 1, 1, 1, 1, 1, 1, 1, 1, 1, 1, 1, 1, 1, 1, 1, 1, 1, 1, 1, 1, 1, 1, 1, 1, 1, 1, 1, 1, 1, 1, 1, 1, 1, 1, 1, 1, 1, 1, 1, 1, 1, 1, 1, 1, 1, 1, 1, 1, 1, 1, 1, 1, 1, 1, 1, 1, 1, 1, 1, 1, 1, 1, 1, 1, 1, 1, 1, 1, 1, 1, 1, 1, 1, 1, 1, 1, 1, 1, 1, 1, 1, 1, 1, 1, 1, 1, 1, 1, 1, 1, 1, 1, 1, 1, 1, 1, 1, 1, 1, 1, 1, 1, 1, 1, 1, 1, 1, 1, 1, 1, 1, 1, 1, 1, 1, 1, 1, 1, 1, 1, 1, 1, 1, 1, 1, 1, 1, 1, 1, 1, 1, 1, 1, 1, 1, 1, 1, 1, 1, 1, 1, 1, 1, 1, 1, 1, 1, 1, 1, 1, 1, 1, 1, 1, 1, 1, 1, 1, 1, 1, 1, 1, 1, 1, 1, 1, 1, 1, 1, 1, 1, 1, 1, 1, 1, 1, 1, 1, 1, 1, 1, 1, 1, 1, 1, 1, 1, 1, 1, 1, 1, 1, 1, 1, 1, 1, 1, 1, 1, 1, 1, 1, 1, 1, 1, 1, 1, 1, 1, 1, 1, 1, 1, 1, 1, 1, 1, 1, 1, 1, 1, 1, 1, 1, 1, 1, 1, 1, 1, 1, 1, 1, 1, 1, 1, 1, 1, 1, 1, 1, 1, 1, 1, 1, 1, 1, 1, 1, 1, 1, 1, 1, 1, 1, 1, 1, 1, 1, 1, 1, 1, 1, 1, 1, 1, 1, 1, 1, 1, 1, 1, 1, 1, 1, 1, 1, 1, 1, 1, 1, 1, 1, 1, 1, 1, 1, 1, 1, 1, 1, 1, 1, 1, 1, 1, 1, 1, 1, 1, 1, 1, 1, 1, 1, 1, 1, 1, 1, 1, 1, 1, 1, 1, 1, 1, 1, 1, 1, 1, 1, 1, 1, 1, 1, 1, 1, 1, 1, 1, 1, 1, 1, 1, 1, 1, 1, 1, 1, 1, 1, 1, 1, 1, 1, 1, 1, 1, 1, 1, 1, 1, 1, 1, 1, 1, 1, 1, 1, 1, 1, 1, 1, 1, 1, 1, 1, 1, 1, 1, 1, 1, 1, 1, 1, 1, 1, 1, 1, 1, 1, 1, 1, 1, 1, 1, 1, 1, 1, 1, 1, 1, 1, 1, 1, 1, 1, 1, 1, 1, 1, 1, 1, 1, 1, 1, 1, 1, 1, 4, 4, 4, 4, 4, 4, 4, 4, 4, 4, 4, 4, 4, 4, 4, 4, 4, 4, 4, 4, 4, 4, 4, 4, 4, 4, 4, 4, 4, 4, 4, 4, 4, 4, 4, 4, 4, 4, 4, 4, 4, 4, 4, 4, 4, 4, 4, 4, 4, 4, 4, 4, 4, 4, 4, 4, 4, 4, 4, 4, 4, 4, 4, 4, 4, 4, 4, 4, 4, 4, 4, 4, 4, 4, 4, 4, 4, 4, 4, 4, 4, 4, 4, 4, 4, 4, 4, 4, 4, 4, 4, 4, 4, 4, 4, 4, 4, 4, 4, 4, 4, 4, 4, 4, 4, 4, 4, 4, 4, 4, 4, 4, 4, 4, 4, 4, 4, 4, 4, 4, 4, 4, 4, 4, 4, 4, 4, 4, 4, 4, 4, 4, 4, 4, 4, 4, 4, 4, 4, 4, 4, 4, 4, 4, 4, 4, 4, 4, 4, 4, 4, 4, 4, 4, 4, 4, 4, 4, 4, 4, 4, 4, 4, 4, 4, 4, 4, 4, 4, 4, 4, 4, 4, 4, 4, 4, 4, 4, 4, 4, 4, 4, 4, 4, 4, 4, 4, 4, 4, 4, 4, 4, 4, 4, 4, 4, 4, 4, 4, 4, 4, 4, 4, 4, 4, 4, 4, 4, 4, 4, 4, 4, 4, 4, 4, 4, 4, 4, 4, 4, 4, 4, 4, 4, 4, 4, 4, 4, 4, 4, 4, 4, 4, 4, 4, 4, 4, 4, 4, 4, 4, 4, 4, 4, 4, 4, 4, 4, 4, 4, 4, 4, 4, 4, 4, 4, 4, 4, 4, 4, 4, 4, 4, 4, 4, 4, 4, 4, 4, 4, 4, 4, 4, 4, 4, 4, 4, 4, 4, 4, 4, 4, 4, 4, 4, 4, 4, 4, 4, 4, 4, 4, 4, 4, 4, 4, 4, 4, 4, 4, 4, 4, 4, 4, 4, 4, 4, 4, 4, 4, 4, 4, 4, 4, 4, 4, 4, 4, 4, 4, 4, 4, 4, 4, 4, 4, 4, 4, 4, 4, 4, 4, 4, 4, 4, 4, 4, 4, 4, 4, 4, 4, 4, 4, 4, 4, 4, 4, 4, 4, 4, 4, 4, 4, 4, 4, 4, 4, 4, 4, 4, 4, 4, 4, 4, 4, 4, 4, 4, 4, 4, 4, 4, 4, 4, 4, 4, 4, 4, 4, 4, 4, 4, 4, 4, 4, 4, 4, 4, 4, 4, 4, 4, 4, 4, 4, 4, 4, 4, 4, 4, 4, 4, 4, 4, 4, 4, 4, 4, 4, 4, 4, 4, 4, 4, 4, 4, 4, 4, 4, 4, 4, 4, 4, 4, 4, 4, 4, 4, 4, 4, 4, 4, 4, 4, 4, 4, 4, 4, 4, 4, 4, 4, 4, 4, 4, 4, 4, 4, 4, 4, 4, 4, 4, 4, 4, 4, 4, 4, 4, 4, 4, 4, 4, 4, 4, 4, 4, 4, 4, 4, 4, 4, 4, 4, 4, 4, 4, 4, 4, 4, 4, 4, 4, 4, 4, 4, 4, 4, 4, 4, 4, 4, 4, 4, 4, 4, 4, 4, 4, 4, 4, 4, 4, 4, 4, 4, 4, 4, 4, 4, 4, 4, 4, 4, 4, 4, 4, 4, 4, 4, 4, 4, 4, 4, 4, 4, 4, 4, 4, 4, 4, 4, 4, 4, 4, 4, 4, 4, 4, 4, 4, 4, 4, 4, 4, 4, 4, 4, 4, 4, 4, 4, 4, 4, 4, 4, 4, 4, 4, 4, 4, 4, 4, 4, 4, 4, 4, 4, 4, 4, 4, 4, 4, 4, 4, 4, 4, 4, 4, 4, 4, 4, 4, 4, 4, 4, 4, 4, 4, 4, 4, 4, 4, 4, 4, 4, 4, 4, 4, 4, 4, 4, 4, 4, 4, 4, 4, 4, 4, 4, 4, 4, 4, 4, 4, 4, 4, 4, 4, 4, 4, 4, 4, 4, 4, 4, 4, 4, 4, 4, 4, 4, 4, 4, 4, 4, 4, 4, 4, 4, 4, 4, 4, 4, 4, 4, 4, 4, 4, 4, 4, 4, 4, 4, 4, 4, 4, 4, 6, 6, 6, 6, 6, 6, 6, 6, 6, 6, 6, 6, 6, 6, 6, 6, 6, 6, 6, 6, 6, 6, 6, 6, 6, 6, 6, 6, 6, 6, 6, 6, 6, 6, 6, 6, 6, 6, 6, 6, 6, 6, 6, 6, 6, 6, 6, 6, 6, 6, 6, 6, 6, 6, 6, 6, 6, 6, 6, 6, 6, 6, 6, 6, 6, 6, 6, 6, 6, 6, 6, 6, 6, 6, 6, 6, 6, 6, 6, 6, 6, 6, 6, 6, 6, 6, 6, 6, 6, 6, 6, 6, 6, 6, 6, 6, 6, 6, 6, 6, 6, 6, 6, 6, 6, 6, 6, 6, 6, 6, 6, 6, 6, 6, 6, 6, 6, 6, 6, 6, 6, 6, 6, 6, 6, 6, 6, 6, 6, 6, 6, 6, 6, 6, 6, 6, 6, 6, 6, 6, 6, 6, 6, 6, 6, 6, 6, 6, 6, 6, 6, 6, 6, 6, 6, 6, 6, 6, 6, 6, 6, 6, 6, 6, 6, 6, 6, 6, 6, 6, 6, 6, 6, 6, 6, 6, 6, 6, 6, 6, 6, 6, 6, 6, 6, 6, 6, 7, 7, 7, 7, 7, 7, 7, 7, 7, 7, 7, 7, 7, 7, 7, 7, 7, 7, 7, 7, 7, 7, 7, 7, 7, 7, 7, 7, 7, 7, 7, 7, 7, 7, 7, 7, 7, 7, 7, 7, 7, 7, 7, 7, 7, 7, 7, 7, 7, 7, 7, 7, 7, 7, 7, 7, 7, 7, 7, 7, 7, 7, 7, 7, 7, 7, 7, 7, 7, 7, 7, 7, 7, 7, 7, 7, 7, 7, 7, 7, 7, 7, 7, 7, 7, 7, 7, 7, 7, 7, 7, 7, 7, 7, 7, 7, 7, 7, 7, 7, 7, 7, 7, 7, 7, 7, 7, 7, 7, 7, 7, 7, 7, 7, 7, 7, 7, 7, 7, 7, 7, 7, 7, 7, 7, 7, 7, 7, 7, 7, 7, 7, 7, 7, 7, 7, 7, 7, 7, 7, 7, 7, 7, 7, 7, 7, 7, 7, 7, 7, 7, 7, 7, 7, 7, 7, 7, 7, 7, 7, 7, 7, 7, 7, 7, 7, 7, 7, 7, 7, 7, 7, 7, 7, 7, 7, 7, 7, 7, 7, 7, 7, 7, 7, 7, 7, 7, 7, 7, 7, 7, 7, 7, 7, 7, 7, 7, 7, 7, 7, 7, 7, 7, 7, 7, 7, 7, 7, 7, 7, 7, 7, 7, 7, 7, 9, 9, 9, 9, 9, 9, 9, 9, 9, 9, 9, 9, 9, 9, 9, 9, 9, 9, 9, 9, 9, 9, 9, 9, 9, 9, 9, 9, 9, 9, 9, 9, 9, 9, 9, 9, 9, 9, 9, 9, 9, 9, 9, 9, 9, 9, 9, 9, 9, 9, 9, 9, 9, 9, 9, 9, 9, 9, 9, 9, 9, 9, 9, 9, 9, 9, 9, 9, 9, 9, 9, 9, 9, 9, 9, 9, 9, 9, 9, 9, 9, 9, 9, 9, 9, 9, 9, 9, 9, 9, 9, 9, 9, 9, 9, 9, 9, 9, 9, 9, 9, 9, 9, 9, 9, 9, 9, 9, 9, 9, 9, 9, 9, 9, 9, 9, 9, 9, 9, 9, 9, 9, 9, 9, 9, 9, 9, 9, 9, 9, 9, 9, 9, 9, 9, 9, 9, 9, 9, 9, 9, 9, 9, 9, 9, 9, 9, 9, 9, 9, 9, 9, 9, 9, 9, 9, 9, 9, 9, 9, 9, 9, 9, 9, 9, 9, 9, 9, 9, 9, 9, 9, 9, 9, 9, 9, 9, 9, 9, 9, 9, 9, 9, 9, 9, 9, 9, 9, 9, 9, 9, 9, 9, 9, 9, 9, 9, 9, 9, 9, 9, 9, 9, 9, 9, 9, 9, 9, 9, 9, 9, 9, 9, 9, 9, 9, 9, 9, 9, 9, 9, 9, 9, 9, 9, 9, 9, 9, 9, 9, 9, 9, 9, 9, 9, 9, 9, 9, 9, 9, 9, 9, 9, 9, 9, 9, 9, 9, 9, 9, 9, 9, 9, 9, 9, 9, 9, 9, 9, 9, 9, 9, 9, 9, 9, 9, 9, 9, 9, 9, 9, 9, 9, 9, 9, 9, 9, 9, 9, 9, 9, 9, 9, 9, 9, 9, 9, 9, 9, 9, 9, 9, 9, 9, 9, 9, 9, 9, 9, 9, 9, 9, 9, 9, 9, 9, 9, 9, 9, 9, 9, 9, 9, 9, 9, 9, 9, 9, 9, 9, 9, 9, 9, 9, 9, 9, 9, 9, 9, 9, 9, 9, 9, 9, 9, 9, 9, 9, 9, 9, 9, 9, 9, 9, 9, 9, 9, 9, 9, 9, 9, 9, 9, 9, 9, 9, 9, 9, 9, 9, 9, 9, 9, 9, 9, 9, 9, 9, 9, 9, 9, 9, 9, 9, 9, 9, 9, 9, 9, 9, 9, 9, 9, 9, 9, 9, 9, 9, 9, 9, 9, 9, 9, 9, 9, 9, 9, 9, 9, 9, 9, 9, 9, 9, 9, 9, 9, 9, 9, 9, 9, 9, 9, 9, 9, 9, 9, 9, 9, 9, 9, 9, 9, 9, 9, 9, 9, 9, 9, 9, 9, 9, 9, 9, 9, 9, 9, 9, 9, 9, 9, 9, 9, 9, 9, 9, 9, 9, 9, 9, 9, 9, 9, 9, 9, 9, 9, 9, 9, 9, 9, 9, 9, 9, 9, 9, 9, 9, 9, 9, 9, 9, 9, 9, 9, 9, 9, 9, 9, 9, 9, 9, 9, 9, 9, 9, 9, 9, 9, 9, 9, 9, 9, 9, 9, 9, 9, 9, 9, 9, 9, 9, 9, 9, 9, 9, 9, 9, 9, 9, 9, 9, 9, 9, 9, 9, 9, 9, 9, 9, 9, 9, 9, 9, 9, 9, 9, 9, 9, 9, 9, 9, 9, 9, 9, 9, 9]
[2, 2, 2, 2, 2, 2, 2, 2, 2, 2, 2, 2, 2, 2, 2, 2, 2, 2, 2, 2, 2, 2, 2, 2, 2, 2, 2, 2, 2, 2, 2, 2, 2, 2, 2, 2, 2, 2, 2, 2, 2, 2, 2, 2, 2, 2, 2, 2, 2, 2, 2, 2, 2, 2, 2, 2, 2, 2, 2, 2, 2, 2, 2, 2, 2, 2, 2, 2, 2, 2, 2, 2, 2, 2, 2, 2, 2, 2, 2, 2, 2, 2, 2, 2, 2, 2, 2, 2, 2, 2, 2, 2, 2, 2, 2, 2, 2, 2, 2, 2, 2, 2, 2, 2, 2, 2, 2, 2, 2, 2, 2, 2, 2, 2, 2, 2, 2, 2, 2, 2, 2, 2, 2, 2, 2, 2, 2, 2, 2, 2, 2, 2, 2, 2, 2, 2, 2, 2, 2, 2, 2, 2, 2, 2, 2, 2, 2, 2, 2, 2, 2, 2, 2, 2, 2, 2, 2, 2, 2, 2, 2, 2, 2, 2, 2, 2, 2, 2, 2, 2, 2, 2, 2, 2, 2, 2, 2, 2, 2, 2, 2, 2, 2, 2, 2, 2, 2, 2, 2, 2, 2, 2, 2, 2, 2, 2, 2, 2, 2, 2, 2, 2, 2, 2, 2, 2, 2, 2, 2, 2, 2, 2, 2, 2, 2, 2, 2, 2, 2, 2, 2, 2, 2, 2, 2, 2, 2, 2, 2, 2, 2, 2, 2, 2, 2, 2, 2, 2, 2, 2, 2, 2, 2, 2, 2, 2, 2, 2, 2, 2, 2, 2, 2, 2, 2, 2, 2, 2, 2, 2, 2, 2, 2, 2, 2, 2, 2, 2, 2, 2, 2, 2, 2, 2, 2, 2, 2, 2, 2, 2, 2, 2, 2, 2, 2, 2, 2, 2, 2, 2, 2, 2, 2, 2, 2, 2, 2, 2, 2, 2, 2, 2, 2, 2, 2, 2, 2, 2, 2, 2, 2, 2, 2, 2, 2, 2, 2, 2, 2, 2, 2, 2, 2, 2, 2, 2, 2, 2, 2, 2, 2, 2, 2, 2, 2, 2, 2, 2, 2, 2, 2, 2, 2, 2, 2, 2, 2, 2, 2, 2, 2, 2, 2, 2, 2, 2, 2, 2, 2, 2, 2, 2, 2, 2, 2, 2, 2, 2, 2, 2, 2, 2, 2, 2, 2, 2, 2, 2, 2, 2, 2, 2, 2, 2, 2, 2, 2, 2, 2, 2, 2, 2, 2, 2, 2, 2, 2, 2, 2, 2, 2, 2, 2, 2, 2, 2, 2, 2, 2, 2, 2, 2, 2, 2, 2, 2, 2, 2, 2, 2, 2, 2, 2, 2, 2, 2, 2, 2, 2, 2, 2, 2, 2, 2, 2, 2, 2, 2, 2, 2, 2, 2, 2, 2, 2, 2, 2, 2, 2, 2, 2, 2, 2, 2, 2, 2, 2, 2, 2, 2, 2, 2, 2, 2, 2, 2, 2, 2, 2, 2, 2, 2, 2, 2, 2, 2, 2, 2, 2, 2, 2, 2, 2, 2, 2, 2, 2, 2, 2, 2, 2, 2, 2, 2, 2, 2, 2, 2, 2, 2, 2, 2, 2, 2, 2, 2, 2, 2, 2, 2, 2, 2, 2, 2, 2, 2, 2, 2, 2, 2, 2, 2, 2, 2, 2, 2, 2, 2, 2, 2, 2, 2, 2, 2, 2, 2, 2, 2, 2, 2, 2, 2, 2, 2, 2, 2, 2, 2, 2, 2, 2, 2, 2, 2, 2, 2, 2, 2, 2, 2, 2, 2, 2, 2, 2, 2, 2, 2, 2, 2, 2, 2, 2, 2, 2, 2, 2, 2, 2, 2, 2, 2, 2, 2, 2, 2, 2, 2, 2, 2, 2, 2, 2, 2, 2, 2, 2, 2, 2, 2, 2, 2, 2, 2, 2, 2, 2, 2, 2, 2, 2, 2, 2, 2, 2, 2, 2, 2, 2, 2, 2, 2, 2, 2, 2, 2, 2, 2, 2, 2, 2, 2, 2, 2, 2, 2, 2, 2, 2, 2, 2, 2, 2, 2, 2, 2, 2, 2, 2, 2, 2, 2, 2, 2, 2, 2, 2, 2, 2, 3, 3, 3, 3, 3, 3, 3, 3, 3, 3, 3, 3, 3, 3, 3, 3, 3, 3, 3, 3, 3, 3, 3, 3, 3, 3, 3, 3, 3, 3, 3, 3, 3, 3, 3, 3, 3, 3, 3, 3, 3, 3, 3, 3, 3, 3, 3, 3, 3, 3, 3, 3, 3, 3, 3, 3, 3, 3, 3, 3, 3, 3, 3, 3, 3, 3, 3, 3, 3, 3, 3, 3, 3, 3, 3, 3, 3, 3, 3, 3, 3, 3, 3, 3, 3, 3, 3, 3, 3, 3, 3, 3, 3, 3, 3, 3, 3, 3, 3, 3, 3, 3, 3, 3, 3, 3, 3, 3, 3, 3, 3, 3, 3, 3, 3, 3, 3, 3, 3, 3, 3, 3, 3, 3, 3, 3, 3, 3, 3, 3, 3, 3, 3, 3, 3, 3, 3, 3, 3, 3, 3, 3, 3, 3, 3, 3, 3, 3, 3, 3, 3, 3, 3, 3, 3, 3, 3, 3, 3, 3, 3, 3, 3, 3, 3, 3, 3, 3, 3, 3, 3, 3, 3, 3, 3, 3, 3, 3, 3, 3, 3, 3, 3, 3, 3, 3, 3, 3, 3, 3, 3, 3, 3, 3, 3, 3, 3, 3, 3, 3, 3, 3, 3, 3, 3, 3, 3, 3, 3, 3, 3, 3, 3, 3, 3, 3, 3, 3, 3, 3, 3, 3, 3, 3, 3, 3, 3, 3, 3, 3, 3, 3, 3, 3, 3, 3, 3, 3, 3, 3, 3, 3, 3, 3, 3, 3, 3, 3, 3, 3, 3, 3, 3, 3, 3, 3, 3, 3, 3, 3, 3, 3, 3, 3, 3, 3, 3, 3, 3, 3, 3, 3, 3, 3, 3, 3, 3, 3, 3, 3, 3, 3, 3, 3, 3, 3, 3, 3, 3, 3, 3, 3, 3, 3, 3, 3, 3, 3, 3, 3, 3, 3, 3, 3, 3, 3, 3, 3, 3, 3, 3, 3, 3, 3, 3, 3, 3, 3, 3, 3, 3, 3, 3, 3, 3, 3, 3, 3, 3, 3, 3, 3, 3, 3, 3, 3, 3, 3, 3, 3, 3, 3, 3, 3, 3, 3, 3, 3, 3, 3, 3, 3, 3, 3, 3, 3, 3, 3, 3, 3, 3, 3, 3, 3, 3, 3, 3, 3, 3, 3, 3, 3, 3, 3, 3, 3, 3, 3, 3, 3, 3, 3, 3, 3, 3, 3, 3, 3, 3, 3, 3, 3, 3, 3, 3, 3, 3, 3, 3, 3, 3, 3, 3, 3, 3, 3, 3, 3, 3, 3, 3, 3, 3, 3, 3, 3, 3, 3, 3, 3, 3, 3, 3, 3, 3, 3, 3, 3, 3, 3, 3, 3, 3, 3, 3, 3, 3, 3, 3, 3, 3, 3, 3, 3, 3, 3, 3, 3, 3, 3, 3, 3, 3, 3, 3, 3, 3, 3, 3, 3, 3, 3, 3, 3, 3, 3, 3, 3, 3, 3, 3, 3, 3, 3, 3, 3, 3, 3, 3, 3, 3, 3, 3, 3, 3, 3, 3, 3, 3, 3, 3, 3, 3, 3, 3, 3, 3, 3, 3, 3, 3, 3, 3, 3, 3, 3, 3, 3, 3, 3, 3, 3, 3, 3, 3, 3, 3, 3, 3, 3, 3, 3, 3, 3, 3, 3, 3, 3, 3, 3, 3, 3, 3, 3, 3, 3, 3, 3, 3, 3, 3, 3, 3, 3, 3, 3, 3, 3, 3, 3, 3, 3, 3, 3, 3, 3, 3, 3, 3, 3, 3, 3, 3, 3, 3, 3, 3, 3, 3, 3, 3, 3, 3, 3, 3, 3, 3, 3, 3, 3, 3, 3, 3, 3, 3, 3, 3, 3, 3, 3, 3, 3, 3, 3, 3, 3, 3, 3, 3, 3, 3, 3, 3, 3, 3, 3, 3, 3, 3, 3, 3, 3, 3, 3, 3, 3, 3, 3, 3, 3, 3, 3, 3, 3, 3, 3, 3, 3, 3, 3, 3, 3, 3, 3, 3, 3, 3, 3, 3, 3, 3, 3, 3, 3, 3, 3, 3, 3, 3, 3, 3, 3, 3, 3, 3, 3, 3, 3, 3, 7, 8, 8, 8, 8, 8, 8, 8, 8, 8, 8, 8, 8, 8, 8, 8, 8, 8, 8, 8, 8, 8, 8, 8, 8, 8, 8, 8, 8, 8, 8, 8, 8, 8, 8, 8, 8, 8, 8, 8, 8, 8, 8, 8, 8, 8, 8, 8, 8, 8, 8, 8, 8, 8, 8, 8, 8, 8, 8, 8, 8, 8, 8, 8, 8, 8, 8, 8, 8, 8, 8, 8, 8, 8, 8, 8, 8, 8, 8, 8, 8, 8, 8, 8, 8, 8, 8, 8, 8, 8, 8, 8, 8, 8, 8, 8, 8, 8, 8, 8, 8, 8, 8, 8, 8, 8, 8, 8, 8, 8, 8, 8, 8, 8, 8, 8, 8, 8, 8, 8, 8, 8, 8, 8, 8, 8, 8, 8, 8, 8, 8, 8, 8, 8, 8, 8, 8, 8, 8, 8, 8, 8, 8, 8, 8, 8, 8, 8, 8, 8, 8, 8, 8, 8, 8, 8, 8, 8, 8, 8, 8, 8, 8, 8, 8, 8, 8, 8, 8, 8, 8, 8, 8, 8, 8, 8, 8, 8, 8, 8, 8, 8, 8, 8, 8, 8, 8, 8, 8, 8, 8, 8, 8, 8, 8, 8, 8, 8, 8, 8, 8, 8, 8, 8, 8, 8, 8, 8, 8, 8, 8, 8, 8, 8, 8, 8, 8, 8, 8, 8, 8, 8, 8, 8, 8, 8, 8, 8, 8, 8, 8, 8, 8, 8, 8, 8, 8, 8, 8, 8, 8, 8, 8, 8, 8, 8, 8, 8, 8, 8, 8, 8, 8, 8, 8, 8, 8, 8, 8, 8, 8, 8, 8, 8, 8, 8, 8, 8, 8, 8, 8, 8, 8, 8, 8, 8, 8, 8, 8, 8, 8, 8, 8, 8, 8, 8, 8, 8, 8, 8, 8, 8, 8, 8, 8, 8, 8, 8, 8, 8, 8, 8, 8, 8, 8, 8, 8, 8, 8, 8, 8, 8, 8, 8, 8, 8, 8, 8, 8, 8, 8, 8, 8, 8, 8, 8, 8, 8, 8, 8, 8, 8, 8, 8, 8, 8, 8, 8, 8, 8, 8, 8, 8, 8, 8, 8, 8, 8, 8, 8, 8, 8, 8, 8, 8, 8, 8, 8, 8, 8, 8, 8, 8, 8, 8, 8, 8, 8, 8, 8, 8, 8, 8, 8, 8, 8, 8, 8, 8, 8, 8, 8, 8, 8, 8, 8, 8, 8, 8, 8, 8, 8, 8, 8, 8, 8, 8, 8, 8, 8, 8, 8, 8, 8, 8, 8, 8, 8, 8, 8, 8, 8, 8, 8, 8, 8, 8, 8, 8, 8, 8, 8, 8, 8, 8, 8, 8, 8, 8, 8, 8, 8, 8, 8, 8, 8, 8, 8, 8, 8, 8, 8, 8, 8, 8, 8, 8, 8, 8, 8, 8, 8, 8, 8, 8, 8, 8, 8, 8, 8, 8, 8, 8, 8, 8, 8, 8, 8, 8, 8, 8, 8, 8, 8, 8, 8, 8, 8, 8, 8, 8, 8, 8, 8, 8, 8, 8, 8, 8, 8, 8, 8, 8, 8, 8, 8, 8, 8, 8, 8, 8, 8, 8, 8, 8, 8, 8, 8, 8, 8, 8, 8, 8, 8, 8, 8, 8, 8, 8, 8, 8, 8, 8, 8, 8, 8, 8, 8, 8, 8, 8, 8, 8, 8, 8, 8, 8, 8, 8, 8, 8, 8, 8, 8, 8, 8, 8, 8, 8, 8, 8, 8, 8, 8, 8, 8, 8, 8, 8, 8, 8, 8, 8, 8, 8, 8, 8, 8, 8, 8, 8, 8, 8, 8, 8, 8, 8, 8, 8, 8, 8, 8, 8, 8, 8, 8, 8, 8, 8, 8, 8, 8, 8, 8, 8, 8, 8, 8, 8, 8, 8, 8, 8, 8, 8, 8, 8, 8, 8, 8, 8, 8, 8, 8, 8, 8, 8, 8, 8, 8, 8, 8, 8, 8, 8, 8, 8, 8, 8, 8, 8, 8, 8, 8, 8, 8, 8, 8, 8, 8, 8, 8, 8, 8, 8, 8, 8, 8, 8, 8, 8, 8, 8, 8, 8, 8, 8, 8, 9, 9, 9, 9, 9, 9, 9, 9, 9, 9, 9, 9, 9, 9, 9, 9, 9, 9, 9, 9, 9, 9, 9, 9, 9, 9, 9, 9, 9, 9, 9, 9, 9, 9, 9, 9, 9, 9, 9, 9, 9, 9, 9, 9, 9, 9, 9, 9, 9, 9, 9, 9, 9, 9, 9, 9, 9, 9, 9, 9, 9, 9, 9, 9, 9, 9, 9, 9, 9, 9, 9, 9, 9, 9, 9, 9, 9, 9, 9, 9, 9, 9, 9, 9, 9, 9, 9, 9, 9, 9, 9, 9, 9, 9, 9, 9, 9, 9, 9, 9, 9, 9, 9, 9, 9, 9]
[0, 0, 0, 0, 0, 0, 0, 0, 0, 0, 0, 0, 0, 0, 0, 0, 0, 0, 0, 0, 0, 0, 0, 0, 0, 0, 0, 0, 0, 0, 0, 0, 0, 0, 0, 0, 0, 0, 0, 0, 0, 0, 0, 0, 0, 0, 0, 0, 0, 0, 0, 0, 0, 0, 0, 0, 0, 0, 0, 0, 0, 0, 0, 0, 0, 0, 0, 0, 0, 0, 0, 0, 0, 0, 0, 0, 0, 0, 0, 0, 0, 0, 0, 0, 0, 0, 0, 0, 0, 0, 0, 0, 0, 0, 0, 0, 0, 0, 0, 0, 0, 0, 0, 0, 0, 0, 0, 0, 0, 0, 0, 0, 0, 0, 0, 0, 0, 0, 0, 0, 0, 0, 0, 0, 0, 0, 0, 0, 0, 0, 0, 0, 0, 0, 0, 0, 0, 0, 0, 0, 0, 0, 0, 0, 0, 0, 0, 0, 0, 0, 0, 0, 0, 0, 0, 0, 0, 0, 0, 0, 0, 0, 0, 0, 0, 0, 0, 0, 0, 0, 0, 0, 0, 0, 0, 0, 0, 0, 0, 0, 0, 0, 0, 0, 0, 0, 0, 0, 0, 0, 0, 0, 0, 0, 0, 0, 0, 0, 0, 0, 0, 0, 0, 0, 0, 0, 0, 0, 0, 0, 0, 0, 0, 0, 0, 0, 0, 0, 0, 0, 0, 0, 0, 0, 0, 0, 0, 0, 0, 0, 0, 0, 0, 0, 0, 0, 0, 0, 0, 0, 0, 0, 0, 0, 0, 0, 0, 0, 0, 0, 0, 0, 0, 0, 0, 0, 0, 0, 0, 0, 0, 0, 0, 0, 0, 0, 0, 0, 0, 0, 0, 0, 0, 0, 0, 0, 0, 0, 0, 0, 0, 0, 0, 0, 0, 0, 0, 0, 0, 0, 0, 0, 0, 0, 0, 0, 0, 0, 0, 0, 0, 0, 0, 0, 0, 0, 0, 0, 0, 0, 0, 0, 0, 0, 0, 0, 0, 0, 0, 0, 0, 0, 0, 0, 0, 0, 0, 0, 0, 0, 0, 0, 0, 0, 0, 0, 0, 0, 0, 0, 0, 0, 0, 0, 0, 0, 0, 0, 0, 0, 0, 0, 0, 0, 0, 0, 0, 0, 0, 0, 0, 0, 0, 0, 0, 0, 0, 0, 0, 0, 0, 0, 0, 0, 0, 0, 0, 0, 0, 0, 0, 0, 0, 0, 0, 0, 0, 0, 0, 0, 0, 0, 0, 0, 0, 0, 0, 0, 0, 0, 0, 0, 0, 0, 0, 0, 0, 0, 0, 0, 0, 0, 0, 0, 0, 0, 0, 0, 0, 0, 0, 0, 0, 0, 0, 0, 0, 0, 0, 0, 0, 0, 0, 0, 0, 0, 0, 0, 0, 0, 0, 0, 0, 0, 0, 0, 0, 0, 0, 0, 0, 0, 0, 0, 0, 0, 0, 0, 0, 0, 0, 0, 0, 0, 0, 0, 0, 0, 0, 0, 0, 0, 0, 0, 0, 0, 0, 0, 0, 0, 0, 0, 0, 0, 0, 0, 0, 0, 0, 0, 0, 0, 0, 0, 0, 0, 0, 0, 0, 0, 0, 0, 0, 0, 0, 0, 0, 0, 0, 0, 0, 0, 0, 0, 0, 0, 0, 0, 0, 0, 0, 0, 0, 0, 0, 0, 0, 0, 0, 0, 0, 0, 0, 0, 0, 0, 0, 0, 0, 0, 0, 0, 0, 0, 0, 0, 0, 0, 0, 0, 0, 0, 0, 0, 0, 0, 0, 0, 0, 0, 0, 0, 0, 0, 0, 0, 0, 0, 0, 0, 0, 0, 0, 0, 0, 0, 0, 0, 0, 0, 0, 0, 0, 0, 0, 0, 0, 0, 0, 0, 0, 0, 0, 0, 0, 0, 0, 0, 0, 0, 0, 0, 0, 0, 0, 0, 0, 0, 0, 0, 0, 0, 0, 0, 0, 0, 0, 0, 0, 0, 0, 0, 0, 0, 0, 0, 0, 0, 0, 0, 0, 0, 0, 0, 0, 0, 0, 0, 0, 0, 0, 0, 0, 0, 0, 0, 0, 0, 0, 0, 0, 0, 0, 0, 0, 0, 0, 0, 0, 0, 1, 2, 3, 4, 5, 5, 5, 5, 5, 5, 5, 5, 5, 5, 5, 5, 5, 5, 5, 5, 5, 5, 5, 5, 5, 5, 5, 5, 5, 5, 5, 5, 5, 5, 5, 5, 5, 5, 5, 5, 5, 5, 5, 5, 5, 5, 5, 5, 5, 5, 5, 5, 5, 5, 5, 5, 5, 5, 5, 5, 5, 5, 5, 5, 5, 5, 5, 5, 5, 5, 5, 5, 5, 5, 5, 5, 5, 5, 5, 5, 5, 5, 5, 5, 5, 5, 5, 5, 5, 5, 5, 5, 5, 5, 5, 5, 5, 5, 5, 5, 5, 5, 5, 5, 5, 5, 5, 5, 5, 5, 5, 5, 5, 5, 5, 5, 5, 5, 5, 5, 5, 5, 5, 5, 5, 5, 5, 5, 5, 5, 5, 5, 5, 5, 5, 5, 5, 5, 5, 5, 5, 5, 5, 5, 5, 5, 5, 5, 5, 5, 5, 5, 5, 5, 5, 5, 5, 5, 5, 5, 5, 5, 5, 5, 5, 5, 5, 5, 5, 5, 5, 5, 5, 5, 5, 5, 5, 5, 5, 5, 5, 5, 5, 5, 5, 5, 5, 5, 5, 5, 5, 5, 5, 5, 5, 5, 5, 5, 5, 5, 5, 5, 5, 5, 5, 5, 5, 5, 5, 5, 5, 5, 5, 5, 5, 5, 5, 5, 5, 5, 5, 5, 5, 5, 5, 5, 5, 5, 5, 5, 5, 5, 5, 5, 5, 5, 5, 5, 5, 5, 5, 5, 5, 5, 5, 5, 5, 5, 5, 5, 5, 5, 5, 5, 5, 5, 5, 5, 5, 5, 5, 5, 5, 5, 5, 5, 5, 5, 5, 5, 5, 5, 5, 5, 5, 5, 5, 5, 5, 5, 5, 5, 5, 5, 5, 5, 5, 5, 5, 5, 5, 5, 5, 5, 5, 5, 5, 5, 5, 5, 5, 5, 5, 5, 5, 5, 5, 5, 5, 5, 5, 5, 5, 5, 5, 5, 5, 5, 5, 5, 5, 5, 5, 5, 5, 5, 5, 5, 5, 5, 5, 5, 5, 5, 5, 5, 5, 5, 5, 5, 5, 5, 5, 5, 5, 5, 5, 5, 5, 5, 5, 5, 5, 5, 5, 5, 5, 5, 5, 5, 5, 5, 5, 5, 5, 5, 5, 5, 5, 5, 5, 5, 5, 5, 5, 5, 5, 5, 5, 5, 5, 5, 5, 5, 5, 5, 5, 5, 5, 5, 5, 5, 5, 5, 5, 5, 5, 5, 5, 5, 5, 5, 5, 5, 5, 5, 5, 5, 5, 5, 5, 5, 5, 5, 5, 5, 5, 5, 5, 5, 5, 5, 5, 5, 5, 5, 5, 5, 5, 5, 5, 5, 5, 5, 5, 5, 5, 5, 5, 5, 5, 5, 5, 5, 5, 5, 5, 5, 5, 5, 5, 5, 5, 5, 5, 5, 5, 5, 5, 5, 5, 5, 5, 5, 5, 5, 5, 5, 5, 5, 5, 5, 5, 5, 5, 5, 5, 5, 5, 5, 5, 5, 5, 5, 5, 5, 5, 5, 5, 5, 5, 5, 5, 5, 5, 5, 5, 5, 5, 5, 5, 5, 5, 5, 5, 5, 5, 5, 5, 5, 5, 5, 5, 5, 5, 5, 5, 5, 5, 5, 5, 5, 5, 5, 5, 5, 5, 5, 5, 5, 5, 5, 5, 5, 5, 5, 5, 5, 5, 5, 5, 5, 5, 5, 5, 5, 5, 5, 5, 5, 5, 5, 5, 5, 5, 5, 5, 5, 5, 5, 5, 5, 5, 5, 5, 5, 5, 5, 5, 5, 5, 5, 5, 5, 5, 5, 5, 5, 5, 5, 5, 5, 5, 5, 5, 5, 5, 5, 5, 5, 5, 5, 5, 5, 5, 5, 5, 5, 5, 5, 5, 5, 5, 5, 5, 5, 5, 5, 5, 5, 5, 5, 5, 5, 5, 5, 5, 5, 5, 5, 5, 5, 5, 5, 5, 5, 5, 5, 5, 5, 5, 5, 5, 5, 5, 5, 5, 5, 5, 5, 5, 5, 5, 5, 5, 5, 5, 5, 5, 5, 5, 5, 5, 5, 5, 5, 5, 5, 5, 5, 5, 5, 5, 5, 6, 6, 6, 6, 6, 6, 6, 6, 6, 6, 6, 6, 6, 6, 6, 6, 6, 6, 6, 6, 6, 6, 6, 6, 6, 6, 6, 6, 6, 6, 6, 6, 6, 6, 6, 6, 6, 6, 6, 6, 6, 6, 6, 6, 6, 6, 6, 6, 6, 6, 6, 6, 6, 6, 6, 6, 6, 6, 6, 6, 6, 6, 6, 6, 6, 6, 6, 6, 6, 6, 6, 6, 6, 6, 6, 6, 6, 6, 6, 6, 6, 6, 6, 6, 6, 6, 6, 6, 6, 6, 6, 6, 6, 6, 6, 6, 6, 6, 6, 6, 6, 6, 6, 6, 6, 6, 6, 6, 6, 6, 6, 6, 6, 6, 6, 6, 6, 6, 6, 6, 6, 6, 6, 6, 6, 6, 6, 6, 6, 6, 6, 6, 6, 6, 6, 6, 6, 6, 6, 6, 6, 6, 6, 6, 6, 6, 6, 6, 6, 6, 6, 6, 6, 6, 6, 6, 6, 6, 6, 6, 6, 6, 6, 6, 6, 6, 6, 6, 6, 6, 6, 6, 6, 6, 6, 6, 6, 6, 6, 6, 6, 6, 6, 6, 6, 6, 6, 6, 6, 6, 6, 6, 6, 6, 6, 6, 6, 6, 6, 6, 6, 6, 6, 6, 6, 6, 6, 6, 6, 6, 6, 6, 6, 6, 6, 6, 6, 6, 6, 6, 6, 6, 6, 6, 6, 6, 6, 6, 6, 6, 6, 6, 6, 6, 6, 6, 6, 6, 6, 6, 6, 6, 6, 6, 6, 6, 6, 6, 6, 6, 6, 6, 6, 6, 6, 6, 6, 6, 6, 6, 6, 6, 6, 6, 6, 6, 6, 6, 6, 6, 6, 6, 6, 6, 6, 6, 6, 6, 6, 6, 6, 6, 6, 6, 6, 6, 6, 6, 6, 6, 6, 6, 6, 6, 6, 6, 6, 6, 6, 6, 6, 6, 6, 6, 6, 6, 6, 6, 6, 6, 6, 6, 6, 6, 6, 6, 6, 6, 6, 6, 6, 6, 6, 6, 6, 6, 6, 6, 6, 6, 6, 6, 6, 6, 6, 6, 6, 6, 6, 6, 6, 6, 6, 6, 6, 6, 6, 6, 6, 6, 6, 6, 6, 6, 6, 6, 6, 6, 6, 6, 6, 6, 6, 6, 6, 6, 6, 6, 6, 6, 6, 6, 6, 6, 6, 6, 6, 6, 6, 6, 6, 6, 6, 6, 6, 6, 6, 6, 6, 6, 6, 6, 6, 6, 6, 6, 6, 6, 6, 6, 6, 6, 6, 6, 6, 6, 6, 6, 6, 6, 6, 6, 6, 6, 6, 6, 6, 6, 6, 6, 6, 6, 6, 6, 6, 6, 6, 6, 6, 6, 6, 6, 6, 6, 6, 6, 6, 6, 6, 6, 6, 6, 6, 6, 6, 6, 6, 6, 6, 6, 6, 6, 6, 6, 6, 6, 6, 6, 6, 6, 6, 6, 6, 6, 6, 6, 6, 6, 6, 6, 6, 6, 6, 7, 7, 7, 7, 7, 7, 7, 7, 7, 7, 7, 7, 7, 7, 7, 7, 7, 7, 7, 7, 7, 7, 7, 7, 7, 7, 7, 7, 7, 7, 7, 7, 7, 7, 7, 7, 7, 7, 7, 7, 7, 7, 7, 7, 7, 7, 7, 7, 7, 7, 7, 7, 7, 7, 7, 7, 7, 7, 7, 7, 7, 7, 7, 7, 7, 7, 7, 7, 7, 7, 7, 7, 7, 7, 7, 7, 7, 7, 7, 7, 7, 7, 7, 7, 7, 7, 7, 7, 7, 7, 7, 7, 7, 7, 7, 7, 7, 7, 7, 7, 7, 7, 7, 7, 7, 7, 7, 7, 7, 7, 7, 7, 7, 7, 7, 7, 7, 7, 7, 7, 7, 7, 7, 7, 7, 7, 7, 7, 7, 7, 7, 7, 7, 7, 7, 7, 7, 7, 7, 7, 7, 7, 7, 7, 7, 7, 7, 7, 7, 7, 7, 7, 7, 7, 7, 7, 7, 7, 7, 7, 7, 7, 7, 7, 7, 7, 7, 7, 7, 7, 7, 7, 7, 7, 7, 7, 7, 7, 7, 7, 7, 7, 7, 7, 7, 7, 7, 7, 7, 7, 7, 7, 7, 7, 7, 7, 7, 7, 7, 7, 7, 7, 7, 7, 7, 7, 7, 7, 7, 7, 7, 7, 7, 7, 7, 7, 7, 7, 7, 7, 7, 7, 7, 7, 7, 7, 7, 7, 7, 7, 7, 7, 7, 7, 7, 7, 7, 7, 7, 7, 7, 7, 7, 7, 7, 7, 7, 7, 7, 7, 7, 7, 7, 7, 7, 7, 7, 7, 7, 7, 7, 7, 7, 7, 7, 7, 7, 7, 7, 7, 7, 7, 7, 7, 7, 7, 7, 7, 7, 7, 7, 7, 7, 7, 7, 7, 7, 7, 7, 7, 7, 7, 7, 7, 7, 7, 7, 7, 7, 7, 7, 7, 7, 7, 7, 7, 7, 7, 7, 7, 7, 7, 7, 7, 7, 7, 7, 7, 7, 7, 7, 7, 7, 7, 7, 7, 7, 7, 7, 7, 7, 7, 7, 7, 7, 7, 7, 7, 7, 7, 7, 7, 7, 7, 7, 7, 7, 7, 7, 7, 7, 7, 7, 7, 7, 7, 7, 7, 7, 7, 7, 7, 7, 7, 7, 7, 7, 7, 7, 7, 7, 7, 7, 7, 7, 7, 7, 7, 7, 7, 7, 7, 7, 7, 7, 7, 7, 7, 7, 7, 7, 7, 7, 7, 7, 7, 7, 7, 7, 7, 7, 7, 7, 7, 7, 7, 7, 7, 7, 7, 7, 7, 7, 7, 7, 7, 7, 7, 7, 7, 7, 7, 7, 7, 7, 7, 7, 7, 7, 7, 7, 7, 7, 7, 7, 7, 7, 7, 7, 7, 7, 7, 7, 7, 8, 8, 8, 9, 9, 9, 9, 9, 9, 9, 9, 9, 9, 9, 9, 9, 9, 9, 9]
shapelet initialized!
[SCAFFOLD] round 1/200 start  selected=[0, 1, 2]
[SCAFFOLD] round 1/200 local_train done in 200.1s
[SCAFFOLD] round 1/200 done  train_acc=1.0000 test_acc=0.9791 best=0.9791@r1 avg_loss=nan eval=280.0s
[SCAFFOLD] round 2/200 start  selected=[0, 1, 2]
[SCAFFOLD] round 2/200 local_train done in 188.9s
[SCAFFOLD] round 2/200 done  train_acc=1.0000 test_acc=0.9854 best=0.9854@r2 avg_loss=nan eval=281.4s
[SCAFFOLD] round 3/200 start  selected=[0, 1, 2]
[SCAFFOLD] round 3/200 local_train done in 201.1s
[SCAFFOLD] round 3/200 done  train_acc=1.0000 test_acc=0.9868 best=0.9868@r3 avg_loss=nan eval=267.2s
[SCAFFOLD] round 4/200 start  selected=[0, 1, 2]
[SCAFFOLD] round 4/200 local_train done in 205.6s
[SCAFFOLD] round 4/200 done  train_acc=1.0000 test_acc=0.9868 best=0.9868@r3 avg_loss=nan eval=290.8s
[SCAFFOLD] round 5/200 start  selected=[0, 1, 2]
[SCAFFOLD] round 5/200 local_train done in 201.4s
[SCAFFOLD] round 5/200 done  train_acc=1.0000 test_acc=0.9859 best=0.9868@r3 avg_loss=nan eval=274.3s
[SCAFFOLD] round 6/200 start  selected=[0, 1, 2]
[SCAFFOLD] round 6/200 local_train done in 183.4s
[SCAFFOLD] round 6/200 done  train_acc=1.0000 test_acc=0.9886 best=0.9886@r6 avg_loss=nan eval=273.3s
[SCAFFOLD] round 7/200 start  selected=[0, 1, 2]
[SCAFFOLD] round 7/200 local_train done in 185.4s
[SCAFFOLD] round 7/200 done  train_acc=1.0000 test_acc=0.9891 best=0.9891@r7 avg_loss=nan eval=249.8s
[SCAFFOLD] round 8/200 start  selected=[0, 1, 2]
[SCAFFOLD] round 8/200 local_train done in 195.6s
[SCAFFOLD] round 8/200 done  train_acc=1.0000 test_acc=0.9895 best=0.9895@r8 avg_loss=nan eval=258.2s
[SCAFFOLD] round 9/200 start  selected=[0, 1, 2]
[SCAFFOLD] round 9/200 local_train done in 181.2s
[SCAFFOLD] round 9/200 done  train_acc=1.0000 test_acc=0.9900 best=0.9900@r9 avg_loss=nan eval=268.9s
[SCAFFOLD] round 10/200 start  selected=[0, 1, 2]
[SCAFFOLD] round 10/200 local_train done in 173.7s
[SCAFFOLD] round 10/200 done  train_acc=1.0000 test_acc=0.9895 best=0.9900@r9 avg_loss=nan eval=260.0s
[SCAFFOLD] round 11/200 start  selected=[0, 1, 2]
[SCAFFOLD] round 11/200 local_train done in 173.1s
[SCAFFOLD] round 11/200 done  train_acc=1.0000 test_acc=0.9900 best=0.9900@r9 avg_loss=nan eval=242.3s
[SCAFFOLD] round 12/200 start  selected=[0, 1, 2]
[SCAFFOLD] round 12/200 local_train done in 185.0s
[SCAFFOLD] round 12/200 done  train_acc=1.0000 test_acc=0.9900 best=0.9900@r9 avg_loss=nan eval=256.2s
[SCAFFOLD] round 13/200 start  selected=[0, 1, 2]
[SCAFFOLD] round 13/200 local_train done in 191.0s
[SCAFFOLD] round 13/200 done  train_acc=1.0000 test_acc=0.9914 best=0.9914@r13 avg_loss=nan eval=274.3s
[SCAFFOLD] round 14/200 start  selected=[0, 1, 2]
[SCAFFOLD] round 14/200 local_train done in 202.3s
[SCAFFOLD] round 14/200 done  train_acc=1.0000 test_acc=0.9918 best=0.9918@r14 avg_loss=nan eval=260.2s
[SCAFFOLD] round 15/200 start  selected=[0, 1, 2]
[SCAFFOLD] round 15/200 local_train done in 182.7s
[SCAFFOLD] round 15/200 done  train_acc=1.0000 test_acc=0.9918 best=0.9918@r14 avg_loss=nan eval=244.6s
[SCAFFOLD] round 16/200 start  selected=[0, 1, 2]
[SCAFFOLD] round 16/200 local_train done in 187.2s
[SCAFFOLD] round 16/200 done  train_acc=1.0000 test_acc=0.9923 best=0.9923@r16 avg_loss=nan eval=219.4s
[SCAFFOLD] round 17/200 start  selected=[0, 1, 2]
[SCAFFOLD] round 17/200 local_train done in 169.8s
[SCAFFOLD] round 17/200 done  train_acc=1.0000 test_acc=0.9923 best=0.9923@r16 avg_loss=nan eval=236.5s
[SCAFFOLD] round 18/200 start  selected=[0, 1, 2]
[SCAFFOLD] round 18/200 local_train done in 178.6s
[SCAFFOLD] round 18/200 done  train_acc=1.0000 test_acc=0.9923 best=0.9923@r16 avg_loss=nan eval=252.5s
[SCAFFOLD] round 19/200 start  selected=[0, 1, 2]
[SCAFFOLD] round 19/200 local_train done in 186.1s
[SCAFFOLD] round 19/200 done  train_acc=1.0000 test_acc=0.9923 best=0.9923@r16 avg_loss=nan eval=235.0s
[SCAFFOLD] round 20/200 start  selected=[0, 1, 2]
[SCAFFOLD] round 20/200 local_train done in 156.3s
[SCAFFOLD] round 20/200 done  train_acc=1.0000 test_acc=0.9923 best=0.9923@r16 avg_loss=nan eval=232.4s
[SCAFFOLD] round 21/200 start  selected=[0, 1, 2]
[SCAFFOLD] round 21/200 local_train done in 177.7s
[SCAFFOLD] round 21/200 done  train_acc=1.0000 test_acc=0.9923 best=0.9923@r16 avg_loss=nan eval=235.6s
[SCAFFOLD] round 22/200 start  selected=[0, 1, 2]
[SCAFFOLD] round 22/200 local_train done in 165.5s
[SCAFFOLD] round 22/200 done  train_acc=1.0000 test_acc=0.9923 best=0.9923@r16 avg_loss=nan eval=251.4s
[SCAFFOLD] round 23/200 start  selected=[0, 1, 2]
[SCAFFOLD] round 23/200 local_train done in 184.1s
[SCAFFOLD] round 23/200 done  train_acc=1.0000 test_acc=0.9923 best=0.9923@r16 avg_loss=nan eval=275.2s
[SCAFFOLD] round 24/200 start  selected=[0, 1, 2]
[SCAFFOLD] round 24/200 local_train done in 176.2s
[SCAFFOLD] round 24/200 done  train_acc=1.0000 test_acc=0.9923 best=0.9923@r16 avg_loss=nan eval=258.4s
[SCAFFOLD] round 25/200 start  selected=[0, 1, 2]
[SCAFFOLD] round 25/200 local_train done in 172.8s
[SCAFFOLD] round 25/200 done  train_acc=1.0000 test_acc=0.9923 best=0.9923@r16 avg_loss=nan eval=230.2s
[SCAFFOLD] round 26/200 start  selected=[0, 1, 2]
[SCAFFOLD] round 26/200 local_train done in 150.4s
[SCAFFOLD] round 26/200 done  train_acc=1.0000 test_acc=0.9923 best=0.9923@r16 avg_loss=nan eval=254.9s
[SCAFFOLD] round 27/200 start  selected=[0, 1, 2]
[SCAFFOLD] round 27/200 local_train done in 161.2s
[SCAFFOLD] round 27/200 done  train_acc=1.0000 test_acc=0.9923 best=0.9923@r16 avg_loss=nan eval=236.4s
[SCAFFOLD] round 28/200 start  selected=[0, 1, 2]
[SCAFFOLD] round 28/200 local_train done in 151.5s
[SCAFFOLD] round 28/200 done  train_acc=1.0000 test_acc=0.9923 best=0.9923@r16 avg_loss=nan eval=231.0s
[SCAFFOLD] round 29/200 start  selected=[0, 1, 2]
[SCAFFOLD] round 29/200 local_train done in 154.2s
[SCAFFOLD] round 29/200 done  train_acc=1.0000 test_acc=0.9923 best=0.9923@r16 avg_loss=nan eval=241.9s
[SCAFFOLD] round 30/200 start  selected=[0, 1, 2]
[SCAFFOLD] round 30/200 local_train done in 152.1s
[SCAFFOLD] round 30/200 done  train_acc=1.0000 test_acc=0.9923 best=0.9923@r16 avg_loss=nan eval=236.0s
[SCAFFOLD] checkpoint saved → ./checkpoint/resume/baseline_scaffold_SpokenArabicDigits_2026-05-04-10har_scaffold_dir0.05.pt (round=30)
[SCAFFOLD] round 31/200 start  selected=[0, 1, 2]
[SCAFFOLD] round 31/200 local_train done in 157.2s
[SCAFFOLD] round 31/200 done  train_acc=1.0000 test_acc=0.9923 best=0.9923@r16 avg_loss=nan eval=248.7s
[SCAFFOLD] round 32/200 start  selected=[0, 1, 2]
[SCAFFOLD] round 32/200 local_train done in 149.6s
[SCAFFOLD] round 32/200 done  train_acc=1.0000 test_acc=0.9923 best=0.9923@r16 avg_loss=nan eval=247.3s
[SCAFFOLD] round 33/200 start  selected=[0, 1, 2]
[SCAFFOLD] round 33/200 local_train done in 165.3s
[SCAFFOLD] round 33/200 done  train_acc=1.0000 test_acc=0.9923 best=0.9923@r16 avg_loss=nan eval=261.9s
[SCAFFOLD] round 34/200 start  selected=[0, 1, 2]
[SCAFFOLD] round 34/200 local_train done in 244.4s
[SCAFFOLD] round 34/200 done  train_acc=1.0000 test_acc=0.9923 best=0.9923@r16 avg_loss=nan eval=282.0s
[SCAFFOLD] round 35/200 start  selected=[0, 1, 2]
[SCAFFOLD] round 35/200 local_train done in 257.5s
[SCAFFOLD] round 35/200 done  train_acc=1.0000 test_acc=0.9923 best=0.9923@r16 avg_loss=nan eval=274.8s
[SCAFFOLD] round 36/200 start  selected=[0, 1, 2]
[SCAFFOLD] round 36/200 local_train done in 249.0s
[SCAFFOLD] round 36/200 done  train_acc=1.0000 test_acc=0.9923 best=0.9923@r16 avg_loss=nan eval=282.6s
[SCAFFOLD] round 37/200 start  selected=[0, 1, 2]
[SCAFFOLD] round 37/200 local_train done in 252.8s
[SCAFFOLD] round 37/200 done  train_acc=1.0000 test_acc=0.9923 best=0.9923@r16 avg_loss=nan eval=294.6s
[SCAFFOLD] round 38/200 start  selected=[0, 1, 2]
[SCAFFOLD] round 38/200 local_train done in 242.0s
[SCAFFOLD] round 38/200 done  train_acc=1.0000 test_acc=0.9923 best=0.9923@r16 avg_loss=nan eval=287.5s
[SCAFFOLD] round 39/200 start  selected=[0, 1, 2]
[SCAFFOLD] round 39/200 local_train done in 237.8s
[SCAFFOLD] round 39/200 done  train_acc=1.0000 test_acc=0.9923 best=0.9923@r16 avg_loss=nan eval=287.3s
[SCAFFOLD] round 40/200 start  selected=[0, 1, 2]
[SCAFFOLD] round 40/200 local_train done in 243.7s
[SCAFFOLD] round 40/200 done  train_acc=1.0000 test_acc=0.9923 best=0.9923@r16 avg_loss=nan eval=302.0s
[SCAFFOLD] round 41/200 start  selected=[0, 1, 2]
[SCAFFOLD] round 41/200 local_train done in 256.6s
[SCAFFOLD] round 41/200 done  train_acc=1.0000 test_acc=0.9918 best=0.9923@r16 avg_loss=nan eval=275.7s
[SCAFFOLD] round 42/200 start  selected=[0, 1, 2]
[SCAFFOLD] round 42/200 local_train done in 250.3s
[SCAFFOLD] round 42/200 done  train_acc=1.0000 test_acc=0.9918 best=0.9923@r16 avg_loss=nan eval=280.0s
[SCAFFOLD] round 43/200 start  selected=[0, 1, 2]
[SCAFFOLD] round 43/200 local_train done in 249.8s
[SCAFFOLD] round 43/200 done  train_acc=1.0000 test_acc=0.9918 best=0.9923@r16 avg_loss=nan eval=279.8s
[SCAFFOLD] round 44/200 start  selected=[0, 1, 2]
[SCAFFOLD] round 44/200 local_train done in 251.3s
[SCAFFOLD] round 44/200 done  train_acc=1.0000 test_acc=0.9923 best=0.9923@r16 avg_loss=nan eval=289.5s
[SCAFFOLD] round 45/200 start  selected=[0, 1, 2]
[SCAFFOLD] round 45/200 local_train done in 242.3s
[SCAFFOLD] round 45/200 done  train_acc=1.0000 test_acc=0.9923 best=0.9923@r16 avg_loss=nan eval=277.7s
[SCAFFOLD] round 46/200 start  selected=[0, 1, 2]
[SCAFFOLD] round 46/200 local_train done in 252.2s
[SCAFFOLD] round 46/200 done  train_acc=1.0000 test_acc=0.9923 best=0.9923@r16 avg_loss=nan eval=292.2s
[SCAFFOLD] round 47/200 start  selected=[0, 1, 2]
[SCAFFOLD] round 47/200 local_train done in 246.9s
[SCAFFOLD] round 47/200 done  train_acc=1.0000 test_acc=0.9923 best=0.9923@r16 avg_loss=nan eval=294.6s
[SCAFFOLD] round 48/200 start  selected=[0, 1, 2]
[SCAFFOLD] round 48/200 local_train done in 253.5s
[SCAFFOLD] round 48/200 done  train_acc=1.0000 test_acc=0.9923 best=0.9923@r16 avg_loss=nan eval=278.6s
[SCAFFOLD] round 49/200 start  selected=[0, 1, 2]
[SCAFFOLD] round 49/200 local_train done in 242.9s
[SCAFFOLD] round 49/200 done  train_acc=1.0000 test_acc=0.9918 best=0.9923@r16 avg_loss=nan eval=284.3s
[SCAFFOLD] round 50/200 start  selected=[0, 1, 2]
[SCAFFOLD] round 50/200 local_train done in 261.6s
[SCAFFOLD] round 50/200 done  train_acc=1.0000 test_acc=0.9918 best=0.9923@r16 avg_loss=nan eval=288.7s
[SCAFFOLD] round 51/200 start  selected=[0, 1, 2]
[SCAFFOLD] round 51/200 local_train done in 246.4s
[SCAFFOLD] round 51/200 done  train_acc=1.0000 test_acc=0.9918 best=0.9923@r16 avg_loss=nan eval=279.7s
[SCAFFOLD] round 52/200 start  selected=[0, 1, 2]
[SCAFFOLD] round 52/200 local_train done in 259.6s
[SCAFFOLD] round 52/200 done  train_acc=1.0000 test_acc=0.9918 best=0.9923@r16 avg_loss=nan eval=297.7s
[SCAFFOLD] round 53/200 start  selected=[0, 1, 2]
[SCAFFOLD] round 53/200 local_train done in 238.2s
[SCAFFOLD] round 53/200 done  train_acc=1.0000 test_acc=0.9918 best=0.9923@r16 avg_loss=nan eval=281.9s
[SCAFFOLD] round 54/200 start  selected=[0, 1, 2]
[SCAFFOLD] round 54/200 local_train done in 253.6s
[SCAFFOLD] round 54/200 done  train_acc=1.0000 test_acc=0.9918 best=0.9923@r16 avg_loss=nan eval=292.3s
[SCAFFOLD] round 55/200 start  selected=[0, 1, 2]
[SCAFFOLD] round 55/200 local_train done in 243.2s
[SCAFFOLD] round 55/200 done  train_acc=1.0000 test_acc=0.9918 best=0.9923@r16 avg_loss=nan eval=278.9s
[SCAFFOLD] round 56/200 start  selected=[0, 1, 2]
[SCAFFOLD] round 56/200 local_train done in 245.0s
[SCAFFOLD] round 56/200 done  train_acc=1.0000 test_acc=0.9918 best=0.9923@r16 avg_loss=nan eval=284.2s
[SCAFFOLD] round 57/200 start  selected=[0, 1, 2]
[SCAFFOLD] round 57/200 local_train done in 242.9s
[SCAFFOLD] round 57/200 done  train_acc=1.0000 test_acc=0.9918 best=0.9923@r16 avg_loss=nan eval=293.8s
[SCAFFOLD] round 58/200 start  selected=[0, 1, 2]
[SCAFFOLD] round 58/200 local_train done in 244.0s
[SCAFFOLD] round 58/200 done  train_acc=1.0000 test_acc=0.9918 best=0.9923@r16 avg_loss=nan eval=277.1s
[SCAFFOLD] round 59/200 start  selected=[0, 1, 2]
[SCAFFOLD] round 59/200 local_train done in 237.2s
[SCAFFOLD] round 59/200 done  train_acc=1.0000 test_acc=0.9918 best=0.9923@r16 avg_loss=nan eval=299.3s
[SCAFFOLD] round 60/200 start  selected=[0, 1, 2]
[SCAFFOLD] round 60/200 local_train done in 242.0s
[SCAFFOLD] round 60/200 done  train_acc=1.0000 test_acc=0.9918 best=0.9923@r16 avg_loss=nan eval=277.2s
[SCAFFOLD] checkpoint saved → ./checkpoint/resume/baseline_scaffold_SpokenArabicDigits_2026-05-04-10har_scaffold_dir0.05.pt (round=60)
[SCAFFOLD] round 61/200 start  selected=[0, 1, 2]
[SCAFFOLD] round 61/200 local_train done in 234.2s
[SCAFFOLD] round 61/200 done  train_acc=1.0000 test_acc=0.9918 best=0.9923@r16 avg_loss=nan eval=281.7s
[SCAFFOLD] round 62/200 start  selected=[0, 1, 2]
[SCAFFOLD] round 62/200 local_train done in 217.8s
[SCAFFOLD] round 62/200 done  train_acc=1.0000 test_acc=0.9918 best=0.9923@r16 avg_loss=nan eval=264.7s
[SCAFFOLD] round 63/200 start  selected=[0, 1, 2]
[SCAFFOLD] round 63/200 local_train done in 244.1s
[SCAFFOLD] round 63/200 done  train_acc=1.0000 test_acc=0.9918 best=0.9923@r16 avg_loss=nan eval=281.1s
[SCAFFOLD] round 64/200 start  selected=[0, 1, 2]
[SCAFFOLD] round 64/200 local_train done in 233.5s
[SCAFFOLD] round 64/200 done  train_acc=1.0000 test_acc=0.9918 best=0.9923@r16 avg_loss=nan eval=282.7s
[SCAFFOLD] round 65/200 start  selected=[0, 1, 2]
[SCAFFOLD] round 65/200 local_train done in 242.3s
[SCAFFOLD] round 65/200 done  train_acc=1.0000 test_acc=0.9918 best=0.9923@r16 avg_loss=nan eval=286.3s
[SCAFFOLD] round 66/200 start  selected=[0, 1, 2]
[SCAFFOLD] round 66/200 local_train done in 236.0s
[SCAFFOLD] round 66/200 done  train_acc=1.0000 test_acc=0.9918 best=0.9923@r16 avg_loss=nan eval=276.0s
[SCAFFOLD] round 67/200 start  selected=[0, 1, 2]
[SCAFFOLD] round 67/200 local_train done in 253.5s
[SCAFFOLD] round 67/200 done  train_acc=1.0000 test_acc=0.9918 best=0.9923@r16 avg_loss=nan eval=269.4s
[SCAFFOLD] round 68/200 start  selected=[0, 1, 2]
[SCAFFOLD] round 68/200 local_train done in 239.9s
[SCAFFOLD] round 68/200 done  train_acc=1.0000 test_acc=0.9918 best=0.9923@r16 avg_loss=nan eval=285.0s
[SCAFFOLD] round 69/200 start  selected=[0, 1, 2]
[SCAFFOLD] round 69/200 local_train done in 251.2s
[SCAFFOLD] round 69/200 done  train_acc=1.0000 test_acc=0.9918 best=0.9923@r16 avg_loss=nan eval=278.6s
[SCAFFOLD] round 70/200 start  selected=[0, 1, 2]
[SCAFFOLD] round 70/200 local_train done in 242.5s
[SCAFFOLD] round 70/200 done  train_acc=1.0000 test_acc=0.9918 best=0.9923@r16 avg_loss=nan eval=270.6s
[SCAFFOLD] round 71/200 start  selected=[0, 1, 2]
[SCAFFOLD] round 71/200 local_train done in 262.1s
[SCAFFOLD] round 71/200 done  train_acc=1.0000 test_acc=0.9918 best=0.9923@r16 avg_loss=nan eval=283.4s
[SCAFFOLD] round 72/200 start  selected=[0, 1, 2]
[SCAFFOLD] round 72/200 local_train done in 238.4s
[SCAFFOLD] round 72/200 done  train_acc=1.0000 test_acc=0.9918 best=0.9923@r16 avg_loss=nan eval=269.4s
[SCAFFOLD] round 73/200 start  selected=[0, 1, 2]
[SCAFFOLD] round 73/200 local_train done in 242.7s
[SCAFFOLD] round 73/200 done  train_acc=1.0000 test_acc=0.9918 best=0.9923@r16 avg_loss=nan eval=275.4s
[SCAFFOLD] round 74/200 start  selected=[0, 1, 2]
[SCAFFOLD] round 74/200 local_train done in 246.4s
[SCAFFOLD] round 74/200 done  train_acc=1.0000 test_acc=0.9918 best=0.9923@r16 avg_loss=nan eval=281.7s
[SCAFFOLD] round 75/200 start  selected=[0, 1, 2]
[SCAFFOLD] round 75/200 local_train done in 253.9s
[SCAFFOLD] round 75/200 done  train_acc=1.0000 test_acc=0.9918 best=0.9923@r16 avg_loss=nan eval=260.5s
[SCAFFOLD] round 76/200 start  selected=[0, 1, 2]
[SCAFFOLD] round 76/200 local_train done in 250.3s
[SCAFFOLD] round 76/200 done  train_acc=1.0000 test_acc=0.9918 best=0.9923@r16 avg_loss=nan eval=293.8s
[SCAFFOLD] round 77/200 start  selected=[0, 1, 2]
[SCAFFOLD] round 77/200 local_train done in 262.4s
[SCAFFOLD] round 77/200 done  train_acc=1.0000 test_acc=0.9918 best=0.9923@r16 avg_loss=nan eval=297.6s
[SCAFFOLD] round 78/200 start  selected=[0, 1, 2]
[SCAFFOLD] round 78/200 local_train done in 252.0s
[SCAFFOLD] round 78/200 done  train_acc=1.0000 test_acc=0.9918 best=0.9923@r16 avg_loss=nan eval=298.7s
[SCAFFOLD] round 79/200 start  selected=[0, 1, 2]
[SCAFFOLD] round 79/200 local_train done in 258.0s
[SCAFFOLD] round 79/200 done  train_acc=1.0000 test_acc=0.9918 best=0.9923@r16 avg_loss=nan eval=296.6s
[SCAFFOLD] round 80/200 start  selected=[0, 1, 2]
[SCAFFOLD] round 80/200 local_train done in 255.5s
[SCAFFOLD] round 80/200 done  train_acc=1.0000 test_acc=0.9918 best=0.9923@r16 avg_loss=nan eval=294.9s
[SCAFFOLD] round 81/200 start  selected=[0, 1, 2]
[SCAFFOLD] round 81/200 local_train done in 247.5s
[SCAFFOLD] round 81/200 done  train_acc=1.0000 test_acc=0.9918 best=0.9923@r16 avg_loss=nan eval=293.3s
[SCAFFOLD] round 82/200 start  selected=[0, 1, 2]
[SCAFFOLD] round 82/200 local_train done in 261.5s
[SCAFFOLD] round 82/200 done  train_acc=1.0000 test_acc=0.9918 best=0.9923@r16 avg_loss=nan eval=313.2s
[SCAFFOLD] round 83/200 start  selected=[0, 1, 2]
[SCAFFOLD] round 83/200 local_train done in 251.9s
[SCAFFOLD] round 83/200 done  train_acc=1.0000 test_acc=0.9918 best=0.9923@r16 avg_loss=nan eval=290.4s
[SCAFFOLD] round 84/200 start  selected=[0, 1, 2]
[SCAFFOLD] round 84/200 local_train done in 259.0s
[SCAFFOLD] round 84/200 done  train_acc=1.0000 test_acc=0.9918 best=0.9923@r16 avg_loss=nan eval=303.1s
[SCAFFOLD] round 85/200 start  selected=[0, 1, 2]
[SCAFFOLD] round 85/200 local_train done in 253.2s
[SCAFFOLD] round 85/200 done  train_acc=1.0000 test_acc=0.9918 best=0.9923@r16 avg_loss=nan eval=301.4s
[SCAFFOLD] round 86/200 start  selected=[0, 1, 2]
[SCAFFOLD] round 86/200 local_train done in 268.3s
[SCAFFOLD] round 86/200 done  train_acc=1.0000 test_acc=0.9918 best=0.9923@r16 avg_loss=nan eval=290.0s
[SCAFFOLD] round 87/200 start  selected=[0, 1, 2]
[SCAFFOLD] round 87/200 local_train done in 227.9s
[SCAFFOLD] round 87/200 done  train_acc=1.0000 test_acc=0.9918 best=0.9923@r16 avg_loss=nan eval=281.6s
[SCAFFOLD] round 88/200 start  selected=[0, 1, 2]
[SCAFFOLD] round 88/200 local_train done in 260.2s
[SCAFFOLD] round 88/200 done  train_acc=1.0000 test_acc=0.9918 best=0.9923@r16 avg_loss=nan eval=280.8s
[SCAFFOLD] round 89/200 start  selected=[0, 1, 2]
[SCAFFOLD] round 89/200 local_train done in 258.0s
[SCAFFOLD] round 89/200 done  train_acc=1.0000 test_acc=0.9918 best=0.9923@r16 avg_loss=nan eval=307.3s
[SCAFFOLD] round 90/200 start  selected=[0, 1, 2]
[SCAFFOLD] round 90/200 local_train done in 259.8s
[SCAFFOLD] round 90/200 done  train_acc=1.0000 test_acc=0.9918 best=0.9923@r16 avg_loss=nan eval=296.0s
[SCAFFOLD] checkpoint saved → ./checkpoint/resume/baseline_scaffold_SpokenArabicDigits_2026-05-04-10har_scaffold_dir0.05.pt (round=90)
[SCAFFOLD] round 91/200 start  selected=[0, 1, 2]
[SCAFFOLD] round 91/200 local_train done in 255.8s
[SCAFFOLD] round 91/200 done  train_acc=1.0000 test_acc=0.9918 best=0.9923@r16 avg_loss=nan eval=292.4s
[SCAFFOLD] round 92/200 start  selected=[0, 1, 2]
[SCAFFOLD] round 92/200 local_train done in 256.8s
[SCAFFOLD] round 92/200 done  train_acc=1.0000 test_acc=0.9918 best=0.9923@r16 avg_loss=nan eval=290.7s
[SCAFFOLD] round 93/200 start  selected=[0, 1, 2]
[SCAFFOLD] round 93/200 local_train done in 266.5s
[SCAFFOLD] round 93/200 done  train_acc=1.0000 test_acc=0.9918 best=0.9923@r16 avg_loss=nan eval=277.1s
[SCAFFOLD] round 94/200 start  selected=[0, 1, 2]
[SCAFFOLD] round 94/200 local_train done in 260.0s
[SCAFFOLD] round 94/200 done  train_acc=1.0000 test_acc=0.9918 best=0.9923@r16 avg_loss=nan eval=297.1s
[SCAFFOLD] round 95/200 start  selected=[0, 1, 2]
[SCAFFOLD] round 95/200 local_train done in 260.3s
[SCAFFOLD] round 95/200 done  train_acc=1.0000 test_acc=0.9918 best=0.9923@r16 avg_loss=nan eval=302.6s
[SCAFFOLD] round 96/200 start  selected=[0, 1, 2]
[SCAFFOLD] round 96/200 local_train done in 246.3s
[SCAFFOLD] round 96/200 done  train_acc=1.0000 test_acc=0.9918 best=0.9923@r16 avg_loss=nan eval=277.0s
[SCAFFOLD] round 97/200 start  selected=[0, 1, 2]
[SCAFFOLD] round 97/200 local_train done in 260.6s
[SCAFFOLD] round 97/200 done  train_acc=1.0000 test_acc=0.9918 best=0.9923@r16 avg_loss=nan eval=288.8s
[SCAFFOLD] round 98/200 start  selected=[0, 1, 2]
[SCAFFOLD] round 98/200 local_train done in 254.0s
[SCAFFOLD] round 98/200 done  train_acc=1.0000 test_acc=0.9918 best=0.9923@r16 avg_loss=nan eval=290.7s
[SCAFFOLD] round 99/200 start  selected=[0, 1, 2]
[SCAFFOLD] round 99/200 local_train done in 266.1s
[SCAFFOLD] round 99/200 done  train_acc=1.0000 test_acc=0.9918 best=0.9923@r16 avg_loss=nan eval=259.4s
[SCAFFOLD] round 100/200 start  selected=[0, 1, 2]
[SCAFFOLD] round 100/200 local_train done in 252.2s
[SCAFFOLD] round 100/200 done  train_acc=1.0000 test_acc=0.9918 best=0.9923@r16 avg_loss=nan eval=302.3s
[SCAFFOLD] round 101/200 start  selected=[0, 1, 2]
[SCAFFOLD] round 101/200 local_train done in 240.3s
[SCAFFOLD] round 101/200 done  train_acc=1.0000 test_acc=0.9918 best=0.9923@r16 avg_loss=nan eval=287.1s
[SCAFFOLD] round 102/200 start  selected=[0, 1, 2]
[SCAFFOLD] round 102/200 local_train done in 251.6s
[SCAFFOLD] round 102/200 done  train_acc=1.0000 test_acc=0.9918 best=0.9923@r16 avg_loss=nan eval=294.6s
[SCAFFOLD] round 103/200 start  selected=[0, 1, 2]
[SCAFFOLD] round 103/200 local_train done in 243.3s
[SCAFFOLD] round 103/200 done  train_acc=1.0000 test_acc=0.9918 best=0.9923@r16 avg_loss=nan eval=292.8s
[SCAFFOLD] round 104/200 start  selected=[0, 1, 2]
[SCAFFOLD] round 104/200 local_train done in 241.2s
[SCAFFOLD] round 104/200 done  train_acc=1.0000 test_acc=0.9918 best=0.9923@r16 avg_loss=nan eval=296.9s
[SCAFFOLD] round 105/200 start  selected=[0, 1, 2]
[SCAFFOLD] round 105/200 local_train done in 240.3s
[SCAFFOLD] round 105/200 done  train_acc=1.0000 test_acc=0.9918 best=0.9923@r16 avg_loss=nan eval=277.3s
[SCAFFOLD] round 106/200 start  selected=[0, 1, 2]
[SCAFFOLD] round 106/200 local_train done in 232.8s
[SCAFFOLD] round 106/200 done  train_acc=1.0000 test_acc=0.9918 best=0.9923@r16 avg_loss=nan eval=288.0s
[SCAFFOLD] round 107/200 start  selected=[0, 1, 2]
[SCAFFOLD] round 107/200 local_train done in 243.7s
[SCAFFOLD] round 107/200 done  train_acc=1.0000 test_acc=0.9918 best=0.9923@r16 avg_loss=nan eval=300.7s
[SCAFFOLD] round 108/200 start  selected=[0, 1, 2]
[SCAFFOLD] round 108/200 local_train done in 244.9s
[SCAFFOLD] round 108/200 done  train_acc=1.0000 test_acc=0.9918 best=0.9923@r16 avg_loss=nan eval=294.8s
[SCAFFOLD] round 109/200 start  selected=[0, 1, 2]
[SCAFFOLD] round 109/200 local_train done in 241.2s
[SCAFFOLD] round 109/200 done  train_acc=1.0000 test_acc=0.9918 best=0.9923@r16 avg_loss=nan eval=286.3s
[SCAFFOLD] round 110/200 start  selected=[0, 1, 2]
[SCAFFOLD] round 110/200 local_train done in 250.2s
[SCAFFOLD] round 110/200 done  train_acc=1.0000 test_acc=0.9918 best=0.9923@r16 avg_loss=nan eval=282.0s
[SCAFFOLD] round 111/200 start  selected=[0, 1, 2]
[SCAFFOLD] round 111/200 local_train done in 234.2s
[SCAFFOLD] round 111/200 done  train_acc=1.0000 test_acc=0.9918 best=0.9923@r16 avg_loss=nan eval=270.7s
[SCAFFOLD] round 112/200 start  selected=[0, 1, 2]
[SCAFFOLD] round 112/200 local_train done in 236.8s
[SCAFFOLD] round 112/200 done  train_acc=1.0000 test_acc=0.9918 best=0.9923@r16 avg_loss=nan eval=287.6s
[SCAFFOLD] round 113/200 start  selected=[0, 1, 2]
[SCAFFOLD] round 113/200 local_train done in 237.6s
[SCAFFOLD] round 113/200 done  train_acc=1.0000 test_acc=0.9918 best=0.9923@r16 avg_loss=nan eval=285.9s
[SCAFFOLD] round 114/200 start  selected=[0, 1, 2]
[SCAFFOLD] round 114/200 local_train done in 234.9s
[SCAFFOLD] round 114/200 done  train_acc=1.0000 test_acc=0.9918 best=0.9923@r16 avg_loss=nan eval=282.1s
[SCAFFOLD] round 115/200 start  selected=[0, 1, 2]
[SCAFFOLD] round 115/200 local_train done in 242.8s
[SCAFFOLD] round 115/200 done  train_acc=1.0000 test_acc=0.9918 best=0.9923@r16 avg_loss=nan eval=273.9s
[SCAFFOLD] round 116/200 start  selected=[0, 1, 2]
[SCAFFOLD] round 116/200 local_train done in 237.9s
[SCAFFOLD] round 116/200 done  train_acc=1.0000 test_acc=0.9918 best=0.9923@r16 avg_loss=nan eval=278.0s
[SCAFFOLD] round 117/200 start  selected=[0, 1, 2]
[SCAFFOLD] round 117/200 local_train done in 240.4s
[SCAFFOLD] round 117/200 done  train_acc=1.0000 test_acc=0.9918 best=0.9923@r16 avg_loss=nan eval=293.2s
[SCAFFOLD] round 118/200 start  selected=[0, 1, 2]
[SCAFFOLD] round 118/200 local_train done in 228.4s
[SCAFFOLD] round 118/200 done  train_acc=1.0000 test_acc=0.9918 best=0.9923@r16 avg_loss=nan eval=274.3s
[SCAFFOLD] round 119/200 start  selected=[0, 1, 2]
[SCAFFOLD] round 119/200 local_train done in 231.9s
[SCAFFOLD] round 119/200 done  train_acc=1.0000 test_acc=0.9918 best=0.9923@r16 avg_loss=nan eval=289.2s
[SCAFFOLD] round 120/200 start  selected=[0, 1, 2]
[SCAFFOLD] round 120/200 local_train done in 225.6s
[SCAFFOLD] round 120/200 done  train_acc=1.0000 test_acc=0.9918 best=0.9923@r16 avg_loss=nan eval=278.1s
[SCAFFOLD] checkpoint saved → ./checkpoint/resume/baseline_scaffold_SpokenArabicDigits_2026-05-04-10har_scaffold_dir0.05.pt (round=120)
[SCAFFOLD] round 121/200 start  selected=[0, 1, 2]
[SCAFFOLD] round 121/200 local_train done in 227.3s
[SCAFFOLD] round 121/200 done  train_acc=1.0000 test_acc=0.9918 best=0.9923@r16 avg_loss=nan eval=290.2s
[SCAFFOLD] round 122/200 start  selected=[0, 1, 2]
[SCAFFOLD] round 122/200 local_train done in 230.7s
[SCAFFOLD] round 122/200 done  train_acc=1.0000 test_acc=0.9918 best=0.9923@r16 avg_loss=nan eval=270.3s
[SCAFFOLD] round 123/200 start  selected=[0, 1, 2]
[SCAFFOLD] round 123/200 local_train done in 202.9s
[SCAFFOLD] round 123/200 done  train_acc=1.0000 test_acc=0.9918 best=0.9923@r16 avg_loss=nan eval=272.8s
[SCAFFOLD] round 124/200 start  selected=[0, 1, 2]
[SCAFFOLD] round 124/200 local_train done in 199.9s
[SCAFFOLD] round 124/200 done  train_acc=1.0000 test_acc=0.9918 best=0.9923@r16 avg_loss=nan eval=251.9s
[SCAFFOLD] round 125/200 start  selected=[0, 1, 2]
[SCAFFOLD] round 125/200 local_train done in 197.4s
[SCAFFOLD] round 125/200 done  train_acc=1.0000 test_acc=0.9918 best=0.9923@r16 avg_loss=nan eval=275.8s
[SCAFFOLD] round 126/200 start  selected=[0, 1, 2]
[SCAFFOLD] round 126/200 local_train done in 209.9s
[SCAFFOLD] round 126/200 done  train_acc=1.0000 test_acc=0.9918 best=0.9923@r16 avg_loss=nan eval=280.2s
[SCAFFOLD] round 127/200 start  selected=[0, 1, 2]
[SCAFFOLD] round 127/200 local_train done in 206.6s
[SCAFFOLD] round 127/200 done  train_acc=1.0000 test_acc=0.9918 best=0.9923@r16 avg_loss=nan eval=278.5s
[SCAFFOLD] round 128/200 start  selected=[0, 1, 2]
[SCAFFOLD] round 128/200 local_train done in 205.9s
[SCAFFOLD] round 128/200 done  train_acc=1.0000 test_acc=0.9918 best=0.9923@r16 avg_loss=nan eval=281.2s
[SCAFFOLD] round 129/200 start  selected=[0, 1, 2]
[SCAFFOLD] round 129/200 local_train done in 199.3s
[SCAFFOLD] round 129/200 done  train_acc=1.0000 test_acc=0.9918 best=0.9923@r16 avg_loss=nan eval=260.1s
[SCAFFOLD] round 130/200 start  selected=[0, 1, 2]
[SCAFFOLD] round 130/200 local_train done in 189.4s
[SCAFFOLD] round 130/200 done  train_acc=1.0000 test_acc=0.9918 best=0.9923@r16 avg_loss=nan eval=258.1s
[SCAFFOLD] round 131/200 start  selected=[0, 1, 2]
[SCAFFOLD] round 131/200 local_train done in 199.8s
[SCAFFOLD] round 131/200 done  train_acc=1.0000 test_acc=0.9918 best=0.9923@r16 avg_loss=nan eval=287.4s
[SCAFFOLD] round 132/200 start  selected=[0, 1, 2]
[SCAFFOLD] round 132/200 local_train done in 195.8s
[SCAFFOLD] round 132/200 done  train_acc=1.0000 test_acc=0.9918 best=0.9923@r16 avg_loss=nan eval=261.7s
[SCAFFOLD] round 133/200 start  selected=[0, 1, 2]
[SCAFFOLD] round 133/200 local_train done in 201.7s
[SCAFFOLD] round 133/200 done  train_acc=1.0000 test_acc=0.9918 best=0.9923@r16 avg_loss=nan eval=266.2s
[SCAFFOLD] round 134/200 start  selected=[0, 1, 2]
[SCAFFOLD] round 134/200 local_train done in 194.8s
[SCAFFOLD] round 134/200 done  train_acc=1.0000 test_acc=0.9918 best=0.9923@r16 avg_loss=nan eval=266.4s
[SCAFFOLD] round 135/200 start  selected=[0, 1, 2]
[SCAFFOLD] round 135/200 local_train done in 189.1s
[SCAFFOLD] round 135/200 done  train_acc=1.0000 test_acc=0.9918 best=0.9923@r16 avg_loss=nan eval=269.2s
[SCAFFOLD] round 136/200 start  selected=[0, 1, 2]
[SCAFFOLD] round 136/200 local_train done in 199.2s
[SCAFFOLD] round 136/200 done  train_acc=1.0000 test_acc=0.9918 best=0.9923@r16 avg_loss=nan eval=252.8s
[SCAFFOLD] round 137/200 start  selected=[0, 1, 2]
[SCAFFOLD] round 137/200 local_train done in 173.8s
[SCAFFOLD] round 137/200 done  train_acc=1.0000 test_acc=0.9918 best=0.9923@r16 avg_loss=nan eval=254.0s
[SCAFFOLD] round 138/200 start  selected=[0, 1, 2]
[SCAFFOLD] round 138/200 local_train done in 199.2s
[SCAFFOLD] round 138/200 done  train_acc=1.0000 test_acc=0.9918 best=0.9923@r16 avg_loss=nan eval=260.2s
[SCAFFOLD] round 139/200 start  selected=[0, 1, 2]
[SCAFFOLD] round 139/200 local_train done in 185.4s
[SCAFFOLD] round 139/200 done  train_acc=1.0000 test_acc=0.9918 best=0.9923@r16 avg_loss=nan eval=256.7s
[SCAFFOLD] round 140/200 start  selected=[0, 1, 2]
[SCAFFOLD] round 140/200 local_train done in 203.2s
[SCAFFOLD] round 140/200 done  train_acc=1.0000 test_acc=0.9918 best=0.9923@r16 avg_loss=nan eval=249.1s
[SCAFFOLD] round 141/200 start  selected=[0, 1, 2]
[SCAFFOLD] round 141/200 local_train done in 196.3s
[SCAFFOLD] round 141/200 done  train_acc=1.0000 test_acc=0.9918 best=0.9923@r16 avg_loss=nan eval=257.1s
[SCAFFOLD] round 142/200 start  selected=[0, 1, 2]
[SCAFFOLD] round 142/200 local_train done in 197.3s
[SCAFFOLD] round 142/200 done  train_acc=1.0000 test_acc=0.9918 best=0.9923@r16 avg_loss=nan eval=264.2s
[SCAFFOLD] round 143/200 start  selected=[0, 1, 2]
[SCAFFOLD] round 143/200 local_train done in 196.9s
[SCAFFOLD] round 143/200 done  train_acc=1.0000 test_acc=0.9918 best=0.9923@r16 avg_loss=nan eval=261.0s
[SCAFFOLD] round 144/200 start  selected=[0, 1, 2]
[SCAFFOLD] round 144/200 local_train done in 196.2s
[SCAFFOLD] round 144/200 done  train_acc=1.0000 test_acc=0.9918 best=0.9923@r16 avg_loss=nan eval=232.1s
[SCAFFOLD] round 145/200 start  selected=[0, 1, 2]
[SCAFFOLD] round 145/200 local_train done in 188.1s
[SCAFFOLD] round 145/200 done  train_acc=1.0000 test_acc=0.9918 best=0.9923@r16 avg_loss=nan eval=266.5s
[SCAFFOLD] round 146/200 start  selected=[0, 1, 2]
[SCAFFOLD] round 146/200 local_train done in 206.3s
[SCAFFOLD] round 146/200 done  train_acc=1.0000 test_acc=0.9918 best=0.9923@r16 avg_loss=nan eval=258.8s
[SCAFFOLD] round 147/200 start  selected=[0, 1, 2]
[SCAFFOLD] round 147/200 local_train done in 196.8s
[SCAFFOLD] round 147/200 done  train_acc=1.0000 test_acc=0.9918 best=0.9923@r16 avg_loss=nan eval=263.8s
[SCAFFOLD] round 148/200 start  selected=[0, 1, 2]
[SCAFFOLD] round 148/200 local_train done in 193.0s
[SCAFFOLD] round 148/200 done  train_acc=1.0000 test_acc=0.9918 best=0.9923@r16 avg_loss=nan eval=258.0s
[SCAFFOLD] round 149/200 start  selected=[0, 1, 2]
[SCAFFOLD] round 149/200 local_train done in 194.4s
[SCAFFOLD] round 149/200 done  train_acc=1.0000 test_acc=0.9918 best=0.9923@r16 avg_loss=nan eval=261.7s
[SCAFFOLD] round 150/200 start  selected=[0, 1, 2]
[SCAFFOLD] round 150/200 local_train done in 180.5s
[SCAFFOLD] round 150/200 done  train_acc=1.0000 test_acc=0.9918 best=0.9923@r16 avg_loss=nan eval=237.1s
[SCAFFOLD] checkpoint saved → ./checkpoint/resume/baseline_scaffold_SpokenArabicDigits_2026-05-04-10har_scaffold_dir0.05.pt (round=150)
[SCAFFOLD] round 151/200 start  selected=[0, 1, 2]
[SCAFFOLD] round 151/200 local_train done in 192.8s
[SCAFFOLD] round 151/200 done  train_acc=1.0000 test_acc=0.9918 best=0.9923@r16 avg_loss=nan eval=268.5s
[SCAFFOLD] round 152/200 start  selected=[0, 1, 2]
[SCAFFOLD] round 152/200 local_train done in 186.9s
[SCAFFOLD] round 152/200 done  train_acc=1.0000 test_acc=0.9918 best=0.9923@r16 avg_loss=nan eval=250.7s
[SCAFFOLD] round 153/200 start  selected=[0, 1, 2]
[SCAFFOLD] round 153/200 local_train done in 195.8s
[SCAFFOLD] round 153/200 done  train_acc=1.0000 test_acc=0.9918 best=0.9923@r16 avg_loss=nan eval=274.3s
[SCAFFOLD] round 154/200 start  selected=[0, 1, 2]
[SCAFFOLD] round 154/200 local_train done in 195.1s
[SCAFFOLD] round 154/200 done  train_acc=1.0000 test_acc=0.9918 best=0.9923@r16 avg_loss=nan eval=257.9s
[SCAFFOLD] round 155/200 start  selected=[0, 1, 2]
[SCAFFOLD] round 155/200 local_train done in 191.4s
[SCAFFOLD] round 155/200 done  train_acc=1.0000 test_acc=0.9918 best=0.9923@r16 avg_loss=nan eval=271.4s
[SCAFFOLD] round 156/200 start  selected=[0, 1, 2]
[SCAFFOLD] round 156/200 local_train done in 198.8s
[SCAFFOLD] round 156/200 done  train_acc=1.0000 test_acc=0.9918 best=0.9923@r16 avg_loss=nan eval=265.0s
[SCAFFOLD] round 157/200 start  selected=[0, 1, 2]
[SCAFFOLD] round 157/200 local_train done in 191.3s
[SCAFFOLD] round 157/200 done  train_acc=1.0000 test_acc=0.9918 best=0.9923@r16 avg_loss=nan eval=260.6s
[SCAFFOLD] round 158/200 start  selected=[0, 1, 2]
[SCAFFOLD] round 158/200 local_train done in 199.6s
[SCAFFOLD] round 158/200 done  train_acc=1.0000 test_acc=0.9918 best=0.9923@r16 avg_loss=nan eval=262.0s
[SCAFFOLD] round 159/200 start  selected=[0, 1, 2]
[SCAFFOLD] round 159/200 local_train done in 187.7s
[SCAFFOLD] round 159/200 done  train_acc=1.0000 test_acc=0.9918 best=0.9923@r16 avg_loss=nan eval=248.6s
[SCAFFOLD] round 160/200 start  selected=[0, 1, 2]
[SCAFFOLD] round 160/200 local_train done in 197.9s
[SCAFFOLD] round 160/200 done  train_acc=1.0000 test_acc=0.9918 best=0.9923@r16 avg_loss=nan eval=257.1s
[SCAFFOLD] round 161/200 start  selected=[0, 1, 2]
[SCAFFOLD] round 161/200 local_train done in 187.8s
[SCAFFOLD] round 161/200 done  train_acc=1.0000 test_acc=0.9918 best=0.9923@r16 avg_loss=nan eval=264.7s
[SCAFFOLD] round 162/200 start  selected=[0, 1, 2]
[SCAFFOLD] round 162/200 local_train done in 194.0s
[SCAFFOLD] round 162/200 done  train_acc=1.0000 test_acc=0.9918 best=0.9923@r16 avg_loss=nan eval=256.6s
[SCAFFOLD] round 163/200 start  selected=[0, 1, 2]
[SCAFFOLD] round 163/200 local_train done in 190.6s
[SCAFFOLD] round 163/200 done  train_acc=1.0000 test_acc=0.9918 best=0.9923@r16 avg_loss=nan eval=235.8s
[SCAFFOLD] round 164/200 start  selected=[0, 1, 2]
[SCAFFOLD] round 164/200 local_train done in 181.3s
[SCAFFOLD] round 164/200 done  train_acc=1.0000 test_acc=0.9918 best=0.9923@r16 avg_loss=nan eval=258.1s
[SCAFFOLD] round 165/200 start  selected=[0, 1, 2]
[SCAFFOLD] round 165/200 local_train done in 183.4s
[SCAFFOLD] round 165/200 done  train_acc=1.0000 test_acc=0.9918 best=0.9923@r16 avg_loss=nan eval=261.9s
[SCAFFOLD] round 166/200 start  selected=[0, 1, 2]
[SCAFFOLD] round 166/200 local_train done in 197.2s
[SCAFFOLD] round 166/200 done  train_acc=1.0000 test_acc=0.9918 best=0.9923@r16 avg_loss=nan eval=263.3s
[SCAFFOLD] round 167/200 start  selected=[0, 1, 2]
[SCAFFOLD] round 167/200 local_train done in 197.0s
[SCAFFOLD] round 167/200 done  train_acc=1.0000 test_acc=0.9918 best=0.9923@r16 avg_loss=nan eval=257.7s
[SCAFFOLD] round 168/200 start  selected=[0, 1, 2]
[SCAFFOLD] round 168/200 local_train done in 177.8s
[SCAFFOLD] round 168/200 done  train_acc=1.0000 test_acc=0.9918 best=0.9923@r16 avg_loss=nan eval=267.0s
[SCAFFOLD] round 169/200 start  selected=[0, 1, 2]
[SCAFFOLD] round 169/200 local_train done in 174.0s
[SCAFFOLD] round 169/200 done  train_acc=1.0000 test_acc=0.9918 best=0.9923@r16 avg_loss=nan eval=262.8s
[SCAFFOLD] round 170/200 start  selected=[0, 1, 2]
[SCAFFOLD] round 170/200 local_train done in 179.5s
[SCAFFOLD] round 170/200 done  train_acc=1.0000 test_acc=0.9918 best=0.9923@r16 avg_loss=nan eval=249.7s
[SCAFFOLD] round 171/200 start  selected=[0, 1, 2]
[SCAFFOLD] round 171/200 local_train done in 177.1s
[SCAFFOLD] round 171/200 done  train_acc=1.0000 test_acc=0.9918 best=0.9923@r16 avg_loss=nan eval=268.3s
[SCAFFOLD] round 172/200 start  selected=[0, 1, 2]
[SCAFFOLD] round 172/200 local_train done in 174.4s
[SCAFFOLD] round 172/200 done  train_acc=1.0000 test_acc=0.9918 best=0.9923@r16 avg_loss=nan eval=257.5s
[SCAFFOLD] round 173/200 start  selected=[0, 1, 2]
[SCAFFOLD] round 173/200 local_train done in 181.6s
[SCAFFOLD] round 173/200 done  train_acc=1.0000 test_acc=0.9918 best=0.9923@r16 avg_loss=nan eval=246.6s
[SCAFFOLD] round 174/200 start  selected=[0, 1, 2]
[SCAFFOLD] round 174/200 local_train done in 165.8s
[SCAFFOLD] round 174/200 done  train_acc=1.0000 test_acc=0.9918 best=0.9923@r16 avg_loss=nan eval=260.6s
[SCAFFOLD] round 175/200 start  selected=[0, 1, 2]
[SCAFFOLD] round 175/200 local_train done in 177.7s
[SCAFFOLD] round 175/200 done  train_acc=1.0000 test_acc=0.9918 best=0.9923@r16 avg_loss=nan eval=264.1s
[SCAFFOLD] round 176/200 start  selected=[0, 1, 2]
[SCAFFOLD] round 176/200 local_train done in 163.6s
[SCAFFOLD] round 176/200 done  train_acc=1.0000 test_acc=0.9918 best=0.9923@r16 avg_loss=nan eval=226.8s
[SCAFFOLD] round 177/200 start  selected=[0, 1, 2]
[SCAFFOLD] round 177/200 local_train done in 181.7s
[SCAFFOLD] round 177/200 done  train_acc=1.0000 test_acc=0.9918 best=0.9923@r16 avg_loss=nan eval=264.5s
[SCAFFOLD] round 178/200 start  selected=[0, 1, 2]
[SCAFFOLD] round 178/200 local_train done in 170.3s
[SCAFFOLD] round 178/200 done  train_acc=1.0000 test_acc=0.9918 best=0.9923@r16 avg_loss=nan eval=242.7s
[SCAFFOLD] round 179/200 start  selected=[0, 1, 2]
[SCAFFOLD] round 179/200 local_train done in 172.1s
[SCAFFOLD] round 179/200 done  train_acc=1.0000 test_acc=0.9918 best=0.9923@r16 avg_loss=nan eval=241.5s
[SCAFFOLD] round 180/200 start  selected=[0, 1, 2]
[SCAFFOLD] round 180/200 local_train done in 174.9s
[SCAFFOLD] round 180/200 done  train_acc=1.0000 test_acc=0.9918 best=0.9923@r16 avg_loss=nan eval=235.5s
[SCAFFOLD] checkpoint saved → ./checkpoint/resume/baseline_scaffold_SpokenArabicDigits_2026-05-04-10har_scaffold_dir0.05.pt (round=180)
[SCAFFOLD] round 181/200 start  selected=[0, 1, 2]
[SCAFFOLD] round 181/200 local_train done in 169.8s
[SCAFFOLD] round 181/200 done  train_acc=1.0000 test_acc=0.9918 best=0.9923@r16 avg_loss=nan eval=258.9s
[SCAFFOLD] round 182/200 start  selected=[0, 1, 2]
[SCAFFOLD] round 182/200 local_train done in 172.6s
[SCAFFOLD] round 182/200 done  train_acc=1.0000 test_acc=0.9918 best=0.9923@r16 avg_loss=nan eval=249.1s
[SCAFFOLD] round 183/200 start  selected=[0, 1, 2]
[SCAFFOLD] round 183/200 local_train done in 181.7s
[SCAFFOLD] round 183/200 done  train_acc=1.0000 test_acc=0.9918 best=0.9923@r16 avg_loss=nan eval=255.1s
[SCAFFOLD] round 184/200 start  selected=[0, 1, 2]
[SCAFFOLD] round 184/200 local_train done in 165.0s
[SCAFFOLD] round 184/200 done  train_acc=1.0000 test_acc=0.9918 best=0.9923@r16 avg_loss=nan eval=269.1s
[SCAFFOLD] round 185/200 start  selected=[0, 1, 2]
[SCAFFOLD] round 185/200 local_train done in 180.1s
[SCAFFOLD] round 185/200 done  train_acc=1.0000 test_acc=0.9918 best=0.9923@r16 avg_loss=nan eval=258.5s
[SCAFFOLD] round 186/200 start  selected=[0, 1, 2]
[SCAFFOLD] round 186/200 local_train done in 175.8s
[SCAFFOLD] round 186/200 done  train_acc=1.0000 test_acc=0.9918 best=0.9923@r16 avg_loss=nan eval=259.2s
[SCAFFOLD] round 187/200 start  selected=[0, 1, 2]
[SCAFFOLD] round 187/200 local_train done in 173.9s
[SCAFFOLD] round 187/200 done  train_acc=1.0000 test_acc=0.9918 best=0.9923@r16 avg_loss=nan eval=248.3s
[SCAFFOLD] round 188/200 start  selected=[0, 1, 2]
[SCAFFOLD] round 188/200 local_train done in 167.4s
[SCAFFOLD] round 188/200 done  train_acc=1.0000 test_acc=0.9918 best=0.9923@r16 avg_loss=nan eval=236.9s
[SCAFFOLD] round 189/200 start  selected=[0, 1, 2]
[SCAFFOLD] round 189/200 local_train done in 162.7s
[SCAFFOLD] round 189/200 done  train_acc=1.0000 test_acc=0.9918 best=0.9923@r16 avg_loss=nan eval=256.4s
[SCAFFOLD] round 190/200 start  selected=[0, 1, 2]
[SCAFFOLD] round 190/200 local_train done in 170.2s
[SCAFFOLD] round 190/200 done  train_acc=1.0000 test_acc=0.9918 best=0.9923@r16 avg_loss=nan eval=256.4s
[SCAFFOLD] round 191/200 start  selected=[0, 1, 2]
[SCAFFOLD] round 191/200 local_train done in 170.7s
[SCAFFOLD] round 191/200 done  train_acc=1.0000 test_acc=0.9918 best=0.9923@r16 avg_loss=nan eval=255.1s
[SCAFFOLD] round 192/200 start  selected=[0, 1, 2]
[SCAFFOLD] round 192/200 local_train done in 162.5s
[SCAFFOLD] round 192/200 done  train_acc=1.0000 test_acc=0.9918 best=0.9923@r16 avg_loss=nan eval=251.4s
[SCAFFOLD] round 193/200 start  selected=[0, 1, 2]
[SCAFFOLD] round 193/200 local_train done in 173.4s
[SCAFFOLD] round 193/200 done  train_acc=1.0000 test_acc=0.9918 best=0.9923@r16 avg_loss=nan eval=251.2s
[SCAFFOLD] round 194/200 start  selected=[0, 1, 2]
[SCAFFOLD] round 194/200 local_train done in 170.2s
[SCAFFOLD] round 194/200 done  train_acc=1.0000 test_acc=0.9918 best=0.9923@r16 avg_loss=nan eval=245.8s
[SCAFFOLD] round 195/200 start  selected=[0, 1, 2]
[SCAFFOLD] round 195/200 local_train done in 176.9s
[SCAFFOLD] round 195/200 done  train_acc=1.0000 test_acc=0.9918 best=0.9923@r16 avg_loss=nan eval=264.8s
[SCAFFOLD] round 196/200 start  selected=[0, 1, 2]
[SCAFFOLD] round 196/200 local_train done in 165.0s
[SCAFFOLD] round 196/200 done  train_acc=1.0000 test_acc=0.9918 best=0.9923@r16 avg_loss=nan eval=261.0s
[SCAFFOLD] round 197/200 start  selected=[0, 1, 2]
[SCAFFOLD] round 197/200 local_train done in 168.0s
[SCAFFOLD] round 197/200 done  train_acc=1.0000 test_acc=0.9918 best=0.9923@r16 avg_loss=nan eval=248.8s
[SCAFFOLD] round 198/200 start  selected=[0, 1, 2]
[SCAFFOLD] round 198/200 local_train done in 180.5s
[SCAFFOLD] round 198/200 done  train_acc=1.0000 test_acc=0.9918 best=0.9923@r16 avg_loss=nan eval=251.4s
[SCAFFOLD] round 199/200 start  selected=[0, 1, 2]
[SCAFFOLD] round 199/200 local_train done in 178.0s
[SCAFFOLD] round 199/200 done  train_acc=1.0000 test_acc=0.9918 best=0.9923@r16 avg_loss=nan eval=264.1s
[SCAFFOLD] round 200/200 start  selected=[0, 1, 2]
[SCAFFOLD] round 200/200 local_train done in 170.3s
[SCAFFOLD] round 200/200 done  train_acc=1.0000 test_acc=0.9918 best=0.9923@r16 avg_loss=nan eval=254.8s
[SCAFFOLD] training done in 96257.4s, best round=15 best_acc=0.9923
Model saved to ./checkpoint/SpokenArabicDigits/2026-05-04-10har_scaffold_dir0.05_SpokenArabicDigits_model.pt
