# 2026-05-03 20:57:56  har_fedavg_dir0.1  GPU=1  cwd=/data/user_lixiongfei/CSL-main
# CMD: python3 -u FedCSL_All.py -dataset HAR --config configAVG.yml --dirichlet-alpha 0.1 --seed 42 --description har_fedavg_dir0.1 -dataset LSST

/mnt/data/user_liangzhiyu/envs/fedcsl/lib/python3.8/site-packages/scipy/__init__.py:146: UserWarning: A NumPy version >=1.16.5 and <1.23.0 is required for this version of SciPy (detected version 1.23.5
  warnings.warn(f"A NumPy version >={np_minversion} and <{np_maxversion}"
[config] 'configAVG.yml' 未找到，重定向到 'config/configAVG.yml'
2459
<class 'pandas.core.frame.DataFrame'>
RangeIndex: 2459 entries, 0 to 2458
Data columns (total 7 columns):
 #   Column      Non-Null Count  Dtype 
---  ------      --------------  ----- 
 0   dim_0       2459 non-null   object
 1   dim_1       2459 non-null   object
 2   dim_2       2459 non-null   object
 3   dim_3       2459 non-null   object
 4   dim_4       2459 non-null   object
 5   dim_5       2459 non-null   object
 6   class_vals  2459 non-null   object
dtypes: object(7)
memory usage: 134.6+ KB
None
{36}
<class 'pandas.core.frame.DataFrame'>
RangeIndex: 2459 entries, 0 to 2458
Data columns (total 7 columns):
 #   Column      Non-Null Count  Dtype 
---  ------      --------------  ----- 
 0   dim_0       2459 non-null   object
 1   dim_1       2459 non-null   object
 2   dim_2       2459 non-null   object
 3   dim_3       2459 non-null   object
 4   dim_4       2459 non-null   object
 5   dim_5       2459 non-null   object
 6   class_vals  2459 non-null   object
dtypes: object(7)
memory usage: 134.6+ KB
None
[ 0  0  0 ... 13 13 13]
[  34   35   36   37   38   39   40   41   42   43   44   45   46   47
   48   49   50   51   52   53   54   55   56   57   58   59   60   61
   62   63   64   65   66   67   68   69   70   71   72   73   74   75
   76   77   78   79   80   81   82   83   84   85   86   87   88   89
   90   91   92   93   94   95   96   97   98   99  100  101  102  103
  104  105  106  107  108  109  110  111  112  113  114  115  116  117
  118  119  120  121  122  123  124  125  126  127  128  129  130  131
  132  133  134  135  136  137  138  139  140  141  142  143  144  145
  146  147  148  149  150  151  152  153  154  155  808  809  810  811
  812  813  814  815  816  817  818  819  820  821  822  823  824  825
  826  827  828  829  830  831  832  833  834  835  836  837  838  839
  840  841  842  843  844  845  846  847  848  849  850  851  852  853
  854  855  856  857  858  859  860  861  862  863  864  865  866  867
  877  878  879  880  881  882  883  884  885  886  887  888  889  890
  891  892  893  894  895  896  897  898  899  900  901  902  903  904
  905  906  907  908  909  910  911  912  913  914  915  916  917  918
  919  920  921  922  923  924  925  926  927 1030 1031 1032 1033 1034
 1035 1036 1037 1038 1039 1040 1041 1042 1043 1044 1045 1046 1047 1048
 1049 1050 1051 1053 1054 1055 1056 1057 1058 1059 1060 1061 1062 1063
 1064 1065 1066 1067 1068 1069 1070 1071 1072 1073 1074 1075 1076 1077
 1078 1079 1080 1081 1082 1083 1084 1085 1086 1087 1088 1089 1090 1091
 1092 1093 1094 1095 1096 1097 1098 1099 1100 1101 1102 1103 1104 1105
 1106 1107 1108 1109 1110 1111 1112 1113 1114 1115 1116 1117 1118 1119
 1120 1121 1122 1123 1124 1125 1126 1127 1128 1129 1130 1131 1132 1133
 1134 1135 1136 1137 1138 1139 1140 1141 1142 1143 1144 1145 1146 1147
 1148 1149 1150 1151 1152 1153 1154 1155 1156 1157 1158 1159 1160 1161
 1162 1163 1164 1165 1166 1167 1168 1169 1170 1171 1172 1173 1174 1175
 1176 1177 1178 1179 1180 1181 1182 1183 1184 1185 1186 1187 1188 1189
 1190 1191 1192 1193 1194 1195 1196 1197 1198 1199 1200 1201 1202 1203
 1204 1205 1206 1207 1208 1209 1210 1211 1212 1366 1367 1368 1369 1370
 1371 1372 1373 1374 1375 1376 1377 1378 1379 1380 1381 1382 1383 1384
 1385 1386 1387 1388 1389 1390 1391 1392 1393 1394 1395 1396 1397 1398
 1399 1400 1401 1402 1403 1404 1405 1406 1407 1408 1409 1410 1411 1412
 1413 1414 1434 1435 1436 1437 1438 1439 1440 1441 1442 1443 1444 1445
 1446 1447 1448 1449 1450 1451 1452 1453 1454 1455 1456 1457 1458 1459
 1460 1461 1462 1463 1464 1465 1466 1467 1468 1469 1470 1471 1472 1473
 1474 1475 1476 1477 1478 1479 1480 1481 1482 1483 1484 1485 1486 1487
 1488 1489 1490 1491 1492 1493 1494 1495 1496 1497 1498 1499 1500 1501
 1502 1503 1504 1505 1506 1507 1508 1509 1510 1511 1512 1513 1514 1515
 1516 1517 1518 1519 1520 1521 1522 1523 1524 1525 1526 1527 1528 1529
 1530 1531 1532 1533 1534 1535 1536 1537 2331 2332 2408 2409 2410 2411
 2412 2413 2414 2415 2416 2417 2418 2419 2420 2421 2422 2423 2424 2425
 2426 2427 2428 2429 2430 2431 2432 2433 2434 2435 2436 2437 2438 2439
 2440 2441 2442 2443 2444 2445 2446 2447 2448 2449 2450 2451 2452 2453
 2454 2455 2456 2457]
[1, 1, 1, 1, 1, 1, 1, 1, 1, 1, 1, 1, 1, 1, 1, 1, 1, 1, 1, 1, 1, 1, 1, 1, 1, 1, 1, 1, 1, 1, 1, 1, 1, 1, 1, 1, 1, 1, 1, 1, 1, 1, 1, 1, 1, 1, 1, 1, 1, 1, 1, 1, 1, 1, 1, 1, 1, 1, 1, 1, 1, 1, 1, 1, 1, 1, 1, 1, 1, 1, 1, 1, 1, 1, 1, 1, 1, 1, 1, 1, 1, 1, 1, 1, 1, 1, 1, 1, 1, 1, 1, 1, 1, 1, 1, 1, 1, 1, 1, 1, 1, 1, 1, 1, 1, 1, 1, 1, 1, 1, 1, 1, 1, 1, 1, 1, 1, 1, 1, 1, 1, 1, 4, 4, 4, 4, 4, 4, 4, 4, 4, 4, 4, 4, 4, 4, 4, 4, 4, 4, 4, 4, 4, 4, 4, 4, 4, 4, 4, 4, 4, 4, 4, 4, 4, 4, 4, 4, 4, 4, 4, 4, 4, 4, 4, 4, 4, 4, 4, 4, 4, 4, 4, 4, 4, 4, 4, 4, 4, 4, 4, 4, 6, 6, 6, 6, 6, 6, 6, 6, 6, 6, 6, 6, 6, 6, 6, 6, 6, 6, 6, 6, 6, 6, 6, 6, 6, 6, 6, 6, 6, 6, 6, 6, 6, 6, 6, 6, 6, 6, 6, 6, 6, 6, 6, 6, 6, 6, 6, 6, 6, 6, 6, 7, 7, 7, 7, 7, 7, 7, 7, 7, 7, 7, 7, 7, 7, 7, 7, 7, 7, 7, 7, 7, 7, 8, 8, 8, 8, 8, 8, 8, 8, 8, 8, 8, 8, 8, 8, 8, 8, 8, 8, 8, 8, 8, 8, 8, 8, 8, 8, 8, 8, 8, 8, 8, 8, 8, 8, 8, 8, 8, 8, 8, 8, 8, 8, 8, 8, 8, 8, 8, 8, 8, 8, 8, 8, 8, 8, 8, 8, 8, 8, 8, 8, 8, 8, 8, 8, 8, 8, 8, 8, 8, 8, 8, 8, 8, 8, 8, 8, 8, 8, 8, 8, 8, 8, 8, 8, 8, 8, 8, 8, 8, 8, 8, 8, 8, 8, 8, 8, 8, 8, 8, 8, 8, 8, 8, 8, 8, 8, 8, 8, 8, 8, 8, 8, 8, 8, 8, 8, 8, 8, 8, 8, 8, 8, 8, 8, 8, 8, 8, 8, 8, 8, 8, 8, 8, 8, 8, 8, 8, 8, 8, 8, 8, 8, 8, 8, 8, 8, 8, 8, 8, 8, 8, 8, 8, 8, 8, 8, 8, 8, 8, 8, 9, 9, 9, 9, 9, 9, 9, 9, 9, 9, 9, 9, 9, 9, 9, 9, 9, 9, 9, 9, 9, 9, 9, 9, 9, 9, 9, 9, 9, 9, 9, 9, 9, 9, 9, 9, 9, 9, 9, 9, 9, 9, 9, 9, 9, 9, 9, 9, 9, 10, 10, 10, 10, 10, 10, 10, 10, 10, 10, 10, 10, 10, 10, 10, 10, 10, 10, 10, 10, 10, 10, 10, 10, 10, 10, 10, 10, 10, 10, 10, 10, 10, 10, 10, 10, 10, 10, 10, 10, 10, 10, 10, 10, 10, 10, 10, 10, 10, 10, 10, 10, 10, 10, 10, 10, 10, 10, 10, 10, 10, 10, 10, 10, 10, 10, 10, 10, 10, 10, 10, 10, 10, 10, 10, 10, 10, 10, 10, 10, 10, 10, 10, 10, 10, 10, 10, 10, 10, 10, 10, 10, 10, 10, 10, 10, 10, 10, 10, 10, 10, 10, 10, 10, 12, 12, 13, 13, 13, 13, 13, 13, 13, 13, 13, 13, 13, 13, 13, 13, 13, 13, 13, 13, 13, 13, 13, 13, 13, 13, 13, 13, 13, 13, 13, 13, 13, 13, 13, 13, 13, 13, 13, 13, 13, 13, 13, 13, 13, 13, 13, 13, 13, 13, 13, 13]
[2, 2, 2, 2, 2, 2, 2, 2, 2, 2, 2, 2, 2, 2, 2, 2, 2, 2, 2, 2, 2, 2, 2, 2, 2, 2, 2, 2, 2, 2, 2, 2, 2, 2, 2, 2, 2, 2, 2, 2, 2, 2, 2, 2, 2, 2, 2, 2, 2, 2, 2, 2, 2, 2, 2, 2, 2, 2, 2, 2, 2, 2, 2, 2, 2, 2, 2, 2, 2, 2, 2, 2, 2, 2, 2, 2, 2, 2, 2, 2, 2, 2, 2, 2, 2, 2, 2, 2, 2, 2, 2, 2, 2, 2, 2, 2, 2, 2, 2, 2, 2, 2, 2, 2, 2, 2, 2, 2, 2, 2, 2, 2, 2, 2, 2, 2, 2, 2, 2, 2, 2, 2, 2, 2, 2, 2, 2, 2, 2, 2, 2, 2, 2, 2, 2, 2, 2, 2, 2, 2, 2, 2, 2, 2, 2, 2, 2, 2, 2, 2, 2, 2, 2, 2, 2, 2, 2, 2, 2, 2, 2, 2, 2, 2, 2, 2, 2, 2, 2, 2, 2, 2, 2, 2, 2, 2, 2, 2, 2, 2, 2, 2, 2, 2, 2, 2, 2, 2, 2, 2, 2, 2, 2, 2, 2, 2, 2, 2, 2, 2, 2, 2, 2, 2, 2, 2, 2, 2, 2, 2, 2, 2, 2, 2, 2, 2, 2, 2, 2, 2, 2, 2, 2, 2, 2, 2, 2, 2, 2, 2, 2, 2, 2, 2, 2, 2, 2, 2, 2, 2, 2, 2, 2, 2, 2, 2, 2, 2, 2, 2, 2, 2, 2, 2, 2, 2, 2, 2, 2, 2, 2, 2, 2, 2, 2, 2, 2, 2, 2, 3, 3, 3, 3, 3, 3, 3, 3, 3, 3, 3, 3, 3, 3, 3, 3, 3, 3, 3, 3, 3, 3, 3, 3, 3, 3, 3, 3, 3, 3, 3, 3, 3, 3, 3, 3, 3, 3, 3, 3, 3, 3, 3, 3, 3, 3, 3, 3, 3, 3, 3, 3, 3, 3, 3, 3, 3, 3, 3, 3, 3, 3, 3, 3, 3, 3, 3, 3, 3, 3, 3, 3, 3, 3, 3, 3, 3, 3, 3, 3, 3, 3, 3, 3, 3, 3, 3, 3, 3, 3, 3, 3, 3, 3, 3, 3, 3, 3, 3, 3, 3, 3, 3, 3, 3, 3, 3, 3, 3, 3, 3, 3, 3, 3, 3, 3, 3, 3, 3, 3, 3, 3, 3, 3, 3, 3, 3, 3, 3, 3, 3, 3, 3, 3, 3, 3, 3, 3, 3, 3, 3, 3, 3, 3, 3, 3, 3, 3, 3, 3, 3, 3, 3, 3, 3, 3, 3, 3, 3, 3, 3, 3, 3, 3, 3, 3, 3, 3, 3, 3, 3, 3, 3, 3, 3, 3, 3, 3, 3, 3, 3, 3, 3, 3, 3, 3, 3, 3, 3, 3, 3, 3, 3, 3, 3, 3, 3, 3, 3, 3, 3, 3, 3, 3, 3, 3, 3, 3, 3, 3, 3, 3, 3, 3, 3, 3, 3, 3, 3, 3, 3, 3, 3, 3, 3, 3, 3, 3, 3, 3, 3, 3, 3, 3, 3, 3, 3, 3, 3, 3, 3, 3, 3, 3, 3, 3, 3, 3, 3, 3, 3, 3, 3, 3, 3, 3, 3, 3, 3, 3, 3, 3, 3, 3, 3, 3, 3, 3, 3, 3, 3, 3, 3, 3, 3, 3, 3, 3, 3, 3, 3, 3, 3, 3, 3, 3, 3, 3, 3, 3, 3, 3, 3, 3, 3, 3, 3, 3, 3, 3, 3, 3, 3, 3, 3, 3, 3, 3, 3, 3, 3, 3, 3, 3, 3, 3, 3, 3, 3, 3, 3, 3, 3, 3, 3, 3, 3, 3, 3, 3, 3, 3, 3, 3, 3, 3, 3, 3, 3, 3, 3, 3, 3, 3, 3, 3, 3, 3, 3, 3, 3, 3, 3, 3, 3, 3, 3, 3, 3, 3, 3, 3, 3, 3, 3, 3, 3, 3, 3, 3, 3, 3, 3, 3, 3, 3, 3, 3, 3, 3, 8, 8, 8, 8, 8, 8, 8, 8, 8, 8, 9, 9, 9, 9, 9, 9, 9, 9, 9, 9, 9, 9, 9, 9, 9, 9, 9, 9, 10, 10, 10, 10, 10, 10, 10, 10, 10, 10, 10, 10, 10, 10, 10, 11, 11, 11, 11, 11, 11, 11, 11, 11, 11, 11, 11, 11, 11, 11, 11, 11, 11, 11, 11, 11, 11, 11, 11, 11, 11, 11, 11, 11, 11, 11, 11, 11, 11, 11, 11, 11, 11, 11, 11, 11, 11, 11, 11, 11, 11, 11, 11, 11, 11, 11, 11, 11, 11, 11, 11, 11, 11, 11, 11, 11, 11, 11, 11, 12, 12, 12, 12, 12, 12, 12, 12, 12, 12, 12, 12, 12, 12, 12, 12, 12, 12, 12, 12, 12, 12, 12, 12, 12, 12, 12, 12, 12, 12, 12, 12, 12, 12, 12, 12, 12, 12, 12, 12, 12, 12, 12, 12, 12, 12, 12, 12, 12, 12, 12, 12, 12, 12, 12, 12, 12, 12, 12, 12, 12, 12, 12, 12, 12, 12, 12, 12, 12, 12, 12, 12, 12, 12, 13]
[0, 0, 0, 0, 0, 0, 0, 0, 0, 0, 0, 0, 0, 0, 0, 0, 0, 0, 0, 0, 0, 0, 0, 0, 0, 0, 0, 0, 0, 0, 0, 0, 0, 0, 1, 2, 3, 4, 4, 5, 5, 5, 5, 5, 5, 5, 6, 6, 6, 6, 6, 6, 6, 6, 6, 6, 6, 6, 6, 6, 6, 6, 6, 6, 6, 6, 6, 6, 6, 6, 6, 6, 6, 6, 6, 6, 6, 6, 6, 6, 6, 6, 6, 6, 6, 6, 6, 6, 6, 6, 6, 6, 6, 6, 6, 6, 6, 6, 6, 6, 6, 6, 6, 6, 6, 6, 6, 6, 6, 6, 6, 6, 6, 6, 6, 6, 6, 6, 6, 6, 6, 6, 6, 6, 6, 6, 6, 6, 6, 6, 6, 6, 6, 6, 6, 6, 6, 6, 6, 6, 6, 6, 6, 6, 6, 6, 6, 6, 7, 8, 8, 8, 8, 8, 8, 8, 8, 8, 8, 8, 8, 8, 8, 8, 8, 8, 8, 8, 8, 8, 8, 8, 8, 8, 8, 8, 8, 8, 8, 8, 8, 8, 8, 8, 8, 8, 8, 8, 8, 8, 8, 8, 8, 8, 8, 8, 8, 8, 8, 8, 8, 8, 8, 8, 8, 8, 8, 8, 8, 8, 8, 8, 8, 8, 8, 8, 8, 8, 8, 8, 8, 8, 8, 8, 8, 8, 8, 8, 8, 8, 8, 8, 8, 8, 8, 8, 8, 8, 8, 8, 8, 8, 8, 8, 8, 8, 8, 8, 8, 8, 8, 8, 8, 8, 8, 8, 8, 8, 8, 8, 8, 8, 8, 8, 8, 8, 8, 8, 8, 8, 8, 8, 8, 8, 8, 8, 8, 8, 8, 8, 8, 8, 8, 8, 8, 8, 8, 8, 8, 8, 8, 8, 9, 10, 11, 11, 11, 11, 11, 11, 11, 11, 11, 11, 11, 11, 11, 11, 11, 11, 11, 11, 11, 11, 11, 11, 11, 11, 11, 11, 11, 11, 11, 11, 11, 11, 11, 11, 11, 11, 11, 11, 11, 11, 11, 11, 11, 11, 11, 11, 11, 11, 11, 11, 11, 11, 11, 11, 11, 11, 11, 11, 11, 11, 11, 11, 11, 11, 11, 11, 11, 11, 11, 11, 11, 11, 11, 11, 11, 11, 11, 11, 11, 11, 11, 11, 11, 11, 11, 11, 11, 11, 11, 11, 11, 11, 11, 11, 11, 11, 11, 11, 11, 11, 11, 11, 11, 11, 11, 11, 11, 11, 11, 11, 11, 11, 11, 11, 11, 11, 11, 11, 11, 11, 11, 11, 11, 11, 11, 11, 11, 11, 11, 11, 11, 11, 11, 11, 11, 11, 11, 11, 11, 11, 11, 11, 11, 11, 11, 11, 11, 11, 11, 11, 11, 11, 11, 11, 11, 11, 11, 11, 11, 11, 11, 11, 11, 11, 11, 11, 11, 11, 11, 11, 11, 11, 11, 11, 11, 11, 11, 11, 11, 11, 11, 11, 11, 11, 11, 11, 11, 11, 11, 11, 11, 11, 11, 11, 11, 11, 11, 11, 11, 11, 11, 11, 11, 11, 11, 11, 11, 11, 11, 11, 11, 11, 11, 11, 11, 11, 11, 11, 11, 11, 11, 11, 11, 11, 11, 11, 11, 11, 11, 11, 11, 11, 11, 11, 11, 11, 11, 11, 11, 11, 11, 11, 11, 11, 11, 11, 11, 11, 11, 11, 11, 11, 11, 11, 11, 11, 11, 11, 11, 11, 11, 11, 11, 11, 11, 11, 11, 11, 11, 11, 11, 11, 11, 11, 11, 11, 11, 11, 11, 11, 11, 11, 11, 11, 11, 11, 11, 11, 11, 11, 11, 11, 11, 11, 11, 11, 11, 11, 11, 11, 11, 11, 11, 11, 11, 11, 11, 11, 11, 11, 11, 11, 11, 11, 11, 11, 11, 11, 11, 11, 11, 11, 11, 11, 11, 11, 11, 11, 11, 11, 11, 11, 11, 11, 11, 11, 11, 11, 11, 11, 11, 11, 11, 11, 11, 11, 11, 11, 11, 11, 11, 11, 11, 11, 11, 11, 11, 11, 11, 11, 11, 11, 11, 11, 11, 11, 11, 11, 11, 11, 11, 11, 11, 11, 11, 11, 11, 11, 11, 11, 11, 11, 11, 11, 11, 11, 11, 11, 11, 11, 11, 11, 11, 11, 11, 11, 11, 11, 11, 11, 11, 11, 11, 11, 11, 11, 11, 11, 11, 11, 11, 11, 11, 11, 11, 11, 11, 11, 11, 11, 11, 11, 11, 11, 11, 11, 11, 11, 11, 11, 11, 11, 11, 11, 11, 11, 11, 11, 11, 11, 11, 11, 11, 11, 11, 11, 11, 11, 11, 11, 11, 11, 11, 11, 11, 11, 11, 11, 11, 11, 11, 11, 11, 11, 11, 11, 11, 11, 11, 11, 11, 11, 11, 11, 11, 11, 11, 11, 11, 11, 11, 11, 11, 11, 11, 11, 11, 11, 11, 11, 11, 11, 11, 11, 11, 11, 11, 11, 11, 11, 11, 11, 11, 11, 11, 11, 11, 11, 11, 11, 11, 11, 11, 11, 11, 11, 11, 11, 11, 11, 11, 11, 11, 11, 11, 11, 11, 11, 11, 11, 11, 11, 11, 11, 11, 11, 11, 11, 11, 11, 11, 11, 11, 11, 11, 11, 11, 11, 11, 11, 11, 11, 11, 11, 11, 11, 11, 11, 11, 11, 11, 11, 11, 11, 11, 11, 11, 11, 11, 11, 11, 11, 11, 11, 11, 11, 11, 11, 11, 11, 11, 11, 11, 11, 11, 11, 11, 11, 11, 11, 11, 11, 11, 11, 11, 11, 11, 11, 11, 11, 11, 11, 11, 11, 11, 11, 11, 11, 11, 11, 11, 11, 11, 11, 11, 11, 11, 11, 11, 11, 11, 11, 11, 11, 11, 11, 11, 11, 11, 11, 11, 11, 11, 11, 11, 11, 11, 11, 11, 11, 11, 11, 11, 11, 11, 11, 11, 11, 11, 11, 11, 11, 11, 11, 11, 11, 11, 11, 11, 11, 11, 11, 11, 11, 11, 11, 11, 11, 11, 11, 11, 11, 11, 11, 11, 11, 11, 11, 11, 11, 11, 11, 11, 11, 11, 11, 11, 11, 11, 11, 11, 11, 11, 11, 11, 11, 11, 11, 11, 11, 11, 11, 11, 11, 11, 11, 11, 11, 11, 11, 11, 11, 11, 12]
shapelet initialized!
All 3 clients initialized.
Server device: cuda:0
Client worker groups: [[0], [1], [2]]
Client worker devices: ['cuda:0', 'cuda:0', 'cuda:0']
客户端选择未启用，所有客户端参与聚合
/data/user_lixiongfei/CSL-main/train.py:801: UserWarning: Creating a tensor from a list of numpy.ndarrays is extremely slow. Please consider converting the list to a single numpy.ndarray with numpy.array() before converting to a tensor. (Triggered internally at ../torch/csrc/utils/tensor_new.cpp:278.)
  X = torch.tensor(X, dtype=torch.float)
Classification: train=1.0000 test=0.5807 round=0
[round 0] timing train=73.173s distribution=0.630s agg=0.024s eval=55.268s total=129.097s
Classification: train=1.0000 test=0.5803 round=1
[round 1] timing train=73.132s distribution=0.513s agg=0.019s eval=52.984s total=126.651s
Classification: train=1.0000 test=0.5803 round=2
[round 2] timing train=77.497s distribution=0.582s agg=0.029s eval=54.850s total=132.963s
Classification: train=1.0000 test=0.5839 round=3
[round 3] timing train=71.854s distribution=0.444s agg=0.018s eval=52.641s total=124.963s
Classification: train=1.0000 test=0.5880 round=4
[round 4] timing train=70.372s distribution=0.480s agg=0.030s eval=53.160s total=124.045s
Classification: train=1.0000 test=0.5888 round=5
[round 5] timing train=75.237s distribution=0.524s agg=0.023s eval=52.649s total=128.436s
Classification: train=1.0000 test=0.5876 round=6
[round 6] timing train=79.167s distribution=0.439s agg=0.037s eval=55.938s total=135.585s
Classification: train=1.0000 test=0.5872 round=7
[round 7] timing train=76.341s distribution=0.595s agg=0.039s eval=57.059s total=134.039s
Classification: train=1.0000 test=0.5888 round=8
[round 8] timing train=76.614s distribution=0.483s agg=0.046s eval=57.947s total=135.097s
Classification: train=1.0000 test=0.5852 round=9
[round 9] timing train=76.903s distribution=0.554s agg=0.038s eval=57.560s total=135.067s
Classification: train=1.0000 test=0.5884 round=10
[round 10] timing train=79.412s distribution=0.446s agg=0.091s eval=58.398s total=138.353s
Classification: train=1.0000 test=0.5872 round=11
[round 11] timing train=79.758s distribution=0.596s agg=0.061s eval=56.911s total=137.338s
Classification: train=1.0000 test=0.5884 round=12
[round 12] timing train=77.917s distribution=0.482s agg=0.034s eval=56.845s total=135.292s
Classification: train=1.0000 test=0.5856 round=13
[round 13] timing train=79.821s distribution=0.535s agg=0.027s eval=60.674s total=141.064s
Classification: train=1.0000 test=0.5872 round=14
[round 14] timing train=81.728s distribution=0.527s agg=0.074s eval=58.912s total=141.248s
Classification: train=1.0000 test=0.5868 round=15
[round 15] timing train=79.150s distribution=0.544s agg=0.029s eval=57.130s total=136.864s
Classification: train=1.0000 test=0.5823 round=16
[round 16] timing train=73.618s distribution=0.519s agg=0.046s eval=63.035s total=137.222s
Classification: train=1.0000 test=0.5852 round=17
[round 17] timing train=76.921s distribution=0.498s agg=0.064s eval=56.922s total=134.415s
Classification: train=1.0000 test=0.5835 round=18
[round 18] timing train=77.857s distribution=0.593s agg=0.057s eval=57.315s total=135.826s
Classification: train=1.0000 test=0.5823 round=19
[round 19] timing train=78.683s distribution=0.498s agg=0.051s eval=58.832s total=138.071s
Classification: train=1.0000 test=0.5843 round=20
[round 20] timing train=79.613s distribution=0.504s agg=0.043s eval=59.078s total=139.242s
Classification: train=1.0000 test=0.5843 round=21
[round 21] timing train=77.305s distribution=0.494s agg=0.030s eval=59.889s total=137.724s
Classification: train=1.0000 test=0.5835 round=22
[round 22] timing train=75.109s distribution=0.513s agg=0.047s eval=56.924s total=132.597s
Classification: train=1.0000 test=0.5839 round=23
[round 23] timing train=81.004s distribution=0.581s agg=0.053s eval=56.709s total=138.351s
Classification: train=1.0000 test=0.5819 round=24
[round 24] timing train=76.727s distribution=0.548s agg=0.029s eval=58.203s total=135.520s
Classification: train=1.0000 test=0.5884 round=25
[round 25] timing train=79.241s distribution=0.592s agg=0.043s eval=59.458s total=139.339s
Classification: train=1.0000 test=0.5872 round=26
[round 26] timing train=79.818s distribution=0.525s agg=0.064s eval=60.101s total=140.513s
Classification: train=1.0000 test=0.5921 round=27
[round 27] timing train=86.037s distribution=0.495s agg=0.039s eval=56.272s total=142.848s
Classification: train=1.0000 test=0.5904 round=28
[round 28] timing train=79.658s distribution=0.539s agg=0.051s eval=57.588s total=137.840s
Classification: train=1.0000 test=0.5900 round=29
[round 29] timing train=85.345s distribution=0.514s agg=0.083s eval=54.777s total=140.725s
[fedcsl] checkpoint saved → ./checkpoint/resume/fedcsl_LSST_2026-05-03-20har_fedavg_dir0.1.pt (round=30)
Classification: train=1.0000 test=0.5929 round=30
[round 30] timing train=85.861s distribution=0.547s agg=0.045s eval=57.380s total=143.842s
Classification: train=1.0000 test=0.5896 round=31
[round 31] timing train=79.693s distribution=0.491s agg=0.090s eval=57.591s total=137.875s
Classification: train=1.0000 test=0.5900 round=32
[round 32] timing train=86.576s distribution=0.522s agg=0.115s eval=56.782s total=144.017s
Classification: train=1.0000 test=0.5872 round=33
[round 33] timing train=80.500s distribution=0.648s agg=0.038s eval=57.368s total=138.560s
Classification: train=1.0000 test=0.5868 round=34
[round 34] timing train=86.241s distribution=0.382s agg=0.107s eval=57.631s total=144.371s
Classification: train=1.0000 test=0.5876 round=35
[round 35] timing train=81.940s distribution=0.468s agg=0.048s eval=59.174s total=141.645s
Classification: train=1.0000 test=0.5872 round=36
[round 36] timing train=79.025s distribution=0.766s agg=0.047s eval=59.856s total=139.698s
Classification: train=1.0000 test=0.5896 round=37
[round 37] timing train=90.557s distribution=0.529s agg=0.101s eval=58.267s total=149.467s
Classification: train=1.0000 test=0.5904 round=38
[round 38] timing train=80.556s distribution=0.529s agg=0.046s eval=58.257s total=139.418s
Classification: train=1.0000 test=0.5888 round=39
[round 39] timing train=76.328s distribution=0.599s agg=0.071s eval=55.640s total=132.649s
Classification: train=1.0000 test=0.5896 round=40
[round 40] timing train=74.795s distribution=0.450s agg=0.040s eval=57.036s total=132.332s
Classification: train=1.0000 test=0.5908 round=41
[round 41] timing train=81.726s distribution=0.538s agg=0.042s eval=55.988s total=138.299s
Classification: train=1.0000 test=0.5912 round=42
[round 42] timing train=76.299s distribution=0.566s agg=0.046s eval=55.633s total=132.548s
Classification: train=1.0000 test=0.5896 round=43
[round 43] timing train=75.790s distribution=0.567s agg=0.053s eval=56.907s total=133.332s
Classification: train=1.0000 test=0.5912 round=44
[round 44] timing train=77.839s distribution=0.599s agg=0.087s eval=55.414s total=133.945s
Classification: train=1.0000 test=0.5912 round=45
[round 45] timing train=77.473s distribution=0.592s agg=0.043s eval=58.166s total=136.279s
Classification: train=1.0000 test=0.5900 round=46
[round 46] timing train=84.246s distribution=0.521s agg=0.118s eval=56.057s total=140.946s
Classification: train=1.0000 test=0.5864 round=47
[round 47] timing train=89.797s distribution=0.782s agg=0.103s eval=77.554s total=168.245s
Classification: train=1.0000 test=0.5892 round=48
[round 48] timing train=101.910s distribution=0.815s agg=0.281s eval=75.771s total=178.807s
Classification: train=1.0000 test=0.5904 round=49
[round 49] timing train=94.933s distribution=0.669s agg=0.091s eval=72.787s total=168.505s
Classification: train=1.0000 test=0.5912 round=50
[round 50] timing train=99.887s distribution=0.849s agg=0.080s eval=72.760s total=173.592s
Classification: train=1.0000 test=0.5904 round=51
[round 51] timing train=100.526s distribution=0.789s agg=0.124s eval=72.391s total=173.844s
Classification: train=1.0000 test=0.5912 round=52
[round 52] timing train=106.015s distribution=0.688s agg=0.153s eval=78.595s total=185.479s
Classification: train=1.0000 test=0.5921 round=53
[round 53] timing train=97.668s distribution=0.644s agg=0.070s eval=75.176s total=173.565s
Classification: train=1.0000 test=0.5921 round=54
[round 54] timing train=97.544s distribution=0.778s agg=0.089s eval=75.459s total=173.893s
Classification: train=1.0000 test=0.5908 round=55
[round 55] timing train=101.816s distribution=0.773s agg=0.147s eval=89.094s total=191.868s
Classification: train=1.0000 test=0.5925 round=56
[round 56] timing train=127.208s distribution=0.791s agg=0.165s eval=91.483s total=219.655s
Classification: train=1.0000 test=0.5880 round=57
[round 57] timing train=124.662s distribution=0.906s agg=0.113s eval=87.595s total=213.333s
Classification: train=1.0000 test=0.5876 round=58
[round 58] timing train=122.742s distribution=0.897s agg=0.129s eval=89.331s total=213.143s
Classification: train=1.0000 test=0.5888 round=59
[round 59] timing train=122.813s distribution=0.788s agg=0.089s eval=85.071s total=208.805s
[fedcsl] checkpoint saved → ./checkpoint/resume/fedcsl_LSST_2026-05-03-20har_fedavg_dir0.1.pt (round=60)
Classification: train=1.0000 test=0.5868 round=60
[round 60] timing train=120.370s distribution=0.820s agg=0.071s eval=88.530s total=209.809s
Classification: train=1.0000 test=0.5884 round=61
[round 61] timing train=122.980s distribution=0.579s agg=0.126s eval=89.028s total=212.765s
Classification: train=1.0000 test=0.5896 round=62
[round 62] timing train=123.283s distribution=0.903s agg=0.138s eval=89.657s total=213.995s
Classification: train=1.0000 test=0.5937 round=63
[round 63] timing train=123.561s distribution=0.746s agg=0.097s eval=92.371s total=216.790s
Classification: train=1.0000 test=0.5941 round=64
[round 64] timing train=122.027s distribution=0.983s agg=0.138s eval=98.153s total=221.312s
Classification: train=1.0000 test=0.5921 round=65
[round 65] timing train=124.782s distribution=0.764s agg=0.264s eval=93.318s total=219.141s
Classification: train=1.0000 test=0.5933 round=66
[round 66] timing train=128.829s distribution=0.872s agg=0.284s eval=95.553s total=225.550s
Classification: train=1.0000 test=0.5900 round=67
[round 67] timing train=123.929s distribution=0.594s agg=0.193s eval=93.524s total=218.275s
Classification: train=1.0000 test=0.5908 round=68
[round 68] timing train=125.363s distribution=0.932s agg=0.161s eval=97.980s total=224.450s
Classification: train=1.0000 test=0.5925 round=69
[round 69] timing train=124.836s distribution=0.781s agg=0.177s eval=93.824s total=219.646s
Classification: train=1.0000 test=0.5900 round=70
[round 70] timing train=125.994s distribution=0.912s agg=0.157s eval=96.529s total=223.599s
Classification: train=1.0000 test=0.5876 round=71
[round 71] timing train=123.224s distribution=0.849s agg=0.138s eval=94.806s total=219.037s
Classification: train=1.0000 test=0.5876 round=72
[round 72] timing train=125.482s distribution=0.918s agg=0.233s eval=96.606s total=223.253s
Classification: train=1.0000 test=0.5929 round=73
[round 73] timing train=126.723s distribution=0.905s agg=0.084s eval=97.411s total=225.195s
Classification: train=1.0000 test=0.5860 round=74
[round 74] timing train=128.977s distribution=0.934s agg=0.379s eval=96.090s total=226.395s
Classification: train=1.0000 test=0.5872 round=75
[round 75] timing train=128.517s distribution=0.906s agg=0.181s eval=92.409s total=222.045s
Classification: train=1.0000 test=0.5925 round=76
[round 76] timing train=127.841s distribution=1.165s agg=0.122s eval=86.945s total=216.089s
Classification: train=1.0000 test=0.5896 round=77
[round 77] timing train=129.625s distribution=1.156s agg=0.131s eval=93.263s total=224.187s
Classification: train=1.0000 test=0.5912 round=78
[round 78] timing train=129.808s distribution=1.080s agg=0.226s eval=90.749s total=221.909s
Classification: train=1.0000 test=0.5864 round=79
[round 79] timing train=129.044s distribution=0.645s agg=0.163s eval=92.368s total=222.247s
Classification: train=1.0000 test=0.5892 round=80
[round 80] timing train=128.885s distribution=0.863s agg=0.108s eval=86.622s total=216.484s
Classification: train=1.0000 test=0.5856 round=81
[round 81] timing train=106.424s distribution=0.733s agg=0.130s eval=86.681s total=193.980s
Classification: train=1.0000 test=0.5900 round=82
[round 82] timing train=128.233s distribution=1.056s agg=0.178s eval=95.590s total=225.077s
Classification: train=1.0000 test=0.5912 round=83
[round 83] timing train=126.003s distribution=0.979s agg=0.122s eval=90.028s total=217.186s
Classification: train=1.0000 test=0.5916 round=84
[round 84] timing train=125.731s distribution=1.116s agg=0.215s eval=92.983s total=220.063s
Classification: train=1.0000 test=0.5912 round=85
[round 85] timing train=127.610s distribution=1.030s agg=0.264s eval=90.580s total=219.502s
Classification: train=1.0000 test=0.5876 round=86
[round 86] timing train=111.102s distribution=0.771s agg=0.040s eval=81.702s total=193.636s
Classification: train=1.0000 test=0.5876 round=87
[round 87] timing train=122.950s distribution=0.760s agg=0.201s eval=92.147s total=216.063s
Classification: train=1.0000 test=0.5937 round=88
[round 88] timing train=131.396s distribution=0.977s agg=0.169s eval=90.683s total=223.248s
Classification: train=1.0000 test=0.5888 round=89
[round 89] timing train=127.629s distribution=1.090s agg=0.201s eval=88.940s total=217.908s
[fedcsl] checkpoint saved → ./checkpoint/resume/fedcsl_LSST_2026-05-03-20har_fedavg_dir0.1.pt (round=90)
Classification: train=1.0000 test=0.5872 round=90
[round 90] timing train=124.861s distribution=0.731s agg=0.093s eval=94.209s total=219.909s
Classification: train=1.0000 test=0.5921 round=91
[round 91] timing train=129.249s distribution=0.884s agg=0.171s eval=93.717s total=224.033s
Classification: train=1.0000 test=0.5888 round=92
[round 92] timing train=124.219s distribution=0.997s agg=0.164s eval=90.167s total=215.561s
Classification: train=1.0000 test=0.5896 round=93
[round 93] timing train=126.074s distribution=0.676s agg=0.097s eval=93.532s total=220.395s
Classification: train=1.0000 test=0.5848 round=94
[round 94] timing train=125.689s distribution=0.941s agg=0.124s eval=86.977s total=213.776s
Classification: train=1.0000 test=0.5876 round=95
[round 95] timing train=123.616s distribution=0.826s agg=0.131s eval=91.616s total=216.204s
Classification: train=1.0000 test=0.5904 round=96
[round 96] timing train=122.244s distribution=0.908s agg=0.124s eval=98.419s total=221.707s
Classification: train=1.0000 test=0.5884 round=97
[round 97] timing train=121.064s distribution=1.027s agg=0.188s eval=93.720s total=216.028s
Classification: train=1.0000 test=0.5876 round=98
[round 98] timing train=126.497s distribution=0.930s agg=0.080s eval=95.158s total=222.693s
Classification: train=1.0000 test=0.5896 round=99
[round 99] timing train=126.866s distribution=0.880s agg=0.118s eval=97.141s total=225.035s
Classification: train=1.0000 test=0.5876 round=100
[round 100] timing train=126.042s distribution=0.994s agg=0.202s eval=90.339s total=217.584s
Classification: train=1.0000 test=0.5880 round=101
[round 101] timing train=129.272s distribution=0.876s agg=0.229s eval=90.114s total=220.500s
Classification: train=1.0000 test=0.5900 round=102
[round 102] timing train=125.729s distribution=0.724s agg=0.110s eval=92.574s total=219.160s
Classification: train=1.0000 test=0.5884 round=103
[round 103] timing train=125.212s distribution=0.961s agg=0.260s eval=93.830s total=220.284s
Classification: train=1.0000 test=0.5892 round=104
[round 104] timing train=128.119s distribution=0.870s agg=0.100s eval=98.478s total=227.581s
Classification: train=1.0000 test=0.5884 round=105
[round 105] timing train=129.254s distribution=0.776s agg=0.116s eval=89.251s total=219.441s
Classification: train=1.0000 test=0.5896 round=106
[round 106] timing train=127.096s distribution=0.802s agg=0.148s eval=90.510s total=218.592s
Classification: train=1.0000 test=0.5941 round=107
[round 107] timing train=129.657s distribution=0.758s agg=0.255s eval=87.974s total=218.663s
Classification: train=1.0000 test=0.5892 round=108
[round 108] timing train=127.110s distribution=0.857s agg=0.213s eval=87.966s total=216.164s
Classification: train=1.0000 test=0.5916 round=109
[round 109] timing train=130.220s distribution=0.857s agg=0.282s eval=89.966s total=221.342s
Classification: train=1.0000 test=0.5933 round=110
[round 110] timing train=126.160s distribution=0.828s agg=0.224s eval=93.426s total=220.652s
Classification: train=1.0000 test=0.5900 round=111
[round 111] timing train=125.504s distribution=0.923s agg=0.123s eval=83.759s total=210.317s
Classification: train=1.0000 test=0.5908 round=112
[round 112] timing train=119.885s distribution=0.741s agg=0.181s eval=78.743s total=199.584s
Classification: train=1.0000 test=0.5929 round=113
[round 113] timing train=121.796s distribution=0.809s agg=0.108s eval=94.241s total=216.960s
Classification: train=1.0000 test=0.5912 round=114
[round 114] timing train=125.099s distribution=0.722s agg=0.116s eval=99.073s total=225.021s
Classification: train=1.0000 test=0.5949 round=115
[round 115] timing train=122.695s distribution=0.950s agg=0.114s eval=95.030s total=218.817s
Classification: train=1.0000 test=0.5941 round=116
[round 116] timing train=125.505s distribution=0.726s agg=0.106s eval=93.482s total=219.822s
Classification: train=1.0000 test=0.5916 round=117
[round 117] timing train=127.044s distribution=0.867s agg=0.234s eval=87.766s total=215.928s
Classification: train=1.0000 test=0.5908 round=118
[round 118] timing train=99.598s distribution=0.706s agg=0.172s eval=79.469s total=180.005s
Classification: train=1.0000 test=0.5872 round=119
[round 119] timing train=128.430s distribution=0.886s agg=0.117s eval=89.790s total=219.230s
[fedcsl] checkpoint saved → ./checkpoint/resume/fedcsl_LSST_2026-05-03-20har_fedavg_dir0.1.pt (round=120)
Classification: train=1.0000 test=0.5892 round=120
[round 120] timing train=129.513s distribution=0.991s agg=0.319s eval=89.110s total=219.942s
Classification: train=1.0000 test=0.5888 round=121
[round 121] timing train=128.668s distribution=0.881s agg=0.316s eval=94.880s total=224.753s
Classification: train=1.0000 test=0.5929 round=122
[round 122] timing train=128.855s distribution=0.870s agg=0.306s eval=87.074s total=217.115s
Classification: train=1.0000 test=0.5904 round=123
[round 123] timing train=127.160s distribution=0.988s agg=0.262s eval=93.744s total=222.187s
Classification: train=1.0000 test=0.5908 round=124
[round 124] timing train=128.158s distribution=0.670s agg=0.172s eval=92.113s total=221.143s
Classification: train=1.0000 test=0.5916 round=125
[round 125] timing train=129.792s distribution=0.951s agg=0.095s eval=92.414s total=223.267s
Classification: train=1.0000 test=0.5884 round=126
[round 126] timing train=130.936s distribution=1.085s agg=0.203s eval=89.689s total=221.941s
Classification: train=1.0000 test=0.5904 round=127
[round 127] timing train=129.050s distribution=1.271s agg=0.160s eval=89.357s total=219.853s
Classification: train=1.0000 test=0.5916 round=128
[round 128] timing train=126.762s distribution=0.997s agg=0.236s eval=93.892s total=221.917s
Classification: train=1.0000 test=0.5876 round=129
[round 129] timing train=126.293s distribution=0.834s agg=0.204s eval=91.606s total=218.945s
Classification: train=1.0000 test=0.5904 round=130
[round 130] timing train=123.262s distribution=0.890s agg=0.121s eval=94.805s total=219.087s
Classification: train=1.0000 test=0.5892 round=131
[round 131] timing train=127.899s distribution=0.993s agg=0.192s eval=89.853s total=218.942s
Classification: train=1.0000 test=0.5880 round=132
[round 132] timing train=126.580s distribution=0.744s agg=0.061s eval=91.969s total=219.392s
Classification: train=1.0000 test=0.5904 round=133
[round 133] timing train=128.329s distribution=0.826s agg=0.177s eval=94.103s total=223.488s
Classification: train=1.0000 test=0.5868 round=134
[round 134] timing train=126.622s distribution=0.953s agg=0.162s eval=92.172s total=219.951s
Classification: train=1.0000 test=0.5856 round=135
[round 135] timing train=125.566s distribution=0.982s agg=0.120s eval=92.879s total=219.578s
Classification: train=1.0000 test=0.5912 round=136
[round 136] timing train=128.831s distribution=0.804s agg=0.195s eval=93.595s total=223.467s
Classification: train=1.0000 test=0.5921 round=137
[round 137] timing train=127.204s distribution=0.846s agg=0.231s eval=93.110s total=221.408s
Classification: train=1.0000 test=0.5868 round=138
[round 138] timing train=127.467s distribution=0.773s agg=0.128s eval=91.631s total=220.033s
Classification: train=1.0000 test=0.5852 round=139
[round 139] timing train=125.677s distribution=0.699s agg=0.209s eval=90.471s total=217.076s
Classification: train=1.0000 test=0.5860 round=140
[round 140] timing train=124.874s distribution=0.789s agg=0.062s eval=91.309s total=217.046s
Classification: train=1.0000 test=0.5835 round=141
[round 141] timing train=127.398s distribution=0.954s agg=0.163s eval=94.725s total=223.248s
Classification: train=1.0000 test=0.5839 round=142
[round 142] timing train=125.002s distribution=0.901s agg=0.197s eval=97.164s total=223.279s
Classification: train=1.0000 test=0.5876 round=143
[round 143] timing train=126.138s distribution=0.905s agg=0.149s eval=88.178s total=215.385s
Classification: train=1.0000 test=0.5860 round=144
[round 144] timing train=103.778s distribution=1.080s agg=0.149s eval=92.525s total=197.538s
Classification: train=1.0000 test=0.5876 round=145
[round 145] timing train=127.025s distribution=0.923s agg=0.115s eval=95.532s total=223.602s
Classification: train=1.0000 test=0.5876 round=146
[round 146] timing train=128.227s distribution=1.047s agg=0.241s eval=92.540s total=222.090s
Classification: train=1.0000 test=0.5852 round=147
[round 147] timing train=125.748s distribution=0.952s agg=0.093s eval=93.965s total=220.769s
Classification: train=1.0000 test=0.5843 round=148
[round 148] timing train=121.530s distribution=0.904s agg=0.119s eval=92.769s total=215.334s
Classification: train=1.0000 test=0.5827 round=149
[round 149] timing train=125.621s distribution=0.836s agg=0.282s eval=76.724s total=203.480s
[fedcsl] checkpoint saved → ./checkpoint/resume/fedcsl_LSST_2026-05-03-20har_fedavg_dir0.1.pt (round=150)
Classification: train=1.0000 test=0.5860 round=150
[round 150] timing train=101.157s distribution=0.895s agg=0.288s eval=90.617s total=192.965s
Classification: train=1.0000 test=0.5856 round=151
[round 151] timing train=126.839s distribution=0.720s agg=0.178s eval=92.295s total=220.039s
Classification: train=1.0000 test=0.5852 round=152
[round 152] timing train=125.748s distribution=1.010s agg=0.127s eval=87.976s total=214.888s
Classification: train=1.0000 test=0.5856 round=153
[round 153] timing train=126.875s distribution=1.029s agg=0.190s eval=96.468s total=224.591s
Classification: train=1.0000 test=0.5852 round=154
[round 154] timing train=125.103s distribution=0.769s agg=0.145s eval=97.206s total=223.253s
Classification: train=1.0000 test=0.5892 round=155
[round 155] timing train=123.327s distribution=1.039s agg=0.091s eval=90.940s total=215.422s
Classification: train=1.0000 test=0.5892 round=156
[round 156] timing train=124.700s distribution=0.952s agg=0.147s eval=87.688s total=213.497s
Classification: train=1.0000 test=0.5884 round=157
[round 157] timing train=123.518s distribution=1.062s agg=0.105s eval=94.028s total=218.728s
Classification: train=1.0000 test=0.5888 round=158
[round 158] timing train=127.233s distribution=1.139s agg=0.212s eval=92.970s total=221.561s
Classification: train=1.0000 test=0.5880 round=159
[round 159] timing train=125.804s distribution=0.782s agg=0.180s eval=92.614s total=219.405s
Classification: train=1.0000 test=0.5900 round=160
[round 160] timing train=125.695s distribution=0.773s agg=0.128s eval=90.699s total=217.306s
Classification: train=1.0000 test=0.5896 round=161
[round 161] timing train=129.009s distribution=0.620s agg=0.124s eval=92.989s total=222.749s
Classification: train=1.0000 test=0.5892 round=162
[round 162] timing train=124.293s distribution=0.794s agg=0.213s eval=92.318s total=217.633s
Classification: train=1.0000 test=0.5888 round=163
[round 163] timing train=122.352s distribution=0.774s agg=0.051s eval=87.247s total=210.436s
Classification: train=1.0000 test=0.5880 round=164
[round 164] timing train=126.820s distribution=0.774s agg=0.253s eval=95.213s total=223.078s
Classification: train=1.0000 test=0.5884 round=165
[round 165] timing train=123.266s distribution=0.852s agg=0.110s eval=91.932s total=216.175s
Classification: train=1.0000 test=0.5872 round=166
[round 166] timing train=126.876s distribution=0.716s agg=0.094s eval=91.133s total=218.848s
Classification: train=1.0000 test=0.5884 round=167
[round 167] timing train=124.098s distribution=0.893s agg=0.159s eval=95.605s total=220.821s
Classification: train=1.0000 test=0.5868 round=168
[round 168] timing train=126.861s distribution=1.048s agg=0.176s eval=89.921s total=218.051s
Classification: train=1.0000 test=0.5884 round=169
[round 169] timing train=126.531s distribution=0.913s agg=0.113s eval=89.745s total=217.316s
Classification: train=1.0000 test=0.5864 round=170
[round 170] timing train=126.102s distribution=0.984s agg=0.258s eval=92.707s total=220.086s
Classification: train=1.0000 test=0.5916 round=171
[round 171] timing train=127.571s distribution=0.846s agg=0.146s eval=93.242s total=221.824s
Classification: train=1.0000 test=0.5904 round=172
[round 172] timing train=125.367s distribution=0.759s agg=0.187s eval=94.571s total=220.913s
Classification: train=1.0000 test=0.5916 round=173
[round 173] timing train=123.366s distribution=0.700s agg=0.104s eval=98.942s total=223.139s
Classification: train=1.0000 test=0.5904 round=174
[round 174] timing train=120.851s distribution=0.957s agg=0.247s eval=93.518s total=215.589s
Classification: train=1.0000 test=0.5912 round=175
[round 175] timing train=120.833s distribution=0.688s agg=0.340s eval=76.202s total=198.097s
Classification: train=1.0000 test=0.5908 round=176
[round 176] timing train=124.896s distribution=0.832s agg=0.144s eval=92.281s total=218.163s
Classification: train=1.0000 test=0.5900 round=177
[round 177] timing train=128.043s distribution=1.056s agg=0.164s eval=89.588s total=218.897s
Classification: train=1.0000 test=0.5941 round=178
[round 178] timing train=132.259s distribution=0.677s agg=0.120s eval=87.473s total=220.543s
Classification: train=1.0000 test=0.5945 round=179
[round 179] timing train=129.517s distribution=1.202s agg=0.417s eval=88.549s total=219.712s
[fedcsl] checkpoint saved → ./checkpoint/resume/fedcsl_LSST_2026-05-03-20har_fedavg_dir0.1.pt (round=180)
Classification: train=1.0000 test=0.5900 round=180
[round 180] timing train=127.702s distribution=0.764s agg=0.222s eval=84.294s total=212.999s
Classification: train=1.0000 test=0.5929 round=181
[round 181] timing train=101.663s distribution=0.531s agg=0.061s eval=91.483s total=193.748s
Classification: train=1.0000 test=0.5921 round=182
[round 182] timing train=128.201s distribution=0.985s agg=0.143s eval=93.763s total=223.098s
Classification: train=1.0000 test=0.5888 round=183
[round 183] timing train=128.994s distribution=0.950s agg=0.182s eval=85.877s total=216.009s
Classification: train=1.0000 test=0.5892 round=184
[round 184] timing train=127.884s distribution=1.011s agg=0.076s eval=88.550s total=217.527s
Classification: train=1.0000 test=0.5888 round=185
[round 185] timing train=125.481s distribution=0.825s agg=0.160s eval=87.459s total=213.932s
Classification: train=1.0000 test=0.5916 round=186
[round 186] timing train=125.626s distribution=0.889s agg=0.259s eval=91.547s total=218.330s
Classification: train=1.0000 test=0.5876 round=187
[round 187] timing train=126.860s distribution=0.599s agg=0.136s eval=86.286s total=213.890s
Classification: train=1.0000 test=0.5876 round=188
[round 188] timing train=122.684s distribution=0.760s agg=0.191s eval=95.749s total=219.410s
Classification: train=1.0000 test=0.5908 round=189
[round 189] timing train=128.261s distribution=0.695s agg=0.163s eval=97.357s total=226.487s
Classification: train=1.0000 test=0.5904 round=190
[round 190] timing train=122.992s distribution=0.732s agg=0.148s eval=92.236s total=216.164s
Classification: train=1.0000 test=0.5912 round=191
[round 191] timing train=124.413s distribution=0.752s agg=0.145s eval=90.299s total=215.620s
Classification: train=1.0000 test=0.5876 round=192
[round 192] timing train=122.800s distribution=1.102s agg=0.156s eval=89.676s total=213.748s
Classification: train=1.0000 test=0.5888 round=193
[round 193] timing train=122.598s distribution=0.883s agg=0.180s eval=90.722s total=214.400s
Classification: train=1.0000 test=0.5860 round=194
[round 194] timing train=124.381s distribution=0.724s agg=0.146s eval=91.982s total=217.247s
Classification: train=1.0000 test=0.5888 round=195
[round 195] timing train=120.058s distribution=0.957s agg=0.115s eval=94.255s total=215.422s
Classification: train=1.0000 test=0.5908 round=196
[round 196] timing train=120.537s distribution=0.878s agg=0.183s eval=90.118s total=211.749s
Classification: train=1.0000 test=0.5900 round=197
[round 197] timing train=123.737s distribution=0.806s agg=0.267s eval=88.182s total=212.998s
Classification: train=1.0000 test=0.5904 round=198
[round 198] timing train=119.785s distribution=0.800s agg=0.031s eval=95.143s total=215.810s
Classification: train=1.0000 test=0.5908 round=199
[round 199] timing train=122.775s distribution=1.031s agg=0.059s eval=88.024s total=211.940s
best round is 115, acc is 0.594891
Model saved to ./checkpoint/LSST/2026-05-03-20har_fedavg_dir0.1_LSST_model.pt
