# 2026-05-05 13:31:09  har_fedcsl-onehot-splitteacher_dir0.3  GPU=4  cwd=/data/user_lixiongfei/CSL-main
# CMD: python3 -u FedCSL_All.py -dataset HAR --config configFedCSL_OneHot_SplitTeacher.yml --dirichlet-alpha 0.3 --seed 42 --description har_fedcsl-onehot-splitteacher_dir0.3 -dataset PhonemeSpectra

/mnt/data/user_liangzhiyu/envs/fedcsl/lib/python3.8/site-packages/scipy/__init__.py:146: UserWarning: A NumPy version >=1.16.5 and <1.23.0 is required for this version of SciPy (detected version 1.23.5
  warnings.warn(f"A NumPy version >={np_minversion} and <{np_maxversion}"
[config] 'configFedCSL_OneHot_SplitTeacher.yml' 未找到，重定向到 'config/configFedCSL_OneHot_SplitTeacher.yml'
3315
<class 'pandas.core.frame.DataFrame'>
RangeIndex: 3315 entries, 0 to 3314
Data columns (total 12 columns):
 #   Column      Non-Null Count  Dtype 
---  ------      --------------  ----- 
 0   dim_0       3315 non-null   object
 1   dim_1       3315 non-null   object
 2   dim_2       3315 non-null   object
 3   dim_3       3315 non-null   object
 4   dim_4       3315 non-null   object
 5   dim_5       3315 non-null   object
 6   dim_6       3315 non-null   object
 7   dim_7       3315 non-null   object
 8   dim_8       3315 non-null   object
 9   dim_9       3315 non-null   object
 10  dim_10      3315 non-null   object
 11  class_vals  3315 non-null   object
dtypes: object(12)
memory usage: 310.9+ KB
None
{217}
<class 'pandas.core.frame.DataFrame'>
RangeIndex: 3315 entries, 0 to 3314
Data columns (total 12 columns):
 #   Column      Non-Null Count  Dtype 
---  ------      --------------  ----- 
 0   dim_0       3315 non-null   object
 1   dim_1       3315 non-null   object
 2   dim_2       3315 non-null   object
 3   dim_3       3315 non-null   object
 4   dim_4       3315 non-null   object
 5   dim_5       3315 non-null   object
 6   dim_6       3315 non-null   object
 7   dim_7       3315 non-null   object
 8   dim_8       3315 non-null   object
 9   dim_9       3315 non-null   object
 10  dim_10      3315 non-null   object
 11  class_vals  3315 non-null   object
dtypes: object(12)
memory usage: 310.9+ KB
None
[ 0  0  0 ... 38 38 38]
[   0    1   85   86   87   88   89   90   91   92   93   94   95   96
   97   98   99  100  101  102  103  104  105  106  107  108  109  110
  111  112  113  114  115  116  117  118  119  120  121  122  123  124
  125  126  127  128  129  130  131  132  133  134  135  136  137  138
  139  140  141  142  143  144  145  146  147  148  149  150  151  152
  153  154  155  156  170  340  341  342  343  344  345  346  347  348
  349  350  351  352  353  354  355  356  357  358  359  360  361  362
  363  364  365  366  367  368  369  370  371  372  373  374  375  376
  377  378  379  380  381  382  383  384  385  386  387  388  389  390
  391  392  393  394  395  396  397  398  399  400  401  402  403  404
  405  406  510  511  512  513  514  515  516  517  518  519  520  521
  522  523  524  525  526  527  528  529  530  531  532  533  534  535
  536  537  538  539  595  596  597  598  599  600  601  602  603  604
  605  606  607  608  609  610  611  612  613  614  615  616  617  618
  619  620  621  622  623  624  625  626  680  681  682  683  684  685
  686  765  766  767  768  769  770  771  772  773  774  775  776  777
  778  779  780  781  782  783  784  785  786  787  788  789  790  791
  792  793  794  795  796  797  798  799  800 1020 1021 1022 1023 1024
 1025 1026 1027 1028 1105 1106 1107 1108 1109 1110 1111 1112 1113 1114
 1115 1116 1117 1118 1119 1120 1121 1122 1123 1124 1125 1126 1127 1128
 1129 1130 1131 1132 1133 1134 1135 1136 1137 1138 1139 1140 1141 1142
 1143 1144 1145 1146 1147 1148 1149 1150 1151 1152 1153 1154 1155 1156
 1157 1158 1159 1160 1445 1446 1447 1448 1449 1450 1451 1452 1453 1454
 1455 1456 1457 1458 1459 1460 1461 1462 1463 1464 1465 1466 1467 1468
 1469 1470 1471 1472 1473 1474 1475 1476 1477 1478 1479 1480 1481 1482
 1483 1484 1485 1486 1487 1488 1489 1490 1491 1492 1493 1494 1495 1496
 1497 1498 1499 1500 1501 1502 1503 1504 1505 1506 1507 1508 1509 1510
 1511 1512 1513 1514 1515 1516 1517 1518 1519 1520 1521 1522 1530 1531
 1532 1533 1534 1535 1536 1537 1538 1539 1540 1541 1542 1543 1544 1545
 1546 1547 1548 1549 1550 1551 1552 1553 1554 1555 1556 1557 1558 1559
 1560 1561 1562 1563 1564 1565 1566 1567 1568 1569 1570 1571 1572 1573
 1574 1575 1576 1577 1578 1579 1580 1581 1582 1583 1584 1585 1586 1587
 1588 1589 1590 1591 1592 1593 1594 1595 1596 1597 1598 1599 1600 1601
 1602 1603 1604 1605 1606 1607 1608 1615 1616 1700 1701 1702 1785 1786
 1787 1788 1789 1790 1791 1792 1793 1794 1795 1796 1797 1798 1799 1800
 1801 1802 1870 1871 1872 1873 1874 1875 1876 1877 1878 1879 1880 1881
 1882 1883 1884 1885 1886 1887 1888 1889 1890 1891 1892 1893 1955 1956
 1957 1958 1959 1960 1961 1962 1963 1964 1965 2125 2126 2127 2210 2211
 2212 2213 2214 2215 2216 2217 2218 2219 2220 2221 2222 2223 2224 2225
 2226 2227 2228 2229 2230 2231 2232 2233 2234 2235 2236 2237 2238 2239
 2240 2241 2242 2243 2244 2245 2295 2465 2466 2467 2468 2469 2470 2471
 2472 2473 2474 2475 2476 2477 2478 2479 2480 2481 2482 2483 2484 2485
 2486 2487 2488 2489 2490 2491 2492 2493 2494 2495 2496 2497 2498 2499
 2500 2501 2502 2503 2504 2505 2506 2507 2508 2509 2510 2511 2512 2513
 2514 2515 2516 2517 2518 2519 2520 2521 2522 2523 2524 2525 2526 2527
 2528 2529 2530 2531 2532 2533 2550 2551 2552 2553 2554 2555 2556 2557
 2558 2559 2560 2561 2562 2563 2564 2565 2566 2567 2568 2569 2570 2571
 2572 2573 2574 2575 2576 2577 2578 2579 2580 2581 2582 2583 2584 2585
 2586 2587 2588 2589 2590 2591 2592 2593 2594 2595 2596 2597 2598 2599
 2600 2601 2602 2603 2604 2605 2606 2607 2608 2609 2610 2611 2612 2613
 2614 2615 2616 2617 2618 2619 2620 2621 2622 2623 2624 2625 2635 2636
 2637 2638 2639 2640 2641 2642 2643 2644 2645 2646 2647 2648 2649 2650
 2651 2652 2653 2654 2655 2656 2657 2658 2659 2660 2661 2662 2663 2664
 2665 2666 2667 2668 2720 2721 2722 2723 2724 2725 2726 2727 2728 2729
 2730 2731 2732 2733 2734 2735 2736 2737 2805 2806 2975 2976 2977 2978
 2979 2980 2981 2982 2983 2984 2985 3060 3061 3230 3231 3232 3233 3234
 3235 3236 3237 3238 3239 3240 3241 3242 3243 3244 3245 3246 3247 3248
 3249 3250 3251 3252 3253 3254 3255 3256 3257 3258 3259 3260 3261 3262
 3263 3264 3265 3266 3267 3268 3269 3270 3271 3272 3273 3274 3275 3276
 3277 3278 3279 3280 3281 3282 3283 3284 3285 3286 3287 3288 3289 3290
 3291 3292 3293 3294 3295 3296]
[0, 0, 1, 1, 1, 1, 1, 1, 1, 1, 1, 1, 1, 1, 1, 1, 1, 1, 1, 1, 1, 1, 1, 1, 1, 1, 1, 1, 1, 1, 1, 1, 1, 1, 1, 1, 1, 1, 1, 1, 1, 1, 1, 1, 1, 1, 1, 1, 1, 1, 1, 1, 1, 1, 1, 1, 1, 1, 1, 1, 1, 1, 1, 1, 1, 1, 1, 1, 1, 1, 1, 1, 1, 1, 2, 4, 4, 4, 4, 4, 4, 4, 4, 4, 4, 4, 4, 4, 4, 4, 4, 4, 4, 4, 4, 4, 4, 4, 4, 4, 4, 4, 4, 4, 4, 4, 4, 4, 4, 4, 4, 4, 4, 4, 4, 4, 4, 4, 4, 4, 4, 4, 4, 4, 4, 4, 4, 4, 4, 4, 4, 4, 4, 4, 4, 4, 4, 4, 4, 4, 4, 4, 6, 6, 6, 6, 6, 6, 6, 6, 6, 6, 6, 6, 6, 6, 6, 6, 6, 6, 6, 6, 6, 6, 6, 6, 6, 6, 6, 6, 6, 6, 7, 7, 7, 7, 7, 7, 7, 7, 7, 7, 7, 7, 7, 7, 7, 7, 7, 7, 7, 7, 7, 7, 7, 7, 7, 7, 7, 7, 7, 7, 7, 7, 8, 8, 8, 8, 8, 8, 8, 9, 9, 9, 9, 9, 9, 9, 9, 9, 9, 9, 9, 9, 9, 9, 9, 9, 9, 9, 9, 9, 9, 9, 9, 9, 9, 9, 9, 9, 9, 9, 9, 9, 9, 9, 9, 12, 12, 12, 12, 12, 12, 12, 12, 12, 13, 13, 13, 13, 13, 13, 13, 13, 13, 13, 13, 13, 13, 13, 13, 13, 13, 13, 13, 13, 13, 13, 13, 13, 13, 13, 13, 13, 13, 13, 13, 13, 13, 13, 13, 13, 13, 13, 13, 13, 13, 13, 13, 13, 13, 13, 13, 13, 13, 13, 13, 13, 13, 13, 13, 13, 17, 17, 17, 17, 17, 17, 17, 17, 17, 17, 17, 17, 17, 17, 17, 17, 17, 17, 17, 17, 17, 17, 17, 17, 17, 17, 17, 17, 17, 17, 17, 17, 17, 17, 17, 17, 17, 17, 17, 17, 17, 17, 17, 17, 17, 17, 17, 17, 17, 17, 17, 17, 17, 17, 17, 17, 17, 17, 17, 17, 17, 17, 17, 17, 17, 17, 17, 17, 17, 17, 17, 17, 17, 17, 17, 17, 17, 17, 18, 18, 18, 18, 18, 18, 18, 18, 18, 18, 18, 18, 18, 18, 18, 18, 18, 18, 18, 18, 18, 18, 18, 18, 18, 18, 18, 18, 18, 18, 18, 18, 18, 18, 18, 18, 18, 18, 18, 18, 18, 18, 18, 18, 18, 18, 18, 18, 18, 18, 18, 18, 18, 18, 18, 18, 18, 18, 18, 18, 18, 18, 18, 18, 18, 18, 18, 18, 18, 18, 18, 18, 18, 18, 18, 18, 18, 18, 18, 19, 19, 20, 20, 20, 21, 21, 21, 21, 21, 21, 21, 21, 21, 21, 21, 21, 21, 21, 21, 21, 21, 21, 22, 22, 22, 22, 22, 22, 22, 22, 22, 22, 22, 22, 22, 22, 22, 22, 22, 22, 22, 22, 22, 22, 22, 22, 23, 23, 23, 23, 23, 23, 23, 23, 23, 23, 23, 25, 25, 25, 26, 26, 26, 26, 26, 26, 26, 26, 26, 26, 26, 26, 26, 26, 26, 26, 26, 26, 26, 26, 26, 26, 26, 26, 26, 26, 26, 26, 26, 26, 26, 26, 26, 26, 26, 26, 27, 29, 29, 29, 29, 29, 29, 29, 29, 29, 29, 29, 29, 29, 29, 29, 29, 29, 29, 29, 29, 29, 29, 29, 29, 29, 29, 29, 29, 29, 29, 29, 29, 29, 29, 29, 29, 29, 29, 29, 29, 29, 29, 29, 29, 29, 29, 29, 29, 29, 29, 29, 29, 29, 29, 29, 29, 29, 29, 29, 29, 29, 29, 29, 29, 29, 29, 29, 29, 29, 30, 30, 30, 30, 30, 30, 30, 30, 30, 30, 30, 30, 30, 30, 30, 30, 30, 30, 30, 30, 30, 30, 30, 30, 30, 30, 30, 30, 30, 30, 30, 30, 30, 30, 30, 30, 30, 30, 30, 30, 30, 30, 30, 30, 30, 30, 30, 30, 30, 30, 30, 30, 30, 30, 30, 30, 30, 30, 30, 30, 30, 30, 30, 30, 30, 30, 30, 30, 30, 30, 30, 30, 30, 30, 30, 30, 31, 31, 31, 31, 31, 31, 31, 31, 31, 31, 31, 31, 31, 31, 31, 31, 31, 31, 31, 31, 31, 31, 31, 31, 31, 31, 31, 31, 31, 31, 31, 31, 31, 31, 32, 32, 32, 32, 32, 32, 32, 32, 32, 32, 32, 32, 32, 32, 32, 32, 32, 32, 33, 33, 35, 35, 35, 35, 35, 35, 35, 35, 35, 35, 35, 36, 36, 38, 38, 38, 38, 38, 38, 38, 38, 38, 38, 38, 38, 38, 38, 38, 38, 38, 38, 38, 38, 38, 38, 38, 38, 38, 38, 38, 38, 38, 38, 38, 38, 38, 38, 38, 38, 38, 38, 38, 38, 38, 38, 38, 38, 38, 38, 38, 38, 38, 38, 38, 38, 38, 38, 38, 38, 38, 38, 38, 38, 38, 38, 38, 38, 38, 38, 38]
[0, 0, 0, 0, 2, 2, 2, 2, 2, 2, 2, 2, 2, 2, 2, 2, 2, 2, 2, 2, 2, 2, 2, 2, 2, 2, 2, 2, 2, 2, 2, 2, 2, 2, 2, 2, 2, 2, 2, 2, 2, 2, 2, 2, 2, 2, 2, 2, 2, 2, 2, 2, 2, 2, 2, 2, 2, 2, 2, 2, 2, 2, 2, 2, 2, 2, 2, 2, 2, 2, 2, 2, 2, 2, 2, 2, 2, 2, 2, 2, 2, 2, 2, 3, 3, 3, 3, 3, 3, 3, 3, 3, 3, 3, 3, 3, 3, 3, 3, 3, 3, 3, 3, 3, 3, 3, 3, 3, 3, 3, 3, 3, 3, 3, 3, 3, 3, 3, 3, 3, 3, 3, 3, 3, 3, 3, 3, 3, 3, 3, 3, 3, 3, 3, 3, 3, 3, 3, 3, 3, 3, 3, 3, 3, 3, 3, 3, 3, 3, 3, 3, 3, 3, 3, 3, 3, 3, 3, 3, 3, 3, 3, 3, 5, 7, 7, 7, 7, 7, 7, 7, 7, 7, 8, 8, 8, 8, 8, 8, 8, 8, 8, 8, 8, 8, 8, 8, 8, 8, 8, 8, 8, 8, 8, 8, 8, 8, 8, 8, 8, 8, 8, 8, 8, 8, 8, 8, 8, 8, 8, 8, 8, 8, 8, 8, 8, 8, 8, 8, 8, 8, 8, 8, 8, 8, 8, 8, 8, 9, 9, 9, 9, 9, 9, 9, 9, 9, 9, 9, 9, 9, 9, 9, 9, 9, 9, 9, 9, 9, 9, 9, 9, 9, 9, 9, 9, 10, 10, 10, 10, 10, 10, 10, 10, 10, 10, 10, 10, 10, 10, 10, 10, 10, 10, 10, 10, 10, 10, 10, 10, 10, 10, 10, 10, 10, 10, 10, 10, 10, 10, 10, 10, 10, 10, 10, 10, 10, 10, 10, 10, 10, 10, 10, 10, 10, 10, 10, 10, 10, 10, 10, 10, 10, 11, 11, 11, 11, 11, 11, 11, 11, 11, 12, 12, 12, 12, 12, 12, 12, 12, 12, 12, 12, 12, 12, 12, 12, 12, 12, 12, 12, 12, 12, 12, 12, 12, 12, 12, 12, 12, 12, 12, 12, 12, 12, 12, 12, 12, 12, 12, 12, 12, 12, 12, 12, 12, 12, 12, 12, 13, 13, 13, 13, 13, 13, 13, 13, 13, 13, 13, 13, 13, 13, 13, 13, 13, 13, 13, 13, 13, 13, 13, 13, 13, 13, 13, 13, 14, 14, 14, 14, 14, 14, 14, 14, 14, 14, 14, 14, 14, 14, 14, 14, 14, 14, 14, 14, 14, 14, 14, 15, 15, 15, 15, 15, 15, 15, 15, 15, 15, 15, 15, 15, 15, 15, 15, 15, 15, 15, 15, 15, 15, 15, 15, 15, 15, 15, 15, 15, 15, 15, 15, 15, 15, 15, 15, 15, 15, 15, 15, 15, 15, 15, 15, 15, 15, 15, 15, 15, 15, 15, 15, 15, 15, 15, 15, 15, 15, 15, 15, 15, 15, 15, 15, 15, 15, 15, 15, 15, 15, 15, 15, 15, 15, 15, 15, 15, 15, 15, 18, 18, 21, 21, 22, 22, 22, 22, 22, 22, 22, 22, 22, 22, 22, 22, 22, 22, 22, 22, 22, 22, 22, 22, 22, 22, 22, 22, 22, 22, 22, 22, 22, 22, 22, 22, 22, 22, 22, 22, 22, 22, 22, 22, 22, 22, 22, 22, 22, 22, 22, 22, 22, 22, 22, 22, 22, 22, 22, 22, 22, 22, 23, 24, 24, 24, 24, 24, 24, 24, 24, 24, 24, 24, 24, 24, 24, 24, 24, 24, 24, 24, 24, 24, 24, 24, 24, 24, 24, 24, 24, 24, 24, 24, 24, 24, 24, 24, 24, 24, 24, 24, 24, 24, 24, 24, 24, 24, 24, 24, 24, 24, 24, 24, 24, 24, 24, 24, 24, 24, 24, 24, 24, 24, 24, 24, 24, 26, 27, 27, 27, 27, 27, 28, 28, 28, 28, 28, 28, 28, 28, 28, 28, 28, 28, 28, 28, 29, 29, 29, 29, 29, 29, 29, 29, 29, 29, 29, 29, 29, 29, 29, 30, 30, 30, 30, 30, 30, 30, 30, 31, 31, 31, 31, 31, 31, 31, 31, 31, 31, 31, 31, 31, 31, 31, 31, 31, 31, 31, 31, 31, 31, 31, 31, 31, 31, 31, 31, 31, 31, 31, 31, 31, 31, 31, 31, 31, 31, 31, 31, 31, 31, 31, 31, 31, 31, 31, 31, 31, 31, 32, 32, 32, 32, 32, 32, 32, 32, 32, 32, 32, 32, 32, 32, 32, 32, 32, 32, 32, 32, 32, 32, 32, 32, 32, 32, 32, 32, 32, 32, 32, 32, 32, 32, 32, 32, 32, 32, 32, 32, 32, 32, 32, 32, 32, 32, 32, 32, 32, 32, 32, 32, 32, 32, 32, 32, 32, 32, 32, 32, 32, 32, 32, 32, 32, 32, 33, 33, 33, 33, 33, 33, 33, 33, 33, 33, 33, 33, 33, 33, 33, 33, 33, 33, 33, 33, 33, 33, 33, 33, 33, 33, 33, 33, 33, 33, 33, 33, 33, 33, 33, 33, 33, 33, 33, 33, 33, 33, 33, 33, 33, 33, 33, 33, 33, 33, 33, 33, 33, 33, 33, 33, 33, 33, 33, 33, 33, 33, 33, 33, 33, 33, 33, 33, 33, 33, 33, 33, 33, 33, 33, 33, 33, 33, 33, 34, 34, 34, 34, 34, 34, 34, 34, 34, 34, 34, 34, 34, 34, 34, 34, 34, 34, 34, 34, 34, 34, 34, 34, 34, 34, 34, 34, 34, 34, 34, 34, 34, 34, 34, 34, 34, 34, 34, 34, 34, 34, 34, 34, 34, 34, 34, 34, 34, 34, 34, 34, 34, 34, 34, 34, 34, 34, 34, 34, 34, 34, 34, 34, 34, 34, 34, 34, 34, 34, 34, 34, 34, 34, 34, 35, 35, 35, 35, 35, 35, 37, 37, 37, 37, 37, 37, 37, 37, 37, 37, 37, 37, 37, 37, 37, 37, 37, 37, 37, 37, 37, 37, 37, 37, 37, 37, 37, 37, 37, 37, 37, 37, 37, 37, 37, 37, 37, 37, 37, 37, 37, 37, 37, 37, 37, 37, 37, 37, 37, 37, 37, 37, 37, 37, 37, 37, 37, 37, 37, 37, 37, 37, 37, 37, 37, 37, 37, 37, 37, 37, 37, 37, 37, 37, 37, 37, 37, 37, 37, 37, 37, 37, 37, 37, 38, 38, 38, 38, 38, 38, 38, 38, 38, 38, 38, 38, 38, 38]
[0, 0, 0, 0, 0, 0, 0, 0, 0, 0, 0, 0, 0, 0, 0, 0, 0, 0, 0, 0, 0, 0, 0, 0, 0, 0, 0, 0, 0, 0, 0, 0, 0, 0, 0, 0, 0, 0, 0, 0, 0, 0, 0, 0, 0, 0, 0, 0, 0, 0, 0, 0, 0, 0, 0, 0, 0, 0, 0, 0, 0, 0, 0, 0, 0, 0, 0, 0, 0, 0, 0, 0, 0, 0, 0, 0, 0, 0, 0, 1, 1, 1, 1, 1, 1, 1, 1, 1, 1, 1, 1, 1, 2, 2, 2, 2, 2, 3, 3, 3, 3, 3, 4, 4, 4, 4, 4, 4, 4, 4, 4, 4, 4, 4, 4, 4, 4, 4, 4, 4, 5, 5, 5, 5, 5, 5, 5, 5, 5, 5, 5, 5, 5, 5, 5, 5, 5, 5, 5, 5, 5, 5, 5, 5, 5, 5, 5, 5, 5, 5, 5, 5, 5, 5, 5, 5, 5, 5, 5, 5, 5, 5, 5, 5, 5, 5, 5, 5, 5, 5, 5, 5, 5, 5, 5, 5, 5, 5, 5, 5, 5, 5, 5, 5, 5, 5, 5, 5, 5, 5, 5, 5, 5, 5, 5, 5, 5, 5, 5, 5, 5, 5, 5, 5, 6, 6, 6, 6, 6, 6, 6, 6, 6, 6, 6, 6, 6, 6, 6, 6, 6, 6, 6, 6, 6, 6, 6, 6, 6, 6, 6, 6, 6, 6, 6, 6, 6, 6, 6, 6, 6, 6, 6, 6, 6, 6, 6, 6, 6, 6, 6, 6, 6, 6, 6, 6, 6, 6, 6, 7, 7, 7, 7, 7, 7, 7, 7, 7, 7, 7, 7, 7, 7, 7, 7, 7, 7, 7, 7, 7, 7, 7, 7, 7, 7, 7, 7, 7, 7, 7, 7, 7, 7, 7, 7, 7, 7, 7, 7, 7, 7, 7, 7, 8, 8, 8, 8, 8, 8, 8, 8, 8, 8, 8, 8, 8, 8, 8, 8, 8, 8, 8, 8, 8, 8, 8, 9, 9, 9, 9, 9, 9, 9, 9, 9, 9, 9, 9, 9, 9, 9, 9, 9, 9, 9, 9, 9, 10, 10, 10, 10, 10, 10, 10, 10, 10, 10, 10, 10, 10, 10, 10, 10, 10, 10, 10, 10, 10, 10, 10, 10, 10, 10, 10, 10, 11, 11, 11, 11, 11, 11, 11, 11, 11, 11, 11, 11, 11, 11, 11, 11, 11, 11, 11, 11, 11, 11, 11, 11, 11, 11, 11, 11, 11, 11, 11, 11, 11, 11, 11, 11, 11, 11, 11, 11, 11, 11, 11, 11, 11, 11, 11, 11, 11, 11, 11, 11, 11, 11, 11, 11, 11, 11, 11, 11, 11, 11, 11, 11, 11, 11, 11, 11, 11, 11, 11, 11, 11, 11, 11, 11, 12, 12, 12, 12, 12, 12, 12, 12, 12, 12, 12, 12, 12, 12, 12, 12, 12, 12, 12, 12, 12, 12, 12, 12, 12, 12, 12, 12, 12, 13, 14, 14, 14, 14, 14, 14, 14, 14, 14, 14, 14, 14, 14, 14, 14, 14, 14, 14, 14, 14, 14, 14, 14, 14, 14, 14, 14, 14, 14, 14, 14, 14, 14, 14, 14, 14, 14, 14, 14, 14, 14, 14, 14, 14, 14, 14, 14, 14, 14, 14, 14, 14, 14, 14, 14, 14, 14, 14, 14, 14, 14, 14, 15, 15, 15, 15, 15, 15, 16, 16, 16, 16, 16, 16, 16, 16, 16, 16, 16, 16, 16, 16, 16, 16, 16, 16, 16, 16, 16, 16, 16, 16, 16, 16, 16, 16, 16, 16, 16, 16, 16, 16, 16, 16, 16, 16, 16, 16, 16, 16, 16, 16, 16, 16, 16, 16, 16, 16, 16, 16, 16, 16, 16, 16, 16, 16, 16, 16, 16, 16, 16, 16, 16, 16, 16, 16, 16, 16, 16, 16, 16, 16, 16, 16, 16, 16, 16, 16, 16, 16, 16, 16, 16, 17, 17, 17, 17, 17, 17, 17, 18, 18, 18, 18, 19, 19, 19, 19, 19, 19, 19, 19, 19, 19, 19, 19, 19, 19, 19, 19, 19, 19, 19, 19, 19, 19, 19, 19, 19, 19, 19, 19, 19, 19, 19, 19, 19, 19, 19, 19, 19, 19, 19, 19, 19, 19, 19, 19, 19, 19, 19, 19, 19, 19, 19, 19, 19, 19, 19, 19, 19, 19, 19, 19, 19, 19, 19, 19, 19, 19, 19, 19, 19, 19, 19, 19, 19, 19, 19, 19, 19, 19, 19, 19, 19, 19, 19, 20, 20, 20, 20, 20, 20, 20, 20, 20, 20, 20, 20, 20, 20, 20, 20, 20, 20, 20, 20, 20, 20, 20, 20, 20, 20, 20, 20, 20, 20, 20, 20, 20, 20, 20, 20, 20, 20, 20, 20, 20, 20, 20, 20, 20, 20, 20, 20, 20, 20, 20, 20, 20, 20, 20, 20, 20, 20, 20, 20, 20, 20, 20, 20, 20, 20, 20, 20, 20, 20, 20, 20, 20, 20, 20, 20, 20, 20, 20, 20, 20, 20, 21, 21, 21, 21, 21, 21, 21, 21, 21, 21, 21, 21, 21, 21, 21, 21, 21, 21, 21, 21, 21, 21, 21, 21, 21, 21, 21, 21, 21, 21, 21, 21, 21, 21, 21, 21, 21, 21, 21, 21, 21, 21, 21, 21, 21, 21, 21, 21, 21, 21, 21, 21, 21, 21, 21, 21, 21, 21, 21, 21, 21, 21, 21, 21, 21, 22, 22, 22, 23, 23, 23, 23, 23, 23, 23, 23, 23, 23, 23, 23, 23, 23, 23, 23, 23, 23, 23, 23, 23, 23, 23, 23, 23, 23, 23, 23, 23, 23, 23, 23, 23, 23, 23, 23, 23, 23, 23, 23, 23, 23, 23, 23, 23, 23, 23, 23, 23, 23, 23, 23, 23, 23, 23, 23, 23, 23, 23, 23, 23, 23, 23, 23, 23, 23, 23, 23, 23, 23, 23, 23, 23, 24, 24, 24, 24, 24, 24, 24, 24, 24, 24, 24, 24, 24, 24, 24, 24, 24, 24, 24, 24, 24, 25, 25, 25, 25, 25, 25, 25, 25, 25, 25, 25, 25, 25, 25, 25, 25, 25, 25, 25, 25, 25, 25, 25, 25, 25, 25, 25, 25, 25, 25, 25, 25, 25, 25, 25, 25, 25, 25, 25, 25, 25, 25, 25, 25, 25, 25, 25, 25, 25, 25, 25, 25, 25, 25, 25, 25, 25, 25, 25, 25, 25, 25, 25, 25, 25, 25, 25, 25, 25, 25, 25, 25, 25, 25, 25, 25, 25, 25, 25, 25, 25, 25, 26, 26, 26, 26, 26, 26, 26, 26, 26, 26, 26, 26, 26, 26, 26, 26, 26, 26, 26, 26, 26, 26, 26, 26, 26, 26, 26, 26, 26, 26, 26, 26, 26, 26, 26, 26, 26, 26, 26, 26, 26, 26, 26, 26, 26, 26, 26, 26, 27, 27, 27, 27, 27, 27, 27, 27, 27, 27, 27, 27, 27, 27, 27, 27, 27, 27, 27, 27, 27, 27, 27, 27, 27, 27, 27, 27, 27, 27, 27, 27, 27, 27, 27, 27, 27, 27, 27, 27, 27, 27, 27, 27, 27, 27, 27, 27, 27, 27, 27, 27, 27, 27, 27, 27, 27, 27, 27, 27, 27, 27, 27, 27, 27, 27, 27, 27, 27, 27, 27, 27, 27, 27, 27, 27, 27, 27, 27, 28, 28, 28, 28, 28, 28, 28, 28, 28, 28, 28, 28, 28, 28, 28, 28, 28, 28, 28, 28, 28, 28, 28, 28, 28, 28, 28, 28, 28, 28, 28, 28, 28, 28, 28, 28, 28, 28, 28, 28, 28, 28, 28, 28, 28, 28, 28, 28, 28, 28, 28, 28, 28, 28, 28, 28, 28, 28, 28, 28, 28, 28, 28, 28, 28, 28, 28, 28, 28, 28, 28, 29, 30, 31, 32, 33, 33, 33, 33, 34, 34, 34, 34, 34, 34, 34, 34, 34, 34, 35, 35, 35, 35, 35, 35, 35, 35, 35, 35, 35, 35, 35, 35, 35, 35, 35, 35, 35, 35, 35, 35, 35, 35, 35, 35, 35, 35, 35, 35, 35, 35, 35, 35, 35, 35, 35, 35, 35, 35, 35, 35, 35, 35, 35, 35, 35, 35, 35, 35, 35, 35, 35, 35, 35, 35, 35, 35, 35, 35, 35, 35, 35, 35, 35, 35, 35, 35, 36, 36, 36, 36, 36, 36, 36, 36, 36, 36, 36, 36, 36, 36, 36, 36, 36, 36, 36, 36, 36, 36, 36, 36, 36, 36, 36, 36, 36, 36, 36, 36, 36, 36, 36, 36, 36, 36, 36, 36, 36, 36, 36, 36, 36, 36, 36, 36, 36, 36, 36, 36, 36, 36, 36, 36, 36, 36, 36, 36, 36, 36, 36, 36, 36, 36, 36, 36, 36, 36, 36, 36, 36, 36, 36, 36, 36, 36, 36, 36, 36, 36, 36, 37, 38, 38, 38, 38]
shapelet initialized!
All 3 clients initialized.
Server device: cuda:0
Client worker groups: [[0], [1], [2]]
Client worker devices: ['cuda:0', 'cuda:0', 'cuda:0']
客户端选择未启用，所有客户端参与聚合
[fedcsl] precomputed client scale scores once in 0.280s; planned scale coverage: [3, 1, 1, 1, 2, 2, 1, 1]
[round 0] reused planned scale coverage: [3, 1, 1, 1, 2, 2, 1, 1]
/data/user_lixiongfei/CSL-main/train.py:801: UserWarning: Creating a tensor from a list of numpy.ndarrays is extremely slow. Please consider converting the list to a single numpy.ndarray with numpy.array() before converting to a tensor. (Triggered internally at ../torch/csrc/utils/tensor_new.cpp:278.)
  X = torch.tensor(X, dtype=torch.float)
Classification: train=1.0000 test=0.2129 round=0
[round 0] timing train=79.031s distribution=4.790s agg=0.045s eval=148.597s total=232.467s
[round 1] reused planned scale coverage: [3, 1, 1, 1, 2, 2, 1, 1]
Classification: train=1.0000 test=0.2132 round=1
[round 1] timing train=165.447s distribution=4.755s agg=0.029s eval=158.048s total=328.295s
[round 2] reused planned scale coverage: [3, 1, 1, 1, 2, 2, 1, 1]
Classification: train=1.0000 test=0.2123 round=2
[round 2] timing train=167.667s distribution=5.030s agg=0.018s eval=156.227s total=328.947s
[round 3] reused planned scale coverage: [3, 1, 1, 1, 2, 2, 1, 1]
Classification: train=1.0000 test=0.2144 round=3
[round 3] timing train=167.277s distribution=4.658s agg=0.071s eval=151.660s total=323.674s
[round 4] reused planned scale coverage: [3, 1, 1, 1, 2, 2, 1, 1]
Classification: train=1.0000 test=0.2156 round=4
[round 4] timing train=165.346s distribution=5.310s agg=0.082s eval=153.696s total=324.443s
[round 5] reused planned scale coverage: [3, 1, 1, 1, 2, 2, 1, 1]
Classification: train=1.0000 test=0.2168 round=5
[round 5] timing train=173.059s distribution=5.163s agg=0.107s eval=145.570s total=323.938s
[round 6] reused planned scale coverage: [3, 1, 1, 1, 2, 2, 1, 1]
Classification: train=1.0000 test=0.2192 round=6
[round 6] timing train=162.106s distribution=4.485s agg=0.057s eval=150.906s total=317.577s
[round 7] reused planned scale coverage: [3, 1, 1, 1, 2, 2, 1, 1]
Classification: train=1.0000 test=0.2144 round=7
[round 7] timing train=167.467s distribution=4.660s agg=0.069s eval=159.107s total=331.308s
[round 8] reused planned scale coverage: [3, 1, 1, 1, 2, 2, 1, 1]
Classification: train=1.0000 test=0.2147 round=8
[round 8] timing train=171.168s distribution=4.721s agg=0.026s eval=151.567s total=327.525s
[round 9] reused planned scale coverage: [3, 1, 1, 1, 2, 2, 1, 1]
Classification: train=1.0000 test=0.2144 round=9
[round 9] timing train=165.614s distribution=4.306s agg=0.058s eval=163.438s total=333.428s
[round 10] reused planned scale coverage: [3, 1, 1, 1, 2, 2, 1, 1]
Classification: train=1.0000 test=0.2123 round=10
[round 10] timing train=175.854s distribution=4.553s agg=0.022s eval=171.392s total=351.893s
[round 11] reused planned scale coverage: [3, 1, 1, 1, 2, 2, 1, 1]
Classification: train=1.0000 test=0.2112 round=11
[round 11] timing train=187.653s distribution=4.938s agg=0.053s eval=163.251s total=355.933s
[round 12] reused planned scale coverage: [3, 1, 1, 1, 2, 2, 1, 1]
Classification: train=1.0000 test=0.2109 round=12
[round 12] timing train=185.327s distribution=5.012s agg=0.035s eval=163.695s total=354.097s
[round 13] reused planned scale coverage: [3, 1, 1, 1, 2, 2, 1, 1]
Classification: train=1.0000 test=0.2097 round=13
[round 13] timing train=176.505s distribution=4.673s agg=0.048s eval=165.845s total=347.084s
[round 14] reused planned scale coverage: [3, 1, 1, 1, 2, 2, 1, 1]
Classification: train=1.0000 test=0.2112 round=14
[round 14] timing train=166.522s distribution=4.797s agg=0.022s eval=147.098s total=318.465s
[round 15] reused planned scale coverage: [3, 1, 1, 1, 2, 2, 1, 1]
Classification: train=1.0000 test=0.2109 round=15
[round 15] timing train=176.008s distribution=4.619s agg=0.026s eval=159.937s total=340.618s
[round 16] reused planned scale coverage: [3, 1, 1, 1, 2, 2, 1, 1]
Classification: train=1.0000 test=0.2141 round=16
[round 16] timing train=171.361s distribution=4.266s agg=0.039s eval=152.123s total=327.824s
[round 17] reused planned scale coverage: [3, 1, 1, 1, 2, 2, 1, 1]
Classification: train=1.0000 test=0.2123 round=17
[round 17] timing train=161.158s distribution=4.395s agg=0.036s eval=147.873s total=313.480s
[round 18] reused planned scale coverage: [3, 1, 1, 1, 2, 2, 1, 1]
Classification: train=1.0000 test=0.2132 round=18
[round 18] timing train=177.618s distribution=4.494s agg=0.021s eval=139.204s total=321.355s
[round 19] reused planned scale coverage: [3, 1, 1, 1, 2, 2, 1, 1]
Classification: train=1.0000 test=0.2153 round=19
[round 19] timing train=162.936s distribution=4.948s agg=0.022s eval=154.232s total=322.157s
[round 20] reused planned scale coverage: [3, 1, 1, 1, 2, 2, 1, 1]
Classification: train=1.0000 test=0.2135 round=20
[round 20] timing train=162.117s distribution=4.949s agg=0.097s eval=145.836s total=313.032s
[round 21] reused planned scale coverage: [3, 1, 1, 1, 2, 2, 1, 1]
Classification: train=1.0000 test=0.2109 round=21
[round 21] timing train=171.311s distribution=4.729s agg=0.033s eval=146.858s total=322.941s
[round 22] reused planned scale coverage: [3, 1, 1, 1, 2, 2, 1, 1]
Classification: train=1.0000 test=0.2094 round=22
[round 22] timing train=182.046s distribution=5.185s agg=0.121s eval=153.469s total=340.846s
[round 23] reused planned scale coverage: [3, 1, 1, 1, 2, 2, 1, 1]
Classification: train=1.0000 test=0.2091 round=23
[round 23] timing train=164.320s distribution=5.125s agg=0.074s eval=149.891s total=319.472s
[round 24] reused planned scale coverage: [3, 1, 1, 1, 2, 2, 1, 1]
Classification: train=1.0000 test=0.2076 round=24
[round 24] timing train=167.727s distribution=4.181s agg=0.020s eval=140.849s total=312.795s
[round 25] reused planned scale coverage: [3, 1, 1, 1, 2, 2, 1, 1]
Classification: train=1.0000 test=0.2091 round=25
[round 25] timing train=158.954s distribution=4.941s agg=0.033s eval=144.543s total=308.513s
[round 26] reused planned scale coverage: [3, 1, 1, 1, 2, 2, 1, 1]
Classification: train=1.0000 test=0.2079 round=26
[round 26] timing train=172.445s distribution=5.230s agg=0.065s eval=146.493s total=324.243s
[round 27] reused planned scale coverage: [3, 1, 1, 1, 2, 2, 1, 1]
Classification: train=1.0000 test=0.2094 round=27
[round 27] timing train=168.651s distribution=4.989s agg=0.037s eval=141.649s total=315.350s
[round 28] reused planned scale coverage: [3, 1, 1, 1, 2, 2, 1, 1]
Classification: train=1.0000 test=0.2094 round=28
[round 28] timing train=165.860s distribution=5.556s agg=0.031s eval=158.092s total=329.548s
[round 29] reused planned scale coverage: [3, 1, 1, 1, 2, 2, 1, 1]
Classification: train=1.0000 test=0.2115 round=29
[round 29] timing train=167.335s distribution=4.731s agg=0.032s eval=154.602s total=326.712s
[fedcsl] checkpoint saved → ./checkpoint/resume/fedcsl_PhonemeSpectra_2026-05-05-13har_fedcsl-onehot-splitteacher_dir0.3.pt (round=30)
[round 30] reused planned scale coverage: [3, 1, 1, 1, 2, 2, 1, 1]
Classification: train=1.0000 test=0.2120 round=30
[round 30] timing train=160.331s distribution=5.184s agg=0.045s eval=149.752s total=315.327s
[round 31] reused planned scale coverage: [3, 1, 1, 1, 2, 2, 1, 1]
Classification: train=1.0000 test=0.2123 round=31
[round 31] timing train=166.039s distribution=5.620s agg=0.028s eval=163.552s total=335.254s
[round 32] reused planned scale coverage: [3, 1, 1, 1, 2, 2, 1, 1]
Classification: train=1.0000 test=0.2123 round=32
[round 32] timing train=163.032s distribution=5.162s agg=0.033s eval=136.164s total=304.415s
[round 33] reused planned scale coverage: [3, 1, 1, 1, 2, 2, 1, 1]
Classification: train=1.0000 test=0.2132 round=33
[round 33] timing train=166.471s distribution=4.343s agg=0.037s eval=148.926s total=319.808s
[round 34] reused planned scale coverage: [3, 1, 1, 1, 2, 2, 1, 1]
Classification: train=1.0000 test=0.2135 round=34
[round 34] timing train=172.713s distribution=4.847s agg=0.016s eval=150.073s total=327.668s
[round 35] reused planned scale coverage: [3, 1, 1, 1, 2, 2, 1, 1]
Classification: train=1.0000 test=0.2132 round=35
[round 35] timing train=163.740s distribution=4.984s agg=0.034s eval=137.530s total=306.317s
[round 36] reused planned scale coverage: [3, 1, 1, 1, 2, 2, 1, 1]
Classification: train=1.0000 test=0.2129 round=36
[round 36] timing train=166.938s distribution=4.643s agg=0.046s eval=155.376s total=327.035s
[round 37] reused planned scale coverage: [3, 1, 1, 1, 2, 2, 1, 1]
Classification: train=1.0000 test=0.2141 round=37
[round 37] timing train=169.190s distribution=4.447s agg=0.027s eval=155.626s total=329.329s
[round 38] reused planned scale coverage: [3, 1, 1, 1, 2, 2, 1, 1]
Classification: train=1.0000 test=0.2147 round=38
[round 38] timing train=160.360s distribution=4.818s agg=0.062s eval=132.134s total=297.397s
[round 39] reused planned scale coverage: [3, 1, 1, 1, 2, 2, 1, 1]
Classification: train=1.0000 test=0.2150 round=39
[round 39] timing train=166.070s distribution=4.962s agg=0.032s eval=155.356s total=326.429s
[round 40] reused planned scale coverage: [3, 1, 1, 1, 2, 2, 1, 1]
Classification: train=1.0000 test=0.2156 round=40
[round 40] timing train=164.123s distribution=4.461s agg=0.060s eval=143.805s total=312.469s
[round 41] reused planned scale coverage: [3, 1, 1, 1, 2, 2, 1, 1]
Classification: train=1.0000 test=0.2165 round=41
[round 41] timing train=176.122s distribution=5.033s agg=0.066s eval=144.548s total=325.807s
[round 42] reused planned scale coverage: [3, 1, 1, 1, 2, 2, 1, 1]
Classification: train=1.0000 test=0.2165 round=42
[round 42] timing train=167.123s distribution=4.643s agg=0.051s eval=150.127s total=321.984s
[round 43] reused planned scale coverage: [3, 1, 1, 1, 2, 2, 1, 1]
Classification: train=1.0000 test=0.2153 round=43
[round 43] timing train=164.850s distribution=4.837s agg=0.057s eval=144.071s total=313.827s
[round 44] reused planned scale coverage: [3, 1, 1, 1, 2, 2, 1, 1]
Classification: train=1.0000 test=0.2144 round=44
[round 44] timing train=161.306s distribution=4.890s agg=0.023s eval=142.219s total=308.447s
[round 45] reused planned scale coverage: [3, 1, 1, 1, 2, 2, 1, 1]
Classification: train=1.0000 test=0.2132 round=45
[round 45] timing train=178.786s distribution=4.425s agg=0.011s eval=149.834s total=333.076s
[round 46] reused planned scale coverage: [3, 1, 1, 1, 2, 2, 1, 1]
Classification: train=1.0000 test=0.2135 round=46
[round 46] timing train=165.284s distribution=5.212s agg=0.055s eval=137.359s total=307.923s
[round 47] reused planned scale coverage: [3, 1, 1, 1, 2, 2, 1, 1]
Classification: train=1.0000 test=0.2153 round=47
[round 47] timing train=167.447s distribution=4.517s agg=0.076s eval=152.902s total=324.976s
[round 48] reused planned scale coverage: [3, 1, 1, 1, 2, 2, 1, 1]
Classification: train=1.0000 test=0.2159 round=48
[round 48] timing train=176.381s distribution=5.696s agg=0.078s eval=145.936s total=328.117s
[round 49] reused planned scale coverage: [3, 1, 1, 1, 2, 2, 1, 1]
Classification: train=1.0000 test=0.2165 round=49
[round 49] timing train=167.206s distribution=4.881s agg=0.027s eval=143.407s total=315.531s
[round 50] reused planned scale coverage: [3, 1, 1, 1, 2, 2, 1, 1]
Classification: train=1.0000 test=0.2174 round=50
[round 50] timing train=174.324s distribution=4.648s agg=0.036s eval=145.815s total=324.840s
[round 51] reused planned scale coverage: [3, 1, 1, 1, 2, 2, 1, 1]
Classification: train=1.0000 test=0.2171 round=51
[round 51] timing train=165.281s distribution=5.166s agg=0.056s eval=150.711s total=321.241s
[round 52] reused planned scale coverage: [3, 1, 1, 1, 2, 2, 1, 1]
Classification: train=1.0000 test=0.2162 round=52
[round 52] timing train=173.190s distribution=4.238s agg=0.040s eval=147.790s total=325.274s
[round 53] reused planned scale coverage: [3, 1, 1, 1, 2, 2, 1, 1]
Classification: train=1.0000 test=0.2168 round=53
[round 53] timing train=173.040s distribution=4.585s agg=0.061s eval=150.595s total=328.298s
[round 54] reused planned scale coverage: [3, 1, 1, 1, 2, 2, 1, 1]
Classification: train=1.0000 test=0.2165 round=54
[round 54] timing train=169.686s distribution=4.201s agg=0.031s eval=146.537s total=320.479s
[round 55] reused planned scale coverage: [3, 1, 1, 1, 2, 2, 1, 1]
Classification: train=1.0000 test=0.2159 round=55
[round 55] timing train=169.232s distribution=4.081s agg=0.054s eval=156.963s total=330.363s
[round 56] reused planned scale coverage: [3, 1, 1, 1, 2, 2, 1, 1]
Classification: train=1.0000 test=0.2174 round=56
[round 56] timing train=172.208s distribution=4.527s agg=0.022s eval=159.710s total=336.489s
[round 57] reused planned scale coverage: [3, 1, 1, 1, 2, 2, 1, 1]
Classification: train=1.0000 test=0.2171 round=57
[round 57] timing train=171.938s distribution=4.644s agg=0.087s eval=144.774s total=321.481s
[round 58] reused planned scale coverage: [3, 1, 1, 1, 2, 2, 1, 1]
Classification: train=1.0000 test=0.2162 round=58
[round 58] timing train=173.449s distribution=4.710s agg=0.019s eval=146.070s total=324.270s
[round 59] reused planned scale coverage: [3, 1, 1, 1, 2, 2, 1, 1]
Classification: train=1.0000 test=0.2171 round=59
[round 59] timing train=169.215s distribution=4.850s agg=0.050s eval=164.261s total=338.386s
[fedcsl] checkpoint saved → ./checkpoint/resume/fedcsl_PhonemeSpectra_2026-05-05-13har_fedcsl-onehot-splitteacher_dir0.3.pt (round=60)
[round 60] reused planned scale coverage: [3, 1, 1, 1, 2, 2, 1, 1]
Classification: train=1.0000 test=0.2168 round=60
[round 60] timing train=165.501s distribution=4.711s agg=0.159s eval=158.113s total=328.496s
[round 61] reused planned scale coverage: [3, 1, 1, 1, 2, 2, 1, 1]
Classification: train=1.0000 test=0.2162 round=61
[round 61] timing train=178.908s distribution=4.867s agg=0.049s eval=153.950s total=337.797s
[round 62] reused planned scale coverage: [3, 1, 1, 1, 2, 2, 1, 1]
Classification: train=1.0000 test=0.2162 round=62
[round 62] timing train=169.876s distribution=5.800s agg=0.039s eval=149.938s total=325.687s
[round 63] reused planned scale coverage: [3, 1, 1, 1, 2, 2, 1, 1]
Classification: train=1.0000 test=0.2177 round=63
[round 63] timing train=167.092s distribution=4.469s agg=0.032s eval=147.461s total=319.062s
[round 64] reused planned scale coverage: [3, 1, 1, 1, 2, 2, 1, 1]
Classification: train=1.0000 test=0.2186 round=64
[round 64] timing train=173.581s distribution=4.786s agg=0.028s eval=157.521s total=335.939s
[round 65] reused planned scale coverage: [3, 1, 1, 1, 2, 2, 1, 1]
Classification: train=1.0000 test=0.2180 round=65
[round 65] timing train=170.142s distribution=5.523s agg=0.021s eval=152.190s total=327.889s
[round 66] reused planned scale coverage: [3, 1, 1, 1, 2, 2, 1, 1]
Classification: train=1.0000 test=0.2171 round=66
[round 66] timing train=173.984s distribution=4.852s agg=0.042s eval=154.416s total=333.310s
[round 67] reused planned scale coverage: [3, 1, 1, 1, 2, 2, 1, 1]
Classification: train=1.0000 test=0.2192 round=67
[round 67] timing train=173.647s distribution=4.237s agg=0.033s eval=147.543s total=325.469s
[round 68] reused planned scale coverage: [3, 1, 1, 1, 2, 2, 1, 1]
Classification: train=1.0000 test=0.2189 round=68
[round 68] timing train=170.146s distribution=4.308s agg=0.034s eval=146.432s total=320.927s
[round 69] reused planned scale coverage: [3, 1, 1, 1, 2, 2, 1, 1]
Classification: train=1.0000 test=0.2186 round=69
[round 69] timing train=179.506s distribution=4.189s agg=0.044s eval=159.128s total=342.878s
[round 70] reused planned scale coverage: [3, 1, 1, 1, 2, 2, 1, 1]
Classification: train=1.0000 test=0.2186 round=70
[round 70] timing train=167.536s distribution=4.296s agg=0.045s eval=146.844s total=318.762s
[round 71] reused planned scale coverage: [3, 1, 1, 1, 2, 2, 1, 1]
Classification: train=1.0000 test=0.2171 round=71
[round 71] timing train=176.657s distribution=5.371s agg=0.052s eval=153.796s total=335.923s
[round 72] reused planned scale coverage: [3, 1, 1, 1, 2, 2, 1, 1]
Classification: train=1.0000 test=0.2174 round=72
[round 72] timing train=174.454s distribution=5.863s agg=0.035s eval=163.932s total=344.312s
[round 73] reused planned scale coverage: [3, 1, 1, 1, 2, 2, 1, 1]
Classification: train=1.0000 test=0.2174 round=73
[round 73] timing train=176.864s distribution=5.331s agg=0.041s eval=153.581s total=335.833s
[round 74] reused planned scale coverage: [3, 1, 1, 1, 2, 2, 1, 1]
Classification: train=1.0000 test=0.2168 round=74
[round 74] timing train=171.048s distribution=5.011s agg=0.047s eval=156.677s total=332.789s
[round 75] reused planned scale coverage: [3, 1, 1, 1, 2, 2, 1, 1]
Classification: train=1.0000 test=0.2159 round=75
[round 75] timing train=185.051s distribution=5.151s agg=0.078s eval=146.954s total=337.278s
[round 76] reused planned scale coverage: [3, 1, 1, 1, 2, 2, 1, 1]
Classification: train=1.0000 test=0.2150 round=76
[round 76] timing train=174.127s distribution=5.358s agg=0.040s eval=153.101s total=332.641s
[round 77] reused planned scale coverage: [3, 1, 1, 1, 2, 2, 1, 1]
Classification: train=1.0000 test=0.2156 round=77
[round 77] timing train=180.442s distribution=4.697s agg=0.068s eval=153.839s total=339.089s
[round 78] reused planned scale coverage: [3, 1, 1, 1, 2, 2, 1, 1]
Classification: train=1.0000 test=0.2150 round=78
[round 78] timing train=168.958s distribution=5.439s agg=0.043s eval=149.206s total=323.665s
[round 79] reused planned scale coverage: [3, 1, 1, 1, 2, 2, 1, 1]
Classification: train=1.0000 test=0.2156 round=79
[round 79] timing train=130.741s distribution=4.265s agg=0.019s eval=161.581s total=296.627s
[round 80] reused planned scale coverage: [3, 1, 1, 1, 2, 2, 1, 1]
Classification: train=1.0000 test=0.2159 round=80
[round 80] timing train=180.055s distribution=4.880s agg=0.053s eval=151.066s total=336.079s
[round 81] reused planned scale coverage: [3, 1, 1, 1, 2, 2, 1, 1]
Classification: train=1.0000 test=0.2159 round=81
[round 81] timing train=178.654s distribution=4.486s agg=0.033s eval=152.123s total=335.333s
[round 82] reused planned scale coverage: [3, 1, 1, 1, 2, 2, 1, 1]
Classification: train=1.0000 test=0.2165 round=82
[round 82] timing train=172.772s distribution=5.307s agg=0.034s eval=166.182s total=344.310s
[round 83] reused planned scale coverage: [3, 1, 1, 1, 2, 2, 1, 1]
Classification: train=1.0000 test=0.2165 round=83
[round 83] timing train=156.483s distribution=4.018s agg=0.047s eval=146.145s total=306.736s
[round 84] reused planned scale coverage: [3, 1, 1, 1, 2, 2, 1, 1]
Classification: train=1.0000 test=0.2165 round=84
[round 84] timing train=168.235s distribution=5.541s agg=0.031s eval=153.619s total=327.443s
[round 85] reused planned scale coverage: [3, 1, 1, 1, 2, 2, 1, 1]
Classification: train=1.0000 test=0.2159 round=85
[round 85] timing train=173.765s distribution=4.686s agg=0.039s eval=163.347s total=341.854s
[round 86] reused planned scale coverage: [3, 1, 1, 1, 2, 2, 1, 1]
Classification: train=1.0000 test=0.2162 round=86
[round 86] timing train=166.399s distribution=5.262s agg=0.042s eval=149.507s total=321.244s
[round 87] reused planned scale coverage: [3, 1, 1, 1, 2, 2, 1, 1]
Classification: train=1.0000 test=0.2165 round=87
[round 87] timing train=170.911s distribution=5.419s agg=0.028s eval=148.313s total=324.701s
[round 88] reused planned scale coverage: [3, 1, 1, 1, 2, 2, 1, 1]
Classification: train=1.0000 test=0.2159 round=88
[round 88] timing train=173.744s distribution=6.223s agg=0.079s eval=148.251s total=328.308s
[round 89] reused planned scale coverage: [3, 1, 1, 1, 2, 2, 1, 1]
Classification: train=1.0000 test=0.2159 round=89
[round 89] timing train=167.954s distribution=5.090s agg=0.052s eval=155.561s total=328.672s
[fedcsl] checkpoint saved → ./checkpoint/resume/fedcsl_PhonemeSpectra_2026-05-05-13har_fedcsl-onehot-splitteacher_dir0.3.pt (round=90)
[round 90] reused planned scale coverage: [3, 1, 1, 1, 2, 2, 1, 1]
Classification: train=1.0000 test=0.2165 round=90
[round 90] timing train=165.089s distribution=4.543s agg=0.040s eval=157.879s total=327.557s
[round 91] reused planned scale coverage: [3, 1, 1, 1, 2, 2, 1, 1]
Classification: train=1.0000 test=0.2156 round=91
[round 91] timing train=177.843s distribution=4.641s agg=0.048s eval=157.857s total=340.412s
[round 92] reused planned scale coverage: [3, 1, 1, 1, 2, 2, 1, 1]
Classification: train=1.0000 test=0.2153 round=92
[round 92] timing train=171.676s distribution=5.083s agg=0.070s eval=160.360s total=337.235s
[round 93] reused planned scale coverage: [3, 1, 1, 1, 2, 2, 1, 1]
Classification: train=1.0000 test=0.2162 round=93
[round 93] timing train=171.379s distribution=5.055s agg=0.061s eval=153.796s total=330.318s
[round 94] reused planned scale coverage: [3, 1, 1, 1, 2, 2, 1, 1]
Classification: train=1.0000 test=0.2153 round=94
[round 94] timing train=177.947s distribution=5.042s agg=0.029s eval=148.542s total=331.571s
[round 95] reused planned scale coverage: [3, 1, 1, 1, 2, 2, 1, 1]
Classification: train=1.0000 test=0.2147 round=95
[round 95] timing train=168.670s distribution=4.941s agg=0.024s eval=146.775s total=320.453s
[round 96] reused planned scale coverage: [3, 1, 1, 1, 2, 2, 1, 1]
Classification: train=1.0000 test=0.2147 round=96
[round 96] timing train=172.064s distribution=4.433s agg=0.027s eval=159.052s total=335.584s
[round 97] reused planned scale coverage: [3, 1, 1, 1, 2, 2, 1, 1]
Classification: train=1.0000 test=0.2123 round=97
[round 97] timing train=173.260s distribution=4.661s agg=0.026s eval=151.687s total=329.649s
[round 98] reused planned scale coverage: [3, 1, 1, 1, 2, 2, 1, 1]
Classification: train=1.0000 test=0.2115 round=98
[round 98] timing train=176.319s distribution=4.219s agg=0.011s eval=160.341s total=340.922s
[round 99] reused planned scale coverage: [3, 1, 1, 1, 2, 2, 1, 1]
Classification: train=1.0000 test=0.2106 round=99
[round 99] timing train=172.499s distribution=4.687s agg=0.047s eval=144.742s total=321.999s
[round 100] reused planned scale coverage: [3, 1, 1, 1, 2, 2, 1, 1]
Classification: train=1.0000 test=0.2097 round=100
[round 100] timing train=170.218s distribution=5.070s agg=0.147s eval=158.980s total=334.425s
[round 101] reused planned scale coverage: [3, 1, 1, 1, 2, 2, 1, 1]
Classification: train=1.0000 test=0.2079 round=101
[round 101] timing train=173.435s distribution=5.168s agg=0.082s eval=160.110s total=338.817s
[round 102] reused planned scale coverage: [3, 1, 1, 1, 2, 2, 1, 1]
Classification: train=1.0000 test=0.2085 round=102
[round 102] timing train=182.435s distribution=5.736s agg=0.029s eval=156.952s total=345.175s
[round 103] reused planned scale coverage: [3, 1, 1, 1, 2, 2, 1, 1]
Classification: train=1.0000 test=0.2088 round=103
[round 103] timing train=154.808s distribution=5.354s agg=0.091s eval=155.460s total=315.724s
[round 104] reused planned scale coverage: [3, 1, 1, 1, 2, 2, 1, 1]
Classification: train=1.0000 test=0.2100 round=104
[round 104] timing train=173.550s distribution=5.193s agg=0.034s eval=167.054s total=345.870s
[round 105] reused planned scale coverage: [3, 1, 1, 1, 2, 2, 1, 1]
Classification: train=1.0000 test=0.2109 round=105
[round 105] timing train=174.375s distribution=5.418s agg=0.056s eval=151.683s total=331.552s
[round 106] reused planned scale coverage: [3, 1, 1, 1, 2, 2, 1, 1]
Classification: train=1.0000 test=0.2109 round=106
[round 106] timing train=174.411s distribution=5.458s agg=0.083s eval=151.699s total=331.668s
[round 107] reused planned scale coverage: [3, 1, 1, 1, 2, 2, 1, 1]
Classification: train=1.0000 test=0.2120 round=107
[round 107] timing train=176.503s distribution=5.165s agg=0.138s eval=149.348s total=331.174s
[round 108] reused planned scale coverage: [3, 1, 1, 1, 2, 2, 1, 1]
Classification: train=1.0000 test=0.2129 round=108
[round 108] timing train=179.291s distribution=5.158s agg=0.030s eval=137.167s total=321.703s
[round 109] reused planned scale coverage: [3, 1, 1, 1, 2, 2, 1, 1]
Classification: train=1.0000 test=0.2144 round=109
[round 109] timing train=172.340s distribution=5.180s agg=0.051s eval=152.243s total=329.828s
[round 110] reused planned scale coverage: [3, 1, 1, 1, 2, 2, 1, 1]
Classification: train=1.0000 test=0.2147 round=110
[round 110] timing train=175.212s distribution=4.504s agg=0.022s eval=146.262s total=326.013s
[round 111] reused planned scale coverage: [3, 1, 1, 1, 2, 2, 1, 1]
Classification: train=1.0000 test=0.2150 round=111
[round 111] timing train=168.472s distribution=4.863s agg=0.050s eval=147.233s total=320.636s
[round 112] reused planned scale coverage: [3, 1, 1, 1, 2, 2, 1, 1]
Classification: train=1.0000 test=0.2147 round=112
[round 112] timing train=175.302s distribution=5.913s agg=0.031s eval=165.973s total=347.259s
[round 113] reused planned scale coverage: [3, 1, 1, 1, 2, 2, 1, 1]
Classification: train=1.0000 test=0.2150 round=113
[round 113] timing train=173.453s distribution=4.982s agg=0.030s eval=147.512s total=326.041s
[round 114] reused planned scale coverage: [3, 1, 1, 1, 2, 2, 1, 1]
Classification: train=1.0000 test=0.2153 round=114
[round 114] timing train=166.788s distribution=4.880s agg=0.051s eval=148.026s total=319.761s
[round 115] reused planned scale coverage: [3, 1, 1, 1, 2, 2, 1, 1]
Classification: train=1.0000 test=0.2150 round=115
[round 115] timing train=170.857s distribution=4.514s agg=0.042s eval=161.756s total=337.187s
[round 116] reused planned scale coverage: [3, 1, 1, 1, 2, 2, 1, 1]
Classification: train=1.0000 test=0.2144 round=116
[round 116] timing train=172.227s distribution=4.433s agg=0.027s eval=154.616s total=331.318s
[round 117] reused planned scale coverage: [3, 1, 1, 1, 2, 2, 1, 1]
Classification: train=1.0000 test=0.2141 round=117
[round 117] timing train=164.698s distribution=5.079s agg=0.036s eval=160.802s total=330.628s
[round 118] reused planned scale coverage: [3, 1, 1, 1, 2, 2, 1, 1]
Classification: train=1.0000 test=0.2147 round=118
[round 118] timing train=169.372s distribution=4.842s agg=0.026s eval=151.658s total=325.913s
[round 119] reused planned scale coverage: [3, 1, 1, 1, 2, 2, 1, 1]
Classification: train=1.0000 test=0.2159 round=119
[round 119] timing train=182.744s distribution=5.453s agg=0.045s eval=136.953s total=325.205s
[fedcsl] checkpoint saved → ./checkpoint/resume/fedcsl_PhonemeSpectra_2026-05-05-13har_fedcsl-onehot-splitteacher_dir0.3.pt (round=120)
[round 120] reused planned scale coverage: [3, 1, 1, 1, 2, 2, 1, 1]
Classification: train=1.0000 test=0.2153 round=120
[round 120] timing train=142.958s distribution=4.797s agg=0.010s eval=155.053s total=302.827s
[round 121] reused planned scale coverage: [3, 1, 1, 1, 2, 2, 1, 1]
Classification: train=1.0000 test=0.2153 round=121
[round 121] timing train=178.424s distribution=4.821s agg=0.041s eval=152.843s total=336.139s
[round 122] reused planned scale coverage: [3, 1, 1, 1, 2, 2, 1, 1]
Classification: train=1.0000 test=0.2159 round=122
[round 122] timing train=171.571s distribution=4.912s agg=0.026s eval=131.605s total=308.145s
[round 123] reused planned scale coverage: [3, 1, 1, 1, 2, 2, 1, 1]
Classification: train=1.0000 test=0.2165 round=123
[round 123] timing train=146.820s distribution=4.840s agg=0.034s eval=146.563s total=298.301s
[round 124] reused planned scale coverage: [3, 1, 1, 1, 2, 2, 1, 1]
Classification: train=1.0000 test=0.2177 round=124
[round 124] timing train=167.887s distribution=5.574s agg=0.092s eval=136.982s total=310.567s
[round 125] reused planned scale coverage: [3, 1, 1, 1, 2, 2, 1, 1]
Classification: train=1.0000 test=0.2174 round=125
[round 125] timing train=163.723s distribution=4.496s agg=0.061s eval=140.574s total=308.872s
[round 126] reused planned scale coverage: [3, 1, 1, 1, 2, 2, 1, 1]
Classification: train=1.0000 test=0.2168 round=126
[round 126] timing train=171.289s distribution=4.712s agg=0.038s eval=149.502s total=325.559s
[round 127] reused planned scale coverage: [3, 1, 1, 1, 2, 2, 1, 1]
Classification: train=1.0000 test=0.2168 round=127
[round 127] timing train=170.661s distribution=5.770s agg=0.050s eval=152.459s total=328.957s
[round 128] reused planned scale coverage: [3, 1, 1, 1, 2, 2, 1, 1]
Classification: train=1.0000 test=0.2177 round=128
[round 128] timing train=170.362s distribution=4.578s agg=0.046s eval=152.023s total=327.033s
[round 129] reused planned scale coverage: [3, 1, 1, 1, 2, 2, 1, 1]
Classification: train=1.0000 test=0.2177 round=129
[round 129] timing train=175.622s distribution=4.750s agg=0.047s eval=157.905s total=338.376s
[round 130] reused planned scale coverage: [3, 1, 1, 1, 2, 2, 1, 1]
Classification: train=1.0000 test=0.2177 round=130
[round 130] timing train=171.149s distribution=5.312s agg=0.094s eval=154.978s total=331.541s
[round 131] reused planned scale coverage: [3, 1, 1, 1, 2, 2, 1, 1]
Classification: train=1.0000 test=0.2189 round=131
[round 131] timing train=163.184s distribution=4.398s agg=0.044s eval=149.436s total=317.073s
[round 132] reused planned scale coverage: [3, 1, 1, 1, 2, 2, 1, 1]
Classification: train=1.0000 test=0.2192 round=132
[round 132] timing train=167.778s distribution=4.847s agg=0.026s eval=151.279s total=323.953s
[round 133] reused planned scale coverage: [3, 1, 1, 1, 2, 2, 1, 1]
Classification: train=1.0000 test=0.2189 round=133
[round 133] timing train=167.695s distribution=4.535s agg=0.044s eval=149.152s total=321.464s
[round 134] reused planned scale coverage: [3, 1, 1, 1, 2, 2, 1, 1]
Classification: train=1.0000 test=0.2183 round=134
[round 134] timing train=165.947s distribution=4.444s agg=0.055s eval=159.061s total=329.540s
[round 135] reused planned scale coverage: [3, 1, 1, 1, 2, 2, 1, 1]
Classification: train=1.0000 test=0.2192 round=135
[round 135] timing train=172.480s distribution=4.683s agg=0.039s eval=150.427s total=327.638s
[round 136] reused planned scale coverage: [3, 1, 1, 1, 2, 2, 1, 1]
Classification: train=1.0000 test=0.2192 round=136
[round 136] timing train=162.951s distribution=4.871s agg=0.019s eval=146.844s total=314.697s
[round 137] reused planned scale coverage: [3, 1, 1, 1, 2, 2, 1, 1]
Classification: train=1.0000 test=0.2192 round=137
[round 137] timing train=165.932s distribution=4.225s agg=0.018s eval=152.881s total=323.073s
[round 138] reused planned scale coverage: [3, 1, 1, 1, 2, 2, 1, 1]
Classification: train=1.0000 test=0.2180 round=138
[round 138] timing train=163.429s distribution=4.468s agg=0.019s eval=145.445s total=313.401s
[round 139] reused planned scale coverage: [3, 1, 1, 1, 2, 2, 1, 1]
Classification: train=1.0000 test=0.2183 round=139
[round 139] timing train=157.770s distribution=5.050s agg=0.022s eval=155.106s total=317.992s
[round 140] reused planned scale coverage: [3, 1, 1, 1, 2, 2, 1, 1]
Classification: train=1.0000 test=0.2189 round=140
[round 140] timing train=171.859s distribution=4.602s agg=0.033s eval=137.335s total=313.859s
[round 141] reused planned scale coverage: [3, 1, 1, 1, 2, 2, 1, 1]
Classification: train=1.0000 test=0.2165 round=141
[round 141] timing train=156.110s distribution=4.738s agg=0.036s eval=150.915s total=311.810s
[round 142] reused planned scale coverage: [3, 1, 1, 1, 2, 2, 1, 1]
Classification: train=1.0000 test=0.2168 round=142
[round 142] timing train=160.772s distribution=4.558s agg=0.030s eval=141.884s total=307.260s
[round 143] reused planned scale coverage: [3, 1, 1, 1, 2, 2, 1, 1]
Classification: train=1.0000 test=0.2162 round=143
[round 143] timing train=144.359s distribution=4.477s agg=0.041s eval=146.928s total=295.844s
[round 144] reused planned scale coverage: [3, 1, 1, 1, 2, 2, 1, 1]
Classification: train=1.0000 test=0.2168 round=144
[round 144] timing train=168.167s distribution=5.324s agg=0.079s eval=147.199s total=320.788s
[round 145] reused planned scale coverage: [3, 1, 1, 1, 2, 2, 1, 1]
Classification: train=1.0000 test=0.2171 round=145
[round 145] timing train=166.014s distribution=4.590s agg=0.034s eval=152.499s total=323.155s
[round 146] reused planned scale coverage: [3, 1, 1, 1, 2, 2, 1, 1]
Classification: train=1.0000 test=0.2168 round=146
[round 146] timing train=164.892s distribution=4.327s agg=0.059s eval=147.905s total=317.213s
[round 147] reused planned scale coverage: [3, 1, 1, 1, 2, 2, 1, 1]
Classification: train=1.0000 test=0.2165 round=147
[round 147] timing train=164.056s distribution=5.077s agg=0.059s eval=140.591s total=309.822s
[round 148] reused planned scale coverage: [3, 1, 1, 1, 2, 2, 1, 1]
Classification: train=1.0000 test=0.2177 round=148
[round 148] timing train=172.475s distribution=4.620s agg=0.081s eval=142.103s total=319.296s
[round 149] reused planned scale coverage: [3, 1, 1, 1, 2, 2, 1, 1]
Classification: train=1.0000 test=0.2180 round=149
[round 149] timing train=158.101s distribution=5.122s agg=0.040s eval=148.721s total=311.996s
[fedcsl] checkpoint saved → ./checkpoint/resume/fedcsl_PhonemeSpectra_2026-05-05-13har_fedcsl-onehot-splitteacher_dir0.3.pt (round=150)
[round 150] reused planned scale coverage: [3, 1, 1, 1, 2, 2, 1, 1]
Classification: train=1.0000 test=0.2174 round=150
[round 150] timing train=162.010s distribution=4.771s agg=0.023s eval=140.442s total=307.252s
[round 151] reused planned scale coverage: [3, 1, 1, 1, 2, 2, 1, 1]
Classification: train=1.0000 test=0.2162 round=151
[round 151] timing train=170.161s distribution=5.024s agg=0.069s eval=145.839s total=321.101s
[round 152] reused planned scale coverage: [3, 1, 1, 1, 2, 2, 1, 1]
Classification: train=1.0000 test=0.2183 round=152
[round 152] timing train=161.306s distribution=4.489s agg=0.010s eval=140.253s total=306.068s
[round 153] reused planned scale coverage: [3, 1, 1, 1, 2, 2, 1, 1]
Classification: train=1.0000 test=0.2180 round=153
[round 153] timing train=158.521s distribution=4.606s agg=0.025s eval=149.337s total=312.521s
[round 154] reused planned scale coverage: [3, 1, 1, 1, 2, 2, 1, 1]
Classification: train=1.0000 test=0.2180 round=154
[round 154] timing train=172.247s distribution=4.609s agg=0.057s eval=146.691s total=323.623s
[round 155] reused planned scale coverage: [3, 1, 1, 1, 2, 2, 1, 1]
Classification: train=1.0000 test=0.2183 round=155
[round 155] timing train=166.104s distribution=4.225s agg=0.012s eval=136.027s total=306.379s
[round 156] reused planned scale coverage: [3, 1, 1, 1, 2, 2, 1, 1]
Classification: train=1.0000 test=0.2174 round=156
[round 156] timing train=154.608s distribution=4.919s agg=0.028s eval=140.798s total=300.373s
[round 157] reused planned scale coverage: [3, 1, 1, 1, 2, 2, 1, 1]
Classification: train=1.0000 test=0.2174 round=157
[round 157] timing train=163.915s distribution=4.757s agg=0.061s eval=134.917s total=303.670s
[round 158] reused planned scale coverage: [3, 1, 1, 1, 2, 2, 1, 1]
Classification: train=1.0000 test=0.2174 round=158
[round 158] timing train=166.759s distribution=5.320s agg=0.017s eval=142.290s total=314.403s
[round 159] reused planned scale coverage: [3, 1, 1, 1, 2, 2, 1, 1]
Classification: train=1.0000 test=0.2171 round=159
[round 159] timing train=159.490s distribution=4.258s agg=0.024s eval=150.608s total=314.391s
[round 160] reused planned scale coverage: [3, 1, 1, 1, 2, 2, 1, 1]
Classification: train=1.0000 test=0.2180 round=160
[round 160] timing train=163.252s distribution=4.825s agg=0.059s eval=135.362s total=303.515s
[round 161] reused planned scale coverage: [3, 1, 1, 1, 2, 2, 1, 1]
Classification: train=1.0000 test=0.2189 round=161
[round 161] timing train=168.094s distribution=5.059s agg=0.041s eval=124.108s total=297.322s
[round 162] reused planned scale coverage: [3, 1, 1, 1, 2, 2, 1, 1]
Classification: train=1.0000 test=0.2180 round=162
[round 162] timing train=143.776s distribution=4.419s agg=0.041s eval=145.091s total=293.335s
[round 163] reused planned scale coverage: [3, 1, 1, 1, 2, 2, 1, 1]
Classification: train=1.0000 test=0.2180 round=163
[round 163] timing train=166.443s distribution=4.944s agg=0.062s eval=135.987s total=307.443s
[round 164] reused planned scale coverage: [3, 1, 1, 1, 2, 2, 1, 1]
Classification: train=1.0000 test=0.2174 round=164
[round 164] timing train=141.486s distribution=4.942s agg=0.036s eval=136.326s total=282.822s
[round 165] reused planned scale coverage: [3, 1, 1, 1, 2, 2, 1, 1]
Classification: train=1.0000 test=0.2159 round=165
[round 165] timing train=166.001s distribution=5.188s agg=0.049s eval=152.883s total=324.143s
[round 166] reused planned scale coverage: [3, 1, 1, 1, 2, 2, 1, 1]
Classification: train=1.0000 test=0.2171 round=166
[round 166] timing train=167.432s distribution=4.893s agg=0.046s eval=137.425s total=309.838s
[round 167] reused planned scale coverage: [3, 1, 1, 1, 2, 2, 1, 1]
Classification: train=1.0000 test=0.2174 round=167
[round 167] timing train=162.046s distribution=4.233s agg=0.023s eval=144.926s total=311.238s
[round 168] reused planned scale coverage: [3, 1, 1, 1, 2, 2, 1, 1]
Classification: train=1.0000 test=0.2174 round=168
[round 168] timing train=164.319s distribution=4.268s agg=0.039s eval=142.111s total=310.770s
[round 169] reused planned scale coverage: [3, 1, 1, 1, 2, 2, 1, 1]
Classification: train=1.0000 test=0.2174 round=169
[round 169] timing train=154.613s distribution=3.968s agg=0.024s eval=144.608s total=303.255s
[round 170] reused planned scale coverage: [3, 1, 1, 1, 2, 2, 1, 1]
Classification: train=1.0000 test=0.2171 round=170
[round 170] timing train=165.483s distribution=4.182s agg=0.023s eval=151.942s total=321.644s
[round 171] reused planned scale coverage: [3, 1, 1, 1, 2, 2, 1, 1]
Classification: train=1.0000 test=0.2171 round=171
[round 171] timing train=168.142s distribution=4.928s agg=0.034s eval=145.064s total=318.180s
[round 172] reused planned scale coverage: [3, 1, 1, 1, 2, 2, 1, 1]
Classification: train=1.0000 test=0.2174 round=172
[round 172] timing train=159.954s distribution=4.805s agg=0.087s eval=147.801s total=312.689s
[round 173] reused planned scale coverage: [3, 1, 1, 1, 2, 2, 1, 1]
Classification: train=1.0000 test=0.2180 round=173
[round 173] timing train=160.269s distribution=4.899s agg=0.014s eval=148.786s total=313.987s
[round 174] reused planned scale coverage: [3, 1, 1, 1, 2, 2, 1, 1]
Classification: train=1.0000 test=0.2177 round=174
[round 174] timing train=160.895s distribution=4.995s agg=0.024s eval=137.526s total=303.480s
[round 175] reused planned scale coverage: [3, 1, 1, 1, 2, 2, 1, 1]
Classification: train=1.0000 test=0.2171 round=175
[round 175] timing train=151.960s distribution=5.041s agg=0.046s eval=135.102s total=292.167s
[round 176] reused planned scale coverage: [3, 1, 1, 1, 2, 2, 1, 1]
Classification: train=1.0000 test=0.2159 round=176
[round 176] timing train=164.145s distribution=4.717s agg=0.063s eval=141.579s total=310.537s
[round 177] reused planned scale coverage: [3, 1, 1, 1, 2, 2, 1, 1]
Classification: train=1.0000 test=0.2153 round=177
[round 177] timing train=169.642s distribution=4.941s agg=0.062s eval=132.167s total=306.826s
[round 178] reused planned scale coverage: [3, 1, 1, 1, 2, 2, 1, 1]
Classification: train=1.0000 test=0.2150 round=178
[round 178] timing train=156.294s distribution=4.808s agg=0.093s eval=140.206s total=301.442s
[round 179] reused planned scale coverage: [3, 1, 1, 1, 2, 2, 1, 1]
Classification: train=1.0000 test=0.2144 round=179
[round 179] timing train=166.127s distribution=4.136s agg=0.022s eval=133.883s total=304.178s
[fedcsl] checkpoint saved → ./checkpoint/resume/fedcsl_PhonemeSpectra_2026-05-05-13har_fedcsl-onehot-splitteacher_dir0.3.pt (round=180)
[round 180] reused planned scale coverage: [3, 1, 1, 1, 2, 2, 1, 1]
Classification: train=1.0000 test=0.2144 round=180
[round 180] timing train=162.486s distribution=4.238s agg=0.032s eval=135.313s total=302.113s
[round 181] reused planned scale coverage: [3, 1, 1, 1, 2, 2, 1, 1]
Classification: train=1.0000 test=0.2147 round=181
[round 181] timing train=158.612s distribution=4.327s agg=0.035s eval=150.954s total=313.946s
[round 182] reused planned scale coverage: [3, 1, 1, 1, 2, 2, 1, 1]
Classification: train=1.0000 test=0.2144 round=182
[round 182] timing train=161.068s distribution=4.897s agg=0.034s eval=139.316s total=305.333s
[round 183] reused planned scale coverage: [3, 1, 1, 1, 2, 2, 1, 1]
Classification: train=1.0000 test=0.2141 round=183
[round 183] timing train=148.565s distribution=4.737s agg=0.016s eval=141.524s total=294.849s
[round 184] reused planned scale coverage: [3, 1, 1, 1, 2, 2, 1, 1]
Classification: train=1.0000 test=0.2147 round=184
[round 184] timing train=162.937s distribution=4.821s agg=0.022s eval=131.553s total=299.339s
[round 185] reused planned scale coverage: [3, 1, 1, 1, 2, 2, 1, 1]
Classification: train=1.0000 test=0.2159 round=185
[round 185] timing train=138.225s distribution=4.941s agg=0.050s eval=132.521s total=275.754s
[round 186] reused planned scale coverage: [3, 1, 1, 1, 2, 2, 1, 1]
Classification: train=1.0000 test=0.2150 round=186
[round 186] timing train=161.162s distribution=5.187s agg=0.178s eval=136.893s total=303.440s
[round 187] reused planned scale coverage: [3, 1, 1, 1, 2, 2, 1, 1]
Classification: train=1.0000 test=0.2153 round=187
[round 187] timing train=169.216s distribution=4.467s agg=0.046s eval=153.716s total=327.467s
[round 188] reused planned scale coverage: [3, 1, 1, 1, 2, 2, 1, 1]
Classification: train=1.0000 test=0.2153 round=188
[round 188] timing train=161.677s distribution=4.880s agg=0.057s eval=130.759s total=297.391s
[round 189] reused planned scale coverage: [3, 1, 1, 1, 2, 2, 1, 1]
Classification: train=1.0000 test=0.2150 round=189
[round 189] timing train=156.387s distribution=4.624s agg=0.046s eval=140.169s total=301.257s
[round 190] reused planned scale coverage: [3, 1, 1, 1, 2, 2, 1, 1]
Classification: train=1.0000 test=0.2147 round=190
[round 190] timing train=173.815s distribution=4.954s agg=0.052s eval=146.683s total=325.520s
[round 191] reused planned scale coverage: [3, 1, 1, 1, 2, 2, 1, 1]
Classification: train=1.0000 test=0.2153 round=191
[round 191] timing train=170.134s distribution=4.819s agg=0.100s eval=148.254s total=323.316s
[round 192] reused planned scale coverage: [3, 1, 1, 1, 2, 2, 1, 1]
Classification: train=1.0000 test=0.2147 round=192
[round 192] timing train=158.591s distribution=4.438s agg=0.056s eval=150.731s total=313.829s
[round 193] reused planned scale coverage: [3, 1, 1, 1, 2, 2, 1, 1]
Classification: train=1.0000 test=0.2150 round=193
[round 193] timing train=160.501s distribution=4.339s agg=0.052s eval=144.036s total=308.970s
[round 194] reused planned scale coverage: [3, 1, 1, 1, 2, 2, 1, 1]
Classification: train=1.0000 test=0.2153 round=194
[round 194] timing train=164.478s distribution=4.268s agg=0.050s eval=146.596s total=315.402s
[round 195] reused planned scale coverage: [3, 1, 1, 1, 2, 2, 1, 1]
Classification: train=1.0000 test=0.2141 round=195
[round 195] timing train=167.790s distribution=4.893s agg=0.028s eval=151.711s total=324.439s
[round 196] reused planned scale coverage: [3, 1, 1, 1, 2, 2, 1, 1]
Classification: train=1.0000 test=0.2141 round=196
[round 196] timing train=163.604s distribution=5.186s agg=0.027s eval=143.338s total=312.187s
[round 197] reused planned scale coverage: [3, 1, 1, 1, 2, 2, 1, 1]
Classification: train=1.0000 test=0.2144 round=197
[round 197] timing train=164.534s distribution=4.170s agg=0.011s eval=146.236s total=314.985s
[round 198] reused planned scale coverage: [3, 1, 1, 1, 2, 2, 1, 1]
Classification: train=1.0000 test=0.2147 round=198
[round 198] timing train=165.748s distribution=4.643s agg=0.035s eval=140.018s total=310.462s
[round 199] reused planned scale coverage: [3, 1, 1, 1, 2, 2, 1, 1]
Classification: train=1.0000 test=0.2141 round=199
[round 199] timing train=165.013s distribution=4.459s agg=0.031s eval=129.667s total=299.214s
best round is 6, acc is 0.219207
Model saved to ./checkpoint/PhonemeSpectra/2026-05-05-13har_fedcsl-onehot-splitteacher_dir0.3_PhonemeSpectra_model.pt
