# 2026-05-05 13:29:36  har_fedprox_dir0.3  GPU=4  cwd=/data/user_lixiongfei/CSL-main
# CMD: python3 -u FedCSL_All.py -dataset HAR --config configFedProx.yml --dirichlet-alpha 0.3 --seed 42 --description har_fedprox_dir0.3 -dataset PhonemeSpectra

/mnt/data/user_liangzhiyu/envs/fedcsl/lib/python3.8/site-packages/scipy/__init__.py:146: UserWarning: A NumPy version >=1.16.5 and <1.23.0 is required for this version of SciPy (detected version 1.23.5
  warnings.warn(f"A NumPy version >={np_minversion} and <{np_maxversion}"
[config] 'configFedProx.yml' 未找到，重定向到 'config/configFedProx.yml'
3315
<class 'pandas.core.frame.DataFrame'>
RangeIndex: 3315 entries, 0 to 3314
Data columns (total 12 columns):
 #   Column      Non-Null Count  Dtype 
---  ------      --------------  ----- 
 0   dim_0       3315 non-null   object
 1   dim_1       3315 non-null   object
 2   dim_2       3315 non-null   object
 3   dim_3       3315 non-null   object
 4   dim_4       3315 non-null   object
 5   dim_5       3315 non-null   object
 6   dim_6       3315 non-null   object
 7   dim_7       3315 non-null   object
 8   dim_8       3315 non-null   object
 9   dim_9       3315 non-null   object
 10  dim_10      3315 non-null   object
 11  class_vals  3315 non-null   object
dtypes: object(12)
memory usage: 310.9+ KB
None
{217}
<class 'pandas.core.frame.DataFrame'>
RangeIndex: 3315 entries, 0 to 3314
Data columns (total 12 columns):
 #   Column      Non-Null Count  Dtype 
---  ------      --------------  ----- 
 0   dim_0       3315 non-null   object
 1   dim_1       3315 non-null   object
 2   dim_2       3315 non-null   object
 3   dim_3       3315 non-null   object
 4   dim_4       3315 non-null   object
 5   dim_5       3315 non-null   object
 6   dim_6       3315 non-null   object
 7   dim_7       3315 non-null   object
 8   dim_8       3315 non-null   object
 9   dim_9       3315 non-null   object
 10  dim_10      3315 non-null   object
 11  class_vals  3315 non-null   object
dtypes: object(12)
memory usage: 310.9+ KB
None
[ 0  0  0 ... 38 38 38]
[   0    1   85   86   87   88   89   90   91   92   93   94   95   96
   97   98   99  100  101  102  103  104  105  106  107  108  109  110
  111  112  113  114  115  116  117  118  119  120  121  122  123  124
  125  126  127  128  129  130  131  132  133  134  135  136  137  138
  139  140  141  142  143  144  145  146  147  148  149  150  151  152
  153  154  155  156  170  340  341  342  343  344  345  346  347  348
  349  350  351  352  353  354  355  356  357  358  359  360  361  362
  363  364  365  366  367  368  369  370  371  372  373  374  375  376
  377  378  379  380  381  382  383  384  385  386  387  388  389  390
  391  392  393  394  395  396  397  398  399  400  401  402  403  404
  405  406  510  511  512  513  514  515  516  517  518  519  520  521
  522  523  524  525  526  527  528  529  530  531  532  533  534  535
  536  537  538  539  595  596  597  598  599  600  601  602  603  604
  605  606  607  608  609  610  611  612  613  614  615  616  617  618
  619  620  621  622  623  624  625  626  680  681  682  683  684  685
  686  765  766  767  768  769  770  771  772  773  774  775  776  777
  778  779  780  781  782  783  784  785  786  787  788  789  790  791
  792  793  794  795  796  797  798  799  800 1020 1021 1022 1023 1024
 1025 1026 1027 1028 1105 1106 1107 1108 1109 1110 1111 1112 1113 1114
 1115 1116 1117 1118 1119 1120 1121 1122 1123 1124 1125 1126 1127 1128
 1129 1130 1131 1132 1133 1134 1135 1136 1137 1138 1139 1140 1141 1142
 1143 1144 1145 1146 1147 1148 1149 1150 1151 1152 1153 1154 1155 1156
 1157 1158 1159 1160 1445 1446 1447 1448 1449 1450 1451 1452 1453 1454
 1455 1456 1457 1458 1459 1460 1461 1462 1463 1464 1465 1466 1467 1468
 1469 1470 1471 1472 1473 1474 1475 1476 1477 1478 1479 1480 1481 1482
 1483 1484 1485 1486 1487 1488 1489 1490 1491 1492 1493 1494 1495 1496
 1497 1498 1499 1500 1501 1502 1503 1504 1505 1506 1507 1508 1509 1510
 1511 1512 1513 1514 1515 1516 1517 1518 1519 1520 1521 1522 1530 1531
 1532 1533 1534 1535 1536 1537 1538 1539 1540 1541 1542 1543 1544 1545
 1546 1547 1548 1549 1550 1551 1552 1553 1554 1555 1556 1557 1558 1559
 1560 1561 1562 1563 1564 1565 1566 1567 1568 1569 1570 1571 1572 1573
 1574 1575 1576 1577 1578 1579 1580 1581 1582 1583 1584 1585 1586 1587
 1588 1589 1590 1591 1592 1593 1594 1595 1596 1597 1598 1599 1600 1601
 1602 1603 1604 1605 1606 1607 1608 1615 1616 1700 1701 1702 1785 1786
 1787 1788 1789 1790 1791 1792 1793 1794 1795 1796 1797 1798 1799 1800
 1801 1802 1870 1871 1872 1873 1874 1875 1876 1877 1878 1879 1880 1881
 1882 1883 1884 1885 1886 1887 1888 1889 1890 1891 1892 1893 1955 1956
 1957 1958 1959 1960 1961 1962 1963 1964 1965 2125 2126 2127 2210 2211
 2212 2213 2214 2215 2216 2217 2218 2219 2220 2221 2222 2223 2224 2225
 2226 2227 2228 2229 2230 2231 2232 2233 2234 2235 2236 2237 2238 2239
 2240 2241 2242 2243 2244 2245 2295 2465 2466 2467 2468 2469 2470 2471
 2472 2473 2474 2475 2476 2477 2478 2479 2480 2481 2482 2483 2484 2485
 2486 2487 2488 2489 2490 2491 2492 2493 2494 2495 2496 2497 2498 2499
 2500 2501 2502 2503 2504 2505 2506 2507 2508 2509 2510 2511 2512 2513
 2514 2515 2516 2517 2518 2519 2520 2521 2522 2523 2524 2525 2526 2527
 2528 2529 2530 2531 2532 2533 2550 2551 2552 2553 2554 2555 2556 2557
 2558 2559 2560 2561 2562 2563 2564 2565 2566 2567 2568 2569 2570 2571
 2572 2573 2574 2575 2576 2577 2578 2579 2580 2581 2582 2583 2584 2585
 2586 2587 2588 2589 2590 2591 2592 2593 2594 2595 2596 2597 2598 2599
 2600 2601 2602 2603 2604 2605 2606 2607 2608 2609 2610 2611 2612 2613
 2614 2615 2616 2617 2618 2619 2620 2621 2622 2623 2624 2625 2635 2636
 2637 2638 2639 2640 2641 2642 2643 2644 2645 2646 2647 2648 2649 2650
 2651 2652 2653 2654 2655 2656 2657 2658 2659 2660 2661 2662 2663 2664
 2665 2666 2667 2668 2720 2721 2722 2723 2724 2725 2726 2727 2728 2729
 2730 2731 2732 2733 2734 2735 2736 2737 2805 2806 2975 2976 2977 2978
 2979 2980 2981 2982 2983 2984 2985 3060 3061 3230 3231 3232 3233 3234
 3235 3236 3237 3238 3239 3240 3241 3242 3243 3244 3245 3246 3247 3248
 3249 3250 3251 3252 3253 3254 3255 3256 3257 3258 3259 3260 3261 3262
 3263 3264 3265 3266 3267 3268 3269 3270 3271 3272 3273 3274 3275 3276
 3277 3278 3279 3280 3281 3282 3283 3284 3285 3286 3287 3288 3289 3290
 3291 3292 3293 3294 3295 3296]
[0, 0, 1, 1, 1, 1, 1, 1, 1, 1, 1, 1, 1, 1, 1, 1, 1, 1, 1, 1, 1, 1, 1, 1, 1, 1, 1, 1, 1, 1, 1, 1, 1, 1, 1, 1, 1, 1, 1, 1, 1, 1, 1, 1, 1, 1, 1, 1, 1, 1, 1, 1, 1, 1, 1, 1, 1, 1, 1, 1, 1, 1, 1, 1, 1, 1, 1, 1, 1, 1, 1, 1, 1, 1, 2, 4, 4, 4, 4, 4, 4, 4, 4, 4, 4, 4, 4, 4, 4, 4, 4, 4, 4, 4, 4, 4, 4, 4, 4, 4, 4, 4, 4, 4, 4, 4, 4, 4, 4, 4, 4, 4, 4, 4, 4, 4, 4, 4, 4, 4, 4, 4, 4, 4, 4, 4, 4, 4, 4, 4, 4, 4, 4, 4, 4, 4, 4, 4, 4, 4, 4, 4, 6, 6, 6, 6, 6, 6, 6, 6, 6, 6, 6, 6, 6, 6, 6, 6, 6, 6, 6, 6, 6, 6, 6, 6, 6, 6, 6, 6, 6, 6, 7, 7, 7, 7, 7, 7, 7, 7, 7, 7, 7, 7, 7, 7, 7, 7, 7, 7, 7, 7, 7, 7, 7, 7, 7, 7, 7, 7, 7, 7, 7, 7, 8, 8, 8, 8, 8, 8, 8, 9, 9, 9, 9, 9, 9, 9, 9, 9, 9, 9, 9, 9, 9, 9, 9, 9, 9, 9, 9, 9, 9, 9, 9, 9, 9, 9, 9, 9, 9, 9, 9, 9, 9, 9, 9, 12, 12, 12, 12, 12, 12, 12, 12, 12, 13, 13, 13, 13, 13, 13, 13, 13, 13, 13, 13, 13, 13, 13, 13, 13, 13, 13, 13, 13, 13, 13, 13, 13, 13, 13, 13, 13, 13, 13, 13, 13, 13, 13, 13, 13, 13, 13, 13, 13, 13, 13, 13, 13, 13, 13, 13, 13, 13, 13, 13, 13, 13, 13, 13, 13, 17, 17, 17, 17, 17, 17, 17, 17, 17, 17, 17, 17, 17, 17, 17, 17, 17, 17, 17, 17, 17, 17, 17, 17, 17, 17, 17, 17, 17, 17, 17, 17, 17, 17, 17, 17, 17, 17, 17, 17, 17, 17, 17, 17, 17, 17, 17, 17, 17, 17, 17, 17, 17, 17, 17, 17, 17, 17, 17, 17, 17, 17, 17, 17, 17, 17, 17, 17, 17, 17, 17, 17, 17, 17, 17, 17, 17, 17, 18, 18, 18, 18, 18, 18, 18, 18, 18, 18, 18, 18, 18, 18, 18, 18, 18, 18, 18, 18, 18, 18, 18, 18, 18, 18, 18, 18, 18, 18, 18, 18, 18, 18, 18, 18, 18, 18, 18, 18, 18, 18, 18, 18, 18, 18, 18, 18, 18, 18, 18, 18, 18, 18, 18, 18, 18, 18, 18, 18, 18, 18, 18, 18, 18, 18, 18, 18, 18, 18, 18, 18, 18, 18, 18, 18, 18, 18, 18, 19, 19, 20, 20, 20, 21, 21, 21, 21, 21, 21, 21, 21, 21, 21, 21, 21, 21, 21, 21, 21, 21, 21, 22, 22, 22, 22, 22, 22, 22, 22, 22, 22, 22, 22, 22, 22, 22, 22, 22, 22, 22, 22, 22, 22, 22, 22, 23, 23, 23, 23, 23, 23, 23, 23, 23, 23, 23, 25, 25, 25, 26, 26, 26, 26, 26, 26, 26, 26, 26, 26, 26, 26, 26, 26, 26, 26, 26, 26, 26, 26, 26, 26, 26, 26, 26, 26, 26, 26, 26, 26, 26, 26, 26, 26, 26, 26, 27, 29, 29, 29, 29, 29, 29, 29, 29, 29, 29, 29, 29, 29, 29, 29, 29, 29, 29, 29, 29, 29, 29, 29, 29, 29, 29, 29, 29, 29, 29, 29, 29, 29, 29, 29, 29, 29, 29, 29, 29, 29, 29, 29, 29, 29, 29, 29, 29, 29, 29, 29, 29, 29, 29, 29, 29, 29, 29, 29, 29, 29, 29, 29, 29, 29, 29, 29, 29, 29, 30, 30, 30, 30, 30, 30, 30, 30, 30, 30, 30, 30, 30, 30, 30, 30, 30, 30, 30, 30, 30, 30, 30, 30, 30, 30, 30, 30, 30, 30, 30, 30, 30, 30, 30, 30, 30, 30, 30, 30, 30, 30, 30, 30, 30, 30, 30, 30, 30, 30, 30, 30, 30, 30, 30, 30, 30, 30, 30, 30, 30, 30, 30, 30, 30, 30, 30, 30, 30, 30, 30, 30, 30, 30, 30, 30, 31, 31, 31, 31, 31, 31, 31, 31, 31, 31, 31, 31, 31, 31, 31, 31, 31, 31, 31, 31, 31, 31, 31, 31, 31, 31, 31, 31, 31, 31, 31, 31, 31, 31, 32, 32, 32, 32, 32, 32, 32, 32, 32, 32, 32, 32, 32, 32, 32, 32, 32, 32, 33, 33, 35, 35, 35, 35, 35, 35, 35, 35, 35, 35, 35, 36, 36, 38, 38, 38, 38, 38, 38, 38, 38, 38, 38, 38, 38, 38, 38, 38, 38, 38, 38, 38, 38, 38, 38, 38, 38, 38, 38, 38, 38, 38, 38, 38, 38, 38, 38, 38, 38, 38, 38, 38, 38, 38, 38, 38, 38, 38, 38, 38, 38, 38, 38, 38, 38, 38, 38, 38, 38, 38, 38, 38, 38, 38, 38, 38, 38, 38, 38, 38]
[0, 0, 0, 0, 2, 2, 2, 2, 2, 2, 2, 2, 2, 2, 2, 2, 2, 2, 2, 2, 2, 2, 2, 2, 2, 2, 2, 2, 2, 2, 2, 2, 2, 2, 2, 2, 2, 2, 2, 2, 2, 2, 2, 2, 2, 2, 2, 2, 2, 2, 2, 2, 2, 2, 2, 2, 2, 2, 2, 2, 2, 2, 2, 2, 2, 2, 2, 2, 2, 2, 2, 2, 2, 2, 2, 2, 2, 2, 2, 2, 2, 2, 2, 3, 3, 3, 3, 3, 3, 3, 3, 3, 3, 3, 3, 3, 3, 3, 3, 3, 3, 3, 3, 3, 3, 3, 3, 3, 3, 3, 3, 3, 3, 3, 3, 3, 3, 3, 3, 3, 3, 3, 3, 3, 3, 3, 3, 3, 3, 3, 3, 3, 3, 3, 3, 3, 3, 3, 3, 3, 3, 3, 3, 3, 3, 3, 3, 3, 3, 3, 3, 3, 3, 3, 3, 3, 3, 3, 3, 3, 3, 3, 3, 5, 7, 7, 7, 7, 7, 7, 7, 7, 7, 8, 8, 8, 8, 8, 8, 8, 8, 8, 8, 8, 8, 8, 8, 8, 8, 8, 8, 8, 8, 8, 8, 8, 8, 8, 8, 8, 8, 8, 8, 8, 8, 8, 8, 8, 8, 8, 8, 8, 8, 8, 8, 8, 8, 8, 8, 8, 8, 8, 8, 8, 8, 8, 8, 8, 9, 9, 9, 9, 9, 9, 9, 9, 9, 9, 9, 9, 9, 9, 9, 9, 9, 9, 9, 9, 9, 9, 9, 9, 9, 9, 9, 9, 10, 10, 10, 10, 10, 10, 10, 10, 10, 10, 10, 10, 10, 10, 10, 10, 10, 10, 10, 10, 10, 10, 10, 10, 10, 10, 10, 10, 10, 10, 10, 10, 10, 10, 10, 10, 10, 10, 10, 10, 10, 10, 10, 10, 10, 10, 10, 10, 10, 10, 10, 10, 10, 10, 10, 10, 10, 11, 11, 11, 11, 11, 11, 11, 11, 11, 12, 12, 12, 12, 12, 12, 12, 12, 12, 12, 12, 12, 12, 12, 12, 12, 12, 12, 12, 12, 12, 12, 12, 12, 12, 12, 12, 12, 12, 12, 12, 12, 12, 12, 12, 12, 12, 12, 12, 12, 12, 12, 12, 12, 12, 12, 12, 13, 13, 13, 13, 13, 13, 13, 13, 13, 13, 13, 13, 13, 13, 13, 13, 13, 13, 13, 13, 13, 13, 13, 13, 13, 13, 13, 13, 14, 14, 14, 14, 14, 14, 14, 14, 14, 14, 14, 14, 14, 14, 14, 14, 14, 14, 14, 14, 14, 14, 14, 15, 15, 15, 15, 15, 15, 15, 15, 15, 15, 15, 15, 15, 15, 15, 15, 15, 15, 15, 15, 15, 15, 15, 15, 15, 15, 15, 15, 15, 15, 15, 15, 15, 15, 15, 15, 15, 15, 15, 15, 15, 15, 15, 15, 15, 15, 15, 15, 15, 15, 15, 15, 15, 15, 15, 15, 15, 15, 15, 15, 15, 15, 15, 15, 15, 15, 15, 15, 15, 15, 15, 15, 15, 15, 15, 15, 15, 15, 15, 18, 18, 21, 21, 22, 22, 22, 22, 22, 22, 22, 22, 22, 22, 22, 22, 22, 22, 22, 22, 22, 22, 22, 22, 22, 22, 22, 22, 22, 22, 22, 22, 22, 22, 22, 22, 22, 22, 22, 22, 22, 22, 22, 22, 22, 22, 22, 22, 22, 22, 22, 22, 22, 22, 22, 22, 22, 22, 22, 22, 22, 22, 23, 24, 24, 24, 24, 24, 24, 24, 24, 24, 24, 24, 24, 24, 24, 24, 24, 24, 24, 24, 24, 24, 24, 24, 24, 24, 24, 24, 24, 24, 24, 24, 24, 24, 24, 24, 24, 24, 24, 24, 24, 24, 24, 24, 24, 24, 24, 24, 24, 24, 24, 24, 24, 24, 24, 24, 24, 24, 24, 24, 24, 24, 24, 24, 24, 26, 27, 27, 27, 27, 27, 28, 28, 28, 28, 28, 28, 28, 28, 28, 28, 28, 28, 28, 28, 29, 29, 29, 29, 29, 29, 29, 29, 29, 29, 29, 29, 29, 29, 29, 30, 30, 30, 30, 30, 30, 30, 30, 31, 31, 31, 31, 31, 31, 31, 31, 31, 31, 31, 31, 31, 31, 31, 31, 31, 31, 31, 31, 31, 31, 31, 31, 31, 31, 31, 31, 31, 31, 31, 31, 31, 31, 31, 31, 31, 31, 31, 31, 31, 31, 31, 31, 31, 31, 31, 31, 31, 31, 32, 32, 32, 32, 32, 32, 32, 32, 32, 32, 32, 32, 32, 32, 32, 32, 32, 32, 32, 32, 32, 32, 32, 32, 32, 32, 32, 32, 32, 32, 32, 32, 32, 32, 32, 32, 32, 32, 32, 32, 32, 32, 32, 32, 32, 32, 32, 32, 32, 32, 32, 32, 32, 32, 32, 32, 32, 32, 32, 32, 32, 32, 32, 32, 32, 32, 33, 33, 33, 33, 33, 33, 33, 33, 33, 33, 33, 33, 33, 33, 33, 33, 33, 33, 33, 33, 33, 33, 33, 33, 33, 33, 33, 33, 33, 33, 33, 33, 33, 33, 33, 33, 33, 33, 33, 33, 33, 33, 33, 33, 33, 33, 33, 33, 33, 33, 33, 33, 33, 33, 33, 33, 33, 33, 33, 33, 33, 33, 33, 33, 33, 33, 33, 33, 33, 33, 33, 33, 33, 33, 33, 33, 33, 33, 33, 34, 34, 34, 34, 34, 34, 34, 34, 34, 34, 34, 34, 34, 34, 34, 34, 34, 34, 34, 34, 34, 34, 34, 34, 34, 34, 34, 34, 34, 34, 34, 34, 34, 34, 34, 34, 34, 34, 34, 34, 34, 34, 34, 34, 34, 34, 34, 34, 34, 34, 34, 34, 34, 34, 34, 34, 34, 34, 34, 34, 34, 34, 34, 34, 34, 34, 34, 34, 34, 34, 34, 34, 34, 34, 34, 35, 35, 35, 35, 35, 35, 37, 37, 37, 37, 37, 37, 37, 37, 37, 37, 37, 37, 37, 37, 37, 37, 37, 37, 37, 37, 37, 37, 37, 37, 37, 37, 37, 37, 37, 37, 37, 37, 37, 37, 37, 37, 37, 37, 37, 37, 37, 37, 37, 37, 37, 37, 37, 37, 37, 37, 37, 37, 37, 37, 37, 37, 37, 37, 37, 37, 37, 37, 37, 37, 37, 37, 37, 37, 37, 37, 37, 37, 37, 37, 37, 37, 37, 37, 37, 37, 37, 37, 37, 37, 38, 38, 38, 38, 38, 38, 38, 38, 38, 38, 38, 38, 38, 38]
[0, 0, 0, 0, 0, 0, 0, 0, 0, 0, 0, 0, 0, 0, 0, 0, 0, 0, 0, 0, 0, 0, 0, 0, 0, 0, 0, 0, 0, 0, 0, 0, 0, 0, 0, 0, 0, 0, 0, 0, 0, 0, 0, 0, 0, 0, 0, 0, 0, 0, 0, 0, 0, 0, 0, 0, 0, 0, 0, 0, 0, 0, 0, 0, 0, 0, 0, 0, 0, 0, 0, 0, 0, 0, 0, 0, 0, 0, 0, 1, 1, 1, 1, 1, 1, 1, 1, 1, 1, 1, 1, 1, 2, 2, 2, 2, 2, 3, 3, 3, 3, 3, 4, 4, 4, 4, 4, 4, 4, 4, 4, 4, 4, 4, 4, 4, 4, 4, 4, 4, 5, 5, 5, 5, 5, 5, 5, 5, 5, 5, 5, 5, 5, 5, 5, 5, 5, 5, 5, 5, 5, 5, 5, 5, 5, 5, 5, 5, 5, 5, 5, 5, 5, 5, 5, 5, 5, 5, 5, 5, 5, 5, 5, 5, 5, 5, 5, 5, 5, 5, 5, 5, 5, 5, 5, 5, 5, 5, 5, 5, 5, 5, 5, 5, 5, 5, 5, 5, 5, 5, 5, 5, 5, 5, 5, 5, 5, 5, 5, 5, 5, 5, 5, 5, 6, 6, 6, 6, 6, 6, 6, 6, 6, 6, 6, 6, 6, 6, 6, 6, 6, 6, 6, 6, 6, 6, 6, 6, 6, 6, 6, 6, 6, 6, 6, 6, 6, 6, 6, 6, 6, 6, 6, 6, 6, 6, 6, 6, 6, 6, 6, 6, 6, 6, 6, 6, 6, 6, 6, 7, 7, 7, 7, 7, 7, 7, 7, 7, 7, 7, 7, 7, 7, 7, 7, 7, 7, 7, 7, 7, 7, 7, 7, 7, 7, 7, 7, 7, 7, 7, 7, 7, 7, 7, 7, 7, 7, 7, 7, 7, 7, 7, 7, 8, 8, 8, 8, 8, 8, 8, 8, 8, 8, 8, 8, 8, 8, 8, 8, 8, 8, 8, 8, 8, 8, 8, 9, 9, 9, 9, 9, 9, 9, 9, 9, 9, 9, 9, 9, 9, 9, 9, 9, 9, 9, 9, 9, 10, 10, 10, 10, 10, 10, 10, 10, 10, 10, 10, 10, 10, 10, 10, 10, 10, 10, 10, 10, 10, 10, 10, 10, 10, 10, 10, 10, 11, 11, 11, 11, 11, 11, 11, 11, 11, 11, 11, 11, 11, 11, 11, 11, 11, 11, 11, 11, 11, 11, 11, 11, 11, 11, 11, 11, 11, 11, 11, 11, 11, 11, 11, 11, 11, 11, 11, 11, 11, 11, 11, 11, 11, 11, 11, 11, 11, 11, 11, 11, 11, 11, 11, 11, 11, 11, 11, 11, 11, 11, 11, 11, 11, 11, 11, 11, 11, 11, 11, 11, 11, 11, 11, 11, 12, 12, 12, 12, 12, 12, 12, 12, 12, 12, 12, 12, 12, 12, 12, 12, 12, 12, 12, 12, 12, 12, 12, 12, 12, 12, 12, 12, 12, 13, 14, 14, 14, 14, 14, 14, 14, 14, 14, 14, 14, 14, 14, 14, 14, 14, 14, 14, 14, 14, 14, 14, 14, 14, 14, 14, 14, 14, 14, 14, 14, 14, 14, 14, 14, 14, 14, 14, 14, 14, 14, 14, 14, 14, 14, 14, 14, 14, 14, 14, 14, 14, 14, 14, 14, 14, 14, 14, 14, 14, 14, 14, 15, 15, 15, 15, 15, 15, 16, 16, 16, 16, 16, 16, 16, 16, 16, 16, 16, 16, 16, 16, 16, 16, 16, 16, 16, 16, 16, 16, 16, 16, 16, 16, 16, 16, 16, 16, 16, 16, 16, 16, 16, 16, 16, 16, 16, 16, 16, 16, 16, 16, 16, 16, 16, 16, 16, 16, 16, 16, 16, 16, 16, 16, 16, 16, 16, 16, 16, 16, 16, 16, 16, 16, 16, 16, 16, 16, 16, 16, 16, 16, 16, 16, 16, 16, 16, 16, 16, 16, 16, 16, 16, 17, 17, 17, 17, 17, 17, 17, 18, 18, 18, 18, 19, 19, 19, 19, 19, 19, 19, 19, 19, 19, 19, 19, 19, 19, 19, 19, 19, 19, 19, 19, 19, 19, 19, 19, 19, 19, 19, 19, 19, 19, 19, 19, 19, 19, 19, 19, 19, 19, 19, 19, 19, 19, 19, 19, 19, 19, 19, 19, 19, 19, 19, 19, 19, 19, 19, 19, 19, 19, 19, 19, 19, 19, 19, 19, 19, 19, 19, 19, 19, 19, 19, 19, 19, 19, 19, 19, 19, 19, 19, 19, 19, 19, 19, 20, 20, 20, 20, 20, 20, 20, 20, 20, 20, 20, 20, 20, 20, 20, 20, 20, 20, 20, 20, 20, 20, 20, 20, 20, 20, 20, 20, 20, 20, 20, 20, 20, 20, 20, 20, 20, 20, 20, 20, 20, 20, 20, 20, 20, 20, 20, 20, 20, 20, 20, 20, 20, 20, 20, 20, 20, 20, 20, 20, 20, 20, 20, 20, 20, 20, 20, 20, 20, 20, 20, 20, 20, 20, 20, 20, 20, 20, 20, 20, 20, 20, 21, 21, 21, 21, 21, 21, 21, 21, 21, 21, 21, 21, 21, 21, 21, 21, 21, 21, 21, 21, 21, 21, 21, 21, 21, 21, 21, 21, 21, 21, 21, 21, 21, 21, 21, 21, 21, 21, 21, 21, 21, 21, 21, 21, 21, 21, 21, 21, 21, 21, 21, 21, 21, 21, 21, 21, 21, 21, 21, 21, 21, 21, 21, 21, 21, 22, 22, 22, 23, 23, 23, 23, 23, 23, 23, 23, 23, 23, 23, 23, 23, 23, 23, 23, 23, 23, 23, 23, 23, 23, 23, 23, 23, 23, 23, 23, 23, 23, 23, 23, 23, 23, 23, 23, 23, 23, 23, 23, 23, 23, 23, 23, 23, 23, 23, 23, 23, 23, 23, 23, 23, 23, 23, 23, 23, 23, 23, 23, 23, 23, 23, 23, 23, 23, 23, 23, 23, 23, 23, 23, 23, 24, 24, 24, 24, 24, 24, 24, 24, 24, 24, 24, 24, 24, 24, 24, 24, 24, 24, 24, 24, 24, 25, 25, 25, 25, 25, 25, 25, 25, 25, 25, 25, 25, 25, 25, 25, 25, 25, 25, 25, 25, 25, 25, 25, 25, 25, 25, 25, 25, 25, 25, 25, 25, 25, 25, 25, 25, 25, 25, 25, 25, 25, 25, 25, 25, 25, 25, 25, 25, 25, 25, 25, 25, 25, 25, 25, 25, 25, 25, 25, 25, 25, 25, 25, 25, 25, 25, 25, 25, 25, 25, 25, 25, 25, 25, 25, 25, 25, 25, 25, 25, 25, 25, 26, 26, 26, 26, 26, 26, 26, 26, 26, 26, 26, 26, 26, 26, 26, 26, 26, 26, 26, 26, 26, 26, 26, 26, 26, 26, 26, 26, 26, 26, 26, 26, 26, 26, 26, 26, 26, 26, 26, 26, 26, 26, 26, 26, 26, 26, 26, 26, 27, 27, 27, 27, 27, 27, 27, 27, 27, 27, 27, 27, 27, 27, 27, 27, 27, 27, 27, 27, 27, 27, 27, 27, 27, 27, 27, 27, 27, 27, 27, 27, 27, 27, 27, 27, 27, 27, 27, 27, 27, 27, 27, 27, 27, 27, 27, 27, 27, 27, 27, 27, 27, 27, 27, 27, 27, 27, 27, 27, 27, 27, 27, 27, 27, 27, 27, 27, 27, 27, 27, 27, 27, 27, 27, 27, 27, 27, 27, 28, 28, 28, 28, 28, 28, 28, 28, 28, 28, 28, 28, 28, 28, 28, 28, 28, 28, 28, 28, 28, 28, 28, 28, 28, 28, 28, 28, 28, 28, 28, 28, 28, 28, 28, 28, 28, 28, 28, 28, 28, 28, 28, 28, 28, 28, 28, 28, 28, 28, 28, 28, 28, 28, 28, 28, 28, 28, 28, 28, 28, 28, 28, 28, 28, 28, 28, 28, 28, 28, 28, 29, 30, 31, 32, 33, 33, 33, 33, 34, 34, 34, 34, 34, 34, 34, 34, 34, 34, 35, 35, 35, 35, 35, 35, 35, 35, 35, 35, 35, 35, 35, 35, 35, 35, 35, 35, 35, 35, 35, 35, 35, 35, 35, 35, 35, 35, 35, 35, 35, 35, 35, 35, 35, 35, 35, 35, 35, 35, 35, 35, 35, 35, 35, 35, 35, 35, 35, 35, 35, 35, 35, 35, 35, 35, 35, 35, 35, 35, 35, 35, 35, 35, 35, 35, 35, 35, 36, 36, 36, 36, 36, 36, 36, 36, 36, 36, 36, 36, 36, 36, 36, 36, 36, 36, 36, 36, 36, 36, 36, 36, 36, 36, 36, 36, 36, 36, 36, 36, 36, 36, 36, 36, 36, 36, 36, 36, 36, 36, 36, 36, 36, 36, 36, 36, 36, 36, 36, 36, 36, 36, 36, 36, 36, 36, 36, 36, 36, 36, 36, 36, 36, 36, 36, 36, 36, 36, 36, 36, 36, 36, 36, 36, 36, 36, 36, 36, 36, 36, 36, 37, 38, 38, 38, 38]
shapelet initialized!
All 3 clients initialized.
Server device: cuda:0
Client worker groups: [[0], [1], [2]]
Client worker devices: ['cuda:0', 'cuda:0', 'cuda:0']
客户端选择未启用，所有客户端参与聚合
/data/user_lixiongfei/CSL-main/train.py:801: UserWarning: Creating a tensor from a list of numpy.ndarrays is extremely slow. Please consider converting the list to a single numpy.ndarray with numpy.array() before converting to a tensor. (Triggered internally at ../torch/csrc/utils/tensor_new.cpp:278.)
  X = torch.tensor(X, dtype=torch.float)
Classification: train=1.0000 test=0.2091 round=0
[round 0] timing train=141.953s distribution=4.659s agg=0.077s eval=154.627s total=301.328s
Classification: train=1.0000 test=0.2135 round=1
[round 1] timing train=191.925s distribution=5.177s agg=0.314s eval=150.041s total=347.466s
Classification: train=1.0000 test=0.2228 round=2
[round 2] timing train=202.574s distribution=4.638s agg=0.138s eval=157.073s total=364.433s
Classification: train=1.0000 test=0.2135 round=3
[round 3] timing train=185.118s distribution=4.332s agg=0.149s eval=156.631s total=346.239s
Classification: train=1.0000 test=0.2120 round=4
[round 4] timing train=187.664s distribution=4.923s agg=0.086s eval=163.100s total=355.792s
Classification: train=1.0000 test=0.2103 round=5
[round 5] timing train=200.225s distribution=4.588s agg=0.143s eval=149.090s total=354.077s
Classification: train=1.0000 test=0.2204 round=6
[round 6] timing train=197.847s distribution=5.170s agg=0.086s eval=148.889s total=352.037s
Classification: train=1.0000 test=0.2180 round=7
[round 7] timing train=200.463s distribution=5.540s agg=0.275s eval=161.333s total=367.628s
Classification: train=1.0000 test=0.2115 round=8
[round 8] timing train=188.994s distribution=4.363s agg=0.093s eval=147.180s total=340.668s
Classification: train=1.0000 test=0.2150 round=9
[round 9] timing train=197.013s distribution=4.845s agg=0.180s eval=147.757s total=349.818s
Classification: train=1.0000 test=0.2156 round=10
[round 10] timing train=205.497s distribution=5.449s agg=0.223s eval=154.013s total=365.208s
Classification: train=1.0000 test=0.2177 round=11
[round 11] timing train=200.872s distribution=5.385s agg=0.306s eval=153.558s total=360.139s
Classification: train=1.0000 test=0.2156 round=12
[round 12] timing train=187.282s distribution=4.639s agg=0.200s eval=153.836s total=345.967s
Classification: train=1.0000 test=0.2135 round=13
[round 13] timing train=197.943s distribution=4.635s agg=0.285s eval=150.608s total=353.484s
Classification: train=1.0000 test=0.2132 round=14
[round 14] timing train=193.101s distribution=5.173s agg=0.236s eval=146.777s total=345.295s
Classification: train=1.0000 test=0.2186 round=15
[round 15] timing train=201.411s distribution=5.980s agg=0.376s eval=163.128s total=370.937s
Classification: train=1.0000 test=0.2171 round=16
[round 16] timing train=192.400s distribution=5.084s agg=0.300s eval=160.518s total=358.352s
Classification: train=1.0000 test=0.2138 round=17
[round 17] timing train=199.439s distribution=5.094s agg=0.322s eval=131.390s total=336.277s
Classification: train=1.0000 test=0.2141 round=18
[round 18] timing train=190.023s distribution=5.141s agg=0.156s eval=149.307s total=344.642s
Classification: train=1.0000 test=0.2186 round=19
[round 19] timing train=203.546s distribution=5.233s agg=0.291s eval=147.312s total=356.430s
Classification: train=1.0000 test=0.2162 round=20
[round 20] timing train=199.795s distribution=4.532s agg=0.203s eval=169.330s total=373.876s
Classification: train=1.0000 test=0.2129 round=21
[round 21] timing train=200.310s distribution=4.472s agg=0.239s eval=148.548s total=353.581s
Classification: train=1.0000 test=0.2186 round=22
[round 22] timing train=192.766s distribution=5.876s agg=0.238s eval=160.855s total=359.750s
Classification: train=1.0000 test=0.2132 round=23
[round 23] timing train=206.611s distribution=4.978s agg=0.104s eval=166.879s total=378.585s
Classification: train=1.0000 test=0.2192 round=24
[round 24] timing train=197.010s distribution=4.976s agg=0.293s eval=160.594s total=362.916s
Classification: train=1.0000 test=0.2189 round=25
[round 25] timing train=202.357s distribution=5.119s agg=0.308s eval=145.256s total=353.048s
Classification: train=1.0000 test=0.2195 round=26
[round 26] timing train=199.242s distribution=5.656s agg=0.194s eval=154.634s total=359.743s
Classification: train=1.0000 test=0.2132 round=27
[round 27] timing train=197.418s distribution=4.264s agg=0.194s eval=162.882s total=364.791s
Classification: train=1.0000 test=0.2118 round=28
[round 28] timing train=194.599s distribution=5.374s agg=0.328s eval=165.535s total=365.857s
Classification: train=1.0000 test=0.2174 round=29
[round 29] timing train=207.271s distribution=4.555s agg=0.135s eval=149.091s total=361.083s
[fedcsl] checkpoint saved → ./checkpoint/resume/fedcsl_PhonemeSpectra_2026-05-05-13har_fedprox_dir0.3.pt (round=30)
Classification: train=1.0000 test=0.2129 round=30
[round 30] timing train=204.123s distribution=4.685s agg=0.275s eval=148.183s total=357.297s
Classification: train=1.0000 test=0.2150 round=31
[round 31] timing train=193.568s distribution=5.304s agg=0.238s eval=165.000s total=364.139s
Classification: train=1.0000 test=0.2156 round=32
[round 32] timing train=185.810s distribution=5.569s agg=0.340s eval=154.796s total=346.556s
Classification: train=1.0000 test=0.2207 round=33
[round 33] timing train=196.867s distribution=4.789s agg=0.288s eval=164.519s total=366.492s
Classification: train=1.0000 test=0.2165 round=34
[round 34] timing train=191.542s distribution=5.002s agg=0.255s eval=153.948s total=350.756s
Classification: train=1.0000 test=0.2144 round=35
[round 35] timing train=181.757s distribution=3.718s agg=0.089s eval=136.011s total=321.633s
Classification: train=1.0000 test=0.2147 round=36
[round 36] timing train=186.644s distribution=4.977s agg=0.176s eval=151.073s total=342.888s
Classification: train=1.0000 test=0.2165 round=37
[round 37] timing train=195.516s distribution=4.181s agg=0.183s eval=152.266s total=352.163s
Classification: train=1.0000 test=0.2180 round=38
[round 38] timing train=189.049s distribution=5.053s agg=0.275s eval=151.278s total=345.664s
Classification: train=1.0000 test=0.2195 round=39
[round 39] timing train=173.740s distribution=4.486s agg=0.463s eval=149.182s total=327.903s
Classification: train=1.0000 test=0.2150 round=40
[round 40] timing train=200.250s distribution=4.312s agg=0.229s eval=158.351s total=363.215s
Classification: train=1.0000 test=0.2204 round=41
[round 41] timing train=201.043s distribution=4.993s agg=0.174s eval=151.664s total=357.903s
Classification: train=1.0000 test=0.2189 round=42
[round 42] timing train=187.204s distribution=4.980s agg=0.234s eval=155.727s total=348.156s
Classification: train=1.0000 test=0.2174 round=43
[round 43] timing train=199.487s distribution=4.799s agg=0.160s eval=148.703s total=353.157s
Classification: train=1.0000 test=0.2150 round=44
[round 44] timing train=211.948s distribution=4.399s agg=0.228s eval=149.310s total=365.933s
Classification: train=1.0000 test=0.2123 round=45
[round 45] timing train=201.042s distribution=5.125s agg=0.278s eval=156.575s total=363.038s
Classification: train=1.0000 test=0.2115 round=46
[round 46] timing train=196.128s distribution=3.934s agg=0.319s eval=159.839s total=360.235s
Classification: train=1.0000 test=0.2144 round=47
[round 47] timing train=192.895s distribution=3.870s agg=0.230s eval=151.846s total=348.850s
Classification: train=1.0000 test=0.2159 round=48
[round 48] timing train=203.272s distribution=4.421s agg=0.139s eval=153.563s total=361.404s
Classification: train=1.0000 test=0.2165 round=49
[round 49] timing train=199.002s distribution=5.194s agg=0.214s eval=151.097s total=355.541s
Classification: train=1.0000 test=0.2144 round=50
[round 50] timing train=188.826s distribution=4.885s agg=0.263s eval=161.888s total=355.906s
Classification: train=1.0000 test=0.2153 round=51
[round 51] timing train=201.592s distribution=4.596s agg=0.187s eval=148.044s total=354.434s
Classification: train=1.0000 test=0.2186 round=52
[round 52] timing train=189.443s distribution=4.841s agg=0.138s eval=146.965s total=341.406s
Classification: train=1.0000 test=0.2192 round=53
[round 53] timing train=199.632s distribution=5.742s agg=0.439s eval=162.629s total=368.456s
Classification: train=1.0000 test=0.2195 round=54
[round 54] timing train=172.759s distribution=4.937s agg=0.220s eval=169.162s total=347.090s
Classification: train=1.0000 test=0.2174 round=55
[round 55] timing train=191.964s distribution=5.140s agg=0.184s eval=164.083s total=361.391s
Classification: train=1.0000 test=0.2156 round=56
[round 56] timing train=212.483s distribution=4.954s agg=0.349s eval=153.645s total=371.475s
Classification: train=1.0000 test=0.2177 round=57
[round 57] timing train=194.861s distribution=5.528s agg=0.255s eval=154.268s total=354.928s
Classification: train=1.0000 test=0.2195 round=58
[round 58] timing train=175.180s distribution=6.017s agg=0.322s eval=179.290s total=360.816s
Classification: train=1.0000 test=0.2177 round=59
[round 59] timing train=196.023s distribution=5.068s agg=0.139s eval=162.163s total=363.418s
[fedcsl] checkpoint saved → ./checkpoint/resume/fedcsl_PhonemeSpectra_2026-05-05-13har_fedprox_dir0.3.pt (round=60)
Classification: train=1.0000 test=0.2168 round=60
[round 60] timing train=198.383s distribution=4.295s agg=0.104s eval=154.209s total=356.997s
Classification: train=1.0000 test=0.2171 round=61
[round 61] timing train=214.271s distribution=5.153s agg=0.294s eval=145.141s total=364.871s
Classification: train=1.0000 test=0.2147 round=62
[round 62] timing train=185.873s distribution=4.733s agg=0.281s eval=151.503s total=342.402s
Classification: train=1.0000 test=0.2198 round=63
[round 63] timing train=197.654s distribution=4.813s agg=0.269s eval=160.472s total=363.229s
Classification: train=1.0000 test=0.2246 round=64
[round 64] timing train=196.454s distribution=4.967s agg=0.287s eval=145.145s total=346.909s
Classification: train=1.0000 test=0.2192 round=65
[round 65] timing train=201.476s distribution=5.034s agg=0.167s eval=148.138s total=354.842s
Classification: train=1.0000 test=0.2219 round=66
[round 66] timing train=209.604s distribution=5.561s agg=0.174s eval=155.275s total=370.629s
Classification: train=1.0000 test=0.2171 round=67
[round 67] timing train=190.648s distribution=4.297s agg=0.209s eval=149.713s total=344.880s
Classification: train=1.0000 test=0.2180 round=68
[round 68] timing train=201.750s distribution=4.682s agg=0.344s eval=157.586s total=364.379s
Classification: train=1.0000 test=0.2156 round=69
[round 69] timing train=196.356s distribution=4.222s agg=0.240s eval=141.756s total=342.600s
Classification: train=1.0000 test=0.2168 round=70
[round 70] timing train=198.782s distribution=4.723s agg=0.130s eval=158.695s total=362.338s
Classification: train=1.0000 test=0.2159 round=71
[round 71] timing train=204.873s distribution=4.806s agg=0.232s eval=159.347s total=369.282s
Classification: train=1.0000 test=0.2171 round=72
[round 72] timing train=189.907s distribution=4.472s agg=0.102s eval=131.863s total=326.360s
Classification: train=1.0000 test=0.2150 round=73
[round 73] timing train=188.414s distribution=4.559s agg=0.243s eval=172.410s total=365.636s
Classification: train=1.0000 test=0.2171 round=74
[round 74] timing train=203.050s distribution=5.207s agg=0.186s eval=166.612s total=375.065s
Classification: train=1.0000 test=0.2180 round=75
[round 75] timing train=192.338s distribution=4.560s agg=0.331s eval=166.620s total=363.869s
Classification: train=1.0000 test=0.2174 round=76
[round 76] timing train=185.317s distribution=4.032s agg=0.218s eval=145.873s total=335.483s
Classification: train=1.0000 test=0.2183 round=77
[round 77] timing train=201.726s distribution=4.696s agg=0.175s eval=166.530s total=373.136s
Classification: train=1.0000 test=0.2147 round=78
[round 78] timing train=196.427s distribution=5.487s agg=0.184s eval=160.027s total=362.139s
Classification: train=1.0000 test=0.2189 round=79
[round 79] timing train=196.071s distribution=4.850s agg=0.147s eval=153.957s total=355.041s
Classification: train=1.0000 test=0.2186 round=80
[round 80] timing train=192.736s distribution=4.303s agg=0.130s eval=154.551s total=351.740s
Classification: train=1.0000 test=0.2189 round=81
[round 81] timing train=202.142s distribution=4.593s agg=0.158s eval=155.120s total=362.044s
Classification: train=1.0000 test=0.2168 round=82
[round 82] timing train=204.829s distribution=4.320s agg=0.171s eval=142.021s total=351.361s
Classification: train=1.0000 test=0.2207 round=83
[round 83] timing train=187.869s distribution=4.807s agg=0.209s eval=159.376s total=352.278s
Classification: train=1.0000 test=0.2171 round=84
[round 84] timing train=189.611s distribution=4.181s agg=0.106s eval=141.496s total=335.417s
Classification: train=1.0000 test=0.2135 round=85
[round 85] timing train=194.521s distribution=4.567s agg=0.338s eval=144.321s total=343.759s
Classification: train=1.0000 test=0.2207 round=86
[round 86] timing train=210.833s distribution=5.639s agg=0.240s eval=146.428s total=363.147s
Classification: train=1.0000 test=0.2219 round=87
[round 87] timing train=198.586s distribution=4.472s agg=0.073s eval=153.599s total=356.773s
Classification: train=1.0000 test=0.2159 round=88
[round 88] timing train=193.796s distribution=4.770s agg=0.134s eval=151.915s total=350.631s
Classification: train=1.0000 test=0.2183 round=89
[round 89] timing train=203.292s distribution=4.896s agg=0.212s eval=144.129s total=352.543s
[fedcsl] checkpoint saved → ./checkpoint/resume/fedcsl_PhonemeSpectra_2026-05-05-13har_fedprox_dir0.3.pt (round=90)
Classification: train=1.0000 test=0.2135 round=90
[round 90] timing train=197.062s distribution=5.219s agg=0.192s eval=156.876s total=359.427s
Classification: train=1.0000 test=0.2159 round=91
[round 91] timing train=197.226s distribution=5.500s agg=0.356s eval=142.691s total=345.798s
Classification: train=1.0000 test=0.2162 round=92
[round 92] timing train=192.887s distribution=4.509s agg=0.154s eval=150.956s total=348.534s
Classification: train=1.0000 test=0.2115 round=93
[round 93] timing train=190.357s distribution=4.177s agg=0.186s eval=153.974s total=348.705s
Classification: train=1.0000 test=0.2162 round=94
[round 94] timing train=207.806s distribution=5.340s agg=0.383s eval=144.027s total=357.586s
Classification: train=1.0000 test=0.2156 round=95
[round 95] timing train=152.340s distribution=4.959s agg=0.333s eval=162.860s total=320.500s
Classification: train=1.0000 test=0.2183 round=96
[round 96] timing train=200.688s distribution=5.173s agg=0.104s eval=158.853s total=364.851s
Classification: train=1.0000 test=0.2165 round=97
[round 97] timing train=190.292s distribution=3.932s agg=0.267s eval=136.738s total=331.243s
Classification: train=1.0000 test=0.2159 round=98
[round 98] timing train=190.801s distribution=4.043s agg=0.173s eval=142.827s total=337.863s
Classification: train=1.0000 test=0.2210 round=99
[round 99] timing train=192.454s distribution=4.500s agg=0.134s eval=168.341s total=365.449s
Classification: train=1.0000 test=0.2156 round=100
[round 100] timing train=184.610s distribution=4.555s agg=0.130s eval=153.167s total=342.476s
Classification: train=1.0000 test=0.2195 round=101
[round 101] timing train=189.198s distribution=4.430s agg=0.229s eval=154.423s total=348.297s
Classification: train=1.0000 test=0.2171 round=102
[round 102] timing train=193.801s distribution=4.774s agg=0.253s eval=156.017s total=354.861s
Classification: train=1.0000 test=0.2174 round=103
[round 103] timing train=184.176s distribution=4.728s agg=0.167s eval=146.833s total=335.920s
Classification: train=1.0000 test=0.2135 round=104
[round 104] timing train=188.177s distribution=4.571s agg=0.134s eval=148.510s total=341.434s
Classification: train=1.0000 test=0.2156 round=105
[round 105] timing train=195.127s distribution=4.577s agg=0.284s eval=142.966s total=342.983s
Classification: train=1.0000 test=0.2135 round=106
[round 106] timing train=192.208s distribution=5.274s agg=0.216s eval=144.007s total=341.735s
Classification: train=1.0000 test=0.2129 round=107
[round 107] timing train=185.135s distribution=4.836s agg=0.125s eval=157.183s total=347.296s
Classification: train=1.0000 test=0.2147 round=108
[round 108] timing train=188.635s distribution=4.867s agg=0.165s eval=137.074s total=330.754s
Classification: train=1.0000 test=0.2177 round=109
[round 109] timing train=180.480s distribution=5.060s agg=0.178s eval=135.832s total=321.602s
Classification: train=1.0000 test=0.2180 round=110
[round 110] timing train=188.293s distribution=4.989s agg=0.243s eval=165.102s total=358.644s
Classification: train=1.0000 test=0.2165 round=111
[round 111] timing train=162.050s distribution=4.188s agg=0.095s eval=147.247s total=313.590s
Classification: train=1.0000 test=0.2144 round=112
[round 112] timing train=196.163s distribution=4.939s agg=0.229s eval=140.232s total=341.587s
Classification: train=1.0000 test=0.2147 round=113
[round 113] timing train=194.605s distribution=4.969s agg=0.123s eval=150.750s total=350.458s
Classification: train=1.0000 test=0.2120 round=114
[round 114] timing train=158.593s distribution=6.423s agg=0.311s eval=161.712s total=327.057s
Classification: train=1.0000 test=0.2159 round=115
[round 115] timing train=189.248s distribution=5.205s agg=0.202s eval=152.792s total=347.479s
Classification: train=1.0000 test=0.2132 round=116
[round 116] timing train=194.965s distribution=3.965s agg=0.133s eval=147.560s total=346.655s
Classification: train=1.0000 test=0.2103 round=117
[round 117] timing train=202.547s distribution=5.086s agg=0.126s eval=142.891s total=350.682s
Classification: train=1.0000 test=0.2091 round=118
[round 118] timing train=187.990s distribution=4.401s agg=0.215s eval=157.537s total=350.183s
Classification: train=1.0000 test=0.2106 round=119
[round 119] timing train=184.355s distribution=4.089s agg=0.122s eval=150.131s total=338.715s
[fedcsl] checkpoint saved → ./checkpoint/resume/fedcsl_PhonemeSpectra_2026-05-05-13har_fedprox_dir0.3.pt (round=120)
Classification: train=1.0000 test=0.2129 round=120
[round 120] timing train=200.869s distribution=3.861s agg=0.093s eval=145.830s total=350.671s
Classification: train=1.0000 test=0.2094 round=121
[round 121] timing train=190.580s distribution=4.251s agg=0.209s eval=143.563s total=338.650s
Classification: train=1.0000 test=0.2138 round=122
[round 122] timing train=189.212s distribution=4.558s agg=0.130s eval=155.102s total=349.072s
Classification: train=1.0000 test=0.2159 round=123
[round 123] timing train=187.608s distribution=5.058s agg=0.385s eval=154.501s total=347.568s
Classification: train=1.0000 test=0.2144 round=124
[round 124] timing train=190.493s distribution=4.956s agg=0.199s eval=147.428s total=343.093s
Classification: train=1.0000 test=0.2153 round=125
[round 125] timing train=189.684s distribution=4.676s agg=0.118s eval=143.844s total=338.344s
Classification: train=1.0000 test=0.2135 round=126
[round 126] timing train=192.676s distribution=5.179s agg=0.353s eval=139.188s total=337.422s
Classification: train=1.0000 test=0.2144 round=127
[round 127] timing train=186.884s distribution=5.196s agg=0.405s eval=151.645s total=344.168s
Classification: train=1.0000 test=0.2106 round=128
[round 128] timing train=185.024s distribution=4.662s agg=0.215s eval=153.899s total=343.816s
Classification: train=1.0000 test=0.2112 round=129
[round 129] timing train=189.789s distribution=4.176s agg=0.120s eval=143.663s total=337.763s
Classification: train=1.0000 test=0.2120 round=130
[round 130] timing train=193.275s distribution=4.576s agg=0.113s eval=118.141s total=316.143s
Classification: train=1.0000 test=0.2120 round=131
[round 131] timing train=183.307s distribution=5.118s agg=0.326s eval=144.613s total=333.374s
Classification: train=1.0000 test=0.2138 round=132
[round 132] timing train=186.370s distribution=4.617s agg=0.218s eval=155.162s total=346.382s
Classification: train=1.0000 test=0.2177 round=133
[round 133] timing train=142.518s distribution=5.189s agg=0.160s eval=149.745s total=297.628s
Classification: train=1.0000 test=0.2186 round=134
[round 134] timing train=190.674s distribution=4.428s agg=0.129s eval=135.846s total=331.120s
Classification: train=1.0000 test=0.2126 round=135
[round 135] timing train=182.105s distribution=4.444s agg=0.122s eval=149.422s total=336.125s
Classification: train=1.0000 test=0.2141 round=136
[round 136] timing train=178.705s distribution=4.872s agg=0.251s eval=145.899s total=329.735s
Classification: train=1.0000 test=0.2150 round=137
[round 137] timing train=185.881s distribution=4.493s agg=0.235s eval=138.402s total=329.058s
Classification: train=1.0000 test=0.2177 round=138
[round 138] timing train=195.878s distribution=4.590s agg=0.071s eval=135.277s total=335.846s
Classification: train=1.0000 test=0.2115 round=139
[round 139] timing train=191.237s distribution=3.901s agg=0.285s eval=144.874s total=340.329s
Classification: train=1.0000 test=0.2138 round=140
[round 140] timing train=180.964s distribution=5.109s agg=0.262s eval=138.239s total=324.589s
Classification: train=1.0000 test=0.2135 round=141
[round 141] timing train=183.656s distribution=5.102s agg=0.101s eval=138.541s total=327.469s
Classification: train=1.0000 test=0.2168 round=142
[round 142] timing train=195.419s distribution=4.651s agg=0.170s eval=143.831s total=344.085s
Classification: train=1.0000 test=0.2177 round=143
[round 143] timing train=183.967s distribution=4.560s agg=0.071s eval=144.733s total=333.346s
Classification: train=1.0000 test=0.2153 round=144
[round 144] timing train=179.656s distribution=4.356s agg=0.130s eval=157.786s total=341.945s
Classification: train=1.0000 test=0.2150 round=145
[round 145] timing train=185.150s distribution=4.116s agg=0.099s eval=137.415s total=326.797s
Classification: train=1.0000 test=0.2177 round=146
[round 146] timing train=175.730s distribution=5.163s agg=0.114s eval=137.807s total=318.841s
Classification: train=1.0000 test=0.2177 round=147
[round 147] timing train=185.942s distribution=5.168s agg=0.184s eval=147.452s total=338.779s
Classification: train=1.0000 test=0.2171 round=148
[round 148] timing train=179.891s distribution=4.950s agg=0.159s eval=134.879s total=319.895s
Classification: train=1.0000 test=0.2165 round=149
[round 149] timing train=183.841s distribution=4.756s agg=0.128s eval=147.760s total=336.516s
[fedcsl] checkpoint saved → ./checkpoint/resume/fedcsl_PhonemeSpectra_2026-05-05-13har_fedprox_dir0.3.pt (round=150)
Classification: train=1.0000 test=0.2153 round=150
[round 150] timing train=175.453s distribution=3.597s agg=0.031s eval=113.816s total=292.904s
Classification: train=1.0000 test=0.2168 round=151
[round 151] timing train=181.748s distribution=4.509s agg=0.066s eval=137.506s total=323.840s
Classification: train=1.0000 test=0.2162 round=152
[round 152] timing train=181.716s distribution=3.653s agg=0.160s eval=126.606s total=312.152s
Classification: train=1.0000 test=0.2162 round=153
[round 153] timing train=184.000s distribution=4.401s agg=0.146s eval=152.888s total=341.440s
Classification: train=1.0000 test=0.2189 round=154
[round 154] timing train=186.046s distribution=4.956s agg=0.265s eval=141.372s total=332.666s
Classification: train=1.0000 test=0.2159 round=155
[round 155] timing train=184.499s distribution=5.192s agg=0.167s eval=146.355s total=336.220s
Classification: train=1.0000 test=0.2180 round=156
[round 156] timing train=180.538s distribution=5.134s agg=0.195s eval=152.866s total=338.746s
Classification: train=1.0000 test=0.2195 round=157
[round 157] timing train=188.071s distribution=4.748s agg=0.169s eval=145.812s total=338.839s
Classification: train=1.0000 test=0.2195 round=158
[round 158] timing train=191.356s distribution=4.536s agg=0.188s eval=152.458s total=348.547s
Classification: train=1.0000 test=0.2165 round=159
[round 159] timing train=195.135s distribution=4.501s agg=0.046s eval=140.306s total=340.018s
Classification: train=1.0000 test=0.2150 round=160
[round 160] timing train=182.478s distribution=4.120s agg=0.049s eval=143.830s total=330.489s
Classification: train=1.0000 test=0.2159 round=161
[round 161] timing train=191.012s distribution=4.957s agg=0.159s eval=144.797s total=340.934s
Classification: train=1.0000 test=0.2144 round=162
[round 162] timing train=190.161s distribution=4.804s agg=0.129s eval=140.439s total=335.543s
Classification: train=1.0000 test=0.2165 round=163
[round 163] timing train=180.062s distribution=4.886s agg=0.223s eval=149.885s total=335.123s
Classification: train=1.0000 test=0.2204 round=164
[round 164] timing train=176.874s distribution=5.124s agg=0.114s eval=142.831s total=324.967s
Classification: train=1.0000 test=0.2174 round=165
[round 165] timing train=190.059s distribution=4.221s agg=0.066s eval=146.209s total=340.617s
Classification: train=1.0000 test=0.2180 round=166
[round 166] timing train=193.016s distribution=4.798s agg=0.062s eval=146.481s total=344.371s
Classification: train=1.0000 test=0.2165 round=167
[round 167] timing train=191.020s distribution=4.982s agg=0.143s eval=151.934s total=348.091s
Classification: train=1.0000 test=0.2135 round=168
[round 168] timing train=177.120s distribution=4.667s agg=0.118s eval=161.452s total=343.387s
Classification: train=1.0000 test=0.2180 round=169
[round 169] timing train=182.226s distribution=4.692s agg=0.131s eval=145.799s total=332.870s
Classification: train=1.0000 test=0.2120 round=170
[round 170] timing train=167.444s distribution=4.442s agg=0.063s eval=137.912s total=309.871s
Classification: train=1.0000 test=0.2132 round=171
[round 171] timing train=183.508s distribution=4.560s agg=0.116s eval=138.082s total=326.278s
Classification: train=1.0000 test=0.2141 round=172
[round 172] timing train=170.973s distribution=4.498s agg=0.112s eval=136.199s total=311.791s
Classification: train=1.0000 test=0.2132 round=173
[round 173] timing train=173.379s distribution=4.259s agg=0.122s eval=139.042s total=316.829s
Classification: train=1.0000 test=0.2156 round=174
[round 174] timing train=185.484s distribution=4.515s agg=0.155s eval=137.909s total=328.072s
Classification: train=1.0000 test=0.2177 round=175
[round 175] timing train=195.706s distribution=4.363s agg=0.156s eval=139.459s total=339.695s
Classification: train=1.0000 test=0.2177 round=176
[round 176] timing train=178.489s distribution=4.919s agg=0.128s eval=150.159s total=333.748s
Classification: train=1.0000 test=0.2150 round=177
[round 177] timing train=180.336s distribution=4.866s agg=0.133s eval=139.363s total=324.706s
Classification: train=1.0000 test=0.2168 round=178
[round 178] timing train=184.987s distribution=4.491s agg=0.167s eval=140.251s total=329.927s
Classification: train=1.0000 test=0.2165 round=179
[round 179] timing train=183.302s distribution=5.421s agg=0.107s eval=138.177s total=327.021s
[fedcsl] checkpoint saved → ./checkpoint/resume/fedcsl_PhonemeSpectra_2026-05-05-13har_fedprox_dir0.3.pt (round=180)
Classification: train=1.0000 test=0.2156 round=180
[round 180] timing train=180.432s distribution=4.445s agg=0.158s eval=147.983s total=333.027s
Classification: train=1.0000 test=0.2138 round=181
[round 181] timing train=177.249s distribution=5.120s agg=0.460s eval=141.221s total=324.065s
Classification: train=1.0000 test=0.2168 round=182
[round 182] timing train=185.205s distribution=4.438s agg=0.061s eval=136.482s total=326.202s
Classification: train=1.0000 test=0.2153 round=183
[round 183] timing train=187.898s distribution=4.748s agg=0.167s eval=139.631s total=332.477s
Classification: train=1.0000 test=0.2159 round=184
[round 184] timing train=186.984s distribution=4.594s agg=0.127s eval=149.325s total=341.048s
Classification: train=1.0000 test=0.2153 round=185
[round 185] timing train=179.882s distribution=5.166s agg=0.156s eval=151.907s total=337.118s
Classification: train=1.0000 test=0.2141 round=186
[round 186] timing train=186.643s distribution=4.155s agg=0.222s eval=141.706s total=332.735s
Classification: train=1.0000 test=0.2126 round=187
[round 187] timing train=183.212s distribution=4.040s agg=0.114s eval=138.367s total=325.739s
Classification: train=1.0000 test=0.2138 round=188
[round 188] timing train=188.059s distribution=4.628s agg=0.186s eval=138.045s total=330.942s
Classification: train=1.0000 test=0.2138 round=189
[round 189] timing train=183.725s distribution=4.905s agg=0.266s eval=127.462s total=316.377s
Classification: train=1.0000 test=0.2123 round=190
[round 190] timing train=162.070s distribution=3.607s agg=0.145s eval=138.712s total=304.541s
Classification: train=1.0000 test=0.2144 round=191
[round 191] timing train=175.296s distribution=3.256s agg=0.076s eval=124.841s total=303.480s
Classification: train=1.0000 test=0.2147 round=192
[round 192] timing train=187.372s distribution=4.202s agg=0.115s eval=141.215s total=332.930s
Classification: train=1.0000 test=0.2165 round=193
[round 193] timing train=185.334s distribution=4.144s agg=0.069s eval=143.387s total=332.949s
Classification: train=1.0000 test=0.2141 round=194
[round 194] timing train=185.201s distribution=4.358s agg=0.186s eval=135.855s total=325.670s
Classification: train=1.0000 test=0.2162 round=195
[round 195] timing train=183.526s distribution=4.460s agg=0.255s eval=141.342s total=329.591s
Classification: train=1.0000 test=0.2162 round=196
[round 196] timing train=183.494s distribution=4.249s agg=0.098s eval=155.397s total=343.254s
Classification: train=1.0000 test=0.2156 round=197
[round 197] timing train=183.072s distribution=4.322s agg=0.157s eval=138.883s total=326.458s
Classification: train=1.0000 test=0.2135 round=198
[round 198] timing train=187.039s distribution=4.859s agg=0.063s eval=141.429s total=333.398s
Classification: train=1.0000 test=0.2177 round=199
[round 199] timing train=192.050s distribution=4.524s agg=0.177s eval=142.035s total=338.792s
best round is 64, acc is 0.224575
Model saved to ./checkpoint/PhonemeSpectra/2026-05-05-13har_fedprox_dir0.3_PhonemeSpectra_model.pt
