# 2026-05-05 13:30:23  har_fedcsl_dir0.3  GPU=1  cwd=/data/user_lixiongfei/CSL-main
# CMD: python3 -u FedCSL_All.py -dataset HAR --config configACF.yml --dirichlet-alpha 0.3 --seed 42 --description har_fedcsl_dir0.3 -dataset PhonemeSpectra

/mnt/data/user_liangzhiyu/envs/fedcsl/lib/python3.8/site-packages/scipy/__init__.py:146: UserWarning: A NumPy version >=1.16.5 and <1.23.0 is required for this version of SciPy (detected version 1.23.5
  warnings.warn(f"A NumPy version >={np_minversion} and <{np_maxversion}"
[config] 'configACF.yml' 未找到，重定向到 'config/configACF.yml'
3315
<class 'pandas.core.frame.DataFrame'>
RangeIndex: 3315 entries, 0 to 3314
Data columns (total 12 columns):
 #   Column      Non-Null Count  Dtype 
---  ------      --------------  ----- 
 0   dim_0       3315 non-null   object
 1   dim_1       3315 non-null   object
 2   dim_2       3315 non-null   object
 3   dim_3       3315 non-null   object
 4   dim_4       3315 non-null   object
 5   dim_5       3315 non-null   object
 6   dim_6       3315 non-null   object
 7   dim_7       3315 non-null   object
 8   dim_8       3315 non-null   object
 9   dim_9       3315 non-null   object
 10  dim_10      3315 non-null   object
 11  class_vals  3315 non-null   object
dtypes: object(12)
memory usage: 310.9+ KB
None
{217}
<class 'pandas.core.frame.DataFrame'>
RangeIndex: 3315 entries, 0 to 3314
Data columns (total 12 columns):
 #   Column      Non-Null Count  Dtype 
---  ------      --------------  ----- 
 0   dim_0       3315 non-null   object
 1   dim_1       3315 non-null   object
 2   dim_2       3315 non-null   object
 3   dim_3       3315 non-null   object
 4   dim_4       3315 non-null   object
 5   dim_5       3315 non-null   object
 6   dim_6       3315 non-null   object
 7   dim_7       3315 non-null   object
 8   dim_8       3315 non-null   object
 9   dim_9       3315 non-null   object
 10  dim_10      3315 non-null   object
 11  class_vals  3315 non-null   object
dtypes: object(12)
memory usage: 310.9+ KB
None
[ 0  0  0 ... 38 38 38]
[   0    1   85   86   87   88   89   90   91   92   93   94   95   96
   97   98   99  100  101  102  103  104  105  106  107  108  109  110
  111  112  113  114  115  116  117  118  119  120  121  122  123  124
  125  126  127  128  129  130  131  132  133  134  135  136  137  138
  139  140  141  142  143  144  145  146  147  148  149  150  151  152
  153  154  155  156  170  340  341  342  343  344  345  346  347  348
  349  350  351  352  353  354  355  356  357  358  359  360  361  362
  363  364  365  366  367  368  369  370  371  372  373  374  375  376
  377  378  379  380  381  382  383  384  385  386  387  388  389  390
  391  392  393  394  395  396  397  398  399  400  401  402  403  404
  405  406  510  511  512  513  514  515  516  517  518  519  520  521
  522  523  524  525  526  527  528  529  530  531  532  533  534  535
  536  537  538  539  595  596  597  598  599  600  601  602  603  604
  605  606  607  608  609  610  611  612  613  614  615  616  617  618
  619  620  621  622  623  624  625  626  680  681  682  683  684  685
  686  765  766  767  768  769  770  771  772  773  774  775  776  777
  778  779  780  781  782  783  784  785  786  787  788  789  790  791
  792  793  794  795  796  797  798  799  800 1020 1021 1022 1023 1024
 1025 1026 1027 1028 1105 1106 1107 1108 1109 1110 1111 1112 1113 1114
 1115 1116 1117 1118 1119 1120 1121 1122 1123 1124 1125 1126 1127 1128
 1129 1130 1131 1132 1133 1134 1135 1136 1137 1138 1139 1140 1141 1142
 1143 1144 1145 1146 1147 1148 1149 1150 1151 1152 1153 1154 1155 1156
 1157 1158 1159 1160 1445 1446 1447 1448 1449 1450 1451 1452 1453 1454
 1455 1456 1457 1458 1459 1460 1461 1462 1463 1464 1465 1466 1467 1468
 1469 1470 1471 1472 1473 1474 1475 1476 1477 1478 1479 1480 1481 1482
 1483 1484 1485 1486 1487 1488 1489 1490 1491 1492 1493 1494 1495 1496
 1497 1498 1499 1500 1501 1502 1503 1504 1505 1506 1507 1508 1509 1510
 1511 1512 1513 1514 1515 1516 1517 1518 1519 1520 1521 1522 1530 1531
 1532 1533 1534 1535 1536 1537 1538 1539 1540 1541 1542 1543 1544 1545
 1546 1547 1548 1549 1550 1551 1552 1553 1554 1555 1556 1557 1558 1559
 1560 1561 1562 1563 1564 1565 1566 1567 1568 1569 1570 1571 1572 1573
 1574 1575 1576 1577 1578 1579 1580 1581 1582 1583 1584 1585 1586 1587
 1588 1589 1590 1591 1592 1593 1594 1595 1596 1597 1598 1599 1600 1601
 1602 1603 1604 1605 1606 1607 1608 1615 1616 1700 1701 1702 1785 1786
 1787 1788 1789 1790 1791 1792 1793 1794 1795 1796 1797 1798 1799 1800
 1801 1802 1870 1871 1872 1873 1874 1875 1876 1877 1878 1879 1880 1881
 1882 1883 1884 1885 1886 1887 1888 1889 1890 1891 1892 1893 1955 1956
 1957 1958 1959 1960 1961 1962 1963 1964 1965 2125 2126 2127 2210 2211
 2212 2213 2214 2215 2216 2217 2218 2219 2220 2221 2222 2223 2224 2225
 2226 2227 2228 2229 2230 2231 2232 2233 2234 2235 2236 2237 2238 2239
 2240 2241 2242 2243 2244 2245 2295 2465 2466 2467 2468 2469 2470 2471
 2472 2473 2474 2475 2476 2477 2478 2479 2480 2481 2482 2483 2484 2485
 2486 2487 2488 2489 2490 2491 2492 2493 2494 2495 2496 2497 2498 2499
 2500 2501 2502 2503 2504 2505 2506 2507 2508 2509 2510 2511 2512 2513
 2514 2515 2516 2517 2518 2519 2520 2521 2522 2523 2524 2525 2526 2527
 2528 2529 2530 2531 2532 2533 2550 2551 2552 2553 2554 2555 2556 2557
 2558 2559 2560 2561 2562 2563 2564 2565 2566 2567 2568 2569 2570 2571
 2572 2573 2574 2575 2576 2577 2578 2579 2580 2581 2582 2583 2584 2585
 2586 2587 2588 2589 2590 2591 2592 2593 2594 2595 2596 2597 2598 2599
 2600 2601 2602 2603 2604 2605 2606 2607 2608 2609 2610 2611 2612 2613
 2614 2615 2616 2617 2618 2619 2620 2621 2622 2623 2624 2625 2635 2636
 2637 2638 2639 2640 2641 2642 2643 2644 2645 2646 2647 2648 2649 2650
 2651 2652 2653 2654 2655 2656 2657 2658 2659 2660 2661 2662 2663 2664
 2665 2666 2667 2668 2720 2721 2722 2723 2724 2725 2726 2727 2728 2729
 2730 2731 2732 2733 2734 2735 2736 2737 2805 2806 2975 2976 2977 2978
 2979 2980 2981 2982 2983 2984 2985 3060 3061 3230 3231 3232 3233 3234
 3235 3236 3237 3238 3239 3240 3241 3242 3243 3244 3245 3246 3247 3248
 3249 3250 3251 3252 3253 3254 3255 3256 3257 3258 3259 3260 3261 3262
 3263 3264 3265 3266 3267 3268 3269 3270 3271 3272 3273 3274 3275 3276
 3277 3278 3279 3280 3281 3282 3283 3284 3285 3286 3287 3288 3289 3290
 3291 3292 3293 3294 3295 3296]
[0, 0, 1, 1, 1, 1, 1, 1, 1, 1, 1, 1, 1, 1, 1, 1, 1, 1, 1, 1, 1, 1, 1, 1, 1, 1, 1, 1, 1, 1, 1, 1, 1, 1, 1, 1, 1, 1, 1, 1, 1, 1, 1, 1, 1, 1, 1, 1, 1, 1, 1, 1, 1, 1, 1, 1, 1, 1, 1, 1, 1, 1, 1, 1, 1, 1, 1, 1, 1, 1, 1, 1, 1, 1, 2, 4, 4, 4, 4, 4, 4, 4, 4, 4, 4, 4, 4, 4, 4, 4, 4, 4, 4, 4, 4, 4, 4, 4, 4, 4, 4, 4, 4, 4, 4, 4, 4, 4, 4, 4, 4, 4, 4, 4, 4, 4, 4, 4, 4, 4, 4, 4, 4, 4, 4, 4, 4, 4, 4, 4, 4, 4, 4, 4, 4, 4, 4, 4, 4, 4, 4, 4, 6, 6, 6, 6, 6, 6, 6, 6, 6, 6, 6, 6, 6, 6, 6, 6, 6, 6, 6, 6, 6, 6, 6, 6, 6, 6, 6, 6, 6, 6, 7, 7, 7, 7, 7, 7, 7, 7, 7, 7, 7, 7, 7, 7, 7, 7, 7, 7, 7, 7, 7, 7, 7, 7, 7, 7, 7, 7, 7, 7, 7, 7, 8, 8, 8, 8, 8, 8, 8, 9, 9, 9, 9, 9, 9, 9, 9, 9, 9, 9, 9, 9, 9, 9, 9, 9, 9, 9, 9, 9, 9, 9, 9, 9, 9, 9, 9, 9, 9, 9, 9, 9, 9, 9, 9, 12, 12, 12, 12, 12, 12, 12, 12, 12, 13, 13, 13, 13, 13, 13, 13, 13, 13, 13, 13, 13, 13, 13, 13, 13, 13, 13, 13, 13, 13, 13, 13, 13, 13, 13, 13, 13, 13, 13, 13, 13, 13, 13, 13, 13, 13, 13, 13, 13, 13, 13, 13, 13, 13, 13, 13, 13, 13, 13, 13, 13, 13, 13, 13, 13, 17, 17, 17, 17, 17, 17, 17, 17, 17, 17, 17, 17, 17, 17, 17, 17, 17, 17, 17, 17, 17, 17, 17, 17, 17, 17, 17, 17, 17, 17, 17, 17, 17, 17, 17, 17, 17, 17, 17, 17, 17, 17, 17, 17, 17, 17, 17, 17, 17, 17, 17, 17, 17, 17, 17, 17, 17, 17, 17, 17, 17, 17, 17, 17, 17, 17, 17, 17, 17, 17, 17, 17, 17, 17, 17, 17, 17, 17, 18, 18, 18, 18, 18, 18, 18, 18, 18, 18, 18, 18, 18, 18, 18, 18, 18, 18, 18, 18, 18, 18, 18, 18, 18, 18, 18, 18, 18, 18, 18, 18, 18, 18, 18, 18, 18, 18, 18, 18, 18, 18, 18, 18, 18, 18, 18, 18, 18, 18, 18, 18, 18, 18, 18, 18, 18, 18, 18, 18, 18, 18, 18, 18, 18, 18, 18, 18, 18, 18, 18, 18, 18, 18, 18, 18, 18, 18, 18, 19, 19, 20, 20, 20, 21, 21, 21, 21, 21, 21, 21, 21, 21, 21, 21, 21, 21, 21, 21, 21, 21, 21, 22, 22, 22, 22, 22, 22, 22, 22, 22, 22, 22, 22, 22, 22, 22, 22, 22, 22, 22, 22, 22, 22, 22, 22, 23, 23, 23, 23, 23, 23, 23, 23, 23, 23, 23, 25, 25, 25, 26, 26, 26, 26, 26, 26, 26, 26, 26, 26, 26, 26, 26, 26, 26, 26, 26, 26, 26, 26, 26, 26, 26, 26, 26, 26, 26, 26, 26, 26, 26, 26, 26, 26, 26, 26, 27, 29, 29, 29, 29, 29, 29, 29, 29, 29, 29, 29, 29, 29, 29, 29, 29, 29, 29, 29, 29, 29, 29, 29, 29, 29, 29, 29, 29, 29, 29, 29, 29, 29, 29, 29, 29, 29, 29, 29, 29, 29, 29, 29, 29, 29, 29, 29, 29, 29, 29, 29, 29, 29, 29, 29, 29, 29, 29, 29, 29, 29, 29, 29, 29, 29, 29, 29, 29, 29, 30, 30, 30, 30, 30, 30, 30, 30, 30, 30, 30, 30, 30, 30, 30, 30, 30, 30, 30, 30, 30, 30, 30, 30, 30, 30, 30, 30, 30, 30, 30, 30, 30, 30, 30, 30, 30, 30, 30, 30, 30, 30, 30, 30, 30, 30, 30, 30, 30, 30, 30, 30, 30, 30, 30, 30, 30, 30, 30, 30, 30, 30, 30, 30, 30, 30, 30, 30, 30, 30, 30, 30, 30, 30, 30, 30, 31, 31, 31, 31, 31, 31, 31, 31, 31, 31, 31, 31, 31, 31, 31, 31, 31, 31, 31, 31, 31, 31, 31, 31, 31, 31, 31, 31, 31, 31, 31, 31, 31, 31, 32, 32, 32, 32, 32, 32, 32, 32, 32, 32, 32, 32, 32, 32, 32, 32, 32, 32, 33, 33, 35, 35, 35, 35, 35, 35, 35, 35, 35, 35, 35, 36, 36, 38, 38, 38, 38, 38, 38, 38, 38, 38, 38, 38, 38, 38, 38, 38, 38, 38, 38, 38, 38, 38, 38, 38, 38, 38, 38, 38, 38, 38, 38, 38, 38, 38, 38, 38, 38, 38, 38, 38, 38, 38, 38, 38, 38, 38, 38, 38, 38, 38, 38, 38, 38, 38, 38, 38, 38, 38, 38, 38, 38, 38, 38, 38, 38, 38, 38, 38]
[0, 0, 0, 0, 2, 2, 2, 2, 2, 2, 2, 2, 2, 2, 2, 2, 2, 2, 2, 2, 2, 2, 2, 2, 2, 2, 2, 2, 2, 2, 2, 2, 2, 2, 2, 2, 2, 2, 2, 2, 2, 2, 2, 2, 2, 2, 2, 2, 2, 2, 2, 2, 2, 2, 2, 2, 2, 2, 2, 2, 2, 2, 2, 2, 2, 2, 2, 2, 2, 2, 2, 2, 2, 2, 2, 2, 2, 2, 2, 2, 2, 2, 2, 3, 3, 3, 3, 3, 3, 3, 3, 3, 3, 3, 3, 3, 3, 3, 3, 3, 3, 3, 3, 3, 3, 3, 3, 3, 3, 3, 3, 3, 3, 3, 3, 3, 3, 3, 3, 3, 3, 3, 3, 3, 3, 3, 3, 3, 3, 3, 3, 3, 3, 3, 3, 3, 3, 3, 3, 3, 3, 3, 3, 3, 3, 3, 3, 3, 3, 3, 3, 3, 3, 3, 3, 3, 3, 3, 3, 3, 3, 3, 3, 5, 7, 7, 7, 7, 7, 7, 7, 7, 7, 8, 8, 8, 8, 8, 8, 8, 8, 8, 8, 8, 8, 8, 8, 8, 8, 8, 8, 8, 8, 8, 8, 8, 8, 8, 8, 8, 8, 8, 8, 8, 8, 8, 8, 8, 8, 8, 8, 8, 8, 8, 8, 8, 8, 8, 8, 8, 8, 8, 8, 8, 8, 8, 8, 8, 9, 9, 9, 9, 9, 9, 9, 9, 9, 9, 9, 9, 9, 9, 9, 9, 9, 9, 9, 9, 9, 9, 9, 9, 9, 9, 9, 9, 10, 10, 10, 10, 10, 10, 10, 10, 10, 10, 10, 10, 10, 10, 10, 10, 10, 10, 10, 10, 10, 10, 10, 10, 10, 10, 10, 10, 10, 10, 10, 10, 10, 10, 10, 10, 10, 10, 10, 10, 10, 10, 10, 10, 10, 10, 10, 10, 10, 10, 10, 10, 10, 10, 10, 10, 10, 11, 11, 11, 11, 11, 11, 11, 11, 11, 12, 12, 12, 12, 12, 12, 12, 12, 12, 12, 12, 12, 12, 12, 12, 12, 12, 12, 12, 12, 12, 12, 12, 12, 12, 12, 12, 12, 12, 12, 12, 12, 12, 12, 12, 12, 12, 12, 12, 12, 12, 12, 12, 12, 12, 12, 12, 13, 13, 13, 13, 13, 13, 13, 13, 13, 13, 13, 13, 13, 13, 13, 13, 13, 13, 13, 13, 13, 13, 13, 13, 13, 13, 13, 13, 14, 14, 14, 14, 14, 14, 14, 14, 14, 14, 14, 14, 14, 14, 14, 14, 14, 14, 14, 14, 14, 14, 14, 15, 15, 15, 15, 15, 15, 15, 15, 15, 15, 15, 15, 15, 15, 15, 15, 15, 15, 15, 15, 15, 15, 15, 15, 15, 15, 15, 15, 15, 15, 15, 15, 15, 15, 15, 15, 15, 15, 15, 15, 15, 15, 15, 15, 15, 15, 15, 15, 15, 15, 15, 15, 15, 15, 15, 15, 15, 15, 15, 15, 15, 15, 15, 15, 15, 15, 15, 15, 15, 15, 15, 15, 15, 15, 15, 15, 15, 15, 15, 18, 18, 21, 21, 22, 22, 22, 22, 22, 22, 22, 22, 22, 22, 22, 22, 22, 22, 22, 22, 22, 22, 22, 22, 22, 22, 22, 22, 22, 22, 22, 22, 22, 22, 22, 22, 22, 22, 22, 22, 22, 22, 22, 22, 22, 22, 22, 22, 22, 22, 22, 22, 22, 22, 22, 22, 22, 22, 22, 22, 22, 22, 23, 24, 24, 24, 24, 24, 24, 24, 24, 24, 24, 24, 24, 24, 24, 24, 24, 24, 24, 24, 24, 24, 24, 24, 24, 24, 24, 24, 24, 24, 24, 24, 24, 24, 24, 24, 24, 24, 24, 24, 24, 24, 24, 24, 24, 24, 24, 24, 24, 24, 24, 24, 24, 24, 24, 24, 24, 24, 24, 24, 24, 24, 24, 24, 24, 26, 27, 27, 27, 27, 27, 28, 28, 28, 28, 28, 28, 28, 28, 28, 28, 28, 28, 28, 28, 29, 29, 29, 29, 29, 29, 29, 29, 29, 29, 29, 29, 29, 29, 29, 30, 30, 30, 30, 30, 30, 30, 30, 31, 31, 31, 31, 31, 31, 31, 31, 31, 31, 31, 31, 31, 31, 31, 31, 31, 31, 31, 31, 31, 31, 31, 31, 31, 31, 31, 31, 31, 31, 31, 31, 31, 31, 31, 31, 31, 31, 31, 31, 31, 31, 31, 31, 31, 31, 31, 31, 31, 31, 32, 32, 32, 32, 32, 32, 32, 32, 32, 32, 32, 32, 32, 32, 32, 32, 32, 32, 32, 32, 32, 32, 32, 32, 32, 32, 32, 32, 32, 32, 32, 32, 32, 32, 32, 32, 32, 32, 32, 32, 32, 32, 32, 32, 32, 32, 32, 32, 32, 32, 32, 32, 32, 32, 32, 32, 32, 32, 32, 32, 32, 32, 32, 32, 32, 32, 33, 33, 33, 33, 33, 33, 33, 33, 33, 33, 33, 33, 33, 33, 33, 33, 33, 33, 33, 33, 33, 33, 33, 33, 33, 33, 33, 33, 33, 33, 33, 33, 33, 33, 33, 33, 33, 33, 33, 33, 33, 33, 33, 33, 33, 33, 33, 33, 33, 33, 33, 33, 33, 33, 33, 33, 33, 33, 33, 33, 33, 33, 33, 33, 33, 33, 33, 33, 33, 33, 33, 33, 33, 33, 33, 33, 33, 33, 33, 34, 34, 34, 34, 34, 34, 34, 34, 34, 34, 34, 34, 34, 34, 34, 34, 34, 34, 34, 34, 34, 34, 34, 34, 34, 34, 34, 34, 34, 34, 34, 34, 34, 34, 34, 34, 34, 34, 34, 34, 34, 34, 34, 34, 34, 34, 34, 34, 34, 34, 34, 34, 34, 34, 34, 34, 34, 34, 34, 34, 34, 34, 34, 34, 34, 34, 34, 34, 34, 34, 34, 34, 34, 34, 34, 35, 35, 35, 35, 35, 35, 37, 37, 37, 37, 37, 37, 37, 37, 37, 37, 37, 37, 37, 37, 37, 37, 37, 37, 37, 37, 37, 37, 37, 37, 37, 37, 37, 37, 37, 37, 37, 37, 37, 37, 37, 37, 37, 37, 37, 37, 37, 37, 37, 37, 37, 37, 37, 37, 37, 37, 37, 37, 37, 37, 37, 37, 37, 37, 37, 37, 37, 37, 37, 37, 37, 37, 37, 37, 37, 37, 37, 37, 37, 37, 37, 37, 37, 37, 37, 37, 37, 37, 37, 37, 38, 38, 38, 38, 38, 38, 38, 38, 38, 38, 38, 38, 38, 38]
[0, 0, 0, 0, 0, 0, 0, 0, 0, 0, 0, 0, 0, 0, 0, 0, 0, 0, 0, 0, 0, 0, 0, 0, 0, 0, 0, 0, 0, 0, 0, 0, 0, 0, 0, 0, 0, 0, 0, 0, 0, 0, 0, 0, 0, 0, 0, 0, 0, 0, 0, 0, 0, 0, 0, 0, 0, 0, 0, 0, 0, 0, 0, 0, 0, 0, 0, 0, 0, 0, 0, 0, 0, 0, 0, 0, 0, 0, 0, 1, 1, 1, 1, 1, 1, 1, 1, 1, 1, 1, 1, 1, 2, 2, 2, 2, 2, 3, 3, 3, 3, 3, 4, 4, 4, 4, 4, 4, 4, 4, 4, 4, 4, 4, 4, 4, 4, 4, 4, 4, 5, 5, 5, 5, 5, 5, 5, 5, 5, 5, 5, 5, 5, 5, 5, 5, 5, 5, 5, 5, 5, 5, 5, 5, 5, 5, 5, 5, 5, 5, 5, 5, 5, 5, 5, 5, 5, 5, 5, 5, 5, 5, 5, 5, 5, 5, 5, 5, 5, 5, 5, 5, 5, 5, 5, 5, 5, 5, 5, 5, 5, 5, 5, 5, 5, 5, 5, 5, 5, 5, 5, 5, 5, 5, 5, 5, 5, 5, 5, 5, 5, 5, 5, 5, 6, 6, 6, 6, 6, 6, 6, 6, 6, 6, 6, 6, 6, 6, 6, 6, 6, 6, 6, 6, 6, 6, 6, 6, 6, 6, 6, 6, 6, 6, 6, 6, 6, 6, 6, 6, 6, 6, 6, 6, 6, 6, 6, 6, 6, 6, 6, 6, 6, 6, 6, 6, 6, 6, 6, 7, 7, 7, 7, 7, 7, 7, 7, 7, 7, 7, 7, 7, 7, 7, 7, 7, 7, 7, 7, 7, 7, 7, 7, 7, 7, 7, 7, 7, 7, 7, 7, 7, 7, 7, 7, 7, 7, 7, 7, 7, 7, 7, 7, 8, 8, 8, 8, 8, 8, 8, 8, 8, 8, 8, 8, 8, 8, 8, 8, 8, 8, 8, 8, 8, 8, 8, 9, 9, 9, 9, 9, 9, 9, 9, 9, 9, 9, 9, 9, 9, 9, 9, 9, 9, 9, 9, 9, 10, 10, 10, 10, 10, 10, 10, 10, 10, 10, 10, 10, 10, 10, 10, 10, 10, 10, 10, 10, 10, 10, 10, 10, 10, 10, 10, 10, 11, 11, 11, 11, 11, 11, 11, 11, 11, 11, 11, 11, 11, 11, 11, 11, 11, 11, 11, 11, 11, 11, 11, 11, 11, 11, 11, 11, 11, 11, 11, 11, 11, 11, 11, 11, 11, 11, 11, 11, 11, 11, 11, 11, 11, 11, 11, 11, 11, 11, 11, 11, 11, 11, 11, 11, 11, 11, 11, 11, 11, 11, 11, 11, 11, 11, 11, 11, 11, 11, 11, 11, 11, 11, 11, 11, 12, 12, 12, 12, 12, 12, 12, 12, 12, 12, 12, 12, 12, 12, 12, 12, 12, 12, 12, 12, 12, 12, 12, 12, 12, 12, 12, 12, 12, 13, 14, 14, 14, 14, 14, 14, 14, 14, 14, 14, 14, 14, 14, 14, 14, 14, 14, 14, 14, 14, 14, 14, 14, 14, 14, 14, 14, 14, 14, 14, 14, 14, 14, 14, 14, 14, 14, 14, 14, 14, 14, 14, 14, 14, 14, 14, 14, 14, 14, 14, 14, 14, 14, 14, 14, 14, 14, 14, 14, 14, 14, 14, 15, 15, 15, 15, 15, 15, 16, 16, 16, 16, 16, 16, 16, 16, 16, 16, 16, 16, 16, 16, 16, 16, 16, 16, 16, 16, 16, 16, 16, 16, 16, 16, 16, 16, 16, 16, 16, 16, 16, 16, 16, 16, 16, 16, 16, 16, 16, 16, 16, 16, 16, 16, 16, 16, 16, 16, 16, 16, 16, 16, 16, 16, 16, 16, 16, 16, 16, 16, 16, 16, 16, 16, 16, 16, 16, 16, 16, 16, 16, 16, 16, 16, 16, 16, 16, 16, 16, 16, 16, 16, 16, 17, 17, 17, 17, 17, 17, 17, 18, 18, 18, 18, 19, 19, 19, 19, 19, 19, 19, 19, 19, 19, 19, 19, 19, 19, 19, 19, 19, 19, 19, 19, 19, 19, 19, 19, 19, 19, 19, 19, 19, 19, 19, 19, 19, 19, 19, 19, 19, 19, 19, 19, 19, 19, 19, 19, 19, 19, 19, 19, 19, 19, 19, 19, 19, 19, 19, 19, 19, 19, 19, 19, 19, 19, 19, 19, 19, 19, 19, 19, 19, 19, 19, 19, 19, 19, 19, 19, 19, 19, 19, 19, 19, 19, 19, 20, 20, 20, 20, 20, 20, 20, 20, 20, 20, 20, 20, 20, 20, 20, 20, 20, 20, 20, 20, 20, 20, 20, 20, 20, 20, 20, 20, 20, 20, 20, 20, 20, 20, 20, 20, 20, 20, 20, 20, 20, 20, 20, 20, 20, 20, 20, 20, 20, 20, 20, 20, 20, 20, 20, 20, 20, 20, 20, 20, 20, 20, 20, 20, 20, 20, 20, 20, 20, 20, 20, 20, 20, 20, 20, 20, 20, 20, 20, 20, 20, 20, 21, 21, 21, 21, 21, 21, 21, 21, 21, 21, 21, 21, 21, 21, 21, 21, 21, 21, 21, 21, 21, 21, 21, 21, 21, 21, 21, 21, 21, 21, 21, 21, 21, 21, 21, 21, 21, 21, 21, 21, 21, 21, 21, 21, 21, 21, 21, 21, 21, 21, 21, 21, 21, 21, 21, 21, 21, 21, 21, 21, 21, 21, 21, 21, 21, 22, 22, 22, 23, 23, 23, 23, 23, 23, 23, 23, 23, 23, 23, 23, 23, 23, 23, 23, 23, 23, 23, 23, 23, 23, 23, 23, 23, 23, 23, 23, 23, 23, 23, 23, 23, 23, 23, 23, 23, 23, 23, 23, 23, 23, 23, 23, 23, 23, 23, 23, 23, 23, 23, 23, 23, 23, 23, 23, 23, 23, 23, 23, 23, 23, 23, 23, 23, 23, 23, 23, 23, 23, 23, 23, 23, 24, 24, 24, 24, 24, 24, 24, 24, 24, 24, 24, 24, 24, 24, 24, 24, 24, 24, 24, 24, 24, 25, 25, 25, 25, 25, 25, 25, 25, 25, 25, 25, 25, 25, 25, 25, 25, 25, 25, 25, 25, 25, 25, 25, 25, 25, 25, 25, 25, 25, 25, 25, 25, 25, 25, 25, 25, 25, 25, 25, 25, 25, 25, 25, 25, 25, 25, 25, 25, 25, 25, 25, 25, 25, 25, 25, 25, 25, 25, 25, 25, 25, 25, 25, 25, 25, 25, 25, 25, 25, 25, 25, 25, 25, 25, 25, 25, 25, 25, 25, 25, 25, 25, 26, 26, 26, 26, 26, 26, 26, 26, 26, 26, 26, 26, 26, 26, 26, 26, 26, 26, 26, 26, 26, 26, 26, 26, 26, 26, 26, 26, 26, 26, 26, 26, 26, 26, 26, 26, 26, 26, 26, 26, 26, 26, 26, 26, 26, 26, 26, 26, 27, 27, 27, 27, 27, 27, 27, 27, 27, 27, 27, 27, 27, 27, 27, 27, 27, 27, 27, 27, 27, 27, 27, 27, 27, 27, 27, 27, 27, 27, 27, 27, 27, 27, 27, 27, 27, 27, 27, 27, 27, 27, 27, 27, 27, 27, 27, 27, 27, 27, 27, 27, 27, 27, 27, 27, 27, 27, 27, 27, 27, 27, 27, 27, 27, 27, 27, 27, 27, 27, 27, 27, 27, 27, 27, 27, 27, 27, 27, 28, 28, 28, 28, 28, 28, 28, 28, 28, 28, 28, 28, 28, 28, 28, 28, 28, 28, 28, 28, 28, 28, 28, 28, 28, 28, 28, 28, 28, 28, 28, 28, 28, 28, 28, 28, 28, 28, 28, 28, 28, 28, 28, 28, 28, 28, 28, 28, 28, 28, 28, 28, 28, 28, 28, 28, 28, 28, 28, 28, 28, 28, 28, 28, 28, 28, 28, 28, 28, 28, 28, 29, 30, 31, 32, 33, 33, 33, 33, 34, 34, 34, 34, 34, 34, 34, 34, 34, 34, 35, 35, 35, 35, 35, 35, 35, 35, 35, 35, 35, 35, 35, 35, 35, 35, 35, 35, 35, 35, 35, 35, 35, 35, 35, 35, 35, 35, 35, 35, 35, 35, 35, 35, 35, 35, 35, 35, 35, 35, 35, 35, 35, 35, 35, 35, 35, 35, 35, 35, 35, 35, 35, 35, 35, 35, 35, 35, 35, 35, 35, 35, 35, 35, 35, 35, 35, 35, 36, 36, 36, 36, 36, 36, 36, 36, 36, 36, 36, 36, 36, 36, 36, 36, 36, 36, 36, 36, 36, 36, 36, 36, 36, 36, 36, 36, 36, 36, 36, 36, 36, 36, 36, 36, 36, 36, 36, 36, 36, 36, 36, 36, 36, 36, 36, 36, 36, 36, 36, 36, 36, 36, 36, 36, 36, 36, 36, 36, 36, 36, 36, 36, 36, 36, 36, 36, 36, 36, 36, 36, 36, 36, 36, 36, 36, 36, 36, 36, 36, 36, 36, 37, 38, 38, 38, 38]
shapelet initialized!
All 3 clients initialized.
Server device: cuda:0
Client worker groups: [[0], [1], [2]]
Client worker devices: ['cuda:0', 'cuda:0', 'cuda:0']
客户端选择未启用，所有客户端参与聚合
[fedcsl] precomputed client scale scores once in 0.426s
/data/user_lixiongfei/CSL-main/train.py:801: UserWarning: Creating a tensor from a list of numpy.ndarrays is extremely slow. Please consider converting the list to a single numpy.ndarray with numpy.array() before converting to a tensor. (Triggered internally at ../torch/csrc/utils/tensor_new.cpp:278.)
  X = torch.tensor(X, dtype=torch.float)
Classification: train=1.0000 test=0.2055 round=0
[round 0] timing train=151.693s distribution=5.882s agg=0.351s eval=148.936s total=306.867s
Classification: train=1.0000 test=0.2043 round=1
[round 1] timing train=314.484s distribution=5.540s agg=0.164s eval=171.966s total=492.161s
Classification: train=1.0000 test=0.2085 round=2
[round 2] timing train=315.673s distribution=6.008s agg=0.069s eval=165.948s total=487.710s
Classification: train=1.0000 test=0.2076 round=3
[round 3] timing train=313.864s distribution=5.473s agg=0.201s eval=160.777s total=480.343s
Classification: train=1.0000 test=0.2091 round=4
[round 4] timing train=312.878s distribution=5.683s agg=0.206s eval=155.927s total=474.725s
Classification: train=1.0000 test=0.2129 round=5
[round 5] timing train=321.155s distribution=5.863s agg=0.262s eval=163.291s total=490.585s
Classification: train=1.0000 test=0.2153 round=6
[round 6] timing train=308.742s distribution=5.744s agg=0.189s eval=155.873s total=470.554s
Classification: train=1.0000 test=0.2141 round=7
[round 7] timing train=319.681s distribution=5.864s agg=0.144s eval=161.228s total=486.922s
Classification: train=1.0000 test=0.2126 round=8
[round 8] timing train=314.195s distribution=5.635s agg=0.398s eval=156.977s total=477.229s
Classification: train=1.0000 test=0.2109 round=9
[round 9] timing train=312.237s distribution=6.091s agg=0.427s eval=155.271s total=474.043s
Classification: train=1.0000 test=0.2123 round=10
[round 10] timing train=315.559s distribution=5.776s agg=0.209s eval=153.240s total=474.808s
Classification: train=1.0000 test=0.2129 round=11
[round 11] timing train=326.128s distribution=6.966s agg=0.408s eval=154.230s total=487.744s
Classification: train=1.0000 test=0.2159 round=12
[round 12] timing train=315.707s distribution=4.949s agg=0.166s eval=150.924s total=471.766s
Classification: train=1.0000 test=0.2162 round=13
[round 13] timing train=270.146s distribution=5.895s agg=0.130s eval=152.190s total=428.369s
Classification: train=1.0000 test=0.2168 round=14
[round 14] timing train=323.806s distribution=4.859s agg=0.262s eval=138.849s total=467.798s
Classification: train=1.0000 test=0.2186 round=15
[round 15] timing train=326.018s distribution=6.066s agg=0.282s eval=155.475s total=487.856s
Classification: train=1.0000 test=0.2195 round=16
[round 16] timing train=319.064s distribution=4.992s agg=0.190s eval=149.137s total=473.401s
Classification: train=1.0000 test=0.2189 round=17
[round 17] timing train=328.017s distribution=5.375s agg=0.335s eval=153.801s total=487.537s
Classification: train=1.0000 test=0.2162 round=18
[round 18] timing train=322.129s distribution=5.515s agg=0.366s eval=172.217s total=500.247s
Classification: train=1.0000 test=0.2174 round=19
[round 19] timing train=313.772s distribution=5.517s agg=0.557s eval=157.036s total=476.901s
Classification: train=1.0000 test=0.2180 round=20
[round 20] timing train=311.551s distribution=5.854s agg=0.217s eval=163.736s total=481.391s
Classification: train=1.0000 test=0.2162 round=21
[round 21] timing train=328.877s distribution=5.365s agg=0.157s eval=155.613s total=490.046s
Classification: train=1.0000 test=0.2135 round=22
[round 22] timing train=318.518s distribution=5.717s agg=0.486s eval=164.224s total=488.980s
Classification: train=1.0000 test=0.2171 round=23
[round 23] timing train=326.837s distribution=5.469s agg=0.154s eval=163.517s total=495.990s
Classification: train=1.0000 test=0.2150 round=24
[round 24] timing train=321.849s distribution=6.154s agg=0.365s eval=158.674s total=487.075s
Classification: train=1.0000 test=0.2168 round=25
[round 25] timing train=317.190s distribution=5.605s agg=0.354s eval=151.403s total=474.571s
Classification: train=1.0000 test=0.2180 round=26
[round 26] timing train=289.018s distribution=5.304s agg=0.188s eval=153.046s total=447.588s
Classification: train=1.0000 test=0.2207 round=27
[round 27] timing train=319.304s distribution=5.895s agg=0.325s eval=148.081s total=473.641s
Classification: train=1.0000 test=0.2183 round=28
[round 28] timing train=312.657s distribution=5.707s agg=0.451s eval=158.984s total=477.812s
Classification: train=1.0000 test=0.2165 round=29
[round 29] timing train=291.521s distribution=5.427s agg=0.293s eval=155.925s total=453.175s
[fedcsl] checkpoint saved → ./checkpoint/resume/fedcsl_PhonemeSpectra_2026-05-05-13har_fedcsl_dir0.3.pt (round=30)
Classification: train=1.0000 test=0.2162 round=30
[round 30] timing train=318.846s distribution=6.170s agg=0.179s eval=151.777s total=476.981s
Classification: train=1.0000 test=0.2159 round=31
[round 31] timing train=311.191s distribution=5.597s agg=0.309s eval=161.050s total=478.166s
Classification: train=1.0000 test=0.2201 round=32
[round 32] timing train=320.615s distribution=4.969s agg=0.045s eval=155.982s total=481.628s
Classification: train=1.0000 test=0.2180 round=33
[round 33] timing train=320.034s distribution=5.701s agg=0.167s eval=160.914s total=486.835s
Classification: train=1.0000 test=0.2213 round=34
[round 34] timing train=315.457s distribution=5.270s agg=0.092s eval=157.322s total=478.158s
Classification: train=1.0000 test=0.2171 round=35
[round 35] timing train=316.450s distribution=6.520s agg=0.271s eval=157.479s total=480.736s
Classification: train=1.0000 test=0.2186 round=36
[round 36] timing train=325.276s distribution=5.039s agg=0.052s eval=162.791s total=493.174s
Classification: train=1.0000 test=0.2210 round=37
[round 37] timing train=309.474s distribution=5.541s agg=0.341s eval=166.613s total=482.041s
Classification: train=1.0000 test=0.2189 round=38
[round 38] timing train=313.339s distribution=5.368s agg=0.153s eval=157.662s total=476.540s
Classification: train=1.0000 test=0.2180 round=39
[round 39] timing train=311.289s distribution=5.810s agg=0.165s eval=162.993s total=480.273s
Classification: train=1.0000 test=0.2159 round=40
[round 40] timing train=292.591s distribution=6.100s agg=0.294s eval=160.237s total=459.247s
Classification: train=1.0000 test=0.2171 round=41
[round 41] timing train=312.362s distribution=5.318s agg=0.252s eval=162.920s total=480.884s
Classification: train=1.0000 test=0.2162 round=42
[round 42] timing train=311.256s distribution=5.250s agg=0.178s eval=151.688s total=468.415s
Classification: train=1.0000 test=0.2174 round=43
[round 43] timing train=271.032s distribution=5.611s agg=0.241s eval=165.153s total=442.076s
Classification: train=1.0000 test=0.2186 round=44
[round 44] timing train=301.933s distribution=5.476s agg=0.073s eval=154.456s total=461.970s
Classification: train=1.0000 test=0.2177 round=45
[round 45] timing train=318.739s distribution=5.524s agg=0.289s eval=174.415s total=498.978s
Classification: train=1.0000 test=0.2177 round=46
[round 46] timing train=308.656s distribution=6.285s agg=0.188s eval=148.575s total=463.724s
Classification: train=1.0000 test=0.2162 round=47
[round 47] timing train=314.640s distribution=4.923s agg=0.217s eval=162.019s total=481.860s
Classification: train=1.0000 test=0.2177 round=48
[round 48] timing train=309.882s distribution=5.680s agg=0.342s eval=159.868s total=475.805s
Classification: train=1.0000 test=0.2189 round=49
[round 49] timing train=320.969s distribution=4.966s agg=0.090s eval=152.395s total=478.440s
Classification: train=1.0000 test=0.2174 round=50
[round 50] timing train=297.743s distribution=5.176s agg=0.247s eval=150.833s total=454.032s
Classification: train=1.0000 test=0.2189 round=51
[round 51] timing train=321.296s distribution=5.297s agg=0.167s eval=153.715s total=480.494s
Classification: train=1.0000 test=0.2180 round=52
[round 52] timing train=299.821s distribution=5.502s agg=0.267s eval=155.764s total=461.370s
Classification: train=1.0000 test=0.2201 round=53
[round 53] timing train=325.769s distribution=5.404s agg=0.155s eval=149.493s total=480.857s
Classification: train=1.0000 test=0.2186 round=54
[round 54] timing train=277.791s distribution=4.913s agg=0.108s eval=140.965s total=423.797s
Classification: train=1.0000 test=0.2186 round=55
[round 55] timing train=321.710s distribution=5.576s agg=0.309s eval=154.417s total=482.029s
Classification: train=1.0000 test=0.2210 round=56
[round 56] timing train=303.787s distribution=5.687s agg=0.271s eval=159.011s total=468.801s
Classification: train=1.0000 test=0.2198 round=57
[round 57] timing train=300.008s distribution=5.186s agg=0.208s eval=157.490s total=462.916s
Classification: train=1.0000 test=0.2156 round=58
[round 58] timing train=296.682s distribution=5.477s agg=0.102s eval=158.278s total=460.573s
Classification: train=1.0000 test=0.2183 round=59
[round 59] timing train=312.696s distribution=5.654s agg=0.198s eval=152.774s total=471.358s
[fedcsl] checkpoint saved → ./checkpoint/resume/fedcsl_PhonemeSpectra_2026-05-05-13har_fedcsl_dir0.3.pt (round=60)
Classification: train=1.0000 test=0.2168 round=60
[round 60] timing train=304.372s distribution=5.439s agg=0.148s eval=166.916s total=476.896s
Classification: train=1.0000 test=0.2204 round=61
[round 61] timing train=308.232s distribution=5.057s agg=0.050s eval=148.902s total=462.270s
Classification: train=1.0000 test=0.2231 round=62
[round 62] timing train=311.565s distribution=5.748s agg=0.298s eval=169.090s total=486.743s
Classification: train=1.0000 test=0.2207 round=63
[round 63] timing train=309.613s distribution=5.258s agg=0.221s eval=149.406s total=464.533s
Classification: train=1.0000 test=0.2174 round=64
[round 64] timing train=309.526s distribution=5.475s agg=0.379s eval=161.674s total=477.067s
Classification: train=1.0000 test=0.2168 round=65
[round 65] timing train=312.511s distribution=5.801s agg=0.300s eval=153.097s total=471.737s
Classification: train=1.0000 test=0.2228 round=66
[round 66] timing train=315.045s distribution=5.369s agg=0.107s eval=167.648s total=488.183s
Classification: train=1.0000 test=0.2213 round=67
[round 67] timing train=314.650s distribution=6.179s agg=0.161s eval=163.953s total=484.960s
Classification: train=1.0000 test=0.2225 round=68
[round 68] timing train=314.260s distribution=5.206s agg=0.033s eval=131.889s total=451.406s
Classification: train=1.0000 test=0.2213 round=69
[round 69] timing train=307.815s distribution=5.628s agg=0.098s eval=150.142s total=463.717s
Classification: train=1.0000 test=0.2186 round=70
[round 70] timing train=306.242s distribution=4.528s agg=0.339s eval=165.969s total=477.087s
Classification: train=1.0000 test=0.2228 round=71
[round 71] timing train=258.012s distribution=5.997s agg=0.246s eval=147.518s total=411.790s
Classification: train=1.0000 test=0.2216 round=72
[round 72] timing train=312.474s distribution=4.973s agg=0.091s eval=151.378s total=468.948s
Classification: train=1.0000 test=0.2219 round=73
[round 73] timing train=297.254s distribution=5.353s agg=0.269s eval=148.483s total=451.378s
Classification: train=1.0000 test=0.2204 round=74
[round 74] timing train=312.026s distribution=5.023s agg=0.092s eval=154.013s total=471.167s
Classification: train=1.0000 test=0.2216 round=75
[round 75] timing train=305.641s distribution=5.691s agg=0.086s eval=147.996s total=459.437s
Classification: train=1.0000 test=0.2240 round=76
[round 76] timing train=309.391s distribution=5.571s agg=0.232s eval=159.832s total=475.036s
Classification: train=1.0000 test=0.2222 round=77
[round 77] timing train=306.060s distribution=5.573s agg=0.035s eval=149.756s total=461.448s
Classification: train=1.0000 test=0.2201 round=78
[round 78] timing train=322.758s distribution=6.088s agg=0.264s eval=156.236s total=485.379s
Classification: train=1.0000 test=0.2186 round=79
[round 79] timing train=303.874s distribution=6.236s agg=0.308s eval=161.425s total=471.895s
Classification: train=1.0000 test=0.2183 round=80
[round 80] timing train=305.564s distribution=6.102s agg=0.296s eval=155.053s total=467.043s
Classification: train=1.0000 test=0.2186 round=81
[round 81] timing train=307.468s distribution=5.820s agg=0.339s eval=155.203s total=468.865s
Classification: train=1.0000 test=0.2207 round=82
[round 82] timing train=302.119s distribution=5.986s agg=0.165s eval=168.126s total=476.441s
Classification: train=1.0000 test=0.2237 round=83
[round 83] timing train=251.283s distribution=5.132s agg=0.119s eval=166.395s total=422.952s
Classification: train=1.0000 test=0.2222 round=84
[round 84] timing train=314.823s distribution=5.308s agg=0.222s eval=162.504s total=482.883s
Classification: train=1.0000 test=0.2201 round=85
[round 85] timing train=261.748s distribution=3.488s agg=0.210s eval=170.441s total=435.922s
Classification: train=1.0000 test=0.2177 round=86
[round 86] timing train=316.098s distribution=5.979s agg=0.121s eval=156.201s total=478.417s
Classification: train=1.0000 test=0.2240 round=87
[round 87] timing train=312.269s distribution=5.405s agg=0.032s eval=159.433s total=477.149s
Classification: train=1.0000 test=0.2228 round=88
[round 88] timing train=310.833s distribution=5.197s agg=0.062s eval=148.555s total=464.658s
Classification: train=1.0000 test=0.2192 round=89
[round 89] timing train=308.768s distribution=5.029s agg=0.120s eval=168.975s total=482.907s
[fedcsl] checkpoint saved → ./checkpoint/resume/fedcsl_PhonemeSpectra_2026-05-05-13har_fedcsl_dir0.3.pt (round=90)
Classification: train=1.0000 test=0.2261 round=90
[round 90] timing train=306.545s distribution=5.399s agg=0.083s eval=160.685s total=472.723s
Classification: train=1.0000 test=0.2240 round=91
[round 91] timing train=308.956s distribution=5.110s agg=0.122s eval=143.145s total=457.350s
Classification: train=1.0000 test=0.2243 round=92
[round 92] timing train=309.488s distribution=5.556s agg=0.086s eval=154.923s total=470.077s
Classification: train=1.0000 test=0.2225 round=93
[round 93] timing train=321.640s distribution=5.275s agg=0.194s eval=157.630s total=484.751s
Classification: train=1.0000 test=0.2186 round=94
[round 94] timing train=308.644s distribution=5.533s agg=0.145s eval=147.969s total=462.329s
Classification: train=1.0000 test=0.2228 round=95
[round 95] timing train=316.215s distribution=5.481s agg=0.259s eval=146.834s total=468.807s
Classification: train=1.0000 test=0.2156 round=96
[round 96] timing train=303.541s distribution=5.250s agg=0.149s eval=151.677s total=460.630s
Classification: train=1.0000 test=0.2222 round=97
[round 97] timing train=290.399s distribution=4.916s agg=0.149s eval=134.421s total=429.902s
Classification: train=1.0000 test=0.2204 round=98
[round 98] timing train=303.831s distribution=5.863s agg=0.349s eval=150.893s total=460.953s
Classification: train=1.0000 test=0.2225 round=99
[round 99] timing train=259.373s distribution=5.552s agg=0.461s eval=164.098s total=429.497s
Classification: train=1.0000 test=0.2261 round=100
[round 100] timing train=304.069s distribution=5.286s agg=0.257s eval=136.843s total=446.492s
Classification: train=1.0000 test=0.2225 round=101
[round 101] timing train=307.331s distribution=5.630s agg=0.092s eval=144.263s total=457.341s
Classification: train=1.0000 test=0.2222 round=102
[round 102] timing train=298.876s distribution=5.453s agg=0.187s eval=146.326s total=450.858s
Classification: train=1.0000 test=0.2249 round=103
[round 103] timing train=303.857s distribution=5.577s agg=0.250s eval=155.107s total=464.811s
Classification: train=1.0000 test=0.2198 round=104
[round 104] timing train=310.221s distribution=5.191s agg=0.274s eval=156.188s total=471.923s
Classification: train=1.0000 test=0.2225 round=105
[round 105] timing train=298.356s distribution=5.330s agg=0.125s eval=157.125s total=460.949s
Classification: train=1.0000 test=0.2261 round=106
[round 106] timing train=306.782s distribution=5.103s agg=0.159s eval=138.590s total=450.651s
Classification: train=1.0000 test=0.2165 round=107
[round 107] timing train=291.793s distribution=5.506s agg=0.089s eval=140.833s total=438.234s
Classification: train=1.0000 test=0.2246 round=108
[round 108] timing train=295.204s distribution=4.996s agg=0.132s eval=136.902s total=437.261s
Classification: train=1.0000 test=0.2240 round=109
[round 109] timing train=296.370s distribution=5.090s agg=0.150s eval=144.295s total=445.959s
Classification: train=1.0000 test=0.2216 round=110
[round 110] timing train=297.024s distribution=5.112s agg=0.070s eval=141.522s total=443.744s
Classification: train=1.0000 test=0.2195 round=111
[round 111] timing train=295.353s distribution=5.669s agg=0.240s eval=140.251s total=441.521s
Classification: train=1.0000 test=0.2222 round=112
[round 112] timing train=253.917s distribution=5.060s agg=0.057s eval=138.488s total=397.555s
Classification: train=1.0000 test=0.2222 round=113
[round 113] timing train=299.723s distribution=5.490s agg=0.167s eval=125.786s total=431.182s
Classification: train=1.0000 test=0.2156 round=114
[round 114] timing train=313.084s distribution=4.923s agg=0.108s eval=143.042s total=461.182s
Classification: train=1.0000 test=0.2186 round=115
[round 115] timing train=300.642s distribution=5.500s agg=0.068s eval=142.314s total=448.535s
Classification: train=1.0000 test=0.2216 round=116
[round 116] timing train=302.074s distribution=4.977s agg=0.191s eval=154.561s total=461.809s
Classification: train=1.0000 test=0.2165 round=117
[round 117] timing train=296.867s distribution=5.805s agg=0.034s eval=146.420s total=449.143s
Classification: train=1.0000 test=0.2198 round=118
[round 118] timing train=304.430s distribution=5.297s agg=0.106s eval=151.452s total=461.316s
Classification: train=1.0000 test=0.2165 round=119
[round 119] timing train=293.270s distribution=5.383s agg=0.262s eval=139.264s total=438.228s
[fedcsl] checkpoint saved → ./checkpoint/resume/fedcsl_PhonemeSpectra_2026-05-05-13har_fedcsl_dir0.3.pt (round=120)
Classification: train=1.0000 test=0.2219 round=120
[round 120] timing train=296.377s distribution=5.463s agg=0.151s eval=139.233s total=441.233s
Classification: train=1.0000 test=0.2231 round=121
[round 121] timing train=292.878s distribution=5.829s agg=0.159s eval=144.728s total=443.610s
Classification: train=1.0000 test=0.2213 round=122
[round 122] timing train=293.290s distribution=5.239s agg=0.115s eval=150.638s total=449.307s
Classification: train=1.0000 test=0.2219 round=123
[round 123] timing train=290.858s distribution=5.487s agg=0.126s eval=152.525s total=449.005s
Classification: train=1.0000 test=0.2177 round=124
[round 124] timing train=289.452s distribution=5.165s agg=0.131s eval=155.248s total=450.039s
Classification: train=1.0000 test=0.2252 round=125
[round 125] timing train=287.546s distribution=5.260s agg=0.120s eval=145.232s total=438.217s
Classification: train=1.0000 test=0.2207 round=126
[round 126] timing train=292.538s distribution=5.491s agg=0.317s eval=130.705s total=429.099s
Classification: train=1.0000 test=0.2267 round=127
[round 127] timing train=291.517s distribution=5.198s agg=0.139s eval=150.497s total=447.363s
Classification: train=1.0000 test=0.2225 round=128
[round 128] timing train=263.482s distribution=5.362s agg=0.094s eval=150.340s total=419.292s
Classification: train=1.0000 test=0.2177 round=129
[round 129] timing train=293.514s distribution=4.808s agg=0.117s eval=150.123s total=448.591s
Classification: train=1.0000 test=0.2192 round=130
[round 130] timing train=287.959s distribution=5.500s agg=0.368s eval=151.047s total=444.890s
Classification: train=1.0000 test=0.2198 round=131
[round 131] timing train=295.818s distribution=5.029s agg=0.068s eval=145.704s total=446.648s
Classification: train=1.0000 test=0.2147 round=132
[round 132] timing train=291.070s distribution=5.544s agg=0.208s eval=150.368s total=447.221s
Classification: train=1.0000 test=0.2174 round=133
[round 133] timing train=291.279s distribution=4.811s agg=0.093s eval=140.522s total=436.715s
Classification: train=1.0000 test=0.2165 round=134
[round 134] timing train=289.344s distribution=5.366s agg=0.181s eval=151.492s total=446.422s
Classification: train=1.0000 test=0.2219 round=135
[round 135] timing train=292.332s distribution=5.786s agg=0.057s eval=147.208s total=445.398s
Classification: train=1.0000 test=0.2186 round=136
[round 136] timing train=293.267s distribution=5.414s agg=0.060s eval=146.023s total=444.772s
Classification: train=1.0000 test=0.2177 round=137
[round 137] timing train=296.830s distribution=5.881s agg=0.214s eval=139.704s total=442.662s
Classification: train=1.0000 test=0.2240 round=138
[round 138] timing train=301.964s distribution=5.201s agg=0.097s eval=143.036s total=450.314s
Classification: train=1.0000 test=0.2201 round=139
[round 139] timing train=289.475s distribution=5.189s agg=0.126s eval=135.699s total=430.520s
Classification: train=1.0000 test=0.2183 round=140
[round 140] timing train=296.371s distribution=5.323s agg=0.134s eval=131.388s total=433.225s
Classification: train=1.0000 test=0.2186 round=141
[round 141] timing train=272.524s distribution=4.634s agg=0.131s eval=125.735s total=403.040s
Classification: train=1.0000 test=0.2198 round=142
[round 142] timing train=297.896s distribution=5.075s agg=0.190s eval=111.233s total=414.424s
Classification: train=1.0000 test=0.2177 round=143
[round 143] timing train=298.627s distribution=5.139s agg=0.065s eval=141.202s total=445.040s
Classification: train=1.0000 test=0.2177 round=144
[round 144] timing train=297.035s distribution=5.339s agg=0.105s eval=139.953s total=442.448s
Classification: train=1.0000 test=0.2204 round=145
[round 145] timing train=295.960s distribution=5.395s agg=0.071s eval=140.690s total=442.145s
Classification: train=1.0000 test=0.2207 round=146
[round 146] timing train=295.114s distribution=4.930s agg=0.243s eval=153.618s total=453.935s
Classification: train=1.0000 test=0.2219 round=147
[round 147] timing train=287.206s distribution=5.725s agg=0.230s eval=151.056s total=444.233s
Classification: train=1.0000 test=0.2240 round=148
[round 148] timing train=296.194s distribution=4.797s agg=0.271s eval=155.914s total=457.192s
Classification: train=1.0000 test=0.2213 round=149
[round 149] timing train=288.835s distribution=5.531s agg=0.178s eval=152.143s total=446.693s
[fedcsl] checkpoint saved → ./checkpoint/resume/fedcsl_PhonemeSpectra_2026-05-05-13har_fedcsl_dir0.3.pt (round=150)
Classification: train=1.0000 test=0.2228 round=150
[round 150] timing train=301.379s distribution=4.661s agg=0.122s eval=137.537s total=443.712s
Classification: train=1.0000 test=0.2177 round=151
[round 151] timing train=287.799s distribution=5.729s agg=0.218s eval=142.593s total=436.377s
Classification: train=1.0000 test=0.2234 round=152
[round 152] timing train=305.331s distribution=5.334s agg=0.204s eval=137.775s total=448.661s
Classification: train=1.0000 test=0.2201 round=153
[round 153] timing train=297.153s distribution=5.558s agg=0.445s eval=142.749s total=445.919s
Classification: train=1.0000 test=0.2192 round=154
[round 154] timing train=299.695s distribution=5.261s agg=0.172s eval=146.733s total=451.881s
Classification: train=1.0000 test=0.2216 round=155
[round 155] timing train=282.583s distribution=4.752s agg=0.173s eval=125.922s total=413.448s
Classification: train=1.0000 test=0.2165 round=156
[round 156] timing train=293.050s distribution=5.237s agg=0.066s eval=134.534s total=432.904s
Classification: train=1.0000 test=0.2237 round=157
[round 157] timing train=294.568s distribution=5.795s agg=0.252s eval=115.410s total=416.084s
Classification: train=1.0000 test=0.2237 round=158
[round 158] timing train=290.768s distribution=5.396s agg=0.171s eval=143.396s total=439.738s
Classification: train=1.0000 test=0.2237 round=159
[round 159] timing train=293.530s distribution=5.364s agg=0.260s eval=139.598s total=438.769s
Classification: train=1.0000 test=0.2231 round=160
[round 160] timing train=293.891s distribution=5.414s agg=0.148s eval=133.634s total=433.097s
Classification: train=1.0000 test=0.2156 round=161
[round 161] timing train=293.850s distribution=5.382s agg=0.239s eval=142.324s total=441.820s
Classification: train=1.0000 test=0.2168 round=162
[round 162] timing train=293.020s distribution=6.177s agg=0.147s eval=135.382s total=434.741s
Classification: train=1.0000 test=0.2183 round=163
[round 163] timing train=292.506s distribution=5.337s agg=0.261s eval=143.225s total=441.337s
Classification: train=1.0000 test=0.2189 round=164
[round 164] timing train=286.832s distribution=5.794s agg=0.110s eval=132.046s total=424.812s
Classification: train=1.0000 test=0.2237 round=165
[round 165] timing train=297.622s distribution=5.015s agg=0.067s eval=141.899s total=444.618s
Classification: train=1.0000 test=0.2174 round=166
[round 166] timing train=294.561s distribution=5.252s agg=0.047s eval=134.452s total=434.356s
Classification: train=1.0000 test=0.2174 round=167
[round 167] timing train=299.101s distribution=5.450s agg=0.062s eval=134.044s total=438.672s
Classification: train=1.0000 test=0.2156 round=168
[round 168] timing train=291.031s distribution=5.558s agg=0.052s eval=142.393s total=439.054s
Classification: train=1.0000 test=0.2222 round=169
[round 169] timing train=294.234s distribution=5.097s agg=0.087s eval=122.484s total=421.936s
Classification: train=1.0000 test=0.2174 round=170
[round 170] timing train=273.600s distribution=4.540s agg=0.092s eval=144.211s total=422.452s
Classification: train=1.0000 test=0.2198 round=171
[round 171] timing train=311.016s distribution=4.579s agg=0.059s eval=141.601s total=457.270s
Classification: train=1.0000 test=0.2186 round=172
[round 172] timing train=267.050s distribution=3.386s agg=0.059s eval=152.738s total=423.251s
Classification: train=1.0000 test=0.2198 round=173
[round 173] timing train=303.309s distribution=4.892s agg=0.145s eval=142.220s total=450.573s
Classification: train=1.0000 test=0.2159 round=174
[round 174] timing train=293.849s distribution=4.398s agg=0.087s eval=143.747s total=442.093s
Classification: train=1.0000 test=0.2183 round=175
[round 175] timing train=305.785s distribution=5.309s agg=0.176s eval=144.208s total=455.502s
Classification: train=1.0000 test=0.2180 round=176
[round 176] timing train=296.005s distribution=5.071s agg=0.104s eval=144.387s total=445.580s
Classification: train=1.0000 test=0.2189 round=177
[round 177] timing train=296.781s distribution=4.770s agg=0.129s eval=143.122s total=444.824s
Classification: train=1.0000 test=0.2216 round=178
[round 178] timing train=294.740s distribution=4.885s agg=0.131s eval=149.403s total=449.175s
Classification: train=1.0000 test=0.2168 round=179
[round 179] timing train=297.539s distribution=5.355s agg=0.056s eval=135.568s total=438.528s
[fedcsl] checkpoint saved → ./checkpoint/resume/fedcsl_PhonemeSpectra_2026-05-05-13har_fedcsl_dir0.3.pt (round=180)
Classification: train=1.0000 test=0.2210 round=180
[round 180] timing train=300.174s distribution=4.929s agg=0.180s eval=154.991s total=460.289s
Classification: train=1.0000 test=0.2168 round=181
[round 181] timing train=298.756s distribution=5.108s agg=0.074s eval=130.737s total=434.697s
Classification: train=1.0000 test=0.2144 round=182
[round 182] timing train=302.826s distribution=5.117s agg=0.240s eval=154.671s total=462.874s
Classification: train=1.0000 test=0.2186 round=183
[round 183] timing train=303.628s distribution=4.948s agg=0.151s eval=125.874s total=434.618s
Classification: train=1.0000 test=0.2162 round=184
[round 184] timing train=270.508s distribution=5.207s agg=0.032s eval=145.157s total=420.911s
Classification: train=1.0000 test=0.2153 round=185
[round 185] timing train=279.219s distribution=4.692s agg=0.193s eval=128.124s total=412.242s
Classification: train=1.0000 test=0.2207 round=186
[round 186] timing train=303.793s distribution=4.514s agg=0.156s eval=143.169s total=451.640s
Classification: train=1.0000 test=0.2177 round=187
[round 187] timing train=291.340s distribution=5.166s agg=0.043s eval=144.703s total=441.259s
Classification: train=1.0000 test=0.2189 round=188
[round 188] timing train=297.801s distribution=6.045s agg=0.118s eval=146.815s total=450.788s
Classification: train=1.0000 test=0.2153 round=189
[round 189] timing train=300.802s distribution=5.027s agg=0.196s eval=142.345s total=448.407s
Classification: train=1.0000 test=0.2243 round=190
[round 190] timing train=292.530s distribution=4.835s agg=0.375s eval=152.046s total=449.825s
Classification: train=1.0000 test=0.2171 round=191
[round 191] timing train=297.452s distribution=4.859s agg=0.162s eval=143.518s total=445.999s
Classification: train=1.0000 test=0.2156 round=192
[round 192] timing train=299.337s distribution=5.025s agg=0.168s eval=153.626s total=458.171s
Classification: train=1.0000 test=0.2192 round=193
[round 193] timing train=300.686s distribution=4.531s agg=0.267s eval=137.790s total=443.289s
Classification: train=1.0000 test=0.2234 round=194
[round 194] timing train=296.709s distribution=5.825s agg=0.429s eval=136.339s total=439.315s
Classification: train=1.0000 test=0.2177 round=195
[round 195] timing train=310.846s distribution=5.079s agg=0.216s eval=145.620s total=461.771s
Classification: train=1.0000 test=0.2258 round=196
[round 196] timing train=306.172s distribution=4.153s agg=0.028s eval=111.518s total=421.905s
Classification: train=1.0000 test=0.2240 round=197
[round 197] timing train=301.107s distribution=5.465s agg=0.224s eval=156.658s total=463.481s
Classification: train=1.0000 test=0.2219 round=198
[round 198] timing train=302.986s distribution=4.921s agg=0.285s eval=110.753s total=418.959s
Classification: train=1.0000 test=0.2150 round=199
[round 199] timing train=303.308s distribution=5.845s agg=0.134s eval=160.857s total=470.150s
best round is 127, acc is 0.226663
Model saved to ./checkpoint/PhonemeSpectra/2026-05-05-13har_fedcsl_dir0.3_PhonemeSpectra_model.pt
