# 2026-05-04 14:31:13  har_fedavg_dir1.0  GPU=3  cwd=/data/user_lixiongfei/CSL-main
# CMD: python3 -u FedCSL_All.py -dataset HAR --config configAVG.yml --dirichlet-alpha 1.0 --seed 42 --description har_fedavg_dir1.0 -dataset LSST

/mnt/data/user_liangzhiyu/envs/fedcsl/lib/python3.8/site-packages/scipy/__init__.py:146: UserWarning: A NumPy version >=1.16.5 and <1.23.0 is required for this version of SciPy (detected version 1.23.5
  warnings.warn(f"A NumPy version >={np_minversion} and <{np_maxversion}"
[config] 'configAVG.yml' 未找到，重定向到 'config/configAVG.yml'
2459
<class 'pandas.core.frame.DataFrame'>
RangeIndex: 2459 entries, 0 to 2458
Data columns (total 7 columns):
 #   Column      Non-Null Count  Dtype 
---  ------      --------------  ----- 
 0   dim_0       2459 non-null   object
 1   dim_1       2459 non-null   object
 2   dim_2       2459 non-null   object
 3   dim_3       2459 non-null   object
 4   dim_4       2459 non-null   object
 5   dim_5       2459 non-null   object
 6   class_vals  2459 non-null   object
dtypes: object(7)
memory usage: 134.6+ KB
None
{36}
<class 'pandas.core.frame.DataFrame'>
RangeIndex: 2459 entries, 0 to 2458
Data columns (total 7 columns):
 #   Column      Non-Null Count  Dtype 
---  ------      --------------  ----- 
 0   dim_0       2459 non-null   object
 1   dim_1       2459 non-null   object
 2   dim_2       2459 non-null   object
 3   dim_3       2459 non-null   object
 4   dim_4       2459 non-null   object
 5   dim_5       2459 non-null   object
 6   class_vals  2459 non-null   object
dtypes: object(7)
memory usage: 134.6+ KB
None
[ 0  0  0 ... 13 13 13]
[   0    1    2   34   35   36   37   38   39   40   41   42   43   44
   45  157  158  159  160  161  162  163  164  165  166  167  168  169
  170  171  172  173  174  175  176  177  178  179  180  181  182  183
  184  185  186  187  188  189  190  191  192  193  194  195  196  197
  198  199  200  201  202  203  204  205  206  207  208  209  210  211
  212  213  214  215  216  217  218  219  220  221  222  223  224  225
  226  227  228  229  230  231  232  233  234  235  236  237  238  239
  240  241  242  243  244  245  246  247  248  249  250  251  252  253
  254  255  256  257  258  259  260  261  262  263  264  265  266  267
  268  269  270  271  272  273  274  275  276  277  278  279  280  281
  282  283  284  285  286  287  288  289  290  291  292  293  294  295
  296  297  298  299  300  301  302  303  304  305  306  307  308  309
  310  311  427  428  429  430  431  432  433  434  435  436  437  438
  439  440  441  442  443  444  445  446  447  448  449  450  451  452
  453  454  455  456  457  458  459  460  461  462  463  464  465  466
  467  468  469  470  471  472  473  474  475  476  477  478  479  480
  481  482  483  484  485  486  487  488  489  490  491  492  493  494
  495  496  497  498  499  500  501  502  503  504  505  506  507  508
  509  510  511  512  513  514  515  516  517  518  519  520  521  522
  523  524  525  526  527  528  529  530  531  532  533  534  535  536
  537  538  539  540  541  542  543  544  545  546  547  548  549  550
  551  552  553  554  555  556  557  558  559  560  561  562  563  564
  565  566  567  568  569  570  571  572  808  809  810  811  812  813
  814  870  877  878  879 1030 1031 1032 1033 1034 1035 1036 1037 1038
 1039 1040 1053 1054 1055 1056 1057 1058 1059 1060 1061 1062 1063 1064
 1065 1066 1067 1068 1069 1070 1071 1072 1073 1074 1075 1076 1077 1078
 1079 1080 1081 1082 1083 1084 1085 1086 1087 1088 1089 1090 1091 1092
 1093 1094 1095 1096 1097 1098 1099 1100 1101 1102 1103 1104 1105 1106
 1107 1108 1109 1110 1111 1112 1113 1114 1115 1116 1117 1118 1119 1120
 1121 1122 1123 1124 1125 1126 1127 1128 1129 1130 1131 1132 1133 1134
 1135 1136 1137 1138 1139 1140 1141 1142 1143 1144 1145 1146 1147 1148
 1149 1150 1151 1152 1153 1154 1155 1366 1367 1368 1369 1370 1371 1372
 1373 1374 1375 1376 1377 1378 1379 1380 1381 1382 1383 1384 1385 1386
 1387 1388 1389 1390 1391 1392 1393 1394 1395 1396 1397 1398 1399 1400
 1401 1402 1403 1404 1405 1406 1407 1408 1409 1410 1411 1412 1413 1414
 1415 1416 1417 1554 1555 1556 1557 1558 1559 1560 1561 1562 1563 1564
 1565 1566 1567 1568 1569 1570 1571 1572 1573 1574 1575 1576 1577 1578
 1579 1580 1581 1582 1583 1584 1585 1586 1587 1588 1589 1590 1591 1592
 1593 1594 1595 1596 1597 1598 1599 1600 1601 1602 1603 1604 1605 1606
 1607 1608 1609 1610 1611 1612 1613 1614 1615 1616 1617 1618 1619 1620
 1621 1622 1623 1624 1625 1626 1627 1628 1629 1630 1631 1632 1633 1634
 1635 1636 1637 1638 1639 1640 1641 1642 1643 1644 1645 1646 1647 1648
 1649 1650 1651 1652 1653 1654 1655 1656 1657 1658 1659 1660 1661 2331
 2332 2333 2334 2335 2336 2337 2338 2339 2340 2341 2342 2343 2344 2345
 2346 2347 2348 2349 2350 2351 2352 2353 2354 2355 2356 2357 2358 2359
 2360 2361 2362 2363 2364 2365 2366 2367 2368 2369 2370 2371 2372 2373
 2374 2375 2376 2377 2378 2379 2380 2381 2382 2383 2384 2385 2386 2408
 2409]
[0, 0, 0, 1, 1, 1, 1, 1, 1, 1, 1, 1, 1, 1, 1, 2, 2, 2, 2, 2, 2, 2, 2, 2, 2, 2, 2, 2, 2, 2, 2, 2, 2, 2, 2, 2, 2, 2, 2, 2, 2, 2, 2, 2, 2, 2, 2, 2, 2, 2, 2, 2, 2, 2, 2, 2, 2, 2, 2, 2, 2, 2, 2, 2, 2, 2, 2, 2, 2, 2, 2, 2, 2, 2, 2, 2, 2, 2, 2, 2, 2, 2, 2, 2, 2, 2, 2, 2, 2, 2, 2, 2, 2, 2, 2, 2, 2, 2, 2, 2, 2, 2, 2, 2, 2, 2, 2, 2, 2, 2, 2, 2, 2, 2, 2, 2, 2, 2, 2, 2, 2, 2, 2, 2, 2, 2, 2, 2, 2, 2, 2, 2, 2, 2, 2, 2, 2, 2, 2, 2, 2, 2, 2, 2, 2, 2, 2, 2, 2, 2, 2, 2, 2, 2, 2, 2, 2, 2, 2, 2, 2, 2, 2, 2, 2, 2, 2, 2, 2, 2, 3, 3, 3, 3, 3, 3, 3, 3, 3, 3, 3, 3, 3, 3, 3, 3, 3, 3, 3, 3, 3, 3, 3, 3, 3, 3, 3, 3, 3, 3, 3, 3, 3, 3, 3, 3, 3, 3, 3, 3, 3, 3, 3, 3, 3, 3, 3, 3, 3, 3, 3, 3, 3, 3, 3, 3, 3, 3, 3, 3, 3, 3, 3, 3, 3, 3, 3, 3, 3, 3, 3, 3, 3, 3, 3, 3, 3, 3, 3, 3, 3, 3, 3, 3, 3, 3, 3, 3, 3, 3, 3, 3, 3, 3, 3, 3, 3, 3, 3, 3, 3, 3, 3, 3, 3, 3, 3, 3, 3, 3, 3, 3, 3, 3, 3, 3, 3, 3, 3, 3, 3, 3, 3, 3, 3, 3, 3, 3, 3, 3, 3, 3, 3, 3, 3, 3, 3, 3, 3, 3, 3, 3, 3, 3, 3, 3, 4, 4, 4, 4, 4, 4, 4, 5, 6, 6, 6, 7, 7, 7, 7, 7, 7, 7, 7, 7, 7, 7, 8, 8, 8, 8, 8, 8, 8, 8, 8, 8, 8, 8, 8, 8, 8, 8, 8, 8, 8, 8, 8, 8, 8, 8, 8, 8, 8, 8, 8, 8, 8, 8, 8, 8, 8, 8, 8, 8, 8, 8, 8, 8, 8, 8, 8, 8, 8, 8, 8, 8, 8, 8, 8, 8, 8, 8, 8, 8, 8, 8, 8, 8, 8, 8, 8, 8, 8, 8, 8, 8, 8, 8, 8, 8, 8, 8, 8, 8, 8, 8, 8, 8, 8, 8, 8, 8, 8, 8, 8, 8, 8, 8, 8, 8, 8, 8, 8, 8, 8, 8, 8, 8, 8, 9, 9, 9, 9, 9, 9, 9, 9, 9, 9, 9, 9, 9, 9, 9, 9, 9, 9, 9, 9, 9, 9, 9, 9, 9, 9, 9, 9, 9, 9, 9, 9, 9, 9, 9, 9, 9, 9, 9, 9, 9, 9, 9, 9, 9, 9, 9, 9, 9, 9, 9, 9, 11, 11, 11, 11, 11, 11, 11, 11, 11, 11, 11, 11, 11, 11, 11, 11, 11, 11, 11, 11, 11, 11, 11, 11, 11, 11, 11, 11, 11, 11, 11, 11, 11, 11, 11, 11, 11, 11, 11, 11, 11, 11, 11, 11, 11, 11, 11, 11, 11, 11, 11, 11, 11, 11, 11, 11, 11, 11, 11, 11, 11, 11, 11, 11, 11, 11, 11, 11, 11, 11, 11, 11, 11, 11, 11, 11, 11, 11, 11, 11, 11, 11, 11, 11, 11, 11, 11, 11, 11, 11, 11, 11, 11, 11, 11, 11, 11, 11, 11, 11, 11, 11, 11, 11, 11, 11, 11, 11, 12, 12, 12, 12, 12, 12, 12, 12, 12, 12, 12, 12, 12, 12, 12, 12, 12, 12, 12, 12, 12, 12, 12, 12, 12, 12, 12, 12, 12, 12, 12, 12, 12, 12, 12, 12, 12, 12, 12, 12, 12, 12, 12, 12, 12, 12, 12, 12, 12, 12, 12, 12, 12, 12, 12, 12, 13, 13]
[0, 0, 0, 0, 0, 0, 0, 0, 0, 0, 0, 0, 0, 0, 0, 0, 0, 0, 0, 0, 0, 0, 0, 0, 0, 0, 1, 1, 1, 1, 1, 1, 1, 1, 1, 1, 1, 1, 1, 1, 1, 1, 1, 1, 1, 2, 2, 2, 2, 2, 2, 2, 2, 2, 2, 2, 2, 2, 2, 2, 2, 2, 2, 2, 2, 2, 2, 2, 2, 2, 2, 2, 2, 2, 2, 2, 2, 2, 2, 2, 2, 2, 2, 2, 2, 2, 2, 2, 2, 2, 2, 2, 2, 2, 2, 2, 2, 2, 2, 2, 2, 2, 2, 2, 2, 2, 2, 2, 2, 2, 2, 2, 2, 2, 2, 2, 2, 2, 2, 2, 2, 2, 2, 2, 2, 2, 2, 2, 2, 2, 2, 2, 2, 2, 2, 2, 2, 2, 2, 2, 2, 2, 2, 2, 2, 2, 2, 2, 2, 2, 2, 2, 2, 2, 2, 3, 3, 3, 3, 3, 3, 3, 3, 3, 3, 3, 3, 3, 3, 3, 3, 3, 3, 3, 3, 3, 3, 3, 3, 3, 3, 3, 3, 3, 3, 3, 3, 3, 3, 3, 3, 3, 3, 3, 3, 3, 3, 3, 3, 3, 3, 3, 3, 3, 3, 3, 3, 3, 3, 3, 4, 4, 5, 5, 5, 6, 6, 6, 6, 6, 6, 6, 6, 6, 6, 6, 6, 6, 6, 6, 6, 6, 6, 6, 6, 6, 6, 6, 6, 6, 6, 6, 6, 6, 6, 6, 6, 6, 6, 6, 6, 6, 6, 6, 6, 6, 6, 6, 6, 6, 6, 6, 6, 6, 6, 6, 6, 6, 6, 6, 6, 6, 6, 6, 6, 6, 6, 6, 6, 6, 6, 6, 6, 6, 6, 6, 6, 6, 6, 7, 7, 8, 8, 8, 8, 8, 8, 8, 8, 8, 8, 8, 8, 8, 8, 8, 8, 8, 8, 8, 8, 8, 8, 8, 8, 8, 8, 8, 8, 8, 8, 8, 8, 8, 8, 8, 8, 8, 8, 8, 8, 8, 8, 8, 8, 8, 8, 8, 8, 8, 8, 8, 8, 8, 8, 8, 8, 8, 8, 8, 8, 8, 8, 8, 8, 8, 8, 8, 8, 8, 8, 8, 8, 8, 8, 8, 8, 8, 8, 8, 8, 8, 8, 8, 8, 8, 8, 8, 8, 8, 8, 8, 8, 8, 8, 8, 8, 8, 8, 8, 8, 8, 8, 8, 8, 8, 8, 8, 8, 8, 8, 8, 8, 8, 8, 8, 8, 8, 8, 8, 8, 8, 8, 8, 8, 8, 8, 8, 8, 8, 8, 8, 8, 8, 8, 8, 8, 8, 8, 8, 8, 8, 8, 8, 8, 8, 8, 8, 8, 8, 8, 8, 8, 8, 8, 8, 8, 8, 8, 8, 8, 8, 8, 8, 8, 8, 8, 8, 8, 8, 8, 8, 8, 8, 8, 8, 8, 8, 8, 8, 8, 8, 8, 8, 8, 8, 8, 8, 8, 8, 8, 8, 8, 8, 8, 9, 9, 9, 9, 9, 9, 9, 9, 10, 10, 10, 10, 10, 10, 10, 10, 10, 10, 10, 10, 10, 10, 10, 10, 10, 10, 10, 10, 10, 10, 10, 10, 10, 10, 10, 10, 10, 10, 10, 10, 10, 10, 10, 10, 10, 10, 10, 10, 10, 10, 10, 10, 10, 10, 10, 10, 10, 10, 10, 10, 10, 10, 10, 10, 10, 10, 10, 10, 10, 10, 10, 10, 10, 11, 11, 11, 11, 11, 11, 11, 11, 11, 11, 11, 11, 11, 11, 11, 11, 11, 11, 11, 11, 11, 11, 11, 11, 11, 11, 11, 11, 11, 11, 11, 11, 11, 11, 11, 11, 11, 11, 11, 11, 11, 11, 11, 11, 11, 11, 11, 11, 11, 11, 11, 11, 11, 11, 11, 11, 11, 11, 11, 11, 11, 11, 11, 11, 11, 11, 11, 11, 11, 11, 11, 11, 11, 11, 11, 11, 11, 11, 11, 11, 11, 11, 11, 11, 11, 11, 11, 11, 11, 11, 11, 11, 11, 11, 11, 11, 11, 11, 11, 11, 11, 11, 11, 11, 11, 11, 11, 11, 11, 11, 11, 11, 11, 11, 11, 11, 11, 11, 11, 11, 11, 11, 11, 11, 11, 11, 11, 11, 11, 11, 11, 11, 11, 11, 11, 11, 11, 11, 11, 11, 11, 11, 11, 11, 11, 11, 11, 11, 11, 11, 11, 11, 11, 11, 11, 11, 11, 11, 11, 11, 11, 11, 11, 11, 11, 11, 11, 11, 11, 11, 11, 11, 11, 11, 11, 11, 11, 11, 11, 11, 11, 11, 11, 11, 11, 11, 11, 11, 11, 11, 11, 11, 11, 11, 11, 11, 11, 11, 11, 11, 11, 11, 11, 11, 11, 11, 11, 11, 11, 11, 11, 11, 11, 11, 11, 11, 11, 11, 11, 11, 11, 11, 11, 11, 11, 11, 11, 11, 11, 11, 11, 11, 11, 11, 11, 11, 11, 11, 11, 11, 11, 11, 11, 11, 11, 11, 11, 11, 11, 11, 11, 11, 11, 11, 11, 11, 11, 11, 11, 11, 11, 11, 11, 11, 11, 11, 11, 11, 11, 11, 11, 11, 11, 11, 11, 11, 11, 11, 11, 11, 11, 11, 11, 11, 11, 11, 11, 11, 11, 11, 11, 11, 11, 11, 11, 11, 11, 11, 11, 11, 11, 11, 11, 11, 11, 11, 11, 11, 11, 11, 11, 11, 11, 11, 11, 11, 11, 11, 11, 11, 11, 11, 11, 11, 11, 11, 11, 11, 11, 11, 11, 11, 11, 11, 11, 11, 11, 11, 11, 11, 11, 11, 11, 11, 11, 11, 11, 11, 11, 11, 11, 11, 11, 11, 11, 11, 11, 11, 11, 11, 11, 11, 11, 11, 11, 11, 11, 11, 11, 11, 11, 11, 11, 11, 11, 11, 11, 11, 11, 11, 11, 11, 11, 11, 11, 11, 11, 11, 11, 11, 11, 11, 11, 11, 11, 11, 11, 11, 11, 11, 11, 11, 11, 11, 11, 11, 11, 11, 11, 11, 11, 12, 12, 12, 12, 12, 12, 12, 12, 12, 12, 12, 12, 12, 12, 12, 12, 12, 12, 13, 13, 13, 13, 13, 13, 13, 13, 13, 13, 13, 13, 13, 13, 13, 13, 13, 13, 13, 13, 13, 13, 13, 13, 13, 13, 13, 13, 13, 13, 13, 13, 13, 13, 13, 13, 13, 13, 13, 13, 13]
[0, 0, 0, 0, 0, 1, 1, 1, 1, 1, 1, 1, 1, 1, 1, 1, 1, 1, 1, 1, 1, 1, 1, 1, 1, 1, 1, 1, 1, 1, 1, 1, 1, 1, 1, 1, 1, 1, 1, 1, 1, 1, 1, 1, 1, 1, 1, 1, 1, 1, 1, 1, 1, 1, 1, 1, 1, 1, 1, 1, 1, 1, 1, 1, 1, 1, 1, 1, 1, 1, 1, 1, 1, 1, 1, 1, 1, 1, 1, 1, 1, 1, 1, 1, 1, 1, 1, 1, 1, 1, 1, 1, 1, 1, 1, 1, 1, 2, 2, 2, 2, 2, 3, 3, 3, 3, 3, 3, 3, 3, 3, 3, 3, 3, 3, 3, 3, 3, 3, 3, 3, 3, 3, 3, 3, 3, 3, 3, 3, 3, 3, 3, 3, 3, 3, 3, 3, 3, 3, 3, 3, 3, 3, 3, 3, 3, 3, 3, 3, 3, 3, 3, 3, 3, 3, 3, 3, 3, 3, 3, 3, 3, 3, 3, 3, 3, 3, 3, 3, 3, 3, 3, 3, 3, 3, 3, 3, 3, 3, 3, 3, 3, 3, 3, 3, 3, 3, 3, 3, 3, 3, 3, 3, 3, 3, 3, 3, 3, 3, 3, 3, 3, 3, 3, 3, 3, 3, 3, 3, 3, 3, 3, 3, 3, 3, 3, 3, 3, 3, 3, 3, 3, 3, 3, 3, 3, 3, 3, 3, 3, 3, 3, 3, 3, 3, 3, 3, 3, 3, 3, 3, 3, 3, 3, 3, 3, 3, 3, 3, 3, 3, 3, 3, 3, 3, 3, 3, 3, 3, 3, 3, 3, 3, 3, 3, 3, 3, 3, 3, 3, 3, 3, 3, 3, 3, 3, 3, 3, 3, 3, 3, 3, 4, 4, 4, 4, 4, 4, 4, 4, 4, 4, 4, 4, 4, 4, 4, 4, 4, 4, 4, 4, 4, 4, 4, 4, 4, 4, 4, 4, 4, 4, 4, 4, 4, 4, 4, 4, 4, 4, 4, 4, 4, 4, 4, 4, 4, 4, 4, 4, 4, 4, 4, 4, 4, 5, 5, 5, 6, 6, 6, 6, 6, 6, 6, 6, 6, 6, 6, 6, 6, 6, 6, 6, 6, 6, 6, 6, 6, 6, 6, 6, 6, 6, 6, 6, 6, 6, 6, 6, 6, 6, 6, 6, 6, 6, 6, 6, 6, 6, 6, 6, 6, 6, 6, 6, 6, 6, 6, 6, 6, 6, 6, 6, 6, 6, 6, 6, 6, 6, 6, 6, 6, 6, 6, 6, 6, 6, 6, 6, 6, 6, 6, 6, 7, 7, 7, 7, 7, 7, 7, 7, 7, 7, 8, 8, 8, 8, 8, 8, 8, 8, 8, 8, 8, 8, 8, 8, 8, 8, 9, 9, 9, 9, 9, 9, 9, 9, 10, 10, 10, 10, 10, 10, 10, 10, 10, 10, 10, 10, 10, 10, 10, 10, 10, 10, 10, 10, 10, 10, 10, 10, 10, 10, 10, 10, 10, 10, 10, 10, 10, 10, 10, 10, 10, 10, 10, 10, 10, 10, 10, 10, 10, 10, 10, 10, 10, 10, 10, 10, 10, 10, 10, 11, 11, 11, 11, 11, 11, 11, 11, 11, 11, 11, 11, 11, 11, 11, 11, 11, 11, 11, 11, 11, 11, 11, 11, 11, 11, 11, 11, 11, 11, 11, 11, 11, 11, 11, 11, 11, 11, 11, 11, 11, 11, 11, 11, 11, 11, 11, 11, 11, 11, 11, 11, 11, 11, 11, 11, 11, 11, 11, 11, 11, 11, 11, 11, 11, 11, 11, 11, 11, 11, 11, 11, 11, 11, 11, 11, 11, 11, 11, 11, 11, 11, 11, 11, 11, 11, 11, 11, 11, 11, 11, 11, 11, 11, 11, 11, 11, 11, 11, 11, 11, 11, 11, 11, 11, 11, 11, 11, 11, 11, 11, 11, 11, 11, 11, 11, 11, 11, 11, 11, 11, 11, 11, 11, 11, 11, 11, 11, 11, 11, 11, 11, 11, 11, 11, 11, 11, 11, 11, 11, 11, 11, 11, 11, 11, 11, 11, 11, 11, 11, 11, 11, 11, 11, 11, 11, 11, 11, 11, 11, 11, 11, 11, 11, 11, 11, 11, 11, 11, 11, 11, 11, 11, 11, 11, 11, 11, 11, 11, 11, 11, 11, 11, 11, 11, 11, 11, 11, 11, 11, 11, 11, 11, 11, 11, 11, 11, 11, 11, 11, 11, 11, 11, 11, 11, 11, 11, 11, 11, 11, 11, 11, 11, 11, 11, 11, 11, 11, 11, 11, 11, 11, 11, 11, 11, 11, 11, 11, 11, 11, 11, 11, 11, 11, 11, 11, 11, 11, 11, 11, 11, 11, 11, 11, 11, 11, 11, 11, 11, 11, 11, 11, 11, 11, 11, 11, 11, 11, 12, 12, 12, 13, 13, 13, 13, 13, 13, 13, 13]
shapelet initialized!
All 3 clients initialized.
Server device: cuda:0
Client worker groups: [[0], [1], [2]]
Client worker devices: ['cuda:0', 'cuda:0', 'cuda:0']
客户端选择未启用，所有客户端参与聚合
/data/user_lixiongfei/CSL-main/train.py:801: UserWarning: Creating a tensor from a list of numpy.ndarrays is extremely slow. Please consider converting the list to a single numpy.ndarray with numpy.array() before converting to a tensor. (Triggered internally at ../torch/csrc/utils/tensor_new.cpp:278.)
  X = torch.tensor(X, dtype=torch.float)
Classification: train=1.0000 test=0.5746 round=0
[round 0] timing train=120.037s distribution=1.038s agg=0.460s eval=93.602s total=215.146s
Classification: train=1.0000 test=0.5734 round=1
[round 1] timing train=130.993s distribution=0.942s agg=0.110s eval=91.354s total=223.410s
Classification: train=1.0000 test=0.5766 round=2
[round 2] timing train=122.527s distribution=0.966s agg=0.225s eval=97.040s total=220.812s
Classification: train=1.0000 test=0.5750 round=3
[round 3] timing train=140.741s distribution=0.666s agg=0.057s eval=96.555s total=238.034s
Classification: train=1.0000 test=0.5762 round=4
[round 4] timing train=132.684s distribution=0.499s agg=0.086s eval=75.849s total=209.145s
Classification: train=1.0000 test=0.5742 round=5
[round 5] timing train=112.140s distribution=1.038s agg=0.259s eval=88.046s total=201.492s
Classification: train=1.0000 test=0.5775 round=6
[round 6] timing train=115.846s distribution=0.947s agg=0.173s eval=93.338s total=210.335s
Classification: train=1.0000 test=0.5787 round=7
[round 7] timing train=126.463s distribution=1.085s agg=0.147s eval=89.008s total=216.713s
Classification: train=1.0000 test=0.5819 round=8
[round 8] timing train=125.535s distribution=1.243s agg=0.186s eval=108.424s total=235.410s
Classification: train=1.0000 test=0.5811 round=9
[round 9] timing train=126.579s distribution=1.034s agg=0.263s eval=89.544s total=217.443s
Classification: train=1.0000 test=0.5811 round=10
[round 10] timing train=124.347s distribution=0.917s agg=0.188s eval=90.796s total=216.287s
Classification: train=1.0000 test=0.5783 round=11
[round 11] timing train=128.781s distribution=1.015s agg=0.077s eval=94.743s total=224.641s
Classification: train=1.0000 test=0.5787 round=12
[round 12] timing train=125.082s distribution=0.983s agg=0.166s eval=95.097s total=221.369s
Classification: train=1.0000 test=0.5738 round=13
[round 13] timing train=126.103s distribution=0.961s agg=0.116s eval=90.606s total=217.843s
Classification: train=1.0000 test=0.5770 round=14
[round 14] timing train=123.753s distribution=0.716s agg=0.179s eval=92.965s total=217.637s
Classification: train=1.0000 test=0.5803 round=15
[round 15] timing train=125.933s distribution=1.065s agg=0.246s eval=94.217s total=221.492s
Classification: train=1.0000 test=0.5795 round=16
[round 16] timing train=130.059s distribution=1.171s agg=0.269s eval=90.612s total=222.117s
Classification: train=1.0000 test=0.5758 round=17
[round 17] timing train=127.232s distribution=1.121s agg=0.128s eval=89.675s total=218.185s
Classification: train=1.0000 test=0.5791 round=18
[round 18] timing train=122.949s distribution=0.975s agg=0.170s eval=88.299s total=212.425s
Classification: train=1.0000 test=0.5811 round=19
[round 19] timing train=121.569s distribution=1.058s agg=0.052s eval=91.321s total=214.028s
Classification: train=1.0000 test=0.5795 round=20
[round 20] timing train=120.164s distribution=1.119s agg=0.219s eval=90.929s total=212.482s
Classification: train=1.0000 test=0.5803 round=21
[round 21] timing train=130.056s distribution=1.014s agg=0.263s eval=88.556s total=219.895s
Classification: train=1.0000 test=0.5827 round=22
[round 22] timing train=142.655s distribution=1.014s agg=0.168s eval=93.672s total=237.552s
Classification: train=1.0000 test=0.5827 round=23
[round 23] timing train=118.956s distribution=0.931s agg=0.178s eval=90.272s total=210.343s
Classification: train=1.0000 test=0.5770 round=24
[round 24] timing train=121.036s distribution=0.869s agg=0.172s eval=90.914s total=213.015s
Classification: train=1.0000 test=0.5770 round=25
[round 25] timing train=129.611s distribution=0.817s agg=0.104s eval=100.240s total=230.809s
Classification: train=1.0000 test=0.5815 round=26
[round 26] timing train=121.954s distribution=0.791s agg=0.125s eval=91.694s total=214.569s
Classification: train=1.0000 test=0.5795 round=27
[round 27] timing train=116.565s distribution=0.894s agg=0.072s eval=93.395s total=210.940s
Classification: train=1.0000 test=0.5823 round=28
[round 28] timing train=118.380s distribution=0.871s agg=0.188s eval=82.347s total=201.817s
Classification: train=1.0000 test=0.5852 round=29
[round 29] timing train=124.474s distribution=1.002s agg=0.126s eval=90.525s total=216.153s
[fedcsl] checkpoint saved → ./checkpoint/resume/fedcsl_LSST_2026-05-04-14har_fedavg_dir1.0.pt (round=30)
Classification: train=1.0000 test=0.5856 round=30
[round 30] timing train=121.964s distribution=1.036s agg=0.090s eval=87.337s total=210.433s
Classification: train=1.0000 test=0.5872 round=31
[round 31] timing train=121.954s distribution=1.219s agg=0.178s eval=90.280s total=213.635s
Classification: train=1.0000 test=0.5811 round=32
[round 32] timing train=127.995s distribution=0.879s agg=0.140s eval=87.573s total=216.610s
Classification: train=1.0000 test=0.5868 round=33
[round 33] timing train=120.402s distribution=0.916s agg=0.100s eval=97.505s total=218.960s
Classification: train=1.0000 test=0.5864 round=34
[round 34] timing train=121.408s distribution=0.658s agg=0.152s eval=93.615s total=215.875s
Classification: train=1.0000 test=0.5848 round=35
[round 35] timing train=122.414s distribution=0.797s agg=0.152s eval=98.128s total=221.508s
Classification: train=1.0000 test=0.5852 round=36
[round 36] timing train=123.785s distribution=0.875s agg=0.092s eval=87.119s total=211.912s
Classification: train=1.0000 test=0.5823 round=37
[round 37] timing train=100.755s distribution=0.804s agg=0.124s eval=100.611s total=202.299s
Classification: train=1.0000 test=0.5872 round=38
[round 38] timing train=138.674s distribution=1.009s agg=0.272s eval=92.563s total=232.539s
Classification: train=1.0000 test=0.5892 round=39
[round 39] timing train=128.822s distribution=0.872s agg=0.065s eval=92.662s total=222.438s
Classification: train=1.0000 test=0.5852 round=40
[round 40] timing train=119.669s distribution=0.940s agg=0.060s eval=95.691s total=216.365s
Classification: train=1.0000 test=0.5900 round=41
[round 41] timing train=126.604s distribution=0.981s agg=0.094s eval=89.166s total=216.872s
Classification: train=1.0000 test=0.5848 round=42
[round 42] timing train=130.034s distribution=1.059s agg=0.207s eval=95.295s total=226.626s
Classification: train=1.0000 test=0.5864 round=43
[round 43] timing train=125.299s distribution=0.793s agg=0.168s eval=88.036s total=214.337s
Classification: train=1.0000 test=0.5839 round=44
[round 44] timing train=124.105s distribution=0.886s agg=0.213s eval=88.432s total=213.647s
Classification: train=1.0000 test=0.5864 round=45
[round 45] timing train=125.578s distribution=0.854s agg=0.156s eval=103.263s total=229.901s
Classification: train=1.0000 test=0.5848 round=46
[round 46] timing train=123.415s distribution=0.842s agg=0.135s eval=97.977s total=222.404s
Classification: train=1.0000 test=0.5888 round=47
[round 47] timing train=125.068s distribution=0.805s agg=0.110s eval=96.198s total=222.189s
Classification: train=1.0000 test=0.5876 round=48
[round 48] timing train=122.650s distribution=0.770s agg=0.157s eval=90.232s total=213.816s
Classification: train=1.0000 test=0.5876 round=49
[round 49] timing train=122.113s distribution=0.996s agg=0.230s eval=95.564s total=218.932s
Classification: train=1.0000 test=0.5856 round=50
[round 50] timing train=121.803s distribution=1.043s agg=0.257s eval=93.779s total=216.887s
Classification: train=1.0000 test=0.5868 round=51
[round 51] timing train=126.247s distribution=0.831s agg=0.189s eval=95.558s total=222.830s
Classification: train=1.0000 test=0.5864 round=52
[round 52] timing train=125.378s distribution=0.797s agg=0.084s eval=86.632s total=212.895s
Classification: train=1.0000 test=0.5896 round=53
[round 53] timing train=121.310s distribution=1.343s agg=0.242s eval=93.547s total=216.481s
Classification: train=1.0000 test=0.5872 round=54
[round 54] timing train=125.405s distribution=0.713s agg=0.129s eval=93.457s total=219.745s
Classification: train=1.0000 test=0.5839 round=55
[round 55] timing train=130.202s distribution=0.920s agg=0.104s eval=96.105s total=227.366s
Classification: train=1.0000 test=0.5941 round=56
[round 56] timing train=128.761s distribution=0.871s agg=0.163s eval=88.522s total=218.327s
Classification: train=1.0000 test=0.5900 round=57
[round 57] timing train=121.187s distribution=0.885s agg=0.235s eval=98.692s total=221.008s
Classification: train=1.0000 test=0.5884 round=58
[round 58] timing train=124.343s distribution=1.044s agg=0.094s eval=94.902s total=220.406s
Classification: train=1.0000 test=0.5896 round=59
[round 59] timing train=127.972s distribution=0.819s agg=0.091s eval=93.621s total=222.517s
[fedcsl] checkpoint saved → ./checkpoint/resume/fedcsl_LSST_2026-05-04-14har_fedavg_dir1.0.pt (round=60)
Classification: train=1.0000 test=0.5884 round=60
[round 60] timing train=129.897s distribution=1.002s agg=0.282s eval=89.955s total=221.146s
Classification: train=1.0000 test=0.5860 round=61
[round 61] timing train=126.594s distribution=0.805s agg=0.154s eval=90.716s total=218.297s
Classification: train=1.0000 test=0.5868 round=62
[round 62] timing train=110.265s distribution=0.651s agg=0.120s eval=88.529s total=199.584s
Classification: train=1.0000 test=0.5868 round=63
[round 63] timing train=120.528s distribution=0.955s agg=0.192s eval=90.792s total=212.485s
Classification: train=1.0000 test=0.5856 round=64
[round 64] timing train=126.888s distribution=1.022s agg=0.110s eval=91.552s total=219.584s
Classification: train=1.0000 test=0.5852 round=65
[round 65] timing train=119.389s distribution=1.020s agg=0.150s eval=86.415s total=207.018s
Classification: train=1.0000 test=0.5884 round=66
[round 66] timing train=121.859s distribution=0.789s agg=0.076s eval=88.588s total=211.329s
Classification: train=1.0000 test=0.5860 round=67
[round 67] timing train=121.870s distribution=1.022s agg=0.149s eval=94.128s total=217.195s
Classification: train=1.0000 test=0.5856 round=68
[round 68] timing train=132.130s distribution=0.872s agg=0.141s eval=95.279s total=228.464s
Classification: train=1.0000 test=0.5856 round=69
[round 69] timing train=112.674s distribution=0.694s agg=0.113s eval=78.338s total=191.848s
Classification: train=1.0000 test=0.5884 round=70
[round 70] timing train=123.888s distribution=1.143s agg=0.263s eval=90.791s total=216.089s
Classification: train=1.0000 test=0.5872 round=71
[round 71] timing train=131.128s distribution=1.108s agg=0.256s eval=95.355s total=227.861s
Classification: train=1.0000 test=0.5872 round=72
[round 72] timing train=125.533s distribution=0.824s agg=0.037s eval=96.077s total=222.506s
Classification: train=1.0000 test=0.5868 round=73
[round 73] timing train=127.915s distribution=1.041s agg=0.177s eval=96.271s total=225.438s
Classification: train=1.0000 test=0.5904 round=74
[round 74] timing train=125.544s distribution=0.907s agg=0.360s eval=92.190s total=219.042s
Classification: train=1.0000 test=0.5880 round=75
[round 75] timing train=120.962s distribution=0.949s agg=0.133s eval=94.490s total=216.579s
Classification: train=1.0000 test=0.5880 round=76
[round 76] timing train=125.820s distribution=0.864s agg=0.083s eval=92.958s total=219.753s
Classification: train=1.0000 test=0.5880 round=77
[round 77] timing train=129.849s distribution=1.120s agg=0.235s eval=96.450s total=227.667s
Classification: train=1.0000 test=0.5868 round=78
[round 78] timing train=124.868s distribution=0.556s agg=0.110s eval=88.404s total=213.947s
Classification: train=1.0000 test=0.5872 round=79
[round 79] timing train=125.824s distribution=0.694s agg=0.115s eval=91.976s total=218.621s
Classification: train=1.0000 test=0.5896 round=80
[round 80] timing train=126.331s distribution=0.979s agg=0.142s eval=90.753s total=218.273s
Classification: train=1.0000 test=0.5884 round=81
[round 81] timing train=133.008s distribution=1.039s agg=0.157s eval=96.510s total=230.753s
Classification: train=1.0000 test=0.5872 round=82
[round 82] timing train=125.252s distribution=1.068s agg=0.170s eval=88.758s total=215.263s
Classification: train=1.0000 test=0.5888 round=83
[round 83] timing train=126.085s distribution=0.934s agg=0.146s eval=92.539s total=219.709s
Classification: train=1.0000 test=0.5880 round=84
[round 84] timing train=127.252s distribution=0.860s agg=0.141s eval=88.980s total=217.247s
Classification: train=1.0000 test=0.5868 round=85
[round 85] timing train=123.643s distribution=0.920s agg=0.139s eval=87.037s total=211.752s
Classification: train=1.0000 test=0.5904 round=86
[round 86] timing train=132.830s distribution=0.998s agg=0.154s eval=98.597s total=232.622s
Classification: train=1.0000 test=0.5900 round=87
[round 87] timing train=125.309s distribution=0.802s agg=0.141s eval=92.632s total=218.913s
Classification: train=1.0000 test=0.5888 round=88
[round 88] timing train=120.627s distribution=1.082s agg=0.203s eval=89.195s total=211.151s
Classification: train=1.0000 test=0.5916 round=89
[round 89] timing train=126.328s distribution=1.109s agg=0.195s eval=86.149s total=213.808s
[fedcsl] checkpoint saved → ./checkpoint/resume/fedcsl_LSST_2026-05-04-14har_fedavg_dir1.0.pt (round=90)
Classification: train=1.0000 test=0.5884 round=90
[round 90] timing train=130.716s distribution=1.088s agg=0.194s eval=100.507s total=232.526s
Classification: train=1.0000 test=0.5860 round=91
[round 91] timing train=121.454s distribution=1.015s agg=0.186s eval=88.958s total=211.643s
Classification: train=1.0000 test=0.5884 round=92
[round 92] timing train=121.511s distribution=0.693s agg=0.062s eval=92.881s total=215.153s
Classification: train=1.0000 test=0.5888 round=93
[round 93] timing train=126.997s distribution=1.007s agg=0.103s eval=90.519s total=218.654s
Classification: train=1.0000 test=0.5868 round=94
[round 94] timing train=127.806s distribution=0.934s agg=0.146s eval=94.765s total=223.665s
Classification: train=1.0000 test=0.5872 round=95
[round 95] timing train=129.175s distribution=0.885s agg=0.123s eval=83.593s total=213.815s
Classification: train=1.0000 test=0.5880 round=96
[round 96] timing train=128.283s distribution=0.999s agg=0.267s eval=91.163s total=220.720s
Classification: train=1.0000 test=0.5843 round=97
[round 97] timing train=127.126s distribution=1.045s agg=0.258s eval=88.323s total=216.793s
Classification: train=1.0000 test=0.5839 round=98
[round 98] timing train=123.326s distribution=0.800s agg=0.168s eval=91.871s total=216.178s
Classification: train=1.0000 test=0.5856 round=99
[round 99] timing train=128.438s distribution=0.999s agg=0.212s eval=92.889s total=222.551s
Classification: train=1.0000 test=0.5856 round=100
[round 100] timing train=125.458s distribution=0.767s agg=0.136s eval=94.440s total=220.806s
Classification: train=1.0000 test=0.5856 round=101
[round 101] timing train=123.333s distribution=1.112s agg=0.170s eval=91.099s total=215.744s
Classification: train=1.0000 test=0.5831 round=102
[round 102] timing train=101.480s distribution=0.800s agg=0.115s eval=85.223s total=187.623s
Classification: train=1.0000 test=0.5811 round=103
[round 103] timing train=133.331s distribution=1.044s agg=0.192s eval=92.164s total=226.754s
Classification: train=1.0000 test=0.5856 round=104
[round 104] timing train=125.661s distribution=0.695s agg=0.049s eval=89.317s total=215.749s
Classification: train=1.0000 test=0.5876 round=105
[round 105] timing train=127.586s distribution=1.167s agg=0.187s eval=85.404s total=214.355s
Classification: train=1.0000 test=0.5868 round=106
[round 106] timing train=127.950s distribution=0.839s agg=0.141s eval=89.016s total=217.975s
Classification: train=1.0000 test=0.5884 round=107
[round 107] timing train=127.112s distribution=1.286s agg=0.180s eval=81.615s total=210.223s
Classification: train=1.0000 test=0.5884 round=108
[round 108] timing train=118.847s distribution=0.774s agg=0.073s eval=91.390s total=211.096s
Classification: train=1.0000 test=0.5884 round=109
[round 109] timing train=125.994s distribution=1.314s agg=0.216s eval=86.068s total=213.625s
Classification: train=1.0000 test=0.5856 round=110
[round 110] timing train=132.558s distribution=0.757s agg=0.084s eval=90.277s total=223.701s
Classification: train=1.0000 test=0.5856 round=111
[round 111] timing train=129.747s distribution=0.660s agg=0.104s eval=88.879s total=219.398s
Classification: train=1.0000 test=0.5831 round=112
[round 112] timing train=123.721s distribution=0.848s agg=0.091s eval=85.255s total=209.950s
Classification: train=1.0000 test=0.5848 round=113
[round 113] timing train=122.105s distribution=0.865s agg=0.150s eval=82.825s total=205.956s
Classification: train=1.0000 test=0.5876 round=114
[round 114] timing train=117.830s distribution=1.046s agg=0.124s eval=85.008s total=204.035s
Classification: train=1.0000 test=0.5860 round=115
[round 115] timing train=125.806s distribution=0.867s agg=0.135s eval=92.408s total=219.225s
Classification: train=1.0000 test=0.5848 round=116
[round 116] timing train=123.137s distribution=0.973s agg=0.095s eval=86.982s total=211.210s
Classification: train=1.0000 test=0.5852 round=117
[round 117] timing train=129.493s distribution=0.681s agg=0.069s eval=88.527s total=218.781s
Classification: train=1.0000 test=0.5852 round=118
[round 118] timing train=131.873s distribution=0.992s agg=0.174s eval=96.310s total=229.357s
Classification: train=1.0000 test=0.5848 round=119
[round 119] timing train=141.023s distribution=0.581s agg=0.149s eval=104.275s total=246.037s
[fedcsl] checkpoint saved → ./checkpoint/resume/fedcsl_LSST_2026-05-04-14har_fedavg_dir1.0.pt (round=120)
Classification: train=1.0000 test=0.5868 round=120
[round 120] timing train=145.131s distribution=0.794s agg=0.144s eval=93.276s total=239.359s
Classification: train=1.0000 test=0.5872 round=121
[round 121] timing train=132.061s distribution=0.909s agg=0.256s eval=98.092s total=231.332s
Classification: train=1.0000 test=0.5916 round=122
[round 122] timing train=133.696s distribution=0.831s agg=0.077s eval=92.018s total=226.635s
Classification: train=1.0000 test=0.5884 round=123
[round 123] timing train=145.895s distribution=1.014s agg=0.166s eval=106.948s total=254.054s
Classification: train=1.0000 test=0.5904 round=124
[round 124] timing train=139.164s distribution=0.875s agg=0.137s eval=102.571s total=242.788s
Classification: train=1.0000 test=0.5900 round=125
[round 125] timing train=136.616s distribution=1.105s agg=0.244s eval=102.618s total=240.613s
Classification: train=1.0000 test=0.5925 round=126
[round 126] timing train=144.906s distribution=0.971s agg=0.162s eval=104.933s total=250.978s
Classification: train=1.0000 test=0.5880 round=127
[round 127] timing train=137.364s distribution=0.921s agg=0.193s eval=109.238s total=247.761s
Classification: train=1.0000 test=0.5888 round=128
[round 128] timing train=138.867s distribution=1.184s agg=0.260s eval=105.421s total=245.761s
Classification: train=1.0000 test=0.5884 round=129
[round 129] timing train=139.788s distribution=0.884s agg=0.140s eval=85.756s total=226.630s
Classification: train=1.0000 test=0.5904 round=130
[round 130] timing train=126.453s distribution=1.164s agg=0.271s eval=101.698s total=229.592s
Classification: train=1.0000 test=0.5896 round=131
[round 131] timing train=120.161s distribution=0.857s agg=0.295s eval=93.025s total=214.354s
Classification: train=1.0000 test=0.5892 round=132
[round 132] timing train=140.807s distribution=0.871s agg=0.237s eval=101.124s total=243.050s
Classification: train=1.0000 test=0.5904 round=133
[round 133] timing train=134.731s distribution=1.102s agg=0.140s eval=105.855s total=241.843s
Classification: train=1.0000 test=0.5912 round=134
[round 134] timing train=137.570s distribution=1.249s agg=0.277s eval=103.237s total=242.349s
Classification: train=1.0000 test=0.5888 round=135
[round 135] timing train=137.586s distribution=1.328s agg=0.258s eval=106.531s total=245.711s
Classification: train=1.0000 test=0.5908 round=136
[round 136] timing train=145.574s distribution=0.978s agg=0.238s eval=105.830s total=252.637s
Classification: train=1.0000 test=0.5904 round=137
[round 137] timing train=138.298s distribution=1.052s agg=0.125s eval=98.007s total=237.495s
Classification: train=1.0000 test=0.5916 round=138
[round 138] timing train=140.892s distribution=1.045s agg=0.231s eval=105.089s total=247.278s
Classification: train=1.0000 test=0.5892 round=139
[round 139] timing train=140.089s distribution=0.952s agg=0.277s eval=102.298s total=243.629s
Classification: train=1.0000 test=0.5908 round=140
[round 140] timing train=140.968s distribution=0.964s agg=0.164s eval=97.978s total=240.091s
Classification: train=1.0000 test=0.5880 round=141
[round 141] timing train=140.838s distribution=0.877s agg=0.177s eval=96.126s total=238.036s
Classification: train=1.0000 test=0.5892 round=142
[round 142] timing train=136.679s distribution=0.876s agg=0.113s eval=101.499s total=239.187s
Classification: train=1.0000 test=0.5884 round=143
[round 143] timing train=140.971s distribution=0.884s agg=0.251s eval=103.968s total=246.100s
Classification: train=1.0000 test=0.5868 round=144
[round 144] timing train=140.298s distribution=0.996s agg=0.210s eval=104.273s total=245.783s
Classification: train=1.0000 test=0.5868 round=145
[round 145] timing train=139.863s distribution=0.804s agg=0.132s eval=100.068s total=240.872s
Classification: train=1.0000 test=0.5835 round=146
[round 146] timing train=136.021s distribution=0.862s agg=0.173s eval=96.868s total=234.004s
Classification: train=1.0000 test=0.5835 round=147
[round 147] timing train=137.408s distribution=0.940s agg=0.233s eval=100.841s total=239.496s
Classification: train=1.0000 test=0.5860 round=148
[round 148] timing train=138.963s distribution=0.912s agg=0.232s eval=106.116s total=246.228s
Classification: train=1.0000 test=0.5868 round=149
[round 149] timing train=140.486s distribution=0.890s agg=0.198s eval=98.929s total=240.519s
[fedcsl] checkpoint saved → ./checkpoint/resume/fedcsl_LSST_2026-05-04-14har_fedavg_dir1.0.pt (round=150)
Classification: train=1.0000 test=0.5843 round=150
[round 150] timing train=134.811s distribution=0.757s agg=0.164s eval=101.298s total=237.060s
Classification: train=1.0000 test=0.5839 round=151
[round 151] timing train=135.069s distribution=0.957s agg=0.162s eval=98.917s total=235.124s
Classification: train=1.0000 test=0.5864 round=152
[round 152] timing train=135.420s distribution=0.720s agg=0.277s eval=100.076s total=236.510s
Classification: train=1.0000 test=0.5864 round=153
[round 153] timing train=139.669s distribution=1.092s agg=0.193s eval=99.418s total=240.376s
Classification: train=1.0000 test=0.5864 round=154
[round 154] timing train=136.126s distribution=1.318s agg=0.223s eval=105.467s total=243.151s
Classification: train=1.0000 test=0.5839 round=155
[round 155] timing train=133.532s distribution=0.920s agg=0.250s eval=98.299s total=233.029s
Classification: train=1.0000 test=0.5839 round=156
[round 156] timing train=136.761s distribution=1.160s agg=0.139s eval=104.769s total=242.851s
Classification: train=1.0000 test=0.5852 round=157
[round 157] timing train=135.838s distribution=1.010s agg=0.117s eval=107.135s total=244.114s
Classification: train=1.0000 test=0.5856 round=158
[round 158] timing train=133.519s distribution=0.809s agg=0.089s eval=86.689s total=221.149s
Classification: train=1.0000 test=0.5860 round=159
[round 159] timing train=130.401s distribution=0.689s agg=0.245s eval=96.279s total=227.651s
Classification: train=1.0000 test=0.5868 round=160
[round 160] timing train=133.235s distribution=1.017s agg=0.160s eval=99.234s total=233.672s
Classification: train=1.0000 test=0.5868 round=161
[round 161] timing train=133.537s distribution=1.034s agg=0.321s eval=100.313s total=235.219s
Classification: train=1.0000 test=0.5848 round=162
[round 162] timing train=113.273s distribution=0.551s agg=0.102s eval=95.190s total=209.120s
Classification: train=1.0000 test=0.5868 round=163
[round 163] timing train=134.188s distribution=1.266s agg=0.216s eval=98.001s total=233.686s
Classification: train=1.0000 test=0.5876 round=164
[round 164] timing train=132.196s distribution=1.001s agg=0.253s eval=97.903s total=231.366s
Classification: train=1.0000 test=0.5892 round=165
[round 165] timing train=135.061s distribution=0.893s agg=0.232s eval=111.166s total=247.364s
Classification: train=1.0000 test=0.5884 round=166
[round 166] timing train=136.179s distribution=0.884s agg=0.238s eval=97.946s total=235.285s
Classification: train=1.0000 test=0.5872 round=167
[round 167] timing train=131.042s distribution=1.061s agg=0.251s eval=97.635s total=230.001s
Classification: train=1.0000 test=0.5900 round=168
[round 168] timing train=134.806s distribution=1.023s agg=0.236s eval=97.012s total=233.115s
Classification: train=1.0000 test=0.5896 round=169
[round 169] timing train=137.973s distribution=1.044s agg=0.298s eval=99.013s total=238.335s
Classification: train=1.0000 test=0.5892 round=170
[round 170] timing train=136.306s distribution=0.900s agg=0.229s eval=102.990s total=240.448s
Classification: train=1.0000 test=0.5900 round=171
[round 171] timing train=130.882s distribution=0.768s agg=0.207s eval=97.661s total=229.549s
Classification: train=1.0000 test=0.5880 round=172
[round 172] timing train=132.665s distribution=0.639s agg=0.096s eval=101.076s total=234.520s
Classification: train=1.0000 test=0.5912 round=173
[round 173] timing train=129.535s distribution=0.978s agg=0.163s eval=105.230s total=235.918s
Classification: train=1.0000 test=0.5892 round=174
[round 174] timing train=134.695s distribution=1.120s agg=0.199s eval=105.581s total=241.622s
Classification: train=1.0000 test=0.5888 round=175
[round 175] timing train=134.141s distribution=0.788s agg=0.128s eval=98.219s total=233.318s
Classification: train=1.0000 test=0.5860 round=176
[round 176] timing train=129.126s distribution=0.962s agg=0.191s eval=100.427s total=230.727s
Classification: train=1.0000 test=0.5872 round=177
[round 177] timing train=134.958s distribution=0.986s agg=0.210s eval=95.360s total=231.524s
Classification: train=1.0000 test=0.5888 round=178
[round 178] timing train=139.297s distribution=1.072s agg=0.182s eval=105.459s total=246.017s
Classification: train=1.0000 test=0.5872 round=179
[round 179] timing train=137.407s distribution=0.677s agg=0.190s eval=104.539s total=242.854s
[fedcsl] checkpoint saved → ./checkpoint/resume/fedcsl_LSST_2026-05-04-14har_fedavg_dir1.0.pt (round=180)
Classification: train=1.0000 test=0.5868 round=180
[round 180] timing train=134.460s distribution=0.986s agg=0.101s eval=97.063s total=232.647s
Classification: train=1.0000 test=0.5872 round=181
[round 181] timing train=136.166s distribution=1.053s agg=0.093s eval=101.411s total=238.748s
Classification: train=1.0000 test=0.5868 round=182
[round 182] timing train=136.377s distribution=0.989s agg=0.250s eval=105.313s total=242.942s
Classification: train=1.0000 test=0.5864 round=183
[round 183] timing train=135.478s distribution=1.018s agg=0.118s eval=97.046s total=233.677s
Classification: train=1.0000 test=0.5831 round=184
[round 184] timing train=132.289s distribution=0.600s agg=0.155s eval=95.675s total=228.744s
Classification: train=1.0000 test=0.5848 round=185
[round 185] timing train=132.483s distribution=1.065s agg=0.195s eval=104.551s total=238.300s
Classification: train=1.0000 test=0.5880 round=186
[round 186] timing train=115.912s distribution=0.736s agg=0.069s eval=89.641s total=206.390s
Classification: train=1.0000 test=0.5848 round=187
[round 187] timing train=139.776s distribution=1.166s agg=0.143s eval=97.228s total=238.329s
Classification: train=1.0000 test=0.5848 round=188
[round 188] timing train=129.597s distribution=1.018s agg=0.261s eval=99.097s total=229.992s
Classification: train=1.0000 test=0.5843 round=189
[round 189] timing train=132.025s distribution=1.215s agg=0.167s eval=93.687s total=227.111s
Classification: train=1.0000 test=0.5823 round=190
[round 190] timing train=133.996s distribution=1.125s agg=0.178s eval=96.545s total=231.856s
Classification: train=1.0000 test=0.5848 round=191
[round 191] timing train=135.806s distribution=1.106s agg=0.215s eval=103.423s total=240.566s
Classification: train=1.0000 test=0.5888 round=192
[round 192] timing train=131.332s distribution=0.846s agg=0.163s eval=96.158s total=228.520s
Classification: train=1.0000 test=0.5860 round=193
[round 193] timing train=134.657s distribution=0.862s agg=0.157s eval=94.818s total=230.506s
Classification: train=1.0000 test=0.5839 round=194
[round 194] timing train=127.488s distribution=0.793s agg=0.208s eval=88.231s total=216.734s
Classification: train=1.0000 test=0.5831 round=195
[round 195] timing train=132.862s distribution=1.109s agg=0.240s eval=96.579s total=230.796s
Classification: train=1.0000 test=0.5868 round=196
[round 196] timing train=135.425s distribution=1.019s agg=0.183s eval=101.464s total=238.108s
Classification: train=1.0000 test=0.5839 round=197
[round 197] timing train=132.402s distribution=0.713s agg=0.217s eval=103.649s total=236.997s
Classification: train=1.0000 test=0.5831 round=198
[round 198] timing train=129.607s distribution=0.919s agg=0.236s eval=95.464s total=226.240s
Classification: train=1.0000 test=0.5827 round=199
[round 199] timing train=136.087s distribution=1.012s agg=0.190s eval=101.277s total=238.581s
best round is 56, acc is 0.594079
Model saved to ./checkpoint/LSST/2026-05-04-14har_fedavg_dir1.0_LSST_model.pt
