# 2026-05-04 10:37:43  har_fedcsl_dir0.05  GPU=1  cwd=/data/user_lixiongfei/CSL-main
# CMD: python3 -u FedCSL_All.py -dataset HAR --config configACF.yml --dirichlet-alpha 0.05 --seed 42 --description har_fedcsl_dir0.05 -dataset SpokenArabicDigits

/mnt/data/user_liangzhiyu/envs/fedcsl/lib/python3.8/site-packages/scipy/__init__.py:146: UserWarning: A NumPy version >=1.16.5 and <1.23.0 is required for this version of SciPy (detected version 1.23.5
  warnings.warn(f"A NumPy version >={np_minversion} and <{np_maxversion}"
[config] 'configACF.yml' 未找到，重定向到 'config/configACF.yml'
6599
<class 'pandas.core.frame.DataFrame'>
RangeIndex: 6599 entries, 0 to 6598
Data columns (total 14 columns):
 #   Column      Non-Null Count  Dtype 
---  ------      --------------  ----- 
 0   dim_0       6599 non-null   object
 1   dim_1       6599 non-null   object
 2   dim_2       6599 non-null   object
 3   dim_3       6599 non-null   object
 4   dim_4       6599 non-null   object
 5   dim_5       6599 non-null   object
 6   dim_6       6599 non-null   object
 7   dim_7       6599 non-null   object
 8   dim_8       6599 non-null   object
 9   dim_9       6599 non-null   object
 10  dim_10      6599 non-null   object
 11  dim_11      6599 non-null   object
 12  dim_12      6599 non-null   object
 13  class_vals  6599 non-null   object
dtypes: object(14)
memory usage: 721.9+ KB
None
{7, 9, 13, 15, 16, 17, 18, 20, 21, 22, 23, 24, 25, 26, 27, 28, 29, 30, 31, 32, 33, 34, 35, 36, 37, 38, 39, 40, 41, 42, 43, 44, 45, 46, 47, 48, 49, 50, 51, 52, 53, 54, 55, 56, 57, 58, 59, 60, 61, 62, 63, 64, 74, 76, 77, 79, 83}
<class 'pandas.core.frame.DataFrame'>
RangeIndex: 6599 entries, 0 to 6598
Data columns (total 14 columns):
 #   Column      Non-Null Count  Dtype 
---  ------      --------------  ----- 
 0   dim_0       6599 non-null   object
 1   dim_1       6599 non-null   object
 2   dim_2       6599 non-null   object
 3   dim_3       6599 non-null   object
 4   dim_4       6599 non-null   object
 5   dim_5       6599 non-null   object
 6   dim_6       6599 non-null   object
 7   dim_7       6599 non-null   object
 8   dim_8       6599 non-null   object
 9   dim_9       6599 non-null   object
 10  dim_10      6599 non-null   object
 11  dim_11      6599 non-null   object
 12  dim_12      6599 non-null   object
 13  class_vals  6599 non-null   object
dtypes: object(14)
memory usage: 721.9+ KB
None
[0 0 0 ... 9 9 9]
[ 660  661  662 ... 6474 6475 6476]
[1, 1, 1, 1, 1, 1, 1, 1, 1, 1, 1, 1, 1, 1, 1, 1, 1, 1, 1, 1, 1, 1, 1, 1, 1, 1, 1, 1, 1, 1, 1, 1, 1, 1, 1, 1, 1, 1, 1, 1, 1, 1, 1, 1, 1, 1, 1, 1, 1, 1, 1, 1, 1, 1, 1, 1, 1, 1, 1, 1, 1, 1, 1, 1, 1, 1, 1, 1, 1, 1, 1, 1, 1, 1, 1, 1, 1, 1, 1, 1, 1, 1, 1, 1, 1, 1, 1, 1, 1, 1, 1, 1, 1, 1, 1, 1, 1, 1, 1, 1, 1, 1, 1, 1, 1, 1, 1, 1, 1, 1, 1, 1, 1, 1, 1, 1, 1, 1, 1, 1, 1, 1, 1, 1, 1, 1, 1, 1, 1, 1, 1, 1, 1, 1, 1, 1, 1, 1, 1, 1, 1, 1, 1, 1, 1, 1, 1, 1, 1, 1, 1, 1, 1, 1, 1, 1, 1, 1, 1, 1, 1, 1, 1, 1, 1, 1, 1, 1, 1, 1, 1, 1, 1, 1, 1, 1, 1, 1, 1, 1, 1, 1, 1, 1, 1, 1, 1, 1, 1, 1, 1, 1, 1, 1, 1, 1, 1, 1, 1, 1, 1, 1, 1, 1, 1, 1, 1, 1, 1, 1, 1, 1, 1, 1, 1, 1, 1, 1, 1, 1, 1, 1, 1, 1, 1, 1, 1, 1, 1, 1, 1, 1, 1, 1, 1, 1, 1, 1, 1, 1, 1, 1, 1, 1, 1, 1, 1, 1, 1, 1, 1, 1, 1, 1, 1, 1, 1, 1, 1, 1, 1, 1, 1, 1, 1, 1, 1, 1, 1, 1, 1, 1, 1, 1, 1, 1, 1, 1, 1, 1, 1, 1, 1, 1, 1, 1, 1, 1, 1, 1, 1, 1, 1, 1, 1, 1, 1, 1, 1, 1, 1, 1, 1, 1, 1, 1, 1, 1, 1, 1, 1, 1, 1, 1, 1, 1, 1, 1, 1, 1, 1, 1, 1, 1, 1, 1, 1, 1, 1, 1, 1, 1, 1, 1, 1, 1, 1, 1, 1, 1, 1, 1, 1, 1, 1, 1, 1, 1, 1, 1, 1, 1, 1, 1, 1, 1, 1, 1, 1, 1, 1, 1, 1, 1, 1, 1, 1, 1, 1, 1, 1, 1, 1, 1, 1, 1, 1, 1, 1, 1, 1, 1, 1, 1, 1, 1, 1, 1, 1, 1, 1, 1, 1, 1, 1, 1, 1, 1, 1, 1, 1, 1, 1, 1, 1, 1, 1, 1, 1, 1, 1, 1, 1, 1, 1, 1, 1, 1, 1, 1, 1, 1, 1, 1, 1, 1, 1, 1, 1, 1, 1, 1, 1, 1, 1, 1, 1, 1, 1, 1, 1, 1, 1, 1, 1, 1, 1, 1, 1, 1, 1, 1, 1, 1, 1, 1, 1, 1, 1, 1, 1, 1, 1, 1, 1, 1, 1, 1, 1, 1, 1, 1, 1, 1, 1, 1, 1, 1, 1, 1, 1, 1, 1, 1, 1, 1, 1, 1, 1, 1, 1, 1, 1, 1, 1, 1, 1, 1, 1, 1, 1, 1, 1, 1, 1, 1, 1, 1, 1, 1, 1, 1, 1, 1, 1, 1, 1, 1, 1, 1, 1, 1, 1, 1, 1, 1, 1, 1, 1, 1, 1, 1, 1, 1, 1, 1, 1, 1, 1, 1, 1, 1, 1, 1, 1, 1, 1, 1, 1, 1, 1, 1, 1, 1, 1, 1, 1, 1, 1, 1, 1, 1, 1, 1, 1, 1, 1, 1, 1, 1, 1, 1, 1, 1, 1, 1, 1, 1, 1, 1, 1, 1, 1, 1, 1, 1, 1, 1, 1, 1, 1, 1, 1, 1, 1, 1, 1, 1, 1, 1, 1, 1, 1, 1, 1, 1, 1, 1, 1, 1, 1, 1, 1, 1, 1, 1, 1, 1, 1, 1, 1, 1, 1, 1, 1, 1, 1, 1, 1, 1, 1, 1, 1, 1, 1, 1, 1, 1, 1, 1, 1, 1, 1, 1, 1, 1, 1, 1, 1, 1, 1, 1, 1, 1, 1, 1, 1, 1, 1, 4, 4, 4, 4, 4, 4, 4, 4, 4, 4, 4, 4, 4, 4, 4, 4, 4, 4, 4, 4, 4, 4, 4, 4, 4, 4, 4, 4, 4, 4, 4, 4, 4, 4, 4, 4, 4, 4, 4, 4, 4, 4, 4, 4, 4, 4, 4, 4, 4, 4, 4, 4, 4, 4, 4, 4, 4, 4, 4, 4, 4, 4, 4, 4, 4, 4, 4, 4, 4, 4, 4, 4, 4, 4, 4, 4, 4, 4, 4, 4, 4, 4, 4, 4, 4, 4, 4, 4, 4, 4, 4, 4, 4, 4, 4, 4, 4, 4, 4, 4, 4, 4, 4, 4, 4, 4, 4, 4, 4, 4, 4, 4, 4, 4, 4, 4, 4, 4, 4, 4, 4, 4, 4, 4, 4, 4, 4, 4, 4, 4, 4, 4, 4, 4, 4, 4, 4, 4, 4, 4, 4, 4, 4, 4, 4, 4, 4, 4, 4, 4, 4, 4, 4, 4, 4, 4, 4, 4, 4, 4, 4, 4, 4, 4, 4, 4, 4, 4, 4, 4, 4, 4, 4, 4, 4, 4, 4, 4, 4, 4, 4, 4, 4, 4, 4, 4, 4, 4, 4, 4, 4, 4, 4, 4, 4, 4, 4, 4, 4, 4, 4, 4, 4, 4, 4, 4, 4, 4, 4, 4, 4, 4, 4, 4, 4, 4, 4, 4, 4, 4, 4, 4, 4, 4, 4, 4, 4, 4, 4, 4, 4, 4, 4, 4, 4, 4, 4, 4, 4, 4, 4, 4, 4, 4, 4, 4, 4, 4, 4, 4, 4, 4, 4, 4, 4, 4, 4, 4, 4, 4, 4, 4, 4, 4, 4, 4, 4, 4, 4, 4, 4, 4, 4, 4, 4, 4, 4, 4, 4, 4, 4, 4, 4, 4, 4, 4, 4, 4, 4, 4, 4, 4, 4, 4, 4, 4, 4, 4, 4, 4, 4, 4, 4, 4, 4, 4, 4, 4, 4, 4, 4, 4, 4, 4, 4, 4, 4, 4, 4, 4, 4, 4, 4, 4, 4, 4, 4, 4, 4, 4, 4, 4, 4, 4, 4, 4, 4, 4, 4, 4, 4, 4, 4, 4, 4, 4, 4, 4, 4, 4, 4, 4, 4, 4, 4, 4, 4, 4, 4, 4, 4, 4, 4, 4, 4, 4, 4, 4, 4, 4, 4, 4, 4, 4, 4, 4, 4, 4, 4, 4, 4, 4, 4, 4, 4, 4, 4, 4, 4, 4, 4, 4, 4, 4, 4, 4, 4, 4, 4, 4, 4, 4, 4, 4, 4, 4, 4, 4, 4, 4, 4, 4, 4, 4, 4, 4, 4, 4, 4, 4, 4, 4, 4, 4, 4, 4, 4, 4, 4, 4, 4, 4, 4, 4, 4, 4, 4, 4, 4, 4, 4, 4, 4, 4, 4, 4, 4, 4, 4, 4, 4, 4, 4, 4, 4, 4, 4, 4, 4, 4, 4, 4, 4, 4, 4, 4, 4, 4, 4, 4, 4, 4, 4, 4, 4, 4, 4, 4, 4, 4, 4, 4, 4, 4, 4, 4, 4, 4, 4, 4, 4, 4, 4, 4, 4, 4, 4, 4, 4, 4, 4, 4, 4, 4, 4, 4, 4, 4, 4, 4, 4, 4, 4, 4, 4, 4, 4, 4, 4, 4, 4, 4, 4, 4, 4, 4, 4, 4, 4, 4, 4, 4, 4, 4, 4, 4, 4, 4, 4, 4, 4, 4, 4, 4, 4, 4, 4, 4, 4, 4, 4, 4, 4, 4, 4, 4, 4, 4, 4, 4, 4, 4, 4, 4, 4, 4, 4, 4, 4, 4, 4, 4, 4, 4, 4, 4, 4, 4, 4, 4, 4, 4, 4, 4, 4, 4, 4, 4, 4, 4, 4, 4, 4, 4, 4, 4, 4, 4, 4, 4, 4, 4, 4, 4, 4, 4, 4, 4, 4, 4, 4, 4, 4, 4, 4, 4, 4, 4, 4, 4, 4, 4, 4, 4, 4, 4, 4, 4, 4, 4, 4, 4, 4, 4, 4, 4, 4, 4, 4, 4, 4, 4, 4, 4, 4, 4, 4, 4, 4, 4, 4, 4, 4, 4, 4, 4, 4, 4, 4, 6, 6, 6, 6, 6, 6, 6, 6, 6, 6, 6, 6, 6, 6, 6, 6, 6, 6, 6, 6, 6, 6, 6, 6, 6, 6, 6, 6, 6, 6, 6, 6, 6, 6, 6, 6, 6, 6, 6, 6, 6, 6, 6, 6, 6, 6, 6, 6, 6, 6, 6, 6, 6, 6, 6, 6, 6, 6, 6, 6, 6, 6, 6, 6, 6, 6, 6, 6, 6, 6, 6, 6, 6, 6, 6, 6, 6, 6, 6, 6, 6, 6, 6, 6, 6, 6, 6, 6, 6, 6, 6, 6, 6, 6, 6, 6, 6, 6, 6, 6, 6, 6, 6, 6, 6, 6, 6, 6, 6, 6, 6, 6, 6, 6, 6, 6, 6, 6, 6, 6, 6, 6, 6, 6, 6, 6, 6, 6, 6, 6, 6, 6, 6, 6, 6, 6, 6, 6, 6, 6, 6, 6, 6, 6, 6, 6, 6, 6, 6, 6, 6, 6, 6, 6, 6, 6, 6, 6, 6, 6, 6, 6, 6, 6, 6, 6, 6, 6, 6, 6, 6, 6, 6, 6, 6, 6, 6, 6, 6, 6, 6, 6, 6, 6, 6, 6, 6, 7, 7, 7, 7, 7, 7, 7, 7, 7, 7, 7, 7, 7, 7, 7, 7, 7, 7, 7, 7, 7, 7, 7, 7, 7, 7, 7, 7, 7, 7, 7, 7, 7, 7, 7, 7, 7, 7, 7, 7, 7, 7, 7, 7, 7, 7, 7, 7, 7, 7, 7, 7, 7, 7, 7, 7, 7, 7, 7, 7, 7, 7, 7, 7, 7, 7, 7, 7, 7, 7, 7, 7, 7, 7, 7, 7, 7, 7, 7, 7, 7, 7, 7, 7, 7, 7, 7, 7, 7, 7, 7, 7, 7, 7, 7, 7, 7, 7, 7, 7, 7, 7, 7, 7, 7, 7, 7, 7, 7, 7, 7, 7, 7, 7, 7, 7, 7, 7, 7, 7, 7, 7, 7, 7, 7, 7, 7, 7, 7, 7, 7, 7, 7, 7, 7, 7, 7, 7, 7, 7, 7, 7, 7, 7, 7, 7, 7, 7, 7, 7, 7, 7, 7, 7, 7, 7, 7, 7, 7, 7, 7, 7, 7, 7, 7, 7, 7, 7, 7, 7, 7, 7, 7, 7, 7, 7, 7, 7, 7, 7, 7, 7, 7, 7, 7, 7, 7, 7, 7, 7, 7, 7, 7, 7, 7, 7, 7, 7, 7, 7, 7, 7, 7, 7, 7, 7, 7, 7, 7, 7, 7, 7, 7, 7, 7, 9, 9, 9, 9, 9, 9, 9, 9, 9, 9, 9, 9, 9, 9, 9, 9, 9, 9, 9, 9, 9, 9, 9, 9, 9, 9, 9, 9, 9, 9, 9, 9, 9, 9, 9, 9, 9, 9, 9, 9, 9, 9, 9, 9, 9, 9, 9, 9, 9, 9, 9, 9, 9, 9, 9, 9, 9, 9, 9, 9, 9, 9, 9, 9, 9, 9, 9, 9, 9, 9, 9, 9, 9, 9, 9, 9, 9, 9, 9, 9, 9, 9, 9, 9, 9, 9, 9, 9, 9, 9, 9, 9, 9, 9, 9, 9, 9, 9, 9, 9, 9, 9, 9, 9, 9, 9, 9, 9, 9, 9, 9, 9, 9, 9, 9, 9, 9, 9, 9, 9, 9, 9, 9, 9, 9, 9, 9, 9, 9, 9, 9, 9, 9, 9, 9, 9, 9, 9, 9, 9, 9, 9, 9, 9, 9, 9, 9, 9, 9, 9, 9, 9, 9, 9, 9, 9, 9, 9, 9, 9, 9, 9, 9, 9, 9, 9, 9, 9, 9, 9, 9, 9, 9, 9, 9, 9, 9, 9, 9, 9, 9, 9, 9, 9, 9, 9, 9, 9, 9, 9, 9, 9, 9, 9, 9, 9, 9, 9, 9, 9, 9, 9, 9, 9, 9, 9, 9, 9, 9, 9, 9, 9, 9, 9, 9, 9, 9, 9, 9, 9, 9, 9, 9, 9, 9, 9, 9, 9, 9, 9, 9, 9, 9, 9, 9, 9, 9, 9, 9, 9, 9, 9, 9, 9, 9, 9, 9, 9, 9, 9, 9, 9, 9, 9, 9, 9, 9, 9, 9, 9, 9, 9, 9, 9, 9, 9, 9, 9, 9, 9, 9, 9, 9, 9, 9, 9, 9, 9, 9, 9, 9, 9, 9, 9, 9, 9, 9, 9, 9, 9, 9, 9, 9, 9, 9, 9, 9, 9, 9, 9, 9, 9, 9, 9, 9, 9, 9, 9, 9, 9, 9, 9, 9, 9, 9, 9, 9, 9, 9, 9, 9, 9, 9, 9, 9, 9, 9, 9, 9, 9, 9, 9, 9, 9, 9, 9, 9, 9, 9, 9, 9, 9, 9, 9, 9, 9, 9, 9, 9, 9, 9, 9, 9, 9, 9, 9, 9, 9, 9, 9, 9, 9, 9, 9, 9, 9, 9, 9, 9, 9, 9, 9, 9, 9, 9, 9, 9, 9, 9, 9, 9, 9, 9, 9, 9, 9, 9, 9, 9, 9, 9, 9, 9, 9, 9, 9, 9, 9, 9, 9, 9, 9, 9, 9, 9, 9, 9, 9, 9, 9, 9, 9, 9, 9, 9, 9, 9, 9, 9, 9, 9, 9, 9, 9, 9, 9, 9, 9, 9, 9, 9, 9, 9, 9, 9, 9, 9, 9, 9, 9, 9, 9, 9, 9, 9, 9, 9, 9, 9, 9, 9, 9, 9, 9, 9, 9, 9, 9, 9, 9, 9, 9, 9, 9, 9, 9, 9, 9, 9, 9, 9, 9, 9, 9, 9, 9, 9, 9, 9, 9, 9, 9, 9, 9, 9, 9, 9, 9, 9, 9, 9, 9, 9, 9, 9, 9, 9, 9, 9, 9, 9, 9, 9, 9, 9, 9, 9, 9, 9, 9, 9, 9, 9, 9, 9, 9, 9, 9, 9, 9, 9, 9, 9, 9, 9, 9, 9, 9, 9, 9, 9, 9, 9, 9, 9, 9, 9]
[2, 2, 2, 2, 2, 2, 2, 2, 2, 2, 2, 2, 2, 2, 2, 2, 2, 2, 2, 2, 2, 2, 2, 2, 2, 2, 2, 2, 2, 2, 2, 2, 2, 2, 2, 2, 2, 2, 2, 2, 2, 2, 2, 2, 2, 2, 2, 2, 2, 2, 2, 2, 2, 2, 2, 2, 2, 2, 2, 2, 2, 2, 2, 2, 2, 2, 2, 2, 2, 2, 2, 2, 2, 2, 2, 2, 2, 2, 2, 2, 2, 2, 2, 2, 2, 2, 2, 2, 2, 2, 2, 2, 2, 2, 2, 2, 2, 2, 2, 2, 2, 2, 2, 2, 2, 2, 2, 2, 2, 2, 2, 2, 2, 2, 2, 2, 2, 2, 2, 2, 2, 2, 2, 2, 2, 2, 2, 2, 2, 2, 2, 2, 2, 2, 2, 2, 2, 2, 2, 2, 2, 2, 2, 2, 2, 2, 2, 2, 2, 2, 2, 2, 2, 2, 2, 2, 2, 2, 2, 2, 2, 2, 2, 2, 2, 2, 2, 2, 2, 2, 2, 2, 2, 2, 2, 2, 2, 2, 2, 2, 2, 2, 2, 2, 2, 2, 2, 2, 2, 2, 2, 2, 2, 2, 2, 2, 2, 2, 2, 2, 2, 2, 2, 2, 2, 2, 2, 2, 2, 2, 2, 2, 2, 2, 2, 2, 2, 2, 2, 2, 2, 2, 2, 2, 2, 2, 2, 2, 2, 2, 2, 2, 2, 2, 2, 2, 2, 2, 2, 2, 2, 2, 2, 2, 2, 2, 2, 2, 2, 2, 2, 2, 2, 2, 2, 2, 2, 2, 2, 2, 2, 2, 2, 2, 2, 2, 2, 2, 2, 2, 2, 2, 2, 2, 2, 2, 2, 2, 2, 2, 2, 2, 2, 2, 2, 2, 2, 2, 2, 2, 2, 2, 2, 2, 2, 2, 2, 2, 2, 2, 2, 2, 2, 2, 2, 2, 2, 2, 2, 2, 2, 2, 2, 2, 2, 2, 2, 2, 2, 2, 2, 2, 2, 2, 2, 2, 2, 2, 2, 2, 2, 2, 2, 2, 2, 2, 2, 2, 2, 2, 2, 2, 2, 2, 2, 2, 2, 2, 2, 2, 2, 2, 2, 2, 2, 2, 2, 2, 2, 2, 2, 2, 2, 2, 2, 2, 2, 2, 2, 2, 2, 2, 2, 2, 2, 2, 2, 2, 2, 2, 2, 2, 2, 2, 2, 2, 2, 2, 2, 2, 2, 2, 2, 2, 2, 2, 2, 2, 2, 2, 2, 2, 2, 2, 2, 2, 2, 2, 2, 2, 2, 2, 2, 2, 2, 2, 2, 2, 2, 2, 2, 2, 2, 2, 2, 2, 2, 2, 2, 2, 2, 2, 2, 2, 2, 2, 2, 2, 2, 2, 2, 2, 2, 2, 2, 2, 2, 2, 2, 2, 2, 2, 2, 2, 2, 2, 2, 2, 2, 2, 2, 2, 2, 2, 2, 2, 2, 2, 2, 2, 2, 2, 2, 2, 2, 2, 2, 2, 2, 2, 2, 2, 2, 2, 2, 2, 2, 2, 2, 2, 2, 2, 2, 2, 2, 2, 2, 2, 2, 2, 2, 2, 2, 2, 2, 2, 2, 2, 2, 2, 2, 2, 2, 2, 2, 2, 2, 2, 2, 2, 2, 2, 2, 2, 2, 2, 2, 2, 2, 2, 2, 2, 2, 2, 2, 2, 2, 2, 2, 2, 2, 2, 2, 2, 2, 2, 2, 2, 2, 2, 2, 2, 2, 2, 2, 2, 2, 2, 2, 2, 2, 2, 2, 2, 2, 2, 2, 2, 2, 2, 2, 2, 2, 2, 2, 2, 2, 2, 2, 2, 2, 2, 2, 2, 2, 2, 2, 2, 2, 2, 2, 2, 2, 2, 2, 2, 2, 2, 2, 2, 2, 2, 2, 2, 2, 2, 2, 2, 2, 2, 2, 2, 2, 2, 2, 2, 2, 2, 2, 2, 2, 2, 2, 2, 2, 2, 2, 2, 2, 2, 2, 2, 2, 2, 2, 2, 2, 2, 2, 2, 2, 2, 2, 2, 2, 2, 2, 2, 2, 2, 2, 2, 2, 2, 2, 2, 2, 2, 2, 3, 3, 3, 3, 3, 3, 3, 3, 3, 3, 3, 3, 3, 3, 3, 3, 3, 3, 3, 3, 3, 3, 3, 3, 3, 3, 3, 3, 3, 3, 3, 3, 3, 3, 3, 3, 3, 3, 3, 3, 3, 3, 3, 3, 3, 3, 3, 3, 3, 3, 3, 3, 3, 3, 3, 3, 3, 3, 3, 3, 3, 3, 3, 3, 3, 3, 3, 3, 3, 3, 3, 3, 3, 3, 3, 3, 3, 3, 3, 3, 3, 3, 3, 3, 3, 3, 3, 3, 3, 3, 3, 3, 3, 3, 3, 3, 3, 3, 3, 3, 3, 3, 3, 3, 3, 3, 3, 3, 3, 3, 3, 3, 3, 3, 3, 3, 3, 3, 3, 3, 3, 3, 3, 3, 3, 3, 3, 3, 3, 3, 3, 3, 3, 3, 3, 3, 3, 3, 3, 3, 3, 3, 3, 3, 3, 3, 3, 3, 3, 3, 3, 3, 3, 3, 3, 3, 3, 3, 3, 3, 3, 3, 3, 3, 3, 3, 3, 3, 3, 3, 3, 3, 3, 3, 3, 3, 3, 3, 3, 3, 3, 3, 3, 3, 3, 3, 3, 3, 3, 3, 3, 3, 3, 3, 3, 3, 3, 3, 3, 3, 3, 3, 3, 3, 3, 3, 3, 3, 3, 3, 3, 3, 3, 3, 3, 3, 3, 3, 3, 3, 3, 3, 3, 3, 3, 3, 3, 3, 3, 3, 3, 3, 3, 3, 3, 3, 3, 3, 3, 3, 3, 3, 3, 3, 3, 3, 3, 3, 3, 3, 3, 3, 3, 3, 3, 3, 3, 3, 3, 3, 3, 3, 3, 3, 3, 3, 3, 3, 3, 3, 3, 3, 3, 3, 3, 3, 3, 3, 3, 3, 3, 3, 3, 3, 3, 3, 3, 3, 3, 3, 3, 3, 3, 3, 3, 3, 3, 3, 3, 3, 3, 3, 3, 3, 3, 3, 3, 3, 3, 3, 3, 3, 3, 3, 3, 3, 3, 3, 3, 3, 3, 3, 3, 3, 3, 3, 3, 3, 3, 3, 3, 3, 3, 3, 3, 3, 3, 3, 3, 3, 3, 3, 3, 3, 3, 3, 3, 3, 3, 3, 3, 3, 3, 3, 3, 3, 3, 3, 3, 3, 3, 3, 3, 3, 3, 3, 3, 3, 3, 3, 3, 3, 3, 3, 3, 3, 3, 3, 3, 3, 3, 3, 3, 3, 3, 3, 3, 3, 3, 3, 3, 3, 3, 3, 3, 3, 3, 3, 3, 3, 3, 3, 3, 3, 3, 3, 3, 3, 3, 3, 3, 3, 3, 3, 3, 3, 3, 3, 3, 3, 3, 3, 3, 3, 3, 3, 3, 3, 3, 3, 3, 3, 3, 3, 3, 3, 3, 3, 3, 3, 3, 3, 3, 3, 3, 3, 3, 3, 3, 3, 3, 3, 3, 3, 3, 3, 3, 3, 3, 3, 3, 3, 3, 3, 3, 3, 3, 3, 3, 3, 3, 3, 3, 3, 3, 3, 3, 3, 3, 3, 3, 3, 3, 3, 3, 3, 3, 3, 3, 3, 3, 3, 3, 3, 3, 3, 3, 3, 3, 3, 3, 3, 3, 3, 3, 3, 3, 3, 3, 3, 3, 3, 3, 3, 3, 3, 3, 3, 3, 3, 3, 3, 3, 3, 3, 3, 3, 3, 3, 3, 3, 3, 3, 3, 3, 3, 3, 3, 3, 3, 3, 3, 3, 3, 3, 3, 3, 3, 3, 3, 3, 3, 3, 3, 3, 3, 3, 3, 3, 3, 3, 3, 3, 3, 3, 3, 3, 3, 3, 3, 3, 3, 3, 3, 3, 3, 3, 3, 3, 3, 3, 3, 3, 3, 3, 3, 3, 3, 3, 3, 3, 3, 3, 3, 3, 3, 3, 3, 3, 3, 3, 3, 3, 3, 3, 3, 3, 3, 3, 3, 3, 3, 3, 3, 3, 3, 3, 3, 3, 3, 3, 3, 3, 3, 3, 3, 3, 3, 3, 3, 3, 3, 3, 3, 3, 3, 3, 3, 3, 3, 3, 3, 3, 3, 3, 3, 3, 3, 3, 3, 3, 3, 3, 3, 3, 3, 3, 3, 3, 7, 8, 8, 8, 8, 8, 8, 8, 8, 8, 8, 8, 8, 8, 8, 8, 8, 8, 8, 8, 8, 8, 8, 8, 8, 8, 8, 8, 8, 8, 8, 8, 8, 8, 8, 8, 8, 8, 8, 8, 8, 8, 8, 8, 8, 8, 8, 8, 8, 8, 8, 8, 8, 8, 8, 8, 8, 8, 8, 8, 8, 8, 8, 8, 8, 8, 8, 8, 8, 8, 8, 8, 8, 8, 8, 8, 8, 8, 8, 8, 8, 8, 8, 8, 8, 8, 8, 8, 8, 8, 8, 8, 8, 8, 8, 8, 8, 8, 8, 8, 8, 8, 8, 8, 8, 8, 8, 8, 8, 8, 8, 8, 8, 8, 8, 8, 8, 8, 8, 8, 8, 8, 8, 8, 8, 8, 8, 8, 8, 8, 8, 8, 8, 8, 8, 8, 8, 8, 8, 8, 8, 8, 8, 8, 8, 8, 8, 8, 8, 8, 8, 8, 8, 8, 8, 8, 8, 8, 8, 8, 8, 8, 8, 8, 8, 8, 8, 8, 8, 8, 8, 8, 8, 8, 8, 8, 8, 8, 8, 8, 8, 8, 8, 8, 8, 8, 8, 8, 8, 8, 8, 8, 8, 8, 8, 8, 8, 8, 8, 8, 8, 8, 8, 8, 8, 8, 8, 8, 8, 8, 8, 8, 8, 8, 8, 8, 8, 8, 8, 8, 8, 8, 8, 8, 8, 8, 8, 8, 8, 8, 8, 8, 8, 8, 8, 8, 8, 8, 8, 8, 8, 8, 8, 8, 8, 8, 8, 8, 8, 8, 8, 8, 8, 8, 8, 8, 8, 8, 8, 8, 8, 8, 8, 8, 8, 8, 8, 8, 8, 8, 8, 8, 8, 8, 8, 8, 8, 8, 8, 8, 8, 8, 8, 8, 8, 8, 8, 8, 8, 8, 8, 8, 8, 8, 8, 8, 8, 8, 8, 8, 8, 8, 8, 8, 8, 8, 8, 8, 8, 8, 8, 8, 8, 8, 8, 8, 8, 8, 8, 8, 8, 8, 8, 8, 8, 8, 8, 8, 8, 8, 8, 8, 8, 8, 8, 8, 8, 8, 8, 8, 8, 8, 8, 8, 8, 8, 8, 8, 8, 8, 8, 8, 8, 8, 8, 8, 8, 8, 8, 8, 8, 8, 8, 8, 8, 8, 8, 8, 8, 8, 8, 8, 8, 8, 8, 8, 8, 8, 8, 8, 8, 8, 8, 8, 8, 8, 8, 8, 8, 8, 8, 8, 8, 8, 8, 8, 8, 8, 8, 8, 8, 8, 8, 8, 8, 8, 8, 8, 8, 8, 8, 8, 8, 8, 8, 8, 8, 8, 8, 8, 8, 8, 8, 8, 8, 8, 8, 8, 8, 8, 8, 8, 8, 8, 8, 8, 8, 8, 8, 8, 8, 8, 8, 8, 8, 8, 8, 8, 8, 8, 8, 8, 8, 8, 8, 8, 8, 8, 8, 8, 8, 8, 8, 8, 8, 8, 8, 8, 8, 8, 8, 8, 8, 8, 8, 8, 8, 8, 8, 8, 8, 8, 8, 8, 8, 8, 8, 8, 8, 8, 8, 8, 8, 8, 8, 8, 8, 8, 8, 8, 8, 8, 8, 8, 8, 8, 8, 8, 8, 8, 8, 8, 8, 8, 8, 8, 8, 8, 8, 8, 8, 8, 8, 8, 8, 8, 8, 8, 8, 8, 8, 8, 8, 8, 8, 8, 8, 8, 8, 8, 8, 8, 8, 8, 8, 8, 8, 8, 8, 8, 8, 8, 8, 8, 8, 8, 8, 8, 8, 8, 8, 8, 8, 8, 8, 8, 8, 8, 8, 8, 8, 8, 8, 8, 8, 8, 8, 8, 8, 8, 8, 8, 8, 8, 8, 8, 8, 8, 8, 8, 8, 8, 8, 8, 8, 8, 8, 8, 8, 8, 8, 8, 8, 8, 8, 8, 8, 8, 8, 8, 8, 8, 8, 8, 8, 8, 8, 8, 8, 8, 8, 8, 8, 8, 8, 8, 8, 8, 8, 8, 8, 8, 8, 8, 8, 8, 8, 8, 8, 8, 8, 8, 8, 8, 8, 8, 8, 8, 8, 8, 8, 8, 8, 8, 8, 8, 8, 8, 9, 9, 9, 9, 9, 9, 9, 9, 9, 9, 9, 9, 9, 9, 9, 9, 9, 9, 9, 9, 9, 9, 9, 9, 9, 9, 9, 9, 9, 9, 9, 9, 9, 9, 9, 9, 9, 9, 9, 9, 9, 9, 9, 9, 9, 9, 9, 9, 9, 9, 9, 9, 9, 9, 9, 9, 9, 9, 9, 9, 9, 9, 9, 9, 9, 9, 9, 9, 9, 9, 9, 9, 9, 9, 9, 9, 9, 9, 9, 9, 9, 9, 9, 9, 9, 9, 9, 9, 9, 9, 9, 9, 9, 9, 9, 9, 9, 9, 9, 9, 9, 9, 9, 9, 9, 9]
[0, 0, 0, 0, 0, 0, 0, 0, 0, 0, 0, 0, 0, 0, 0, 0, 0, 0, 0, 0, 0, 0, 0, 0, 0, 0, 0, 0, 0, 0, 0, 0, 0, 0, 0, 0, 0, 0, 0, 0, 0, 0, 0, 0, 0, 0, 0, 0, 0, 0, 0, 0, 0, 0, 0, 0, 0, 0, 0, 0, 0, 0, 0, 0, 0, 0, 0, 0, 0, 0, 0, 0, 0, 0, 0, 0, 0, 0, 0, 0, 0, 0, 0, 0, 0, 0, 0, 0, 0, 0, 0, 0, 0, 0, 0, 0, 0, 0, 0, 0, 0, 0, 0, 0, 0, 0, 0, 0, 0, 0, 0, 0, 0, 0, 0, 0, 0, 0, 0, 0, 0, 0, 0, 0, 0, 0, 0, 0, 0, 0, 0, 0, 0, 0, 0, 0, 0, 0, 0, 0, 0, 0, 0, 0, 0, 0, 0, 0, 0, 0, 0, 0, 0, 0, 0, 0, 0, 0, 0, 0, 0, 0, 0, 0, 0, 0, 0, 0, 0, 0, 0, 0, 0, 0, 0, 0, 0, 0, 0, 0, 0, 0, 0, 0, 0, 0, 0, 0, 0, 0, 0, 0, 0, 0, 0, 0, 0, 0, 0, 0, 0, 0, 0, 0, 0, 0, 0, 0, 0, 0, 0, 0, 0, 0, 0, 0, 0, 0, 0, 0, 0, 0, 0, 0, 0, 0, 0, 0, 0, 0, 0, 0, 0, 0, 0, 0, 0, 0, 0, 0, 0, 0, 0, 0, 0, 0, 0, 0, 0, 0, 0, 0, 0, 0, 0, 0, 0, 0, 0, 0, 0, 0, 0, 0, 0, 0, 0, 0, 0, 0, 0, 0, 0, 0, 0, 0, 0, 0, 0, 0, 0, 0, 0, 0, 0, 0, 0, 0, 0, 0, 0, 0, 0, 0, 0, 0, 0, 0, 0, 0, 0, 0, 0, 0, 0, 0, 0, 0, 0, 0, 0, 0, 0, 0, 0, 0, 0, 0, 0, 0, 0, 0, 0, 0, 0, 0, 0, 0, 0, 0, 0, 0, 0, 0, 0, 0, 0, 0, 0, 0, 0, 0, 0, 0, 0, 0, 0, 0, 0, 0, 0, 0, 0, 0, 0, 0, 0, 0, 0, 0, 0, 0, 0, 0, 0, 0, 0, 0, 0, 0, 0, 0, 0, 0, 0, 0, 0, 0, 0, 0, 0, 0, 0, 0, 0, 0, 0, 0, 0, 0, 0, 0, 0, 0, 0, 0, 0, 0, 0, 0, 0, 0, 0, 0, 0, 0, 0, 0, 0, 0, 0, 0, 0, 0, 0, 0, 0, 0, 0, 0, 0, 0, 0, 0, 0, 0, 0, 0, 0, 0, 0, 0, 0, 0, 0, 0, 0, 0, 0, 0, 0, 0, 0, 0, 0, 0, 0, 0, 0, 0, 0, 0, 0, 0, 0, 0, 0, 0, 0, 0, 0, 0, 0, 0, 0, 0, 0, 0, 0, 0, 0, 0, 0, 0, 0, 0, 0, 0, 0, 0, 0, 0, 0, 0, 0, 0, 0, 0, 0, 0, 0, 0, 0, 0, 0, 0, 0, 0, 0, 0, 0, 0, 0, 0, 0, 0, 0, 0, 0, 0, 0, 0, 0, 0, 0, 0, 0, 0, 0, 0, 0, 0, 0, 0, 0, 0, 0, 0, 0, 0, 0, 0, 0, 0, 0, 0, 0, 0, 0, 0, 0, 0, 0, 0, 0, 0, 0, 0, 0, 0, 0, 0, 0, 0, 0, 0, 0, 0, 0, 0, 0, 0, 0, 0, 0, 0, 0, 0, 0, 0, 0, 0, 0, 0, 0, 0, 0, 0, 0, 0, 0, 0, 0, 0, 0, 0, 0, 0, 0, 0, 0, 0, 0, 0, 0, 0, 0, 0, 0, 0, 0, 0, 0, 0, 0, 0, 0, 0, 0, 0, 0, 0, 0, 0, 0, 0, 0, 0, 0, 0, 0, 0, 0, 0, 0, 0, 0, 0, 0, 0, 0, 0, 0, 0, 0, 0, 0, 0, 0, 0, 0, 0, 0, 0, 0, 0, 0, 0, 0, 0, 0, 0, 0, 0, 0, 0, 0, 0, 0, 0, 1, 2, 3, 4, 5, 5, 5, 5, 5, 5, 5, 5, 5, 5, 5, 5, 5, 5, 5, 5, 5, 5, 5, 5, 5, 5, 5, 5, 5, 5, 5, 5, 5, 5, 5, 5, 5, 5, 5, 5, 5, 5, 5, 5, 5, 5, 5, 5, 5, 5, 5, 5, 5, 5, 5, 5, 5, 5, 5, 5, 5, 5, 5, 5, 5, 5, 5, 5, 5, 5, 5, 5, 5, 5, 5, 5, 5, 5, 5, 5, 5, 5, 5, 5, 5, 5, 5, 5, 5, 5, 5, 5, 5, 5, 5, 5, 5, 5, 5, 5, 5, 5, 5, 5, 5, 5, 5, 5, 5, 5, 5, 5, 5, 5, 5, 5, 5, 5, 5, 5, 5, 5, 5, 5, 5, 5, 5, 5, 5, 5, 5, 5, 5, 5, 5, 5, 5, 5, 5, 5, 5, 5, 5, 5, 5, 5, 5, 5, 5, 5, 5, 5, 5, 5, 5, 5, 5, 5, 5, 5, 5, 5, 5, 5, 5, 5, 5, 5, 5, 5, 5, 5, 5, 5, 5, 5, 5, 5, 5, 5, 5, 5, 5, 5, 5, 5, 5, 5, 5, 5, 5, 5, 5, 5, 5, 5, 5, 5, 5, 5, 5, 5, 5, 5, 5, 5, 5, 5, 5, 5, 5, 5, 5, 5, 5, 5, 5, 5, 5, 5, 5, 5, 5, 5, 5, 5, 5, 5, 5, 5, 5, 5, 5, 5, 5, 5, 5, 5, 5, 5, 5, 5, 5, 5, 5, 5, 5, 5, 5, 5, 5, 5, 5, 5, 5, 5, 5, 5, 5, 5, 5, 5, 5, 5, 5, 5, 5, 5, 5, 5, 5, 5, 5, 5, 5, 5, 5, 5, 5, 5, 5, 5, 5, 5, 5, 5, 5, 5, 5, 5, 5, 5, 5, 5, 5, 5, 5, 5, 5, 5, 5, 5, 5, 5, 5, 5, 5, 5, 5, 5, 5, 5, 5, 5, 5, 5, 5, 5, 5, 5, 5, 5, 5, 5, 5, 5, 5, 5, 5, 5, 5, 5, 5, 5, 5, 5, 5, 5, 5, 5, 5, 5, 5, 5, 5, 5, 5, 5, 5, 5, 5, 5, 5, 5, 5, 5, 5, 5, 5, 5, 5, 5, 5, 5, 5, 5, 5, 5, 5, 5, 5, 5, 5, 5, 5, 5, 5, 5, 5, 5, 5, 5, 5, 5, 5, 5, 5, 5, 5, 5, 5, 5, 5, 5, 5, 5, 5, 5, 5, 5, 5, 5, 5, 5, 5, 5, 5, 5, 5, 5, 5, 5, 5, 5, 5, 5, 5, 5, 5, 5, 5, 5, 5, 5, 5, 5, 5, 5, 5, 5, 5, 5, 5, 5, 5, 5, 5, 5, 5, 5, 5, 5, 5, 5, 5, 5, 5, 5, 5, 5, 5, 5, 5, 5, 5, 5, 5, 5, 5, 5, 5, 5, 5, 5, 5, 5, 5, 5, 5, 5, 5, 5, 5, 5, 5, 5, 5, 5, 5, 5, 5, 5, 5, 5, 5, 5, 5, 5, 5, 5, 5, 5, 5, 5, 5, 5, 5, 5, 5, 5, 5, 5, 5, 5, 5, 5, 5, 5, 5, 5, 5, 5, 5, 5, 5, 5, 5, 5, 5, 5, 5, 5, 5, 5, 5, 5, 5, 5, 5, 5, 5, 5, 5, 5, 5, 5, 5, 5, 5, 5, 5, 5, 5, 5, 5, 5, 5, 5, 5, 5, 5, 5, 5, 5, 5, 5, 5, 5, 5, 5, 5, 5, 5, 5, 5, 5, 5, 5, 5, 5, 5, 5, 5, 5, 5, 5, 5, 5, 5, 5, 5, 5, 5, 5, 5, 5, 5, 5, 5, 5, 5, 5, 5, 5, 5, 5, 5, 5, 5, 5, 5, 5, 5, 5, 5, 5, 5, 5, 5, 5, 5, 5, 5, 5, 5, 5, 5, 5, 5, 5, 5, 5, 5, 5, 5, 5, 5, 5, 5, 5, 5, 5, 5, 5, 5, 5, 5, 5, 5, 5, 5, 5, 5, 5, 5, 5, 5, 5, 5, 5, 5, 5, 5, 5, 5, 5, 5, 5, 5, 5, 5, 5, 5, 5, 6, 6, 6, 6, 6, 6, 6, 6, 6, 6, 6, 6, 6, 6, 6, 6, 6, 6, 6, 6, 6, 6, 6, 6, 6, 6, 6, 6, 6, 6, 6, 6, 6, 6, 6, 6, 6, 6, 6, 6, 6, 6, 6, 6, 6, 6, 6, 6, 6, 6, 6, 6, 6, 6, 6, 6, 6, 6, 6, 6, 6, 6, 6, 6, 6, 6, 6, 6, 6, 6, 6, 6, 6, 6, 6, 6, 6, 6, 6, 6, 6, 6, 6, 6, 6, 6, 6, 6, 6, 6, 6, 6, 6, 6, 6, 6, 6, 6, 6, 6, 6, 6, 6, 6, 6, 6, 6, 6, 6, 6, 6, 6, 6, 6, 6, 6, 6, 6, 6, 6, 6, 6, 6, 6, 6, 6, 6, 6, 6, 6, 6, 6, 6, 6, 6, 6, 6, 6, 6, 6, 6, 6, 6, 6, 6, 6, 6, 6, 6, 6, 6, 6, 6, 6, 6, 6, 6, 6, 6, 6, 6, 6, 6, 6, 6, 6, 6, 6, 6, 6, 6, 6, 6, 6, 6, 6, 6, 6, 6, 6, 6, 6, 6, 6, 6, 6, 6, 6, 6, 6, 6, 6, 6, 6, 6, 6, 6, 6, 6, 6, 6, 6, 6, 6, 6, 6, 6, 6, 6, 6, 6, 6, 6, 6, 6, 6, 6, 6, 6, 6, 6, 6, 6, 6, 6, 6, 6, 6, 6, 6, 6, 6, 6, 6, 6, 6, 6, 6, 6, 6, 6, 6, 6, 6, 6, 6, 6, 6, 6, 6, 6, 6, 6, 6, 6, 6, 6, 6, 6, 6, 6, 6, 6, 6, 6, 6, 6, 6, 6, 6, 6, 6, 6, 6, 6, 6, 6, 6, 6, 6, 6, 6, 6, 6, 6, 6, 6, 6, 6, 6, 6, 6, 6, 6, 6, 6, 6, 6, 6, 6, 6, 6, 6, 6, 6, 6, 6, 6, 6, 6, 6, 6, 6, 6, 6, 6, 6, 6, 6, 6, 6, 6, 6, 6, 6, 6, 6, 6, 6, 6, 6, 6, 6, 6, 6, 6, 6, 6, 6, 6, 6, 6, 6, 6, 6, 6, 6, 6, 6, 6, 6, 6, 6, 6, 6, 6, 6, 6, 6, 6, 6, 6, 6, 6, 6, 6, 6, 6, 6, 6, 6, 6, 6, 6, 6, 6, 6, 6, 6, 6, 6, 6, 6, 6, 6, 6, 6, 6, 6, 6, 6, 6, 6, 6, 6, 6, 6, 6, 6, 6, 6, 6, 6, 6, 6, 6, 6, 6, 6, 6, 6, 6, 6, 6, 6, 6, 6, 6, 6, 6, 6, 6, 6, 6, 6, 6, 6, 6, 6, 6, 6, 6, 6, 6, 6, 6, 6, 6, 6, 6, 6, 6, 6, 6, 6, 6, 6, 6, 6, 6, 6, 6, 6, 6, 6, 6, 6, 6, 6, 6, 6, 6, 6, 6, 6, 6, 6, 6, 6, 6, 6, 6, 6, 7, 7, 7, 7, 7, 7, 7, 7, 7, 7, 7, 7, 7, 7, 7, 7, 7, 7, 7, 7, 7, 7, 7, 7, 7, 7, 7, 7, 7, 7, 7, 7, 7, 7, 7, 7, 7, 7, 7, 7, 7, 7, 7, 7, 7, 7, 7, 7, 7, 7, 7, 7, 7, 7, 7, 7, 7, 7, 7, 7, 7, 7, 7, 7, 7, 7, 7, 7, 7, 7, 7, 7, 7, 7, 7, 7, 7, 7, 7, 7, 7, 7, 7, 7, 7, 7, 7, 7, 7, 7, 7, 7, 7, 7, 7, 7, 7, 7, 7, 7, 7, 7, 7, 7, 7, 7, 7, 7, 7, 7, 7, 7, 7, 7, 7, 7, 7, 7, 7, 7, 7, 7, 7, 7, 7, 7, 7, 7, 7, 7, 7, 7, 7, 7, 7, 7, 7, 7, 7, 7, 7, 7, 7, 7, 7, 7, 7, 7, 7, 7, 7, 7, 7, 7, 7, 7, 7, 7, 7, 7, 7, 7, 7, 7, 7, 7, 7, 7, 7, 7, 7, 7, 7, 7, 7, 7, 7, 7, 7, 7, 7, 7, 7, 7, 7, 7, 7, 7, 7, 7, 7, 7, 7, 7, 7, 7, 7, 7, 7, 7, 7, 7, 7, 7, 7, 7, 7, 7, 7, 7, 7, 7, 7, 7, 7, 7, 7, 7, 7, 7, 7, 7, 7, 7, 7, 7, 7, 7, 7, 7, 7, 7, 7, 7, 7, 7, 7, 7, 7, 7, 7, 7, 7, 7, 7, 7, 7, 7, 7, 7, 7, 7, 7, 7, 7, 7, 7, 7, 7, 7, 7, 7, 7, 7, 7, 7, 7, 7, 7, 7, 7, 7, 7, 7, 7, 7, 7, 7, 7, 7, 7, 7, 7, 7, 7, 7, 7, 7, 7, 7, 7, 7, 7, 7, 7, 7, 7, 7, 7, 7, 7, 7, 7, 7, 7, 7, 7, 7, 7, 7, 7, 7, 7, 7, 7, 7, 7, 7, 7, 7, 7, 7, 7, 7, 7, 7, 7, 7, 7, 7, 7, 7, 7, 7, 7, 7, 7, 7, 7, 7, 7, 7, 7, 7, 7, 7, 7, 7, 7, 7, 7, 7, 7, 7, 7, 7, 7, 7, 7, 7, 7, 7, 7, 7, 7, 7, 7, 7, 7, 7, 7, 7, 7, 7, 7, 7, 7, 7, 7, 7, 7, 7, 7, 7, 7, 7, 7, 7, 7, 7, 7, 7, 7, 7, 7, 7, 7, 7, 7, 7, 7, 7, 7, 7, 7, 7, 7, 7, 7, 7, 7, 7, 7, 7, 7, 7, 7, 7, 7, 7, 7, 7, 7, 7, 7, 7, 7, 7, 7, 7, 7, 7, 7, 7, 7, 7, 7, 7, 7, 7, 7, 7, 7, 7, 8, 8, 8, 9, 9, 9, 9, 9, 9, 9, 9, 9, 9, 9, 9, 9, 9, 9, 9]
shapelet initialized!
All 3 clients initialized.
Server device: cuda:0
Client worker groups: [[0], [1], [2]]
Client worker devices: ['cuda:0', 'cuda:0', 'cuda:0']
客户端选择未启用，所有客户端参与聚合
[fedcsl] precomputed client scale scores once in 0.394s
/data/user_lixiongfei/CSL-main/train.py:801: UserWarning: Creating a tensor from a list of numpy.ndarrays is extremely slow. Please consider converting the list to a single numpy.ndarray with numpy.array() before converting to a tensor. (Triggered internally at ../torch/csrc/utils/tensor_new.cpp:278.)
  X = torch.tensor(X, dtype=torch.float)
Classification: train=1.0000 test=0.9527 round=0
[round 0] timing train=332.587s distribution=5.762s agg=0.091s eval=317.241s total=655.685s
Classification: train=1.0000 test=0.9550 round=1
[round 1] timing train=583.554s distribution=5.588s agg=0.238s eval=343.150s total=932.534s
Classification: train=1.0000 test=0.9554 round=2
[round 2] timing train=645.832s distribution=5.687s agg=0.230s eval=317.884s total=969.662s
Classification: train=1.0000 test=0.9559 round=3
[round 3] timing train=638.459s distribution=5.875s agg=0.165s eval=331.534s total=976.047s
Classification: train=1.0000 test=0.9595 round=4
[round 4] timing train=607.922s distribution=5.445s agg=0.062s eval=340.984s total=954.418s
Classification: train=1.0000 test=0.9582 round=5
[round 5] timing train=561.950s distribution=5.648s agg=0.106s eval=293.960s total=861.676s
Classification: train=1.0000 test=0.9591 round=6
[round 6] timing train=554.114s distribution=4.805s agg=0.069s eval=312.761s total=871.766s
Classification: train=1.0000 test=0.9591 round=7
[round 7] timing train=555.287s distribution=5.074s agg=0.148s eval=302.487s total=863.028s
Classification: train=1.0000 test=0.9568 round=8
[round 8] timing train=622.181s distribution=5.029s agg=0.171s eval=313.787s total=941.183s
Classification: train=1.0000 test=0.9568 round=9
[round 9] timing train=555.367s distribution=4.953s agg=0.111s eval=304.180s total=864.629s
Classification: train=1.0000 test=0.9577 round=10
[round 10] timing train=516.647s distribution=3.912s agg=0.094s eval=307.913s total=828.600s
Classification: train=1.0000 test=0.9586 round=11
[round 11] timing train=560.156s distribution=4.881s agg=0.106s eval=307.182s total=872.352s
Classification: train=1.0000 test=0.9573 round=12
[round 12] timing train=555.177s distribution=4.866s agg=0.128s eval=302.175s total=862.378s
Classification: train=1.0000 test=0.9577 round=13
[round 13] timing train=557.028s distribution=5.239s agg=0.038s eval=296.029s total=858.356s
Classification: train=1.0000 test=0.9577 round=14
[round 14] timing train=548.821s distribution=4.897s agg=0.091s eval=275.349s total=829.165s
Classification: train=1.0000 test=0.9577 round=15
[round 15] timing train=542.213s distribution=5.082s agg=0.190s eval=282.407s total=829.904s
Classification: train=1.0000 test=0.9582 round=16
[round 16] timing train=597.974s distribution=5.589s agg=0.089s eval=338.802s total=942.470s
Classification: train=1.0000 test=0.9586 round=17
[round 17] timing train=581.743s distribution=5.482s agg=0.170s eval=349.064s total=936.491s
Classification: train=1.0000 test=0.9577 round=18
[round 18] timing train=609.404s distribution=5.109s agg=0.226s eval=355.297s total=970.057s
Classification: train=1.0000 test=0.9577 round=19
[round 19] timing train=619.949s distribution=5.221s agg=0.242s eval=333.802s total=959.243s
Classification: train=1.0000 test=0.9582 round=20
[round 20] timing train=615.921s distribution=5.557s agg=0.295s eval=339.918s total=961.709s
Classification: train=1.0000 test=0.9591 round=21
[round 21] timing train=597.924s distribution=5.736s agg=0.309s eval=340.421s total=944.430s
Classification: train=1.0000 test=0.9600 round=22
[round 22] timing train=590.288s distribution=5.919s agg=0.238s eval=323.258s total=919.712s
Classification: train=1.0000 test=0.9600 round=23
[round 23] timing train=594.135s distribution=5.397s agg=0.287s eval=341.160s total=940.994s
Classification: train=1.0000 test=0.9600 round=24
[round 24] timing train=569.920s distribution=5.027s agg=0.048s eval=332.014s total=907.025s
Classification: train=1.0000 test=0.9595 round=25
[round 25] timing train=600.709s distribution=5.153s agg=0.211s eval=345.603s total=951.699s
Classification: train=1.0000 test=0.9582 round=26
[round 26] timing train=609.806s distribution=5.161s agg=0.162s eval=341.617s total=956.768s
Classification: train=1.0000 test=0.9604 round=27
[round 27] timing train=606.816s distribution=5.586s agg=0.311s eval=348.195s total=960.927s
Classification: train=1.0000 test=0.9586 round=28
[round 28] timing train=605.886s distribution=6.038s agg=0.270s eval=329.541s total=941.768s
Classification: train=1.0000 test=0.9595 round=29
[round 29] timing train=609.130s distribution=5.845s agg=0.145s eval=338.252s total=953.394s
[fedcsl] checkpoint saved → ./checkpoint/resume/fedcsl_SpokenArabicDigits_2026-05-04-10har_fedcsl_dir0.05.pt (round=30)
Classification: train=1.0000 test=0.9595 round=30
[round 30] timing train=600.435s distribution=5.591s agg=0.269s eval=330.192s total=936.492s
Classification: train=1.0000 test=0.9582 round=31
[round 31] timing train=614.709s distribution=6.262s agg=0.293s eval=349.706s total=970.977s
Classification: train=1.0000 test=0.9591 round=32
[round 32] timing train=586.667s distribution=5.472s agg=0.315s eval=355.480s total=947.942s
Classification: train=1.0000 test=0.9586 round=33
[round 33] timing train=611.809s distribution=5.195s agg=0.255s eval=351.178s total=968.454s
Classification: train=1.0000 test=0.9591 round=34
[round 34] timing train=622.597s distribution=5.258s agg=0.295s eval=335.948s total=964.105s
Classification: train=1.0000 test=0.9586 round=35
[round 35] timing train=607.819s distribution=5.676s agg=0.317s eval=359.551s total=973.379s
Classification: train=1.0000 test=0.9591 round=36
[round 36] timing train=606.690s distribution=5.594s agg=0.216s eval=354.272s total=966.816s
Classification: train=1.0000 test=0.9595 round=37
[round 37] timing train=608.713s distribution=5.339s agg=0.123s eval=334.837s total=949.047s
Classification: train=1.0000 test=0.9600 round=38
[round 38] timing train=606.772s distribution=5.871s agg=0.140s eval=356.006s total=968.813s
Classification: train=1.0000 test=0.9586 round=39
[round 39] timing train=555.126s distribution=5.398s agg=0.140s eval=332.101s total=892.774s
Classification: train=1.0000 test=0.9595 round=40
[round 40] timing train=585.009s distribution=5.305s agg=0.197s eval=318.239s total=908.794s
Classification: train=1.0000 test=0.9591 round=41
[round 41] timing train=583.440s distribution=5.645s agg=0.118s eval=309.810s total=899.071s
Classification: train=1.0000 test=0.9591 round=42
[round 42] timing train=598.202s distribution=5.531s agg=0.087s eval=323.436s total=927.309s
Classification: train=1.0000 test=0.9582 round=43
[round 43] timing train=579.220s distribution=5.624s agg=0.104s eval=302.888s total=887.843s
Classification: train=1.0000 test=0.9595 round=44
[round 44] timing train=591.906s distribution=5.193s agg=0.057s eval=315.675s total=912.847s
Classification: train=1.0000 test=0.9591 round=45
[round 45] timing train=581.371s distribution=6.036s agg=0.071s eval=327.144s total=914.634s
Classification: train=1.0000 test=0.9604 round=46
[round 46] timing train=563.017s distribution=5.602s agg=0.098s eval=311.380s total=880.129s
Classification: train=1.0000 test=0.9595 round=47
[round 47] timing train=584.874s distribution=5.864s agg=0.219s eval=318.949s total=909.923s
Classification: train=1.0000 test=0.9609 round=48
[round 48] timing train=577.894s distribution=5.654s agg=0.114s eval=321.720s total=905.424s
Classification: train=1.0000 test=0.9600 round=49
[round 49] timing train=597.527s distribution=5.335s agg=0.063s eval=298.134s total=901.072s
Classification: train=1.0000 test=0.9586 round=50
[round 50] timing train=581.094s distribution=5.644s agg=0.220s eval=305.955s total=892.932s
Classification: train=1.0000 test=0.9595 round=51
[round 51] timing train=632.734s distribution=5.135s agg=0.169s eval=312.223s total=950.276s
Classification: train=1.0000 test=0.9600 round=52
[round 52] timing train=573.156s distribution=5.809s agg=0.126s eval=320.812s total=899.918s
Classification: train=1.0000 test=0.9586 round=53
[round 53] timing train=568.842s distribution=5.245s agg=0.233s eval=297.183s total=871.547s
Classification: train=1.0000 test=0.9573 round=54
[round 54] timing train=553.927s distribution=5.303s agg=0.177s eval=298.154s total=857.568s
Classification: train=1.0000 test=0.9577 round=55
[round 55] timing train=575.181s distribution=5.231s agg=0.112s eval=311.901s total=892.440s
Classification: train=1.0000 test=0.9577 round=56
[round 56] timing train=569.064s distribution=6.121s agg=0.124s eval=296.181s total=871.547s
Classification: train=1.0000 test=0.9573 round=57
[round 57] timing train=585.329s distribution=5.226s agg=0.121s eval=320.504s total=911.222s
Classification: train=1.0000 test=0.9577 round=58
[round 58] timing train=574.916s distribution=5.606s agg=0.183s eval=292.064s total=872.792s
Classification: train=1.0000 test=0.9568 round=59
[round 59] timing train=562.796s distribution=5.327s agg=0.105s eval=296.537s total=864.780s
[fedcsl] checkpoint saved → ./checkpoint/resume/fedcsl_SpokenArabicDigits_2026-05-04-10har_fedcsl_dir0.05.pt (round=60)
Classification: train=1.0000 test=0.9577 round=60
[round 60] timing train=571.522s distribution=5.633s agg=0.118s eval=296.174s total=873.453s
Classification: train=1.0000 test=0.9568 round=61
[round 61] timing train=527.436s distribution=5.133s agg=0.155s eval=305.586s total=838.334s
Classification: train=1.0000 test=0.9582 round=62
[round 62] timing train=587.406s distribution=5.541s agg=0.146s eval=311.143s total=904.266s
Classification: train=1.0000 test=0.9586 round=63
[round 63] timing train=569.197s distribution=3.700s agg=0.129s eval=304.954s total=877.988s
Classification: train=1.0000 test=0.9577 round=64
[round 64] timing train=571.595s distribution=5.252s agg=0.179s eval=307.449s total=884.490s
Classification: train=1.0000 test=0.9577 round=65
[round 65] timing train=570.540s distribution=5.432s agg=0.068s eval=283.689s total=859.740s
Classification: train=1.0000 test=0.9582 round=66
[round 66] timing train=563.438s distribution=5.094s agg=0.141s eval=298.137s total=866.818s
Classification: train=1.0000 test=0.9604 round=67
[round 67] timing train=555.309s distribution=5.088s agg=0.072s eval=305.133s total=865.614s
Classification: train=1.0000 test=0.9577 round=68
[round 68] timing train=541.953s distribution=5.350s agg=0.089s eval=297.931s total=845.355s
Classification: train=1.0000 test=0.9609 round=69
[round 69] timing train=568.189s distribution=5.796s agg=0.089s eval=308.501s total=882.607s
Classification: train=1.0000 test=0.9563 round=70
[round 70] timing train=571.291s distribution=4.965s agg=0.092s eval=304.077s total=880.433s
Classification: train=1.0000 test=0.9582 round=71
[round 71] timing train=544.216s distribution=5.893s agg=0.128s eval=260.194s total=810.464s
Classification: train=1.0000 test=0.9586 round=72
[round 72] timing train=547.951s distribution=5.414s agg=0.094s eval=269.094s total=822.559s
Classification: train=1.0000 test=0.9559 round=73
[round 73] timing train=541.091s distribution=5.705s agg=0.169s eval=276.004s total=822.979s
Classification: train=1.0000 test=0.9595 round=74
[round 74] timing train=537.235s distribution=5.468s agg=0.116s eval=312.220s total=855.070s
Classification: train=1.0000 test=0.9582 round=75
[round 75] timing train=536.878s distribution=5.472s agg=0.224s eval=286.634s total=829.228s
Classification: train=1.0000 test=0.9568 round=76
[round 76] timing train=567.553s distribution=5.036s agg=0.061s eval=293.125s total=865.792s
Classification: train=1.0000 test=0.9586 round=77
[round 77] timing train=540.804s distribution=5.251s agg=0.082s eval=287.157s total=833.329s
Classification: train=1.0000 test=0.9573 round=78
[round 78] timing train=540.012s distribution=5.323s agg=0.118s eval=285.744s total=831.216s
Classification: train=1.0000 test=0.9586 round=79
[round 79] timing train=548.740s distribution=5.554s agg=0.145s eval=261.137s total=815.603s
Classification: train=1.0000 test=0.9591 round=80
[round 80] timing train=533.907s distribution=5.403s agg=0.035s eval=292.373s total=831.740s
Classification: train=1.0000 test=0.9595 round=81
[round 81] timing train=538.274s distribution=5.371s agg=0.164s eval=287.189s total=831.012s
Classification: train=1.0000 test=0.9595 round=82
[round 82] timing train=541.419s distribution=5.220s agg=0.229s eval=277.864s total=824.750s
Classification: train=1.0000 test=0.9600 round=83
[round 83] timing train=534.825s distribution=5.316s agg=0.121s eval=289.428s total=829.697s
Classification: train=1.0000 test=0.9591 round=84
[round 84] timing train=545.603s distribution=6.228s agg=0.126s eval=288.658s total=840.630s
Classification: train=1.0000 test=0.9591 round=85
[round 85] timing train=537.041s distribution=4.996s agg=0.050s eval=275.351s total=817.482s
Classification: train=1.0000 test=0.9573 round=86
[round 86] timing train=543.641s distribution=5.227s agg=0.229s eval=286.976s total=836.091s
Classification: train=1.0000 test=0.9586 round=87
[round 87] timing train=544.372s distribution=5.030s agg=0.130s eval=292.992s total=842.544s
Classification: train=1.0000 test=0.9568 round=88
[round 88] timing train=541.587s distribution=5.375s agg=0.121s eval=292.157s total=839.252s
Classification: train=1.0000 test=0.9582 round=89
[round 89] timing train=541.989s distribution=5.002s agg=0.169s eval=290.631s total=837.809s
[fedcsl] checkpoint saved → ./checkpoint/resume/fedcsl_SpokenArabicDigits_2026-05-04-10har_fedcsl_dir0.05.pt (round=90)
Classification: train=1.0000 test=0.9586 round=90
[round 90] timing train=533.622s distribution=5.069s agg=0.143s eval=293.825s total=832.703s
Classification: train=1.0000 test=0.9568 round=91
[round 91] timing train=557.989s distribution=6.029s agg=0.213s eval=288.270s total=852.533s
Classification: train=1.0000 test=0.9591 round=92
[round 92] timing train=527.454s distribution=5.079s agg=0.100s eval=290.057s total=822.708s
Classification: train=1.0000 test=0.9595 round=93
[round 93] timing train=549.122s distribution=4.973s agg=0.111s eval=304.615s total=858.853s
Classification: train=1.0000 test=0.9573 round=94
[round 94] timing train=539.927s distribution=5.226s agg=0.120s eval=298.968s total=844.249s
Classification: train=1.0000 test=0.9563 round=95
[round 95] timing train=529.464s distribution=5.253s agg=0.291s eval=249.417s total=784.457s
Classification: train=1.0000 test=0.9586 round=96
[round 96] timing train=534.427s distribution=4.871s agg=0.085s eval=248.220s total=787.640s
Classification: train=1.0000 test=0.9573 round=97
[round 97] timing train=537.674s distribution=5.488s agg=0.165s eval=303.688s total=847.025s
Classification: train=1.0000 test=0.9591 round=98
[round 98] timing train=541.913s distribution=5.372s agg=0.142s eval=291.653s total=839.124s
Classification: train=1.0000 test=0.9586 round=99
[round 99] timing train=530.419s distribution=5.014s agg=0.052s eval=264.726s total=800.241s
Classification: train=1.0000 test=0.9586 round=100
[round 100] timing train=538.257s distribution=5.242s agg=0.067s eval=289.517s total=833.123s
Classification: train=1.0000 test=0.9582 round=101
[round 101] timing train=554.843s distribution=4.988s agg=0.114s eval=302.454s total=862.453s
Classification: train=1.0000 test=0.9595 round=102
[round 102] timing train=527.078s distribution=5.226s agg=0.057s eval=267.667s total=800.058s
Classification: train=1.0000 test=0.9591 round=103
[round 103] timing train=481.181s distribution=4.806s agg=0.075s eval=293.389s total=779.463s
Classification: train=1.0000 test=0.9591 round=104
[round 104] timing train=558.744s distribution=5.594s agg=0.102s eval=293.205s total=857.658s
Classification: train=1.0000 test=0.9600 round=105
[round 105] timing train=544.219s distribution=5.312s agg=0.063s eval=283.999s total=833.652s
Classification: train=1.0000 test=0.9591 round=106
[round 106] timing train=561.579s distribution=4.730s agg=0.083s eval=293.144s total=859.570s
Classification: train=1.0000 test=0.9591 round=107
[round 107] timing train=547.992s distribution=4.679s agg=0.111s eval=290.149s total=842.951s
Classification: train=1.0000 test=0.9604 round=108
[round 108] timing train=544.310s distribution=4.874s agg=0.154s eval=297.084s total=846.450s
Classification: train=1.0000 test=0.9586 round=109
[round 109] timing train=535.282s distribution=4.592s agg=0.111s eval=270.750s total=810.751s
Classification: train=1.0000 test=0.9609 round=110
[round 110] timing train=558.345s distribution=5.304s agg=0.149s eval=339.129s total=902.959s
Classification: train=1.0000 test=0.9595 round=111
[round 111] timing train=573.715s distribution=5.585s agg=0.204s eval=318.625s total=898.146s
Classification: train=1.0000 test=0.9582 round=112
[round 112] timing train=575.717s distribution=5.845s agg=0.201s eval=298.054s total=879.845s
Classification: train=1.0000 test=0.9586 round=113
[round 113] timing train=579.009s distribution=5.328s agg=0.101s eval=321.006s total=905.457s
Classification: train=1.0000 test=0.9577 round=114
[round 114] timing train=561.361s distribution=4.741s agg=0.201s eval=303.826s total=870.149s
Classification: train=1.0000 test=0.9582 round=115
[round 115] timing train=570.542s distribution=5.548s agg=0.154s eval=300.116s total=876.378s
Classification: train=1.0000 test=0.9577 round=116
[round 116] timing train=564.398s distribution=5.370s agg=0.161s eval=307.959s total=877.917s
Classification: train=1.0000 test=0.9591 round=117
[round 117] timing train=545.332s distribution=5.436s agg=0.087s eval=269.751s total=820.622s
Classification: train=1.0000 test=0.9573 round=118
[round 118] timing train=568.692s distribution=5.370s agg=0.095s eval=292.439s total=866.605s
Classification: train=1.0000 test=0.9577 round=119
[round 119] timing train=551.875s distribution=4.834s agg=0.106s eval=315.378s total=872.208s
[fedcsl] checkpoint saved → ./checkpoint/resume/fedcsl_SpokenArabicDigits_2026-05-04-10har_fedcsl_dir0.05.pt (round=120)
Classification: train=1.0000 test=0.9577 round=120
[round 120] timing train=554.727s distribution=5.282s agg=0.128s eval=303.940s total=864.089s
Classification: train=1.0000 test=0.9586 round=121
[round 121] timing train=578.889s distribution=5.586s agg=0.110s eval=288.816s total=873.429s
Classification: train=1.0000 test=0.9573 round=122
[round 122] timing train=566.750s distribution=5.445s agg=0.143s eval=281.999s total=854.346s
Classification: train=1.0000 test=0.9559 round=123
[round 123] timing train=568.205s distribution=5.455s agg=0.111s eval=295.791s total=869.606s
Classification: train=1.0000 test=0.9582 round=124
[round 124] timing train=512.043s distribution=4.040s agg=0.054s eval=316.193s total=832.349s
Classification: train=1.0000 test=0.9582 round=125
[round 125] timing train=578.062s distribution=5.364s agg=0.137s eval=296.973s total=880.569s
Classification: train=1.0000 test=0.9568 round=126
[round 126] timing train=567.754s distribution=5.550s agg=0.047s eval=315.243s total=888.603s
Classification: train=1.0000 test=0.9577 round=127
[round 127] timing train=567.461s distribution=5.739s agg=0.172s eval=321.286s total=894.667s
Classification: train=1.0000 test=0.9586 round=128
[round 128] timing train=579.475s distribution=6.020s agg=0.182s eval=310.987s total=896.691s
Classification: train=1.0000 test=0.9591 round=129
[round 129] timing train=583.283s distribution=5.584s agg=0.244s eval=296.080s total=885.218s
Classification: train=1.0000 test=0.9582 round=130
[round 130] timing train=571.998s distribution=4.655s agg=0.120s eval=299.581s total=876.363s
Classification: train=1.0000 test=0.9586 round=131
[round 131] timing train=583.279s distribution=5.630s agg=0.180s eval=286.636s total=875.733s
Classification: train=1.0000 test=0.9573 round=132
[round 132] timing train=582.002s distribution=5.996s agg=0.279s eval=315.461s total=903.755s
Classification: train=1.0000 test=0.9609 round=133
[round 133] timing train=548.545s distribution=4.188s agg=0.068s eval=319.152s total=871.982s
Classification: train=1.0000 test=0.9604 round=134
[round 134] timing train=570.384s distribution=5.366s agg=0.172s eval=313.098s total=889.051s
Classification: train=1.0000 test=0.9568 round=135
[round 135] timing train=581.559s distribution=5.738s agg=0.152s eval=314.999s total=902.457s
Classification: train=1.0000 test=0.9591 round=136
[round 136] timing train=582.890s distribution=6.068s agg=0.249s eval=288.744s total=877.960s
Classification: train=1.0000 test=0.9600 round=137
[round 137] timing train=598.314s distribution=6.107s agg=0.275s eval=304.496s total=909.254s
Classification: train=1.0000 test=0.9591 round=138
[round 138] timing train=579.884s distribution=5.552s agg=0.178s eval=313.843s total=899.490s
Classification: train=1.0000 test=0.9563 round=139
[round 139] timing train=528.176s distribution=6.110s agg=0.182s eval=304.300s total=838.782s
Classification: train=1.0000 test=0.9568 round=140
[round 140] timing train=582.809s distribution=5.054s agg=0.115s eval=292.542s total=880.534s
Classification: train=1.0000 test=0.9568 round=141
[round 141] timing train=564.488s distribution=5.858s agg=0.221s eval=311.123s total=881.721s
Classification: train=1.0000 test=0.9582 round=142
[round 142] timing train=567.572s distribution=5.523s agg=0.236s eval=311.969s total=885.319s
Classification: train=1.0000 test=0.9613 round=143
[round 143] timing train=567.426s distribution=5.814s agg=0.322s eval=311.677s total=885.268s
Classification: train=1.0000 test=0.9586 round=144
[round 144] timing train=581.626s distribution=5.500s agg=0.247s eval=326.075s total=913.453s
Classification: train=1.0000 test=0.9591 round=145
[round 145] timing train=577.932s distribution=5.854s agg=0.311s eval=317.356s total=901.468s
Classification: train=1.0000 test=0.9563 round=146
[round 146] timing train=580.968s distribution=5.507s agg=0.355s eval=308.427s total=895.271s
Classification: train=1.0000 test=0.9582 round=147
[round 147] timing train=580.060s distribution=6.092s agg=0.255s eval=324.289s total=910.709s
Classification: train=1.0000 test=0.9586 round=148
[round 148] timing train=565.458s distribution=5.821s agg=0.204s eval=327.919s total=899.451s
Classification: train=1.0000 test=0.9613 round=149
[round 149] timing train=578.255s distribution=5.673s agg=0.270s eval=320.378s total=904.616s
[fedcsl] checkpoint saved → ./checkpoint/resume/fedcsl_SpokenArabicDigits_2026-05-04-10har_fedcsl_dir0.05.pt (round=150)
Classification: train=1.0000 test=0.9582 round=150
[round 150] timing train=588.465s distribution=5.726s agg=0.254s eval=292.808s total=887.291s
Classification: train=1.0000 test=0.9582 round=151
[round 151] timing train=588.032s distribution=5.081s agg=0.151s eval=325.192s total=918.486s
Classification: train=1.0000 test=0.9586 round=152
[round 152] timing train=585.307s distribution=5.685s agg=0.157s eval=313.306s total=904.463s
Classification: train=1.0000 test=0.9577 round=153
[round 153] timing train=572.029s distribution=5.920s agg=0.307s eval=299.806s total=878.075s
Classification: train=1.0000 test=0.9586 round=154
[round 154] timing train=524.128s distribution=4.989s agg=0.052s eval=336.636s total=865.814s
Classification: train=1.0000 test=0.9554 round=155
[round 155] timing train=551.973s distribution=5.849s agg=0.314s eval=318.294s total=876.445s
Classification: train=1.0000 test=0.9573 round=156
[round 156] timing train=565.603s distribution=5.697s agg=0.283s eval=312.472s total=884.092s
Classification: train=1.0000 test=0.9559 round=157
[round 157] timing train=586.958s distribution=5.672s agg=0.168s eval=317.956s total=910.785s
Classification: train=1.0000 test=0.9577 round=158
[round 158] timing train=577.452s distribution=5.674s agg=0.140s eval=291.965s total=875.246s
Classification: train=1.0000 test=0.9550 round=159
[round 159] timing train=575.811s distribution=5.556s agg=0.141s eval=305.897s total=887.433s
Classification: train=1.0000 test=0.9591 round=160
[round 160] timing train=575.187s distribution=5.078s agg=0.256s eval=322.059s total=902.603s
Classification: train=1.0000 test=0.9586 round=161
[round 161] timing train=565.116s distribution=4.968s agg=0.138s eval=299.385s total=869.626s
Classification: train=1.0000 test=0.9573 round=162
[round 162] timing train=530.290s distribution=4.909s agg=0.293s eval=291.697s total=827.195s
Classification: train=1.0000 test=0.9577 round=163
[round 163] timing train=558.001s distribution=5.698s agg=0.244s eval=291.991s total=855.948s
Classification: train=1.0000 test=0.9595 round=164
[round 164] timing train=559.418s distribution=5.425s agg=0.192s eval=302.377s total=867.444s
Classification: train=1.0000 test=0.9563 round=165
[round 165] timing train=562.104s distribution=5.359s agg=0.146s eval=301.658s total=869.285s
Classification: train=1.0000 test=0.9577 round=166
[round 166] timing train=562.560s distribution=5.917s agg=0.345s eval=303.495s total=872.323s
Classification: train=1.0000 test=0.9563 round=167
[round 167] timing train=562.955s distribution=5.952s agg=0.118s eval=305.570s total=874.608s
Classification: train=1.0000 test=0.9613 round=168
[round 168] timing train=558.118s distribution=5.779s agg=0.093s eval=304.453s total=868.484s
Classification: train=1.0000 test=0.9595 round=169
[round 169] timing train=547.237s distribution=5.708s agg=0.124s eval=293.093s total=846.174s
Classification: train=1.0000 test=0.9582 round=170
[round 170] timing train=526.277s distribution=5.511s agg=0.142s eval=302.547s total=834.487s
Classification: train=1.0000 test=0.9600 round=171
[round 171] timing train=573.635s distribution=5.605s agg=0.211s eval=291.251s total=870.716s
Classification: train=1.0000 test=0.9568 round=172
[round 172] timing train=557.884s distribution=5.668s agg=0.163s eval=295.248s total=858.987s
Classification: train=1.0000 test=0.9559 round=173
[round 173] timing train=563.226s distribution=5.451s agg=0.043s eval=290.477s total=859.226s
Classification: train=1.0000 test=0.9604 round=174
[round 174] timing train=549.322s distribution=5.422s agg=0.059s eval=276.228s total=831.065s
Classification: train=1.0000 test=0.9568 round=175
[round 175] timing train=550.631s distribution=5.966s agg=0.130s eval=298.904s total=855.638s
Classification: train=1.0000 test=0.9600 round=176
[round 176] timing train=550.264s distribution=5.534s agg=0.163s eval=293.824s total=849.800s
Classification: train=1.0000 test=0.9591 round=177
[round 177] timing train=508.618s distribution=5.673s agg=0.251s eval=287.653s total=802.206s
Classification: train=1.0000 test=0.9577 round=178
[round 178] timing train=526.429s distribution=5.530s agg=0.126s eval=291.028s total=823.131s
Classification: train=1.0000 test=0.9582 round=179
[round 179] timing train=555.573s distribution=5.539s agg=0.116s eval=286.327s total=847.569s
[fedcsl] checkpoint saved → ./checkpoint/resume/fedcsl_SpokenArabicDigits_2026-05-04-10har_fedcsl_dir0.05.pt (round=180)
Classification: train=1.0000 test=0.9568 round=180
[round 180] timing train=549.776s distribution=5.950s agg=0.194s eval=270.490s total=826.439s
Classification: train=1.0000 test=0.9559 round=181
[round 181] timing train=550.555s distribution=5.786s agg=0.196s eval=295.152s total=851.704s
Classification: train=1.0000 test=0.9550 round=182
[round 182] timing train=557.087s distribution=5.002s agg=0.079s eval=291.680s total=853.862s
Classification: train=1.0000 test=0.9532 round=183
[round 183] timing train=551.217s distribution=4.800s agg=0.163s eval=284.227s total=840.419s
Classification: train=1.0000 test=0.9573 round=184
[round 184] timing train=559.428s distribution=5.169s agg=0.120s eval=281.328s total=846.062s
Classification: train=1.0000 test=0.9582 round=185
[round 185] timing train=509.761s distribution=5.890s agg=0.281s eval=257.909s total=773.847s
Classification: train=1.0000 test=0.9573 round=186
[round 186] timing train=551.880s distribution=5.406s agg=0.085s eval=285.071s total=842.459s
Classification: train=1.0000 test=0.9591 round=187
[round 187] timing train=528.019s distribution=5.514s agg=0.163s eval=278.495s total=812.197s
Classification: train=1.0000 test=0.9573 round=188
[round 188] timing train=554.489s distribution=5.333s agg=0.096s eval=272.209s total=832.164s
Classification: train=1.0000 test=0.9573 round=189
[round 189] timing train=528.167s distribution=5.551s agg=0.166s eval=268.487s total=802.405s
Classification: train=1.0000 test=0.9541 round=190
[round 190] timing train=525.438s distribution=4.946s agg=0.116s eval=266.696s total=797.233s
Classification: train=1.0000 test=0.9591 round=191
[round 191] timing train=549.688s distribution=5.090s agg=0.077s eval=299.740s total=854.604s
Classification: train=1.0000 test=0.9545 round=192
[round 192] timing train=528.333s distribution=5.299s agg=0.169s eval=297.913s total=831.728s
Classification: train=1.0000 test=0.9577 round=193
[round 193] timing train=549.668s distribution=6.046s agg=0.186s eval=283.115s total=839.031s
Classification: train=1.0000 test=0.9550 round=194
[round 194] timing train=551.133s distribution=5.134s agg=0.093s eval=298.906s total=855.278s
Classification: train=1.0000 test=0.9559 round=195
[round 195] timing train=566.197s distribution=5.649s agg=0.083s eval=297.359s total=869.320s
Classification: train=1.0000 test=0.9577 round=196
[round 196] timing train=566.402s distribution=5.126s agg=0.189s eval=300.065s total=871.799s
Classification: train=1.0000 test=0.9582 round=197
[round 197] timing train=560.479s distribution=5.479s agg=0.128s eval=301.004s total=867.103s
Classification: train=1.0000 test=0.9545 round=198
[round 198] timing train=571.692s distribution=5.314s agg=0.056s eval=287.988s total=865.082s
Classification: train=1.0000 test=0.9559 round=199
[round 199] timing train=566.929s distribution=5.737s agg=0.149s eval=258.212s total=831.034s
best round is 143, acc is 0.961346
Model saved to ./checkpoint/SpokenArabicDigits/2026-05-04-10har_fedcsl_dir0.05_SpokenArabicDigits_model.pt
