# 2026-05-03 20:58:27  har_scaffold_dir0.1  GPU=6  cwd=/data/user_lixiongfei/CSL-main
# CMD: python3 -u FedCSL_All.py -dataset HAR --config configSCAFFOLD.yml --dirichlet-alpha 0.1 --seed 42 --description har_scaffold_dir0.1 -dataset LSST

/mnt/data/user_liangzhiyu/envs/fedcsl/lib/python3.8/site-packages/scipy/__init__.py:146: UserWarning: A NumPy version >=1.16.5 and <1.23.0 is required for this version of SciPy (detected version 1.23.5
  warnings.warn(f"A NumPy version >={np_minversion} and <{np_maxversion}"
[config] 'configSCAFFOLD.yml' 未找到，重定向到 'config/configSCAFFOLD.yml'
2459
<class 'pandas.core.frame.DataFrame'>
RangeIndex: 2459 entries, 0 to 2458
Data columns (total 7 columns):
 #   Column      Non-Null Count  Dtype 
---  ------      --------------  ----- 
 0   dim_0       2459 non-null   object
 1   dim_1       2459 non-null   object
 2   dim_2       2459 non-null   object
 3   dim_3       2459 non-null   object
 4   dim_4       2459 non-null   object
 5   dim_5       2459 non-null   object
 6   class_vals  2459 non-null   object
dtypes: object(7)
memory usage: 134.6+ KB
None
{36}
<class 'pandas.core.frame.DataFrame'>
RangeIndex: 2459 entries, 0 to 2458
Data columns (total 7 columns):
 #   Column      Non-Null Count  Dtype 
---  ------      --------------  ----- 
 0   dim_0       2459 non-null   object
 1   dim_1       2459 non-null   object
 2   dim_2       2459 non-null   object
 3   dim_3       2459 non-null   object
 4   dim_4       2459 non-null   object
 5   dim_5       2459 non-null   object
 6   class_vals  2459 non-null   object
dtypes: object(7)
memory usage: 134.6+ KB
None
[ 0  0  0 ... 13 13 13]
[  34   35   36   37   38   39   40   41   42   43   44   45   46   47
   48   49   50   51   52   53   54   55   56   57   58   59   60   61
   62   63   64   65   66   67   68   69   70   71   72   73   74   75
   76   77   78   79   80   81   82   83   84   85   86   87   88   89
   90   91   92   93   94   95   96   97   98   99  100  101  102  103
  104  105  106  107  108  109  110  111  112  113  114  115  116  117
  118  119  120  121  122  123  124  125  126  127  128  129  130  131
  132  133  134  135  136  137  138  139  140  141  142  143  144  145
  146  147  148  149  150  151  152  153  154  155  808  809  810  811
  812  813  814  815  816  817  818  819  820  821  822  823  824  825
  826  827  828  829  830  831  832  833  834  835  836  837  838  839
  840  841  842  843  844  845  846  847  848  849  850  851  852  853
  854  855  856  857  858  859  860  861  862  863  864  865  866  867
  877  878  879  880  881  882  883  884  885  886  887  888  889  890
  891  892  893  894  895  896  897  898  899  900  901  902  903  904
  905  906  907  908  909  910  911  912  913  914  915  916  917  918
  919  920  921  922  923  924  925  926  927 1030 1031 1032 1033 1034
 1035 1036 1037 1038 1039 1040 1041 1042 1043 1044 1045 1046 1047 1048
 1049 1050 1051 1053 1054 1055 1056 1057 1058 1059 1060 1061 1062 1063
 1064 1065 1066 1067 1068 1069 1070 1071 1072 1073 1074 1075 1076 1077
 1078 1079 1080 1081 1082 1083 1084 1085 1086 1087 1088 1089 1090 1091
 1092 1093 1094 1095 1096 1097 1098 1099 1100 1101 1102 1103 1104 1105
 1106 1107 1108 1109 1110 1111 1112 1113 1114 1115 1116 1117 1118 1119
 1120 1121 1122 1123 1124 1125 1126 1127 1128 1129 1130 1131 1132 1133
 1134 1135 1136 1137 1138 1139 1140 1141 1142 1143 1144 1145 1146 1147
 1148 1149 1150 1151 1152 1153 1154 1155 1156 1157 1158 1159 1160 1161
 1162 1163 1164 1165 1166 1167 1168 1169 1170 1171 1172 1173 1174 1175
 1176 1177 1178 1179 1180 1181 1182 1183 1184 1185 1186 1187 1188 1189
 1190 1191 1192 1193 1194 1195 1196 1197 1198 1199 1200 1201 1202 1203
 1204 1205 1206 1207 1208 1209 1210 1211 1212 1366 1367 1368 1369 1370
 1371 1372 1373 1374 1375 1376 1377 1378 1379 1380 1381 1382 1383 1384
 1385 1386 1387 1388 1389 1390 1391 1392 1393 1394 1395 1396 1397 1398
 1399 1400 1401 1402 1403 1404 1405 1406 1407 1408 1409 1410 1411 1412
 1413 1414 1434 1435 1436 1437 1438 1439 1440 1441 1442 1443 1444 1445
 1446 1447 1448 1449 1450 1451 1452 1453 1454 1455 1456 1457 1458 1459
 1460 1461 1462 1463 1464 1465 1466 1467 1468 1469 1470 1471 1472 1473
 1474 1475 1476 1477 1478 1479 1480 1481 1482 1483 1484 1485 1486 1487
 1488 1489 1490 1491 1492 1493 1494 1495 1496 1497 1498 1499 1500 1501
 1502 1503 1504 1505 1506 1507 1508 1509 1510 1511 1512 1513 1514 1515
 1516 1517 1518 1519 1520 1521 1522 1523 1524 1525 1526 1527 1528 1529
 1530 1531 1532 1533 1534 1535 1536 1537 2331 2332 2408 2409 2410 2411
 2412 2413 2414 2415 2416 2417 2418 2419 2420 2421 2422 2423 2424 2425
 2426 2427 2428 2429 2430 2431 2432 2433 2434 2435 2436 2437 2438 2439
 2440 2441 2442 2443 2444 2445 2446 2447 2448 2449 2450 2451 2452 2453
 2454 2455 2456 2457]
[1, 1, 1, 1, 1, 1, 1, 1, 1, 1, 1, 1, 1, 1, 1, 1, 1, 1, 1, 1, 1, 1, 1, 1, 1, 1, 1, 1, 1, 1, 1, 1, 1, 1, 1, 1, 1, 1, 1, 1, 1, 1, 1, 1, 1, 1, 1, 1, 1, 1, 1, 1, 1, 1, 1, 1, 1, 1, 1, 1, 1, 1, 1, 1, 1, 1, 1, 1, 1, 1, 1, 1, 1, 1, 1, 1, 1, 1, 1, 1, 1, 1, 1, 1, 1, 1, 1, 1, 1, 1, 1, 1, 1, 1, 1, 1, 1, 1, 1, 1, 1, 1, 1, 1, 1, 1, 1, 1, 1, 1, 1, 1, 1, 1, 1, 1, 1, 1, 1, 1, 1, 1, 4, 4, 4, 4, 4, 4, 4, 4, 4, 4, 4, 4, 4, 4, 4, 4, 4, 4, 4, 4, 4, 4, 4, 4, 4, 4, 4, 4, 4, 4, 4, 4, 4, 4, 4, 4, 4, 4, 4, 4, 4, 4, 4, 4, 4, 4, 4, 4, 4, 4, 4, 4, 4, 4, 4, 4, 4, 4, 4, 4, 6, 6, 6, 6, 6, 6, 6, 6, 6, 6, 6, 6, 6, 6, 6, 6, 6, 6, 6, 6, 6, 6, 6, 6, 6, 6, 6, 6, 6, 6, 6, 6, 6, 6, 6, 6, 6, 6, 6, 6, 6, 6, 6, 6, 6, 6, 6, 6, 6, 6, 6, 7, 7, 7, 7, 7, 7, 7, 7, 7, 7, 7, 7, 7, 7, 7, 7, 7, 7, 7, 7, 7, 7, 8, 8, 8, 8, 8, 8, 8, 8, 8, 8, 8, 8, 8, 8, 8, 8, 8, 8, 8, 8, 8, 8, 8, 8, 8, 8, 8, 8, 8, 8, 8, 8, 8, 8, 8, 8, 8, 8, 8, 8, 8, 8, 8, 8, 8, 8, 8, 8, 8, 8, 8, 8, 8, 8, 8, 8, 8, 8, 8, 8, 8, 8, 8, 8, 8, 8, 8, 8, 8, 8, 8, 8, 8, 8, 8, 8, 8, 8, 8, 8, 8, 8, 8, 8, 8, 8, 8, 8, 8, 8, 8, 8, 8, 8, 8, 8, 8, 8, 8, 8, 8, 8, 8, 8, 8, 8, 8, 8, 8, 8, 8, 8, 8, 8, 8, 8, 8, 8, 8, 8, 8, 8, 8, 8, 8, 8, 8, 8, 8, 8, 8, 8, 8, 8, 8, 8, 8, 8, 8, 8, 8, 8, 8, 8, 8, 8, 8, 8, 8, 8, 8, 8, 8, 8, 8, 8, 8, 8, 8, 8, 9, 9, 9, 9, 9, 9, 9, 9, 9, 9, 9, 9, 9, 9, 9, 9, 9, 9, 9, 9, 9, 9, 9, 9, 9, 9, 9, 9, 9, 9, 9, 9, 9, 9, 9, 9, 9, 9, 9, 9, 9, 9, 9, 9, 9, 9, 9, 9, 9, 10, 10, 10, 10, 10, 10, 10, 10, 10, 10, 10, 10, 10, 10, 10, 10, 10, 10, 10, 10, 10, 10, 10, 10, 10, 10, 10, 10, 10, 10, 10, 10, 10, 10, 10, 10, 10, 10, 10, 10, 10, 10, 10, 10, 10, 10, 10, 10, 10, 10, 10, 10, 10, 10, 10, 10, 10, 10, 10, 10, 10, 10, 10, 10, 10, 10, 10, 10, 10, 10, 10, 10, 10, 10, 10, 10, 10, 10, 10, 10, 10, 10, 10, 10, 10, 10, 10, 10, 10, 10, 10, 10, 10, 10, 10, 10, 10, 10, 10, 10, 10, 10, 10, 10, 12, 12, 13, 13, 13, 13, 13, 13, 13, 13, 13, 13, 13, 13, 13, 13, 13, 13, 13, 13, 13, 13, 13, 13, 13, 13, 13, 13, 13, 13, 13, 13, 13, 13, 13, 13, 13, 13, 13, 13, 13, 13, 13, 13, 13, 13, 13, 13, 13, 13, 13, 13]
[2, 2, 2, 2, 2, 2, 2, 2, 2, 2, 2, 2, 2, 2, 2, 2, 2, 2, 2, 2, 2, 2, 2, 2, 2, 2, 2, 2, 2, 2, 2, 2, 2, 2, 2, 2, 2, 2, 2, 2, 2, 2, 2, 2, 2, 2, 2, 2, 2, 2, 2, 2, 2, 2, 2, 2, 2, 2, 2, 2, 2, 2, 2, 2, 2, 2, 2, 2, 2, 2, 2, 2, 2, 2, 2, 2, 2, 2, 2, 2, 2, 2, 2, 2, 2, 2, 2, 2, 2, 2, 2, 2, 2, 2, 2, 2, 2, 2, 2, 2, 2, 2, 2, 2, 2, 2, 2, 2, 2, 2, 2, 2, 2, 2, 2, 2, 2, 2, 2, 2, 2, 2, 2, 2, 2, 2, 2, 2, 2, 2, 2, 2, 2, 2, 2, 2, 2, 2, 2, 2, 2, 2, 2, 2, 2, 2, 2, 2, 2, 2, 2, 2, 2, 2, 2, 2, 2, 2, 2, 2, 2, 2, 2, 2, 2, 2, 2, 2, 2, 2, 2, 2, 2, 2, 2, 2, 2, 2, 2, 2, 2, 2, 2, 2, 2, 2, 2, 2, 2, 2, 2, 2, 2, 2, 2, 2, 2, 2, 2, 2, 2, 2, 2, 2, 2, 2, 2, 2, 2, 2, 2, 2, 2, 2, 2, 2, 2, 2, 2, 2, 2, 2, 2, 2, 2, 2, 2, 2, 2, 2, 2, 2, 2, 2, 2, 2, 2, 2, 2, 2, 2, 2, 2, 2, 2, 2, 2, 2, 2, 2, 2, 2, 2, 2, 2, 2, 2, 2, 2, 2, 2, 2, 2, 2, 2, 2, 2, 2, 2, 3, 3, 3, 3, 3, 3, 3, 3, 3, 3, 3, 3, 3, 3, 3, 3, 3, 3, 3, 3, 3, 3, 3, 3, 3, 3, 3, 3, 3, 3, 3, 3, 3, 3, 3, 3, 3, 3, 3, 3, 3, 3, 3, 3, 3, 3, 3, 3, 3, 3, 3, 3, 3, 3, 3, 3, 3, 3, 3, 3, 3, 3, 3, 3, 3, 3, 3, 3, 3, 3, 3, 3, 3, 3, 3, 3, 3, 3, 3, 3, 3, 3, 3, 3, 3, 3, 3, 3, 3, 3, 3, 3, 3, 3, 3, 3, 3, 3, 3, 3, 3, 3, 3, 3, 3, 3, 3, 3, 3, 3, 3, 3, 3, 3, 3, 3, 3, 3, 3, 3, 3, 3, 3, 3, 3, 3, 3, 3, 3, 3, 3, 3, 3, 3, 3, 3, 3, 3, 3, 3, 3, 3, 3, 3, 3, 3, 3, 3, 3, 3, 3, 3, 3, 3, 3, 3, 3, 3, 3, 3, 3, 3, 3, 3, 3, 3, 3, 3, 3, 3, 3, 3, 3, 3, 3, 3, 3, 3, 3, 3, 3, 3, 3, 3, 3, 3, 3, 3, 3, 3, 3, 3, 3, 3, 3, 3, 3, 3, 3, 3, 3, 3, 3, 3, 3, 3, 3, 3, 3, 3, 3, 3, 3, 3, 3, 3, 3, 3, 3, 3, 3, 3, 3, 3, 3, 3, 3, 3, 3, 3, 3, 3, 3, 3, 3, 3, 3, 3, 3, 3, 3, 3, 3, 3, 3, 3, 3, 3, 3, 3, 3, 3, 3, 3, 3, 3, 3, 3, 3, 3, 3, 3, 3, 3, 3, 3, 3, 3, 3, 3, 3, 3, 3, 3, 3, 3, 3, 3, 3, 3, 3, 3, 3, 3, 3, 3, 3, 3, 3, 3, 3, 3, 3, 3, 3, 3, 3, 3, 3, 3, 3, 3, 3, 3, 3, 3, 3, 3, 3, 3, 3, 3, 3, 3, 3, 3, 3, 3, 3, 3, 3, 3, 3, 3, 3, 3, 3, 3, 3, 3, 3, 3, 3, 3, 3, 3, 3, 3, 3, 3, 3, 3, 3, 3, 3, 3, 3, 3, 3, 3, 3, 3, 3, 3, 3, 3, 3, 3, 3, 3, 3, 3, 3, 3, 3, 3, 3, 3, 3, 3, 3, 3, 3, 3, 3, 3, 3, 3, 3, 3, 8, 8, 8, 8, 8, 8, 8, 8, 8, 8, 9, 9, 9, 9, 9, 9, 9, 9, 9, 9, 9, 9, 9, 9, 9, 9, 9, 9, 10, 10, 10, 10, 10, 10, 10, 10, 10, 10, 10, 10, 10, 10, 10, 11, 11, 11, 11, 11, 11, 11, 11, 11, 11, 11, 11, 11, 11, 11, 11, 11, 11, 11, 11, 11, 11, 11, 11, 11, 11, 11, 11, 11, 11, 11, 11, 11, 11, 11, 11, 11, 11, 11, 11, 11, 11, 11, 11, 11, 11, 11, 11, 11, 11, 11, 11, 11, 11, 11, 11, 11, 11, 11, 11, 11, 11, 11, 11, 12, 12, 12, 12, 12, 12, 12, 12, 12, 12, 12, 12, 12, 12, 12, 12, 12, 12, 12, 12, 12, 12, 12, 12, 12, 12, 12, 12, 12, 12, 12, 12, 12, 12, 12, 12, 12, 12, 12, 12, 12, 12, 12, 12, 12, 12, 12, 12, 12, 12, 12, 12, 12, 12, 12, 12, 12, 12, 12, 12, 12, 12, 12, 12, 12, 12, 12, 12, 12, 12, 12, 12, 12, 12, 13]
[0, 0, 0, 0, 0, 0, 0, 0, 0, 0, 0, 0, 0, 0, 0, 0, 0, 0, 0, 0, 0, 0, 0, 0, 0, 0, 0, 0, 0, 0, 0, 0, 0, 0, 1, 2, 3, 4, 4, 5, 5, 5, 5, 5, 5, 5, 6, 6, 6, 6, 6, 6, 6, 6, 6, 6, 6, 6, 6, 6, 6, 6, 6, 6, 6, 6, 6, 6, 6, 6, 6, 6, 6, 6, 6, 6, 6, 6, 6, 6, 6, 6, 6, 6, 6, 6, 6, 6, 6, 6, 6, 6, 6, 6, 6, 6, 6, 6, 6, 6, 6, 6, 6, 6, 6, 6, 6, 6, 6, 6, 6, 6, 6, 6, 6, 6, 6, 6, 6, 6, 6, 6, 6, 6, 6, 6, 6, 6, 6, 6, 6, 6, 6, 6, 6, 6, 6, 6, 6, 6, 6, 6, 6, 6, 6, 6, 6, 6, 7, 8, 8, 8, 8, 8, 8, 8, 8, 8, 8, 8, 8, 8, 8, 8, 8, 8, 8, 8, 8, 8, 8, 8, 8, 8, 8, 8, 8, 8, 8, 8, 8, 8, 8, 8, 8, 8, 8, 8, 8, 8, 8, 8, 8, 8, 8, 8, 8, 8, 8, 8, 8, 8, 8, 8, 8, 8, 8, 8, 8, 8, 8, 8, 8, 8, 8, 8, 8, 8, 8, 8, 8, 8, 8, 8, 8, 8, 8, 8, 8, 8, 8, 8, 8, 8, 8, 8, 8, 8, 8, 8, 8, 8, 8, 8, 8, 8, 8, 8, 8, 8, 8, 8, 8, 8, 8, 8, 8, 8, 8, 8, 8, 8, 8, 8, 8, 8, 8, 8, 8, 8, 8, 8, 8, 8, 8, 8, 8, 8, 8, 8, 8, 8, 8, 8, 8, 8, 8, 8, 8, 8, 8, 8, 9, 10, 11, 11, 11, 11, 11, 11, 11, 11, 11, 11, 11, 11, 11, 11, 11, 11, 11, 11, 11, 11, 11, 11, 11, 11, 11, 11, 11, 11, 11, 11, 11, 11, 11, 11, 11, 11, 11, 11, 11, 11, 11, 11, 11, 11, 11, 11, 11, 11, 11, 11, 11, 11, 11, 11, 11, 11, 11, 11, 11, 11, 11, 11, 11, 11, 11, 11, 11, 11, 11, 11, 11, 11, 11, 11, 11, 11, 11, 11, 11, 11, 11, 11, 11, 11, 11, 11, 11, 11, 11, 11, 11, 11, 11, 11, 11, 11, 11, 11, 11, 11, 11, 11, 11, 11, 11, 11, 11, 11, 11, 11, 11, 11, 11, 11, 11, 11, 11, 11, 11, 11, 11, 11, 11, 11, 11, 11, 11, 11, 11, 11, 11, 11, 11, 11, 11, 11, 11, 11, 11, 11, 11, 11, 11, 11, 11, 11, 11, 11, 11, 11, 11, 11, 11, 11, 11, 11, 11, 11, 11, 11, 11, 11, 11, 11, 11, 11, 11, 11, 11, 11, 11, 11, 11, 11, 11, 11, 11, 11, 11, 11, 11, 11, 11, 11, 11, 11, 11, 11, 11, 11, 11, 11, 11, 11, 11, 11, 11, 11, 11, 11, 11, 11, 11, 11, 11, 11, 11, 11, 11, 11, 11, 11, 11, 11, 11, 11, 11, 11, 11, 11, 11, 11, 11, 11, 11, 11, 11, 11, 11, 11, 11, 11, 11, 11, 11, 11, 11, 11, 11, 11, 11, 11, 11, 11, 11, 11, 11, 11, 11, 11, 11, 11, 11, 11, 11, 11, 11, 11, 11, 11, 11, 11, 11, 11, 11, 11, 11, 11, 11, 11, 11, 11, 11, 11, 11, 11, 11, 11, 11, 11, 11, 11, 11, 11, 11, 11, 11, 11, 11, 11, 11, 11, 11, 11, 11, 11, 11, 11, 11, 11, 11, 11, 11, 11, 11, 11, 11, 11, 11, 11, 11, 11, 11, 11, 11, 11, 11, 11, 11, 11, 11, 11, 11, 11, 11, 11, 11, 11, 11, 11, 11, 11, 11, 11, 11, 11, 11, 11, 11, 11, 11, 11, 11, 11, 11, 11, 11, 11, 11, 11, 11, 11, 11, 11, 11, 11, 11, 11, 11, 11, 11, 11, 11, 11, 11, 11, 11, 11, 11, 11, 11, 11, 11, 11, 11, 11, 11, 11, 11, 11, 11, 11, 11, 11, 11, 11, 11, 11, 11, 11, 11, 11, 11, 11, 11, 11, 11, 11, 11, 11, 11, 11, 11, 11, 11, 11, 11, 11, 11, 11, 11, 11, 11, 11, 11, 11, 11, 11, 11, 11, 11, 11, 11, 11, 11, 11, 11, 11, 11, 11, 11, 11, 11, 11, 11, 11, 11, 11, 11, 11, 11, 11, 11, 11, 11, 11, 11, 11, 11, 11, 11, 11, 11, 11, 11, 11, 11, 11, 11, 11, 11, 11, 11, 11, 11, 11, 11, 11, 11, 11, 11, 11, 11, 11, 11, 11, 11, 11, 11, 11, 11, 11, 11, 11, 11, 11, 11, 11, 11, 11, 11, 11, 11, 11, 11, 11, 11, 11, 11, 11, 11, 11, 11, 11, 11, 11, 11, 11, 11, 11, 11, 11, 11, 11, 11, 11, 11, 11, 11, 11, 11, 11, 11, 11, 11, 11, 11, 11, 11, 11, 11, 11, 11, 11, 11, 11, 11, 11, 11, 11, 11, 11, 11, 11, 11, 11, 11, 11, 11, 11, 11, 11, 11, 11, 11, 11, 11, 11, 11, 11, 11, 11, 11, 11, 11, 11, 11, 11, 11, 11, 11, 11, 11, 11, 11, 11, 11, 11, 11, 11, 11, 11, 11, 11, 11, 11, 11, 11, 11, 11, 11, 11, 11, 11, 11, 11, 11, 11, 11, 11, 11, 11, 11, 11, 11, 11, 11, 11, 11, 11, 11, 11, 11, 11, 11, 11, 11, 11, 11, 11, 11, 11, 11, 11, 11, 11, 11, 11, 11, 11, 11, 11, 11, 11, 11, 11, 11, 11, 11, 11, 11, 11, 11, 11, 11, 11, 11, 11, 11, 11, 11, 11, 11, 11, 11, 11, 11, 11, 11, 11, 11, 11, 11, 11, 11, 11, 11, 11, 11, 11, 11, 11, 11, 11, 11, 11, 11, 11, 11, 11, 11, 11, 11, 11, 11, 11, 11, 11, 11, 11, 11, 11, 11, 11, 11, 11, 11, 11, 11, 11, 11, 11, 11, 11, 11, 11, 11, 11, 11, 11, 11, 11, 11, 12]
shapelet initialized!
[SCAFFOLD] round 1/200 start  selected=[0, 1, 2]
[SCAFFOLD] round 1/200 local_train done in 47.1s
[SCAFFOLD] round 1/200 done  train_acc=1.0000 test_acc=0.5981 best=0.5981@r1 avg_loss=nan eval=51.0s
[SCAFFOLD] round 2/200 start  selected=[0, 1, 2]
[SCAFFOLD] round 2/200 local_train done in 50.2s
[SCAFFOLD] round 2/200 done  train_acc=1.0000 test_acc=0.6006 best=0.6006@r2 avg_loss=nan eval=50.2s
[SCAFFOLD] round 3/200 start  selected=[0, 1, 2]
[SCAFFOLD] round 3/200 local_train done in 52.4s
[SCAFFOLD] round 3/200 done  train_acc=1.0000 test_acc=0.5989 best=0.6006@r2 avg_loss=nan eval=49.0s
[SCAFFOLD] round 4/200 start  selected=[0, 1, 2]
[SCAFFOLD] round 4/200 local_train done in 50.1s
[SCAFFOLD] round 4/200 done  train_acc=1.0000 test_acc=0.5933 best=0.6006@r2 avg_loss=nan eval=52.5s
[SCAFFOLD] round 5/200 start  selected=[0, 1, 2]
[SCAFFOLD] round 5/200 local_train done in 51.4s
[SCAFFOLD] round 5/200 done  train_acc=1.0000 test_acc=0.5965 best=0.6006@r2 avg_loss=nan eval=50.4s
[SCAFFOLD] round 6/200 start  selected=[0, 1, 2]
[SCAFFOLD] round 6/200 local_train done in 52.5s
[SCAFFOLD] round 6/200 done  train_acc=1.0000 test_acc=0.5912 best=0.6006@r2 avg_loss=nan eval=49.4s
[SCAFFOLD] round 7/200 start  selected=[0, 1, 2]
[SCAFFOLD] round 7/200 local_train done in 50.9s
[SCAFFOLD] round 7/200 done  train_acc=1.0000 test_acc=0.5904 best=0.6006@r2 avg_loss=nan eval=51.6s
[SCAFFOLD] round 8/200 start  selected=[0, 1, 2]
[SCAFFOLD] round 8/200 local_train done in 50.9s
[SCAFFOLD] round 8/200 done  train_acc=1.0000 test_acc=0.5888 best=0.6006@r2 avg_loss=nan eval=51.8s
[SCAFFOLD] round 9/200 start  selected=[0, 1, 2]
[SCAFFOLD] round 9/200 local_train done in 59.6s
[SCAFFOLD] round 9/200 done  train_acc=1.0000 test_acc=0.5835 best=0.6006@r2 avg_loss=nan eval=55.3s
[SCAFFOLD] round 10/200 start  selected=[0, 1, 2]
[SCAFFOLD] round 10/200 local_train done in 61.2s
[SCAFFOLD] round 10/200 done  train_acc=1.0000 test_acc=0.5868 best=0.6006@r2 avg_loss=nan eval=56.5s
[SCAFFOLD] round 11/200 start  selected=[0, 1, 2]
[SCAFFOLD] round 11/200 local_train done in 58.3s
[SCAFFOLD] round 11/200 done  train_acc=1.0000 test_acc=0.5831 best=0.6006@r2 avg_loss=nan eval=54.0s
[SCAFFOLD] round 12/200 start  selected=[0, 1, 2]
[SCAFFOLD] round 12/200 local_train done in 62.3s
[SCAFFOLD] round 12/200 done  train_acc=1.0000 test_acc=0.5823 best=0.6006@r2 avg_loss=nan eval=54.4s
[SCAFFOLD] round 13/200 start  selected=[0, 1, 2]
[SCAFFOLD] round 13/200 local_train done in 65.9s
[SCAFFOLD] round 13/200 done  train_acc=1.0000 test_acc=0.5823 best=0.6006@r2 avg_loss=nan eval=53.5s
[SCAFFOLD] round 14/200 start  selected=[0, 1, 2]
[SCAFFOLD] round 14/200 local_train done in 59.5s
[SCAFFOLD] round 14/200 done  train_acc=1.0000 test_acc=0.5852 best=0.6006@r2 avg_loss=nan eval=54.0s
[SCAFFOLD] round 15/200 start  selected=[0, 1, 2]
[SCAFFOLD] round 15/200 local_train done in 54.8s
[SCAFFOLD] round 15/200 done  train_acc=1.0000 test_acc=0.5827 best=0.6006@r2 avg_loss=nan eval=54.1s
[SCAFFOLD] round 16/200 start  selected=[0, 1, 2]
[SCAFFOLD] round 16/200 local_train done in 62.8s
[SCAFFOLD] round 16/200 done  train_acc=1.0000 test_acc=0.5823 best=0.6006@r2 avg_loss=nan eval=52.4s
[SCAFFOLD] round 17/200 start  selected=[0, 1, 2]
[SCAFFOLD] round 17/200 local_train done in 63.0s
[SCAFFOLD] round 17/200 done  train_acc=1.0000 test_acc=0.5783 best=0.6006@r2 avg_loss=nan eval=55.2s
[SCAFFOLD] round 18/200 start  selected=[0, 1, 2]
[SCAFFOLD] round 18/200 local_train done in 59.8s
[SCAFFOLD] round 18/200 done  train_acc=1.0000 test_acc=0.5852 best=0.6006@r2 avg_loss=nan eval=53.1s
[SCAFFOLD] round 19/200 start  selected=[0, 1, 2]
[SCAFFOLD] round 19/200 local_train done in 58.7s
[SCAFFOLD] round 19/200 done  train_acc=1.0000 test_acc=0.5860 best=0.6006@r2 avg_loss=nan eval=53.7s
[SCAFFOLD] round 20/200 start  selected=[0, 1, 2]
[SCAFFOLD] round 20/200 local_train done in 61.8s
[SCAFFOLD] round 20/200 done  train_acc=1.0000 test_acc=0.5880 best=0.6006@r2 avg_loss=nan eval=55.5s
[SCAFFOLD] round 21/200 start  selected=[0, 1, 2]
[SCAFFOLD] round 21/200 local_train done in 62.8s
[SCAFFOLD] round 21/200 done  train_acc=1.0000 test_acc=0.5949 best=0.6006@r2 avg_loss=nan eval=56.8s
[SCAFFOLD] round 22/200 start  selected=[0, 1, 2]
[SCAFFOLD] round 22/200 local_train done in 64.5s
[SCAFFOLD] round 22/200 done  train_acc=1.0000 test_acc=0.5945 best=0.6006@r2 avg_loss=nan eval=58.7s
[SCAFFOLD] round 23/200 start  selected=[0, 1, 2]
[SCAFFOLD] round 23/200 local_train done in 65.3s
[SCAFFOLD] round 23/200 done  train_acc=1.0000 test_acc=0.5941 best=0.6006@r2 avg_loss=nan eval=57.1s
[SCAFFOLD] round 24/200 start  selected=[0, 1, 2]
[SCAFFOLD] round 24/200 local_train done in 59.9s
[SCAFFOLD] round 24/200 done  train_acc=1.0000 test_acc=0.5921 best=0.6006@r2 avg_loss=nan eval=57.6s
[SCAFFOLD] round 25/200 start  selected=[0, 1, 2]
[SCAFFOLD] round 25/200 local_train done in 58.7s
[SCAFFOLD] round 25/200 done  train_acc=1.0000 test_acc=0.5957 best=0.6006@r2 avg_loss=nan eval=56.3s
[SCAFFOLD] round 26/200 start  selected=[0, 1, 2]
[SCAFFOLD] round 26/200 local_train done in 64.8s
[SCAFFOLD] round 26/200 done  train_acc=1.0000 test_acc=0.5912 best=0.6006@r2 avg_loss=nan eval=54.7s
[SCAFFOLD] round 27/200 start  selected=[0, 1, 2]
[SCAFFOLD] round 27/200 local_train done in 61.4s
[SCAFFOLD] round 27/200 done  train_acc=1.0000 test_acc=0.5957 best=0.6006@r2 avg_loss=nan eval=56.1s
[SCAFFOLD] round 28/200 start  selected=[0, 1, 2]
[SCAFFOLD] round 28/200 local_train done in 60.1s
[SCAFFOLD] round 28/200 done  train_acc=1.0000 test_acc=0.5916 best=0.6006@r2 avg_loss=nan eval=55.7s
[SCAFFOLD] round 29/200 start  selected=[0, 1, 2]
[SCAFFOLD] round 29/200 local_train done in 63.6s
[SCAFFOLD] round 29/200 done  train_acc=1.0000 test_acc=0.5945 best=0.6006@r2 avg_loss=nan eval=53.0s
[SCAFFOLD] round 30/200 start  selected=[0, 1, 2]
[SCAFFOLD] round 30/200 local_train done in 63.1s
[SCAFFOLD] round 30/200 done  train_acc=1.0000 test_acc=0.5945 best=0.6006@r2 avg_loss=nan eval=52.7s
[SCAFFOLD] checkpoint saved → ./checkpoint/resume/baseline_scaffold_LSST_2026-05-03-20har_scaffold_dir0.1.pt (round=30)
[SCAFFOLD] round 31/200 start  selected=[0, 1, 2]
[SCAFFOLD] round 31/200 local_train done in 54.2s
[SCAFFOLD] round 31/200 done  train_acc=1.0000 test_acc=0.5945 best=0.6006@r2 avg_loss=nan eval=54.8s
[SCAFFOLD] round 32/200 start  selected=[0, 1, 2]
[SCAFFOLD] round 32/200 local_train done in 64.7s
[SCAFFOLD] round 32/200 done  train_acc=1.0000 test_acc=0.5904 best=0.6006@r2 avg_loss=nan eval=54.3s
[SCAFFOLD] round 33/200 start  selected=[0, 1, 2]
[SCAFFOLD] round 33/200 local_train done in 67.2s
[SCAFFOLD] round 33/200 done  train_acc=1.0000 test_acc=0.5941 best=0.6006@r2 avg_loss=nan eval=54.9s
[SCAFFOLD] round 34/200 start  selected=[0, 1, 2]
[SCAFFOLD] round 34/200 local_train done in 61.3s
[SCAFFOLD] round 34/200 done  train_acc=1.0000 test_acc=0.5884 best=0.6006@r2 avg_loss=nan eval=55.2s
[SCAFFOLD] round 35/200 start  selected=[0, 1, 2]
[SCAFFOLD] round 35/200 local_train done in 58.0s
[SCAFFOLD] round 35/200 done  train_acc=1.0000 test_acc=0.5888 best=0.6006@r2 avg_loss=nan eval=56.4s
[SCAFFOLD] round 36/200 start  selected=[0, 1, 2]
[SCAFFOLD] round 36/200 local_train done in 64.3s
[SCAFFOLD] round 36/200 done  train_acc=1.0000 test_acc=0.5860 best=0.6006@r2 avg_loss=nan eval=55.1s
[SCAFFOLD] round 37/200 start  selected=[0, 1, 2]
[SCAFFOLD] round 37/200 local_train done in 67.3s
[SCAFFOLD] round 37/200 done  train_acc=1.0000 test_acc=0.5880 best=0.6006@r2 avg_loss=nan eval=52.9s
[SCAFFOLD] round 38/200 start  selected=[0, 1, 2]
[SCAFFOLD] round 38/200 local_train done in 59.9s
[SCAFFOLD] round 38/200 done  train_acc=1.0000 test_acc=0.5900 best=0.6006@r2 avg_loss=nan eval=55.4s
[SCAFFOLD] round 39/200 start  selected=[0, 1, 2]
[SCAFFOLD] round 39/200 local_train done in 58.7s
[SCAFFOLD] round 39/200 done  train_acc=1.0000 test_acc=0.5896 best=0.6006@r2 avg_loss=nan eval=54.4s
[SCAFFOLD] round 40/200 start  selected=[0, 1, 2]
[SCAFFOLD] round 40/200 local_train done in 61.2s
[SCAFFOLD] round 40/200 done  train_acc=1.0000 test_acc=0.5888 best=0.6006@r2 avg_loss=nan eval=53.5s
[SCAFFOLD] round 41/200 start  selected=[0, 1, 2]
[SCAFFOLD] round 41/200 local_train done in 63.0s
[SCAFFOLD] round 41/200 done  train_acc=1.0000 test_acc=0.5908 best=0.6006@r2 avg_loss=nan eval=55.2s
[SCAFFOLD] round 42/200 start  selected=[0, 1, 2]
[SCAFFOLD] round 42/200 local_train done in 65.6s
[SCAFFOLD] round 42/200 done  train_acc=1.0000 test_acc=0.5933 best=0.6006@r2 avg_loss=nan eval=55.5s
[SCAFFOLD] round 43/200 start  selected=[0, 1, 2]
[SCAFFOLD] round 43/200 local_train done in 61.4s
[SCAFFOLD] round 43/200 done  train_acc=1.0000 test_acc=0.5941 best=0.6006@r2 avg_loss=nan eval=55.4s
[SCAFFOLD] round 44/200 start  selected=[0, 1, 2]
[SCAFFOLD] round 44/200 local_train done in 55.7s
[SCAFFOLD] round 44/200 done  train_acc=1.0000 test_acc=0.5945 best=0.6006@r2 avg_loss=nan eval=55.6s
[SCAFFOLD] round 45/200 start  selected=[0, 1, 2]
[SCAFFOLD] round 45/200 local_train done in 62.5s
[SCAFFOLD] round 45/200 done  train_acc=1.0000 test_acc=0.5937 best=0.6006@r2 avg_loss=nan eval=57.6s
[SCAFFOLD] round 46/200 start  selected=[0, 1, 2]
[SCAFFOLD] round 46/200 local_train done in 65.8s
[SCAFFOLD] round 46/200 done  train_acc=1.0000 test_acc=0.5929 best=0.6006@r2 avg_loss=nan eval=54.7s
[SCAFFOLD] round 47/200 start  selected=[0, 1, 2]
[SCAFFOLD] round 47/200 local_train done in 59.0s
[SCAFFOLD] round 47/200 done  train_acc=1.0000 test_acc=0.5937 best=0.6006@r2 avg_loss=nan eval=54.3s
[SCAFFOLD] round 48/200 start  selected=[0, 1, 2]
[SCAFFOLD] round 48/200 local_train done in 60.6s
[SCAFFOLD] round 48/200 done  train_acc=1.0000 test_acc=0.5933 best=0.6006@r2 avg_loss=nan eval=55.5s
[SCAFFOLD] round 49/200 start  selected=[0, 1, 2]
[SCAFFOLD] round 49/200 local_train done in 61.7s
[SCAFFOLD] round 49/200 done  train_acc=1.0000 test_acc=0.5908 best=0.6006@r2 avg_loss=nan eval=54.0s
[SCAFFOLD] round 50/200 start  selected=[0, 1, 2]
[SCAFFOLD] round 50/200 local_train done in 59.0s
[SCAFFOLD] round 50/200 done  train_acc=1.0000 test_acc=0.5868 best=0.6006@r2 avg_loss=nan eval=53.6s
[SCAFFOLD] round 51/200 start  selected=[0, 1, 2]
[SCAFFOLD] round 51/200 local_train done in 58.0s
[SCAFFOLD] round 51/200 done  train_acc=1.0000 test_acc=0.5929 best=0.6006@r2 avg_loss=nan eval=56.3s
[SCAFFOLD] round 52/200 start  selected=[0, 1, 2]
[SCAFFOLD] round 52/200 local_train done in 66.3s
[SCAFFOLD] round 52/200 done  train_acc=1.0000 test_acc=0.5852 best=0.6006@r2 avg_loss=nan eval=54.4s
[SCAFFOLD] round 53/200 start  selected=[0, 1, 2]
[SCAFFOLD] round 53/200 local_train done in 62.4s
[SCAFFOLD] round 53/200 done  train_acc=1.0000 test_acc=0.5957 best=0.6006@r2 avg_loss=nan eval=54.9s
[SCAFFOLD] round 54/200 start  selected=[0, 1, 2]
[SCAFFOLD] round 54/200 local_train done in 53.6s
[SCAFFOLD] round 54/200 done  train_acc=1.0000 test_acc=0.5949 best=0.6006@r2 avg_loss=nan eval=54.7s
[SCAFFOLD] round 55/200 start  selected=[0, 1, 2]
[SCAFFOLD] round 55/200 local_train done in 64.0s
[SCAFFOLD] round 55/200 done  train_acc=1.0000 test_acc=0.5916 best=0.6006@r2 avg_loss=nan eval=51.4s
[SCAFFOLD] round 56/200 start  selected=[0, 1, 2]
[SCAFFOLD] round 56/200 local_train done in 65.7s
[SCAFFOLD] round 56/200 done  train_acc=1.0000 test_acc=0.5904 best=0.6006@r2 avg_loss=nan eval=54.0s
[SCAFFOLD] round 57/200 start  selected=[0, 1, 2]
[SCAFFOLD] round 57/200 local_train done in 60.2s
[SCAFFOLD] round 57/200 done  train_acc=1.0000 test_acc=0.5937 best=0.6006@r2 avg_loss=nan eval=67.0s
[SCAFFOLD] round 58/200 start  selected=[0, 1, 2]
[SCAFFOLD] round 58/200 local_train done in 61.6s
[SCAFFOLD] round 58/200 done  train_acc=1.0000 test_acc=0.5912 best=0.6006@r2 avg_loss=nan eval=70.7s
[SCAFFOLD] round 59/200 start  selected=[0, 1, 2]
[SCAFFOLD] round 59/200 local_train done in 64.6s
[SCAFFOLD] round 59/200 done  train_acc=1.0000 test_acc=0.5880 best=0.6006@r2 avg_loss=nan eval=71.1s
[SCAFFOLD] round 60/200 start  selected=[0, 1, 2]
[SCAFFOLD] round 60/200 local_train done in 60.3s
[SCAFFOLD] round 60/200 done  train_acc=1.0000 test_acc=0.5892 best=0.6006@r2 avg_loss=nan eval=67.3s
[SCAFFOLD] checkpoint saved → ./checkpoint/resume/baseline_scaffold_LSST_2026-05-03-20har_scaffold_dir0.1.pt (round=60)
[SCAFFOLD] round 61/200 start  selected=[0, 1, 2]
[SCAFFOLD] round 61/200 local_train done in 61.8s
[SCAFFOLD] round 61/200 done  train_acc=1.0000 test_acc=0.5912 best=0.6006@r2 avg_loss=nan eval=70.0s
[SCAFFOLD] round 62/200 start  selected=[0, 1, 2]
[SCAFFOLD] round 62/200 local_train done in 65.2s
[SCAFFOLD] round 62/200 done  train_acc=1.0000 test_acc=0.5916 best=0.6006@r2 avg_loss=nan eval=71.4s
[SCAFFOLD] round 63/200 start  selected=[0, 1, 2]
[SCAFFOLD] round 63/200 local_train done in 57.1s
[SCAFFOLD] round 63/200 done  train_acc=1.0000 test_acc=0.5900 best=0.6006@r2 avg_loss=nan eval=67.4s
[SCAFFOLD] round 64/200 start  selected=[0, 1, 2]
[SCAFFOLD] round 64/200 local_train done in 63.1s
[SCAFFOLD] round 64/200 done  train_acc=1.0000 test_acc=0.5848 best=0.6006@r2 avg_loss=nan eval=71.4s
[SCAFFOLD] round 65/200 start  selected=[0, 1, 2]
[SCAFFOLD] round 65/200 local_train done in 64.6s
[SCAFFOLD] round 65/200 done  train_acc=1.0000 test_acc=0.5843 best=0.6006@r2 avg_loss=nan eval=70.0s
[SCAFFOLD] round 66/200 start  selected=[0, 1, 2]
[SCAFFOLD] round 66/200 local_train done in 63.8s
[SCAFFOLD] round 66/200 done  train_acc=1.0000 test_acc=0.5848 best=0.6006@r2 avg_loss=nan eval=69.4s
[SCAFFOLD] round 67/200 start  selected=[0, 1, 2]
[SCAFFOLD] round 67/200 local_train done in 64.2s
[SCAFFOLD] round 67/200 done  train_acc=1.0000 test_acc=0.5868 best=0.6006@r2 avg_loss=nan eval=70.7s
[SCAFFOLD] round 68/200 start  selected=[0, 1, 2]
[SCAFFOLD] round 68/200 local_train done in 69.8s
[SCAFFOLD] round 68/200 done  train_acc=1.0000 test_acc=0.5819 best=0.6006@r2 avg_loss=nan eval=81.8s
[SCAFFOLD] round 69/200 start  selected=[0, 1, 2]
[SCAFFOLD] round 69/200 local_train done in 110.1s
[SCAFFOLD] round 69/200 done  train_acc=1.0000 test_acc=0.5811 best=0.6006@r2 avg_loss=nan eval=80.8s
[SCAFFOLD] round 70/200 start  selected=[0, 1, 2]
[SCAFFOLD] round 70/200 local_train done in 121.4s
[SCAFFOLD] round 70/200 done  train_acc=1.0000 test_acc=0.5811 best=0.6006@r2 avg_loss=nan eval=81.0s
[SCAFFOLD] round 71/200 start  selected=[0, 1, 2]
[SCAFFOLD] round 71/200 local_train done in 129.0s
[SCAFFOLD] round 71/200 done  train_acc=1.0000 test_acc=0.5835 best=0.6006@r2 avg_loss=nan eval=89.3s
[SCAFFOLD] round 72/200 start  selected=[0, 1, 2]
[SCAFFOLD] round 72/200 local_train done in 131.2s
[SCAFFOLD] round 72/200 done  train_acc=1.0000 test_acc=0.5791 best=0.6006@r2 avg_loss=nan eval=81.6s
[SCAFFOLD] round 73/200 start  selected=[0, 1, 2]
[SCAFFOLD] round 73/200 local_train done in 129.0s
[SCAFFOLD] round 73/200 done  train_acc=1.0000 test_acc=0.5779 best=0.6006@r2 avg_loss=nan eval=90.5s
[SCAFFOLD] round 74/200 start  selected=[0, 1, 2]
[SCAFFOLD] round 74/200 local_train done in 124.7s
[SCAFFOLD] round 74/200 done  train_acc=1.0000 test_acc=0.5787 best=0.6006@r2 avg_loss=nan eval=82.0s
[SCAFFOLD] round 75/200 start  selected=[0, 1, 2]
[SCAFFOLD] round 75/200 local_train done in 125.6s
[SCAFFOLD] round 75/200 done  train_acc=1.0000 test_acc=0.5791 best=0.6006@r2 avg_loss=nan eval=89.5s
[SCAFFOLD] round 76/200 start  selected=[0, 1, 2]
[SCAFFOLD] round 76/200 local_train done in 128.6s
[SCAFFOLD] round 76/200 done  train_acc=1.0000 test_acc=0.5819 best=0.6006@r2 avg_loss=nan eval=96.6s
[SCAFFOLD] round 77/200 start  selected=[0, 1, 2]
[SCAFFOLD] round 77/200 local_train done in 137.3s
[SCAFFOLD] round 77/200 done  train_acc=1.0000 test_acc=0.5815 best=0.6006@r2 avg_loss=nan eval=96.3s
[SCAFFOLD] round 78/200 start  selected=[0, 1, 2]
[SCAFFOLD] round 78/200 local_train done in 135.6s
[SCAFFOLD] round 78/200 done  train_acc=1.0000 test_acc=0.5795 best=0.6006@r2 avg_loss=nan eval=93.4s
[SCAFFOLD] round 79/200 start  selected=[0, 1, 2]
[SCAFFOLD] round 79/200 local_train done in 137.6s
[SCAFFOLD] round 79/200 done  train_acc=1.0000 test_acc=0.5839 best=0.6006@r2 avg_loss=nan eval=96.5s
[SCAFFOLD] round 80/200 start  selected=[0, 1, 2]
[SCAFFOLD] round 80/200 local_train done in 129.8s
[SCAFFOLD] round 80/200 done  train_acc=1.0000 test_acc=0.5835 best=0.6006@r2 avg_loss=nan eval=87.3s
[SCAFFOLD] round 81/200 start  selected=[0, 1, 2]
[SCAFFOLD] round 81/200 local_train done in 126.7s
[SCAFFOLD] round 81/200 done  train_acc=1.0000 test_acc=0.5892 best=0.6006@r2 avg_loss=nan eval=83.0s
[SCAFFOLD] round 82/200 start  selected=[0, 1, 2]
[SCAFFOLD] round 82/200 local_train done in 123.6s
[SCAFFOLD] round 82/200 done  train_acc=1.0000 test_acc=0.5860 best=0.6006@r2 avg_loss=nan eval=92.3s
[SCAFFOLD] round 83/200 start  selected=[0, 1, 2]
[SCAFFOLD] round 83/200 local_train done in 127.0s
[SCAFFOLD] round 83/200 done  train_acc=1.0000 test_acc=0.5880 best=0.6006@r2 avg_loss=nan eval=91.3s
[SCAFFOLD] round 84/200 start  selected=[0, 1, 2]
[SCAFFOLD] round 84/200 local_train done in 133.0s
[SCAFFOLD] round 84/200 done  train_acc=1.0000 test_acc=0.5807 best=0.6006@r2 avg_loss=nan eval=100.0s
[SCAFFOLD] round 85/200 start  selected=[0, 1, 2]
[SCAFFOLD] round 85/200 local_train done in 132.7s
[SCAFFOLD] round 85/200 done  train_acc=1.0000 test_acc=0.5779 best=0.6006@r2 avg_loss=nan eval=96.9s
[SCAFFOLD] round 86/200 start  selected=[0, 1, 2]
[SCAFFOLD] round 86/200 local_train done in 137.8s
[SCAFFOLD] round 86/200 done  train_acc=1.0000 test_acc=0.5791 best=0.6006@r2 avg_loss=nan eval=87.6s
[SCAFFOLD] round 87/200 start  selected=[0, 1, 2]
[SCAFFOLD] round 87/200 local_train done in 137.8s
[SCAFFOLD] round 87/200 done  train_acc=1.0000 test_acc=0.5791 best=0.6006@r2 avg_loss=nan eval=95.1s
[SCAFFOLD] round 88/200 start  selected=[0, 1, 2]
[SCAFFOLD] round 88/200 local_train done in 131.2s
[SCAFFOLD] round 88/200 done  train_acc=1.0000 test_acc=0.5807 best=0.6006@r2 avg_loss=nan eval=88.5s
[SCAFFOLD] round 89/200 start  selected=[0, 1, 2]
[SCAFFOLD] round 89/200 local_train done in 133.6s
[SCAFFOLD] round 89/200 done  train_acc=1.0000 test_acc=0.5779 best=0.6006@r2 avg_loss=nan eval=91.1s
[SCAFFOLD] round 90/200 start  selected=[0, 1, 2]
[SCAFFOLD] round 90/200 local_train done in 136.7s
[SCAFFOLD] round 90/200 done  train_acc=1.0000 test_acc=0.5831 best=0.6006@r2 avg_loss=nan eval=98.9s
[SCAFFOLD] checkpoint saved → ./checkpoint/resume/baseline_scaffold_LSST_2026-05-03-20har_scaffold_dir0.1.pt (round=90)
[SCAFFOLD] round 91/200 start  selected=[0, 1, 2]
[SCAFFOLD] round 91/200 local_train done in 136.4s
[SCAFFOLD] round 91/200 done  train_acc=1.0000 test_acc=0.5835 best=0.6006@r2 avg_loss=nan eval=94.1s
[SCAFFOLD] round 92/200 start  selected=[0, 1, 2]
[SCAFFOLD] round 92/200 local_train done in 138.6s
[SCAFFOLD] round 92/200 done  train_acc=1.0000 test_acc=0.5799 best=0.6006@r2 avg_loss=nan eval=95.3s
[SCAFFOLD] round 93/200 start  selected=[0, 1, 2]
[SCAFFOLD] round 93/200 local_train done in 141.4s
[SCAFFOLD] round 93/200 done  train_acc=1.0000 test_acc=0.5799 best=0.6006@r2 avg_loss=nan eval=80.7s
[SCAFFOLD] round 94/200 start  selected=[0, 1, 2]
[SCAFFOLD] round 94/200 local_train done in 137.3s
[SCAFFOLD] round 94/200 done  train_acc=1.0000 test_acc=0.5831 best=0.6006@r2 avg_loss=nan eval=91.6s
[SCAFFOLD] round 95/200 start  selected=[0, 1, 2]
[SCAFFOLD] round 95/200 local_train done in 140.0s
[SCAFFOLD] round 95/200 done  train_acc=1.0000 test_acc=0.5884 best=0.6006@r2 avg_loss=nan eval=86.1s
[SCAFFOLD] round 96/200 start  selected=[0, 1, 2]
[SCAFFOLD] round 96/200 local_train done in 129.9s
[SCAFFOLD] round 96/200 done  train_acc=1.0000 test_acc=0.5904 best=0.6006@r2 avg_loss=nan eval=90.4s
[SCAFFOLD] round 97/200 start  selected=[0, 1, 2]
[SCAFFOLD] round 97/200 local_train done in 130.6s
[SCAFFOLD] round 97/200 done  train_acc=1.0000 test_acc=0.5888 best=0.6006@r2 avg_loss=nan eval=88.9s
[SCAFFOLD] round 98/200 start  selected=[0, 1, 2]
[SCAFFOLD] round 98/200 local_train done in 136.9s
[SCAFFOLD] round 98/200 done  train_acc=1.0000 test_acc=0.5848 best=0.6006@r2 avg_loss=nan eval=78.7s
[SCAFFOLD] round 99/200 start  selected=[0, 1, 2]
[SCAFFOLD] round 99/200 local_train done in 111.4s
[SCAFFOLD] round 99/200 done  train_acc=1.0000 test_acc=0.5876 best=0.6006@r2 avg_loss=nan eval=94.4s
[SCAFFOLD] round 100/200 start  selected=[0, 1, 2]
[SCAFFOLD] round 100/200 local_train done in 132.7s
[SCAFFOLD] round 100/200 done  train_acc=1.0000 test_acc=0.5839 best=0.6006@r2 avg_loss=nan eval=95.5s
[SCAFFOLD] round 101/200 start  selected=[0, 1, 2]
[SCAFFOLD] round 101/200 local_train done in 126.1s
[SCAFFOLD] round 101/200 done  train_acc=1.0000 test_acc=0.5900 best=0.6006@r2 avg_loss=nan eval=87.8s
[SCAFFOLD] round 102/200 start  selected=[0, 1, 2]
[SCAFFOLD] round 102/200 local_train done in 128.2s
[SCAFFOLD] round 102/200 done  train_acc=1.0000 test_acc=0.5941 best=0.6006@r2 avg_loss=nan eval=85.3s
[SCAFFOLD] round 103/200 start  selected=[0, 1, 2]
[SCAFFOLD] round 103/200 local_train done in 124.9s
[SCAFFOLD] round 103/200 done  train_acc=1.0000 test_acc=0.5872 best=0.6006@r2 avg_loss=nan eval=84.3s
[SCAFFOLD] round 104/200 start  selected=[0, 1, 2]
[SCAFFOLD] round 104/200 local_train done in 131.9s
[SCAFFOLD] round 104/200 done  train_acc=1.0000 test_acc=0.5831 best=0.6006@r2 avg_loss=nan eval=86.0s
[SCAFFOLD] round 105/200 start  selected=[0, 1, 2]
[SCAFFOLD] round 105/200 local_train done in 129.2s
[SCAFFOLD] round 105/200 done  train_acc=1.0000 test_acc=0.5823 best=0.6006@r2 avg_loss=nan eval=91.1s
[SCAFFOLD] round 106/200 start  selected=[0, 1, 2]
[SCAFFOLD] round 106/200 local_train done in 136.3s
[SCAFFOLD] round 106/200 done  train_acc=1.0000 test_acc=0.5856 best=0.6006@r2 avg_loss=nan eval=88.1s
[SCAFFOLD] round 107/200 start  selected=[0, 1, 2]
[SCAFFOLD] round 107/200 local_train done in 131.8s
[SCAFFOLD] round 107/200 done  train_acc=1.0000 test_acc=0.5831 best=0.6006@r2 avg_loss=nan eval=88.2s
[SCAFFOLD] round 108/200 start  selected=[0, 1, 2]
[SCAFFOLD] round 108/200 local_train done in 123.3s
[SCAFFOLD] round 108/200 done  train_acc=1.0000 test_acc=0.5876 best=0.6006@r2 avg_loss=nan eval=85.8s
[SCAFFOLD] round 109/200 start  selected=[0, 1, 2]
[SCAFFOLD] round 109/200 local_train done in 120.0s
[SCAFFOLD] round 109/200 done  train_acc=1.0000 test_acc=0.5864 best=0.6006@r2 avg_loss=nan eval=86.8s
[SCAFFOLD] round 110/200 start  selected=[0, 1, 2]
[SCAFFOLD] round 110/200 local_train done in 118.8s
[SCAFFOLD] round 110/200 done  train_acc=1.0000 test_acc=0.5860 best=0.6006@r2 avg_loss=nan eval=89.6s
[SCAFFOLD] round 111/200 start  selected=[0, 1, 2]
[SCAFFOLD] round 111/200 local_train done in 129.3s
[SCAFFOLD] round 111/200 done  train_acc=1.0000 test_acc=0.5831 best=0.6006@r2 avg_loss=nan eval=88.7s
[SCAFFOLD] round 112/200 start  selected=[0, 1, 2]
[SCAFFOLD] round 112/200 local_train done in 130.1s
[SCAFFOLD] round 112/200 done  train_acc=1.0000 test_acc=0.5864 best=0.6006@r2 avg_loss=nan eval=94.7s
[SCAFFOLD] round 113/200 start  selected=[0, 1, 2]
[SCAFFOLD] round 113/200 local_train done in 126.6s
[SCAFFOLD] round 113/200 done  train_acc=1.0000 test_acc=0.5876 best=0.6006@r2 avg_loss=nan eval=92.7s
[SCAFFOLD] round 114/200 start  selected=[0, 1, 2]
[SCAFFOLD] round 114/200 local_train done in 128.1s
[SCAFFOLD] round 114/200 done  train_acc=1.0000 test_acc=0.5807 best=0.6006@r2 avg_loss=nan eval=92.0s
[SCAFFOLD] round 115/200 start  selected=[0, 1, 2]
[SCAFFOLD] round 115/200 local_train done in 130.1s
[SCAFFOLD] round 115/200 done  train_acc=1.0000 test_acc=0.5815 best=0.6006@r2 avg_loss=nan eval=88.4s
[SCAFFOLD] round 116/200 start  selected=[0, 1, 2]
[SCAFFOLD] round 116/200 local_train done in 126.9s
[SCAFFOLD] round 116/200 done  train_acc=1.0000 test_acc=0.5823 best=0.6006@r2 avg_loss=nan eval=91.3s
[SCAFFOLD] round 117/200 start  selected=[0, 1, 2]
[SCAFFOLD] round 117/200 local_train done in 135.7s
[SCAFFOLD] round 117/200 done  train_acc=1.0000 test_acc=0.5819 best=0.6006@r2 avg_loss=nan eval=94.8s
[SCAFFOLD] round 118/200 start  selected=[0, 1, 2]
[SCAFFOLD] round 118/200 local_train done in 134.0s
[SCAFFOLD] round 118/200 done  train_acc=1.0000 test_acc=0.5831 best=0.6006@r2 avg_loss=nan eval=89.5s
[SCAFFOLD] round 119/200 start  selected=[0, 1, 2]
[SCAFFOLD] round 119/200 local_train done in 140.3s
[SCAFFOLD] round 119/200 done  train_acc=1.0000 test_acc=0.5827 best=0.6006@r2 avg_loss=nan eval=93.2s
[SCAFFOLD] round 120/200 start  selected=[0, 1, 2]
[SCAFFOLD] round 120/200 local_train done in 139.9s
[SCAFFOLD] round 120/200 done  train_acc=1.0000 test_acc=0.5843 best=0.6006@r2 avg_loss=nan eval=89.6s
[SCAFFOLD] checkpoint saved → ./checkpoint/resume/baseline_scaffold_LSST_2026-05-03-20har_scaffold_dir0.1.pt (round=120)
[SCAFFOLD] round 121/200 start  selected=[0, 1, 2]
[SCAFFOLD] round 121/200 local_train done in 141.0s
[SCAFFOLD] round 121/200 done  train_acc=1.0000 test_acc=0.5839 best=0.6006@r2 avg_loss=nan eval=89.8s
[SCAFFOLD] round 122/200 start  selected=[0, 1, 2]
[SCAFFOLD] round 122/200 local_train done in 142.2s
[SCAFFOLD] round 122/200 done  train_acc=1.0000 test_acc=0.5835 best=0.6006@r2 avg_loss=nan eval=94.8s
[SCAFFOLD] round 123/200 start  selected=[0, 1, 2]
[SCAFFOLD] round 123/200 local_train done in 134.2s
[SCAFFOLD] round 123/200 done  train_acc=1.0000 test_acc=0.5819 best=0.6006@r2 avg_loss=nan eval=90.3s
[SCAFFOLD] round 124/200 start  selected=[0, 1, 2]
[SCAFFOLD] round 124/200 local_train done in 138.6s
[SCAFFOLD] round 124/200 done  train_acc=1.0000 test_acc=0.5791 best=0.6006@r2 avg_loss=nan eval=77.6s
[SCAFFOLD] round 125/200 start  selected=[0, 1, 2]
[SCAFFOLD] round 125/200 local_train done in 125.8s
[SCAFFOLD] round 125/200 done  train_acc=1.0000 test_acc=0.5852 best=0.6006@r2 avg_loss=nan eval=92.9s
[SCAFFOLD] round 126/200 start  selected=[0, 1, 2]
[SCAFFOLD] round 126/200 local_train done in 134.5s
[SCAFFOLD] round 126/200 done  train_acc=1.0000 test_acc=0.5827 best=0.6006@r2 avg_loss=nan eval=91.5s
[SCAFFOLD] round 127/200 start  selected=[0, 1, 2]
[SCAFFOLD] round 127/200 local_train done in 135.5s
[SCAFFOLD] round 127/200 done  train_acc=1.0000 test_acc=0.5831 best=0.6006@r2 avg_loss=nan eval=95.9s
[SCAFFOLD] round 128/200 start  selected=[0, 1, 2]
[SCAFFOLD] round 128/200 local_train done in 136.2s
[SCAFFOLD] round 128/200 done  train_acc=1.0000 test_acc=0.5843 best=0.6006@r2 avg_loss=nan eval=92.8s
[SCAFFOLD] round 129/200 start  selected=[0, 1, 2]
[SCAFFOLD] round 129/200 local_train done in 137.8s
[SCAFFOLD] round 129/200 done  train_acc=1.0000 test_acc=0.5848 best=0.6006@r2 avg_loss=nan eval=95.1s
[SCAFFOLD] round 130/200 start  selected=[0, 1, 2]
[SCAFFOLD] round 130/200 local_train done in 154.2s
[SCAFFOLD] round 130/200 done  train_acc=1.0000 test_acc=0.5843 best=0.6006@r2 avg_loss=nan eval=88.1s
[SCAFFOLD] round 131/200 start  selected=[0, 1, 2]
[SCAFFOLD] round 131/200 local_train done in 130.7s
[SCAFFOLD] round 131/200 done  train_acc=1.0000 test_acc=0.5872 best=0.6006@r2 avg_loss=nan eval=90.2s
[SCAFFOLD] round 132/200 start  selected=[0, 1, 2]
[SCAFFOLD] round 132/200 local_train done in 126.6s
[SCAFFOLD] round 132/200 done  train_acc=1.0000 test_acc=0.5852 best=0.6006@r2 avg_loss=nan eval=91.7s
[SCAFFOLD] round 133/200 start  selected=[0, 1, 2]
[SCAFFOLD] round 133/200 local_train done in 133.1s
[SCAFFOLD] round 133/200 done  train_acc=1.0000 test_acc=0.5880 best=0.6006@r2 avg_loss=nan eval=93.0s
[SCAFFOLD] round 134/200 start  selected=[0, 1, 2]
[SCAFFOLD] round 134/200 local_train done in 125.3s
[SCAFFOLD] round 134/200 done  train_acc=1.0000 test_acc=0.5896 best=0.6006@r2 avg_loss=nan eval=89.4s
[SCAFFOLD] round 135/200 start  selected=[0, 1, 2]
[SCAFFOLD] round 135/200 local_train done in 130.8s
[SCAFFOLD] round 135/200 done  train_acc=1.0000 test_acc=0.5868 best=0.6006@r2 avg_loss=nan eval=91.8s
[SCAFFOLD] round 136/200 start  selected=[0, 1, 2]
[SCAFFOLD] round 136/200 local_train done in 129.6s
[SCAFFOLD] round 136/200 done  train_acc=1.0000 test_acc=0.5908 best=0.6006@r2 avg_loss=nan eval=89.1s
[SCAFFOLD] round 137/200 start  selected=[0, 1, 2]
[SCAFFOLD] round 137/200 local_train done in 126.0s
[SCAFFOLD] round 137/200 done  train_acc=1.0000 test_acc=0.5921 best=0.6006@r2 avg_loss=nan eval=89.6s
[SCAFFOLD] round 138/200 start  selected=[0, 1, 2]
[SCAFFOLD] round 138/200 local_train done in 130.3s
[SCAFFOLD] round 138/200 done  train_acc=1.0000 test_acc=0.5864 best=0.6006@r2 avg_loss=nan eval=91.5s
[SCAFFOLD] round 139/200 start  selected=[0, 1, 2]
[SCAFFOLD] round 139/200 local_train done in 122.2s
[SCAFFOLD] round 139/200 done  train_acc=1.0000 test_acc=0.5908 best=0.6006@r2 avg_loss=nan eval=86.5s
[SCAFFOLD] round 140/200 start  selected=[0, 1, 2]
[SCAFFOLD] round 140/200 local_train done in 122.1s
[SCAFFOLD] round 140/200 done  train_acc=1.0000 test_acc=0.5929 best=0.6006@r2 avg_loss=nan eval=95.0s
[SCAFFOLD] round 141/200 start  selected=[0, 1, 2]
[SCAFFOLD] round 141/200 local_train done in 125.0s
[SCAFFOLD] round 141/200 done  train_acc=1.0000 test_acc=0.5896 best=0.6006@r2 avg_loss=nan eval=91.7s
[SCAFFOLD] round 142/200 start  selected=[0, 1, 2]
[SCAFFOLD] round 142/200 local_train done in 132.3s
[SCAFFOLD] round 142/200 done  train_acc=1.0000 test_acc=0.5880 best=0.6006@r2 avg_loss=nan eval=89.4s
[SCAFFOLD] round 143/200 start  selected=[0, 1, 2]
[SCAFFOLD] round 143/200 local_train done in 129.8s
[SCAFFOLD] round 143/200 done  train_acc=1.0000 test_acc=0.5848 best=0.6006@r2 avg_loss=nan eval=86.5s
[SCAFFOLD] round 144/200 start  selected=[0, 1, 2]
[SCAFFOLD] round 144/200 local_train done in 128.5s
[SCAFFOLD] round 144/200 done  train_acc=1.0000 test_acc=0.5827 best=0.6006@r2 avg_loss=nan eval=94.0s
[SCAFFOLD] round 145/200 start  selected=[0, 1, 2]
[SCAFFOLD] round 145/200 local_train done in 136.1s
[SCAFFOLD] round 145/200 done  train_acc=1.0000 test_acc=0.5827 best=0.6006@r2 avg_loss=nan eval=92.1s
[SCAFFOLD] round 146/200 start  selected=[0, 1, 2]
[SCAFFOLD] round 146/200 local_train done in 140.1s
[SCAFFOLD] round 146/200 done  train_acc=1.0000 test_acc=0.5848 best=0.6006@r2 avg_loss=nan eval=89.9s
[SCAFFOLD] round 147/200 start  selected=[0, 1, 2]
[SCAFFOLD] round 147/200 local_train done in 132.9s
[SCAFFOLD] round 147/200 done  train_acc=1.0000 test_acc=0.5884 best=0.6006@r2 avg_loss=nan eval=91.6s
[SCAFFOLD] round 148/200 start  selected=[0, 1, 2]
[SCAFFOLD] round 148/200 local_train done in 135.9s
[SCAFFOLD] round 148/200 done  train_acc=1.0000 test_acc=0.5876 best=0.6006@r2 avg_loss=nan eval=90.6s
[SCAFFOLD] round 149/200 start  selected=[0, 1, 2]
[SCAFFOLD] round 149/200 local_train done in 137.2s
[SCAFFOLD] round 149/200 done  train_acc=1.0000 test_acc=0.5884 best=0.6006@r2 avg_loss=nan eval=94.3s
[SCAFFOLD] round 150/200 start  selected=[0, 1, 2]
[SCAFFOLD] round 150/200 local_train done in 139.4s
[SCAFFOLD] round 150/200 done  train_acc=1.0000 test_acc=0.5843 best=0.6006@r2 avg_loss=nan eval=90.7s
[SCAFFOLD] checkpoint saved → ./checkpoint/resume/baseline_scaffold_LSST_2026-05-03-20har_scaffold_dir0.1.pt (round=150)
[SCAFFOLD] round 151/200 start  selected=[0, 1, 2]
[SCAFFOLD] round 151/200 local_train done in 136.9s
[SCAFFOLD] round 151/200 done  train_acc=1.0000 test_acc=0.5868 best=0.6006@r2 avg_loss=nan eval=92.4s
[SCAFFOLD] round 152/200 start  selected=[0, 1, 2]
[SCAFFOLD] round 152/200 local_train done in 132.9s
[SCAFFOLD] round 152/200 done  train_acc=1.0000 test_acc=0.5884 best=0.6006@r2 avg_loss=nan eval=87.4s
[SCAFFOLD] round 153/200 start  selected=[0, 1, 2]
[SCAFFOLD] round 153/200 local_train done in 137.6s
[SCAFFOLD] round 153/200 done  train_acc=1.0000 test_acc=0.5856 best=0.6006@r2 avg_loss=nan eval=91.3s
[SCAFFOLD] round 154/200 start  selected=[0, 1, 2]
[SCAFFOLD] round 154/200 local_train done in 132.3s
[SCAFFOLD] round 154/200 done  train_acc=1.0000 test_acc=0.5884 best=0.6006@r2 avg_loss=nan eval=92.0s
[SCAFFOLD] round 155/200 start  selected=[0, 1, 2]
[SCAFFOLD] round 155/200 local_train done in 136.3s
[SCAFFOLD] round 155/200 done  train_acc=1.0000 test_acc=0.5888 best=0.6006@r2 avg_loss=nan eval=78.7s
[SCAFFOLD] round 156/200 start  selected=[0, 1, 2]
[SCAFFOLD] round 156/200 local_train done in 125.5s
[SCAFFOLD] round 156/200 done  train_acc=1.0000 test_acc=0.5916 best=0.6006@r2 avg_loss=nan eval=86.6s
[SCAFFOLD] round 157/200 start  selected=[0, 1, 2]
[SCAFFOLD] round 157/200 local_train done in 136.1s
[SCAFFOLD] round 157/200 done  train_acc=1.0000 test_acc=0.5896 best=0.6006@r2 avg_loss=nan eval=89.2s
[SCAFFOLD] round 158/200 start  selected=[0, 1, 2]
[SCAFFOLD] round 158/200 local_train done in 136.1s
[SCAFFOLD] round 158/200 done  train_acc=1.0000 test_acc=0.5916 best=0.6006@r2 avg_loss=nan eval=91.6s
[SCAFFOLD] round 159/200 start  selected=[0, 1, 2]
[SCAFFOLD] round 159/200 local_train done in 130.8s
[SCAFFOLD] round 159/200 done  train_acc=1.0000 test_acc=0.5888 best=0.6006@r2 avg_loss=nan eval=86.9s
[SCAFFOLD] round 160/200 start  selected=[0, 1, 2]
[SCAFFOLD] round 160/200 local_train done in 129.3s
[SCAFFOLD] round 160/200 done  train_acc=1.0000 test_acc=0.5884 best=0.6006@r2 avg_loss=nan eval=84.9s
[SCAFFOLD] round 161/200 start  selected=[0, 1, 2]
[SCAFFOLD] round 161/200 local_train done in 136.0s
[SCAFFOLD] round 161/200 done  train_acc=1.0000 test_acc=0.5848 best=0.6006@r2 avg_loss=nan eval=86.7s
[SCAFFOLD] round 162/200 start  selected=[0, 1, 2]
[SCAFFOLD] round 162/200 local_train done in 118.7s
[SCAFFOLD] round 162/200 done  train_acc=1.0000 test_acc=0.5852 best=0.6006@r2 avg_loss=nan eval=88.6s
[SCAFFOLD] round 163/200 start  selected=[0, 1, 2]
[SCAFFOLD] round 163/200 local_train done in 124.5s
[SCAFFOLD] round 163/200 done  train_acc=1.0000 test_acc=0.5831 best=0.6006@r2 avg_loss=nan eval=86.2s
[SCAFFOLD] round 164/200 start  selected=[0, 1, 2]
[SCAFFOLD] round 164/200 local_train done in 129.6s
[SCAFFOLD] round 164/200 done  train_acc=1.0000 test_acc=0.5848 best=0.6006@r2 avg_loss=nan eval=86.4s
[SCAFFOLD] round 165/200 start  selected=[0, 1, 2]
[SCAFFOLD] round 165/200 local_train done in 127.9s
[SCAFFOLD] round 165/200 done  train_acc=1.0000 test_acc=0.5908 best=0.6006@r2 avg_loss=nan eval=84.6s
[SCAFFOLD] round 166/200 start  selected=[0, 1, 2]
[SCAFFOLD] round 166/200 local_train done in 129.7s
[SCAFFOLD] round 166/200 done  train_acc=1.0000 test_acc=0.5904 best=0.6006@r2 avg_loss=nan eval=88.8s
[SCAFFOLD] round 167/200 start  selected=[0, 1, 2]
[SCAFFOLD] round 167/200 local_train done in 129.7s
[SCAFFOLD] round 167/200 done  train_acc=1.0000 test_acc=0.5900 best=0.6006@r2 avg_loss=nan eval=90.0s
[SCAFFOLD] round 168/200 start  selected=[0, 1, 2]
[SCAFFOLD] round 168/200 local_train done in 125.7s
[SCAFFOLD] round 168/200 done  train_acc=1.0000 test_acc=0.5908 best=0.6006@r2 avg_loss=nan eval=87.4s
[SCAFFOLD] round 169/200 start  selected=[0, 1, 2]
[SCAFFOLD] round 169/200 local_train done in 132.8s
[SCAFFOLD] round 169/200 done  train_acc=1.0000 test_acc=0.5872 best=0.6006@r2 avg_loss=nan eval=89.4s
[SCAFFOLD] round 170/200 start  selected=[0, 1, 2]
[SCAFFOLD] round 170/200 local_train done in 135.6s
[SCAFFOLD] round 170/200 done  train_acc=1.0000 test_acc=0.5868 best=0.6006@r2 avg_loss=nan eval=93.8s
[SCAFFOLD] round 171/200 start  selected=[0, 1, 2]
[SCAFFOLD] round 171/200 local_train done in 134.4s
[SCAFFOLD] round 171/200 done  train_acc=1.0000 test_acc=0.5880 best=0.6006@r2 avg_loss=nan eval=92.5s
[SCAFFOLD] round 172/200 start  selected=[0, 1, 2]
[SCAFFOLD] round 172/200 local_train done in 136.5s
[SCAFFOLD] round 172/200 done  train_acc=1.0000 test_acc=0.5864 best=0.6006@r2 avg_loss=nan eval=84.5s
[SCAFFOLD] round 173/200 start  selected=[0, 1, 2]
[SCAFFOLD] round 173/200 local_train done in 130.7s
[SCAFFOLD] round 173/200 done  train_acc=1.0000 test_acc=0.5860 best=0.6006@r2 avg_loss=nan eval=90.6s
[SCAFFOLD] round 174/200 start  selected=[0, 1, 2]
[SCAFFOLD] round 174/200 local_train done in 125.5s
[SCAFFOLD] round 174/200 done  train_acc=1.0000 test_acc=0.5852 best=0.6006@r2 avg_loss=nan eval=85.5s
[SCAFFOLD] round 175/200 start  selected=[0, 1, 2]
[SCAFFOLD] round 175/200 local_train done in 120.1s
[SCAFFOLD] round 175/200 done  train_acc=1.0000 test_acc=0.5888 best=0.6006@r2 avg_loss=nan eval=89.8s
[SCAFFOLD] round 176/200 start  selected=[0, 1, 2]
[SCAFFOLD] round 176/200 local_train done in 127.7s
[SCAFFOLD] round 176/200 done  train_acc=1.0000 test_acc=0.5868 best=0.6006@r2 avg_loss=nan eval=84.5s
[SCAFFOLD] round 177/200 start  selected=[0, 1, 2]
[SCAFFOLD] round 177/200 local_train done in 130.9s
[SCAFFOLD] round 177/200 done  train_acc=1.0000 test_acc=0.5876 best=0.6006@r2 avg_loss=nan eval=89.4s
[SCAFFOLD] round 178/200 start  selected=[0, 1, 2]
[SCAFFOLD] round 178/200 local_train done in 136.8s
[SCAFFOLD] round 178/200 done  train_acc=1.0000 test_acc=0.5921 best=0.6006@r2 avg_loss=nan eval=96.3s
[SCAFFOLD] round 179/200 start  selected=[0, 1, 2]
[SCAFFOLD] round 179/200 local_train done in 130.2s
[SCAFFOLD] round 179/200 done  train_acc=1.0000 test_acc=0.5852 best=0.6006@r2 avg_loss=nan eval=95.6s
[SCAFFOLD] round 180/200 start  selected=[0, 1, 2]
[SCAFFOLD] round 180/200 local_train done in 131.3s
[SCAFFOLD] round 180/200 done  train_acc=1.0000 test_acc=0.5900 best=0.6006@r2 avg_loss=nan eval=92.2s
[SCAFFOLD] checkpoint saved → ./checkpoint/resume/baseline_scaffold_LSST_2026-05-03-20har_scaffold_dir0.1.pt (round=180)
[SCAFFOLD] round 181/200 start  selected=[0, 1, 2]
[SCAFFOLD] round 181/200 local_train done in 128.9s
[SCAFFOLD] round 181/200 done  train_acc=1.0000 test_acc=0.5884 best=0.6006@r2 avg_loss=nan eval=94.4s
[SCAFFOLD] round 182/200 start  selected=[0, 1, 2]
[SCAFFOLD] round 182/200 local_train done in 131.3s
[SCAFFOLD] round 182/200 done  train_acc=1.0000 test_acc=0.5912 best=0.6006@r2 avg_loss=nan eval=93.1s
[SCAFFOLD] round 183/200 start  selected=[0, 1, 2]
[SCAFFOLD] round 183/200 local_train done in 133.0s
[SCAFFOLD] round 183/200 done  train_acc=1.0000 test_acc=0.5872 best=0.6006@r2 avg_loss=nan eval=95.9s
[SCAFFOLD] round 184/200 start  selected=[0, 1, 2]
[SCAFFOLD] round 184/200 local_train done in 137.2s
[SCAFFOLD] round 184/200 done  train_acc=1.0000 test_acc=0.5896 best=0.6006@r2 avg_loss=nan eval=91.3s
[SCAFFOLD] round 185/200 start  selected=[0, 1, 2]
[SCAFFOLD] round 185/200 local_train done in 141.5s
[SCAFFOLD] round 185/200 done  train_acc=1.0000 test_acc=0.5848 best=0.6006@r2 avg_loss=nan eval=95.5s
[SCAFFOLD] round 186/200 start  selected=[0, 1, 2]
[SCAFFOLD] round 186/200 local_train done in 140.2s
[SCAFFOLD] round 186/200 done  train_acc=1.0000 test_acc=0.5860 best=0.6006@r2 avg_loss=nan eval=88.5s
[SCAFFOLD] round 187/200 start  selected=[0, 1, 2]
[SCAFFOLD] round 187/200 local_train done in 144.2s
[SCAFFOLD] round 187/200 done  train_acc=1.0000 test_acc=0.5835 best=0.6006@r2 avg_loss=nan eval=88.9s
[SCAFFOLD] round 188/200 start  selected=[0, 1, 2]
[SCAFFOLD] round 188/200 local_train done in 141.5s
[SCAFFOLD] round 188/200 done  train_acc=1.0000 test_acc=0.5799 best=0.6006@r2 avg_loss=nan eval=97.3s
[SCAFFOLD] round 189/200 start  selected=[0, 1, 2]
[SCAFFOLD] round 189/200 local_train done in 142.0s
[SCAFFOLD] round 189/200 done  train_acc=1.0000 test_acc=0.5835 best=0.6006@r2 avg_loss=nan eval=95.7s
[SCAFFOLD] round 190/200 start  selected=[0, 1, 2]
[SCAFFOLD] round 190/200 local_train done in 143.0s
[SCAFFOLD] round 190/200 done  train_acc=1.0000 test_acc=0.5848 best=0.6006@r2 avg_loss=nan eval=91.4s
[SCAFFOLD] round 191/200 start  selected=[0, 1, 2]
[SCAFFOLD] round 191/200 local_train done in 148.8s
[SCAFFOLD] round 191/200 done  train_acc=1.0000 test_acc=0.5835 best=0.6006@r2 avg_loss=nan eval=76.1s
[SCAFFOLD] round 192/200 start  selected=[0, 1, 2]
[SCAFFOLD] round 192/200 local_train done in 117.6s
[SCAFFOLD] round 192/200 done  train_acc=1.0000 test_acc=0.5852 best=0.6006@r2 avg_loss=nan eval=85.9s
[SCAFFOLD] round 193/200 start  selected=[0, 1, 2]
[SCAFFOLD] round 193/200 local_train done in 125.6s
[SCAFFOLD] round 193/200 done  train_acc=1.0000 test_acc=0.5811 best=0.6006@r2 avg_loss=nan eval=93.7s
[SCAFFOLD] round 194/200 start  selected=[0, 1, 2]
[SCAFFOLD] round 194/200 local_train done in 128.1s
[SCAFFOLD] round 194/200 done  train_acc=1.0000 test_acc=0.5807 best=0.6006@r2 avg_loss=nan eval=87.6s
[SCAFFOLD] round 195/200 start  selected=[0, 1, 2]
[SCAFFOLD] round 195/200 local_train done in 132.8s
[SCAFFOLD] round 195/200 done  train_acc=1.0000 test_acc=0.5831 best=0.6006@r2 avg_loss=nan eval=90.7s
[SCAFFOLD] round 196/200 start  selected=[0, 1, 2]
[SCAFFOLD] round 196/200 local_train done in 126.1s
[SCAFFOLD] round 196/200 done  train_acc=1.0000 test_acc=0.5807 best=0.6006@r2 avg_loss=nan eval=86.6s
[SCAFFOLD] round 197/200 start  selected=[0, 1, 2]
[SCAFFOLD] round 197/200 local_train done in 120.0s
[SCAFFOLD] round 197/200 done  train_acc=1.0000 test_acc=0.5848 best=0.6006@r2 avg_loss=nan eval=88.9s
[SCAFFOLD] round 198/200 start  selected=[0, 1, 2]
[SCAFFOLD] round 198/200 local_train done in 112.3s
[SCAFFOLD] round 198/200 done  train_acc=1.0000 test_acc=0.5803 best=0.6006@r2 avg_loss=nan eval=81.5s
[SCAFFOLD] round 199/200 start  selected=[0, 1, 2]
[SCAFFOLD] round 199/200 local_train done in 115.3s
[SCAFFOLD] round 199/200 done  train_acc=1.0000 test_acc=0.5835 best=0.6006@r2 avg_loss=nan eval=89.5s
[SCAFFOLD] round 200/200 start  selected=[0, 1, 2]
[SCAFFOLD] round 200/200 local_train done in 113.5s
[SCAFFOLD] round 200/200 done  train_acc=1.0000 test_acc=0.5839 best=0.6006@r2 avg_loss=nan eval=79.9s
[SCAFFOLD] training done in 37211.3s, best round=1 best_acc=0.6006
Model saved to ./checkpoint/LSST/2026-05-03-20har_scaffold_dir0.1_LSST_model.pt
