# 2026-05-04 14:33:05  har_fedcsl-onehot-fullteacher_dir10.0  GPU=3  cwd=/data/user_lixiongfei/CSL-main
# CMD: python3 -u FedCSL_All.py -dataset HAR --config configFedCSL_OneHot_FullTeacher.yml --dirichlet-alpha 10.0 --seed 42 --description har_fedcsl-onehot-fullteacher_dir10.0 -dataset LSST

/mnt/data/user_liangzhiyu/envs/fedcsl/lib/python3.8/site-packages/scipy/__init__.py:146: UserWarning: A NumPy version >=1.16.5 and <1.23.0 is required for this version of SciPy (detected version 1.23.5
  warnings.warn(f"A NumPy version >={np_minversion} and <{np_maxversion}"
[config] 'configFedCSL_OneHot_FullTeacher.yml' 未找到，重定向到 'config/configFedCSL_OneHot_FullTeacher.yml'
2459
<class 'pandas.core.frame.DataFrame'>
RangeIndex: 2459 entries, 0 to 2458
Data columns (total 7 columns):
 #   Column      Non-Null Count  Dtype 
---  ------      --------------  ----- 
 0   dim_0       2459 non-null   object
 1   dim_1       2459 non-null   object
 2   dim_2       2459 non-null   object
 3   dim_3       2459 non-null   object
 4   dim_4       2459 non-null   object
 5   dim_5       2459 non-null   object
 6   class_vals  2459 non-null   object
dtypes: object(7)
memory usage: 134.6+ KB
None
{36}
<class 'pandas.core.frame.DataFrame'>
RangeIndex: 2459 entries, 0 to 2458
Data columns (total 7 columns):
 #   Column      Non-Null Count  Dtype 
---  ------      --------------  ----- 
 0   dim_0       2459 non-null   object
 1   dim_1       2459 non-null   object
 2   dim_2       2459 non-null   object
 3   dim_3       2459 non-null   object
 4   dim_4       2459 non-null   object
 5   dim_5       2459 non-null   object
 6   class_vals  2459 non-null   object
dtypes: object(7)
memory usage: 134.6+ KB
None
[ 0  0  0 ... 13 13 13]
[   0    1    2    3    4    5    6    7    8    9   10   34   35   36
   37   38   39   40   41   42   43   44   45   46   47   48   49   50
   51   52   53   54   55   56   57   58   59   60   61   62   63   64
   65   66  157  158  159  160  161  162  163  164  165  166  167  168
  169  170  171  172  173  174  175  176  177  178  179  180  181  182
  183  184  185  186  187  188  189  190  191  192  193  194  195  196
  197  198  199  200  201  202  203  204  205  206  207  208  209  210
  211  212  213  214  215  216  217  218  219  220  221  222  223  224
  225  226  227  228  229  230  231  427  428  429  430  431  432  433
  434  435  436  437  438  439  440  441  442  443  444  445  446  447
  448  449  450  451  452  453  454  455  456  457  458  459  460  461
  462  463  464  465  466  467  468  469  470  471  472  473  474  475
  476  477  478  479  480  481  482  483  484  485  486  487  488  489
  490  491  492  493  494  495  496  497  498  499  500  501  502  503
  504  505  506  507  508  509  510  511  512  513  514  515  516  517
  518  519  520  521  522  523  524  525  526  527  528  529  530  531
  532  533  534  535  536  537  538  539  540  541  542  543  544  545
  546  547  548  549  550  551  552  553  554  555  556  557  558  559
  560  561  562  563  564  565  566  567  568  569  570  571  572  573
  574  575  576  577  578  808  809  810  811  812  813  814  815  816
  817  818  819  820  821  822  823  824  825  826  827  828  829  830
  831  832  833  834  835  836  837  838  870  871  877  878  879  880
  881  882  883  884  885  886  887  888  889  890  891  892  893  894
  895  896  897  898  899  900  901  902  903  904  905  906  907  908
  909 1030 1031 1032 1033 1034 1035 1036 1037 1038 1053 1054 1055 1056
 1057 1058 1059 1060 1061 1062 1063 1064 1065 1066 1067 1068 1069 1070
 1071 1072 1073 1074 1075 1076 1077 1078 1079 1080 1081 1082 1083 1084
 1085 1086 1087 1088 1089 1090 1091 1092 1093 1094 1095 1096 1097 1098
 1099 1100 1101 1102 1103 1104 1105 1106 1107 1108 1109 1110 1111 1112
 1113 1114 1115 1116 1117 1118 1119 1120 1121 1122 1123 1124 1125 1126
 1127 1128 1129 1130 1131 1132 1133 1134 1135 1136 1137 1138 1139 1140
 1141 1142 1143 1144 1145 1146 1147 1148 1149 1150 1151 1152 1366 1367
 1368 1369 1370 1371 1372 1373 1374 1375 1376 1377 1378 1379 1380 1381
 1382 1383 1384 1385 1386 1387 1388 1389 1390 1391 1392 1393 1394 1395
 1434 1435 1436 1437 1438 1439 1440 1441 1442 1443 1444 1445 1446 1447
 1448 1449 1450 1451 1452 1453 1454 1455 1456 1457 1458 1459 1460 1554
 1555 1556 1557 1558 1559 1560 1561 1562 1563 1564 1565 1566 1567 1568
 1569 1570 1571 1572 1573 1574 1575 1576 1577 1578 1579 1580 1581 1582
 1583 1584 1585 1586 1587 1588 1589 1590 1591 1592 1593 1594 1595 1596
 1597 1598 1599 1600 1601 1602 1603 1604 1605 1606 1607 1608 1609 1610
 1611 1612 1613 1614 1615 1616 1617 1618 1619 1620 1621 1622 1623 1624
 1625 1626 1627 1628 1629 1630 1631 1632 1633 1634 1635 1636 1637 1638
 1639 1640 1641 1642 1643 1644 1645 1646 1647 1648 1649 1650 1651 1652
 1653 1654 1655 1656 1657 1658 1659 1660 1661 1662 1663 1664 1665 1666
 1667 1668 1669 1670 1671 1672 1673 1674 1675 1676 1677 1678 1679 1680
 1681 1682 1683 1684 1685 1686 1687 1688 1689 1690 1691 1692 1693 1694
 1695 1696 1697 1698 1699 1700 1701 1702 1703 1704 1705 1706 1707 1708
 1709 1710 1711 1712 1713 1714 1715 1716 1717 1718 1719 1720 1721 1722
 1723 1724 1725 1726 1727 1728 1729 1730 1731 1732 1733 1734 1735 1736
 1737 1738 1739 1740 1741 1742 1743 1744 1745 1746 1747 1748 1749 1750
 1751 1752 1753 1754 1755 1756 1757 1758 1759 1760 1761 1762 1763 1764
 1765 1766 1767 1768 1769 1770 1771 1772 1773 1774 1775 1776 1777 1778
 1779 1780 1781 1782 1783 1784 1785 1786 1787 1788 1789 1790 1791 1792
 1793 1794 1795 1796 1797 1798 1799 1800 1801 1802 1803 1804 1805 1806
 1807 1808 1809 1810 1811 1812 1813 1814 2331 2332 2333 2334 2335 2336
 2337 2338 2339 2340 2341 2342 2343 2344 2345 2346 2408 2409 2410 2411
 2412 2413 2414 2415 2416 2417]
[0, 0, 0, 0, 0, 0, 0, 0, 0, 0, 0, 1, 1, 1, 1, 1, 1, 1, 1, 1, 1, 1, 1, 1, 1, 1, 1, 1, 1, 1, 1, 1, 1, 1, 1, 1, 1, 1, 1, 1, 1, 1, 1, 1, 2, 2, 2, 2, 2, 2, 2, 2, 2, 2, 2, 2, 2, 2, 2, 2, 2, 2, 2, 2, 2, 2, 2, 2, 2, 2, 2, 2, 2, 2, 2, 2, 2, 2, 2, 2, 2, 2, 2, 2, 2, 2, 2, 2, 2, 2, 2, 2, 2, 2, 2, 2, 2, 2, 2, 2, 2, 2, 2, 2, 2, 2, 2, 2, 2, 2, 2, 2, 2, 2, 2, 2, 2, 2, 2, 3, 3, 3, 3, 3, 3, 3, 3, 3, 3, 3, 3, 3, 3, 3, 3, 3, 3, 3, 3, 3, 3, 3, 3, 3, 3, 3, 3, 3, 3, 3, 3, 3, 3, 3, 3, 3, 3, 3, 3, 3, 3, 3, 3, 3, 3, 3, 3, 3, 3, 3, 3, 3, 3, 3, 3, 3, 3, 3, 3, 3, 3, 3, 3, 3, 3, 3, 3, 3, 3, 3, 3, 3, 3, 3, 3, 3, 3, 3, 3, 3, 3, 3, 3, 3, 3, 3, 3, 3, 3, 3, 3, 3, 3, 3, 3, 3, 3, 3, 3, 3, 3, 3, 3, 3, 3, 3, 3, 3, 3, 3, 3, 3, 3, 3, 3, 3, 3, 3, 3, 3, 3, 3, 3, 3, 3, 3, 3, 3, 3, 3, 3, 3, 3, 3, 3, 3, 3, 3, 3, 3, 3, 3, 3, 3, 3, 3, 3, 3, 3, 3, 3, 4, 4, 4, 4, 4, 4, 4, 4, 4, 4, 4, 4, 4, 4, 4, 4, 4, 4, 4, 4, 4, 4, 4, 4, 4, 4, 4, 4, 4, 4, 4, 5, 5, 6, 6, 6, 6, 6, 6, 6, 6, 6, 6, 6, 6, 6, 6, 6, 6, 6, 6, 6, 6, 6, 6, 6, 6, 6, 6, 6, 6, 6, 6, 6, 6, 6, 7, 7, 7, 7, 7, 7, 7, 7, 7, 8, 8, 8, 8, 8, 8, 8, 8, 8, 8, 8, 8, 8, 8, 8, 8, 8, 8, 8, 8, 8, 8, 8, 8, 8, 8, 8, 8, 8, 8, 8, 8, 8, 8, 8, 8, 8, 8, 8, 8, 8, 8, 8, 8, 8, 8, 8, 8, 8, 8, 8, 8, 8, 8, 8, 8, 8, 8, 8, 8, 8, 8, 8, 8, 8, 8, 8, 8, 8, 8, 8, 8, 8, 8, 8, 8, 8, 8, 8, 8, 8, 8, 8, 8, 8, 8, 8, 8, 8, 8, 8, 8, 8, 8, 8, 8, 8, 8, 8, 8, 9, 9, 9, 9, 9, 9, 9, 9, 9, 9, 9, 9, 9, 9, 9, 9, 9, 9, 9, 9, 9, 9, 9, 9, 9, 9, 9, 9, 9, 9, 10, 10, 10, 10, 10, 10, 10, 10, 10, 10, 10, 10, 10, 10, 10, 10, 10, 10, 10, 10, 10, 10, 10, 10, 10, 10, 10, 11, 11, 11, 11, 11, 11, 11, 11, 11, 11, 11, 11, 11, 11, 11, 11, 11, 11, 11, 11, 11, 11, 11, 11, 11, 11, 11, 11, 11, 11, 11, 11, 11, 11, 11, 11, 11, 11, 11, 11, 11, 11, 11, 11, 11, 11, 11, 11, 11, 11, 11, 11, 11, 11, 11, 11, 11, 11, 11, 11, 11, 11, 11, 11, 11, 11, 11, 11, 11, 11, 11, 11, 11, 11, 11, 11, 11, 11, 11, 11, 11, 11, 11, 11, 11, 11, 11, 11, 11, 11, 11, 11, 11, 11, 11, 11, 11, 11, 11, 11, 11, 11, 11, 11, 11, 11, 11, 11, 11, 11, 11, 11, 11, 11, 11, 11, 11, 11, 11, 11, 11, 11, 11, 11, 11, 11, 11, 11, 11, 11, 11, 11, 11, 11, 11, 11, 11, 11, 11, 11, 11, 11, 11, 11, 11, 11, 11, 11, 11, 11, 11, 11, 11, 11, 11, 11, 11, 11, 11, 11, 11, 11, 11, 11, 11, 11, 11, 11, 11, 11, 11, 11, 11, 11, 11, 11, 11, 11, 11, 11, 11, 11, 11, 11, 11, 11, 11, 11, 11, 11, 11, 11, 11, 11, 11, 11, 11, 11, 11, 11, 11, 11, 11, 11, 11, 11, 11, 11, 11, 11, 11, 11, 11, 11, 11, 11, 11, 11, 11, 11, 11, 11, 11, 11, 11, 11, 11, 11, 11, 11, 11, 11, 11, 11, 11, 11, 11, 11, 11, 11, 11, 11, 11, 11, 11, 11, 11, 11, 11, 11, 11, 11, 11, 11, 11, 11, 11, 11, 11, 11, 11, 12, 12, 12, 12, 12, 12, 12, 12, 12, 12, 12, 12, 12, 12, 12, 12, 13, 13, 13, 13, 13, 13, 13, 13, 13, 13]
[0, 0, 0, 0, 0, 0, 0, 0, 1, 1, 1, 1, 1, 1, 1, 1, 1, 1, 1, 1, 1, 1, 1, 1, 1, 1, 1, 1, 1, 1, 1, 1, 1, 1, 1, 1, 1, 1, 1, 1, 1, 1, 1, 1, 1, 1, 1, 1, 1, 1, 1, 1, 1, 1, 1, 1, 1, 1, 1, 1, 1, 1, 1, 1, 2, 2, 2, 2, 2, 2, 2, 2, 2, 2, 2, 2, 2, 2, 2, 2, 2, 2, 2, 2, 2, 2, 2, 2, 2, 2, 2, 2, 2, 2, 2, 2, 2, 2, 2, 2, 2, 2, 2, 2, 2, 2, 2, 2, 2, 2, 2, 2, 2, 2, 2, 2, 2, 2, 2, 2, 2, 2, 2, 2, 2, 2, 2, 2, 2, 2, 2, 2, 2, 2, 2, 2, 2, 2, 2, 2, 2, 2, 2, 2, 2, 2, 2, 2, 2, 2, 2, 2, 2, 2, 2, 2, 2, 2, 2, 2, 3, 3, 3, 3, 3, 3, 3, 3, 3, 3, 3, 3, 3, 3, 3, 3, 3, 3, 3, 3, 3, 3, 3, 3, 3, 3, 3, 3, 3, 3, 3, 3, 3, 3, 3, 3, 3, 3, 3, 3, 3, 3, 3, 3, 3, 3, 3, 3, 3, 3, 3, 3, 3, 3, 3, 3, 3, 3, 3, 3, 3, 3, 3, 3, 3, 3, 3, 3, 3, 3, 3, 3, 3, 3, 3, 3, 3, 3, 3, 3, 3, 3, 3, 3, 3, 3, 3, 3, 3, 3, 3, 3, 3, 3, 3, 3, 3, 3, 3, 3, 3, 3, 3, 3, 3, 3, 3, 3, 3, 3, 3, 4, 4, 4, 4, 4, 4, 4, 4, 4, 4, 4, 4, 4, 4, 5, 5, 6, 6, 6, 6, 6, 6, 6, 6, 6, 6, 6, 6, 6, 6, 6, 6, 6, 6, 6, 6, 6, 6, 6, 6, 6, 6, 6, 6, 6, 6, 6, 6, 6, 6, 6, 6, 6, 6, 6, 6, 6, 6, 6, 6, 6, 6, 6, 6, 6, 6, 6, 6, 6, 6, 6, 6, 6, 6, 6, 6, 6, 6, 6, 6, 6, 6, 6, 6, 6, 6, 6, 7, 7, 7, 7, 8, 8, 8, 8, 8, 8, 8, 8, 8, 8, 8, 8, 8, 8, 8, 8, 8, 8, 8, 8, 8, 8, 8, 8, 8, 8, 8, 8, 8, 8, 8, 8, 8, 8, 8, 8, 8, 8, 8, 8, 8, 8, 8, 8, 8, 8, 8, 8, 8, 8, 8, 8, 8, 8, 8, 8, 8, 8, 8, 8, 8, 8, 8, 8, 8, 8, 8, 8, 8, 8, 8, 8, 8, 8, 8, 8, 8, 8, 8, 8, 8, 8, 8, 8, 8, 8, 8, 8, 8, 8, 8, 8, 8, 8, 8, 8, 8, 8, 8, 8, 8, 8, 8, 8, 8, 8, 8, 8, 8, 8, 8, 8, 8, 8, 8, 8, 8, 8, 8, 8, 8, 8, 8, 8, 8, 8, 8, 8, 8, 8, 8, 8, 8, 8, 8, 8, 8, 8, 8, 8, 8, 8, 8, 8, 8, 8, 8, 8, 8, 8, 9, 9, 9, 9, 9, 9, 9, 9, 9, 9, 9, 9, 9, 9, 9, 9, 9, 9, 9, 9, 9, 10, 10, 10, 10, 10, 10, 10, 10, 10, 10, 10, 10, 10, 10, 10, 10, 10, 10, 10, 10, 10, 10, 10, 10, 10, 10, 10, 10, 10, 10, 10, 10, 10, 10, 10, 10, 10, 10, 10, 10, 10, 10, 10, 10, 10, 10, 10, 10, 10, 10, 10, 10, 10, 10, 10, 11, 11, 11, 11, 11, 11, 11, 11, 11, 11, 11, 11, 11, 11, 11, 11, 11, 11, 11, 11, 11, 11, 11, 11, 11, 11, 11, 11, 11, 11, 11, 11, 11, 11, 11, 11, 11, 11, 11, 11, 11, 11, 11, 11, 11, 11, 11, 11, 11, 11, 11, 11, 11, 11, 11, 11, 11, 11, 11, 11, 11, 11, 11, 11, 11, 11, 11, 11, 11, 11, 11, 11, 11, 11, 11, 11, 11, 11, 11, 11, 11, 11, 11, 11, 11, 11, 11, 11, 11, 11, 11, 11, 11, 11, 11, 11, 11, 11, 11, 11, 11, 11, 11, 11, 11, 11, 11, 11, 11, 11, 11, 11, 11, 11, 11, 11, 11, 11, 11, 11, 11, 11, 11, 11, 11, 11, 11, 11, 11, 11, 11, 11, 11, 11, 11, 11, 11, 11, 11, 11, 11, 11, 11, 11, 11, 11, 11, 11, 11, 11, 11, 11, 11, 11, 11, 11, 11, 11, 11, 11, 11, 11, 11, 11, 11, 11, 11, 11, 11, 11, 11, 11, 11, 11, 11, 11, 11, 11, 11, 11, 11, 11, 11, 11, 11, 11, 11, 11, 11, 11, 11, 11, 11, 11, 11, 11, 11, 11, 11, 11, 11, 11, 11, 11, 11, 11, 11, 11, 11, 11, 11, 11, 11, 11, 11, 11, 11, 11, 11, 11, 11, 11, 11, 11, 11, 11, 11, 11, 11, 11, 11, 11, 11, 11, 11, 11, 11, 11, 11, 11, 11, 11, 11, 11, 11, 11, 11, 11, 11, 11, 11, 11, 11, 11, 11, 11, 11, 11, 11, 11, 11, 11, 11, 11, 11, 11, 11, 11, 11, 11, 11, 11, 12, 12, 12, 12, 12, 12, 12, 12, 12, 12, 12, 12, 12, 12, 12, 12, 12, 12, 12, 12, 12, 12, 12, 12, 12, 12, 12, 12, 12, 12, 12, 13, 13, 13, 13, 13, 13, 13, 13, 13, 13, 13, 13, 13, 13, 13, 13, 13, 13, 13, 13, 13, 13, 13, 13, 13, 13, 13, 13, 13]
[0, 0, 0, 0, 0, 0, 0, 0, 0, 0, 0, 0, 0, 0, 0, 1, 1, 1, 1, 1, 1, 1, 1, 1, 1, 1, 1, 1, 1, 1, 1, 1, 1, 1, 1, 1, 1, 1, 1, 1, 1, 1, 1, 1, 1, 1, 1, 1, 1, 2, 2, 2, 2, 2, 2, 2, 2, 2, 2, 2, 2, 2, 2, 2, 2, 2, 2, 2, 2, 2, 2, 2, 2, 2, 2, 2, 2, 2, 2, 2, 2, 2, 2, 2, 2, 2, 2, 2, 2, 2, 2, 2, 2, 2, 2, 2, 2, 2, 2, 2, 2, 2, 2, 2, 2, 2, 2, 2, 2, 2, 2, 2, 2, 2, 2, 2, 2, 2, 2, 2, 2, 2, 2, 2, 2, 2, 2, 2, 2, 2, 2, 2, 2, 2, 2, 2, 2, 2, 2, 2, 2, 2, 2, 2, 2, 2, 2, 2, 3, 3, 3, 3, 3, 3, 3, 3, 3, 3, 3, 3, 3, 3, 3, 3, 3, 3, 3, 3, 3, 3, 3, 3, 3, 3, 3, 3, 3, 3, 3, 3, 3, 3, 3, 3, 3, 3, 3, 3, 3, 3, 3, 3, 3, 3, 3, 3, 3, 3, 3, 3, 3, 3, 3, 3, 3, 3, 3, 3, 3, 3, 3, 3, 3, 3, 3, 3, 3, 3, 3, 3, 3, 3, 3, 3, 3, 3, 3, 3, 3, 3, 3, 3, 3, 3, 3, 3, 3, 3, 3, 3, 3, 3, 3, 3, 3, 3, 3, 3, 3, 3, 3, 3, 3, 3, 3, 3, 3, 3, 3, 3, 3, 3, 3, 3, 3, 3, 4, 4, 4, 4, 4, 4, 4, 4, 4, 4, 4, 4, 4, 4, 4, 4, 4, 5, 5, 5, 6, 6, 6, 6, 6, 6, 6, 6, 6, 6, 6, 6, 6, 6, 6, 6, 6, 6, 6, 6, 6, 6, 6, 6, 6, 6, 6, 6, 6, 6, 6, 6, 6, 6, 6, 6, 6, 6, 6, 6, 6, 6, 6, 6, 6, 6, 6, 6, 6, 7, 7, 7, 7, 7, 7, 7, 7, 7, 7, 8, 8, 8, 8, 8, 8, 8, 8, 8, 8, 8, 8, 8, 8, 8, 8, 8, 8, 8, 8, 8, 8, 8, 8, 8, 8, 8, 8, 8, 8, 8, 8, 8, 8, 8, 8, 8, 8, 8, 8, 8, 8, 8, 8, 8, 8, 8, 8, 8, 8, 8, 8, 8, 8, 8, 8, 8, 8, 8, 8, 8, 8, 8, 9, 9, 9, 9, 9, 9, 9, 9, 9, 9, 9, 9, 9, 9, 9, 9, 9, 10, 10, 10, 10, 10, 10, 10, 10, 10, 10, 10, 10, 10, 10, 10, 10, 10, 10, 10, 10, 10, 10, 10, 10, 10, 10, 10, 10, 10, 10, 10, 10, 10, 10, 10, 10, 10, 10, 11, 11, 11, 11, 11, 11, 11, 11, 11, 11, 11, 11, 11, 11, 11, 11, 11, 11, 11, 11, 11, 11, 11, 11, 11, 11, 11, 11, 11, 11, 11, 11, 11, 11, 11, 11, 11, 11, 11, 11, 11, 11, 11, 11, 11, 11, 11, 11, 11, 11, 11, 11, 11, 11, 11, 11, 11, 11, 11, 11, 11, 11, 11, 11, 11, 11, 11, 11, 11, 11, 11, 11, 11, 11, 11, 11, 11, 11, 11, 11, 11, 11, 11, 11, 11, 11, 11, 11, 11, 11, 11, 11, 11, 11, 11, 11, 11, 11, 11, 11, 11, 11, 11, 11, 11, 11, 11, 11, 11, 11, 11, 11, 11, 11, 11, 11, 11, 11, 11, 11, 11, 11, 11, 11, 11, 11, 11, 11, 11, 11, 11, 11, 11, 11, 11, 11, 11, 11, 11, 11, 11, 11, 11, 11, 11, 11, 11, 11, 11, 11, 11, 11, 11, 11, 11, 11, 11, 11, 11, 11, 11, 11, 11, 11, 11, 11, 11, 11, 11, 11, 11, 11, 11, 11, 11, 11, 11, 11, 11, 11, 11, 11, 11, 11, 11, 11, 11, 11, 11, 11, 11, 11, 11, 11, 11, 11, 11, 11, 11, 11, 11, 11, 11, 11, 11, 11, 11, 11, 11, 11, 11, 11, 11, 11, 11, 11, 11, 11, 11, 11, 11, 11, 11, 11, 11, 11, 11, 11, 11, 11, 11, 11, 11, 11, 11, 11, 11, 11, 11, 11, 11, 11, 11, 11, 12, 12, 12, 12, 12, 12, 12, 12, 12, 12, 12, 12, 12, 12, 12, 12, 12, 12, 12, 12, 12, 12, 12, 12, 12, 12, 12, 12, 12, 12, 13, 13, 13, 13, 13, 13, 13, 13, 13, 13, 13, 13]
shapelet initialized!
All 3 clients initialized.
Server device: cuda:0
Client worker groups: [[0], [1], [2]]
Client worker devices: ['cuda:0', 'cuda:0', 'cuda:0']
客户端选择未启用，所有客户端参与聚合
[fedcsl] precomputed client scale scores once in 0.299s; planned scale coverage: [1, 1, 2, 2, 1, 1, 2, 2]
[round 0] reused planned scale coverage: [1, 1, 2, 2, 1, 1, 2, 2]
/data/user_lixiongfei/CSL-main/train.py:801: UserWarning: Creating a tensor from a list of numpy.ndarrays is extremely slow. Please consider converting the list to a single numpy.ndarray with numpy.array() before converting to a tensor. (Triggered internally at ../torch/csrc/utils/tensor_new.cpp:278.)
  X = torch.tensor(X, dtype=torch.float)
Classification: train=1.0000 test=0.5762 round=0
[round 0] timing train=74.835s distribution=0.856s agg=0.068s eval=93.714s total=169.515s
[round 1] reused planned scale coverage: [1, 1, 2, 2, 1, 1, 2, 2]
Classification: train=1.0000 test=0.5775 round=1
[round 1] timing train=169.134s distribution=0.868s agg=0.194s eval=94.456s total=264.657s
[round 2] reused planned scale coverage: [1, 1, 2, 2, 1, 1, 2, 2]
Classification: train=1.0000 test=0.5835 round=2
[round 2] timing train=173.013s distribution=1.139s agg=0.366s eval=97.443s total=271.984s
[round 3] reused planned scale coverage: [1, 1, 2, 2, 1, 1, 2, 2]
Classification: train=1.0000 test=0.5904 round=3
[round 3] timing train=174.287s distribution=0.993s agg=0.146s eval=82.313s total=257.752s
[round 4] reused planned scale coverage: [1, 1, 2, 2, 1, 1, 2, 2]
Classification: train=1.0000 test=0.5852 round=4
[round 4] timing train=163.983s distribution=0.926s agg=0.322s eval=92.099s total=257.343s
[round 5] reused planned scale coverage: [1, 1, 2, 2, 1, 1, 2, 2]
Classification: train=1.0000 test=0.5860 round=5
[round 5] timing train=172.610s distribution=0.826s agg=0.224s eval=94.241s total=267.955s
[round 6] reused planned scale coverage: [1, 1, 2, 2, 1, 1, 2, 2]
Classification: train=1.0000 test=0.5868 round=6
[round 6] timing train=178.442s distribution=1.143s agg=0.127s eval=102.504s total=282.265s
[round 7] reused planned scale coverage: [1, 1, 2, 2, 1, 1, 2, 2]
Classification: train=1.0000 test=0.5868 round=7
[round 7] timing train=180.495s distribution=0.893s agg=0.176s eval=92.011s total=273.621s
[round 8] reused planned scale coverage: [1, 1, 2, 2, 1, 1, 2, 2]
Classification: train=1.0000 test=0.5839 round=8
[round 8] timing train=171.597s distribution=0.862s agg=0.123s eval=89.230s total=261.841s
[round 9] reused planned scale coverage: [1, 1, 2, 2, 1, 1, 2, 2]
Classification: train=1.0000 test=0.5831 round=9
[round 9] timing train=171.225s distribution=0.843s agg=0.191s eval=93.096s total=265.388s
[round 10] reused planned scale coverage: [1, 1, 2, 2, 1, 1, 2, 2]
Classification: train=1.0000 test=0.5807 round=10
[round 10] timing train=176.259s distribution=0.871s agg=0.290s eval=99.464s total=276.910s
[round 11] reused planned scale coverage: [1, 1, 2, 2, 1, 1, 2, 2]
Classification: train=1.0000 test=0.5815 round=11
[round 11] timing train=168.106s distribution=1.084s agg=0.179s eval=92.467s total=261.892s
[round 12] reused planned scale coverage: [1, 1, 2, 2, 1, 1, 2, 2]
Classification: train=1.0000 test=0.5811 round=12
[round 12] timing train=170.073s distribution=1.011s agg=0.217s eval=92.708s total=264.060s
[round 13] reused planned scale coverage: [1, 1, 2, 2, 1, 1, 2, 2]
Classification: train=1.0000 test=0.5787 round=13
[round 13] timing train=172.126s distribution=1.170s agg=0.271s eval=96.894s total=270.475s
[round 14] reused planned scale coverage: [1, 1, 2, 2, 1, 1, 2, 2]
Classification: train=1.0000 test=0.5787 round=14
[round 14] timing train=177.681s distribution=0.920s agg=0.199s eval=94.535s total=273.363s
[round 15] reused planned scale coverage: [1, 1, 2, 2, 1, 1, 2, 2]
Classification: train=1.0000 test=0.5775 round=15
[round 15] timing train=172.912s distribution=0.941s agg=0.194s eval=90.806s total=264.870s
[round 16] reused planned scale coverage: [1, 1, 2, 2, 1, 1, 2, 2]
Classification: train=1.0000 test=0.5775 round=16
[round 16] timing train=174.206s distribution=0.939s agg=0.195s eval=89.899s total=265.323s
[round 17] reused planned scale coverage: [1, 1, 2, 2, 1, 1, 2, 2]
Classification: train=1.0000 test=0.5783 round=17
[round 17] timing train=170.841s distribution=1.033s agg=0.199s eval=91.368s total=263.514s
[round 18] reused planned scale coverage: [1, 1, 2, 2, 1, 1, 2, 2]
Classification: train=1.0000 test=0.5787 round=18
[round 18] timing train=182.309s distribution=1.107s agg=0.157s eval=92.659s total=276.267s
[round 19] reused planned scale coverage: [1, 1, 2, 2, 1, 1, 2, 2]
Classification: train=1.0000 test=0.5783 round=19
[round 19] timing train=172.793s distribution=0.803s agg=0.167s eval=92.768s total=266.538s
[round 20] reused planned scale coverage: [1, 1, 2, 2, 1, 1, 2, 2]
Classification: train=1.0000 test=0.5791 round=20
[round 20] timing train=174.378s distribution=1.321s agg=0.341s eval=91.494s total=267.564s
[round 21] reused planned scale coverage: [1, 1, 2, 2, 1, 1, 2, 2]
Classification: train=1.0000 test=0.5799 round=21
[round 21] timing train=168.918s distribution=0.844s agg=0.129s eval=93.903s total=263.820s
[round 22] reused planned scale coverage: [1, 1, 2, 2, 1, 1, 2, 2]
Classification: train=1.0000 test=0.5803 round=22
[round 22] timing train=177.986s distribution=0.956s agg=0.260s eval=88.562s total=267.772s
[round 23] reused planned scale coverage: [1, 1, 2, 2, 1, 1, 2, 2]
Classification: train=1.0000 test=0.5791 round=23
[round 23] timing train=160.715s distribution=0.673s agg=0.134s eval=90.424s total=251.954s
[round 24] reused planned scale coverage: [1, 1, 2, 2, 1, 1, 2, 2]
Classification: train=1.0000 test=0.5795 round=24
[round 24] timing train=175.935s distribution=0.729s agg=0.172s eval=97.557s total=274.409s
[round 25] reused planned scale coverage: [1, 1, 2, 2, 1, 1, 2, 2]
Classification: train=1.0000 test=0.5787 round=25
[round 25] timing train=177.949s distribution=0.914s agg=0.170s eval=94.054s total=273.101s
[round 26] reused planned scale coverage: [1, 1, 2, 2, 1, 1, 2, 2]
Classification: train=1.0000 test=0.5799 round=26
[round 26] timing train=175.242s distribution=0.858s agg=0.107s eval=85.404s total=261.619s
[round 27] reused planned scale coverage: [1, 1, 2, 2, 1, 1, 2, 2]
Classification: train=1.0000 test=0.5783 round=27
[round 27] timing train=171.292s distribution=0.785s agg=0.219s eval=90.085s total=262.424s
[round 28] reused planned scale coverage: [1, 1, 2, 2, 1, 1, 2, 2]
Classification: train=1.0000 test=0.5787 round=28
[round 28] timing train=172.062s distribution=0.985s agg=0.326s eval=95.119s total=268.508s
[round 29] reused planned scale coverage: [1, 1, 2, 2, 1, 1, 2, 2]
Classification: train=1.0000 test=0.5803 round=29
[round 29] timing train=172.283s distribution=1.260s agg=0.235s eval=94.571s total=268.413s
[fedcsl] checkpoint saved → ./checkpoint/resume/fedcsl_LSST_2026-05-04-14har_fedcsl-onehot-fullteacher_dir10.0.pt (round=30)
[round 30] reused planned scale coverage: [1, 1, 2, 2, 1, 1, 2, 2]
Classification: train=1.0000 test=0.5807 round=30
[round 30] timing train=158.297s distribution=1.114s agg=0.209s eval=94.821s total=254.474s
[round 31] reused planned scale coverage: [1, 1, 2, 2, 1, 1, 2, 2]
Classification: train=1.0000 test=0.5811 round=31
[round 31] timing train=172.865s distribution=0.834s agg=0.135s eval=87.849s total=261.700s
[round 32] reused planned scale coverage: [1, 1, 2, 2, 1, 1, 2, 2]
Classification: train=1.0000 test=0.5831 round=32
[round 32] timing train=170.136s distribution=0.843s agg=0.163s eval=94.841s total=266.000s
[round 33] reused planned scale coverage: [1, 1, 2, 2, 1, 1, 2, 2]
Classification: train=1.0000 test=0.5831 round=33
[round 33] timing train=176.540s distribution=0.671s agg=0.114s eval=95.449s total=272.802s
[round 34] reused planned scale coverage: [1, 1, 2, 2, 1, 1, 2, 2]
Classification: train=1.0000 test=0.5831 round=34
[round 34] timing train=167.018s distribution=0.747s agg=0.061s eval=87.185s total=255.061s
[round 35] reused planned scale coverage: [1, 1, 2, 2, 1, 1, 2, 2]
Classification: train=1.0000 test=0.5827 round=35
[round 35] timing train=170.865s distribution=0.912s agg=0.233s eval=90.570s total=262.587s
[round 36] reused planned scale coverage: [1, 1, 2, 2, 1, 1, 2, 2]
Classification: train=1.0000 test=0.5823 round=36
[round 36] timing train=170.616s distribution=1.227s agg=0.152s eval=88.978s total=260.999s
[round 37] reused planned scale coverage: [1, 1, 2, 2, 1, 1, 2, 2]
Classification: train=1.0000 test=0.5835 round=37
[round 37] timing train=177.493s distribution=0.953s agg=0.179s eval=94.255s total=272.924s
[round 38] reused planned scale coverage: [1, 1, 2, 2, 1, 1, 2, 2]
Classification: train=1.0000 test=0.5831 round=38
[round 38] timing train=174.464s distribution=0.872s agg=0.212s eval=88.868s total=264.439s
[round 39] reused planned scale coverage: [1, 1, 2, 2, 1, 1, 2, 2]
Classification: train=1.0000 test=0.5839 round=39
[round 39] timing train=170.376s distribution=0.877s agg=0.149s eval=90.631s total=262.048s
[round 40] reused planned scale coverage: [1, 1, 2, 2, 1, 1, 2, 2]
Classification: train=1.0000 test=0.5831 round=40
[round 40] timing train=171.849s distribution=0.969s agg=0.202s eval=93.562s total=266.623s
[round 41] reused planned scale coverage: [1, 1, 2, 2, 1, 1, 2, 2]
Classification: train=1.0000 test=0.5823 round=41
[round 41] timing train=174.847s distribution=0.900s agg=0.168s eval=89.970s total=265.916s
[round 42] reused planned scale coverage: [1, 1, 2, 2, 1, 1, 2, 2]
Classification: train=1.0000 test=0.5823 round=42
[round 42] timing train=170.799s distribution=0.988s agg=0.242s eval=91.347s total=263.393s
[round 43] reused planned scale coverage: [1, 1, 2, 2, 1, 1, 2, 2]
Classification: train=1.0000 test=0.5835 round=43
[round 43] timing train=167.356s distribution=0.895s agg=0.159s eval=90.976s total=259.414s
[round 44] reused planned scale coverage: [1, 1, 2, 2, 1, 1, 2, 2]
Classification: train=1.0000 test=0.5839 round=44
[round 44] timing train=173.262s distribution=1.232s agg=0.202s eval=90.985s total=265.687s
[round 45] reused planned scale coverage: [1, 1, 2, 2, 1, 1, 2, 2]
Classification: train=1.0000 test=0.5835 round=45
[round 45] timing train=173.135s distribution=1.105s agg=0.125s eval=88.935s total=263.342s
[round 46] reused planned scale coverage: [1, 1, 2, 2, 1, 1, 2, 2]
Classification: train=1.0000 test=0.5839 round=46
[round 46] timing train=176.341s distribution=0.773s agg=0.069s eval=91.839s total=269.037s
[round 47] reused planned scale coverage: [1, 1, 2, 2, 1, 1, 2, 2]
Classification: train=1.0000 test=0.5827 round=47
[round 47] timing train=167.026s distribution=0.854s agg=0.100s eval=94.756s total=262.742s
[round 48] reused planned scale coverage: [1, 1, 2, 2, 1, 1, 2, 2]
Classification: train=1.0000 test=0.5831 round=48
[round 48] timing train=175.208s distribution=0.950s agg=0.170s eval=96.377s total=272.717s
[round 49] reused planned scale coverage: [1, 1, 2, 2, 1, 1, 2, 2]
Classification: train=1.0000 test=0.5839 round=49
[round 49] timing train=176.670s distribution=1.052s agg=0.257s eval=94.886s total=272.874s
[round 50] reused planned scale coverage: [1, 1, 2, 2, 1, 1, 2, 2]
Classification: train=1.0000 test=0.5843 round=50
[round 50] timing train=167.449s distribution=0.981s agg=0.233s eval=87.879s total=256.572s
[round 51] reused planned scale coverage: [1, 1, 2, 2, 1, 1, 2, 2]
Classification: train=1.0000 test=0.5839 round=51
[round 51] timing train=159.331s distribution=1.031s agg=0.229s eval=93.403s total=254.007s
[round 52] reused planned scale coverage: [1, 1, 2, 2, 1, 1, 2, 2]
Classification: train=1.0000 test=0.5831 round=52
[round 52] timing train=175.199s distribution=1.054s agg=0.248s eval=96.471s total=273.053s
[round 53] reused planned scale coverage: [1, 1, 2, 2, 1, 1, 2, 2]
Classification: train=1.0000 test=0.5839 round=53
[round 53] timing train=170.860s distribution=0.934s agg=0.244s eval=93.659s total=265.711s
[round 54] reused planned scale coverage: [1, 1, 2, 2, 1, 1, 2, 2]
Classification: train=1.0000 test=0.5848 round=54
[round 54] timing train=173.604s distribution=0.909s agg=0.267s eval=86.626s total=261.462s
[round 55] reused planned scale coverage: [1, 1, 2, 2, 1, 1, 2, 2]
Classification: train=1.0000 test=0.5839 round=55
[round 55] timing train=168.414s distribution=0.909s agg=0.286s eval=91.345s total=260.988s
[round 56] reused planned scale coverage: [1, 1, 2, 2, 1, 1, 2, 2]
Classification: train=1.0000 test=0.5831 round=56
[round 56] timing train=175.039s distribution=0.757s agg=0.098s eval=83.063s total=258.988s
[round 57] reused planned scale coverage: [1, 1, 2, 2, 1, 1, 2, 2]
Classification: train=1.0000 test=0.5831 round=57
[round 57] timing train=153.206s distribution=0.932s agg=0.285s eval=92.201s total=246.628s
[round 58] reused planned scale coverage: [1, 1, 2, 2, 1, 1, 2, 2]
Classification: train=1.0000 test=0.5827 round=58
[round 58] timing train=171.209s distribution=0.973s agg=0.211s eval=92.933s total=265.338s
[round 59] reused planned scale coverage: [1, 1, 2, 2, 1, 1, 2, 2]
Classification: train=1.0000 test=0.5839 round=59
[round 59] timing train=173.962s distribution=1.049s agg=0.312s eval=93.204s total=268.553s
[fedcsl] checkpoint saved → ./checkpoint/resume/fedcsl_LSST_2026-05-04-14har_fedcsl-onehot-fullteacher_dir10.0.pt (round=60)
[round 60] reused planned scale coverage: [1, 1, 2, 2, 1, 1, 2, 2]
Classification: train=1.0000 test=0.5848 round=60
[round 60] timing train=175.359s distribution=0.980s agg=0.295s eval=88.569s total=265.212s
[round 61] reused planned scale coverage: [1, 1, 2, 2, 1, 1, 2, 2]
Classification: train=1.0000 test=0.5856 round=61
[round 61] timing train=169.811s distribution=0.819s agg=0.133s eval=87.728s total=258.504s
[round 62] reused planned scale coverage: [1, 1, 2, 2, 1, 1, 2, 2]
Classification: train=1.0000 test=0.5852 round=62
[round 62] timing train=173.434s distribution=0.861s agg=0.239s eval=92.320s total=266.882s
[round 63] reused planned scale coverage: [1, 1, 2, 2, 1, 1, 2, 2]
Classification: train=1.0000 test=0.5852 round=63
[round 63] timing train=175.490s distribution=0.749s agg=0.104s eval=97.350s total=273.726s
[round 64] reused planned scale coverage: [1, 1, 2, 2, 1, 1, 2, 2]
Classification: train=1.0000 test=0.5856 round=64
[round 64] timing train=174.506s distribution=0.897s agg=0.232s eval=89.558s total=265.206s
[round 65] reused planned scale coverage: [1, 1, 2, 2, 1, 1, 2, 2]
Classification: train=1.0000 test=0.5852 round=65
[round 65] timing train=169.184s distribution=1.008s agg=0.175s eval=89.901s total=260.299s
[round 66] reused planned scale coverage: [1, 1, 2, 2, 1, 1, 2, 2]
Classification: train=1.0000 test=0.5856 round=66
[round 66] timing train=171.304s distribution=0.929s agg=0.215s eval=93.936s total=266.396s
[round 67] reused planned scale coverage: [1, 1, 2, 2, 1, 1, 2, 2]
Classification: train=1.0000 test=0.5856 round=67
[round 67] timing train=172.213s distribution=1.006s agg=0.240s eval=91.722s total=265.194s
[round 68] reused planned scale coverage: [1, 1, 2, 2, 1, 1, 2, 2]
Classification: train=1.0000 test=0.5864 round=68
[round 68] timing train=172.183s distribution=0.833s agg=0.127s eval=86.325s total=259.475s
[round 69] reused planned scale coverage: [1, 1, 2, 2, 1, 1, 2, 2]
Classification: train=1.0000 test=0.5864 round=69
[round 69] timing train=171.355s distribution=1.020s agg=0.109s eval=88.145s total=260.644s
[round 70] reused planned scale coverage: [1, 1, 2, 2, 1, 1, 2, 2]
Classification: train=1.0000 test=0.5868 round=70
[round 70] timing train=171.184s distribution=0.972s agg=0.279s eval=94.808s total=267.280s
[round 71] reused planned scale coverage: [1, 1, 2, 2, 1, 1, 2, 2]
Classification: train=1.0000 test=0.5860 round=71
[round 71] timing train=175.868s distribution=0.941s agg=0.220s eval=93.229s total=270.292s
[round 72] reused planned scale coverage: [1, 1, 2, 2, 1, 1, 2, 2]
Classification: train=1.0000 test=0.5864 round=72
[round 72] timing train=174.697s distribution=1.107s agg=0.159s eval=90.579s total=266.559s
[round 73] reused planned scale coverage: [1, 1, 2, 2, 1, 1, 2, 2]
Classification: train=1.0000 test=0.5860 round=73
[round 73] timing train=171.610s distribution=0.676s agg=0.135s eval=85.286s total=257.732s
[round 74] reused planned scale coverage: [1, 1, 2, 2, 1, 1, 2, 2]
Classification: train=1.0000 test=0.5860 round=74
[round 74] timing train=171.107s distribution=1.041s agg=0.144s eval=95.932s total=268.237s
[round 75] reused planned scale coverage: [1, 1, 2, 2, 1, 1, 2, 2]
Classification: train=1.0000 test=0.5856 round=75
[round 75] timing train=173.371s distribution=0.927s agg=0.160s eval=95.323s total=269.796s
[round 76] reused planned scale coverage: [1, 1, 2, 2, 1, 1, 2, 2]
Classification: train=1.0000 test=0.5848 round=76
[round 76] timing train=169.341s distribution=0.974s agg=0.186s eval=86.713s total=257.259s
[round 77] reused planned scale coverage: [1, 1, 2, 2, 1, 1, 2, 2]
Classification: train=1.0000 test=0.5852 round=77
[round 77] timing train=172.549s distribution=1.123s agg=0.166s eval=90.636s total=264.489s
[round 78] reused planned scale coverage: [1, 1, 2, 2, 1, 1, 2, 2]
Classification: train=1.0000 test=0.5848 round=78
[round 78] timing train=171.454s distribution=0.791s agg=0.166s eval=74.260s total=246.678s
[round 79] reused planned scale coverage: [1, 1, 2, 2, 1, 1, 2, 2]
Classification: train=1.0000 test=0.5852 round=79
[round 79] timing train=179.229s distribution=0.874s agg=0.140s eval=93.314s total=273.565s
[round 80] reused planned scale coverage: [1, 1, 2, 2, 1, 1, 2, 2]
Classification: train=1.0000 test=0.5848 round=80
[round 80] timing train=170.839s distribution=0.844s agg=0.178s eval=90.576s total=262.446s
[round 81] reused planned scale coverage: [1, 1, 2, 2, 1, 1, 2, 2]
Classification: train=1.0000 test=0.5852 round=81
[round 81] timing train=168.211s distribution=0.955s agg=0.231s eval=91.505s total=260.923s
[round 82] reused planned scale coverage: [1, 1, 2, 2, 1, 1, 2, 2]
Classification: train=1.0000 test=0.5856 round=82
[round 82] timing train=176.085s distribution=1.145s agg=0.138s eval=95.179s total=272.560s
[round 83] reused planned scale coverage: [1, 1, 2, 2, 1, 1, 2, 2]
Classification: train=1.0000 test=0.5864 round=83
[round 83] timing train=168.639s distribution=0.996s agg=0.207s eval=87.895s total=257.757s
[round 84] reused planned scale coverage: [1, 1, 2, 2, 1, 1, 2, 2]
Classification: train=1.0000 test=0.5856 round=84
[round 84] timing train=152.487s distribution=1.068s agg=0.340s eval=96.932s total=250.841s
[round 85] reused planned scale coverage: [1, 1, 2, 2, 1, 1, 2, 2]
Classification: train=1.0000 test=0.5848 round=85
[round 85] timing train=176.997s distribution=1.138s agg=0.089s eval=91.537s total=269.775s
[round 86] reused planned scale coverage: [1, 1, 2, 2, 1, 1, 2, 2]
Classification: train=1.0000 test=0.5843 round=86
[round 86] timing train=180.469s distribution=1.032s agg=0.268s eval=100.271s total=282.045s
[round 87] reused planned scale coverage: [1, 1, 2, 2, 1, 1, 2, 2]
Classification: train=1.0000 test=0.5843 round=87
[round 87] timing train=174.607s distribution=0.892s agg=0.219s eval=100.898s total=276.694s
[round 88] reused planned scale coverage: [1, 1, 2, 2, 1, 1, 2, 2]
Classification: train=1.0000 test=0.5856 round=88
[round 88] timing train=178.836s distribution=0.890s agg=0.172s eval=98.893s total=278.805s
[round 89] reused planned scale coverage: [1, 1, 2, 2, 1, 1, 2, 2]
Classification: train=1.0000 test=0.5856 round=89
[round 89] timing train=175.286s distribution=1.122s agg=0.286s eval=97.553s total=274.302s
[fedcsl] checkpoint saved → ./checkpoint/resume/fedcsl_LSST_2026-05-04-14har_fedcsl-onehot-fullteacher_dir10.0.pt (round=90)
[round 90] reused planned scale coverage: [1, 1, 2, 2, 1, 1, 2, 2]
Classification: train=1.0000 test=0.5864 round=90
[round 90] timing train=182.701s distribution=0.878s agg=0.211s eval=94.015s total=277.841s
[round 91] reused planned scale coverage: [1, 1, 2, 2, 1, 1, 2, 2]
Classification: train=1.0000 test=0.5860 round=91
[round 91] timing train=174.802s distribution=0.904s agg=0.188s eval=108.558s total=284.489s
[round 92] reused planned scale coverage: [1, 1, 2, 2, 1, 1, 2, 2]
Classification: train=1.0000 test=0.5872 round=92
[round 92] timing train=176.459s distribution=0.867s agg=0.180s eval=100.803s total=278.344s
[round 93] reused planned scale coverage: [1, 1, 2, 2, 1, 1, 2, 2]
Classification: train=1.0000 test=0.5872 round=93
[round 93] timing train=179.611s distribution=1.097s agg=0.172s eval=99.370s total=280.300s
[round 94] reused planned scale coverage: [1, 1, 2, 2, 1, 1, 2, 2]
Classification: train=1.0000 test=0.5868 round=94
[round 94] timing train=180.333s distribution=0.933s agg=0.121s eval=92.573s total=273.991s
[round 95] reused planned scale coverage: [1, 1, 2, 2, 1, 1, 2, 2]
Classification: train=1.0000 test=0.5876 round=95
[round 95] timing train=174.758s distribution=0.922s agg=0.194s eval=95.933s total=271.832s
[round 96] reused planned scale coverage: [1, 1, 2, 2, 1, 1, 2, 2]
Classification: train=1.0000 test=0.5876 round=96
[round 96] timing train=175.416s distribution=0.972s agg=0.164s eval=95.537s total=272.135s
[round 97] reused planned scale coverage: [1, 1, 2, 2, 1, 1, 2, 2]
Classification: train=1.0000 test=0.5876 round=97
[round 97] timing train=179.724s distribution=1.029s agg=0.248s eval=102.204s total=283.215s
[round 98] reused planned scale coverage: [1, 1, 2, 2, 1, 1, 2, 2]
Classification: train=1.0000 test=0.5880 round=98
[round 98] timing train=178.381s distribution=0.987s agg=0.269s eval=93.515s total=273.170s
[round 99] reused planned scale coverage: [1, 1, 2, 2, 1, 1, 2, 2]
Classification: train=1.0000 test=0.5880 round=99
[round 99] timing train=171.231s distribution=0.922s agg=0.176s eval=96.755s total=269.115s
[round 100] reused planned scale coverage: [1, 1, 2, 2, 1, 1, 2, 2]
Classification: train=1.0000 test=0.5884 round=100
[round 100] timing train=171.701s distribution=1.075s agg=0.169s eval=102.965s total=275.955s
[round 101] reused planned scale coverage: [1, 1, 2, 2, 1, 1, 2, 2]
Classification: train=1.0000 test=0.5888 round=101
[round 101] timing train=182.006s distribution=1.093s agg=0.168s eval=95.465s total=278.746s
[round 102] reused planned scale coverage: [1, 1, 2, 2, 1, 1, 2, 2]
Classification: train=1.0000 test=0.5892 round=102
[round 102] timing train=177.153s distribution=1.114s agg=0.212s eval=95.572s total=274.073s
[round 103] reused planned scale coverage: [1, 1, 2, 2, 1, 1, 2, 2]
Classification: train=1.0000 test=0.5888 round=103
[round 103] timing train=173.694s distribution=0.973s agg=0.139s eval=97.326s total=272.165s
[round 104] reused planned scale coverage: [1, 1, 2, 2, 1, 1, 2, 2]
Classification: train=1.0000 test=0.5892 round=104
[round 104] timing train=180.143s distribution=0.966s agg=0.222s eval=103.668s total=285.027s
[round 105] reused planned scale coverage: [1, 1, 2, 2, 1, 1, 2, 2]
Classification: train=1.0000 test=0.5896 round=105
[round 105] timing train=174.413s distribution=0.976s agg=0.230s eval=100.715s total=276.361s
[round 106] reused planned scale coverage: [1, 1, 2, 2, 1, 1, 2, 2]
Classification: train=1.0000 test=0.5896 round=106
[round 106] timing train=173.337s distribution=0.708s agg=0.071s eval=81.759s total=255.879s
[round 107] reused planned scale coverage: [1, 1, 2, 2, 1, 1, 2, 2]
Classification: train=1.0000 test=0.5896 round=107
[round 107] timing train=171.330s distribution=0.722s agg=0.272s eval=97.181s total=269.535s
[round 108] reused planned scale coverage: [1, 1, 2, 2, 1, 1, 2, 2]
Classification: train=1.0000 test=0.5900 round=108
[round 108] timing train=164.855s distribution=1.042s agg=0.340s eval=100.708s total=266.951s
[round 109] reused planned scale coverage: [1, 1, 2, 2, 1, 1, 2, 2]
Classification: train=1.0000 test=0.5892 round=109
[round 109] timing train=173.457s distribution=0.809s agg=0.144s eval=95.238s total=269.677s
[round 110] reused planned scale coverage: [1, 1, 2, 2, 1, 1, 2, 2]
Classification: train=1.0000 test=0.5884 round=110
[round 110] timing train=177.451s distribution=1.203s agg=0.211s eval=96.693s total=275.594s
[round 111] reused planned scale coverage: [1, 1, 2, 2, 1, 1, 2, 2]
Classification: train=1.0000 test=0.5892 round=111
[round 111] timing train=181.916s distribution=1.261s agg=0.237s eval=104.341s total=287.781s
[round 112] reused planned scale coverage: [1, 1, 2, 2, 1, 1, 2, 2]
Classification: train=1.0000 test=0.5892 round=112
[round 112] timing train=180.878s distribution=0.884s agg=0.231s eval=95.812s total=277.821s
[round 113] reused planned scale coverage: [1, 1, 2, 2, 1, 1, 2, 2]
Classification: train=1.0000 test=0.5888 round=113
[round 113] timing train=173.837s distribution=0.952s agg=0.294s eval=99.438s total=274.552s
[round 114] reused planned scale coverage: [1, 1, 2, 2, 1, 1, 2, 2]
Classification: train=1.0000 test=0.5892 round=114
[round 114] timing train=174.786s distribution=0.970s agg=0.118s eval=99.940s total=275.832s
[round 115] reused planned scale coverage: [1, 1, 2, 2, 1, 1, 2, 2]
Classification: train=1.0000 test=0.5888 round=115
[round 115] timing train=176.349s distribution=1.276s agg=0.315s eval=101.047s total=279.077s
[round 116] reused planned scale coverage: [1, 1, 2, 2, 1, 1, 2, 2]
Classification: train=1.0000 test=0.5884 round=116
[round 116] timing train=172.902s distribution=0.931s agg=0.231s eval=99.626s total=273.718s
[round 117] reused planned scale coverage: [1, 1, 2, 2, 1, 1, 2, 2]
Classification: train=1.0000 test=0.5860 round=117
[round 117] timing train=174.428s distribution=0.979s agg=0.143s eval=96.157s total=271.738s
[round 118] reused planned scale coverage: [1, 1, 2, 2, 1, 1, 2, 2]
Classification: train=1.0000 test=0.5860 round=118
[round 118] timing train=178.229s distribution=0.980s agg=0.214s eval=100.679s total=280.133s
[round 119] reused planned scale coverage: [1, 1, 2, 2, 1, 1, 2, 2]
Classification: train=1.0000 test=0.5856 round=119
[round 119] timing train=179.521s distribution=1.086s agg=0.329s eval=94.477s total=275.442s
[fedcsl] checkpoint saved → ./checkpoint/resume/fedcsl_LSST_2026-05-04-14har_fedcsl-onehot-fullteacher_dir10.0.pt (round=120)
[round 120] reused planned scale coverage: [1, 1, 2, 2, 1, 1, 2, 2]
Classification: train=1.0000 test=0.5856 round=120
[round 120] timing train=175.051s distribution=0.999s agg=0.274s eval=100.160s total=276.497s
[round 121] reused planned scale coverage: [1, 1, 2, 2, 1, 1, 2, 2]
Classification: train=1.0000 test=0.5852 round=121
[round 121] timing train=176.079s distribution=0.916s agg=0.206s eval=99.938s total=277.168s
[round 122] reused planned scale coverage: [1, 1, 2, 2, 1, 1, 2, 2]
Classification: train=1.0000 test=0.5848 round=122
[round 122] timing train=177.908s distribution=0.754s agg=0.189s eval=95.209s total=274.104s
[round 123] reused planned scale coverage: [1, 1, 2, 2, 1, 1, 2, 2]
Classification: train=1.0000 test=0.5839 round=123
[round 123] timing train=176.334s distribution=1.093s agg=0.286s eval=101.445s total=279.165s
[round 124] reused planned scale coverage: [1, 1, 2, 2, 1, 1, 2, 2]
Classification: train=1.0000 test=0.5831 round=124
[round 124] timing train=173.975s distribution=0.877s agg=0.183s eval=96.203s total=271.266s
[round 125] reused planned scale coverage: [1, 1, 2, 2, 1, 1, 2, 2]
Classification: train=1.0000 test=0.5831 round=125
[round 125] timing train=174.355s distribution=1.275s agg=0.175s eval=95.913s total=271.772s
[round 126] reused planned scale coverage: [1, 1, 2, 2, 1, 1, 2, 2]
Classification: train=1.0000 test=0.5839 round=126
[round 126] timing train=176.041s distribution=1.061s agg=0.239s eval=101.465s total=278.813s
[round 127] reused planned scale coverage: [1, 1, 2, 2, 1, 1, 2, 2]
Classification: train=1.0000 test=0.5839 round=127
[round 127] timing train=172.360s distribution=1.017s agg=0.253s eval=94.607s total=268.244s
[round 128] reused planned scale coverage: [1, 1, 2, 2, 1, 1, 2, 2]
Classification: train=1.0000 test=0.5839 round=128
[round 128] timing train=174.826s distribution=0.990s agg=0.208s eval=92.264s total=268.302s
[round 129] reused planned scale coverage: [1, 1, 2, 2, 1, 1, 2, 2]
Classification: train=1.0000 test=0.5843 round=129
[round 129] timing train=176.667s distribution=0.934s agg=0.227s eval=97.520s total=275.397s
[round 130] reused planned scale coverage: [1, 1, 2, 2, 1, 1, 2, 2]
Classification: train=1.0000 test=0.5843 round=130
[round 130] timing train=181.271s distribution=1.088s agg=0.209s eval=93.480s total=276.082s
[round 131] reused planned scale coverage: [1, 1, 2, 2, 1, 1, 2, 2]
Classification: train=1.0000 test=0.5848 round=131
[round 131] timing train=174.525s distribution=1.004s agg=0.263s eval=87.452s total=263.268s
[round 132] reused planned scale coverage: [1, 1, 2, 2, 1, 1, 2, 2]
Classification: train=1.0000 test=0.5852 round=132
[round 132] timing train=163.488s distribution=0.973s agg=0.213s eval=94.484s total=259.172s
[round 133] reused planned scale coverage: [1, 1, 2, 2, 1, 1, 2, 2]
Classification: train=1.0000 test=0.5848 round=133
[round 133] timing train=177.513s distribution=1.077s agg=0.178s eval=98.493s total=277.291s
[round 134] reused planned scale coverage: [1, 1, 2, 2, 1, 1, 2, 2]
Classification: train=1.0000 test=0.5852 round=134
[round 134] timing train=177.131s distribution=1.145s agg=0.225s eval=88.686s total=267.192s
[round 135] reused planned scale coverage: [1, 1, 2, 2, 1, 1, 2, 2]
Classification: train=1.0000 test=0.5843 round=135
[round 135] timing train=153.673s distribution=0.956s agg=0.162s eval=93.970s total=248.765s
[round 136] reused planned scale coverage: [1, 1, 2, 2, 1, 1, 2, 2]
Classification: train=1.0000 test=0.5839 round=136
[round 136] timing train=167.945s distribution=0.836s agg=0.222s eval=90.400s total=259.419s
[round 137] reused planned scale coverage: [1, 1, 2, 2, 1, 1, 2, 2]
Classification: train=1.0000 test=0.5843 round=137
[round 137] timing train=176.382s distribution=0.715s agg=0.216s eval=96.386s total=273.727s
[round 138] reused planned scale coverage: [1, 1, 2, 2, 1, 1, 2, 2]
Classification: train=1.0000 test=0.5843 round=138
[round 138] timing train=176.710s distribution=1.113s agg=0.070s eval=94.124s total=272.032s
[round 139] reused planned scale coverage: [1, 1, 2, 2, 1, 1, 2, 2]
Classification: train=1.0000 test=0.5843 round=139
[round 139] timing train=170.465s distribution=1.130s agg=0.343s eval=94.312s total=266.294s
[round 140] reused planned scale coverage: [1, 1, 2, 2, 1, 1, 2, 2]
Classification: train=1.0000 test=0.5852 round=140
[round 140] timing train=174.117s distribution=0.921s agg=0.116s eval=89.279s total=264.461s
[round 141] reused planned scale coverage: [1, 1, 2, 2, 1, 1, 2, 2]
Classification: train=1.0000 test=0.5852 round=141
[round 141] timing train=174.233s distribution=0.752s agg=0.254s eval=93.714s total=268.967s
[round 142] reused planned scale coverage: [1, 1, 2, 2, 1, 1, 2, 2]
Classification: train=1.0000 test=0.5852 round=142
[round 142] timing train=181.010s distribution=0.939s agg=0.207s eval=91.710s total=273.886s
[round 143] reused planned scale coverage: [1, 1, 2, 2, 1, 1, 2, 2]
Classification: train=1.0000 test=0.5852 round=143
[round 143] timing train=171.777s distribution=0.938s agg=0.228s eval=94.301s total=267.263s
[round 144] reused planned scale coverage: [1, 1, 2, 2, 1, 1, 2, 2]
Classification: train=1.0000 test=0.5848 round=144
[round 144] timing train=171.205s distribution=1.052s agg=0.178s eval=96.378s total=268.847s
[round 145] reused planned scale coverage: [1, 1, 2, 2, 1, 1, 2, 2]
Classification: train=1.0000 test=0.5843 round=145
[round 145] timing train=176.200s distribution=0.890s agg=0.431s eval=95.707s total=273.242s
[round 146] reused planned scale coverage: [1, 1, 2, 2, 1, 1, 2, 2]
Classification: train=1.0000 test=0.5843 round=146
[round 146] timing train=173.498s distribution=0.875s agg=0.256s eval=95.706s total=270.363s
[round 147] reused planned scale coverage: [1, 1, 2, 2, 1, 1, 2, 2]
Classification: train=1.0000 test=0.5852 round=147
[round 147] timing train=166.863s distribution=1.047s agg=0.156s eval=97.381s total=265.473s
[round 148] reused planned scale coverage: [1, 1, 2, 2, 1, 1, 2, 2]
Classification: train=1.0000 test=0.5856 round=148
[round 148] timing train=173.057s distribution=0.951s agg=0.221s eval=100.004s total=274.269s
[round 149] reused planned scale coverage: [1, 1, 2, 2, 1, 1, 2, 2]
Classification: train=1.0000 test=0.5852 round=149
[round 149] timing train=181.991s distribution=0.992s agg=0.256s eval=97.118s total=280.376s
[fedcsl] checkpoint saved → ./checkpoint/resume/fedcsl_LSST_2026-05-04-14har_fedcsl-onehot-fullteacher_dir10.0.pt (round=150)
[round 150] reused planned scale coverage: [1, 1, 2, 2, 1, 1, 2, 2]
Classification: train=1.0000 test=0.5852 round=150
[round 150] timing train=172.974s distribution=1.089s agg=0.192s eval=97.518s total=271.786s
[round 151] reused planned scale coverage: [1, 1, 2, 2, 1, 1, 2, 2]
Classification: train=1.0000 test=0.5856 round=151
[round 151] timing train=173.280s distribution=0.821s agg=0.108s eval=93.252s total=267.492s
[round 152] reused planned scale coverage: [1, 1, 2, 2, 1, 1, 2, 2]
Classification: train=1.0000 test=0.5852 round=152
[round 152] timing train=175.243s distribution=0.885s agg=0.111s eval=97.130s total=273.417s
[round 153] reused planned scale coverage: [1, 1, 2, 2, 1, 1, 2, 2]
Classification: train=1.0000 test=0.5848 round=153
[round 153] timing train=177.608s distribution=0.892s agg=0.182s eval=89.057s total=267.752s
[round 154] reused planned scale coverage: [1, 1, 2, 2, 1, 1, 2, 2]
Classification: train=1.0000 test=0.5848 round=154
[round 154] timing train=174.520s distribution=1.171s agg=0.172s eval=88.404s total=264.281s
[round 155] reused planned scale coverage: [1, 1, 2, 2, 1, 1, 2, 2]
Classification: train=1.0000 test=0.5848 round=155
[round 155] timing train=173.012s distribution=0.853s agg=0.236s eval=86.280s total=260.395s
[round 156] reused planned scale coverage: [1, 1, 2, 2, 1, 1, 2, 2]
Classification: train=1.0000 test=0.5848 round=156
[round 156] timing train=141.305s distribution=1.367s agg=0.219s eval=92.509s total=235.415s
[round 157] reused planned scale coverage: [1, 1, 2, 2, 1, 1, 2, 2]
Classification: train=1.0000 test=0.5852 round=157
[round 157] timing train=170.871s distribution=0.735s agg=0.142s eval=91.440s total=263.246s
[round 158] reused planned scale coverage: [1, 1, 2, 2, 1, 1, 2, 2]
Classification: train=1.0000 test=0.5843 round=158
[round 158] timing train=170.058s distribution=0.691s agg=0.072s eval=94.261s total=265.128s
[round 159] reused planned scale coverage: [1, 1, 2, 2, 1, 1, 2, 2]
Classification: train=1.0000 test=0.5848 round=159
[round 159] timing train=170.728s distribution=1.001s agg=0.296s eval=98.746s total=270.791s
[round 160] reused planned scale coverage: [1, 1, 2, 2, 1, 1, 2, 2]
Classification: train=1.0000 test=0.5843 round=160
[round 160] timing train=175.914s distribution=0.913s agg=0.210s eval=92.972s total=270.015s
[round 161] reused planned scale coverage: [1, 1, 2, 2, 1, 1, 2, 2]
Classification: train=1.0000 test=0.5835 round=161
[round 161] timing train=169.029s distribution=0.955s agg=0.275s eval=92.596s total=262.895s
[round 162] reused planned scale coverage: [1, 1, 2, 2, 1, 1, 2, 2]
Classification: train=1.0000 test=0.5835 round=162
[round 162] timing train=175.109s distribution=0.967s agg=0.080s eval=84.199s total=260.384s
[round 163] reused planned scale coverage: [1, 1, 2, 2, 1, 1, 2, 2]
Classification: train=1.0000 test=0.5831 round=163
[round 163] timing train=150.399s distribution=0.919s agg=0.207s eval=87.030s total=238.568s
[round 164] reused planned scale coverage: [1, 1, 2, 2, 1, 1, 2, 2]
Classification: train=1.0000 test=0.5827 round=164
[round 164] timing train=174.081s distribution=1.091s agg=0.221s eval=93.311s total=268.718s
[round 165] reused planned scale coverage: [1, 1, 2, 2, 1, 1, 2, 2]
Classification: train=1.0000 test=0.5823 round=165
[round 165] timing train=175.423s distribution=1.005s agg=0.212s eval=92.032s total=268.688s
[round 166] reused planned scale coverage: [1, 1, 2, 2, 1, 1, 2, 2]
Classification: train=1.0000 test=0.5827 round=166
[round 166] timing train=172.776s distribution=0.982s agg=0.150s eval=89.280s total=263.193s
[round 167] reused planned scale coverage: [1, 1, 2, 2, 1, 1, 2, 2]
Classification: train=1.0000 test=0.5831 round=167
[round 167] timing train=172.921s distribution=1.004s agg=0.193s eval=101.301s total=275.429s
[round 168] reused planned scale coverage: [1, 1, 2, 2, 1, 1, 2, 2]
Classification: train=1.0000 test=0.5831 round=168
[round 168] timing train=170.373s distribution=1.119s agg=0.217s eval=98.711s total=270.452s
[round 169] reused planned scale coverage: [1, 1, 2, 2, 1, 1, 2, 2]
Classification: train=1.0000 test=0.5831 round=169
[round 169] timing train=165.733s distribution=1.019s agg=0.168s eval=93.579s total=260.511s
[round 170] reused planned scale coverage: [1, 1, 2, 2, 1, 1, 2, 2]
Classification: train=1.0000 test=0.5831 round=170
[round 170] timing train=168.518s distribution=0.809s agg=0.062s eval=87.670s total=257.102s
[round 171] reused planned scale coverage: [1, 1, 2, 2, 1, 1, 2, 2]
Classification: train=1.0000 test=0.5831 round=171
[round 171] timing train=171.818s distribution=0.846s agg=0.203s eval=95.421s total=268.306s
[round 172] reused planned scale coverage: [1, 1, 2, 2, 1, 1, 2, 2]
Classification: train=1.0000 test=0.5831 round=172
[round 172] timing train=164.986s distribution=0.848s agg=0.153s eval=91.262s total=257.264s
[round 173] reused planned scale coverage: [1, 1, 2, 2, 1, 1, 2, 2]
Classification: train=1.0000 test=0.5827 round=173
[round 173] timing train=169.521s distribution=0.758s agg=0.097s eval=88.175s total=258.563s
[round 174] reused planned scale coverage: [1, 1, 2, 2, 1, 1, 2, 2]
Classification: train=1.0000 test=0.5827 round=174
[round 174] timing train=163.461s distribution=1.072s agg=0.239s eval=91.286s total=256.100s
[round 175] reused planned scale coverage: [1, 1, 2, 2, 1, 1, 2, 2]
Classification: train=1.0000 test=0.5827 round=175
[round 175] timing train=171.592s distribution=1.011s agg=0.146s eval=90.557s total=263.333s
[round 176] reused planned scale coverage: [1, 1, 2, 2, 1, 1, 2, 2]
Classification: train=1.0000 test=0.5827 round=176
[round 176] timing train=165.491s distribution=0.855s agg=0.180s eval=94.195s total=260.765s
[round 177] reused planned scale coverage: [1, 1, 2, 2, 1, 1, 2, 2]
Classification: train=1.0000 test=0.5831 round=177
[round 177] timing train=162.738s distribution=0.957s agg=0.167s eval=88.076s total=251.953s
[round 178] reused planned scale coverage: [1, 1, 2, 2, 1, 1, 2, 2]
Classification: train=1.0000 test=0.5831 round=178
[round 178] timing train=167.694s distribution=0.949s agg=0.137s eval=93.197s total=261.993s
[round 179] reused planned scale coverage: [1, 1, 2, 2, 1, 1, 2, 2]
Classification: train=1.0000 test=0.5835 round=179
[round 179] timing train=173.322s distribution=0.968s agg=0.114s eval=90.279s total=264.712s
[fedcsl] checkpoint saved → ./checkpoint/resume/fedcsl_LSST_2026-05-04-14har_fedcsl-onehot-fullteacher_dir10.0.pt (round=180)
[round 180] reused planned scale coverage: [1, 1, 2, 2, 1, 1, 2, 2]
Classification: train=1.0000 test=0.5843 round=180
[round 180] timing train=153.835s distribution=0.676s agg=0.144s eval=77.086s total=231.751s
[round 181] reused planned scale coverage: [1, 1, 2, 2, 1, 1, 2, 2]
Classification: train=1.0000 test=0.5848 round=181
[round 181] timing train=160.861s distribution=0.708s agg=0.142s eval=88.911s total=250.635s
[round 182] reused planned scale coverage: [1, 1, 2, 2, 1, 1, 2, 2]
Classification: train=1.0000 test=0.5848 round=182
[round 182] timing train=162.992s distribution=1.009s agg=0.122s eval=92.897s total=257.039s
[round 183] reused planned scale coverage: [1, 1, 2, 2, 1, 1, 2, 2]
Classification: train=1.0000 test=0.5852 round=183
[round 183] timing train=171.056s distribution=0.929s agg=0.145s eval=91.714s total=263.895s
[round 184] reused planned scale coverage: [1, 1, 2, 2, 1, 1, 2, 2]
Classification: train=1.0000 test=0.5852 round=184
[round 184] timing train=166.311s distribution=0.951s agg=0.041s eval=86.735s total=254.069s
[round 185] reused planned scale coverage: [1, 1, 2, 2, 1, 1, 2, 2]
Classification: train=1.0000 test=0.5848 round=185
[round 185] timing train=167.475s distribution=1.078s agg=0.340s eval=90.754s total=259.667s
[round 186] reused planned scale coverage: [1, 1, 2, 2, 1, 1, 2, 2]
Classification: train=1.0000 test=0.5848 round=186
[round 186] timing train=166.818s distribution=0.823s agg=0.179s eval=88.528s total=256.367s
[round 187] reused planned scale coverage: [1, 1, 2, 2, 1, 1, 2, 2]
Classification: train=1.0000 test=0.5848 round=187
[round 187] timing train=169.454s distribution=0.919s agg=0.176s eval=90.710s total=261.273s
[round 188] reused planned scale coverage: [1, 1, 2, 2, 1, 1, 2, 2]
Classification: train=1.0000 test=0.5843 round=188
[round 188] timing train=165.724s distribution=0.969s agg=0.220s eval=90.442s total=257.383s
[round 189] reused planned scale coverage: [1, 1, 2, 2, 1, 1, 2, 2]
Classification: train=1.0000 test=0.5848 round=189
[round 189] timing train=164.187s distribution=0.957s agg=0.142s eval=84.794s total=250.112s
[round 190] reused planned scale coverage: [1, 1, 2, 2, 1, 1, 2, 2]
Classification: train=1.0000 test=0.5848 round=190
[round 190] timing train=164.620s distribution=0.968s agg=0.147s eval=84.781s total=250.546s
[round 191] reused planned scale coverage: [1, 1, 2, 2, 1, 1, 2, 2]
Classification: train=1.0000 test=0.5852 round=191
[round 191] timing train=137.077s distribution=0.865s agg=0.230s eval=82.099s total=220.292s
[round 192] reused planned scale coverage: [1, 1, 2, 2, 1, 1, 2, 2]
Classification: train=1.0000 test=0.5856 round=192
[round 192] timing train=163.843s distribution=1.284s agg=0.181s eval=90.159s total=255.482s
[round 193] reused planned scale coverage: [1, 1, 2, 2, 1, 1, 2, 2]
Classification: train=1.0000 test=0.5856 round=193
[round 193] timing train=159.900s distribution=0.808s agg=0.198s eval=86.025s total=246.975s
[round 194] reused planned scale coverage: [1, 1, 2, 2, 1, 1, 2, 2]
Classification: train=1.0000 test=0.5852 round=194
[round 194] timing train=173.474s distribution=1.026s agg=0.156s eval=92.414s total=267.090s
[round 195] reused planned scale coverage: [1, 1, 2, 2, 1, 1, 2, 2]
Classification: train=1.0000 test=0.5856 round=195
[round 195] timing train=161.158s distribution=0.967s agg=0.115s eval=85.975s total=248.248s
[round 196] reused planned scale coverage: [1, 1, 2, 2, 1, 1, 2, 2]
Classification: train=1.0000 test=0.5852 round=196
[round 196] timing train=161.657s distribution=0.956s agg=0.099s eval=87.973s total=250.715s
[round 197] reused planned scale coverage: [1, 1, 2, 2, 1, 1, 2, 2]
Classification: train=1.0000 test=0.5860 round=197
[round 197] timing train=165.270s distribution=1.489s agg=0.236s eval=92.064s total=259.115s
[round 198] reused planned scale coverage: [1, 1, 2, 2, 1, 1, 2, 2]
Classification: train=1.0000 test=0.5860 round=198
[round 198] timing train=162.576s distribution=0.717s agg=0.120s eval=87.347s total=250.776s
[round 199] reused planned scale coverage: [1, 1, 2, 2, 1, 1, 2, 2]
Classification: train=1.0000 test=0.5860 round=199
[round 199] timing train=166.524s distribution=0.761s agg=0.116s eval=87.164s total=254.596s
best round is 3, acc is 0.590430
Model saved to ./checkpoint/LSST/2026-05-04-14har_fedcsl-onehot-fullteacher_dir10.0_LSST_model.pt
