# 2026-05-05 13:30:38  har_fedcsl-onehot_dir0.3  GPU=6  cwd=/data/user_lixiongfei/CSL-main
# CMD: python3 -u FedCSL_All.py -dataset HAR --config configFedCSL_OneHot.yml --dirichlet-alpha 0.3 --seed 42 --description har_fedcsl-onehot_dir0.3 -dataset PhonemeSpectra

/mnt/data/user_liangzhiyu/envs/fedcsl/lib/python3.8/site-packages/scipy/__init__.py:146: UserWarning: A NumPy version >=1.16.5 and <1.23.0 is required for this version of SciPy (detected version 1.23.5
  warnings.warn(f"A NumPy version >={np_minversion} and <{np_maxversion}"
[config] 'configFedCSL_OneHot.yml' 未找到，重定向到 'config/configFedCSL_OneHot.yml'
3315
<class 'pandas.core.frame.DataFrame'>
RangeIndex: 3315 entries, 0 to 3314
Data columns (total 12 columns):
 #   Column      Non-Null Count  Dtype 
---  ------      --------------  ----- 
 0   dim_0       3315 non-null   object
 1   dim_1       3315 non-null   object
 2   dim_2       3315 non-null   object
 3   dim_3       3315 non-null   object
 4   dim_4       3315 non-null   object
 5   dim_5       3315 non-null   object
 6   dim_6       3315 non-null   object
 7   dim_7       3315 non-null   object
 8   dim_8       3315 non-null   object
 9   dim_9       3315 non-null   object
 10  dim_10      3315 non-null   object
 11  class_vals  3315 non-null   object
dtypes: object(12)
memory usage: 310.9+ KB
None
{217}
<class 'pandas.core.frame.DataFrame'>
RangeIndex: 3315 entries, 0 to 3314
Data columns (total 12 columns):
 #   Column      Non-Null Count  Dtype 
---  ------      --------------  ----- 
 0   dim_0       3315 non-null   object
 1   dim_1       3315 non-null   object
 2   dim_2       3315 non-null   object
 3   dim_3       3315 non-null   object
 4   dim_4       3315 non-null   object
 5   dim_5       3315 non-null   object
 6   dim_6       3315 non-null   object
 7   dim_7       3315 non-null   object
 8   dim_8       3315 non-null   object
 9   dim_9       3315 non-null   object
 10  dim_10      3315 non-null   object
 11  class_vals  3315 non-null   object
dtypes: object(12)
memory usage: 310.9+ KB
None
[ 0  0  0 ... 38 38 38]
[   0    1   85   86   87   88   89   90   91   92   93   94   95   96
   97   98   99  100  101  102  103  104  105  106  107  108  109  110
  111  112  113  114  115  116  117  118  119  120  121  122  123  124
  125  126  127  128  129  130  131  132  133  134  135  136  137  138
  139  140  141  142  143  144  145  146  147  148  149  150  151  152
  153  154  155  156  170  340  341  342  343  344  345  346  347  348
  349  350  351  352  353  354  355  356  357  358  359  360  361  362
  363  364  365  366  367  368  369  370  371  372  373  374  375  376
  377  378  379  380  381  382  383  384  385  386  387  388  389  390
  391  392  393  394  395  396  397  398  399  400  401  402  403  404
  405  406  510  511  512  513  514  515  516  517  518  519  520  521
  522  523  524  525  526  527  528  529  530  531  532  533  534  535
  536  537  538  539  595  596  597  598  599  600  601  602  603  604
  605  606  607  608  609  610  611  612  613  614  615  616  617  618
  619  620  621  622  623  624  625  626  680  681  682  683  684  685
  686  765  766  767  768  769  770  771  772  773  774  775  776  777
  778  779  780  781  782  783  784  785  786  787  788  789  790  791
  792  793  794  795  796  797  798  799  800 1020 1021 1022 1023 1024
 1025 1026 1027 1028 1105 1106 1107 1108 1109 1110 1111 1112 1113 1114
 1115 1116 1117 1118 1119 1120 1121 1122 1123 1124 1125 1126 1127 1128
 1129 1130 1131 1132 1133 1134 1135 1136 1137 1138 1139 1140 1141 1142
 1143 1144 1145 1146 1147 1148 1149 1150 1151 1152 1153 1154 1155 1156
 1157 1158 1159 1160 1445 1446 1447 1448 1449 1450 1451 1452 1453 1454
 1455 1456 1457 1458 1459 1460 1461 1462 1463 1464 1465 1466 1467 1468
 1469 1470 1471 1472 1473 1474 1475 1476 1477 1478 1479 1480 1481 1482
 1483 1484 1485 1486 1487 1488 1489 1490 1491 1492 1493 1494 1495 1496
 1497 1498 1499 1500 1501 1502 1503 1504 1505 1506 1507 1508 1509 1510
 1511 1512 1513 1514 1515 1516 1517 1518 1519 1520 1521 1522 1530 1531
 1532 1533 1534 1535 1536 1537 1538 1539 1540 1541 1542 1543 1544 1545
 1546 1547 1548 1549 1550 1551 1552 1553 1554 1555 1556 1557 1558 1559
 1560 1561 1562 1563 1564 1565 1566 1567 1568 1569 1570 1571 1572 1573
 1574 1575 1576 1577 1578 1579 1580 1581 1582 1583 1584 1585 1586 1587
 1588 1589 1590 1591 1592 1593 1594 1595 1596 1597 1598 1599 1600 1601
 1602 1603 1604 1605 1606 1607 1608 1615 1616 1700 1701 1702 1785 1786
 1787 1788 1789 1790 1791 1792 1793 1794 1795 1796 1797 1798 1799 1800
 1801 1802 1870 1871 1872 1873 1874 1875 1876 1877 1878 1879 1880 1881
 1882 1883 1884 1885 1886 1887 1888 1889 1890 1891 1892 1893 1955 1956
 1957 1958 1959 1960 1961 1962 1963 1964 1965 2125 2126 2127 2210 2211
 2212 2213 2214 2215 2216 2217 2218 2219 2220 2221 2222 2223 2224 2225
 2226 2227 2228 2229 2230 2231 2232 2233 2234 2235 2236 2237 2238 2239
 2240 2241 2242 2243 2244 2245 2295 2465 2466 2467 2468 2469 2470 2471
 2472 2473 2474 2475 2476 2477 2478 2479 2480 2481 2482 2483 2484 2485
 2486 2487 2488 2489 2490 2491 2492 2493 2494 2495 2496 2497 2498 2499
 2500 2501 2502 2503 2504 2505 2506 2507 2508 2509 2510 2511 2512 2513
 2514 2515 2516 2517 2518 2519 2520 2521 2522 2523 2524 2525 2526 2527
 2528 2529 2530 2531 2532 2533 2550 2551 2552 2553 2554 2555 2556 2557
 2558 2559 2560 2561 2562 2563 2564 2565 2566 2567 2568 2569 2570 2571
 2572 2573 2574 2575 2576 2577 2578 2579 2580 2581 2582 2583 2584 2585
 2586 2587 2588 2589 2590 2591 2592 2593 2594 2595 2596 2597 2598 2599
 2600 2601 2602 2603 2604 2605 2606 2607 2608 2609 2610 2611 2612 2613
 2614 2615 2616 2617 2618 2619 2620 2621 2622 2623 2624 2625 2635 2636
 2637 2638 2639 2640 2641 2642 2643 2644 2645 2646 2647 2648 2649 2650
 2651 2652 2653 2654 2655 2656 2657 2658 2659 2660 2661 2662 2663 2664
 2665 2666 2667 2668 2720 2721 2722 2723 2724 2725 2726 2727 2728 2729
 2730 2731 2732 2733 2734 2735 2736 2737 2805 2806 2975 2976 2977 2978
 2979 2980 2981 2982 2983 2984 2985 3060 3061 3230 3231 3232 3233 3234
 3235 3236 3237 3238 3239 3240 3241 3242 3243 3244 3245 3246 3247 3248
 3249 3250 3251 3252 3253 3254 3255 3256 3257 3258 3259 3260 3261 3262
 3263 3264 3265 3266 3267 3268 3269 3270 3271 3272 3273 3274 3275 3276
 3277 3278 3279 3280 3281 3282 3283 3284 3285 3286 3287 3288 3289 3290
 3291 3292 3293 3294 3295 3296]
[0, 0, 1, 1, 1, 1, 1, 1, 1, 1, 1, 1, 1, 1, 1, 1, 1, 1, 1, 1, 1, 1, 1, 1, 1, 1, 1, 1, 1, 1, 1, 1, 1, 1, 1, 1, 1, 1, 1, 1, 1, 1, 1, 1, 1, 1, 1, 1, 1, 1, 1, 1, 1, 1, 1, 1, 1, 1, 1, 1, 1, 1, 1, 1, 1, 1, 1, 1, 1, 1, 1, 1, 1, 1, 2, 4, 4, 4, 4, 4, 4, 4, 4, 4, 4, 4, 4, 4, 4, 4, 4, 4, 4, 4, 4, 4, 4, 4, 4, 4, 4, 4, 4, 4, 4, 4, 4, 4, 4, 4, 4, 4, 4, 4, 4, 4, 4, 4, 4, 4, 4, 4, 4, 4, 4, 4, 4, 4, 4, 4, 4, 4, 4, 4, 4, 4, 4, 4, 4, 4, 4, 4, 6, 6, 6, 6, 6, 6, 6, 6, 6, 6, 6, 6, 6, 6, 6, 6, 6, 6, 6, 6, 6, 6, 6, 6, 6, 6, 6, 6, 6, 6, 7, 7, 7, 7, 7, 7, 7, 7, 7, 7, 7, 7, 7, 7, 7, 7, 7, 7, 7, 7, 7, 7, 7, 7, 7, 7, 7, 7, 7, 7, 7, 7, 8, 8, 8, 8, 8, 8, 8, 9, 9, 9, 9, 9, 9, 9, 9, 9, 9, 9, 9, 9, 9, 9, 9, 9, 9, 9, 9, 9, 9, 9, 9, 9, 9, 9, 9, 9, 9, 9, 9, 9, 9, 9, 9, 12, 12, 12, 12, 12, 12, 12, 12, 12, 13, 13, 13, 13, 13, 13, 13, 13, 13, 13, 13, 13, 13, 13, 13, 13, 13, 13, 13, 13, 13, 13, 13, 13, 13, 13, 13, 13, 13, 13, 13, 13, 13, 13, 13, 13, 13, 13, 13, 13, 13, 13, 13, 13, 13, 13, 13, 13, 13, 13, 13, 13, 13, 13, 13, 13, 17, 17, 17, 17, 17, 17, 17, 17, 17, 17, 17, 17, 17, 17, 17, 17, 17, 17, 17, 17, 17, 17, 17, 17, 17, 17, 17, 17, 17, 17, 17, 17, 17, 17, 17, 17, 17, 17, 17, 17, 17, 17, 17, 17, 17, 17, 17, 17, 17, 17, 17, 17, 17, 17, 17, 17, 17, 17, 17, 17, 17, 17, 17, 17, 17, 17, 17, 17, 17, 17, 17, 17, 17, 17, 17, 17, 17, 17, 18, 18, 18, 18, 18, 18, 18, 18, 18, 18, 18, 18, 18, 18, 18, 18, 18, 18, 18, 18, 18, 18, 18, 18, 18, 18, 18, 18, 18, 18, 18, 18, 18, 18, 18, 18, 18, 18, 18, 18, 18, 18, 18, 18, 18, 18, 18, 18, 18, 18, 18, 18, 18, 18, 18, 18, 18, 18, 18, 18, 18, 18, 18, 18, 18, 18, 18, 18, 18, 18, 18, 18, 18, 18, 18, 18, 18, 18, 18, 19, 19, 20, 20, 20, 21, 21, 21, 21, 21, 21, 21, 21, 21, 21, 21, 21, 21, 21, 21, 21, 21, 21, 22, 22, 22, 22, 22, 22, 22, 22, 22, 22, 22, 22, 22, 22, 22, 22, 22, 22, 22, 22, 22, 22, 22, 22, 23, 23, 23, 23, 23, 23, 23, 23, 23, 23, 23, 25, 25, 25, 26, 26, 26, 26, 26, 26, 26, 26, 26, 26, 26, 26, 26, 26, 26, 26, 26, 26, 26, 26, 26, 26, 26, 26, 26, 26, 26, 26, 26, 26, 26, 26, 26, 26, 26, 26, 27, 29, 29, 29, 29, 29, 29, 29, 29, 29, 29, 29, 29, 29, 29, 29, 29, 29, 29, 29, 29, 29, 29, 29, 29, 29, 29, 29, 29, 29, 29, 29, 29, 29, 29, 29, 29, 29, 29, 29, 29, 29, 29, 29, 29, 29, 29, 29, 29, 29, 29, 29, 29, 29, 29, 29, 29, 29, 29, 29, 29, 29, 29, 29, 29, 29, 29, 29, 29, 29, 30, 30, 30, 30, 30, 30, 30, 30, 30, 30, 30, 30, 30, 30, 30, 30, 30, 30, 30, 30, 30, 30, 30, 30, 30, 30, 30, 30, 30, 30, 30, 30, 30, 30, 30, 30, 30, 30, 30, 30, 30, 30, 30, 30, 30, 30, 30, 30, 30, 30, 30, 30, 30, 30, 30, 30, 30, 30, 30, 30, 30, 30, 30, 30, 30, 30, 30, 30, 30, 30, 30, 30, 30, 30, 30, 30, 31, 31, 31, 31, 31, 31, 31, 31, 31, 31, 31, 31, 31, 31, 31, 31, 31, 31, 31, 31, 31, 31, 31, 31, 31, 31, 31, 31, 31, 31, 31, 31, 31, 31, 32, 32, 32, 32, 32, 32, 32, 32, 32, 32, 32, 32, 32, 32, 32, 32, 32, 32, 33, 33, 35, 35, 35, 35, 35, 35, 35, 35, 35, 35, 35, 36, 36, 38, 38, 38, 38, 38, 38, 38, 38, 38, 38, 38, 38, 38, 38, 38, 38, 38, 38, 38, 38, 38, 38, 38, 38, 38, 38, 38, 38, 38, 38, 38, 38, 38, 38, 38, 38, 38, 38, 38, 38, 38, 38, 38, 38, 38, 38, 38, 38, 38, 38, 38, 38, 38, 38, 38, 38, 38, 38, 38, 38, 38, 38, 38, 38, 38, 38, 38]
[0, 0, 0, 0, 2, 2, 2, 2, 2, 2, 2, 2, 2, 2, 2, 2, 2, 2, 2, 2, 2, 2, 2, 2, 2, 2, 2, 2, 2, 2, 2, 2, 2, 2, 2, 2, 2, 2, 2, 2, 2, 2, 2, 2, 2, 2, 2, 2, 2, 2, 2, 2, 2, 2, 2, 2, 2, 2, 2, 2, 2, 2, 2, 2, 2, 2, 2, 2, 2, 2, 2, 2, 2, 2, 2, 2, 2, 2, 2, 2, 2, 2, 2, 3, 3, 3, 3, 3, 3, 3, 3, 3, 3, 3, 3, 3, 3, 3, 3, 3, 3, 3, 3, 3, 3, 3, 3, 3, 3, 3, 3, 3, 3, 3, 3, 3, 3, 3, 3, 3, 3, 3, 3, 3, 3, 3, 3, 3, 3, 3, 3, 3, 3, 3, 3, 3, 3, 3, 3, 3, 3, 3, 3, 3, 3, 3, 3, 3, 3, 3, 3, 3, 3, 3, 3, 3, 3, 3, 3, 3, 3, 3, 3, 5, 7, 7, 7, 7, 7, 7, 7, 7, 7, 8, 8, 8, 8, 8, 8, 8, 8, 8, 8, 8, 8, 8, 8, 8, 8, 8, 8, 8, 8, 8, 8, 8, 8, 8, 8, 8, 8, 8, 8, 8, 8, 8, 8, 8, 8, 8, 8, 8, 8, 8, 8, 8, 8, 8, 8, 8, 8, 8, 8, 8, 8, 8, 8, 8, 9, 9, 9, 9, 9, 9, 9, 9, 9, 9, 9, 9, 9, 9, 9, 9, 9, 9, 9, 9, 9, 9, 9, 9, 9, 9, 9, 9, 10, 10, 10, 10, 10, 10, 10, 10, 10, 10, 10, 10, 10, 10, 10, 10, 10, 10, 10, 10, 10, 10, 10, 10, 10, 10, 10, 10, 10, 10, 10, 10, 10, 10, 10, 10, 10, 10, 10, 10, 10, 10, 10, 10, 10, 10, 10, 10, 10, 10, 10, 10, 10, 10, 10, 10, 10, 11, 11, 11, 11, 11, 11, 11, 11, 11, 12, 12, 12, 12, 12, 12, 12, 12, 12, 12, 12, 12, 12, 12, 12, 12, 12, 12, 12, 12, 12, 12, 12, 12, 12, 12, 12, 12, 12, 12, 12, 12, 12, 12, 12, 12, 12, 12, 12, 12, 12, 12, 12, 12, 12, 12, 12, 13, 13, 13, 13, 13, 13, 13, 13, 13, 13, 13, 13, 13, 13, 13, 13, 13, 13, 13, 13, 13, 13, 13, 13, 13, 13, 13, 13, 14, 14, 14, 14, 14, 14, 14, 14, 14, 14, 14, 14, 14, 14, 14, 14, 14, 14, 14, 14, 14, 14, 14, 15, 15, 15, 15, 15, 15, 15, 15, 15, 15, 15, 15, 15, 15, 15, 15, 15, 15, 15, 15, 15, 15, 15, 15, 15, 15, 15, 15, 15, 15, 15, 15, 15, 15, 15, 15, 15, 15, 15, 15, 15, 15, 15, 15, 15, 15, 15, 15, 15, 15, 15, 15, 15, 15, 15, 15, 15, 15, 15, 15, 15, 15, 15, 15, 15, 15, 15, 15, 15, 15, 15, 15, 15, 15, 15, 15, 15, 15, 15, 18, 18, 21, 21, 22, 22, 22, 22, 22, 22, 22, 22, 22, 22, 22, 22, 22, 22, 22, 22, 22, 22, 22, 22, 22, 22, 22, 22, 22, 22, 22, 22, 22, 22, 22, 22, 22, 22, 22, 22, 22, 22, 22, 22, 22, 22, 22, 22, 22, 22, 22, 22, 22, 22, 22, 22, 22, 22, 22, 22, 22, 22, 23, 24, 24, 24, 24, 24, 24, 24, 24, 24, 24, 24, 24, 24, 24, 24, 24, 24, 24, 24, 24, 24, 24, 24, 24, 24, 24, 24, 24, 24, 24, 24, 24, 24, 24, 24, 24, 24, 24, 24, 24, 24, 24, 24, 24, 24, 24, 24, 24, 24, 24, 24, 24, 24, 24, 24, 24, 24, 24, 24, 24, 24, 24, 24, 24, 26, 27, 27, 27, 27, 27, 28, 28, 28, 28, 28, 28, 28, 28, 28, 28, 28, 28, 28, 28, 29, 29, 29, 29, 29, 29, 29, 29, 29, 29, 29, 29, 29, 29, 29, 30, 30, 30, 30, 30, 30, 30, 30, 31, 31, 31, 31, 31, 31, 31, 31, 31, 31, 31, 31, 31, 31, 31, 31, 31, 31, 31, 31, 31, 31, 31, 31, 31, 31, 31, 31, 31, 31, 31, 31, 31, 31, 31, 31, 31, 31, 31, 31, 31, 31, 31, 31, 31, 31, 31, 31, 31, 31, 32, 32, 32, 32, 32, 32, 32, 32, 32, 32, 32, 32, 32, 32, 32, 32, 32, 32, 32, 32, 32, 32, 32, 32, 32, 32, 32, 32, 32, 32, 32, 32, 32, 32, 32, 32, 32, 32, 32, 32, 32, 32, 32, 32, 32, 32, 32, 32, 32, 32, 32, 32, 32, 32, 32, 32, 32, 32, 32, 32, 32, 32, 32, 32, 32, 32, 33, 33, 33, 33, 33, 33, 33, 33, 33, 33, 33, 33, 33, 33, 33, 33, 33, 33, 33, 33, 33, 33, 33, 33, 33, 33, 33, 33, 33, 33, 33, 33, 33, 33, 33, 33, 33, 33, 33, 33, 33, 33, 33, 33, 33, 33, 33, 33, 33, 33, 33, 33, 33, 33, 33, 33, 33, 33, 33, 33, 33, 33, 33, 33, 33, 33, 33, 33, 33, 33, 33, 33, 33, 33, 33, 33, 33, 33, 33, 34, 34, 34, 34, 34, 34, 34, 34, 34, 34, 34, 34, 34, 34, 34, 34, 34, 34, 34, 34, 34, 34, 34, 34, 34, 34, 34, 34, 34, 34, 34, 34, 34, 34, 34, 34, 34, 34, 34, 34, 34, 34, 34, 34, 34, 34, 34, 34, 34, 34, 34, 34, 34, 34, 34, 34, 34, 34, 34, 34, 34, 34, 34, 34, 34, 34, 34, 34, 34, 34, 34, 34, 34, 34, 34, 35, 35, 35, 35, 35, 35, 37, 37, 37, 37, 37, 37, 37, 37, 37, 37, 37, 37, 37, 37, 37, 37, 37, 37, 37, 37, 37, 37, 37, 37, 37, 37, 37, 37, 37, 37, 37, 37, 37, 37, 37, 37, 37, 37, 37, 37, 37, 37, 37, 37, 37, 37, 37, 37, 37, 37, 37, 37, 37, 37, 37, 37, 37, 37, 37, 37, 37, 37, 37, 37, 37, 37, 37, 37, 37, 37, 37, 37, 37, 37, 37, 37, 37, 37, 37, 37, 37, 37, 37, 37, 38, 38, 38, 38, 38, 38, 38, 38, 38, 38, 38, 38, 38, 38]
[0, 0, 0, 0, 0, 0, 0, 0, 0, 0, 0, 0, 0, 0, 0, 0, 0, 0, 0, 0, 0, 0, 0, 0, 0, 0, 0, 0, 0, 0, 0, 0, 0, 0, 0, 0, 0, 0, 0, 0, 0, 0, 0, 0, 0, 0, 0, 0, 0, 0, 0, 0, 0, 0, 0, 0, 0, 0, 0, 0, 0, 0, 0, 0, 0, 0, 0, 0, 0, 0, 0, 0, 0, 0, 0, 0, 0, 0, 0, 1, 1, 1, 1, 1, 1, 1, 1, 1, 1, 1, 1, 1, 2, 2, 2, 2, 2, 3, 3, 3, 3, 3, 4, 4, 4, 4, 4, 4, 4, 4, 4, 4, 4, 4, 4, 4, 4, 4, 4, 4, 5, 5, 5, 5, 5, 5, 5, 5, 5, 5, 5, 5, 5, 5, 5, 5, 5, 5, 5, 5, 5, 5, 5, 5, 5, 5, 5, 5, 5, 5, 5, 5, 5, 5, 5, 5, 5, 5, 5, 5, 5, 5, 5, 5, 5, 5, 5, 5, 5, 5, 5, 5, 5, 5, 5, 5, 5, 5, 5, 5, 5, 5, 5, 5, 5, 5, 5, 5, 5, 5, 5, 5, 5, 5, 5, 5, 5, 5, 5, 5, 5, 5, 5, 5, 6, 6, 6, 6, 6, 6, 6, 6, 6, 6, 6, 6, 6, 6, 6, 6, 6, 6, 6, 6, 6, 6, 6, 6, 6, 6, 6, 6, 6, 6, 6, 6, 6, 6, 6, 6, 6, 6, 6, 6, 6, 6, 6, 6, 6, 6, 6, 6, 6, 6, 6, 6, 6, 6, 6, 7, 7, 7, 7, 7, 7, 7, 7, 7, 7, 7, 7, 7, 7, 7, 7, 7, 7, 7, 7, 7, 7, 7, 7, 7, 7, 7, 7, 7, 7, 7, 7, 7, 7, 7, 7, 7, 7, 7, 7, 7, 7, 7, 7, 8, 8, 8, 8, 8, 8, 8, 8, 8, 8, 8, 8, 8, 8, 8, 8, 8, 8, 8, 8, 8, 8, 8, 9, 9, 9, 9, 9, 9, 9, 9, 9, 9, 9, 9, 9, 9, 9, 9, 9, 9, 9, 9, 9, 10, 10, 10, 10, 10, 10, 10, 10, 10, 10, 10, 10, 10, 10, 10, 10, 10, 10, 10, 10, 10, 10, 10, 10, 10, 10, 10, 10, 11, 11, 11, 11, 11, 11, 11, 11, 11, 11, 11, 11, 11, 11, 11, 11, 11, 11, 11, 11, 11, 11, 11, 11, 11, 11, 11, 11, 11, 11, 11, 11, 11, 11, 11, 11, 11, 11, 11, 11, 11, 11, 11, 11, 11, 11, 11, 11, 11, 11, 11, 11, 11, 11, 11, 11, 11, 11, 11, 11, 11, 11, 11, 11, 11, 11, 11, 11, 11, 11, 11, 11, 11, 11, 11, 11, 12, 12, 12, 12, 12, 12, 12, 12, 12, 12, 12, 12, 12, 12, 12, 12, 12, 12, 12, 12, 12, 12, 12, 12, 12, 12, 12, 12, 12, 13, 14, 14, 14, 14, 14, 14, 14, 14, 14, 14, 14, 14, 14, 14, 14, 14, 14, 14, 14, 14, 14, 14, 14, 14, 14, 14, 14, 14, 14, 14, 14, 14, 14, 14, 14, 14, 14, 14, 14, 14, 14, 14, 14, 14, 14, 14, 14, 14, 14, 14, 14, 14, 14, 14, 14, 14, 14, 14, 14, 14, 14, 14, 15, 15, 15, 15, 15, 15, 16, 16, 16, 16, 16, 16, 16, 16, 16, 16, 16, 16, 16, 16, 16, 16, 16, 16, 16, 16, 16, 16, 16, 16, 16, 16, 16, 16, 16, 16, 16, 16, 16, 16, 16, 16, 16, 16, 16, 16, 16, 16, 16, 16, 16, 16, 16, 16, 16, 16, 16, 16, 16, 16, 16, 16, 16, 16, 16, 16, 16, 16, 16, 16, 16, 16, 16, 16, 16, 16, 16, 16, 16, 16, 16, 16, 16, 16, 16, 16, 16, 16, 16, 16, 16, 17, 17, 17, 17, 17, 17, 17, 18, 18, 18, 18, 19, 19, 19, 19, 19, 19, 19, 19, 19, 19, 19, 19, 19, 19, 19, 19, 19, 19, 19, 19, 19, 19, 19, 19, 19, 19, 19, 19, 19, 19, 19, 19, 19, 19, 19, 19, 19, 19, 19, 19, 19, 19, 19, 19, 19, 19, 19, 19, 19, 19, 19, 19, 19, 19, 19, 19, 19, 19, 19, 19, 19, 19, 19, 19, 19, 19, 19, 19, 19, 19, 19, 19, 19, 19, 19, 19, 19, 19, 19, 19, 19, 19, 19, 20, 20, 20, 20, 20, 20, 20, 20, 20, 20, 20, 20, 20, 20, 20, 20, 20, 20, 20, 20, 20, 20, 20, 20, 20, 20, 20, 20, 20, 20, 20, 20, 20, 20, 20, 20, 20, 20, 20, 20, 20, 20, 20, 20, 20, 20, 20, 20, 20, 20, 20, 20, 20, 20, 20, 20, 20, 20, 20, 20, 20, 20, 20, 20, 20, 20, 20, 20, 20, 20, 20, 20, 20, 20, 20, 20, 20, 20, 20, 20, 20, 20, 21, 21, 21, 21, 21, 21, 21, 21, 21, 21, 21, 21, 21, 21, 21, 21, 21, 21, 21, 21, 21, 21, 21, 21, 21, 21, 21, 21, 21, 21, 21, 21, 21, 21, 21, 21, 21, 21, 21, 21, 21, 21, 21, 21, 21, 21, 21, 21, 21, 21, 21, 21, 21, 21, 21, 21, 21, 21, 21, 21, 21, 21, 21, 21, 21, 22, 22, 22, 23, 23, 23, 23, 23, 23, 23, 23, 23, 23, 23, 23, 23, 23, 23, 23, 23, 23, 23, 23, 23, 23, 23, 23, 23, 23, 23, 23, 23, 23, 23, 23, 23, 23, 23, 23, 23, 23, 23, 23, 23, 23, 23, 23, 23, 23, 23, 23, 23, 23, 23, 23, 23, 23, 23, 23, 23, 23, 23, 23, 23, 23, 23, 23, 23, 23, 23, 23, 23, 23, 23, 23, 23, 24, 24, 24, 24, 24, 24, 24, 24, 24, 24, 24, 24, 24, 24, 24, 24, 24, 24, 24, 24, 24, 25, 25, 25, 25, 25, 25, 25, 25, 25, 25, 25, 25, 25, 25, 25, 25, 25, 25, 25, 25, 25, 25, 25, 25, 25, 25, 25, 25, 25, 25, 25, 25, 25, 25, 25, 25, 25, 25, 25, 25, 25, 25, 25, 25, 25, 25, 25, 25, 25, 25, 25, 25, 25, 25, 25, 25, 25, 25, 25, 25, 25, 25, 25, 25, 25, 25, 25, 25, 25, 25, 25, 25, 25, 25, 25, 25, 25, 25, 25, 25, 25, 25, 26, 26, 26, 26, 26, 26, 26, 26, 26, 26, 26, 26, 26, 26, 26, 26, 26, 26, 26, 26, 26, 26, 26, 26, 26, 26, 26, 26, 26, 26, 26, 26, 26, 26, 26, 26, 26, 26, 26, 26, 26, 26, 26, 26, 26, 26, 26, 26, 27, 27, 27, 27, 27, 27, 27, 27, 27, 27, 27, 27, 27, 27, 27, 27, 27, 27, 27, 27, 27, 27, 27, 27, 27, 27, 27, 27, 27, 27, 27, 27, 27, 27, 27, 27, 27, 27, 27, 27, 27, 27, 27, 27, 27, 27, 27, 27, 27, 27, 27, 27, 27, 27, 27, 27, 27, 27, 27, 27, 27, 27, 27, 27, 27, 27, 27, 27, 27, 27, 27, 27, 27, 27, 27, 27, 27, 27, 27, 28, 28, 28, 28, 28, 28, 28, 28, 28, 28, 28, 28, 28, 28, 28, 28, 28, 28, 28, 28, 28, 28, 28, 28, 28, 28, 28, 28, 28, 28, 28, 28, 28, 28, 28, 28, 28, 28, 28, 28, 28, 28, 28, 28, 28, 28, 28, 28, 28, 28, 28, 28, 28, 28, 28, 28, 28, 28, 28, 28, 28, 28, 28, 28, 28, 28, 28, 28, 28, 28, 28, 29, 30, 31, 32, 33, 33, 33, 33, 34, 34, 34, 34, 34, 34, 34, 34, 34, 34, 35, 35, 35, 35, 35, 35, 35, 35, 35, 35, 35, 35, 35, 35, 35, 35, 35, 35, 35, 35, 35, 35, 35, 35, 35, 35, 35, 35, 35, 35, 35, 35, 35, 35, 35, 35, 35, 35, 35, 35, 35, 35, 35, 35, 35, 35, 35, 35, 35, 35, 35, 35, 35, 35, 35, 35, 35, 35, 35, 35, 35, 35, 35, 35, 35, 35, 35, 35, 36, 36, 36, 36, 36, 36, 36, 36, 36, 36, 36, 36, 36, 36, 36, 36, 36, 36, 36, 36, 36, 36, 36, 36, 36, 36, 36, 36, 36, 36, 36, 36, 36, 36, 36, 36, 36, 36, 36, 36, 36, 36, 36, 36, 36, 36, 36, 36, 36, 36, 36, 36, 36, 36, 36, 36, 36, 36, 36, 36, 36, 36, 36, 36, 36, 36, 36, 36, 36, 36, 36, 36, 36, 36, 36, 36, 36, 36, 36, 36, 36, 36, 36, 37, 38, 38, 38, 38]
shapelet initialized!
All 3 clients initialized.
Server device: cuda:0
Client worker groups: [[0], [1], [2]]
Client worker devices: ['cuda:0', 'cuda:0', 'cuda:0']
客户端选择未启用，所有客户端参与聚合
[fedcsl] precomputed client scale scores once in 0.355s
/data/user_lixiongfei/CSL-main/train.py:801: UserWarning: Creating a tensor from a list of numpy.ndarrays is extremely slow. Please consider converting the list to a single numpy.ndarray with numpy.array() before converting to a tensor. (Triggered internally at ../torch/csrc/utils/tensor_new.cpp:278.)
  X = torch.tensor(X, dtype=torch.float)
Classification: train=1.0000 test=0.2153 round=0
[round 0] timing train=158.130s distribution=6.549s agg=0.386s eval=160.723s total=325.801s
Classification: train=1.0000 test=0.2118 round=1
[round 1] timing train=310.599s distribution=5.512s agg=0.228s eval=166.186s total=482.533s
Classification: train=1.0000 test=0.2088 round=2
[round 2] timing train=312.312s distribution=5.981s agg=0.054s eval=153.369s total=471.733s
Classification: train=1.0000 test=0.2118 round=3
[round 3] timing train=302.310s distribution=5.997s agg=0.185s eval=150.817s total=459.325s
Classification: train=1.0000 test=0.2067 round=4
[round 4] timing train=308.733s distribution=5.742s agg=0.144s eval=150.993s total=465.625s
Classification: train=1.0000 test=0.2103 round=5
[round 5] timing train=302.115s distribution=5.040s agg=0.215s eval=144.860s total=452.247s
Classification: train=1.0000 test=0.2129 round=6
[round 6] timing train=306.510s distribution=6.411s agg=0.226s eval=141.451s total=454.626s
Classification: train=1.0000 test=0.2162 round=7
[round 7] timing train=313.532s distribution=5.168s agg=0.229s eval=152.604s total=471.573s
Classification: train=1.0000 test=0.2174 round=8
[round 8] timing train=298.192s distribution=5.690s agg=0.090s eval=158.114s total=462.101s
Classification: train=1.0000 test=0.2198 round=9
[round 9] timing train=312.951s distribution=5.059s agg=0.136s eval=152.260s total=470.428s
Classification: train=1.0000 test=0.2177 round=10
[round 10] timing train=298.742s distribution=5.606s agg=0.375s eval=139.829s total=444.556s
Classification: train=1.0000 test=0.2186 round=11
[round 11] timing train=310.748s distribution=5.603s agg=0.093s eval=144.256s total=460.742s
Classification: train=1.0000 test=0.2174 round=12
[round 12] timing train=300.891s distribution=5.450s agg=0.276s eval=167.852s total=474.483s
Classification: train=1.0000 test=0.2162 round=13
[round 13] timing train=302.966s distribution=4.633s agg=0.258s eval=144.725s total=452.594s
Classification: train=1.0000 test=0.2198 round=14
[round 14] timing train=310.978s distribution=5.870s agg=0.058s eval=171.522s total=488.464s
Classification: train=1.0000 test=0.2174 round=15
[round 15] timing train=309.517s distribution=4.945s agg=0.048s eval=173.336s total=487.860s
Classification: train=1.0000 test=0.2180 round=16
[round 16] timing train=307.265s distribution=5.901s agg=0.076s eval=164.921s total=478.198s
Classification: train=1.0000 test=0.2147 round=17
[round 17] timing train=293.382s distribution=5.020s agg=0.177s eval=152.167s total=450.765s
Classification: train=1.0000 test=0.2147 round=18
[round 18] timing train=301.503s distribution=5.357s agg=0.155s eval=172.619s total=479.653s
Classification: train=1.0000 test=0.2141 round=19
[round 19] timing train=315.465s distribution=5.558s agg=0.085s eval=164.185s total=485.310s
Classification: train=1.0000 test=0.2162 round=20
[round 20] timing train=317.454s distribution=5.986s agg=0.205s eval=164.660s total=488.325s
Classification: train=1.0000 test=0.2147 round=21
[round 21] timing train=316.623s distribution=5.538s agg=0.173s eval=159.993s total=482.341s
Classification: train=1.0000 test=0.2135 round=22
[round 22] timing train=308.985s distribution=5.846s agg=0.201s eval=167.966s total=483.020s
Classification: train=1.0000 test=0.2123 round=23
[round 23] timing train=306.791s distribution=6.585s agg=0.084s eval=151.434s total=464.925s
Classification: train=1.0000 test=0.2132 round=24
[round 24] timing train=304.215s distribution=5.683s agg=0.098s eval=138.027s total=448.043s
Classification: train=1.0000 test=0.2159 round=25
[round 25] timing train=294.709s distribution=5.502s agg=0.262s eval=146.072s total=446.553s
Classification: train=1.0000 test=0.2165 round=26
[round 26] timing train=304.549s distribution=5.894s agg=0.173s eval=135.672s total=446.300s
Classification: train=1.0000 test=0.2171 round=27
[round 27] timing train=253.650s distribution=6.382s agg=0.034s eval=159.966s total=420.046s
Classification: train=1.0000 test=0.2159 round=28
[round 28] timing train=299.342s distribution=6.066s agg=0.111s eval=153.309s total=458.858s
Classification: train=1.0000 test=0.2165 round=29
[round 29] timing train=302.343s distribution=5.767s agg=0.157s eval=142.292s total=450.590s
[fedcsl] checkpoint saved → ./checkpoint/resume/fedcsl_PhonemeSpectra_2026-05-05-13har_fedcsl-onehot_dir0.3.pt (round=30)
Classification: train=1.0000 test=0.2150 round=30
[round 30] timing train=301.898s distribution=5.522s agg=0.047s eval=179.269s total=486.742s
Classification: train=1.0000 test=0.2180 round=31
[round 31] timing train=318.833s distribution=5.189s agg=0.260s eval=155.232s total=479.528s
Classification: train=1.0000 test=0.2171 round=32
[round 32] timing train=296.195s distribution=4.741s agg=0.256s eval=176.179s total=477.386s
Classification: train=1.0000 test=0.2189 round=33
[round 33] timing train=317.106s distribution=6.337s agg=0.165s eval=157.166s total=480.812s
Classification: train=1.0000 test=0.2180 round=34
[round 34] timing train=304.034s distribution=5.454s agg=0.287s eval=170.569s total=480.377s
Classification: train=1.0000 test=0.2132 round=35
[round 35] timing train=309.826s distribution=5.569s agg=0.292s eval=150.755s total=466.461s
Classification: train=1.0000 test=0.2138 round=36
[round 36] timing train=301.967s distribution=5.390s agg=0.162s eval=146.283s total=453.812s
Classification: train=1.0000 test=0.2177 round=37
[round 37] timing train=304.339s distribution=5.729s agg=0.149s eval=149.062s total=459.295s
Classification: train=1.0000 test=0.2189 round=38
[round 38] timing train=313.350s distribution=5.014s agg=0.217s eval=144.843s total=463.466s
Classification: train=1.0000 test=0.2180 round=39
[round 39] timing train=302.634s distribution=6.313s agg=0.262s eval=153.580s total=462.821s
Classification: train=1.0000 test=0.2159 round=40
[round 40] timing train=305.089s distribution=5.258s agg=0.189s eval=149.668s total=460.219s
Classification: train=1.0000 test=0.2183 round=41
[round 41] timing train=286.697s distribution=5.518s agg=0.268s eval=161.427s total=453.927s
Classification: train=1.0000 test=0.2141 round=42
[round 42] timing train=300.610s distribution=5.548s agg=0.213s eval=159.341s total=465.730s
Classification: train=1.0000 test=0.2162 round=43
[round 43] timing train=296.440s distribution=5.880s agg=0.123s eval=148.087s total=450.540s
Classification: train=1.0000 test=0.2165 round=44
[round 44] timing train=275.402s distribution=4.788s agg=0.249s eval=155.815s total=436.279s
Classification: train=1.0000 test=0.2174 round=45
[round 45] timing train=302.762s distribution=5.407s agg=0.301s eval=148.755s total=457.244s
Classification: train=1.0000 test=0.2186 round=46
[round 46] timing train=296.915s distribution=6.747s agg=0.225s eval=158.991s total=462.905s
Classification: train=1.0000 test=0.2162 round=47
[round 47] timing train=312.415s distribution=5.889s agg=0.207s eval=159.490s total=478.013s
Classification: train=1.0000 test=0.2150 round=48
[round 48] timing train=305.926s distribution=5.578s agg=0.327s eval=164.692s total=476.541s
Classification: train=1.0000 test=0.2177 round=49
[round 49] timing train=306.837s distribution=6.335s agg=0.264s eval=151.053s total=464.519s
Classification: train=1.0000 test=0.2189 round=50
[round 50] timing train=303.278s distribution=5.166s agg=0.146s eval=153.374s total=462.004s
Classification: train=1.0000 test=0.2195 round=51
[round 51] timing train=314.949s distribution=5.482s agg=0.195s eval=148.391s total=469.082s
Classification: train=1.0000 test=0.2180 round=52
[round 52] timing train=315.815s distribution=4.910s agg=0.140s eval=160.927s total=481.823s
Classification: train=1.0000 test=0.2165 round=53
[round 53] timing train=307.725s distribution=5.960s agg=0.298s eval=153.788s total=467.790s
Classification: train=1.0000 test=0.2207 round=54
[round 54] timing train=308.789s distribution=5.331s agg=0.263s eval=161.240s total=475.636s
Classification: train=1.0000 test=0.2216 round=55
[round 55] timing train=295.495s distribution=5.368s agg=0.381s eval=148.111s total=449.386s
Classification: train=1.0000 test=0.2210 round=56
[round 56] timing train=327.378s distribution=6.031s agg=0.178s eval=157.533s total=491.125s
Classification: train=1.0000 test=0.2174 round=57
[round 57] timing train=301.521s distribution=5.860s agg=0.376s eval=156.135s total=463.909s
Classification: train=1.0000 test=0.2183 round=58
[round 58] timing train=299.685s distribution=5.057s agg=0.172s eval=165.432s total=470.357s
Classification: train=1.0000 test=0.2180 round=59
[round 59] timing train=304.516s distribution=6.050s agg=0.230s eval=156.342s total=467.172s
[fedcsl] checkpoint saved → ./checkpoint/resume/fedcsl_PhonemeSpectra_2026-05-05-13har_fedcsl-onehot_dir0.3.pt (round=60)
Classification: train=1.0000 test=0.2204 round=60
[round 60] timing train=314.789s distribution=6.014s agg=0.281s eval=160.571s total=481.700s
Classification: train=1.0000 test=0.2189 round=61
[round 61] timing train=299.880s distribution=6.119s agg=0.069s eval=149.919s total=456.023s
Classification: train=1.0000 test=0.2195 round=62
[round 62] timing train=318.304s distribution=5.789s agg=0.037s eval=148.093s total=472.256s
Classification: train=1.0000 test=0.2207 round=63
[round 63] timing train=300.020s distribution=5.602s agg=0.113s eval=167.552s total=473.305s
Classification: train=1.0000 test=0.2171 round=64
[round 64] timing train=318.336s distribution=5.483s agg=0.232s eval=161.449s total=485.529s
Classification: train=1.0000 test=0.2180 round=65
[round 65] timing train=311.221s distribution=6.091s agg=0.275s eval=153.141s total=470.736s
Classification: train=1.0000 test=0.2183 round=66
[round 66] timing train=308.412s distribution=5.735s agg=0.099s eval=157.406s total=471.673s
Classification: train=1.0000 test=0.2174 round=67
[round 67] timing train=315.699s distribution=5.905s agg=0.204s eval=160.088s total=481.903s
Classification: train=1.0000 test=0.2216 round=68
[round 68] timing train=304.510s distribution=5.267s agg=0.378s eval=153.811s total=463.983s
Classification: train=1.0000 test=0.2195 round=69
[round 69] timing train=307.833s distribution=5.386s agg=0.069s eval=143.561s total=456.867s
Classification: train=1.0000 test=0.2204 round=70
[round 70] timing train=307.866s distribution=5.849s agg=0.346s eval=160.641s total=474.709s
Classification: train=1.0000 test=0.2207 round=71
[round 71] timing train=314.606s distribution=5.693s agg=0.384s eval=150.251s total=470.943s
Classification: train=1.0000 test=0.2189 round=72
[round 72] timing train=287.320s distribution=5.269s agg=0.120s eval=146.093s total=438.838s
Classification: train=1.0000 test=0.2171 round=73
[round 73] timing train=311.405s distribution=5.244s agg=0.253s eval=148.739s total=465.666s
Classification: train=1.0000 test=0.2174 round=74
[round 74] timing train=305.478s distribution=5.626s agg=0.491s eval=144.572s total=456.185s
Classification: train=1.0000 test=0.2201 round=75
[round 75] timing train=311.694s distribution=5.309s agg=0.318s eval=162.461s total=479.802s
Classification: train=1.0000 test=0.2204 round=76
[round 76] timing train=302.005s distribution=5.870s agg=0.125s eval=153.701s total=461.757s
Classification: train=1.0000 test=0.2207 round=77
[round 77] timing train=303.669s distribution=5.792s agg=0.214s eval=148.376s total=458.083s
Classification: train=1.0000 test=0.2198 round=78
[round 78] timing train=302.747s distribution=5.850s agg=0.098s eval=149.859s total=458.569s
Classification: train=1.0000 test=0.2198 round=79
[round 79] timing train=318.921s distribution=5.399s agg=0.158s eval=138.047s total=462.579s
Classification: train=1.0000 test=0.2204 round=80
[round 80] timing train=302.278s distribution=5.831s agg=0.324s eval=144.201s total=452.651s
Classification: train=1.0000 test=0.2204 round=81
[round 81] timing train=306.483s distribution=5.585s agg=0.373s eval=149.495s total=461.971s
Classification: train=1.0000 test=0.2195 round=82
[round 82] timing train=303.730s distribution=5.942s agg=0.334s eval=151.542s total=461.558s
Classification: train=1.0000 test=0.2210 round=83
[round 83] timing train=314.191s distribution=5.086s agg=0.292s eval=160.151s total=479.752s
Classification: train=1.0000 test=0.2189 round=84
[round 84] timing train=280.397s distribution=5.690s agg=0.280s eval=142.355s total=428.733s
Classification: train=1.0000 test=0.2207 round=85
[round 85] timing train=320.861s distribution=5.191s agg=0.147s eval=139.688s total=465.896s
Classification: train=1.0000 test=0.2192 round=86
[round 86] timing train=287.141s distribution=5.038s agg=0.052s eval=145.760s total=438.010s
Classification: train=1.0000 test=0.2210 round=87
[round 87] timing train=302.492s distribution=5.159s agg=0.153s eval=142.058s total=449.902s
Classification: train=1.0000 test=0.2213 round=88
[round 88] timing train=296.152s distribution=5.653s agg=0.309s eval=150.583s total=452.705s
Classification: train=1.0000 test=0.2219 round=89
[round 89] timing train=302.735s distribution=5.184s agg=0.210s eval=151.193s total=459.367s
[fedcsl] checkpoint saved → ./checkpoint/resume/fedcsl_PhonemeSpectra_2026-05-05-13har_fedcsl-onehot_dir0.3.pt (round=90)
Classification: train=1.0000 test=0.2231 round=90
[round 90] timing train=306.618s distribution=5.544s agg=0.431s eval=144.637s total=457.254s
Classification: train=1.0000 test=0.2192 round=91
[round 91] timing train=304.968s distribution=5.215s agg=0.090s eval=141.116s total=451.411s
Classification: train=1.0000 test=0.2228 round=92
[round 92] timing train=298.896s distribution=5.681s agg=0.105s eval=155.491s total=460.189s
Classification: train=1.0000 test=0.2228 round=93
[round 93] timing train=303.092s distribution=5.136s agg=0.045s eval=141.119s total=449.404s
Classification: train=1.0000 test=0.2213 round=94
[round 94] timing train=298.742s distribution=5.514s agg=0.293s eval=148.076s total=452.644s
Classification: train=1.0000 test=0.2213 round=95
[round 95] timing train=315.178s distribution=4.884s agg=0.226s eval=139.548s total=459.877s
Classification: train=1.0000 test=0.2207 round=96
[round 96] timing train=294.679s distribution=6.320s agg=0.134s eval=144.308s total=445.454s
Classification: train=1.0000 test=0.2231 round=97
[round 97] timing train=299.777s distribution=5.775s agg=0.127s eval=144.655s total=450.346s
Classification: train=1.0000 test=0.2204 round=98
[round 98] timing train=291.596s distribution=6.197s agg=0.072s eval=157.192s total=455.072s
Classification: train=1.0000 test=0.2201 round=99
[round 99] timing train=241.187s distribution=5.181s agg=0.250s eval=152.720s total=399.373s
Classification: train=1.0000 test=0.2189 round=100
[round 100] timing train=296.774s distribution=5.479s agg=0.199s eval=148.056s total=450.519s
Classification: train=1.0000 test=0.2195 round=101
[round 101] timing train=296.522s distribution=5.176s agg=0.280s eval=153.498s total=455.486s
Classification: train=1.0000 test=0.2192 round=102
[round 102] timing train=299.681s distribution=5.613s agg=0.261s eval=156.216s total=461.801s
Classification: train=1.0000 test=0.2210 round=103
[round 103] timing train=301.477s distribution=5.176s agg=0.147s eval=144.005s total=450.825s
Classification: train=1.0000 test=0.2213 round=104
[round 104] timing train=299.599s distribution=5.940s agg=0.332s eval=144.605s total=450.496s
Classification: train=1.0000 test=0.2177 round=105
[round 105] timing train=296.256s distribution=5.427s agg=0.255s eval=146.928s total=448.884s
Classification: train=1.0000 test=0.2183 round=106
[round 106] timing train=286.628s distribution=5.688s agg=0.263s eval=142.021s total=434.616s
Classification: train=1.0000 test=0.2192 round=107
[round 107] timing train=307.044s distribution=5.515s agg=0.237s eval=138.843s total=451.652s
Classification: train=1.0000 test=0.2174 round=108
[round 108] timing train=296.903s distribution=5.747s agg=0.338s eval=143.523s total=446.523s
Classification: train=1.0000 test=0.2192 round=109
[round 109] timing train=289.091s distribution=4.872s agg=0.130s eval=136.569s total=430.682s
Classification: train=1.0000 test=0.2201 round=110
[round 110] timing train=290.101s distribution=5.878s agg=0.342s eval=151.650s total=447.989s
Classification: train=1.0000 test=0.2207 round=111
[round 111] timing train=286.964s distribution=4.909s agg=0.247s eval=149.011s total=441.139s
Classification: train=1.0000 test=0.2189 round=112
[round 112] timing train=292.574s distribution=6.520s agg=0.202s eval=153.866s total=453.224s
Classification: train=1.0000 test=0.2171 round=113
[round 113] timing train=292.960s distribution=5.481s agg=0.101s eval=137.902s total=436.461s
Classification: train=1.0000 test=0.2189 round=114
[round 114] timing train=284.233s distribution=5.255s agg=0.286s eval=153.009s total=442.797s
Classification: train=1.0000 test=0.2183 round=115
[round 115] timing train=259.131s distribution=5.567s agg=0.073s eval=147.337s total=412.137s
Classification: train=1.0000 test=0.2195 round=116
[round 116] timing train=298.172s distribution=5.592s agg=0.150s eval=142.924s total=446.857s
Classification: train=1.0000 test=0.2183 round=117
[round 117] timing train=284.881s distribution=5.297s agg=0.081s eval=136.570s total=426.845s
Classification: train=1.0000 test=0.2189 round=118
[round 118] timing train=301.376s distribution=6.002s agg=0.166s eval=141.504s total=449.071s
Classification: train=1.0000 test=0.2186 round=119
[round 119] timing train=278.938s distribution=5.447s agg=0.190s eval=144.759s total=429.354s
[fedcsl] checkpoint saved → ./checkpoint/resume/fedcsl_PhonemeSpectra_2026-05-05-13har_fedcsl-onehot_dir0.3.pt (round=120)
Classification: train=1.0000 test=0.2171 round=120
[round 120] timing train=299.024s distribution=5.658s agg=0.322s eval=138.165s total=443.195s
Classification: train=1.0000 test=0.2210 round=121
[round 121] timing train=282.086s distribution=5.340s agg=0.308s eval=136.966s total=424.733s
Classification: train=1.0000 test=0.2195 round=122
[round 122] timing train=294.248s distribution=5.576s agg=0.066s eval=144.022s total=443.936s
Classification: train=1.0000 test=0.2183 round=123
[round 123] timing train=282.526s distribution=5.394s agg=0.263s eval=137.013s total=425.204s
Classification: train=1.0000 test=0.2177 round=124
[round 124] timing train=291.874s distribution=5.412s agg=0.232s eval=145.047s total=442.581s
Classification: train=1.0000 test=0.2171 round=125
[round 125] timing train=286.306s distribution=5.762s agg=0.093s eval=148.169s total=440.346s
Classification: train=1.0000 test=0.2162 round=126
[round 126] timing train=290.901s distribution=5.540s agg=0.076s eval=147.874s total=444.426s
Classification: train=1.0000 test=0.2162 round=127
[round 127] timing train=285.656s distribution=5.566s agg=0.151s eval=150.177s total=441.595s
Classification: train=1.0000 test=0.2165 round=128
[round 128] timing train=287.601s distribution=4.999s agg=0.228s eval=126.392s total=419.236s
Classification: train=1.0000 test=0.2189 round=129
[round 129] timing train=284.814s distribution=5.451s agg=0.146s eval=150.076s total=440.495s
Classification: train=1.0000 test=0.2162 round=130
[round 130] timing train=258.351s distribution=5.393s agg=0.068s eval=142.734s total=406.587s
Classification: train=1.0000 test=0.2180 round=131
[round 131] timing train=282.697s distribution=5.798s agg=0.247s eval=147.009s total=435.767s
Classification: train=1.0000 test=0.2198 round=132
[round 132] timing train=290.762s distribution=4.785s agg=0.138s eval=148.922s total=444.661s
Classification: train=1.0000 test=0.2180 round=133
[round 133] timing train=283.633s distribution=5.611s agg=0.374s eval=141.484s total=431.117s
Classification: train=1.0000 test=0.2165 round=134
[round 134] timing train=288.583s distribution=4.896s agg=0.093s eval=133.437s total=427.018s
Classification: train=1.0000 test=0.2165 round=135
[round 135] timing train=284.282s distribution=5.329s agg=0.120s eval=142.736s total=432.477s
Classification: train=1.0000 test=0.2156 round=136
[round 136] timing train=292.889s distribution=5.348s agg=0.139s eval=144.081s total=442.474s
Classification: train=1.0000 test=0.2168 round=137
[round 137] timing train=285.931s distribution=6.148s agg=0.155s eval=149.366s total=441.632s
Classification: train=1.0000 test=0.2189 round=138
[round 138] timing train=288.280s distribution=5.073s agg=0.190s eval=140.336s total=433.895s
Classification: train=1.0000 test=0.2180 round=139
[round 139] timing train=293.507s distribution=5.717s agg=0.368s eval=136.268s total=435.875s
Classification: train=1.0000 test=0.2213 round=140
[round 140] timing train=283.671s distribution=5.093s agg=0.179s eval=132.880s total=421.849s
Classification: train=1.0000 test=0.2201 round=141
[round 141] timing train=287.795s distribution=5.361s agg=0.261s eval=132.282s total=425.711s
Classification: train=1.0000 test=0.2213 round=142
[round 142] timing train=282.406s distribution=5.285s agg=0.296s eval=131.878s total=419.886s
Classification: train=1.0000 test=0.2213 round=143
[round 143] timing train=290.739s distribution=5.409s agg=0.356s eval=127.107s total=423.628s
Classification: train=1.0000 test=0.2225 round=144
[round 144] timing train=276.677s distribution=5.834s agg=0.183s eval=139.262s total=421.966s
Classification: train=1.0000 test=0.2228 round=145
[round 145] timing train=261.086s distribution=5.478s agg=0.054s eval=146.880s total=413.509s
Classification: train=1.0000 test=0.2246 round=146
[round 146] timing train=291.073s distribution=4.846s agg=0.028s eval=139.124s total=435.080s
Classification: train=1.0000 test=0.2240 round=147
[round 147] timing train=296.733s distribution=5.687s agg=0.199s eval=145.631s total=448.263s
Classification: train=1.0000 test=0.2225 round=148
[round 148] timing train=294.854s distribution=5.053s agg=0.096s eval=141.937s total=441.954s
Classification: train=1.0000 test=0.2240 round=149
[round 149] timing train=294.802s distribution=5.589s agg=0.195s eval=138.420s total=439.050s
[fedcsl] checkpoint saved → ./checkpoint/resume/fedcsl_PhonemeSpectra_2026-05-05-13har_fedcsl-onehot_dir0.3.pt (round=150)
Classification: train=1.0000 test=0.2255 round=150
[round 150] timing train=292.006s distribution=4.938s agg=0.075s eval=139.284s total=436.309s
Classification: train=1.0000 test=0.2234 round=151
[round 151] timing train=294.999s distribution=5.242s agg=0.188s eval=137.823s total=438.287s
Classification: train=1.0000 test=0.2231 round=152
[round 152] timing train=304.543s distribution=5.489s agg=0.126s eval=147.948s total=458.122s
Classification: train=1.0000 test=0.2240 round=153
[round 153] timing train=280.674s distribution=5.161s agg=0.127s eval=140.366s total=426.347s
Classification: train=1.0000 test=0.2225 round=154
[round 154] timing train=296.126s distribution=5.893s agg=0.098s eval=150.232s total=452.365s
Classification: train=1.0000 test=0.2237 round=155
[round 155] timing train=274.489s distribution=5.327s agg=0.060s eval=139.645s total=419.549s
Classification: train=1.0000 test=0.2279 round=156
[round 156] timing train=276.705s distribution=5.547s agg=0.054s eval=146.169s total=428.508s
Classification: train=1.0000 test=0.2246 round=157
[round 157] timing train=278.834s distribution=5.384s agg=0.141s eval=138.593s total=422.993s
Classification: train=1.0000 test=0.2228 round=158
[round 158] timing train=248.286s distribution=5.814s agg=0.353s eval=143.856s total=398.336s
Classification: train=1.0000 test=0.2243 round=159
[round 159] timing train=278.298s distribution=5.048s agg=0.152s eval=137.164s total=420.706s
Classification: train=1.0000 test=0.2246 round=160
[round 160] timing train=264.831s distribution=5.137s agg=0.040s eval=145.178s total=415.194s
Classification: train=1.0000 test=0.2240 round=161
[round 161] timing train=280.157s distribution=6.029s agg=0.194s eval=134.386s total=420.799s
Classification: train=1.0000 test=0.2234 round=162
[round 162] timing train=291.680s distribution=6.255s agg=0.146s eval=147.657s total=445.750s
Classification: train=1.0000 test=0.2228 round=163
[round 163] timing train=276.793s distribution=6.604s agg=0.094s eval=140.255s total=423.757s
Classification: train=1.0000 test=0.2222 round=164
[round 164] timing train=300.835s distribution=5.381s agg=0.119s eval=140.754s total=447.103s
Classification: train=1.0000 test=0.2240 round=165
[round 165] timing train=281.207s distribution=5.189s agg=0.123s eval=144.919s total=431.445s
Classification: train=1.0000 test=0.2231 round=166
[round 166] timing train=292.243s distribution=5.184s agg=0.304s eval=139.866s total=437.614s
Classification: train=1.0000 test=0.2234 round=167
[round 167] timing train=274.319s distribution=5.726s agg=0.081s eval=143.485s total=423.626s
Classification: train=1.0000 test=0.2240 round=168
[round 168] timing train=288.747s distribution=5.494s agg=0.131s eval=144.600s total=438.979s
Classification: train=1.0000 test=0.2234 round=169
[round 169] timing train=272.649s distribution=5.263s agg=0.167s eval=136.617s total=414.707s
Classification: train=1.0000 test=0.2255 round=170
[round 170] timing train=278.058s distribution=5.035s agg=0.041s eval=140.157s total=423.310s
Classification: train=1.0000 test=0.2249 round=171
[round 171] timing train=278.548s distribution=5.651s agg=0.038s eval=138.642s total=422.896s
Classification: train=1.0000 test=0.2249 round=172
[round 172] timing train=291.245s distribution=5.194s agg=0.367s eval=120.954s total=417.775s
Classification: train=1.0000 test=0.2243 round=173
[round 173] timing train=289.179s distribution=5.706s agg=0.287s eval=132.802s total=428.000s
Classification: train=1.0000 test=0.2255 round=174
[round 174] timing train=275.579s distribution=5.660s agg=0.107s eval=140.306s total=421.679s
Classification: train=1.0000 test=0.2231 round=175
[round 175] timing train=253.858s distribution=4.539s agg=0.135s eval=144.234s total=402.771s
Classification: train=1.0000 test=0.2243 round=176
[round 176] timing train=280.391s distribution=5.374s agg=0.065s eval=133.825s total=419.665s
Classification: train=1.0000 test=0.2240 round=177
[round 177] timing train=281.660s distribution=5.522s agg=0.040s eval=143.534s total=430.787s
Classification: train=1.0000 test=0.2222 round=178
[round 178] timing train=274.001s distribution=5.638s agg=0.204s eval=135.426s total=415.289s
Classification: train=1.0000 test=0.2225 round=179
[round 179] timing train=284.036s distribution=5.297s agg=0.230s eval=128.778s total=418.354s
[fedcsl] checkpoint saved → ./checkpoint/resume/fedcsl_PhonemeSpectra_2026-05-05-13har_fedcsl-onehot_dir0.3.pt (round=180)
Classification: train=1.0000 test=0.2210 round=180
[round 180] timing train=278.192s distribution=5.355s agg=0.102s eval=127.426s total=411.079s
Classification: train=1.0000 test=0.2237 round=181
[round 181] timing train=286.178s distribution=5.433s agg=0.157s eval=133.829s total=425.628s
Classification: train=1.0000 test=0.2237 round=182
[round 182] timing train=279.719s distribution=5.331s agg=0.121s eval=143.733s total=428.930s
Classification: train=1.0000 test=0.2225 round=183
[round 183] timing train=279.395s distribution=5.326s agg=0.043s eval=133.576s total=418.371s
Classification: train=1.0000 test=0.2240 round=184
[round 184] timing train=283.044s distribution=6.085s agg=0.210s eval=136.345s total=425.698s
Classification: train=1.0000 test=0.2231 round=185
[round 185] timing train=278.125s distribution=5.164s agg=0.191s eval=133.057s total=416.553s
Classification: train=1.0000 test=0.2225 round=186
[round 186] timing train=278.102s distribution=5.243s agg=0.252s eval=129.198s total=412.822s
Classification: train=1.0000 test=0.2231 round=187
[round 187] timing train=280.843s distribution=5.349s agg=0.254s eval=107.750s total=394.227s
Classification: train=1.0000 test=0.2207 round=188
[round 188] timing train=285.070s distribution=5.745s agg=0.193s eval=134.228s total=425.241s
Classification: train=1.0000 test=0.2216 round=189
[round 189] timing train=255.670s distribution=5.314s agg=0.269s eval=132.708s total=394.008s
Classification: train=1.0000 test=0.2207 round=190
[round 190] timing train=288.481s distribution=6.110s agg=0.258s eval=137.635s total=432.499s
Classification: train=1.0000 test=0.2216 round=191
[round 191] timing train=279.292s distribution=5.262s agg=0.351s eval=139.837s total=424.787s
Classification: train=1.0000 test=0.2225 round=192
[round 192] timing train=279.496s distribution=4.743s agg=0.031s eval=129.425s total=413.704s
Classification: train=1.0000 test=0.2213 round=193
[round 193] timing train=271.008s distribution=4.998s agg=0.323s eval=134.699s total=411.039s
Classification: train=1.0000 test=0.2180 round=194
[round 194] timing train=269.138s distribution=5.255s agg=0.122s eval=142.005s total=416.551s
Classification: train=1.0000 test=0.2165 round=195
[round 195] timing train=295.076s distribution=4.849s agg=0.055s eval=143.751s total=443.773s
Classification: train=1.0000 test=0.2189 round=196
[round 196] timing train=280.979s distribution=5.143s agg=0.059s eval=141.959s total=428.155s
Classification: train=1.0000 test=0.2213 round=197
[round 197] timing train=280.190s distribution=4.889s agg=0.090s eval=139.852s total=425.031s
Classification: train=1.0000 test=0.2225 round=198
[round 198] timing train=275.536s distribution=4.748s agg=0.033s eval=147.527s total=427.855s
Classification: train=1.0000 test=0.2222 round=199
[round 199] timing train=278.669s distribution=5.240s agg=0.044s eval=143.534s total=427.495s
best round is 156, acc is 0.227856
Model saved to ./checkpoint/PhonemeSpectra/2026-05-05-13har_fedcsl-onehot_dir0.3_PhonemeSpectra_model.pt
