# 2026-05-04 14:32:15  har_fedcsl_dir1.0  GPU=6  cwd=/data/user_lixiongfei/CSL-main
# CMD: python3 -u FedCSL_All.py -dataset HAR --config configACF.yml --dirichlet-alpha 1.0 --seed 42 --description har_fedcsl_dir1.0 -dataset LSST

/mnt/data/user_liangzhiyu/envs/fedcsl/lib/python3.8/site-packages/scipy/__init__.py:146: UserWarning: A NumPy version >=1.16.5 and <1.23.0 is required for this version of SciPy (detected version 1.23.5
  warnings.warn(f"A NumPy version >={np_minversion} and <{np_maxversion}"
[config] 'configACF.yml' 未找到，重定向到 'config/configACF.yml'
2459
<class 'pandas.core.frame.DataFrame'>
RangeIndex: 2459 entries, 0 to 2458
Data columns (total 7 columns):
 #   Column      Non-Null Count  Dtype 
---  ------      --------------  ----- 
 0   dim_0       2459 non-null   object
 1   dim_1       2459 non-null   object
 2   dim_2       2459 non-null   object
 3   dim_3       2459 non-null   object
 4   dim_4       2459 non-null   object
 5   dim_5       2459 non-null   object
 6   class_vals  2459 non-null   object
dtypes: object(7)
memory usage: 134.6+ KB
None
{36}
<class 'pandas.core.frame.DataFrame'>
RangeIndex: 2459 entries, 0 to 2458
Data columns (total 7 columns):
 #   Column      Non-Null Count  Dtype 
---  ------      --------------  ----- 
 0   dim_0       2459 non-null   object
 1   dim_1       2459 non-null   object
 2   dim_2       2459 non-null   object
 3   dim_3       2459 non-null   object
 4   dim_4       2459 non-null   object
 5   dim_5       2459 non-null   object
 6   class_vals  2459 non-null   object
dtypes: object(7)
memory usage: 134.6+ KB
None
[ 0  0  0 ... 13 13 13]
[   0    1    2   34   35   36   37   38   39   40   41   42   43   44
   45  157  158  159  160  161  162  163  164  165  166  167  168  169
  170  171  172  173  174  175  176  177  178  179  180  181  182  183
  184  185  186  187  188  189  190  191  192  193  194  195  196  197
  198  199  200  201  202  203  204  205  206  207  208  209  210  211
  212  213  214  215  216  217  218  219  220  221  222  223  224  225
  226  227  228  229  230  231  232  233  234  235  236  237  238  239
  240  241  242  243  244  245  246  247  248  249  250  251  252  253
  254  255  256  257  258  259  260  261  262  263  264  265  266  267
  268  269  270  271  272  273  274  275  276  277  278  279  280  281
  282  283  284  285  286  287  288  289  290  291  292  293  294  295
  296  297  298  299  300  301  302  303  304  305  306  307  308  309
  310  311  427  428  429  430  431  432  433  434  435  436  437  438
  439  440  441  442  443  444  445  446  447  448  449  450  451  452
  453  454  455  456  457  458  459  460  461  462  463  464  465  466
  467  468  469  470  471  472  473  474  475  476  477  478  479  480
  481  482  483  484  485  486  487  488  489  490  491  492  493  494
  495  496  497  498  499  500  501  502  503  504  505  506  507  508
  509  510  511  512  513  514  515  516  517  518  519  520  521  522
  523  524  525  526  527  528  529  530  531  532  533  534  535  536
  537  538  539  540  541  542  543  544  545  546  547  548  549  550
  551  552  553  554  555  556  557  558  559  560  561  562  563  564
  565  566  567  568  569  570  571  572  808  809  810  811  812  813
  814  870  877  878  879 1030 1031 1032 1033 1034 1035 1036 1037 1038
 1039 1040 1053 1054 1055 1056 1057 1058 1059 1060 1061 1062 1063 1064
 1065 1066 1067 1068 1069 1070 1071 1072 1073 1074 1075 1076 1077 1078
 1079 1080 1081 1082 1083 1084 1085 1086 1087 1088 1089 1090 1091 1092
 1093 1094 1095 1096 1097 1098 1099 1100 1101 1102 1103 1104 1105 1106
 1107 1108 1109 1110 1111 1112 1113 1114 1115 1116 1117 1118 1119 1120
 1121 1122 1123 1124 1125 1126 1127 1128 1129 1130 1131 1132 1133 1134
 1135 1136 1137 1138 1139 1140 1141 1142 1143 1144 1145 1146 1147 1148
 1149 1150 1151 1152 1153 1154 1155 1366 1367 1368 1369 1370 1371 1372
 1373 1374 1375 1376 1377 1378 1379 1380 1381 1382 1383 1384 1385 1386
 1387 1388 1389 1390 1391 1392 1393 1394 1395 1396 1397 1398 1399 1400
 1401 1402 1403 1404 1405 1406 1407 1408 1409 1410 1411 1412 1413 1414
 1415 1416 1417 1554 1555 1556 1557 1558 1559 1560 1561 1562 1563 1564
 1565 1566 1567 1568 1569 1570 1571 1572 1573 1574 1575 1576 1577 1578
 1579 1580 1581 1582 1583 1584 1585 1586 1587 1588 1589 1590 1591 1592
 1593 1594 1595 1596 1597 1598 1599 1600 1601 1602 1603 1604 1605 1606
 1607 1608 1609 1610 1611 1612 1613 1614 1615 1616 1617 1618 1619 1620
 1621 1622 1623 1624 1625 1626 1627 1628 1629 1630 1631 1632 1633 1634
 1635 1636 1637 1638 1639 1640 1641 1642 1643 1644 1645 1646 1647 1648
 1649 1650 1651 1652 1653 1654 1655 1656 1657 1658 1659 1660 1661 2331
 2332 2333 2334 2335 2336 2337 2338 2339 2340 2341 2342 2343 2344 2345
 2346 2347 2348 2349 2350 2351 2352 2353 2354 2355 2356 2357 2358 2359
 2360 2361 2362 2363 2364 2365 2366 2367 2368 2369 2370 2371 2372 2373
 2374 2375 2376 2377 2378 2379 2380 2381 2382 2383 2384 2385 2386 2408
 2409]
[0, 0, 0, 1, 1, 1, 1, 1, 1, 1, 1, 1, 1, 1, 1, 2, 2, 2, 2, 2, 2, 2, 2, 2, 2, 2, 2, 2, 2, 2, 2, 2, 2, 2, 2, 2, 2, 2, 2, 2, 2, 2, 2, 2, 2, 2, 2, 2, 2, 2, 2, 2, 2, 2, 2, 2, 2, 2, 2, 2, 2, 2, 2, 2, 2, 2, 2, 2, 2, 2, 2, 2, 2, 2, 2, 2, 2, 2, 2, 2, 2, 2, 2, 2, 2, 2, 2, 2, 2, 2, 2, 2, 2, 2, 2, 2, 2, 2, 2, 2, 2, 2, 2, 2, 2, 2, 2, 2, 2, 2, 2, 2, 2, 2, 2, 2, 2, 2, 2, 2, 2, 2, 2, 2, 2, 2, 2, 2, 2, 2, 2, 2, 2, 2, 2, 2, 2, 2, 2, 2, 2, 2, 2, 2, 2, 2, 2, 2, 2, 2, 2, 2, 2, 2, 2, 2, 2, 2, 2, 2, 2, 2, 2, 2, 2, 2, 2, 2, 2, 2, 3, 3, 3, 3, 3, 3, 3, 3, 3, 3, 3, 3, 3, 3, 3, 3, 3, 3, 3, 3, 3, 3, 3, 3, 3, 3, 3, 3, 3, 3, 3, 3, 3, 3, 3, 3, 3, 3, 3, 3, 3, 3, 3, 3, 3, 3, 3, 3, 3, 3, 3, 3, 3, 3, 3, 3, 3, 3, 3, 3, 3, 3, 3, 3, 3, 3, 3, 3, 3, 3, 3, 3, 3, 3, 3, 3, 3, 3, 3, 3, 3, 3, 3, 3, 3, 3, 3, 3, 3, 3, 3, 3, 3, 3, 3, 3, 3, 3, 3, 3, 3, 3, 3, 3, 3, 3, 3, 3, 3, 3, 3, 3, 3, 3, 3, 3, 3, 3, 3, 3, 3, 3, 3, 3, 3, 3, 3, 3, 3, 3, 3, 3, 3, 3, 3, 3, 3, 3, 3, 3, 3, 3, 3, 3, 3, 3, 4, 4, 4, 4, 4, 4, 4, 5, 6, 6, 6, 7, 7, 7, 7, 7, 7, 7, 7, 7, 7, 7, 8, 8, 8, 8, 8, 8, 8, 8, 8, 8, 8, 8, 8, 8, 8, 8, 8, 8, 8, 8, 8, 8, 8, 8, 8, 8, 8, 8, 8, 8, 8, 8, 8, 8, 8, 8, 8, 8, 8, 8, 8, 8, 8, 8, 8, 8, 8, 8, 8, 8, 8, 8, 8, 8, 8, 8, 8, 8, 8, 8, 8, 8, 8, 8, 8, 8, 8, 8, 8, 8, 8, 8, 8, 8, 8, 8, 8, 8, 8, 8, 8, 8, 8, 8, 8, 8, 8, 8, 8, 8, 8, 8, 8, 8, 8, 8, 8, 8, 8, 8, 8, 8, 8, 9, 9, 9, 9, 9, 9, 9, 9, 9, 9, 9, 9, 9, 9, 9, 9, 9, 9, 9, 9, 9, 9, 9, 9, 9, 9, 9, 9, 9, 9, 9, 9, 9, 9, 9, 9, 9, 9, 9, 9, 9, 9, 9, 9, 9, 9, 9, 9, 9, 9, 9, 9, 11, 11, 11, 11, 11, 11, 11, 11, 11, 11, 11, 11, 11, 11, 11, 11, 11, 11, 11, 11, 11, 11, 11, 11, 11, 11, 11, 11, 11, 11, 11, 11, 11, 11, 11, 11, 11, 11, 11, 11, 11, 11, 11, 11, 11, 11, 11, 11, 11, 11, 11, 11, 11, 11, 11, 11, 11, 11, 11, 11, 11, 11, 11, 11, 11, 11, 11, 11, 11, 11, 11, 11, 11, 11, 11, 11, 11, 11, 11, 11, 11, 11, 11, 11, 11, 11, 11, 11, 11, 11, 11, 11, 11, 11, 11, 11, 11, 11, 11, 11, 11, 11, 11, 11, 11, 11, 11, 11, 12, 12, 12, 12, 12, 12, 12, 12, 12, 12, 12, 12, 12, 12, 12, 12, 12, 12, 12, 12, 12, 12, 12, 12, 12, 12, 12, 12, 12, 12, 12, 12, 12, 12, 12, 12, 12, 12, 12, 12, 12, 12, 12, 12, 12, 12, 12, 12, 12, 12, 12, 12, 12, 12, 12, 12, 13, 13]
[0, 0, 0, 0, 0, 0, 0, 0, 0, 0, 0, 0, 0, 0, 0, 0, 0, 0, 0, 0, 0, 0, 0, 0, 0, 0, 1, 1, 1, 1, 1, 1, 1, 1, 1, 1, 1, 1, 1, 1, 1, 1, 1, 1, 1, 2, 2, 2, 2, 2, 2, 2, 2, 2, 2, 2, 2, 2, 2, 2, 2, 2, 2, 2, 2, 2, 2, 2, 2, 2, 2, 2, 2, 2, 2, 2, 2, 2, 2, 2, 2, 2, 2, 2, 2, 2, 2, 2, 2, 2, 2, 2, 2, 2, 2, 2, 2, 2, 2, 2, 2, 2, 2, 2, 2, 2, 2, 2, 2, 2, 2, 2, 2, 2, 2, 2, 2, 2, 2, 2, 2, 2, 2, 2, 2, 2, 2, 2, 2, 2, 2, 2, 2, 2, 2, 2, 2, 2, 2, 2, 2, 2, 2, 2, 2, 2, 2, 2, 2, 2, 2, 2, 2, 2, 2, 3, 3, 3, 3, 3, 3, 3, 3, 3, 3, 3, 3, 3, 3, 3, 3, 3, 3, 3, 3, 3, 3, 3, 3, 3, 3, 3, 3, 3, 3, 3, 3, 3, 3, 3, 3, 3, 3, 3, 3, 3, 3, 3, 3, 3, 3, 3, 3, 3, 3, 3, 3, 3, 3, 3, 4, 4, 5, 5, 5, 6, 6, 6, 6, 6, 6, 6, 6, 6, 6, 6, 6, 6, 6, 6, 6, 6, 6, 6, 6, 6, 6, 6, 6, 6, 6, 6, 6, 6, 6, 6, 6, 6, 6, 6, 6, 6, 6, 6, 6, 6, 6, 6, 6, 6, 6, 6, 6, 6, 6, 6, 6, 6, 6, 6, 6, 6, 6, 6, 6, 6, 6, 6, 6, 6, 6, 6, 6, 6, 6, 6, 6, 6, 6, 7, 7, 8, 8, 8, 8, 8, 8, 8, 8, 8, 8, 8, 8, 8, 8, 8, 8, 8, 8, 8, 8, 8, 8, 8, 8, 8, 8, 8, 8, 8, 8, 8, 8, 8, 8, 8, 8, 8, 8, 8, 8, 8, 8, 8, 8, 8, 8, 8, 8, 8, 8, 8, 8, 8, 8, 8, 8, 8, 8, 8, 8, 8, 8, 8, 8, 8, 8, 8, 8, 8, 8, 8, 8, 8, 8, 8, 8, 8, 8, 8, 8, 8, 8, 8, 8, 8, 8, 8, 8, 8, 8, 8, 8, 8, 8, 8, 8, 8, 8, 8, 8, 8, 8, 8, 8, 8, 8, 8, 8, 8, 8, 8, 8, 8, 8, 8, 8, 8, 8, 8, 8, 8, 8, 8, 8, 8, 8, 8, 8, 8, 8, 8, 8, 8, 8, 8, 8, 8, 8, 8, 8, 8, 8, 8, 8, 8, 8, 8, 8, 8, 8, 8, 8, 8, 8, 8, 8, 8, 8, 8, 8, 8, 8, 8, 8, 8, 8, 8, 8, 8, 8, 8, 8, 8, 8, 8, 8, 8, 8, 8, 8, 8, 8, 8, 8, 8, 8, 8, 8, 8, 8, 8, 8, 8, 8, 9, 9, 9, 9, 9, 9, 9, 9, 10, 10, 10, 10, 10, 10, 10, 10, 10, 10, 10, 10, 10, 10, 10, 10, 10, 10, 10, 10, 10, 10, 10, 10, 10, 10, 10, 10, 10, 10, 10, 10, 10, 10, 10, 10, 10, 10, 10, 10, 10, 10, 10, 10, 10, 10, 10, 10, 10, 10, 10, 10, 10, 10, 10, 10, 10, 10, 10, 10, 10, 10, 10, 10, 10, 11, 11, 11, 11, 11, 11, 11, 11, 11, 11, 11, 11, 11, 11, 11, 11, 11, 11, 11, 11, 11, 11, 11, 11, 11, 11, 11, 11, 11, 11, 11, 11, 11, 11, 11, 11, 11, 11, 11, 11, 11, 11, 11, 11, 11, 11, 11, 11, 11, 11, 11, 11, 11, 11, 11, 11, 11, 11, 11, 11, 11, 11, 11, 11, 11, 11, 11, 11, 11, 11, 11, 11, 11, 11, 11, 11, 11, 11, 11, 11, 11, 11, 11, 11, 11, 11, 11, 11, 11, 11, 11, 11, 11, 11, 11, 11, 11, 11, 11, 11, 11, 11, 11, 11, 11, 11, 11, 11, 11, 11, 11, 11, 11, 11, 11, 11, 11, 11, 11, 11, 11, 11, 11, 11, 11, 11, 11, 11, 11, 11, 11, 11, 11, 11, 11, 11, 11, 11, 11, 11, 11, 11, 11, 11, 11, 11, 11, 11, 11, 11, 11, 11, 11, 11, 11, 11, 11, 11, 11, 11, 11, 11, 11, 11, 11, 11, 11, 11, 11, 11, 11, 11, 11, 11, 11, 11, 11, 11, 11, 11, 11, 11, 11, 11, 11, 11, 11, 11, 11, 11, 11, 11, 11, 11, 11, 11, 11, 11, 11, 11, 11, 11, 11, 11, 11, 11, 11, 11, 11, 11, 11, 11, 11, 11, 11, 11, 11, 11, 11, 11, 11, 11, 11, 11, 11, 11, 11, 11, 11, 11, 11, 11, 11, 11, 11, 11, 11, 11, 11, 11, 11, 11, 11, 11, 11, 11, 11, 11, 11, 11, 11, 11, 11, 11, 11, 11, 11, 11, 11, 11, 11, 11, 11, 11, 11, 11, 11, 11, 11, 11, 11, 11, 11, 11, 11, 11, 11, 11, 11, 11, 11, 11, 11, 11, 11, 11, 11, 11, 11, 11, 11, 11, 11, 11, 11, 11, 11, 11, 11, 11, 11, 11, 11, 11, 11, 11, 11, 11, 11, 11, 11, 11, 11, 11, 11, 11, 11, 11, 11, 11, 11, 11, 11, 11, 11, 11, 11, 11, 11, 11, 11, 11, 11, 11, 11, 11, 11, 11, 11, 11, 11, 11, 11, 11, 11, 11, 11, 11, 11, 11, 11, 11, 11, 11, 11, 11, 11, 11, 11, 11, 11, 11, 11, 11, 11, 11, 11, 11, 11, 11, 11, 11, 11, 11, 11, 11, 11, 11, 11, 11, 11, 11, 11, 11, 11, 11, 11, 11, 11, 11, 11, 11, 11, 11, 11, 11, 11, 11, 11, 11, 11, 11, 11, 11, 11, 11, 11, 11, 11, 11, 11, 12, 12, 12, 12, 12, 12, 12, 12, 12, 12, 12, 12, 12, 12, 12, 12, 12, 12, 13, 13, 13, 13, 13, 13, 13, 13, 13, 13, 13, 13, 13, 13, 13, 13, 13, 13, 13, 13, 13, 13, 13, 13, 13, 13, 13, 13, 13, 13, 13, 13, 13, 13, 13, 13, 13, 13, 13, 13, 13]
[0, 0, 0, 0, 0, 1, 1, 1, 1, 1, 1, 1, 1, 1, 1, 1, 1, 1, 1, 1, 1, 1, 1, 1, 1, 1, 1, 1, 1, 1, 1, 1, 1, 1, 1, 1, 1, 1, 1, 1, 1, 1, 1, 1, 1, 1, 1, 1, 1, 1, 1, 1, 1, 1, 1, 1, 1, 1, 1, 1, 1, 1, 1, 1, 1, 1, 1, 1, 1, 1, 1, 1, 1, 1, 1, 1, 1, 1, 1, 1, 1, 1, 1, 1, 1, 1, 1, 1, 1, 1, 1, 1, 1, 1, 1, 1, 1, 2, 2, 2, 2, 2, 3, 3, 3, 3, 3, 3, 3, 3, 3, 3, 3, 3, 3, 3, 3, 3, 3, 3, 3, 3, 3, 3, 3, 3, 3, 3, 3, 3, 3, 3, 3, 3, 3, 3, 3, 3, 3, 3, 3, 3, 3, 3, 3, 3, 3, 3, 3, 3, 3, 3, 3, 3, 3, 3, 3, 3, 3, 3, 3, 3, 3, 3, 3, 3, 3, 3, 3, 3, 3, 3, 3, 3, 3, 3, 3, 3, 3, 3, 3, 3, 3, 3, 3, 3, 3, 3, 3, 3, 3, 3, 3, 3, 3, 3, 3, 3, 3, 3, 3, 3, 3, 3, 3, 3, 3, 3, 3, 3, 3, 3, 3, 3, 3, 3, 3, 3, 3, 3, 3, 3, 3, 3, 3, 3, 3, 3, 3, 3, 3, 3, 3, 3, 3, 3, 3, 3, 3, 3, 3, 3, 3, 3, 3, 3, 3, 3, 3, 3, 3, 3, 3, 3, 3, 3, 3, 3, 3, 3, 3, 3, 3, 3, 3, 3, 3, 3, 3, 3, 3, 3, 3, 3, 3, 3, 3, 3, 3, 3, 3, 3, 4, 4, 4, 4, 4, 4, 4, 4, 4, 4, 4, 4, 4, 4, 4, 4, 4, 4, 4, 4, 4, 4, 4, 4, 4, 4, 4, 4, 4, 4, 4, 4, 4, 4, 4, 4, 4, 4, 4, 4, 4, 4, 4, 4, 4, 4, 4, 4, 4, 4, 4, 4, 4, 5, 5, 5, 6, 6, 6, 6, 6, 6, 6, 6, 6, 6, 6, 6, 6, 6, 6, 6, 6, 6, 6, 6, 6, 6, 6, 6, 6, 6, 6, 6, 6, 6, 6, 6, 6, 6, 6, 6, 6, 6, 6, 6, 6, 6, 6, 6, 6, 6, 6, 6, 6, 6, 6, 6, 6, 6, 6, 6, 6, 6, 6, 6, 6, 6, 6, 6, 6, 6, 6, 6, 6, 6, 6, 6, 6, 6, 6, 6, 7, 7, 7, 7, 7, 7, 7, 7, 7, 7, 8, 8, 8, 8, 8, 8, 8, 8, 8, 8, 8, 8, 8, 8, 8, 8, 9, 9, 9, 9, 9, 9, 9, 9, 10, 10, 10, 10, 10, 10, 10, 10, 10, 10, 10, 10, 10, 10, 10, 10, 10, 10, 10, 10, 10, 10, 10, 10, 10, 10, 10, 10, 10, 10, 10, 10, 10, 10, 10, 10, 10, 10, 10, 10, 10, 10, 10, 10, 10, 10, 10, 10, 10, 10, 10, 10, 10, 10, 10, 11, 11, 11, 11, 11, 11, 11, 11, 11, 11, 11, 11, 11, 11, 11, 11, 11, 11, 11, 11, 11, 11, 11, 11, 11, 11, 11, 11, 11, 11, 11, 11, 11, 11, 11, 11, 11, 11, 11, 11, 11, 11, 11, 11, 11, 11, 11, 11, 11, 11, 11, 11, 11, 11, 11, 11, 11, 11, 11, 11, 11, 11, 11, 11, 11, 11, 11, 11, 11, 11, 11, 11, 11, 11, 11, 11, 11, 11, 11, 11, 11, 11, 11, 11, 11, 11, 11, 11, 11, 11, 11, 11, 11, 11, 11, 11, 11, 11, 11, 11, 11, 11, 11, 11, 11, 11, 11, 11, 11, 11, 11, 11, 11, 11, 11, 11, 11, 11, 11, 11, 11, 11, 11, 11, 11, 11, 11, 11, 11, 11, 11, 11, 11, 11, 11, 11, 11, 11, 11, 11, 11, 11, 11, 11, 11, 11, 11, 11, 11, 11, 11, 11, 11, 11, 11, 11, 11, 11, 11, 11, 11, 11, 11, 11, 11, 11, 11, 11, 11, 11, 11, 11, 11, 11, 11, 11, 11, 11, 11, 11, 11, 11, 11, 11, 11, 11, 11, 11, 11, 11, 11, 11, 11, 11, 11, 11, 11, 11, 11, 11, 11, 11, 11, 11, 11, 11, 11, 11, 11, 11, 11, 11, 11, 11, 11, 11, 11, 11, 11, 11, 11, 11, 11, 11, 11, 11, 11, 11, 11, 11, 11, 11, 11, 11, 11, 11, 11, 11, 11, 11, 11, 11, 11, 11, 11, 11, 11, 11, 11, 11, 11, 11, 11, 11, 11, 11, 11, 11, 12, 12, 12, 13, 13, 13, 13, 13, 13, 13, 13]
shapelet initialized!
All 3 clients initialized.
Server device: cuda:0
Client worker groups: [[0], [1], [2]]
Client worker devices: ['cuda:0', 'cuda:0', 'cuda:0']
客户端选择未启用，所有客户端参与聚合
[fedcsl] precomputed client scale scores once in 0.239s
/data/user_lixiongfei/CSL-main/train.py:801: UserWarning: Creating a tensor from a list of numpy.ndarrays is extremely slow. Please consider converting the list to a single numpy.ndarray with numpy.array() before converting to a tensor. (Triggered internally at ../torch/csrc/utils/tensor_new.cpp:278.)
  X = torch.tensor(X, dtype=torch.float)
Classification: train=1.0000 test=0.5783 round=0
[round 0] timing train=141.721s distribution=1.116s agg=0.202s eval=98.536s total=241.578s
Classification: train=1.0000 test=0.5896 round=1
[round 1] timing train=234.891s distribution=0.974s agg=0.201s eval=98.544s total=334.619s
Classification: train=1.0000 test=0.5921 round=2
[round 2] timing train=243.862s distribution=1.001s agg=0.080s eval=95.187s total=340.135s
Classification: train=1.0000 test=0.5933 round=3
[round 3] timing train=190.446s distribution=1.074s agg=0.124s eval=90.304s total=281.961s
Classification: train=1.0000 test=0.5925 round=4
[round 4] timing train=235.468s distribution=0.895s agg=0.058s eval=96.280s total=332.708s
Classification: train=1.0000 test=0.5957 round=5
[round 5] timing train=242.411s distribution=0.961s agg=0.204s eval=98.769s total=342.373s
Classification: train=1.0000 test=0.5953 round=6
[round 6] timing train=234.791s distribution=0.930s agg=0.128s eval=88.572s total=324.431s
Classification: train=1.0000 test=0.6006 round=7
[round 7] timing train=232.657s distribution=0.742s agg=0.180s eval=100.468s total=334.091s
Classification: train=1.0000 test=0.5949 round=8
[round 8] timing train=245.342s distribution=0.904s agg=0.181s eval=106.105s total=352.537s
Classification: train=1.0000 test=0.6006 round=9
[round 9] timing train=242.695s distribution=0.872s agg=0.254s eval=95.360s total=339.215s
Classification: train=1.0000 test=0.5953 round=10
[round 10] timing train=234.536s distribution=1.121s agg=0.302s eval=99.649s total=335.640s
Classification: train=1.0000 test=0.5937 round=11
[round 11] timing train=247.889s distribution=0.715s agg=0.070s eval=96.511s total=345.192s
Classification: train=1.0000 test=0.5945 round=12
[round 12] timing train=236.123s distribution=1.034s agg=0.278s eval=92.449s total=329.939s
Classification: train=1.0000 test=0.5945 round=13
[round 13] timing train=233.258s distribution=1.035s agg=0.181s eval=102.200s total=336.688s
Classification: train=1.0000 test=0.5912 round=14
[round 14] timing train=244.197s distribution=1.026s agg=0.181s eval=112.435s total=357.852s
Classification: train=1.0000 test=0.5949 round=15
[round 15] timing train=249.312s distribution=0.660s agg=0.186s eval=94.551s total=344.731s
Classification: train=1.0000 test=0.5957 round=16
[round 16] timing train=264.229s distribution=0.776s agg=0.132s eval=95.811s total=360.954s
Classification: train=1.0000 test=0.5937 round=17
[round 17] timing train=260.231s distribution=0.984s agg=0.081s eval=96.884s total=358.191s
Classification: train=1.0000 test=0.5929 round=18
[round 18] timing train=249.630s distribution=0.776s agg=0.182s eval=81.821s total=332.446s
Classification: train=1.0000 test=0.5957 round=19
[round 19] timing train=269.172s distribution=0.960s agg=0.209s eval=96.712s total=367.065s
Classification: train=1.0000 test=0.5977 round=20
[round 20] timing train=265.619s distribution=1.015s agg=0.241s eval=96.706s total=363.620s
Classification: train=1.0000 test=0.5961 round=21
[round 21] timing train=257.254s distribution=1.025s agg=0.284s eval=103.570s total=362.160s
Classification: train=1.0000 test=0.5957 round=22
[round 22] timing train=259.848s distribution=0.935s agg=0.138s eval=94.923s total=355.852s
Classification: train=1.0000 test=0.5961 round=23
[round 23] timing train=249.676s distribution=0.817s agg=0.330s eval=90.891s total=341.732s
Classification: train=1.0000 test=0.5965 round=24
[round 24] timing train=264.009s distribution=1.129s agg=0.263s eval=95.603s total=361.034s
Classification: train=1.0000 test=0.5961 round=25
[round 25] timing train=261.139s distribution=1.066s agg=0.217s eval=97.954s total=360.423s
Classification: train=1.0000 test=0.5937 round=26
[round 26] timing train=262.594s distribution=1.150s agg=0.161s eval=94.557s total=358.486s
Classification: train=1.0000 test=0.5949 round=27
[round 27] timing train=251.440s distribution=1.034s agg=0.310s eval=95.761s total=348.579s
Classification: train=1.0000 test=0.5945 round=28
[round 28] timing train=253.056s distribution=1.467s agg=0.241s eval=94.993s total=349.788s
Classification: train=1.0000 test=0.5953 round=29
[round 29] timing train=261.120s distribution=0.853s agg=0.262s eval=99.234s total=361.500s
[fedcsl] checkpoint saved → ./checkpoint/resume/fedcsl_LSST_2026-05-04-14har_fedcsl_dir1.0.pt (round=30)
Classification: train=1.0000 test=0.5985 round=30
[round 30] timing train=253.026s distribution=0.891s agg=0.257s eval=93.563s total=347.764s
Classification: train=1.0000 test=0.5985 round=31
[round 31] timing train=260.969s distribution=1.031s agg=0.195s eval=99.976s total=362.197s
Classification: train=1.0000 test=0.5957 round=32
[round 32] timing train=255.558s distribution=0.986s agg=0.423s eval=93.061s total=350.044s
Classification: train=1.0000 test=0.5949 round=33
[round 33] timing train=252.492s distribution=0.970s agg=0.361s eval=94.774s total=348.604s
Classification: train=1.0000 test=0.5953 round=34
[round 34] timing train=260.512s distribution=1.043s agg=0.157s eval=99.832s total=361.558s
Classification: train=1.0000 test=0.5949 round=35
[round 35] timing train=256.096s distribution=0.830s agg=0.192s eval=94.919s total=352.054s
Classification: train=1.0000 test=0.5973 round=36
[round 36] timing train=249.973s distribution=0.979s agg=0.103s eval=94.675s total=345.762s
Classification: train=1.0000 test=0.5969 round=37
[round 37] timing train=259.023s distribution=1.191s agg=0.285s eval=107.303s total=367.811s
Classification: train=1.0000 test=0.5945 round=38
[round 38] timing train=253.715s distribution=0.934s agg=0.168s eval=92.921s total=347.783s
Classification: train=1.0000 test=0.5965 round=39
[round 39] timing train=220.224s distribution=1.034s agg=0.286s eval=112.949s total=334.521s
Classification: train=1.0000 test=0.5957 round=40
[round 40] timing train=257.092s distribution=1.039s agg=0.174s eval=95.165s total=353.522s
Classification: train=1.0000 test=0.5945 round=41
[round 41] timing train=254.299s distribution=1.016s agg=0.237s eval=100.125s total=355.691s
Classification: train=1.0000 test=0.5945 round=42
[round 42] timing train=253.334s distribution=0.982s agg=0.322s eval=100.626s total=355.274s
Classification: train=1.0000 test=0.5973 round=43
[round 43] timing train=250.972s distribution=1.006s agg=0.293s eval=88.496s total=340.773s
Classification: train=1.0000 test=0.5957 round=44
[round 44] timing train=252.446s distribution=1.031s agg=0.198s eval=95.294s total=349.030s
Classification: train=1.0000 test=0.5973 round=45
[round 45] timing train=256.946s distribution=0.909s agg=0.379s eval=97.586s total=355.850s
Classification: train=1.0000 test=0.5969 round=46
[round 46] timing train=252.745s distribution=0.952s agg=0.119s eval=94.875s total=348.748s
Classification: train=1.0000 test=0.5965 round=47
[round 47] timing train=253.749s distribution=1.005s agg=0.129s eval=96.350s total=351.248s
Classification: train=1.0000 test=0.5961 round=48
[round 48] timing train=249.058s distribution=0.993s agg=0.137s eval=94.636s total=344.832s
Classification: train=1.0000 test=0.5941 round=49
[round 49] timing train=253.430s distribution=1.030s agg=0.208s eval=95.300s total=349.985s
Classification: train=1.0000 test=0.5953 round=50
[round 50] timing train=256.075s distribution=0.924s agg=0.245s eval=99.589s total=356.838s
Classification: train=1.0000 test=0.5989 round=51
[round 51] timing train=251.883s distribution=0.911s agg=0.130s eval=99.088s total=352.039s
Classification: train=1.0000 test=0.5989 round=52
[round 52] timing train=244.803s distribution=0.749s agg=0.161s eval=92.607s total=338.386s
Classification: train=1.0000 test=0.5985 round=53
[round 53] timing train=254.586s distribution=1.067s agg=0.081s eval=98.211s total=353.960s
Classification: train=1.0000 test=0.5977 round=54
[round 54] timing train=253.720s distribution=0.859s agg=0.162s eval=100.944s total=355.696s
Classification: train=1.0000 test=0.5973 round=55
[round 55] timing train=248.479s distribution=0.905s agg=0.270s eval=95.062s total=344.722s
Classification: train=1.0000 test=0.5953 round=56
[round 56] timing train=247.215s distribution=1.077s agg=0.166s eval=99.120s total=347.597s
Classification: train=1.0000 test=0.5953 round=57
[round 57] timing train=261.323s distribution=0.980s agg=0.195s eval=93.542s total=356.057s
Classification: train=1.0000 test=0.5957 round=58
[round 58] timing train=249.800s distribution=1.003s agg=0.223s eval=95.975s total=347.021s
Classification: train=1.0000 test=0.5961 round=59
[round 59] timing train=253.389s distribution=0.976s agg=0.268s eval=95.060s total=349.736s
[fedcsl] checkpoint saved → ./checkpoint/resume/fedcsl_LSST_2026-05-04-14har_fedcsl_dir1.0.pt (round=60)
Classification: train=1.0000 test=0.5945 round=60
[round 60] timing train=237.898s distribution=1.117s agg=0.152s eval=92.266s total=331.443s
Classification: train=1.0000 test=0.5965 round=61
[round 61] timing train=260.843s distribution=1.079s agg=0.187s eval=93.874s total=356.000s
Classification: train=1.0000 test=0.5957 round=62
[round 62] timing train=250.045s distribution=0.860s agg=0.237s eval=99.436s total=350.593s
Classification: train=1.0000 test=0.5965 round=63
[round 63] timing train=263.359s distribution=1.034s agg=0.145s eval=99.151s total=363.700s
Classification: train=1.0000 test=0.5961 round=64
[round 64] timing train=236.629s distribution=0.956s agg=0.253s eval=101.648s total=339.500s
Classification: train=1.0000 test=0.5973 round=65
[round 65] timing train=260.773s distribution=1.078s agg=0.192s eval=108.700s total=370.759s
Classification: train=1.0000 test=0.5985 round=66
[round 66] timing train=259.263s distribution=1.022s agg=0.300s eval=98.550s total=359.141s
Classification: train=1.0000 test=0.5965 round=67
[round 67] timing train=269.931s distribution=0.962s agg=0.243s eval=108.272s total=379.431s
Classification: train=1.0000 test=0.5998 round=68
[round 68] timing train=269.736s distribution=1.063s agg=0.212s eval=107.012s total=378.052s
Classification: train=1.0000 test=0.5985 round=69
[round 69] timing train=258.719s distribution=1.473s agg=0.458s eval=101.362s total=362.039s
Classification: train=1.0000 test=0.6002 round=70
[round 70] timing train=262.562s distribution=1.023s agg=0.245s eval=101.992s total=365.877s
Classification: train=1.0000 test=0.5977 round=71
[round 71] timing train=265.082s distribution=1.048s agg=0.185s eval=105.230s total=371.564s
Classification: train=1.0000 test=0.5994 round=72
[round 72] timing train=262.984s distribution=1.007s agg=0.318s eval=107.287s total=371.604s
Classification: train=1.0000 test=0.5973 round=73
[round 73] timing train=264.340s distribution=1.011s agg=0.286s eval=103.772s total=369.423s
Classification: train=1.0000 test=0.5977 round=74
[round 74] timing train=265.604s distribution=1.228s agg=0.342s eval=104.073s total=371.262s
Classification: train=1.0000 test=0.5973 round=75
[round 75] timing train=252.157s distribution=1.060s agg=0.361s eval=100.934s total=354.526s
Classification: train=1.0000 test=0.6006 round=76
[round 76] timing train=255.128s distribution=1.154s agg=0.190s eval=106.792s total=363.289s
Classification: train=1.0000 test=0.6018 round=77
[round 77] timing train=271.620s distribution=1.007s agg=0.239s eval=104.922s total=377.804s
Classification: train=1.0000 test=0.5969 round=78
[round 78] timing train=253.600s distribution=0.904s agg=0.201s eval=107.086s total=361.807s
Classification: train=1.0000 test=0.5985 round=79
[round 79] timing train=262.814s distribution=1.030s agg=0.159s eval=106.187s total=370.201s
Classification: train=1.0000 test=0.6006 round=80
[round 80] timing train=267.656s distribution=1.132s agg=0.311s eval=103.012s total=372.123s
Classification: train=1.0000 test=0.5989 round=81
[round 81] timing train=232.833s distribution=1.280s agg=0.273s eval=105.917s total=340.313s
Classification: train=1.0000 test=0.5989 round=82
[round 82] timing train=242.867s distribution=1.222s agg=0.286s eval=102.157s total=346.565s
Classification: train=1.0000 test=0.5977 round=83
[round 83] timing train=258.952s distribution=1.237s agg=0.268s eval=102.597s total=363.074s
Classification: train=1.0000 test=0.5989 round=84
[round 84] timing train=254.443s distribution=0.859s agg=0.239s eval=101.967s total=357.539s
Classification: train=1.0000 test=0.5953 round=85
[round 85] timing train=268.386s distribution=1.011s agg=0.269s eval=102.094s total=371.799s
Classification: train=1.0000 test=0.5969 round=86
[round 86] timing train=259.949s distribution=0.949s agg=0.163s eval=103.580s total=364.666s
Classification: train=1.0000 test=0.5957 round=87
[round 87] timing train=267.430s distribution=0.773s agg=0.184s eval=103.635s total=372.047s
Classification: train=1.0000 test=0.5973 round=88
[round 88] timing train=258.132s distribution=1.061s agg=0.295s eval=103.770s total=363.279s
Classification: train=1.0000 test=0.5949 round=89
[round 89] timing train=266.337s distribution=0.822s agg=0.237s eval=105.695s total=373.106s
[fedcsl] checkpoint saved → ./checkpoint/resume/fedcsl_LSST_2026-05-04-14har_fedcsl_dir1.0.pt (round=90)
Classification: train=1.0000 test=0.5949 round=90
[round 90] timing train=273.197s distribution=1.064s agg=0.221s eval=105.179s total=379.669s
Classification: train=1.0000 test=0.5965 round=91
[round 91] timing train=258.487s distribution=1.081s agg=0.338s eval=100.760s total=360.697s
Classification: train=1.0000 test=0.5981 round=92
[round 92] timing train=256.933s distribution=0.789s agg=0.147s eval=102.496s total=360.424s
Classification: train=1.0000 test=0.5945 round=93
[round 93] timing train=261.517s distribution=0.952s agg=0.210s eval=103.417s total=366.127s
Classification: train=1.0000 test=0.5965 round=94
[round 94] timing train=268.341s distribution=1.020s agg=0.204s eval=103.076s total=372.699s
Classification: train=1.0000 test=0.5969 round=95
[round 95] timing train=253.896s distribution=1.116s agg=0.247s eval=102.238s total=357.508s
Classification: train=1.0000 test=0.5949 round=96
[round 96] timing train=266.089s distribution=0.949s agg=0.212s eval=98.799s total=366.062s
Classification: train=1.0000 test=0.5969 round=97
[round 97] timing train=264.004s distribution=1.060s agg=0.312s eval=101.921s total=367.312s
Classification: train=1.0000 test=0.5965 round=98
[round 98] timing train=257.360s distribution=1.084s agg=0.191s eval=107.405s total=366.076s
Classification: train=1.0000 test=0.5961 round=99
[round 99] timing train=261.922s distribution=0.996s agg=0.252s eval=98.520s total=361.696s
Classification: train=1.0000 test=0.5981 round=100
[round 100] timing train=233.992s distribution=0.833s agg=0.285s eval=100.887s total=336.016s
Classification: train=1.0000 test=0.5957 round=101
[round 101] timing train=250.487s distribution=1.099s agg=0.243s eval=100.873s total=352.710s
Classification: train=1.0000 test=0.5981 round=102
[round 102] timing train=232.527s distribution=0.837s agg=0.233s eval=107.088s total=340.710s
Classification: train=1.0000 test=0.5977 round=103
[round 103] timing train=256.048s distribution=1.098s agg=0.145s eval=100.738s total=358.045s
Classification: train=1.0000 test=0.5998 round=104
[round 104] timing train=250.261s distribution=1.099s agg=0.386s eval=102.715s total=354.473s
Classification: train=1.0000 test=0.5981 round=105
[round 105] timing train=261.374s distribution=0.929s agg=0.260s eval=100.194s total=362.772s
Classification: train=1.0000 test=0.5965 round=106
[round 106] timing train=259.874s distribution=1.255s agg=0.299s eval=101.093s total=362.543s
Classification: train=1.0000 test=0.5961 round=107
[round 107] timing train=267.692s distribution=1.117s agg=0.166s eval=102.181s total=371.172s
Classification: train=1.0000 test=0.5977 round=108
[round 108] timing train=253.670s distribution=0.936s agg=0.336s eval=100.456s total=355.419s
Classification: train=1.0000 test=0.5977 round=109
[round 109] timing train=260.545s distribution=0.932s agg=0.168s eval=100.275s total=361.930s
Classification: train=1.0000 test=0.5994 round=110
[round 110] timing train=259.363s distribution=1.036s agg=0.141s eval=98.259s total=358.820s
Classification: train=1.0000 test=0.5998 round=111
[round 111] timing train=258.761s distribution=0.877s agg=0.320s eval=104.565s total=364.550s
Classification: train=1.0000 test=0.5994 round=112
[round 112] timing train=251.055s distribution=1.079s agg=0.210s eval=99.351s total=351.708s
Classification: train=1.0000 test=0.5998 round=113
[round 113] timing train=261.217s distribution=0.781s agg=0.306s eval=102.315s total=364.654s
Classification: train=1.0000 test=0.6002 round=114
[round 114] timing train=251.405s distribution=1.131s agg=0.326s eval=102.933s total=355.822s
Classification: train=1.0000 test=0.5989 round=115
[round 115] timing train=254.018s distribution=1.019s agg=0.309s eval=99.785s total=355.136s
Classification: train=1.0000 test=0.5994 round=116
[round 116] timing train=253.280s distribution=1.071s agg=0.174s eval=99.881s total=354.415s
Classification: train=1.0000 test=0.5985 round=117
[round 117] timing train=261.778s distribution=0.930s agg=0.364s eval=105.755s total=368.857s
Classification: train=1.0000 test=0.5977 round=118
[round 118] timing train=220.559s distribution=1.006s agg=0.236s eval=101.489s total=323.301s
Classification: train=1.0000 test=0.6002 round=119
[round 119] timing train=252.142s distribution=0.994s agg=0.369s eval=99.924s total=353.467s
[fedcsl] checkpoint saved → ./checkpoint/resume/fedcsl_LSST_2026-05-04-14har_fedcsl_dir1.0.pt (round=120)
Classification: train=1.0000 test=0.5985 round=120
[round 120] timing train=255.179s distribution=0.953s agg=0.251s eval=97.120s total=353.526s
Classification: train=1.0000 test=0.6018 round=121
[round 121] timing train=257.403s distribution=0.938s agg=0.148s eval=103.419s total=361.934s
Classification: train=1.0000 test=0.5998 round=122
[round 122] timing train=248.571s distribution=0.854s agg=0.305s eval=100.080s total=349.825s
Classification: train=1.0000 test=0.6006 round=123
[round 123] timing train=242.019s distribution=0.861s agg=0.256s eval=85.149s total=328.355s
Classification: train=1.0000 test=0.6022 round=124
[round 124] timing train=268.594s distribution=0.938s agg=0.112s eval=96.217s total=365.867s
Classification: train=1.0000 test=0.6006 round=125
[round 125] timing train=250.429s distribution=0.934s agg=0.183s eval=98.697s total=350.253s
Classification: train=1.0000 test=0.6010 round=126
[round 126] timing train=255.638s distribution=0.694s agg=0.210s eval=105.543s total=362.134s
Classification: train=1.0000 test=0.6010 round=127
[round 127] timing train=259.389s distribution=1.079s agg=0.354s eval=96.997s total=357.833s
Classification: train=1.0000 test=0.6026 round=128
[round 128] timing train=245.185s distribution=1.060s agg=0.147s eval=93.191s total=339.614s
Classification: train=1.0000 test=0.6010 round=129
[round 129] timing train=252.131s distribution=1.073s agg=0.169s eval=99.972s total=353.358s
Classification: train=1.0000 test=0.5989 round=130
[round 130] timing train=240.597s distribution=1.020s agg=0.292s eval=96.998s total=338.921s
Classification: train=1.0000 test=0.5989 round=131
[round 131] timing train=256.493s distribution=1.226s agg=0.236s eval=93.808s total=351.801s
Classification: train=1.0000 test=0.5989 round=132
[round 132] timing train=245.687s distribution=1.309s agg=0.320s eval=98.457s total=345.784s
Classification: train=1.0000 test=0.6014 round=133
[round 133] timing train=256.422s distribution=0.998s agg=0.334s eval=95.820s total=353.591s
Classification: train=1.0000 test=0.6030 round=134
[round 134] timing train=246.428s distribution=0.926s agg=0.144s eval=92.395s total=339.936s
Classification: train=1.0000 test=0.6022 round=135
[round 135] timing train=258.139s distribution=1.001s agg=0.280s eval=96.749s total=356.205s
Classification: train=1.0000 test=0.6030 round=136
[round 136] timing train=234.930s distribution=0.821s agg=0.328s eval=75.335s total=311.456s
Classification: train=1.0000 test=0.6034 round=137
[round 137] timing train=235.078s distribution=0.961s agg=0.178s eval=94.470s total=330.701s
Classification: train=1.0000 test=0.6026 round=138
[round 138] timing train=248.994s distribution=0.962s agg=0.232s eval=95.942s total=346.153s
Classification: train=1.0000 test=0.5998 round=139
[round 139] timing train=250.119s distribution=0.991s agg=0.163s eval=95.484s total=346.784s
Classification: train=1.0000 test=0.5994 round=140
[round 140] timing train=248.830s distribution=0.978s agg=0.309s eval=92.128s total=342.266s
Classification: train=1.0000 test=0.5977 round=141
[round 141] timing train=245.830s distribution=0.986s agg=0.243s eval=99.460s total=346.543s
Classification: train=1.0000 test=0.5985 round=142
[round 142] timing train=245.248s distribution=1.208s agg=0.283s eval=96.954s total=343.709s
Classification: train=1.0000 test=0.5981 round=143
[round 143] timing train=240.422s distribution=1.013s agg=0.159s eval=92.364s total=333.966s
Classification: train=1.0000 test=0.5994 round=144
[round 144] timing train=206.289s distribution=0.625s agg=0.147s eval=86.433s total=293.524s
Classification: train=1.0000 test=0.6022 round=145
[round 145] timing train=237.595s distribution=0.868s agg=0.070s eval=96.024s total=334.600s
Classification: train=1.0000 test=0.6050 round=146
[round 146] timing train=240.861s distribution=0.976s agg=0.231s eval=93.878s total=335.972s
Classification: train=1.0000 test=0.6054 round=147
[round 147] timing train=243.120s distribution=0.842s agg=0.264s eval=90.111s total=334.360s
Classification: train=1.0000 test=0.6062 round=148
[round 148] timing train=231.871s distribution=0.815s agg=0.243s eval=89.183s total=322.116s
Classification: train=1.0000 test=0.6042 round=149
[round 149] timing train=249.996s distribution=1.034s agg=0.177s eval=92.202s total=343.412s
[fedcsl] checkpoint saved → ./checkpoint/resume/fedcsl_LSST_2026-05-04-14har_fedcsl_dir1.0.pt (round=150)
Classification: train=1.0000 test=0.6038 round=150
[round 150] timing train=246.538s distribution=0.904s agg=0.250s eval=89.683s total=337.398s
Classification: train=1.0000 test=0.6030 round=151
[round 151] timing train=245.278s distribution=0.928s agg=0.249s eval=94.393s total=340.860s
Classification: train=1.0000 test=0.6034 round=152
[round 152] timing train=252.314s distribution=1.202s agg=0.234s eval=88.457s total=342.214s
Classification: train=1.0000 test=0.6022 round=153
[round 153] timing train=243.147s distribution=1.041s agg=0.136s eval=85.078s total=329.416s
Classification: train=1.0000 test=0.6026 round=154
[round 154] timing train=218.066s distribution=0.777s agg=0.054s eval=80.552s total=299.475s
Classification: train=1.0000 test=0.6014 round=155
[round 155] timing train=249.325s distribution=0.869s agg=0.202s eval=84.076s total=334.487s
Classification: train=1.0000 test=0.6022 round=156
[round 156] timing train=237.034s distribution=0.741s agg=0.101s eval=91.378s total=329.268s
Classification: train=1.0000 test=0.6014 round=157
[round 157] timing train=237.272s distribution=0.909s agg=0.290s eval=86.842s total=325.332s
Classification: train=1.0000 test=0.6026 round=158
[round 158] timing train=241.471s distribution=1.085s agg=0.258s eval=89.781s total=332.642s
Classification: train=1.0000 test=0.6042 round=159
[round 159] timing train=235.284s distribution=1.104s agg=0.093s eval=92.255s total=328.776s
Classification: train=1.0000 test=0.6042 round=160
[round 160] timing train=244.778s distribution=0.925s agg=0.118s eval=90.187s total=336.026s
Classification: train=1.0000 test=0.6018 round=161
[round 161] timing train=243.091s distribution=0.832s agg=0.160s eval=86.484s total=330.628s
Classification: train=1.0000 test=0.6018 round=162
[round 162] timing train=248.559s distribution=0.975s agg=0.164s eval=91.676s total=341.407s
Classification: train=1.0000 test=0.6030 round=163
[round 163] timing train=236.711s distribution=1.226s agg=0.260s eval=92.123s total=330.356s
Classification: train=1.0000 test=0.6026 round=164
[round 164] timing train=240.464s distribution=0.800s agg=0.063s eval=75.098s total=316.457s
Classification: train=1.0000 test=0.6010 round=165
[round 165] timing train=232.599s distribution=0.849s agg=0.064s eval=88.083s total=321.601s
Classification: train=1.0000 test=0.6030 round=166
[round 166] timing train=249.544s distribution=1.017s agg=0.202s eval=93.636s total=344.414s
Classification: train=1.0000 test=0.6034 round=167
[round 167] timing train=232.149s distribution=0.803s agg=0.214s eval=85.783s total=318.979s
Classification: train=1.0000 test=0.6022 round=168
[round 168] timing train=241.985s distribution=0.834s agg=0.278s eval=88.683s total=331.819s
Classification: train=1.0000 test=0.6018 round=169
[round 169] timing train=232.048s distribution=0.833s agg=0.148s eval=92.817s total=325.859s
Classification: train=1.0000 test=0.6018 round=170
[round 170] timing train=240.341s distribution=0.784s agg=0.121s eval=89.679s total=330.939s
Classification: train=1.0000 test=0.6026 round=171
[round 171] timing train=240.931s distribution=1.094s agg=0.283s eval=91.223s total=333.559s
Classification: train=1.0000 test=0.6030 round=172
[round 172] timing train=213.549s distribution=0.940s agg=0.294s eval=73.963s total=288.787s
Classification: train=1.0000 test=0.6034 round=173
[round 173] timing train=237.831s distribution=0.849s agg=0.277s eval=86.382s total=325.354s
Classification: train=1.0000 test=0.6014 round=174
[round 174] timing train=239.664s distribution=0.791s agg=0.219s eval=90.768s total=331.460s
Classification: train=1.0000 test=0.6018 round=175
[round 175] timing train=238.557s distribution=0.973s agg=0.302s eval=82.150s total=322.023s
Classification: train=1.0000 test=0.5985 round=176
[round 176] timing train=233.113s distribution=0.912s agg=0.204s eval=85.484s total=319.761s
Classification: train=1.0000 test=0.6042 round=177
[round 177] timing train=245.697s distribution=0.845s agg=0.176s eval=85.632s total=332.370s
Classification: train=1.0000 test=0.6058 round=178
[round 178] timing train=233.848s distribution=0.824s agg=0.100s eval=89.292s total=324.086s
Classification: train=1.0000 test=0.6054 round=179
[round 179] timing train=236.207s distribution=0.982s agg=0.237s eval=97.710s total=335.166s
[fedcsl] checkpoint saved → ./checkpoint/resume/fedcsl_LSST_2026-05-04-14har_fedcsl_dir1.0.pt (round=180)
Classification: train=1.0000 test=0.6058 round=180
[round 180] timing train=234.523s distribution=0.927s agg=0.204s eval=87.275s total=322.937s
Classification: train=1.0000 test=0.6062 round=181
[round 181] timing train=240.183s distribution=0.890s agg=0.141s eval=85.956s total=327.184s
Classification: train=1.0000 test=0.6038 round=182
[round 182] timing train=236.021s distribution=0.861s agg=0.205s eval=88.623s total=325.732s
Classification: train=1.0000 test=0.6058 round=183
[round 183] timing train=236.023s distribution=0.828s agg=0.198s eval=90.415s total=327.506s
Classification: train=1.0000 test=0.6067 round=184
[round 184] timing train=232.280s distribution=1.037s agg=0.165s eval=88.513s total=322.003s
Classification: train=1.0000 test=0.6042 round=185
[round 185] timing train=213.775s distribution=0.778s agg=0.081s eval=93.785s total=308.429s
Classification: train=1.0000 test=0.6030 round=186
[round 186] timing train=234.497s distribution=0.696s agg=0.149s eval=90.326s total=325.684s
Classification: train=1.0000 test=0.6030 round=187
[round 187] timing train=235.981s distribution=0.971s agg=0.151s eval=94.266s total=331.390s
Classification: train=1.0000 test=0.6046 round=188
[round 188] timing train=245.811s distribution=0.891s agg=0.088s eval=93.167s total=340.009s
Classification: train=1.0000 test=0.6034 round=189
[round 189] timing train=237.142s distribution=0.915s agg=0.136s eval=91.991s total=330.214s
Classification: train=1.0000 test=0.6010 round=190
[round 190] timing train=233.709s distribution=1.093s agg=0.268s eval=87.803s total=322.881s
Classification: train=1.0000 test=0.6026 round=191
[round 191] timing train=208.433s distribution=1.031s agg=0.248s eval=87.844s total=297.564s
Classification: train=1.0000 test=0.6026 round=192
[round 192] timing train=236.529s distribution=0.991s agg=0.144s eval=89.463s total=327.151s
Classification: train=1.0000 test=0.5994 round=193
[round 193] timing train=238.220s distribution=0.828s agg=0.127s eval=91.596s total=330.793s
Classification: train=1.0000 test=0.6014 round=194
[round 194] timing train=238.745s distribution=0.797s agg=0.233s eval=90.515s total=330.304s
Classification: train=1.0000 test=0.5973 round=195
[round 195] timing train=236.269s distribution=1.019s agg=0.283s eval=92.321s total=329.901s
Classification: train=1.0000 test=0.6022 round=196
[round 196] timing train=237.353s distribution=1.037s agg=0.196s eval=90.009s total=328.625s
Classification: train=1.0000 test=0.6014 round=197
[round 197] timing train=245.261s distribution=0.854s agg=0.261s eval=91.227s total=337.622s
Classification: train=1.0000 test=0.6018 round=198
[round 198] timing train=228.640s distribution=0.934s agg=0.326s eval=86.662s total=316.568s
Classification: train=1.0000 test=0.6034 round=199
[round 199] timing train=245.047s distribution=0.974s agg=0.187s eval=89.847s total=336.069s
best round is 184, acc is 0.606650
Model saved to ./checkpoint/LSST/2026-05-04-14har_fedcsl_dir1.0_LSST_model.pt
