# 2026-05-04 14:31:44  har_scaffold_dir1.0  GPU=4  cwd=/data/user_lixiongfei/CSL-main
# CMD: python3 -u FedCSL_All.py -dataset HAR --config configSCAFFOLD.yml --dirichlet-alpha 1.0 --seed 42 --description har_scaffold_dir1.0 -dataset LSST

/mnt/data/user_liangzhiyu/envs/fedcsl/lib/python3.8/site-packages/scipy/__init__.py:146: UserWarning: A NumPy version >=1.16.5 and <1.23.0 is required for this version of SciPy (detected version 1.23.5
  warnings.warn(f"A NumPy version >={np_minversion} and <{np_maxversion}"
[config] 'configSCAFFOLD.yml' 未找到，重定向到 'config/configSCAFFOLD.yml'
2459
<class 'pandas.core.frame.DataFrame'>
RangeIndex: 2459 entries, 0 to 2458
Data columns (total 7 columns):
 #   Column      Non-Null Count  Dtype 
---  ------      --------------  ----- 
 0   dim_0       2459 non-null   object
 1   dim_1       2459 non-null   object
 2   dim_2       2459 non-null   object
 3   dim_3       2459 non-null   object
 4   dim_4       2459 non-null   object
 5   dim_5       2459 non-null   object
 6   class_vals  2459 non-null   object
dtypes: object(7)
memory usage: 134.6+ KB
None
{36}
<class 'pandas.core.frame.DataFrame'>
RangeIndex: 2459 entries, 0 to 2458
Data columns (total 7 columns):
 #   Column      Non-Null Count  Dtype 
---  ------      --------------  ----- 
 0   dim_0       2459 non-null   object
 1   dim_1       2459 non-null   object
 2   dim_2       2459 non-null   object
 3   dim_3       2459 non-null   object
 4   dim_4       2459 non-null   object
 5   dim_5       2459 non-null   object
 6   class_vals  2459 non-null   object
dtypes: object(7)
memory usage: 134.6+ KB
None
[ 0  0  0 ... 13 13 13]
[   0    1    2   34   35   36   37   38   39   40   41   42   43   44
   45  157  158  159  160  161  162  163  164  165  166  167  168  169
  170  171  172  173  174  175  176  177  178  179  180  181  182  183
  184  185  186  187  188  189  190  191  192  193  194  195  196  197
  198  199  200  201  202  203  204  205  206  207  208  209  210  211
  212  213  214  215  216  217  218  219  220  221  222  223  224  225
  226  227  228  229  230  231  232  233  234  235  236  237  238  239
  240  241  242  243  244  245  246  247  248  249  250  251  252  253
  254  255  256  257  258  259  260  261  262  263  264  265  266  267
  268  269  270  271  272  273  274  275  276  277  278  279  280  281
  282  283  284  285  286  287  288  289  290  291  292  293  294  295
  296  297  298  299  300  301  302  303  304  305  306  307  308  309
  310  311  427  428  429  430  431  432  433  434  435  436  437  438
  439  440  441  442  443  444  445  446  447  448  449  450  451  452
  453  454  455  456  457  458  459  460  461  462  463  464  465  466
  467  468  469  470  471  472  473  474  475  476  477  478  479  480
  481  482  483  484  485  486  487  488  489  490  491  492  493  494
  495  496  497  498  499  500  501  502  503  504  505  506  507  508
  509  510  511  512  513  514  515  516  517  518  519  520  521  522
  523  524  525  526  527  528  529  530  531  532  533  534  535  536
  537  538  539  540  541  542  543  544  545  546  547  548  549  550
  551  552  553  554  555  556  557  558  559  560  561  562  563  564
  565  566  567  568  569  570  571  572  808  809  810  811  812  813
  814  870  877  878  879 1030 1031 1032 1033 1034 1035 1036 1037 1038
 1039 1040 1053 1054 1055 1056 1057 1058 1059 1060 1061 1062 1063 1064
 1065 1066 1067 1068 1069 1070 1071 1072 1073 1074 1075 1076 1077 1078
 1079 1080 1081 1082 1083 1084 1085 1086 1087 1088 1089 1090 1091 1092
 1093 1094 1095 1096 1097 1098 1099 1100 1101 1102 1103 1104 1105 1106
 1107 1108 1109 1110 1111 1112 1113 1114 1115 1116 1117 1118 1119 1120
 1121 1122 1123 1124 1125 1126 1127 1128 1129 1130 1131 1132 1133 1134
 1135 1136 1137 1138 1139 1140 1141 1142 1143 1144 1145 1146 1147 1148
 1149 1150 1151 1152 1153 1154 1155 1366 1367 1368 1369 1370 1371 1372
 1373 1374 1375 1376 1377 1378 1379 1380 1381 1382 1383 1384 1385 1386
 1387 1388 1389 1390 1391 1392 1393 1394 1395 1396 1397 1398 1399 1400
 1401 1402 1403 1404 1405 1406 1407 1408 1409 1410 1411 1412 1413 1414
 1415 1416 1417 1554 1555 1556 1557 1558 1559 1560 1561 1562 1563 1564
 1565 1566 1567 1568 1569 1570 1571 1572 1573 1574 1575 1576 1577 1578
 1579 1580 1581 1582 1583 1584 1585 1586 1587 1588 1589 1590 1591 1592
 1593 1594 1595 1596 1597 1598 1599 1600 1601 1602 1603 1604 1605 1606
 1607 1608 1609 1610 1611 1612 1613 1614 1615 1616 1617 1618 1619 1620
 1621 1622 1623 1624 1625 1626 1627 1628 1629 1630 1631 1632 1633 1634
 1635 1636 1637 1638 1639 1640 1641 1642 1643 1644 1645 1646 1647 1648
 1649 1650 1651 1652 1653 1654 1655 1656 1657 1658 1659 1660 1661 2331
 2332 2333 2334 2335 2336 2337 2338 2339 2340 2341 2342 2343 2344 2345
 2346 2347 2348 2349 2350 2351 2352 2353 2354 2355 2356 2357 2358 2359
 2360 2361 2362 2363 2364 2365 2366 2367 2368 2369 2370 2371 2372 2373
 2374 2375 2376 2377 2378 2379 2380 2381 2382 2383 2384 2385 2386 2408
 2409]
[0, 0, 0, 1, 1, 1, 1, 1, 1, 1, 1, 1, 1, 1, 1, 2, 2, 2, 2, 2, 2, 2, 2, 2, 2, 2, 2, 2, 2, 2, 2, 2, 2, 2, 2, 2, 2, 2, 2, 2, 2, 2, 2, 2, 2, 2, 2, 2, 2, 2, 2, 2, 2, 2, 2, 2, 2, 2, 2, 2, 2, 2, 2, 2, 2, 2, 2, 2, 2, 2, 2, 2, 2, 2, 2, 2, 2, 2, 2, 2, 2, 2, 2, 2, 2, 2, 2, 2, 2, 2, 2, 2, 2, 2, 2, 2, 2, 2, 2, 2, 2, 2, 2, 2, 2, 2, 2, 2, 2, 2, 2, 2, 2, 2, 2, 2, 2, 2, 2, 2, 2, 2, 2, 2, 2, 2, 2, 2, 2, 2, 2, 2, 2, 2, 2, 2, 2, 2, 2, 2, 2, 2, 2, 2, 2, 2, 2, 2, 2, 2, 2, 2, 2, 2, 2, 2, 2, 2, 2, 2, 2, 2, 2, 2, 2, 2, 2, 2, 2, 2, 3, 3, 3, 3, 3, 3, 3, 3, 3, 3, 3, 3, 3, 3, 3, 3, 3, 3, 3, 3, 3, 3, 3, 3, 3, 3, 3, 3, 3, 3, 3, 3, 3, 3, 3, 3, 3, 3, 3, 3, 3, 3, 3, 3, 3, 3, 3, 3, 3, 3, 3, 3, 3, 3, 3, 3, 3, 3, 3, 3, 3, 3, 3, 3, 3, 3, 3, 3, 3, 3, 3, 3, 3, 3, 3, 3, 3, 3, 3, 3, 3, 3, 3, 3, 3, 3, 3, 3, 3, 3, 3, 3, 3, 3, 3, 3, 3, 3, 3, 3, 3, 3, 3, 3, 3, 3, 3, 3, 3, 3, 3, 3, 3, 3, 3, 3, 3, 3, 3, 3, 3, 3, 3, 3, 3, 3, 3, 3, 3, 3, 3, 3, 3, 3, 3, 3, 3, 3, 3, 3, 3, 3, 3, 3, 3, 3, 4, 4, 4, 4, 4, 4, 4, 5, 6, 6, 6, 7, 7, 7, 7, 7, 7, 7, 7, 7, 7, 7, 8, 8, 8, 8, 8, 8, 8, 8, 8, 8, 8, 8, 8, 8, 8, 8, 8, 8, 8, 8, 8, 8, 8, 8, 8, 8, 8, 8, 8, 8, 8, 8, 8, 8, 8, 8, 8, 8, 8, 8, 8, 8, 8, 8, 8, 8, 8, 8, 8, 8, 8, 8, 8, 8, 8, 8, 8, 8, 8, 8, 8, 8, 8, 8, 8, 8, 8, 8, 8, 8, 8, 8, 8, 8, 8, 8, 8, 8, 8, 8, 8, 8, 8, 8, 8, 8, 8, 8, 8, 8, 8, 8, 8, 8, 8, 8, 8, 8, 8, 8, 8, 8, 8, 9, 9, 9, 9, 9, 9, 9, 9, 9, 9, 9, 9, 9, 9, 9, 9, 9, 9, 9, 9, 9, 9, 9, 9, 9, 9, 9, 9, 9, 9, 9, 9, 9, 9, 9, 9, 9, 9, 9, 9, 9, 9, 9, 9, 9, 9, 9, 9, 9, 9, 9, 9, 11, 11, 11, 11, 11, 11, 11, 11, 11, 11, 11, 11, 11, 11, 11, 11, 11, 11, 11, 11, 11, 11, 11, 11, 11, 11, 11, 11, 11, 11, 11, 11, 11, 11, 11, 11, 11, 11, 11, 11, 11, 11, 11, 11, 11, 11, 11, 11, 11, 11, 11, 11, 11, 11, 11, 11, 11, 11, 11, 11, 11, 11, 11, 11, 11, 11, 11, 11, 11, 11, 11, 11, 11, 11, 11, 11, 11, 11, 11, 11, 11, 11, 11, 11, 11, 11, 11, 11, 11, 11, 11, 11, 11, 11, 11, 11, 11, 11, 11, 11, 11, 11, 11, 11, 11, 11, 11, 11, 12, 12, 12, 12, 12, 12, 12, 12, 12, 12, 12, 12, 12, 12, 12, 12, 12, 12, 12, 12, 12, 12, 12, 12, 12, 12, 12, 12, 12, 12, 12, 12, 12, 12, 12, 12, 12, 12, 12, 12, 12, 12, 12, 12, 12, 12, 12, 12, 12, 12, 12, 12, 12, 12, 12, 12, 13, 13]
[0, 0, 0, 0, 0, 0, 0, 0, 0, 0, 0, 0, 0, 0, 0, 0, 0, 0, 0, 0, 0, 0, 0, 0, 0, 0, 1, 1, 1, 1, 1, 1, 1, 1, 1, 1, 1, 1, 1, 1, 1, 1, 1, 1, 1, 2, 2, 2, 2, 2, 2, 2, 2, 2, 2, 2, 2, 2, 2, 2, 2, 2, 2, 2, 2, 2, 2, 2, 2, 2, 2, 2, 2, 2, 2, 2, 2, 2, 2, 2, 2, 2, 2, 2, 2, 2, 2, 2, 2, 2, 2, 2, 2, 2, 2, 2, 2, 2, 2, 2, 2, 2, 2, 2, 2, 2, 2, 2, 2, 2, 2, 2, 2, 2, 2, 2, 2, 2, 2, 2, 2, 2, 2, 2, 2, 2, 2, 2, 2, 2, 2, 2, 2, 2, 2, 2, 2, 2, 2, 2, 2, 2, 2, 2, 2, 2, 2, 2, 2, 2, 2, 2, 2, 2, 2, 3, 3, 3, 3, 3, 3, 3, 3, 3, 3, 3, 3, 3, 3, 3, 3, 3, 3, 3, 3, 3, 3, 3, 3, 3, 3, 3, 3, 3, 3, 3, 3, 3, 3, 3, 3, 3, 3, 3, 3, 3, 3, 3, 3, 3, 3, 3, 3, 3, 3, 3, 3, 3, 3, 3, 4, 4, 5, 5, 5, 6, 6, 6, 6, 6, 6, 6, 6, 6, 6, 6, 6, 6, 6, 6, 6, 6, 6, 6, 6, 6, 6, 6, 6, 6, 6, 6, 6, 6, 6, 6, 6, 6, 6, 6, 6, 6, 6, 6, 6, 6, 6, 6, 6, 6, 6, 6, 6, 6, 6, 6, 6, 6, 6, 6, 6, 6, 6, 6, 6, 6, 6, 6, 6, 6, 6, 6, 6, 6, 6, 6, 6, 6, 6, 7, 7, 8, 8, 8, 8, 8, 8, 8, 8, 8, 8, 8, 8, 8, 8, 8, 8, 8, 8, 8, 8, 8, 8, 8, 8, 8, 8, 8, 8, 8, 8, 8, 8, 8, 8, 8, 8, 8, 8, 8, 8, 8, 8, 8, 8, 8, 8, 8, 8, 8, 8, 8, 8, 8, 8, 8, 8, 8, 8, 8, 8, 8, 8, 8, 8, 8, 8, 8, 8, 8, 8, 8, 8, 8, 8, 8, 8, 8, 8, 8, 8, 8, 8, 8, 8, 8, 8, 8, 8, 8, 8, 8, 8, 8, 8, 8, 8, 8, 8, 8, 8, 8, 8, 8, 8, 8, 8, 8, 8, 8, 8, 8, 8, 8, 8, 8, 8, 8, 8, 8, 8, 8, 8, 8, 8, 8, 8, 8, 8, 8, 8, 8, 8, 8, 8, 8, 8, 8, 8, 8, 8, 8, 8, 8, 8, 8, 8, 8, 8, 8, 8, 8, 8, 8, 8, 8, 8, 8, 8, 8, 8, 8, 8, 8, 8, 8, 8, 8, 8, 8, 8, 8, 8, 8, 8, 8, 8, 8, 8, 8, 8, 8, 8, 8, 8, 8, 8, 8, 8, 8, 8, 8, 8, 8, 8, 9, 9, 9, 9, 9, 9, 9, 9, 10, 10, 10, 10, 10, 10, 10, 10, 10, 10, 10, 10, 10, 10, 10, 10, 10, 10, 10, 10, 10, 10, 10, 10, 10, 10, 10, 10, 10, 10, 10, 10, 10, 10, 10, 10, 10, 10, 10, 10, 10, 10, 10, 10, 10, 10, 10, 10, 10, 10, 10, 10, 10, 10, 10, 10, 10, 10, 10, 10, 10, 10, 10, 10, 10, 11, 11, 11, 11, 11, 11, 11, 11, 11, 11, 11, 11, 11, 11, 11, 11, 11, 11, 11, 11, 11, 11, 11, 11, 11, 11, 11, 11, 11, 11, 11, 11, 11, 11, 11, 11, 11, 11, 11, 11, 11, 11, 11, 11, 11, 11, 11, 11, 11, 11, 11, 11, 11, 11, 11, 11, 11, 11, 11, 11, 11, 11, 11, 11, 11, 11, 11, 11, 11, 11, 11, 11, 11, 11, 11, 11, 11, 11, 11, 11, 11, 11, 11, 11, 11, 11, 11, 11, 11, 11, 11, 11, 11, 11, 11, 11, 11, 11, 11, 11, 11, 11, 11, 11, 11, 11, 11, 11, 11, 11, 11, 11, 11, 11, 11, 11, 11, 11, 11, 11, 11, 11, 11, 11, 11, 11, 11, 11, 11, 11, 11, 11, 11, 11, 11, 11, 11, 11, 11, 11, 11, 11, 11, 11, 11, 11, 11, 11, 11, 11, 11, 11, 11, 11, 11, 11, 11, 11, 11, 11, 11, 11, 11, 11, 11, 11, 11, 11, 11, 11, 11, 11, 11, 11, 11, 11, 11, 11, 11, 11, 11, 11, 11, 11, 11, 11, 11, 11, 11, 11, 11, 11, 11, 11, 11, 11, 11, 11, 11, 11, 11, 11, 11, 11, 11, 11, 11, 11, 11, 11, 11, 11, 11, 11, 11, 11, 11, 11, 11, 11, 11, 11, 11, 11, 11, 11, 11, 11, 11, 11, 11, 11, 11, 11, 11, 11, 11, 11, 11, 11, 11, 11, 11, 11, 11, 11, 11, 11, 11, 11, 11, 11, 11, 11, 11, 11, 11, 11, 11, 11, 11, 11, 11, 11, 11, 11, 11, 11, 11, 11, 11, 11, 11, 11, 11, 11, 11, 11, 11, 11, 11, 11, 11, 11, 11, 11, 11, 11, 11, 11, 11, 11, 11, 11, 11, 11, 11, 11, 11, 11, 11, 11, 11, 11, 11, 11, 11, 11, 11, 11, 11, 11, 11, 11, 11, 11, 11, 11, 11, 11, 11, 11, 11, 11, 11, 11, 11, 11, 11, 11, 11, 11, 11, 11, 11, 11, 11, 11, 11, 11, 11, 11, 11, 11, 11, 11, 11, 11, 11, 11, 11, 11, 11, 11, 11, 11, 11, 11, 11, 11, 11, 11, 11, 11, 11, 11, 11, 11, 11, 11, 11, 11, 11, 11, 11, 11, 11, 11, 11, 11, 11, 11, 11, 11, 11, 11, 11, 11, 11, 11, 11, 11, 11, 11, 11, 11, 11, 11, 11, 11, 11, 11, 11, 11, 11, 11, 11, 11, 11, 11, 11, 12, 12, 12, 12, 12, 12, 12, 12, 12, 12, 12, 12, 12, 12, 12, 12, 12, 12, 13, 13, 13, 13, 13, 13, 13, 13, 13, 13, 13, 13, 13, 13, 13, 13, 13, 13, 13, 13, 13, 13, 13, 13, 13, 13, 13, 13, 13, 13, 13, 13, 13, 13, 13, 13, 13, 13, 13, 13, 13]
[0, 0, 0, 0, 0, 1, 1, 1, 1, 1, 1, 1, 1, 1, 1, 1, 1, 1, 1, 1, 1, 1, 1, 1, 1, 1, 1, 1, 1, 1, 1, 1, 1, 1, 1, 1, 1, 1, 1, 1, 1, 1, 1, 1, 1, 1, 1, 1, 1, 1, 1, 1, 1, 1, 1, 1, 1, 1, 1, 1, 1, 1, 1, 1, 1, 1, 1, 1, 1, 1, 1, 1, 1, 1, 1, 1, 1, 1, 1, 1, 1, 1, 1, 1, 1, 1, 1, 1, 1, 1, 1, 1, 1, 1, 1, 1, 1, 2, 2, 2, 2, 2, 3, 3, 3, 3, 3, 3, 3, 3, 3, 3, 3, 3, 3, 3, 3, 3, 3, 3, 3, 3, 3, 3, 3, 3, 3, 3, 3, 3, 3, 3, 3, 3, 3, 3, 3, 3, 3, 3, 3, 3, 3, 3, 3, 3, 3, 3, 3, 3, 3, 3, 3, 3, 3, 3, 3, 3, 3, 3, 3, 3, 3, 3, 3, 3, 3, 3, 3, 3, 3, 3, 3, 3, 3, 3, 3, 3, 3, 3, 3, 3, 3, 3, 3, 3, 3, 3, 3, 3, 3, 3, 3, 3, 3, 3, 3, 3, 3, 3, 3, 3, 3, 3, 3, 3, 3, 3, 3, 3, 3, 3, 3, 3, 3, 3, 3, 3, 3, 3, 3, 3, 3, 3, 3, 3, 3, 3, 3, 3, 3, 3, 3, 3, 3, 3, 3, 3, 3, 3, 3, 3, 3, 3, 3, 3, 3, 3, 3, 3, 3, 3, 3, 3, 3, 3, 3, 3, 3, 3, 3, 3, 3, 3, 3, 3, 3, 3, 3, 3, 3, 3, 3, 3, 3, 3, 3, 3, 3, 3, 3, 3, 4, 4, 4, 4, 4, 4, 4, 4, 4, 4, 4, 4, 4, 4, 4, 4, 4, 4, 4, 4, 4, 4, 4, 4, 4, 4, 4, 4, 4, 4, 4, 4, 4, 4, 4, 4, 4, 4, 4, 4, 4, 4, 4, 4, 4, 4, 4, 4, 4, 4, 4, 4, 4, 5, 5, 5, 6, 6, 6, 6, 6, 6, 6, 6, 6, 6, 6, 6, 6, 6, 6, 6, 6, 6, 6, 6, 6, 6, 6, 6, 6, 6, 6, 6, 6, 6, 6, 6, 6, 6, 6, 6, 6, 6, 6, 6, 6, 6, 6, 6, 6, 6, 6, 6, 6, 6, 6, 6, 6, 6, 6, 6, 6, 6, 6, 6, 6, 6, 6, 6, 6, 6, 6, 6, 6, 6, 6, 6, 6, 6, 6, 6, 7, 7, 7, 7, 7, 7, 7, 7, 7, 7, 8, 8, 8, 8, 8, 8, 8, 8, 8, 8, 8, 8, 8, 8, 8, 8, 9, 9, 9, 9, 9, 9, 9, 9, 10, 10, 10, 10, 10, 10, 10, 10, 10, 10, 10, 10, 10, 10, 10, 10, 10, 10, 10, 10, 10, 10, 10, 10, 10, 10, 10, 10, 10, 10, 10, 10, 10, 10, 10, 10, 10, 10, 10, 10, 10, 10, 10, 10, 10, 10, 10, 10, 10, 10, 10, 10, 10, 10, 10, 11, 11, 11, 11, 11, 11, 11, 11, 11, 11, 11, 11, 11, 11, 11, 11, 11, 11, 11, 11, 11, 11, 11, 11, 11, 11, 11, 11, 11, 11, 11, 11, 11, 11, 11, 11, 11, 11, 11, 11, 11, 11, 11, 11, 11, 11, 11, 11, 11, 11, 11, 11, 11, 11, 11, 11, 11, 11, 11, 11, 11, 11, 11, 11, 11, 11, 11, 11, 11, 11, 11, 11, 11, 11, 11, 11, 11, 11, 11, 11, 11, 11, 11, 11, 11, 11, 11, 11, 11, 11, 11, 11, 11, 11, 11, 11, 11, 11, 11, 11, 11, 11, 11, 11, 11, 11, 11, 11, 11, 11, 11, 11, 11, 11, 11, 11, 11, 11, 11, 11, 11, 11, 11, 11, 11, 11, 11, 11, 11, 11, 11, 11, 11, 11, 11, 11, 11, 11, 11, 11, 11, 11, 11, 11, 11, 11, 11, 11, 11, 11, 11, 11, 11, 11, 11, 11, 11, 11, 11, 11, 11, 11, 11, 11, 11, 11, 11, 11, 11, 11, 11, 11, 11, 11, 11, 11, 11, 11, 11, 11, 11, 11, 11, 11, 11, 11, 11, 11, 11, 11, 11, 11, 11, 11, 11, 11, 11, 11, 11, 11, 11, 11, 11, 11, 11, 11, 11, 11, 11, 11, 11, 11, 11, 11, 11, 11, 11, 11, 11, 11, 11, 11, 11, 11, 11, 11, 11, 11, 11, 11, 11, 11, 11, 11, 11, 11, 11, 11, 11, 11, 11, 11, 11, 11, 11, 11, 11, 11, 11, 11, 11, 11, 11, 11, 11, 11, 11, 11, 12, 12, 12, 13, 13, 13, 13, 13, 13, 13, 13]
shapelet initialized!
[SCAFFOLD] round 1/200 start  selected=[0, 1, 2]
[SCAFFOLD] round 1/200 local_train done in 78.3s
[SCAFFOLD] round 1/200 done  train_acc=1.0000 test_acc=0.6034 best=0.6034@r1 avg_loss=nan eval=86.4s
[SCAFFOLD] round 2/200 start  selected=[0, 1, 2]
[SCAFFOLD] round 2/200 local_train done in 87.1s
[SCAFFOLD] round 2/200 done  train_acc=1.0000 test_acc=0.5969 best=0.6034@r1 avg_loss=nan eval=87.8s
[SCAFFOLD] round 3/200 start  selected=[0, 1, 2]
[SCAFFOLD] round 3/200 local_train done in 95.4s
[SCAFFOLD] round 3/200 done  train_acc=1.0000 test_acc=0.6046 best=0.6046@r3 avg_loss=nan eval=94.1s
[SCAFFOLD] round 4/200 start  selected=[0, 1, 2]
[SCAFFOLD] round 4/200 local_train done in 88.4s
[SCAFFOLD] round 4/200 done  train_acc=1.0000 test_acc=0.5929 best=0.6046@r3 avg_loss=nan eval=91.3s
[SCAFFOLD] round 5/200 start  selected=[0, 1, 2]
[SCAFFOLD] round 5/200 local_train done in 102.9s
[SCAFFOLD] round 5/200 done  train_acc=1.0000 test_acc=0.5896 best=0.6046@r3 avg_loss=nan eval=93.3s
[SCAFFOLD] round 6/200 start  selected=[0, 1, 2]
[SCAFFOLD] round 6/200 local_train done in 97.8s
[SCAFFOLD] round 6/200 done  train_acc=1.0000 test_acc=0.5921 best=0.6046@r3 avg_loss=nan eval=83.0s
[SCAFFOLD] round 7/200 start  selected=[0, 1, 2]
[SCAFFOLD] round 7/200 local_train done in 75.1s
[SCAFFOLD] round 7/200 done  train_acc=1.0000 test_acc=0.5949 best=0.6046@r3 avg_loss=nan eval=95.0s
[SCAFFOLD] round 8/200 start  selected=[0, 1, 2]
[SCAFFOLD] round 8/200 local_train done in 95.7s
[SCAFFOLD] round 8/200 done  train_acc=1.0000 test_acc=0.5973 best=0.6046@r3 avg_loss=nan eval=91.7s
[SCAFFOLD] round 9/200 start  selected=[0, 1, 2]
[SCAFFOLD] round 9/200 local_train done in 95.3s
[SCAFFOLD] round 9/200 done  train_acc=1.0000 test_acc=0.5957 best=0.6046@r3 avg_loss=nan eval=94.6s
[SCAFFOLD] round 10/200 start  selected=[0, 1, 2]
[SCAFFOLD] round 10/200 local_train done in 95.6s
[SCAFFOLD] round 10/200 done  train_acc=1.0000 test_acc=0.5884 best=0.6046@r3 avg_loss=nan eval=93.3s
[SCAFFOLD] round 11/200 start  selected=[0, 1, 2]
[SCAFFOLD] round 11/200 local_train done in 90.2s
[SCAFFOLD] round 11/200 done  train_acc=1.0000 test_acc=0.5843 best=0.6046@r3 avg_loss=nan eval=92.5s
[SCAFFOLD] round 12/200 start  selected=[0, 1, 2]
[SCAFFOLD] round 12/200 local_train done in 87.5s
[SCAFFOLD] round 12/200 done  train_acc=1.0000 test_acc=0.5896 best=0.6046@r3 avg_loss=nan eval=89.6s
[SCAFFOLD] round 13/200 start  selected=[0, 1, 2]
[SCAFFOLD] round 13/200 local_train done in 89.5s
[SCAFFOLD] round 13/200 done  train_acc=1.0000 test_acc=0.5957 best=0.6046@r3 avg_loss=nan eval=87.5s
[SCAFFOLD] round 14/200 start  selected=[0, 1, 2]
[SCAFFOLD] round 14/200 local_train done in 97.6s
[SCAFFOLD] round 14/200 done  train_acc=1.0000 test_acc=0.5884 best=0.6046@r3 avg_loss=nan eval=91.9s
[SCAFFOLD] round 15/200 start  selected=[0, 1, 2]
[SCAFFOLD] round 15/200 local_train done in 95.2s
[SCAFFOLD] round 15/200 done  train_acc=1.0000 test_acc=0.5892 best=0.6046@r3 avg_loss=nan eval=94.1s
[SCAFFOLD] round 16/200 start  selected=[0, 1, 2]
[SCAFFOLD] round 16/200 local_train done in 81.7s
[SCAFFOLD] round 16/200 done  train_acc=1.0000 test_acc=0.5929 best=0.6046@r3 avg_loss=nan eval=92.9s
[SCAFFOLD] round 17/200 start  selected=[0, 1, 2]
[SCAFFOLD] round 17/200 local_train done in 94.9s
[SCAFFOLD] round 17/200 done  train_acc=1.0000 test_acc=0.5957 best=0.6046@r3 avg_loss=nan eval=84.5s
[SCAFFOLD] round 18/200 start  selected=[0, 1, 2]
[SCAFFOLD] round 18/200 local_train done in 92.3s
[SCAFFOLD] round 18/200 done  train_acc=1.0000 test_acc=0.5965 best=0.6046@r3 avg_loss=nan eval=95.5s
[SCAFFOLD] round 19/200 start  selected=[0, 1, 2]
[SCAFFOLD] round 19/200 local_train done in 94.7s
[SCAFFOLD] round 19/200 done  train_acc=1.0000 test_acc=0.5904 best=0.6046@r3 avg_loss=nan eval=95.4s
[SCAFFOLD] round 20/200 start  selected=[0, 1, 2]
[SCAFFOLD] round 20/200 local_train done in 84.1s
[SCAFFOLD] round 20/200 done  train_acc=1.0000 test_acc=0.5900 best=0.6046@r3 avg_loss=nan eval=94.6s
[SCAFFOLD] round 21/200 start  selected=[0, 1, 2]
[SCAFFOLD] round 21/200 local_train done in 85.5s
[SCAFFOLD] round 21/200 done  train_acc=1.0000 test_acc=0.5929 best=0.6046@r3 avg_loss=nan eval=95.0s
[SCAFFOLD] round 22/200 start  selected=[0, 1, 2]
[SCAFFOLD] round 22/200 local_train done in 92.4s
[SCAFFOLD] round 22/200 done  train_acc=1.0000 test_acc=0.5925 best=0.6046@r3 avg_loss=nan eval=93.4s
[SCAFFOLD] round 23/200 start  selected=[0, 1, 2]
[SCAFFOLD] round 23/200 local_train done in 100.4s
[SCAFFOLD] round 23/200 done  train_acc=1.0000 test_acc=0.5908 best=0.6046@r3 avg_loss=nan eval=93.5s
[SCAFFOLD] round 24/200 start  selected=[0, 1, 2]
[SCAFFOLD] round 24/200 local_train done in 92.6s
[SCAFFOLD] round 24/200 done  train_acc=1.0000 test_acc=0.5929 best=0.6046@r3 avg_loss=nan eval=91.3s
[SCAFFOLD] round 25/200 start  selected=[0, 1, 2]
[SCAFFOLD] round 25/200 local_train done in 84.2s
[SCAFFOLD] round 25/200 done  train_acc=1.0000 test_acc=0.5937 best=0.6046@r3 avg_loss=nan eval=95.1s
[SCAFFOLD] round 26/200 start  selected=[0, 1, 2]
[SCAFFOLD] round 26/200 local_train done in 96.9s
[SCAFFOLD] round 26/200 done  train_acc=1.0000 test_acc=0.5933 best=0.6046@r3 avg_loss=nan eval=96.0s
[SCAFFOLD] round 27/200 start  selected=[0, 1, 2]
[SCAFFOLD] round 27/200 local_train done in 92.3s
[SCAFFOLD] round 27/200 done  train_acc=1.0000 test_acc=0.5904 best=0.6046@r3 avg_loss=nan eval=95.1s
[SCAFFOLD] round 28/200 start  selected=[0, 1, 2]
[SCAFFOLD] round 28/200 local_train done in 105.9s
[SCAFFOLD] round 28/200 done  train_acc=1.0000 test_acc=0.5945 best=0.6046@r3 avg_loss=nan eval=91.9s
[SCAFFOLD] round 29/200 start  selected=[0, 1, 2]
[SCAFFOLD] round 29/200 local_train done in 92.4s
[SCAFFOLD] round 29/200 done  train_acc=1.0000 test_acc=0.5929 best=0.6046@r3 avg_loss=nan eval=94.4s
[SCAFFOLD] round 30/200 start  selected=[0, 1, 2]
[SCAFFOLD] round 30/200 local_train done in 81.3s
[SCAFFOLD] round 30/200 done  train_acc=1.0000 test_acc=0.5945 best=0.6046@r3 avg_loss=nan eval=93.3s
[SCAFFOLD] checkpoint saved → ./checkpoint/resume/baseline_scaffold_LSST_2026-05-04-14har_scaffold_dir1.0.pt (round=30)
[SCAFFOLD] round 31/200 start  selected=[0, 1, 2]
[SCAFFOLD] round 31/200 local_train done in 88.3s
[SCAFFOLD] round 31/200 done  train_acc=1.0000 test_acc=0.5945 best=0.6046@r3 avg_loss=nan eval=88.8s
[SCAFFOLD] round 32/200 start  selected=[0, 1, 2]
[SCAFFOLD] round 32/200 local_train done in 101.4s
[SCAFFOLD] round 32/200 done  train_acc=1.0000 test_acc=0.5929 best=0.6046@r3 avg_loss=nan eval=94.0s
[SCAFFOLD] round 33/200 start  selected=[0, 1, 2]
[SCAFFOLD] round 33/200 local_train done in 97.3s
[SCAFFOLD] round 33/200 done  train_acc=1.0000 test_acc=0.5945 best=0.6046@r3 avg_loss=nan eval=95.6s
[SCAFFOLD] round 34/200 start  selected=[0, 1, 2]
[SCAFFOLD] round 34/200 local_train done in 95.1s
[SCAFFOLD] round 34/200 done  train_acc=1.0000 test_acc=0.5892 best=0.6046@r3 avg_loss=nan eval=86.5s
[SCAFFOLD] round 35/200 start  selected=[0, 1, 2]
[SCAFFOLD] round 35/200 local_train done in 81.2s
[SCAFFOLD] round 35/200 done  train_acc=1.0000 test_acc=0.5912 best=0.6046@r3 avg_loss=nan eval=93.8s
[SCAFFOLD] round 36/200 start  selected=[0, 1, 2]
[SCAFFOLD] round 36/200 local_train done in 89.4s
[SCAFFOLD] round 36/200 done  train_acc=1.0000 test_acc=0.5945 best=0.6046@r3 avg_loss=nan eval=92.8s
[SCAFFOLD] round 37/200 start  selected=[0, 1, 2]
[SCAFFOLD] round 37/200 local_train done in 102.4s
[SCAFFOLD] round 37/200 done  train_acc=1.0000 test_acc=0.5904 best=0.6046@r3 avg_loss=nan eval=97.2s
[SCAFFOLD] round 38/200 start  selected=[0, 1, 2]
[SCAFFOLD] round 38/200 local_train done in 99.0s
[SCAFFOLD] round 38/200 done  train_acc=1.0000 test_acc=0.5921 best=0.6046@r3 avg_loss=nan eval=99.4s
[SCAFFOLD] round 39/200 start  selected=[0, 1, 2]
[SCAFFOLD] round 39/200 local_train done in 93.2s
[SCAFFOLD] round 39/200 done  train_acc=1.0000 test_acc=0.5945 best=0.6046@r3 avg_loss=nan eval=89.7s
[SCAFFOLD] round 40/200 start  selected=[0, 1, 2]
[SCAFFOLD] round 40/200 local_train done in 83.0s
[SCAFFOLD] round 40/200 done  train_acc=1.0000 test_acc=0.5916 best=0.6046@r3 avg_loss=nan eval=87.0s
[SCAFFOLD] round 41/200 start  selected=[0, 1, 2]
[SCAFFOLD] round 41/200 local_train done in 93.6s
[SCAFFOLD] round 41/200 done  train_acc=1.0000 test_acc=0.5912 best=0.6046@r3 avg_loss=nan eval=91.9s
[SCAFFOLD] round 42/200 start  selected=[0, 1, 2]
[SCAFFOLD] round 42/200 local_train done in 85.5s
[SCAFFOLD] round 42/200 done  train_acc=1.0000 test_acc=0.5921 best=0.6046@r3 avg_loss=nan eval=88.7s
[SCAFFOLD] round 43/200 start  selected=[0, 1, 2]
[SCAFFOLD] round 43/200 local_train done in 97.4s
[SCAFFOLD] round 43/200 done  train_acc=1.0000 test_acc=0.5941 best=0.6046@r3 avg_loss=nan eval=89.2s
[SCAFFOLD] round 44/200 start  selected=[0, 1, 2]
[SCAFFOLD] round 44/200 local_train done in 80.2s
[SCAFFOLD] round 44/200 done  train_acc=1.0000 test_acc=0.5945 best=0.6046@r3 avg_loss=nan eval=75.3s
[SCAFFOLD] round 45/200 start  selected=[0, 1, 2]
[SCAFFOLD] round 45/200 local_train done in 81.7s
[SCAFFOLD] round 45/200 done  train_acc=1.0000 test_acc=0.5945 best=0.6046@r3 avg_loss=nan eval=101.1s
[SCAFFOLD] round 46/200 start  selected=[0, 1, 2]
[SCAFFOLD] round 46/200 local_train done in 92.4s
[SCAFFOLD] round 46/200 done  train_acc=1.0000 test_acc=0.5941 best=0.6046@r3 avg_loss=nan eval=94.7s
[SCAFFOLD] round 47/200 start  selected=[0, 1, 2]
[SCAFFOLD] round 47/200 local_train done in 96.5s
[SCAFFOLD] round 47/200 done  train_acc=1.0000 test_acc=0.5941 best=0.6046@r3 avg_loss=nan eval=90.7s
[SCAFFOLD] round 48/200 start  selected=[0, 1, 2]
[SCAFFOLD] round 48/200 local_train done in 83.9s
[SCAFFOLD] round 48/200 done  train_acc=1.0000 test_acc=0.5929 best=0.6046@r3 avg_loss=nan eval=93.7s
[SCAFFOLD] round 49/200 start  selected=[0, 1, 2]
[SCAFFOLD] round 49/200 local_train done in 96.4s
[SCAFFOLD] round 49/200 done  train_acc=1.0000 test_acc=0.5937 best=0.6046@r3 avg_loss=nan eval=97.9s
[SCAFFOLD] round 50/200 start  selected=[0, 1, 2]
[SCAFFOLD] round 50/200 local_train done in 88.6s
[SCAFFOLD] round 50/200 done  train_acc=1.0000 test_acc=0.5941 best=0.6046@r3 avg_loss=nan eval=93.0s
[SCAFFOLD] round 51/200 start  selected=[0, 1, 2]
[SCAFFOLD] round 51/200 local_train done in 89.1s
[SCAFFOLD] round 51/200 done  train_acc=1.0000 test_acc=0.5925 best=0.6046@r3 avg_loss=nan eval=89.0s
[SCAFFOLD] round 52/200 start  selected=[0, 1, 2]
[SCAFFOLD] round 52/200 local_train done in 88.7s
[SCAFFOLD] round 52/200 done  train_acc=1.0000 test_acc=0.5933 best=0.6046@r3 avg_loss=nan eval=89.3s
[SCAFFOLD] round 53/200 start  selected=[0, 1, 2]
[SCAFFOLD] round 53/200 local_train done in 91.9s
[SCAFFOLD] round 53/200 done  train_acc=1.0000 test_acc=0.5888 best=0.6046@r3 avg_loss=nan eval=93.5s
[SCAFFOLD] round 54/200 start  selected=[0, 1, 2]
[SCAFFOLD] round 54/200 local_train done in 95.2s
[SCAFFOLD] round 54/200 done  train_acc=1.0000 test_acc=0.5900 best=0.6046@r3 avg_loss=nan eval=94.1s
[SCAFFOLD] round 55/200 start  selected=[0, 1, 2]
[SCAFFOLD] round 55/200 local_train done in 99.1s
[SCAFFOLD] round 55/200 done  train_acc=1.0000 test_acc=0.5945 best=0.6046@r3 avg_loss=nan eval=97.6s
[SCAFFOLD] round 56/200 start  selected=[0, 1, 2]
[SCAFFOLD] round 56/200 local_train done in 94.0s
[SCAFFOLD] round 56/200 done  train_acc=1.0000 test_acc=0.5908 best=0.6046@r3 avg_loss=nan eval=92.8s
[SCAFFOLD] round 57/200 start  selected=[0, 1, 2]
[SCAFFOLD] round 57/200 local_train done in 87.6s
[SCAFFOLD] round 57/200 done  train_acc=1.0000 test_acc=0.5949 best=0.6046@r3 avg_loss=nan eval=89.6s
[SCAFFOLD] round 58/200 start  selected=[0, 1, 2]
[SCAFFOLD] round 58/200 local_train done in 92.9s
[SCAFFOLD] round 58/200 done  train_acc=1.0000 test_acc=0.5941 best=0.6046@r3 avg_loss=nan eval=93.6s
[SCAFFOLD] round 59/200 start  selected=[0, 1, 2]
[SCAFFOLD] round 59/200 local_train done in 81.7s
[SCAFFOLD] round 59/200 done  train_acc=1.0000 test_acc=0.5937 best=0.6046@r3 avg_loss=nan eval=90.5s
[SCAFFOLD] round 60/200 start  selected=[0, 1, 2]
[SCAFFOLD] round 60/200 local_train done in 92.0s
[SCAFFOLD] round 60/200 done  train_acc=1.0000 test_acc=0.5925 best=0.6046@r3 avg_loss=nan eval=96.3s
[SCAFFOLD] checkpoint saved → ./checkpoint/resume/baseline_scaffold_LSST_2026-05-04-14har_scaffold_dir1.0.pt (round=60)
[SCAFFOLD] round 61/200 start  selected=[0, 1, 2]
[SCAFFOLD] round 61/200 local_train done in 83.5s
[SCAFFOLD] round 61/200 done  train_acc=1.0000 test_acc=0.5945 best=0.6046@r3 avg_loss=nan eval=92.5s
[SCAFFOLD] round 62/200 start  selected=[0, 1, 2]
[SCAFFOLD] round 62/200 local_train done in 87.2s
[SCAFFOLD] round 62/200 done  train_acc=1.0000 test_acc=0.5908 best=0.6046@r3 avg_loss=nan eval=93.7s
[SCAFFOLD] round 63/200 start  selected=[0, 1, 2]
[SCAFFOLD] round 63/200 local_train done in 85.6s
[SCAFFOLD] round 63/200 done  train_acc=1.0000 test_acc=0.5888 best=0.6046@r3 avg_loss=nan eval=90.9s
[SCAFFOLD] round 64/200 start  selected=[0, 1, 2]
[SCAFFOLD] round 64/200 local_train done in 91.6s
[SCAFFOLD] round 64/200 done  train_acc=1.0000 test_acc=0.5921 best=0.6046@r3 avg_loss=nan eval=89.1s
[SCAFFOLD] round 65/200 start  selected=[0, 1, 2]
[SCAFFOLD] round 65/200 local_train done in 83.3s
[SCAFFOLD] round 65/200 done  train_acc=1.0000 test_acc=0.5933 best=0.6046@r3 avg_loss=nan eval=95.6s
[SCAFFOLD] round 66/200 start  selected=[0, 1, 2]
[SCAFFOLD] round 66/200 local_train done in 95.9s
[SCAFFOLD] round 66/200 done  train_acc=1.0000 test_acc=0.5949 best=0.6046@r3 avg_loss=nan eval=89.6s
[SCAFFOLD] round 67/200 start  selected=[0, 1, 2]
[SCAFFOLD] round 67/200 local_train done in 90.2s
[SCAFFOLD] round 67/200 done  train_acc=1.0000 test_acc=0.5908 best=0.6046@r3 avg_loss=nan eval=89.7s
[SCAFFOLD] round 68/200 start  selected=[0, 1, 2]
[SCAFFOLD] round 68/200 local_train done in 77.9s
[SCAFFOLD] round 68/200 done  train_acc=1.0000 test_acc=0.5900 best=0.6046@r3 avg_loss=nan eval=88.7s
[SCAFFOLD] round 69/200 start  selected=[0, 1, 2]
[SCAFFOLD] round 69/200 local_train done in 85.3s
[SCAFFOLD] round 69/200 done  train_acc=1.0000 test_acc=0.5908 best=0.6046@r3 avg_loss=nan eval=91.0s
[SCAFFOLD] round 70/200 start  selected=[0, 1, 2]
[SCAFFOLD] round 70/200 local_train done in 98.6s
[SCAFFOLD] round 70/200 done  train_acc=1.0000 test_acc=0.5921 best=0.6046@r3 avg_loss=nan eval=94.6s
[SCAFFOLD] round 71/200 start  selected=[0, 1, 2]
[SCAFFOLD] round 71/200 local_train done in 81.4s
[SCAFFOLD] round 71/200 done  train_acc=1.0000 test_acc=0.5900 best=0.6046@r3 avg_loss=nan eval=91.2s
[SCAFFOLD] round 72/200 start  selected=[0, 1, 2]
[SCAFFOLD] round 72/200 local_train done in 86.5s
[SCAFFOLD] round 72/200 done  train_acc=1.0000 test_acc=0.5888 best=0.6046@r3 avg_loss=nan eval=89.3s
[SCAFFOLD] round 73/200 start  selected=[0, 1, 2]
[SCAFFOLD] round 73/200 local_train done in 98.6s
[SCAFFOLD] round 73/200 done  train_acc=1.0000 test_acc=0.5921 best=0.6046@r3 avg_loss=nan eval=85.0s
[SCAFFOLD] round 74/200 start  selected=[0, 1, 2]
[SCAFFOLD] round 74/200 local_train done in 90.5s
[SCAFFOLD] round 74/200 done  train_acc=1.0000 test_acc=0.5912 best=0.6046@r3 avg_loss=nan eval=89.9s
[SCAFFOLD] round 75/200 start  selected=[0, 1, 2]
[SCAFFOLD] round 75/200 local_train done in 86.0s
[SCAFFOLD] round 75/200 done  train_acc=1.0000 test_acc=0.5937 best=0.6046@r3 avg_loss=nan eval=92.0s
[SCAFFOLD] round 76/200 start  selected=[0, 1, 2]
[SCAFFOLD] round 76/200 local_train done in 99.6s
[SCAFFOLD] round 76/200 done  train_acc=1.0000 test_acc=0.5941 best=0.6046@r3 avg_loss=nan eval=93.2s
[SCAFFOLD] round 77/200 start  selected=[0, 1, 2]
[SCAFFOLD] round 77/200 local_train done in 88.7s
[SCAFFOLD] round 77/200 done  train_acc=1.0000 test_acc=0.5921 best=0.6046@r3 avg_loss=nan eval=88.8s
[SCAFFOLD] round 78/200 start  selected=[0, 1, 2]
[SCAFFOLD] round 78/200 local_train done in 88.4s
[SCAFFOLD] round 78/200 done  train_acc=1.0000 test_acc=0.5949 best=0.6046@r3 avg_loss=nan eval=88.4s
[SCAFFOLD] round 79/200 start  selected=[0, 1, 2]
[SCAFFOLD] round 79/200 local_train done in 87.7s
[SCAFFOLD] round 79/200 done  train_acc=1.0000 test_acc=0.5892 best=0.6046@r3 avg_loss=nan eval=85.8s
[SCAFFOLD] round 80/200 start  selected=[0, 1, 2]
[SCAFFOLD] round 80/200 local_train done in 74.6s
[SCAFFOLD] round 80/200 done  train_acc=1.0000 test_acc=0.5908 best=0.6046@r3 avg_loss=nan eval=85.7s
[SCAFFOLD] round 81/200 start  selected=[0, 1, 2]
[SCAFFOLD] round 81/200 local_train done in 89.2s
[SCAFFOLD] round 81/200 done  train_acc=1.0000 test_acc=0.5908 best=0.6046@r3 avg_loss=nan eval=92.9s
[SCAFFOLD] round 82/200 start  selected=[0, 1, 2]
[SCAFFOLD] round 82/200 local_train done in 89.9s
[SCAFFOLD] round 82/200 done  train_acc=1.0000 test_acc=0.5937 best=0.6046@r3 avg_loss=nan eval=93.0s
[SCAFFOLD] round 83/200 start  selected=[0, 1, 2]
[SCAFFOLD] round 83/200 local_train done in 79.7s
[SCAFFOLD] round 83/200 done  train_acc=1.0000 test_acc=0.5921 best=0.6046@r3 avg_loss=nan eval=81.2s
[SCAFFOLD] round 84/200 start  selected=[0, 1, 2]
[SCAFFOLD] round 84/200 local_train done in 72.4s
[SCAFFOLD] round 84/200 done  train_acc=1.0000 test_acc=0.5941 best=0.6046@r3 avg_loss=nan eval=91.0s
[SCAFFOLD] round 85/200 start  selected=[0, 1, 2]
[SCAFFOLD] round 85/200 local_train done in 96.8s
[SCAFFOLD] round 85/200 done  train_acc=1.0000 test_acc=0.5933 best=0.6046@r3 avg_loss=nan eval=90.8s
[SCAFFOLD] round 86/200 start  selected=[0, 1, 2]
[SCAFFOLD] round 86/200 local_train done in 86.1s
[SCAFFOLD] round 86/200 done  train_acc=1.0000 test_acc=0.5941 best=0.6046@r3 avg_loss=nan eval=92.2s
[SCAFFOLD] round 87/200 start  selected=[0, 1, 2]
[SCAFFOLD] round 87/200 local_train done in 98.2s
[SCAFFOLD] round 87/200 done  train_acc=1.0000 test_acc=0.5941 best=0.6046@r3 avg_loss=nan eval=96.0s
[SCAFFOLD] round 88/200 start  selected=[0, 1, 2]
[SCAFFOLD] round 88/200 local_train done in 85.8s
[SCAFFOLD] round 88/200 done  train_acc=1.0000 test_acc=0.5937 best=0.6046@r3 avg_loss=nan eval=102.8s
[SCAFFOLD] round 89/200 start  selected=[0, 1, 2]
[SCAFFOLD] round 89/200 local_train done in 86.1s
[SCAFFOLD] round 89/200 done  train_acc=1.0000 test_acc=0.5916 best=0.6046@r3 avg_loss=nan eval=89.6s
[SCAFFOLD] round 90/200 start  selected=[0, 1, 2]
[SCAFFOLD] round 90/200 local_train done in 91.6s
[SCAFFOLD] round 90/200 done  train_acc=1.0000 test_acc=0.5925 best=0.6046@r3 avg_loss=nan eval=85.4s
[SCAFFOLD] checkpoint saved → ./checkpoint/resume/baseline_scaffold_LSST_2026-05-04-14har_scaffold_dir1.0.pt (round=90)
[SCAFFOLD] round 91/200 start  selected=[0, 1, 2]
[SCAFFOLD] round 91/200 local_train done in 88.7s
[SCAFFOLD] round 91/200 done  train_acc=1.0000 test_acc=0.5892 best=0.6046@r3 avg_loss=nan eval=92.8s
[SCAFFOLD] round 92/200 start  selected=[0, 1, 2]
[SCAFFOLD] round 92/200 local_train done in 83.6s
[SCAFFOLD] round 92/200 done  train_acc=1.0000 test_acc=0.5912 best=0.6046@r3 avg_loss=nan eval=98.1s
[SCAFFOLD] round 93/200 start  selected=[0, 1, 2]
[SCAFFOLD] round 93/200 local_train done in 95.2s
[SCAFFOLD] round 93/200 done  train_acc=1.0000 test_acc=0.5912 best=0.6046@r3 avg_loss=nan eval=91.9s
[SCAFFOLD] round 94/200 start  selected=[0, 1, 2]
[SCAFFOLD] round 94/200 local_train done in 85.7s
[SCAFFOLD] round 94/200 done  train_acc=1.0000 test_acc=0.5933 best=0.6046@r3 avg_loss=nan eval=93.2s
[SCAFFOLD] round 95/200 start  selected=[0, 1, 2]
[SCAFFOLD] round 95/200 local_train done in 97.4s
[SCAFFOLD] round 95/200 done  train_acc=1.0000 test_acc=0.5908 best=0.6046@r3 avg_loss=nan eval=99.1s
[SCAFFOLD] round 96/200 start  selected=[0, 1, 2]
[SCAFFOLD] round 96/200 local_train done in 88.4s
[SCAFFOLD] round 96/200 done  train_acc=1.0000 test_acc=0.5912 best=0.6046@r3 avg_loss=nan eval=94.2s
[SCAFFOLD] round 97/200 start  selected=[0, 1, 2]
[SCAFFOLD] round 97/200 local_train done in 84.4s
[SCAFFOLD] round 97/200 done  train_acc=1.0000 test_acc=0.5912 best=0.6046@r3 avg_loss=nan eval=92.6s
[SCAFFOLD] round 98/200 start  selected=[0, 1, 2]
[SCAFFOLD] round 98/200 local_train done in 96.6s
[SCAFFOLD] round 98/200 done  train_acc=1.0000 test_acc=0.5900 best=0.6046@r3 avg_loss=nan eval=90.4s
[SCAFFOLD] round 99/200 start  selected=[0, 1, 2]
[SCAFFOLD] round 99/200 local_train done in 100.8s
[SCAFFOLD] round 99/200 done  train_acc=1.0000 test_acc=0.5912 best=0.6046@r3 avg_loss=nan eval=95.7s
[SCAFFOLD] round 100/200 start  selected=[0, 1, 2]
[SCAFFOLD] round 100/200 local_train done in 90.7s
[SCAFFOLD] round 100/200 done  train_acc=1.0000 test_acc=0.5925 best=0.6046@r3 avg_loss=nan eval=89.4s
[SCAFFOLD] round 101/200 start  selected=[0, 1, 2]
[SCAFFOLD] round 101/200 local_train done in 88.2s
[SCAFFOLD] round 101/200 done  train_acc=1.0000 test_acc=0.5912 best=0.6046@r3 avg_loss=nan eval=97.9s
[SCAFFOLD] round 102/200 start  selected=[0, 1, 2]
[SCAFFOLD] round 102/200 local_train done in 94.2s
[SCAFFOLD] round 102/200 done  train_acc=1.0000 test_acc=0.5925 best=0.6046@r3 avg_loss=nan eval=89.7s
[SCAFFOLD] round 103/200 start  selected=[0, 1, 2]
[SCAFFOLD] round 103/200 local_train done in 84.2s
[SCAFFOLD] round 103/200 done  train_acc=1.0000 test_acc=0.5937 best=0.6046@r3 avg_loss=nan eval=93.1s
[SCAFFOLD] round 104/200 start  selected=[0, 1, 2]
[SCAFFOLD] round 104/200 local_train done in 100.3s
[SCAFFOLD] round 104/200 done  train_acc=1.0000 test_acc=0.5933 best=0.6046@r3 avg_loss=nan eval=98.8s
[SCAFFOLD] round 105/200 start  selected=[0, 1, 2]
[SCAFFOLD] round 105/200 local_train done in 89.5s
[SCAFFOLD] round 105/200 done  train_acc=1.0000 test_acc=0.5925 best=0.6046@r3 avg_loss=nan eval=93.2s
[SCAFFOLD] round 106/200 start  selected=[0, 1, 2]
[SCAFFOLD] round 106/200 local_train done in 90.5s
[SCAFFOLD] round 106/200 done  train_acc=1.0000 test_acc=0.5925 best=0.6046@r3 avg_loss=nan eval=91.7s
[SCAFFOLD] round 107/200 start  selected=[0, 1, 2]
[SCAFFOLD] round 107/200 local_train done in 92.8s
[SCAFFOLD] round 107/200 done  train_acc=1.0000 test_acc=0.5929 best=0.6046@r3 avg_loss=nan eval=90.2s
[SCAFFOLD] round 108/200 start  selected=[0, 1, 2]
[SCAFFOLD] round 108/200 local_train done in 89.3s
[SCAFFOLD] round 108/200 done  train_acc=1.0000 test_acc=0.5937 best=0.6046@r3 avg_loss=nan eval=90.3s
[SCAFFOLD] round 109/200 start  selected=[0, 1, 2]
[SCAFFOLD] round 109/200 local_train done in 89.5s
[SCAFFOLD] round 109/200 done  train_acc=1.0000 test_acc=0.5929 best=0.6046@r3 avg_loss=nan eval=98.3s
[SCAFFOLD] round 110/200 start  selected=[0, 1, 2]
[SCAFFOLD] round 110/200 local_train done in 99.0s
[SCAFFOLD] round 110/200 done  train_acc=1.0000 test_acc=0.5937 best=0.6046@r3 avg_loss=nan eval=95.9s
[SCAFFOLD] round 111/200 start  selected=[0, 1, 2]
[SCAFFOLD] round 111/200 local_train done in 89.0s
[SCAFFOLD] round 111/200 done  train_acc=1.0000 test_acc=0.5933 best=0.6046@r3 avg_loss=nan eval=88.0s
[SCAFFOLD] round 112/200 start  selected=[0, 1, 2]
[SCAFFOLD] round 112/200 local_train done in 87.1s
[SCAFFOLD] round 112/200 done  train_acc=1.0000 test_acc=0.5929 best=0.6046@r3 avg_loss=nan eval=95.2s
[SCAFFOLD] round 113/200 start  selected=[0, 1, 2]
[SCAFFOLD] round 113/200 local_train done in 92.8s
[SCAFFOLD] round 113/200 done  train_acc=1.0000 test_acc=0.5945 best=0.6046@r3 avg_loss=nan eval=92.8s
[SCAFFOLD] round 114/200 start  selected=[0, 1, 2]
[SCAFFOLD] round 114/200 local_train done in 87.4s
[SCAFFOLD] round 114/200 done  train_acc=1.0000 test_acc=0.5941 best=0.6046@r3 avg_loss=nan eval=92.9s
[SCAFFOLD] round 115/200 start  selected=[0, 1, 2]
[SCAFFOLD] round 115/200 local_train done in 90.4s
[SCAFFOLD] round 115/200 done  train_acc=1.0000 test_acc=0.5933 best=0.6046@r3 avg_loss=nan eval=97.9s
[SCAFFOLD] round 116/200 start  selected=[0, 1, 2]
[SCAFFOLD] round 116/200 local_train done in 92.6s
[SCAFFOLD] round 116/200 done  train_acc=1.0000 test_acc=0.5933 best=0.6046@r3 avg_loss=nan eval=99.3s
[SCAFFOLD] round 117/200 start  selected=[0, 1, 2]
[SCAFFOLD] round 117/200 local_train done in 86.3s
[SCAFFOLD] round 117/200 done  train_acc=1.0000 test_acc=0.5921 best=0.6046@r3 avg_loss=nan eval=89.6s
[SCAFFOLD] round 118/200 start  selected=[0, 1, 2]
[SCAFFOLD] round 118/200 local_train done in 85.2s
[SCAFFOLD] round 118/200 done  train_acc=1.0000 test_acc=0.5916 best=0.6046@r3 avg_loss=nan eval=94.7s
[SCAFFOLD] round 119/200 start  selected=[0, 1, 2]
[SCAFFOLD] round 119/200 local_train done in 99.0s
[SCAFFOLD] round 119/200 done  train_acc=1.0000 test_acc=0.5916 best=0.6046@r3 avg_loss=nan eval=96.5s
[SCAFFOLD] round 120/200 start  selected=[0, 1, 2]
[SCAFFOLD] round 120/200 local_train done in 90.0s
[SCAFFOLD] round 120/200 done  train_acc=1.0000 test_acc=0.5929 best=0.6046@r3 avg_loss=nan eval=96.3s
[SCAFFOLD] checkpoint saved → ./checkpoint/resume/baseline_scaffold_LSST_2026-05-04-14har_scaffold_dir1.0.pt (round=120)
[SCAFFOLD] round 121/200 start  selected=[0, 1, 2]
[SCAFFOLD] round 121/200 local_train done in 99.3s
[SCAFFOLD] round 121/200 done  train_acc=1.0000 test_acc=0.5933 best=0.6046@r3 avg_loss=nan eval=93.6s
[SCAFFOLD] round 122/200 start  selected=[0, 1, 2]
[SCAFFOLD] round 122/200 local_train done in 87.6s
[SCAFFOLD] round 122/200 done  train_acc=1.0000 test_acc=0.5929 best=0.6046@r3 avg_loss=nan eval=81.1s
[SCAFFOLD] round 123/200 start  selected=[0, 1, 2]
[SCAFFOLD] round 123/200 local_train done in 81.2s
[SCAFFOLD] round 123/200 done  train_acc=1.0000 test_acc=0.5925 best=0.6046@r3 avg_loss=nan eval=94.3s
[SCAFFOLD] round 124/200 start  selected=[0, 1, 2]
[SCAFFOLD] round 124/200 local_train done in 98.2s
[SCAFFOLD] round 124/200 done  train_acc=1.0000 test_acc=0.5925 best=0.6046@r3 avg_loss=nan eval=93.3s
[SCAFFOLD] round 125/200 start  selected=[0, 1, 2]
[SCAFFOLD] round 125/200 local_train done in 93.9s
[SCAFFOLD] round 125/200 done  train_acc=1.0000 test_acc=0.5925 best=0.6046@r3 avg_loss=nan eval=95.8s
[SCAFFOLD] round 126/200 start  selected=[0, 1, 2]
[SCAFFOLD] round 126/200 local_train done in 96.4s
[SCAFFOLD] round 126/200 done  train_acc=1.0000 test_acc=0.5925 best=0.6046@r3 avg_loss=nan eval=97.4s
[SCAFFOLD] round 127/200 start  selected=[0, 1, 2]
[SCAFFOLD] round 127/200 local_train done in 93.6s
[SCAFFOLD] round 127/200 done  train_acc=1.0000 test_acc=0.5921 best=0.6046@r3 avg_loss=nan eval=96.5s
[SCAFFOLD] round 128/200 start  selected=[0, 1, 2]
[SCAFFOLD] round 128/200 local_train done in 94.8s
[SCAFFOLD] round 128/200 done  train_acc=1.0000 test_acc=0.5929 best=0.6046@r3 avg_loss=nan eval=94.4s
[SCAFFOLD] round 129/200 start  selected=[0, 1, 2]
[SCAFFOLD] round 129/200 local_train done in 95.9s
[SCAFFOLD] round 129/200 done  train_acc=1.0000 test_acc=0.5921 best=0.6046@r3 avg_loss=nan eval=105.7s
[SCAFFOLD] round 130/200 start  selected=[0, 1, 2]
[SCAFFOLD] round 130/200 local_train done in 104.6s
[SCAFFOLD] round 130/200 done  train_acc=1.0000 test_acc=0.5937 best=0.6046@r3 avg_loss=nan eval=101.6s
[SCAFFOLD] round 131/200 start  selected=[0, 1, 2]
[SCAFFOLD] round 131/200 local_train done in 90.0s
[SCAFFOLD] round 131/200 done  train_acc=1.0000 test_acc=0.5933 best=0.6046@r3 avg_loss=nan eval=105.9s
[SCAFFOLD] round 132/200 start  selected=[0, 1, 2]
[SCAFFOLD] round 132/200 local_train done in 96.8s
[SCAFFOLD] round 132/200 done  train_acc=1.0000 test_acc=0.5937 best=0.6046@r3 avg_loss=nan eval=92.7s
[SCAFFOLD] round 133/200 start  selected=[0, 1, 2]
[SCAFFOLD] round 133/200 local_train done in 96.7s
[SCAFFOLD] round 133/200 done  train_acc=1.0000 test_acc=0.5925 best=0.6046@r3 avg_loss=nan eval=103.2s
[SCAFFOLD] round 134/200 start  selected=[0, 1, 2]
[SCAFFOLD] round 134/200 local_train done in 93.6s
[SCAFFOLD] round 134/200 done  train_acc=1.0000 test_acc=0.5908 best=0.6046@r3 avg_loss=nan eval=99.7s
[SCAFFOLD] round 135/200 start  selected=[0, 1, 2]
[SCAFFOLD] round 135/200 local_train done in 103.0s
[SCAFFOLD] round 135/200 done  train_acc=1.0000 test_acc=0.5912 best=0.6046@r3 avg_loss=nan eval=100.0s
[SCAFFOLD] round 136/200 start  selected=[0, 1, 2]
[SCAFFOLD] round 136/200 local_train done in 99.0s
[SCAFFOLD] round 136/200 done  train_acc=1.0000 test_acc=0.5908 best=0.6046@r3 avg_loss=nan eval=100.6s
[SCAFFOLD] round 137/200 start  selected=[0, 1, 2]
[SCAFFOLD] round 137/200 local_train done in 90.6s
[SCAFFOLD] round 137/200 done  train_acc=1.0000 test_acc=0.5916 best=0.6046@r3 avg_loss=nan eval=99.5s
[SCAFFOLD] round 138/200 start  selected=[0, 1, 2]
[SCAFFOLD] round 138/200 local_train done in 88.8s
[SCAFFOLD] round 138/200 done  train_acc=1.0000 test_acc=0.5904 best=0.6046@r3 avg_loss=nan eval=96.0s
[SCAFFOLD] round 139/200 start  selected=[0, 1, 2]
[SCAFFOLD] round 139/200 local_train done in 100.7s
[SCAFFOLD] round 139/200 done  train_acc=1.0000 test_acc=0.5908 best=0.6046@r3 avg_loss=nan eval=100.9s
[SCAFFOLD] round 140/200 start  selected=[0, 1, 2]
[SCAFFOLD] round 140/200 local_train done in 90.6s
[SCAFFOLD] round 140/200 done  train_acc=1.0000 test_acc=0.5925 best=0.6046@r3 avg_loss=nan eval=94.7s
[SCAFFOLD] round 141/200 start  selected=[0, 1, 2]
[SCAFFOLD] round 141/200 local_train done in 101.4s
[SCAFFOLD] round 141/200 done  train_acc=1.0000 test_acc=0.5904 best=0.6046@r3 avg_loss=nan eval=101.5s
[SCAFFOLD] round 142/200 start  selected=[0, 1, 2]
[SCAFFOLD] round 142/200 local_train done in 95.8s
[SCAFFOLD] round 142/200 done  train_acc=1.0000 test_acc=0.5904 best=0.6046@r3 avg_loss=nan eval=97.4s
[SCAFFOLD] round 143/200 start  selected=[0, 1, 2]
[SCAFFOLD] round 143/200 local_train done in 88.7s
[SCAFFOLD] round 143/200 done  train_acc=1.0000 test_acc=0.5896 best=0.6046@r3 avg_loss=nan eval=82.6s
[SCAFFOLD] round 144/200 start  selected=[0, 1, 2]
[SCAFFOLD] round 144/200 local_train done in 80.1s
[SCAFFOLD] round 144/200 done  train_acc=1.0000 test_acc=0.5921 best=0.6046@r3 avg_loss=nan eval=85.1s
[SCAFFOLD] round 145/200 start  selected=[0, 1, 2]
[SCAFFOLD] round 145/200 local_train done in 79.1s
[SCAFFOLD] round 145/200 done  train_acc=1.0000 test_acc=0.5916 best=0.6046@r3 avg_loss=nan eval=84.1s
[SCAFFOLD] round 146/200 start  selected=[0, 1, 2]
[SCAFFOLD] round 146/200 local_train done in 78.9s
[SCAFFOLD] round 146/200 done  train_acc=1.0000 test_acc=0.5916 best=0.6046@r3 avg_loss=nan eval=95.4s
[SCAFFOLD] round 147/200 start  selected=[0, 1, 2]
[SCAFFOLD] round 147/200 local_train done in 107.9s
[SCAFFOLD] round 147/200 done  train_acc=1.0000 test_acc=0.5916 best=0.6046@r3 avg_loss=nan eval=103.6s
[SCAFFOLD] round 148/200 start  selected=[0, 1, 2]
[SCAFFOLD] round 148/200 local_train done in 91.8s
[SCAFFOLD] round 148/200 done  train_acc=1.0000 test_acc=0.5912 best=0.6046@r3 avg_loss=nan eval=100.3s
[SCAFFOLD] round 149/200 start  selected=[0, 1, 2]
[SCAFFOLD] round 149/200 local_train done in 96.0s
[SCAFFOLD] round 149/200 done  train_acc=1.0000 test_acc=0.5908 best=0.6046@r3 avg_loss=nan eval=96.9s
[SCAFFOLD] round 150/200 start  selected=[0, 1, 2]
[SCAFFOLD] round 150/200 local_train done in 97.7s
[SCAFFOLD] round 150/200 done  train_acc=1.0000 test_acc=0.5908 best=0.6046@r3 avg_loss=nan eval=98.3s
[SCAFFOLD] checkpoint saved → ./checkpoint/resume/baseline_scaffold_LSST_2026-05-04-14har_scaffold_dir1.0.pt (round=150)
[SCAFFOLD] round 151/200 start  selected=[0, 1, 2]
[SCAFFOLD] round 151/200 local_train done in 100.1s
[SCAFFOLD] round 151/200 done  train_acc=1.0000 test_acc=0.5912 best=0.6046@r3 avg_loss=nan eval=95.9s
[SCAFFOLD] round 152/200 start  selected=[0, 1, 2]
[SCAFFOLD] round 152/200 local_train done in 97.2s
[SCAFFOLD] round 152/200 done  train_acc=1.0000 test_acc=0.5921 best=0.6046@r3 avg_loss=nan eval=104.3s
[SCAFFOLD] round 153/200 start  selected=[0, 1, 2]
[SCAFFOLD] round 153/200 local_train done in 94.7s
[SCAFFOLD] round 153/200 done  train_acc=1.0000 test_acc=0.5904 best=0.6046@r3 avg_loss=nan eval=93.1s
[SCAFFOLD] round 154/200 start  selected=[0, 1, 2]
[SCAFFOLD] round 154/200 local_train done in 88.1s
[SCAFFOLD] round 154/200 done  train_acc=1.0000 test_acc=0.5900 best=0.6046@r3 avg_loss=nan eval=100.7s
[SCAFFOLD] round 155/200 start  selected=[0, 1, 2]
[SCAFFOLD] round 155/200 local_train done in 94.6s
[SCAFFOLD] round 155/200 done  train_acc=1.0000 test_acc=0.5896 best=0.6046@r3 avg_loss=nan eval=77.3s
[SCAFFOLD] round 156/200 start  selected=[0, 1, 2]
[SCAFFOLD] round 156/200 local_train done in 106.7s
[SCAFFOLD] round 156/200 done  train_acc=1.0000 test_acc=0.5892 best=0.6046@r3 avg_loss=nan eval=102.0s
[SCAFFOLD] round 157/200 start  selected=[0, 1, 2]
[SCAFFOLD] round 157/200 local_train done in 78.8s
[SCAFFOLD] round 157/200 done  train_acc=1.0000 test_acc=0.5896 best=0.6046@r3 avg_loss=nan eval=87.0s
[SCAFFOLD] round 158/200 start  selected=[0, 1, 2]
[SCAFFOLD] round 158/200 local_train done in 98.4s
[SCAFFOLD] round 158/200 done  train_acc=1.0000 test_acc=0.5896 best=0.6046@r3 avg_loss=nan eval=100.5s
[SCAFFOLD] round 159/200 start  selected=[0, 1, 2]
[SCAFFOLD] round 159/200 local_train done in 91.1s
[SCAFFOLD] round 159/200 done  train_acc=1.0000 test_acc=0.5892 best=0.6046@r3 avg_loss=nan eval=99.5s
[SCAFFOLD] round 160/200 start  selected=[0, 1, 2]
[SCAFFOLD] round 160/200 local_train done in 92.7s
[SCAFFOLD] round 160/200 done  train_acc=1.0000 test_acc=0.5888 best=0.6046@r3 avg_loss=nan eval=93.9s
[SCAFFOLD] round 161/200 start  selected=[0, 1, 2]
[SCAFFOLD] round 161/200 local_train done in 96.6s
[SCAFFOLD] round 161/200 done  train_acc=1.0000 test_acc=0.5884 best=0.6046@r3 avg_loss=nan eval=101.7s
[SCAFFOLD] round 162/200 start  selected=[0, 1, 2]
[SCAFFOLD] round 162/200 local_train done in 101.1s
[SCAFFOLD] round 162/200 done  train_acc=1.0000 test_acc=0.5884 best=0.6046@r3 avg_loss=nan eval=104.2s
[SCAFFOLD] round 163/200 start  selected=[0, 1, 2]
[SCAFFOLD] round 163/200 local_train done in 92.6s
[SCAFFOLD] round 163/200 done  train_acc=1.0000 test_acc=0.5892 best=0.6046@r3 avg_loss=nan eval=102.0s
[SCAFFOLD] round 164/200 start  selected=[0, 1, 2]
[SCAFFOLD] round 164/200 local_train done in 95.4s
[SCAFFOLD] round 164/200 done  train_acc=1.0000 test_acc=0.5896 best=0.6046@r3 avg_loss=nan eval=93.7s
[SCAFFOLD] round 165/200 start  selected=[0, 1, 2]
[SCAFFOLD] round 165/200 local_train done in 92.5s
[SCAFFOLD] round 165/200 done  train_acc=1.0000 test_acc=0.5896 best=0.6046@r3 avg_loss=nan eval=99.5s
[SCAFFOLD] round 166/200 start  selected=[0, 1, 2]
[SCAFFOLD] round 166/200 local_train done in 98.8s
[SCAFFOLD] round 166/200 done  train_acc=1.0000 test_acc=0.5892 best=0.6046@r3 avg_loss=nan eval=100.8s
[SCAFFOLD] round 167/200 start  selected=[0, 1, 2]
[SCAFFOLD] round 167/200 local_train done in 108.2s
[SCAFFOLD] round 167/200 done  train_acc=1.0000 test_acc=0.5896 best=0.6046@r3 avg_loss=nan eval=100.1s
[SCAFFOLD] round 168/200 start  selected=[0, 1, 2]
[SCAFFOLD] round 168/200 local_train done in 95.3s
[SCAFFOLD] round 168/200 done  train_acc=1.0000 test_acc=0.5896 best=0.6046@r3 avg_loss=nan eval=95.6s
[SCAFFOLD] round 169/200 start  selected=[0, 1, 2]
[SCAFFOLD] round 169/200 local_train done in 90.2s
[SCAFFOLD] round 169/200 done  train_acc=1.0000 test_acc=0.5900 best=0.6046@r3 avg_loss=nan eval=94.9s
[SCAFFOLD] round 170/200 start  selected=[0, 1, 2]
[SCAFFOLD] round 170/200 local_train done in 97.1s
[SCAFFOLD] round 170/200 done  train_acc=1.0000 test_acc=0.5896 best=0.6046@r3 avg_loss=nan eval=98.2s
[SCAFFOLD] round 171/200 start  selected=[0, 1, 2]
[SCAFFOLD] round 171/200 local_train done in 92.9s
[SCAFFOLD] round 171/200 done  train_acc=1.0000 test_acc=0.5896 best=0.6046@r3 avg_loss=nan eval=100.3s
[SCAFFOLD] round 172/200 start  selected=[0, 1, 2]
[SCAFFOLD] round 172/200 local_train done in 100.8s
[SCAFFOLD] round 172/200 done  train_acc=1.0000 test_acc=0.5896 best=0.6046@r3 avg_loss=nan eval=107.3s
[SCAFFOLD] round 173/200 start  selected=[0, 1, 2]
[SCAFFOLD] round 173/200 local_train done in 102.8s
[SCAFFOLD] round 173/200 done  train_acc=1.0000 test_acc=0.5900 best=0.6046@r3 avg_loss=nan eval=106.3s
[SCAFFOLD] round 174/200 start  selected=[0, 1, 2]
[SCAFFOLD] round 174/200 local_train done in 87.2s
[SCAFFOLD] round 174/200 done  train_acc=1.0000 test_acc=0.5896 best=0.6046@r3 avg_loss=nan eval=98.7s
[SCAFFOLD] round 175/200 start  selected=[0, 1, 2]
[SCAFFOLD] round 175/200 local_train done in 97.5s
[SCAFFOLD] round 175/200 done  train_acc=1.0000 test_acc=0.5896 best=0.6046@r3 avg_loss=nan eval=102.2s
[SCAFFOLD] round 176/200 start  selected=[0, 1, 2]
[SCAFFOLD] round 176/200 local_train done in 86.9s
[SCAFFOLD] round 176/200 done  train_acc=1.0000 test_acc=0.5900 best=0.6046@r3 avg_loss=nan eval=95.1s
[SCAFFOLD] round 177/200 start  selected=[0, 1, 2]
[SCAFFOLD] round 177/200 local_train done in 95.3s
[SCAFFOLD] round 177/200 done  train_acc=1.0000 test_acc=0.5896 best=0.6046@r3 avg_loss=nan eval=99.0s
[SCAFFOLD] round 178/200 start  selected=[0, 1, 2]
[SCAFFOLD] round 178/200 local_train done in 99.2s
[SCAFFOLD] round 178/200 done  train_acc=1.0000 test_acc=0.5892 best=0.6046@r3 avg_loss=nan eval=99.2s
[SCAFFOLD] round 179/200 start  selected=[0, 1, 2]
[SCAFFOLD] round 179/200 local_train done in 97.8s
[SCAFFOLD] round 179/200 done  train_acc=1.0000 test_acc=0.5888 best=0.6046@r3 avg_loss=nan eval=102.6s
[SCAFFOLD] round 180/200 start  selected=[0, 1, 2]
[SCAFFOLD] round 180/200 local_train done in 89.7s
[SCAFFOLD] round 180/200 done  train_acc=1.0000 test_acc=0.5888 best=0.6046@r3 avg_loss=nan eval=93.8s
[SCAFFOLD] checkpoint saved → ./checkpoint/resume/baseline_scaffold_LSST_2026-05-04-14har_scaffold_dir1.0.pt (round=180)
[SCAFFOLD] round 181/200 start  selected=[0, 1, 2]
[SCAFFOLD] round 181/200 local_train done in 99.7s
[SCAFFOLD] round 181/200 done  train_acc=1.0000 test_acc=0.5888 best=0.6046@r3 avg_loss=nan eval=98.2s
[SCAFFOLD] round 182/200 start  selected=[0, 1, 2]
[SCAFFOLD] round 182/200 local_train done in 95.6s
[SCAFFOLD] round 182/200 done  train_acc=1.0000 test_acc=0.5892 best=0.6046@r3 avg_loss=nan eval=97.3s
[SCAFFOLD] round 183/200 start  selected=[0, 1, 2]
[SCAFFOLD] round 183/200 local_train done in 94.4s
[SCAFFOLD] round 183/200 done  train_acc=1.0000 test_acc=0.5892 best=0.6046@r3 avg_loss=nan eval=97.5s
[SCAFFOLD] round 184/200 start  selected=[0, 1, 2]
[SCAFFOLD] round 184/200 local_train done in 99.1s
[SCAFFOLD] round 184/200 done  train_acc=1.0000 test_acc=0.5892 best=0.6046@r3 avg_loss=nan eval=95.1s
[SCAFFOLD] round 185/200 start  selected=[0, 1, 2]
[SCAFFOLD] round 185/200 local_train done in 94.4s
[SCAFFOLD] round 185/200 done  train_acc=1.0000 test_acc=0.5892 best=0.6046@r3 avg_loss=nan eval=98.3s
[SCAFFOLD] round 186/200 start  selected=[0, 1, 2]
[SCAFFOLD] round 186/200 local_train done in 101.3s
[SCAFFOLD] round 186/200 done  train_acc=1.0000 test_acc=0.5896 best=0.6046@r3 avg_loss=nan eval=94.7s
[SCAFFOLD] round 187/200 start  selected=[0, 1, 2]
[SCAFFOLD] round 187/200 local_train done in 89.5s
[SCAFFOLD] round 187/200 done  train_acc=1.0000 test_acc=0.5896 best=0.6046@r3 avg_loss=nan eval=100.5s
[SCAFFOLD] round 188/200 start  selected=[0, 1, 2]
[SCAFFOLD] round 188/200 local_train done in 88.5s
[SCAFFOLD] round 188/200 done  train_acc=1.0000 test_acc=0.5896 best=0.6046@r3 avg_loss=nan eval=99.6s
[SCAFFOLD] round 189/200 start  selected=[0, 1, 2]
[SCAFFOLD] round 189/200 local_train done in 96.0s
[SCAFFOLD] round 189/200 done  train_acc=1.0000 test_acc=0.5900 best=0.6046@r3 avg_loss=nan eval=95.3s
[SCAFFOLD] round 190/200 start  selected=[0, 1, 2]
[SCAFFOLD] round 190/200 local_train done in 102.9s
[SCAFFOLD] round 190/200 done  train_acc=1.0000 test_acc=0.5900 best=0.6046@r3 avg_loss=nan eval=87.3s
[SCAFFOLD] round 191/200 start  selected=[0, 1, 2]
[SCAFFOLD] round 191/200 local_train done in 77.0s
[SCAFFOLD] round 191/200 done  train_acc=1.0000 test_acc=0.5900 best=0.6046@r3 avg_loss=nan eval=96.0s
[SCAFFOLD] round 192/200 start  selected=[0, 1, 2]
[SCAFFOLD] round 192/200 local_train done in 97.2s
[SCAFFOLD] round 192/200 done  train_acc=1.0000 test_acc=0.5900 best=0.6046@r3 avg_loss=nan eval=97.3s
[SCAFFOLD] round 193/200 start  selected=[0, 1, 2]
[SCAFFOLD] round 193/200 local_train done in 90.7s
[SCAFFOLD] round 193/200 done  train_acc=1.0000 test_acc=0.5904 best=0.6046@r3 avg_loss=nan eval=96.9s
[SCAFFOLD] round 194/200 start  selected=[0, 1, 2]
[SCAFFOLD] round 194/200 local_train done in 92.0s
[SCAFFOLD] round 194/200 done  train_acc=1.0000 test_acc=0.5904 best=0.6046@r3 avg_loss=nan eval=92.8s
[SCAFFOLD] round 195/200 start  selected=[0, 1, 2]
[SCAFFOLD] round 195/200 local_train done in 98.3s
[SCAFFOLD] round 195/200 done  train_acc=1.0000 test_acc=0.5904 best=0.6046@r3 avg_loss=nan eval=80.6s
[SCAFFOLD] round 196/200 start  selected=[0, 1, 2]
[SCAFFOLD] round 196/200 local_train done in 94.5s
[SCAFFOLD] round 196/200 done  train_acc=1.0000 test_acc=0.5904 best=0.6046@r3 avg_loss=nan eval=94.1s
[SCAFFOLD] round 197/200 start  selected=[0, 1, 2]
[SCAFFOLD] round 197/200 local_train done in 96.3s
[SCAFFOLD] round 197/200 done  train_acc=1.0000 test_acc=0.5904 best=0.6046@r3 avg_loss=nan eval=97.3s
[SCAFFOLD] round 198/200 start  selected=[0, 1, 2]
[SCAFFOLD] round 198/200 local_train done in 93.0s
[SCAFFOLD] round 198/200 done  train_acc=1.0000 test_acc=0.5904 best=0.6046@r3 avg_loss=nan eval=101.4s
[SCAFFOLD] round 199/200 start  selected=[0, 1, 2]
[SCAFFOLD] round 199/200 local_train done in 91.3s
[SCAFFOLD] round 199/200 done  train_acc=1.0000 test_acc=0.5904 best=0.6046@r3 avg_loss=nan eval=104.3s
[SCAFFOLD] round 200/200 start  selected=[0, 1, 2]
[SCAFFOLD] round 200/200 local_train done in 83.5s
[SCAFFOLD] round 200/200 done  train_acc=1.0000 test_acc=0.5900 best=0.6046@r3 avg_loss=nan eval=97.1s
[SCAFFOLD] training done in 37249.8s, best round=2 best_acc=0.6046
Model saved to ./checkpoint/LSST/2026-05-04-14har_scaffold_dir1.0_LSST_model.pt
