# 2026-05-04 14:33:02  har_fedcsl-onehot-splitteacher_dir1.0  GPU=6  cwd=/data/user_lixiongfei/CSL-main
# CMD: python3 -u FedCSL_All.py -dataset HAR --config configFedCSL_OneHot_SplitTeacher.yml --dirichlet-alpha 1.0 --seed 42 --description har_fedcsl-onehot-splitteacher_dir1.0 -dataset LSST

/mnt/data/user_liangzhiyu/envs/fedcsl/lib/python3.8/site-packages/scipy/__init__.py:146: UserWarning: A NumPy version >=1.16.5 and <1.23.0 is required for this version of SciPy (detected version 1.23.5
  warnings.warn(f"A NumPy version >={np_minversion} and <{np_maxversion}"
[config] 'configFedCSL_OneHot_SplitTeacher.yml' 未找到，重定向到 'config/configFedCSL_OneHot_SplitTeacher.yml'
2459
<class 'pandas.core.frame.DataFrame'>
RangeIndex: 2459 entries, 0 to 2458
Data columns (total 7 columns):
 #   Column      Non-Null Count  Dtype 
---  ------      --------------  ----- 
 0   dim_0       2459 non-null   object
 1   dim_1       2459 non-null   object
 2   dim_2       2459 non-null   object
 3   dim_3       2459 non-null   object
 4   dim_4       2459 non-null   object
 5   dim_5       2459 non-null   object
 6   class_vals  2459 non-null   object
dtypes: object(7)
memory usage: 134.6+ KB
None
{36}
<class 'pandas.core.frame.DataFrame'>
RangeIndex: 2459 entries, 0 to 2458
Data columns (total 7 columns):
 #   Column      Non-Null Count  Dtype 
---  ------      --------------  ----- 
 0   dim_0       2459 non-null   object
 1   dim_1       2459 non-null   object
 2   dim_2       2459 non-null   object
 3   dim_3       2459 non-null   object
 4   dim_4       2459 non-null   object
 5   dim_5       2459 non-null   object
 6   class_vals  2459 non-null   object
dtypes: object(7)
memory usage: 134.6+ KB
None
[ 0  0  0 ... 13 13 13]
[   0    1    2   34   35   36   37   38   39   40   41   42   43   44
   45  157  158  159  160  161  162  163  164  165  166  167  168  169
  170  171  172  173  174  175  176  177  178  179  180  181  182  183
  184  185  186  187  188  189  190  191  192  193  194  195  196  197
  198  199  200  201  202  203  204  205  206  207  208  209  210  211
  212  213  214  215  216  217  218  219  220  221  222  223  224  225
  226  227  228  229  230  231  232  233  234  235  236  237  238  239
  240  241  242  243  244  245  246  247  248  249  250  251  252  253
  254  255  256  257  258  259  260  261  262  263  264  265  266  267
  268  269  270  271  272  273  274  275  276  277  278  279  280  281
  282  283  284  285  286  287  288  289  290  291  292  293  294  295
  296  297  298  299  300  301  302  303  304  305  306  307  308  309
  310  311  427  428  429  430  431  432  433  434  435  436  437  438
  439  440  441  442  443  444  445  446  447  448  449  450  451  452
  453  454  455  456  457  458  459  460  461  462  463  464  465  466
  467  468  469  470  471  472  473  474  475  476  477  478  479  480
  481  482  483  484  485  486  487  488  489  490  491  492  493  494
  495  496  497  498  499  500  501  502  503  504  505  506  507  508
  509  510  511  512  513  514  515  516  517  518  519  520  521  522
  523  524  525  526  527  528  529  530  531  532  533  534  535  536
  537  538  539  540  541  542  543  544  545  546  547  548  549  550
  551  552  553  554  555  556  557  558  559  560  561  562  563  564
  565  566  567  568  569  570  571  572  808  809  810  811  812  813
  814  870  877  878  879 1030 1031 1032 1033 1034 1035 1036 1037 1038
 1039 1040 1053 1054 1055 1056 1057 1058 1059 1060 1061 1062 1063 1064
 1065 1066 1067 1068 1069 1070 1071 1072 1073 1074 1075 1076 1077 1078
 1079 1080 1081 1082 1083 1084 1085 1086 1087 1088 1089 1090 1091 1092
 1093 1094 1095 1096 1097 1098 1099 1100 1101 1102 1103 1104 1105 1106
 1107 1108 1109 1110 1111 1112 1113 1114 1115 1116 1117 1118 1119 1120
 1121 1122 1123 1124 1125 1126 1127 1128 1129 1130 1131 1132 1133 1134
 1135 1136 1137 1138 1139 1140 1141 1142 1143 1144 1145 1146 1147 1148
 1149 1150 1151 1152 1153 1154 1155 1366 1367 1368 1369 1370 1371 1372
 1373 1374 1375 1376 1377 1378 1379 1380 1381 1382 1383 1384 1385 1386
 1387 1388 1389 1390 1391 1392 1393 1394 1395 1396 1397 1398 1399 1400
 1401 1402 1403 1404 1405 1406 1407 1408 1409 1410 1411 1412 1413 1414
 1415 1416 1417 1554 1555 1556 1557 1558 1559 1560 1561 1562 1563 1564
 1565 1566 1567 1568 1569 1570 1571 1572 1573 1574 1575 1576 1577 1578
 1579 1580 1581 1582 1583 1584 1585 1586 1587 1588 1589 1590 1591 1592
 1593 1594 1595 1596 1597 1598 1599 1600 1601 1602 1603 1604 1605 1606
 1607 1608 1609 1610 1611 1612 1613 1614 1615 1616 1617 1618 1619 1620
 1621 1622 1623 1624 1625 1626 1627 1628 1629 1630 1631 1632 1633 1634
 1635 1636 1637 1638 1639 1640 1641 1642 1643 1644 1645 1646 1647 1648
 1649 1650 1651 1652 1653 1654 1655 1656 1657 1658 1659 1660 1661 2331
 2332 2333 2334 2335 2336 2337 2338 2339 2340 2341 2342 2343 2344 2345
 2346 2347 2348 2349 2350 2351 2352 2353 2354 2355 2356 2357 2358 2359
 2360 2361 2362 2363 2364 2365 2366 2367 2368 2369 2370 2371 2372 2373
 2374 2375 2376 2377 2378 2379 2380 2381 2382 2383 2384 2385 2386 2408
 2409]
[0, 0, 0, 1, 1, 1, 1, 1, 1, 1, 1, 1, 1, 1, 1, 2, 2, 2, 2, 2, 2, 2, 2, 2, 2, 2, 2, 2, 2, 2, 2, 2, 2, 2, 2, 2, 2, 2, 2, 2, 2, 2, 2, 2, 2, 2, 2, 2, 2, 2, 2, 2, 2, 2, 2, 2, 2, 2, 2, 2, 2, 2, 2, 2, 2, 2, 2, 2, 2, 2, 2, 2, 2, 2, 2, 2, 2, 2, 2, 2, 2, 2, 2, 2, 2, 2, 2, 2, 2, 2, 2, 2, 2, 2, 2, 2, 2, 2, 2, 2, 2, 2, 2, 2, 2, 2, 2, 2, 2, 2, 2, 2, 2, 2, 2, 2, 2, 2, 2, 2, 2, 2, 2, 2, 2, 2, 2, 2, 2, 2, 2, 2, 2, 2, 2, 2, 2, 2, 2, 2, 2, 2, 2, 2, 2, 2, 2, 2, 2, 2, 2, 2, 2, 2, 2, 2, 2, 2, 2, 2, 2, 2, 2, 2, 2, 2, 2, 2, 2, 2, 3, 3, 3, 3, 3, 3, 3, 3, 3, 3, 3, 3, 3, 3, 3, 3, 3, 3, 3, 3, 3, 3, 3, 3, 3, 3, 3, 3, 3, 3, 3, 3, 3, 3, 3, 3, 3, 3, 3, 3, 3, 3, 3, 3, 3, 3, 3, 3, 3, 3, 3, 3, 3, 3, 3, 3, 3, 3, 3, 3, 3, 3, 3, 3, 3, 3, 3, 3, 3, 3, 3, 3, 3, 3, 3, 3, 3, 3, 3, 3, 3, 3, 3, 3, 3, 3, 3, 3, 3, 3, 3, 3, 3, 3, 3, 3, 3, 3, 3, 3, 3, 3, 3, 3, 3, 3, 3, 3, 3, 3, 3, 3, 3, 3, 3, 3, 3, 3, 3, 3, 3, 3, 3, 3, 3, 3, 3, 3, 3, 3, 3, 3, 3, 3, 3, 3, 3, 3, 3, 3, 3, 3, 3, 3, 3, 3, 4, 4, 4, 4, 4, 4, 4, 5, 6, 6, 6, 7, 7, 7, 7, 7, 7, 7, 7, 7, 7, 7, 8, 8, 8, 8, 8, 8, 8, 8, 8, 8, 8, 8, 8, 8, 8, 8, 8, 8, 8, 8, 8, 8, 8, 8, 8, 8, 8, 8, 8, 8, 8, 8, 8, 8, 8, 8, 8, 8, 8, 8, 8, 8, 8, 8, 8, 8, 8, 8, 8, 8, 8, 8, 8, 8, 8, 8, 8, 8, 8, 8, 8, 8, 8, 8, 8, 8, 8, 8, 8, 8, 8, 8, 8, 8, 8, 8, 8, 8, 8, 8, 8, 8, 8, 8, 8, 8, 8, 8, 8, 8, 8, 8, 8, 8, 8, 8, 8, 8, 8, 8, 8, 8, 8, 9, 9, 9, 9, 9, 9, 9, 9, 9, 9, 9, 9, 9, 9, 9, 9, 9, 9, 9, 9, 9, 9, 9, 9, 9, 9, 9, 9, 9, 9, 9, 9, 9, 9, 9, 9, 9, 9, 9, 9, 9, 9, 9, 9, 9, 9, 9, 9, 9, 9, 9, 9, 11, 11, 11, 11, 11, 11, 11, 11, 11, 11, 11, 11, 11, 11, 11, 11, 11, 11, 11, 11, 11, 11, 11, 11, 11, 11, 11, 11, 11, 11, 11, 11, 11, 11, 11, 11, 11, 11, 11, 11, 11, 11, 11, 11, 11, 11, 11, 11, 11, 11, 11, 11, 11, 11, 11, 11, 11, 11, 11, 11, 11, 11, 11, 11, 11, 11, 11, 11, 11, 11, 11, 11, 11, 11, 11, 11, 11, 11, 11, 11, 11, 11, 11, 11, 11, 11, 11, 11, 11, 11, 11, 11, 11, 11, 11, 11, 11, 11, 11, 11, 11, 11, 11, 11, 11, 11, 11, 11, 12, 12, 12, 12, 12, 12, 12, 12, 12, 12, 12, 12, 12, 12, 12, 12, 12, 12, 12, 12, 12, 12, 12, 12, 12, 12, 12, 12, 12, 12, 12, 12, 12, 12, 12, 12, 12, 12, 12, 12, 12, 12, 12, 12, 12, 12, 12, 12, 12, 12, 12, 12, 12, 12, 12, 12, 13, 13]
[0, 0, 0, 0, 0, 0, 0, 0, 0, 0, 0, 0, 0, 0, 0, 0, 0, 0, 0, 0, 0, 0, 0, 0, 0, 0, 1, 1, 1, 1, 1, 1, 1, 1, 1, 1, 1, 1, 1, 1, 1, 1, 1, 1, 1, 2, 2, 2, 2, 2, 2, 2, 2, 2, 2, 2, 2, 2, 2, 2, 2, 2, 2, 2, 2, 2, 2, 2, 2, 2, 2, 2, 2, 2, 2, 2, 2, 2, 2, 2, 2, 2, 2, 2, 2, 2, 2, 2, 2, 2, 2, 2, 2, 2, 2, 2, 2, 2, 2, 2, 2, 2, 2, 2, 2, 2, 2, 2, 2, 2, 2, 2, 2, 2, 2, 2, 2, 2, 2, 2, 2, 2, 2, 2, 2, 2, 2, 2, 2, 2, 2, 2, 2, 2, 2, 2, 2, 2, 2, 2, 2, 2, 2, 2, 2, 2, 2, 2, 2, 2, 2, 2, 2, 2, 2, 3, 3, 3, 3, 3, 3, 3, 3, 3, 3, 3, 3, 3, 3, 3, 3, 3, 3, 3, 3, 3, 3, 3, 3, 3, 3, 3, 3, 3, 3, 3, 3, 3, 3, 3, 3, 3, 3, 3, 3, 3, 3, 3, 3, 3, 3, 3, 3, 3, 3, 3, 3, 3, 3, 3, 4, 4, 5, 5, 5, 6, 6, 6, 6, 6, 6, 6, 6, 6, 6, 6, 6, 6, 6, 6, 6, 6, 6, 6, 6, 6, 6, 6, 6, 6, 6, 6, 6, 6, 6, 6, 6, 6, 6, 6, 6, 6, 6, 6, 6, 6, 6, 6, 6, 6, 6, 6, 6, 6, 6, 6, 6, 6, 6, 6, 6, 6, 6, 6, 6, 6, 6, 6, 6, 6, 6, 6, 6, 6, 6, 6, 6, 6, 6, 7, 7, 8, 8, 8, 8, 8, 8, 8, 8, 8, 8, 8, 8, 8, 8, 8, 8, 8, 8, 8, 8, 8, 8, 8, 8, 8, 8, 8, 8, 8, 8, 8, 8, 8, 8, 8, 8, 8, 8, 8, 8, 8, 8, 8, 8, 8, 8, 8, 8, 8, 8, 8, 8, 8, 8, 8, 8, 8, 8, 8, 8, 8, 8, 8, 8, 8, 8, 8, 8, 8, 8, 8, 8, 8, 8, 8, 8, 8, 8, 8, 8, 8, 8, 8, 8, 8, 8, 8, 8, 8, 8, 8, 8, 8, 8, 8, 8, 8, 8, 8, 8, 8, 8, 8, 8, 8, 8, 8, 8, 8, 8, 8, 8, 8, 8, 8, 8, 8, 8, 8, 8, 8, 8, 8, 8, 8, 8, 8, 8, 8, 8, 8, 8, 8, 8, 8, 8, 8, 8, 8, 8, 8, 8, 8, 8, 8, 8, 8, 8, 8, 8, 8, 8, 8, 8, 8, 8, 8, 8, 8, 8, 8, 8, 8, 8, 8, 8, 8, 8, 8, 8, 8, 8, 8, 8, 8, 8, 8, 8, 8, 8, 8, 8, 8, 8, 8, 8, 8, 8, 8, 8, 8, 8, 8, 8, 9, 9, 9, 9, 9, 9, 9, 9, 10, 10, 10, 10, 10, 10, 10, 10, 10, 10, 10, 10, 10, 10, 10, 10, 10, 10, 10, 10, 10, 10, 10, 10, 10, 10, 10, 10, 10, 10, 10, 10, 10, 10, 10, 10, 10, 10, 10, 10, 10, 10, 10, 10, 10, 10, 10, 10, 10, 10, 10, 10, 10, 10, 10, 10, 10, 10, 10, 10, 10, 10, 10, 10, 10, 11, 11, 11, 11, 11, 11, 11, 11, 11, 11, 11, 11, 11, 11, 11, 11, 11, 11, 11, 11, 11, 11, 11, 11, 11, 11, 11, 11, 11, 11, 11, 11, 11, 11, 11, 11, 11, 11, 11, 11, 11, 11, 11, 11, 11, 11, 11, 11, 11, 11, 11, 11, 11, 11, 11, 11, 11, 11, 11, 11, 11, 11, 11, 11, 11, 11, 11, 11, 11, 11, 11, 11, 11, 11, 11, 11, 11, 11, 11, 11, 11, 11, 11, 11, 11, 11, 11, 11, 11, 11, 11, 11, 11, 11, 11, 11, 11, 11, 11, 11, 11, 11, 11, 11, 11, 11, 11, 11, 11, 11, 11, 11, 11, 11, 11, 11, 11, 11, 11, 11, 11, 11, 11, 11, 11, 11, 11, 11, 11, 11, 11, 11, 11, 11, 11, 11, 11, 11, 11, 11, 11, 11, 11, 11, 11, 11, 11, 11, 11, 11, 11, 11, 11, 11, 11, 11, 11, 11, 11, 11, 11, 11, 11, 11, 11, 11, 11, 11, 11, 11, 11, 11, 11, 11, 11, 11, 11, 11, 11, 11, 11, 11, 11, 11, 11, 11, 11, 11, 11, 11, 11, 11, 11, 11, 11, 11, 11, 11, 11, 11, 11, 11, 11, 11, 11, 11, 11, 11, 11, 11, 11, 11, 11, 11, 11, 11, 11, 11, 11, 11, 11, 11, 11, 11, 11, 11, 11, 11, 11, 11, 11, 11, 11, 11, 11, 11, 11, 11, 11, 11, 11, 11, 11, 11, 11, 11, 11, 11, 11, 11, 11, 11, 11, 11, 11, 11, 11, 11, 11, 11, 11, 11, 11, 11, 11, 11, 11, 11, 11, 11, 11, 11, 11, 11, 11, 11, 11, 11, 11, 11, 11, 11, 11, 11, 11, 11, 11, 11, 11, 11, 11, 11, 11, 11, 11, 11, 11, 11, 11, 11, 11, 11, 11, 11, 11, 11, 11, 11, 11, 11, 11, 11, 11, 11, 11, 11, 11, 11, 11, 11, 11, 11, 11, 11, 11, 11, 11, 11, 11, 11, 11, 11, 11, 11, 11, 11, 11, 11, 11, 11, 11, 11, 11, 11, 11, 11, 11, 11, 11, 11, 11, 11, 11, 11, 11, 11, 11, 11, 11, 11, 11, 11, 11, 11, 11, 11, 11, 11, 11, 11, 11, 11, 11, 11, 11, 11, 11, 11, 11, 11, 11, 11, 11, 11, 11, 11, 11, 11, 11, 11, 11, 11, 11, 11, 11, 11, 11, 11, 11, 11, 11, 11, 11, 11, 11, 11, 11, 11, 11, 11, 11, 12, 12, 12, 12, 12, 12, 12, 12, 12, 12, 12, 12, 12, 12, 12, 12, 12, 12, 13, 13, 13, 13, 13, 13, 13, 13, 13, 13, 13, 13, 13, 13, 13, 13, 13, 13, 13, 13, 13, 13, 13, 13, 13, 13, 13, 13, 13, 13, 13, 13, 13, 13, 13, 13, 13, 13, 13, 13, 13]
[0, 0, 0, 0, 0, 1, 1, 1, 1, 1, 1, 1, 1, 1, 1, 1, 1, 1, 1, 1, 1, 1, 1, 1, 1, 1, 1, 1, 1, 1, 1, 1, 1, 1, 1, 1, 1, 1, 1, 1, 1, 1, 1, 1, 1, 1, 1, 1, 1, 1, 1, 1, 1, 1, 1, 1, 1, 1, 1, 1, 1, 1, 1, 1, 1, 1, 1, 1, 1, 1, 1, 1, 1, 1, 1, 1, 1, 1, 1, 1, 1, 1, 1, 1, 1, 1, 1, 1, 1, 1, 1, 1, 1, 1, 1, 1, 1, 2, 2, 2, 2, 2, 3, 3, 3, 3, 3, 3, 3, 3, 3, 3, 3, 3, 3, 3, 3, 3, 3, 3, 3, 3, 3, 3, 3, 3, 3, 3, 3, 3, 3, 3, 3, 3, 3, 3, 3, 3, 3, 3, 3, 3, 3, 3, 3, 3, 3, 3, 3, 3, 3, 3, 3, 3, 3, 3, 3, 3, 3, 3, 3, 3, 3, 3, 3, 3, 3, 3, 3, 3, 3, 3, 3, 3, 3, 3, 3, 3, 3, 3, 3, 3, 3, 3, 3, 3, 3, 3, 3, 3, 3, 3, 3, 3, 3, 3, 3, 3, 3, 3, 3, 3, 3, 3, 3, 3, 3, 3, 3, 3, 3, 3, 3, 3, 3, 3, 3, 3, 3, 3, 3, 3, 3, 3, 3, 3, 3, 3, 3, 3, 3, 3, 3, 3, 3, 3, 3, 3, 3, 3, 3, 3, 3, 3, 3, 3, 3, 3, 3, 3, 3, 3, 3, 3, 3, 3, 3, 3, 3, 3, 3, 3, 3, 3, 3, 3, 3, 3, 3, 3, 3, 3, 3, 3, 3, 3, 3, 3, 3, 3, 3, 3, 4, 4, 4, 4, 4, 4, 4, 4, 4, 4, 4, 4, 4, 4, 4, 4, 4, 4, 4, 4, 4, 4, 4, 4, 4, 4, 4, 4, 4, 4, 4, 4, 4, 4, 4, 4, 4, 4, 4, 4, 4, 4, 4, 4, 4, 4, 4, 4, 4, 4, 4, 4, 4, 5, 5, 5, 6, 6, 6, 6, 6, 6, 6, 6, 6, 6, 6, 6, 6, 6, 6, 6, 6, 6, 6, 6, 6, 6, 6, 6, 6, 6, 6, 6, 6, 6, 6, 6, 6, 6, 6, 6, 6, 6, 6, 6, 6, 6, 6, 6, 6, 6, 6, 6, 6, 6, 6, 6, 6, 6, 6, 6, 6, 6, 6, 6, 6, 6, 6, 6, 6, 6, 6, 6, 6, 6, 6, 6, 6, 6, 6, 6, 7, 7, 7, 7, 7, 7, 7, 7, 7, 7, 8, 8, 8, 8, 8, 8, 8, 8, 8, 8, 8, 8, 8, 8, 8, 8, 9, 9, 9, 9, 9, 9, 9, 9, 10, 10, 10, 10, 10, 10, 10, 10, 10, 10, 10, 10, 10, 10, 10, 10, 10, 10, 10, 10, 10, 10, 10, 10, 10, 10, 10, 10, 10, 10, 10, 10, 10, 10, 10, 10, 10, 10, 10, 10, 10, 10, 10, 10, 10, 10, 10, 10, 10, 10, 10, 10, 10, 10, 10, 11, 11, 11, 11, 11, 11, 11, 11, 11, 11, 11, 11, 11, 11, 11, 11, 11, 11, 11, 11, 11, 11, 11, 11, 11, 11, 11, 11, 11, 11, 11, 11, 11, 11, 11, 11, 11, 11, 11, 11, 11, 11, 11, 11, 11, 11, 11, 11, 11, 11, 11, 11, 11, 11, 11, 11, 11, 11, 11, 11, 11, 11, 11, 11, 11, 11, 11, 11, 11, 11, 11, 11, 11, 11, 11, 11, 11, 11, 11, 11, 11, 11, 11, 11, 11, 11, 11, 11, 11, 11, 11, 11, 11, 11, 11, 11, 11, 11, 11, 11, 11, 11, 11, 11, 11, 11, 11, 11, 11, 11, 11, 11, 11, 11, 11, 11, 11, 11, 11, 11, 11, 11, 11, 11, 11, 11, 11, 11, 11, 11, 11, 11, 11, 11, 11, 11, 11, 11, 11, 11, 11, 11, 11, 11, 11, 11, 11, 11, 11, 11, 11, 11, 11, 11, 11, 11, 11, 11, 11, 11, 11, 11, 11, 11, 11, 11, 11, 11, 11, 11, 11, 11, 11, 11, 11, 11, 11, 11, 11, 11, 11, 11, 11, 11, 11, 11, 11, 11, 11, 11, 11, 11, 11, 11, 11, 11, 11, 11, 11, 11, 11, 11, 11, 11, 11, 11, 11, 11, 11, 11, 11, 11, 11, 11, 11, 11, 11, 11, 11, 11, 11, 11, 11, 11, 11, 11, 11, 11, 11, 11, 11, 11, 11, 11, 11, 11, 11, 11, 11, 11, 11, 11, 11, 11, 11, 11, 11, 11, 11, 11, 11, 11, 11, 11, 11, 11, 11, 11, 12, 12, 12, 13, 13, 13, 13, 13, 13, 13, 13]
shapelet initialized!
All 3 clients initialized.
Server device: cuda:0
Client worker groups: [[0], [1], [2]]
Client worker devices: ['cuda:0', 'cuda:0', 'cuda:0']
客户端选择未启用，所有客户端参与聚合
[fedcsl] precomputed client scale scores once in 0.377s; planned scale coverage: [1, 1, 2, 2, 1, 1, 2, 2]
[round 0] reused planned scale coverage: [1, 1, 2, 2, 1, 1, 2, 2]
/data/user_lixiongfei/CSL-main/train.py:801: UserWarning: Creating a tensor from a list of numpy.ndarrays is extremely slow. Please consider converting the list to a single numpy.ndarray with numpy.array() before converting to a tensor. (Triggered internally at ../torch/csrc/utils/tensor_new.cpp:278.)
  X = torch.tensor(X, dtype=torch.float)
Classification: train=1.0000 test=0.5912 round=0
[round 0] timing train=82.820s distribution=1.289s agg=0.145s eval=103.502s total=187.811s
[round 1] reused planned scale coverage: [1, 1, 2, 2, 1, 1, 2, 2]
Classification: train=1.0000 test=0.5880 round=1
[round 1] timing train=143.755s distribution=0.815s agg=0.032s eval=94.553s total=239.161s
[round 2] reused planned scale coverage: [1, 1, 2, 2, 1, 1, 2, 2]
Classification: train=1.0000 test=0.5872 round=2
[round 2] timing train=142.894s distribution=1.271s agg=0.194s eval=102.752s total=247.157s
[round 3] reused planned scale coverage: [1, 1, 2, 2, 1, 1, 2, 2]
Classification: train=1.0000 test=0.5876 round=3
[round 3] timing train=149.279s distribution=0.725s agg=0.030s eval=92.394s total=242.459s
[round 4] reused planned scale coverage: [1, 1, 2, 2, 1, 1, 2, 2]
Classification: train=1.0000 test=0.5852 round=4
[round 4] timing train=120.572s distribution=0.896s agg=0.105s eval=94.754s total=216.339s
[round 5] reused planned scale coverage: [1, 1, 2, 2, 1, 1, 2, 2]
Classification: train=1.0000 test=0.5900 round=5
[round 5] timing train=148.370s distribution=0.756s agg=0.134s eval=92.507s total=241.779s
[round 6] reused planned scale coverage: [1, 1, 2, 2, 1, 1, 2, 2]
Classification: train=1.0000 test=0.5925 round=6
[round 6] timing train=148.297s distribution=1.146s agg=0.168s eval=98.566s total=248.197s
[round 7] reused planned scale coverage: [1, 1, 2, 2, 1, 1, 2, 2]
Classification: train=1.0000 test=0.5916 round=7
[round 7] timing train=153.186s distribution=0.986s agg=0.053s eval=98.691s total=252.919s
[round 8] reused planned scale coverage: [1, 1, 2, 2, 1, 1, 2, 2]
Classification: train=1.0000 test=0.5933 round=8
[round 8] timing train=145.845s distribution=0.956s agg=0.071s eval=92.951s total=239.853s
[round 9] reused planned scale coverage: [1, 1, 2, 2, 1, 1, 2, 2]
Classification: train=1.0000 test=0.5929 round=9
[round 9] timing train=142.654s distribution=0.741s agg=0.033s eval=92.106s total=235.547s
[round 10] reused planned scale coverage: [1, 1, 2, 2, 1, 1, 2, 2]
Classification: train=1.0000 test=0.5912 round=10
[round 10] timing train=147.260s distribution=0.995s agg=0.221s eval=100.206s total=248.710s
[round 11] reused planned scale coverage: [1, 1, 2, 2, 1, 1, 2, 2]
Classification: train=1.0000 test=0.5933 round=11
[round 11] timing train=150.095s distribution=1.043s agg=0.097s eval=97.543s total=248.808s
[round 12] reused planned scale coverage: [1, 1, 2, 2, 1, 1, 2, 2]
Classification: train=1.0000 test=0.5933 round=12
[round 12] timing train=142.015s distribution=0.854s agg=0.144s eval=95.806s total=238.832s
[round 13] reused planned scale coverage: [1, 1, 2, 2, 1, 1, 2, 2]
Classification: train=1.0000 test=0.5953 round=13
[round 13] timing train=146.503s distribution=0.793s agg=0.033s eval=87.770s total=235.106s
[round 14] reused planned scale coverage: [1, 1, 2, 2, 1, 1, 2, 2]
Classification: train=1.0000 test=0.5953 round=14
[round 14] timing train=146.649s distribution=0.872s agg=0.097s eval=89.676s total=237.319s
[round 15] reused planned scale coverage: [1, 1, 2, 2, 1, 1, 2, 2]
Classification: train=1.0000 test=0.5969 round=15
[round 15] timing train=147.764s distribution=1.022s agg=0.046s eval=99.691s total=248.558s
[round 16] reused planned scale coverage: [1, 1, 2, 2, 1, 1, 2, 2]
Classification: train=1.0000 test=0.5981 round=16
[round 16] timing train=149.775s distribution=1.015s agg=0.010s eval=95.769s total=246.572s
[round 17] reused planned scale coverage: [1, 1, 2, 2, 1, 1, 2, 2]
Classification: train=1.0000 test=0.5957 round=17
[round 17] timing train=147.246s distribution=0.910s agg=0.210s eval=98.714s total=247.083s
[round 18] reused planned scale coverage: [1, 1, 2, 2, 1, 1, 2, 2]
Classification: train=1.0000 test=0.5957 round=18
[round 18] timing train=148.193s distribution=1.102s agg=0.154s eval=102.301s total=251.758s
[round 19] reused planned scale coverage: [1, 1, 2, 2, 1, 1, 2, 2]
Classification: train=1.0000 test=0.5945 round=19
[round 19] timing train=153.115s distribution=0.900s agg=0.109s eval=96.817s total=250.960s
[round 20] reused planned scale coverage: [1, 1, 2, 2, 1, 1, 2, 2]
Classification: train=1.0000 test=0.5957 round=20
[round 20] timing train=151.598s distribution=1.081s agg=0.154s eval=90.299s total=243.178s
[round 21] reused planned scale coverage: [1, 1, 2, 2, 1, 1, 2, 2]
Classification: train=1.0000 test=0.5961 round=21
[round 21] timing train=145.948s distribution=1.120s agg=0.098s eval=95.501s total=242.678s
[round 22] reused planned scale coverage: [1, 1, 2, 2, 1, 1, 2, 2]
Classification: train=1.0000 test=0.5994 round=22
[round 22] timing train=144.983s distribution=1.196s agg=0.041s eval=98.283s total=244.539s
[round 23] reused planned scale coverage: [1, 1, 2, 2, 1, 1, 2, 2]
Classification: train=1.0000 test=0.6006 round=23
[round 23] timing train=142.748s distribution=1.045s agg=0.085s eval=95.057s total=238.938s
[round 24] reused planned scale coverage: [1, 1, 2, 2, 1, 1, 2, 2]
Classification: train=1.0000 test=0.5998 round=24
[round 24] timing train=150.372s distribution=0.854s agg=0.063s eval=96.020s total=247.318s
[round 25] reused planned scale coverage: [1, 1, 2, 2, 1, 1, 2, 2]
Classification: train=1.0000 test=0.5998 round=25
[round 25] timing train=142.312s distribution=0.709s agg=0.089s eval=80.332s total=223.489s
[round 26] reused planned scale coverage: [1, 1, 2, 2, 1, 1, 2, 2]
Classification: train=1.0000 test=0.6014 round=26
[round 26] timing train=151.072s distribution=0.913s agg=0.213s eval=98.339s total=250.543s
[round 27] reused planned scale coverage: [1, 1, 2, 2, 1, 1, 2, 2]
Classification: train=1.0000 test=0.6018 round=27
[round 27] timing train=153.351s distribution=1.033s agg=0.093s eval=97.315s total=251.815s
[round 28] reused planned scale coverage: [1, 1, 2, 2, 1, 1, 2, 2]
Classification: train=1.0000 test=0.6022 round=28
[round 28] timing train=150.002s distribution=0.987s agg=0.018s eval=96.083s total=247.144s
[round 29] reused planned scale coverage: [1, 1, 2, 2, 1, 1, 2, 2]
Classification: train=1.0000 test=0.6026 round=29
[round 29] timing train=145.014s distribution=1.223s agg=0.064s eval=95.143s total=241.447s
[fedcsl] checkpoint saved → ./checkpoint/resume/fedcsl_LSST_2026-05-04-14har_fedcsl-onehot-splitteacher_dir1.0.pt (round=30)
[round 30] reused planned scale coverage: [1, 1, 2, 2, 1, 1, 2, 2]
Classification: train=1.0000 test=0.6014 round=30
[round 30] timing train=157.211s distribution=1.068s agg=0.133s eval=91.682s total=250.120s
[round 31] reused planned scale coverage: [1, 1, 2, 2, 1, 1, 2, 2]
Classification: train=1.0000 test=0.6006 round=31
[round 31] timing train=144.169s distribution=1.240s agg=0.158s eval=88.247s total=233.822s
[round 32] reused planned scale coverage: [1, 1, 2, 2, 1, 1, 2, 2]
Classification: train=1.0000 test=0.5994 round=32
[round 32] timing train=146.449s distribution=0.801s agg=0.053s eval=88.996s total=236.305s
[round 33] reused planned scale coverage: [1, 1, 2, 2, 1, 1, 2, 2]
Classification: train=1.0000 test=0.6006 round=33
[round 33] timing train=137.731s distribution=1.078s agg=0.204s eval=98.404s total=237.425s
[round 34] reused planned scale coverage: [1, 1, 2, 2, 1, 1, 2, 2]
Classification: train=1.0000 test=0.6006 round=34
[round 34] timing train=143.527s distribution=1.038s agg=0.198s eval=88.387s total=233.164s
[round 35] reused planned scale coverage: [1, 1, 2, 2, 1, 1, 2, 2]
Classification: train=1.0000 test=0.6010 round=35
[round 35] timing train=146.451s distribution=1.084s agg=0.155s eval=91.454s total=239.152s
[round 36] reused planned scale coverage: [1, 1, 2, 2, 1, 1, 2, 2]
Classification: train=1.0000 test=0.6026 round=36
[round 36] timing train=149.409s distribution=1.127s agg=0.167s eval=102.374s total=253.098s
[round 37] reused planned scale coverage: [1, 1, 2, 2, 1, 1, 2, 2]
Classification: train=1.0000 test=0.6018 round=37
[round 37] timing train=150.826s distribution=0.621s agg=0.123s eval=94.420s total=246.026s
[round 38] reused planned scale coverage: [1, 1, 2, 2, 1, 1, 2, 2]
Classification: train=1.0000 test=0.6014 round=38
[round 38] timing train=144.980s distribution=0.925s agg=0.083s eval=89.377s total=235.385s
[round 39] reused planned scale coverage: [1, 1, 2, 2, 1, 1, 2, 2]
Classification: train=1.0000 test=0.6026 round=39
[round 39] timing train=144.654s distribution=0.946s agg=0.053s eval=92.439s total=238.129s
[round 40] reused planned scale coverage: [1, 1, 2, 2, 1, 1, 2, 2]
Classification: train=1.0000 test=0.6026 round=40
[round 40] timing train=149.230s distribution=0.763s agg=0.067s eval=91.369s total=241.473s
[round 41] reused planned scale coverage: [1, 1, 2, 2, 1, 1, 2, 2]
Classification: train=1.0000 test=0.6034 round=41
[round 41] timing train=148.558s distribution=1.073s agg=0.120s eval=92.994s total=242.778s
[round 42] reused planned scale coverage: [1, 1, 2, 2, 1, 1, 2, 2]
Classification: train=1.0000 test=0.6034 round=42
[round 42] timing train=151.443s distribution=0.944s agg=0.103s eval=91.701s total=244.209s
[round 43] reused planned scale coverage: [1, 1, 2, 2, 1, 1, 2, 2]
Classification: train=1.0000 test=0.6034 round=43
[round 43] timing train=144.099s distribution=0.900s agg=0.085s eval=90.029s total=235.120s
[round 44] reused planned scale coverage: [1, 1, 2, 2, 1, 1, 2, 2]
Classification: train=1.0000 test=0.6050 round=44
[round 44] timing train=146.368s distribution=0.875s agg=0.079s eval=89.528s total=236.892s
[round 45] reused planned scale coverage: [1, 1, 2, 2, 1, 1, 2, 2]
Classification: train=1.0000 test=0.6054 round=45
[round 45] timing train=149.097s distribution=0.900s agg=0.149s eval=91.561s total=241.711s
[round 46] reused planned scale coverage: [1, 1, 2, 2, 1, 1, 2, 2]
Classification: train=1.0000 test=0.6079 round=46
[round 46] timing train=151.012s distribution=1.135s agg=0.174s eval=96.983s total=249.311s
[round 47] reused planned scale coverage: [1, 1, 2, 2, 1, 1, 2, 2]
Classification: train=1.0000 test=0.6079 round=47
[round 47] timing train=144.337s distribution=0.857s agg=0.034s eval=90.885s total=236.140s
[round 48] reused planned scale coverage: [1, 1, 2, 2, 1, 1, 2, 2]
Classification: train=1.0000 test=0.6075 round=48
[round 48] timing train=146.657s distribution=0.849s agg=0.166s eval=92.409s total=240.092s
[round 49] reused planned scale coverage: [1, 1, 2, 2, 1, 1, 2, 2]
Classification: train=1.0000 test=0.6075 round=49
[round 49] timing train=146.311s distribution=0.986s agg=0.050s eval=100.806s total=248.207s
[round 50] reused planned scale coverage: [1, 1, 2, 2, 1, 1, 2, 2]
Classification: train=1.0000 test=0.6071 round=50
[round 50] timing train=150.201s distribution=0.974s agg=0.139s eval=92.710s total=244.041s
[round 51] reused planned scale coverage: [1, 1, 2, 2, 1, 1, 2, 2]
Classification: train=1.0000 test=0.6083 round=51
[round 51] timing train=146.494s distribution=0.800s agg=0.129s eval=89.277s total=236.732s
[round 52] reused planned scale coverage: [1, 1, 2, 2, 1, 1, 2, 2]
Classification: train=1.0000 test=0.6087 round=52
[round 52] timing train=143.213s distribution=1.150s agg=0.024s eval=92.137s total=236.528s
[round 53] reused planned scale coverage: [1, 1, 2, 2, 1, 1, 2, 2]
Classification: train=1.0000 test=0.6087 round=53
[round 53] timing train=153.791s distribution=1.012s agg=0.072s eval=95.017s total=249.903s
[round 54] reused planned scale coverage: [1, 1, 2, 2, 1, 1, 2, 2]
Classification: train=1.0000 test=0.6083 round=54
[round 54] timing train=141.279s distribution=1.052s agg=0.055s eval=94.703s total=237.095s
[round 55] reused planned scale coverage: [1, 1, 2, 2, 1, 1, 2, 2]
Classification: train=1.0000 test=0.6067 round=55
[round 55] timing train=144.783s distribution=1.126s agg=0.083s eval=90.067s total=236.076s
[round 56] reused planned scale coverage: [1, 1, 2, 2, 1, 1, 2, 2]
Classification: train=1.0000 test=0.6079 round=56
[round 56] timing train=132.450s distribution=0.960s agg=0.118s eval=104.241s total=237.776s
[round 57] reused planned scale coverage: [1, 1, 2, 2, 1, 1, 2, 2]
Classification: train=1.0000 test=0.6071 round=57
[round 57] timing train=144.664s distribution=1.105s agg=0.018s eval=101.139s total=246.967s
[round 58] reused planned scale coverage: [1, 1, 2, 2, 1, 1, 2, 2]
Classification: train=1.0000 test=0.6079 round=58
[round 58] timing train=148.110s distribution=1.055s agg=0.122s eval=90.837s total=240.132s
[round 59] reused planned scale coverage: [1, 1, 2, 2, 1, 1, 2, 2]
Classification: train=1.0000 test=0.6079 round=59
[round 59] timing train=147.399s distribution=1.291s agg=0.059s eval=96.796s total=245.555s
[fedcsl] checkpoint saved → ./checkpoint/resume/fedcsl_LSST_2026-05-04-14har_fedcsl-onehot-splitteacher_dir1.0.pt (round=60)
[round 60] reused planned scale coverage: [1, 1, 2, 2, 1, 1, 2, 2]
Classification: train=1.0000 test=0.6087 round=60
[round 60] timing train=143.171s distribution=0.849s agg=0.126s eval=92.699s total=236.860s
[round 61] reused planned scale coverage: [1, 1, 2, 2, 1, 1, 2, 2]
Classification: train=1.0000 test=0.6075 round=61
[round 61] timing train=147.341s distribution=0.804s agg=0.110s eval=97.435s total=245.703s
[round 62] reused planned scale coverage: [1, 1, 2, 2, 1, 1, 2, 2]
Classification: train=1.0000 test=0.6071 round=62
[round 62] timing train=130.703s distribution=0.587s agg=0.293s eval=89.190s total=220.801s
[round 63] reused planned scale coverage: [1, 1, 2, 2, 1, 1, 2, 2]
Classification: train=1.0000 test=0.6071 round=63
[round 63] timing train=141.999s distribution=1.040s agg=0.206s eval=94.706s total=237.986s
[round 64] reused planned scale coverage: [1, 1, 2, 2, 1, 1, 2, 2]
Classification: train=1.0000 test=0.6071 round=64
[round 64] timing train=147.818s distribution=1.021s agg=0.138s eval=91.560s total=240.582s
[round 65] reused planned scale coverage: [1, 1, 2, 2, 1, 1, 2, 2]
Classification: train=1.0000 test=0.6079 round=65
[round 65] timing train=151.561s distribution=1.087s agg=0.041s eval=92.964s total=245.686s
[round 66] reused planned scale coverage: [1, 1, 2, 2, 1, 1, 2, 2]
Classification: train=1.0000 test=0.6087 round=66
[round 66] timing train=149.139s distribution=0.590s agg=0.185s eval=89.506s total=239.445s
[round 67] reused planned scale coverage: [1, 1, 2, 2, 1, 1, 2, 2]
Classification: train=1.0000 test=0.6095 round=67
[round 67] timing train=145.963s distribution=0.806s agg=0.098s eval=94.791s total=241.666s
[round 68] reused planned scale coverage: [1, 1, 2, 2, 1, 1, 2, 2]
Classification: train=1.0000 test=0.6099 round=68
[round 68] timing train=151.836s distribution=0.901s agg=0.165s eval=94.671s total=247.588s
[round 69] reused planned scale coverage: [1, 1, 2, 2, 1, 1, 2, 2]
Classification: train=1.0000 test=0.6107 round=69
[round 69] timing train=145.373s distribution=1.045s agg=0.050s eval=91.936s total=238.442s
[round 70] reused planned scale coverage: [1, 1, 2, 2, 1, 1, 2, 2]
Classification: train=1.0000 test=0.6119 round=70
[round 70] timing train=152.484s distribution=0.988s agg=0.153s eval=93.223s total=246.858s
[round 71] reused planned scale coverage: [1, 1, 2, 2, 1, 1, 2, 2]
Classification: train=1.0000 test=0.6119 round=71
[round 71] timing train=147.310s distribution=0.781s agg=0.041s eval=89.880s total=238.032s
[round 72] reused planned scale coverage: [1, 1, 2, 2, 1, 1, 2, 2]
Classification: train=1.0000 test=0.6127 round=72
[round 72] timing train=149.018s distribution=0.821s agg=0.167s eval=95.016s total=245.053s
[round 73] reused planned scale coverage: [1, 1, 2, 2, 1, 1, 2, 2]
Classification: train=1.0000 test=0.6135 round=73
[round 73] timing train=148.898s distribution=0.865s agg=0.095s eval=92.629s total=242.491s
[round 74] reused planned scale coverage: [1, 1, 2, 2, 1, 1, 2, 2]
Classification: train=1.0000 test=0.6144 round=74
[round 74] timing train=149.390s distribution=0.934s agg=0.164s eval=90.469s total=240.965s
[round 75] reused planned scale coverage: [1, 1, 2, 2, 1, 1, 2, 2]
Classification: train=1.0000 test=0.6139 round=75
[round 75] timing train=147.725s distribution=1.079s agg=0.171s eval=95.081s total=244.066s
[round 76] reused planned scale coverage: [1, 1, 2, 2, 1, 1, 2, 2]
Classification: train=1.0000 test=0.6139 round=76
[round 76] timing train=147.114s distribution=0.930s agg=0.096s eval=90.437s total=238.617s
[round 77] reused planned scale coverage: [1, 1, 2, 2, 1, 1, 2, 2]
Classification: train=1.0000 test=0.6135 round=77
[round 77] timing train=148.330s distribution=1.034s agg=0.187s eval=98.869s total=248.454s
[round 78] reused planned scale coverage: [1, 1, 2, 2, 1, 1, 2, 2]
Classification: train=1.0000 test=0.6131 round=78
[round 78] timing train=148.914s distribution=1.086s agg=0.074s eval=94.412s total=244.517s
[round 79] reused planned scale coverage: [1, 1, 2, 2, 1, 1, 2, 2]
Classification: train=1.0000 test=0.6131 round=79
[round 79] timing train=146.053s distribution=1.064s agg=0.108s eval=90.460s total=237.718s
[round 80] reused planned scale coverage: [1, 1, 2, 2, 1, 1, 2, 2]
Classification: train=1.0000 test=0.6131 round=80
[round 80] timing train=143.794s distribution=0.889s agg=0.125s eval=93.527s total=238.375s
[round 81] reused planned scale coverage: [1, 1, 2, 2, 1, 1, 2, 2]
Classification: train=1.0000 test=0.6131 round=81
[round 81] timing train=143.799s distribution=1.002s agg=0.057s eval=92.127s total=237.003s
[round 82] reused planned scale coverage: [1, 1, 2, 2, 1, 1, 2, 2]
Classification: train=1.0000 test=0.6135 round=82
[round 82] timing train=149.566s distribution=1.130s agg=0.076s eval=94.411s total=245.229s
[round 83] reused planned scale coverage: [1, 1, 2, 2, 1, 1, 2, 2]
Classification: train=1.0000 test=0.6135 round=83
[round 83] timing train=144.095s distribution=1.171s agg=0.195s eval=83.909s total=229.408s
[round 84] reused planned scale coverage: [1, 1, 2, 2, 1, 1, 2, 2]
Classification: train=1.0000 test=0.6127 round=84
[round 84] timing train=143.620s distribution=1.005s agg=0.096s eval=93.490s total=238.240s
[round 85] reused planned scale coverage: [1, 1, 2, 2, 1, 1, 2, 2]
Classification: train=1.0000 test=0.6127 round=85
[round 85] timing train=143.085s distribution=0.934s agg=0.046s eval=94.776s total=238.869s
[round 86] reused planned scale coverage: [1, 1, 2, 2, 1, 1, 2, 2]
Classification: train=1.0000 test=0.6131 round=86
[round 86] timing train=129.028s distribution=0.950s agg=0.062s eval=94.207s total=224.258s
[round 87] reused planned scale coverage: [1, 1, 2, 2, 1, 1, 2, 2]
Classification: train=1.0000 test=0.6135 round=87
[round 87] timing train=145.334s distribution=0.965s agg=0.125s eval=92.826s total=239.287s
[round 88] reused planned scale coverage: [1, 1, 2, 2, 1, 1, 2, 2]
Classification: train=1.0000 test=0.6135 round=88
[round 88] timing train=145.515s distribution=1.251s agg=0.170s eval=96.911s total=243.900s
[round 89] reused planned scale coverage: [1, 1, 2, 2, 1, 1, 2, 2]
Classification: train=1.0000 test=0.6139 round=89
[round 89] timing train=147.839s distribution=0.963s agg=0.100s eval=92.284s total=241.226s
[fedcsl] checkpoint saved → ./checkpoint/resume/fedcsl_LSST_2026-05-04-14har_fedcsl-onehot-splitteacher_dir1.0.pt (round=90)
[round 90] reused planned scale coverage: [1, 1, 2, 2, 1, 1, 2, 2]
Classification: train=1.0000 test=0.6135 round=90
[round 90] timing train=145.426s distribution=1.019s agg=0.145s eval=96.547s total=243.145s
[round 91] reused planned scale coverage: [1, 1, 2, 2, 1, 1, 2, 2]
Classification: train=1.0000 test=0.6139 round=91
[round 91] timing train=145.635s distribution=1.000s agg=0.028s eval=89.130s total=235.803s
[round 92] reused planned scale coverage: [1, 1, 2, 2, 1, 1, 2, 2]
Classification: train=1.0000 test=0.6131 round=92
[round 92] timing train=118.391s distribution=0.914s agg=0.311s eval=89.116s total=208.763s
[round 93] reused planned scale coverage: [1, 1, 2, 2, 1, 1, 2, 2]
Classification: train=1.0000 test=0.6119 round=93
[round 93] timing train=147.532s distribution=0.964s agg=0.151s eval=94.718s total=243.385s
[round 94] reused planned scale coverage: [1, 1, 2, 2, 1, 1, 2, 2]
Classification: train=1.0000 test=0.6123 round=94
[round 94] timing train=153.612s distribution=1.251s agg=0.028s eval=97.247s total=252.158s
[round 95] reused planned scale coverage: [1, 1, 2, 2, 1, 1, 2, 2]
Classification: train=1.0000 test=0.6119 round=95
[round 95] timing train=154.126s distribution=1.177s agg=0.119s eval=100.233s total=255.665s
[round 96] reused planned scale coverage: [1, 1, 2, 2, 1, 1, 2, 2]
Classification: train=1.0000 test=0.6131 round=96
[round 96] timing train=148.742s distribution=0.819s agg=0.021s eval=98.617s total=248.228s
[round 97] reused planned scale coverage: [1, 1, 2, 2, 1, 1, 2, 2]
Classification: train=1.0000 test=0.6127 round=97
[round 97] timing train=152.579s distribution=1.048s agg=0.107s eval=101.716s total=255.479s
[round 98] reused planned scale coverage: [1, 1, 2, 2, 1, 1, 2, 2]
Classification: train=1.0000 test=0.6127 round=98
[round 98] timing train=144.892s distribution=1.218s agg=0.069s eval=101.171s total=247.386s
[round 99] reused planned scale coverage: [1, 1, 2, 2, 1, 1, 2, 2]
Classification: train=1.0000 test=0.6127 round=99
[round 99] timing train=158.426s distribution=0.873s agg=0.151s eval=97.287s total=256.754s
[round 100] reused planned scale coverage: [1, 1, 2, 2, 1, 1, 2, 2]
Classification: train=1.0000 test=0.6127 round=100
[round 100] timing train=149.159s distribution=0.904s agg=0.163s eval=109.899s total=260.148s
[round 101] reused planned scale coverage: [1, 1, 2, 2, 1, 1, 2, 2]
Classification: train=1.0000 test=0.6127 round=101
[round 101] timing train=150.150s distribution=0.867s agg=0.103s eval=97.131s total=248.281s
[round 102] reused planned scale coverage: [1, 1, 2, 2, 1, 1, 2, 2]
Classification: train=1.0000 test=0.6131 round=102
[round 102] timing train=151.358s distribution=1.006s agg=0.171s eval=100.637s total=253.204s
[round 103] reused planned scale coverage: [1, 1, 2, 2, 1, 1, 2, 2]
Classification: train=1.0000 test=0.6135 round=103
[round 103] timing train=152.001s distribution=1.107s agg=0.035s eval=99.314s total=252.487s
[round 104] reused planned scale coverage: [1, 1, 2, 2, 1, 1, 2, 2]
Classification: train=1.0000 test=0.6131 round=104
[round 104] timing train=151.425s distribution=0.704s agg=0.091s eval=98.182s total=250.416s
[round 105] reused planned scale coverage: [1, 1, 2, 2, 1, 1, 2, 2]
Classification: train=1.0000 test=0.6131 round=105
[round 105] timing train=156.788s distribution=1.247s agg=0.073s eval=102.739s total=260.857s
[round 106] reused planned scale coverage: [1, 1, 2, 2, 1, 1, 2, 2]
Classification: train=1.0000 test=0.6139 round=106
[round 106] timing train=150.225s distribution=1.026s agg=0.053s eval=100.984s total=252.307s
[round 107] reused planned scale coverage: [1, 1, 2, 2, 1, 1, 2, 2]
Classification: train=1.0000 test=0.6148 round=107
[round 107] timing train=156.783s distribution=1.203s agg=0.030s eval=102.690s total=260.722s
[round 108] reused planned scale coverage: [1, 1, 2, 2, 1, 1, 2, 2]
Classification: train=1.0000 test=0.6139 round=108
[round 108] timing train=153.285s distribution=0.995s agg=0.150s eval=92.067s total=246.503s
[round 109] reused planned scale coverage: [1, 1, 2, 2, 1, 1, 2, 2]
Classification: train=1.0000 test=0.6139 round=109
[round 109] timing train=150.253s distribution=1.160s agg=0.119s eval=96.648s total=248.220s
[round 110] reused planned scale coverage: [1, 1, 2, 2, 1, 1, 2, 2]
Classification: train=1.0000 test=0.6123 round=110
[round 110] timing train=150.869s distribution=0.955s agg=0.109s eval=97.498s total=249.442s
[round 111] reused planned scale coverage: [1, 1, 2, 2, 1, 1, 2, 2]
Classification: train=1.0000 test=0.6123 round=111
[round 111] timing train=157.464s distribution=0.984s agg=0.126s eval=108.288s total=266.873s
[round 112] reused planned scale coverage: [1, 1, 2, 2, 1, 1, 2, 2]
Classification: train=1.0000 test=0.6119 round=112
[round 112] timing train=153.233s distribution=1.141s agg=0.095s eval=99.805s total=254.289s
[round 113] reused planned scale coverage: [1, 1, 2, 2, 1, 1, 2, 2]
Classification: train=1.0000 test=0.6123 round=113
[round 113] timing train=151.124s distribution=0.925s agg=0.158s eval=98.869s total=251.109s
[round 114] reused planned scale coverage: [1, 1, 2, 2, 1, 1, 2, 2]
Classification: train=1.0000 test=0.6135 round=114
[round 114] timing train=151.291s distribution=0.927s agg=0.116s eval=94.768s total=247.135s
[round 115] reused planned scale coverage: [1, 1, 2, 2, 1, 1, 2, 2]
Classification: train=1.0000 test=0.6127 round=115
[round 115] timing train=157.880s distribution=0.862s agg=0.120s eval=98.788s total=257.700s
[round 116] reused planned scale coverage: [1, 1, 2, 2, 1, 1, 2, 2]
Classification: train=1.0000 test=0.6139 round=116
[round 116] timing train=153.272s distribution=1.231s agg=0.184s eval=91.948s total=246.641s
[round 117] reused planned scale coverage: [1, 1, 2, 2, 1, 1, 2, 2]
Classification: train=1.0000 test=0.6131 round=117
[round 117] timing train=134.765s distribution=1.142s agg=0.222s eval=89.143s total=225.285s
[round 118] reused planned scale coverage: [1, 1, 2, 2, 1, 1, 2, 2]
Classification: train=1.0000 test=0.6131 round=118
[round 118] timing train=143.586s distribution=0.685s agg=0.202s eval=88.026s total=232.538s
[round 119] reused planned scale coverage: [1, 1, 2, 2, 1, 1, 2, 2]
Classification: train=1.0000 test=0.6135 round=119
[round 119] timing train=154.452s distribution=1.206s agg=0.057s eval=101.038s total=256.773s
[fedcsl] checkpoint saved → ./checkpoint/resume/fedcsl_LSST_2026-05-04-14har_fedcsl-onehot-splitteacher_dir1.0.pt (round=120)
[round 120] reused planned scale coverage: [1, 1, 2, 2, 1, 1, 2, 2]
Classification: train=1.0000 test=0.6131 round=120
[round 120] timing train=150.962s distribution=0.935s agg=0.129s eval=94.416s total=246.461s
[round 121] reused planned scale coverage: [1, 1, 2, 2, 1, 1, 2, 2]
Classification: train=1.0000 test=0.6139 round=121
[round 121] timing train=150.148s distribution=1.156s agg=0.065s eval=95.674s total=247.058s
[round 122] reused planned scale coverage: [1, 1, 2, 2, 1, 1, 2, 2]
Classification: train=1.0000 test=0.6139 round=122
[round 122] timing train=148.846s distribution=1.155s agg=0.040s eval=107.575s total=257.685s
[round 123] reused planned scale coverage: [1, 1, 2, 2, 1, 1, 2, 2]
Classification: train=1.0000 test=0.6148 round=123
[round 123] timing train=153.278s distribution=0.865s agg=0.107s eval=99.353s total=253.632s
[round 124] reused planned scale coverage: [1, 1, 2, 2, 1, 1, 2, 2]
Classification: train=1.0000 test=0.6139 round=124
[round 124] timing train=149.493s distribution=1.167s agg=0.079s eval=100.085s total=250.856s
[round 125] reused planned scale coverage: [1, 1, 2, 2, 1, 1, 2, 2]
Classification: train=1.0000 test=0.6139 round=125
[round 125] timing train=153.095s distribution=0.898s agg=0.214s eval=101.838s total=256.062s
[round 126] reused planned scale coverage: [1, 1, 2, 2, 1, 1, 2, 2]
Classification: train=1.0000 test=0.6131 round=126
[round 126] timing train=150.454s distribution=1.123s agg=0.057s eval=94.831s total=246.498s
[round 127] reused planned scale coverage: [1, 1, 2, 2, 1, 1, 2, 2]
Classification: train=1.0000 test=0.6131 round=127
[round 127] timing train=152.670s distribution=0.826s agg=0.158s eval=100.677s total=254.364s
[round 128] reused planned scale coverage: [1, 1, 2, 2, 1, 1, 2, 2]
Classification: train=1.0000 test=0.6139 round=128
[round 128] timing train=152.324s distribution=0.985s agg=0.139s eval=102.957s total=256.452s
[round 129] reused planned scale coverage: [1, 1, 2, 2, 1, 1, 2, 2]
Classification: train=1.0000 test=0.6135 round=129
[round 129] timing train=151.981s distribution=1.191s agg=0.184s eval=102.187s total=255.552s
[round 130] reused planned scale coverage: [1, 1, 2, 2, 1, 1, 2, 2]
Classification: train=1.0000 test=0.6135 round=130
[round 130] timing train=155.423s distribution=0.933s agg=0.135s eval=98.830s total=255.339s
[round 131] reused planned scale coverage: [1, 1, 2, 2, 1, 1, 2, 2]
Classification: train=1.0000 test=0.6131 round=131
[round 131] timing train=156.787s distribution=1.199s agg=0.251s eval=100.059s total=258.334s
[round 132] reused planned scale coverage: [1, 1, 2, 2, 1, 1, 2, 2]
Classification: train=1.0000 test=0.6127 round=132
[round 132] timing train=153.280s distribution=1.046s agg=0.096s eval=102.764s total=257.244s
[round 133] reused planned scale coverage: [1, 1, 2, 2, 1, 1, 2, 2]
Classification: train=1.0000 test=0.6119 round=133
[round 133] timing train=152.604s distribution=1.023s agg=0.154s eval=98.354s total=252.150s
[round 134] reused planned scale coverage: [1, 1, 2, 2, 1, 1, 2, 2]
Classification: train=1.0000 test=0.6119 round=134
[round 134] timing train=154.474s distribution=1.191s agg=0.041s eval=97.859s total=253.574s
[round 135] reused planned scale coverage: [1, 1, 2, 2, 1, 1, 2, 2]
Classification: train=1.0000 test=0.6115 round=135
[round 135] timing train=151.361s distribution=0.964s agg=0.113s eval=97.838s total=250.283s
[round 136] reused planned scale coverage: [1, 1, 2, 2, 1, 1, 2, 2]
Classification: train=1.0000 test=0.6115 round=136
[round 136] timing train=151.458s distribution=1.049s agg=0.148s eval=100.263s total=252.943s
[round 137] reused planned scale coverage: [1, 1, 2, 2, 1, 1, 2, 2]
Classification: train=1.0000 test=0.6115 round=137
[round 137] timing train=155.212s distribution=1.188s agg=0.224s eval=96.722s total=253.388s
[round 138] reused planned scale coverage: [1, 1, 2, 2, 1, 1, 2, 2]
Classification: train=1.0000 test=0.6119 round=138
[round 138] timing train=151.450s distribution=1.169s agg=0.071s eval=92.631s total=245.360s
[round 139] reused planned scale coverage: [1, 1, 2, 2, 1, 1, 2, 2]
Classification: train=1.0000 test=0.6115 round=139
[round 139] timing train=151.507s distribution=1.123s agg=0.022s eval=99.373s total=252.074s
[round 140] reused planned scale coverage: [1, 1, 2, 2, 1, 1, 2, 2]
Classification: train=1.0000 test=0.6111 round=140
[round 140] timing train=150.775s distribution=0.732s agg=0.046s eval=91.827s total=243.397s
[round 141] reused planned scale coverage: [1, 1, 2, 2, 1, 1, 2, 2]
Classification: train=1.0000 test=0.6115 round=141
[round 141] timing train=148.756s distribution=1.096s agg=0.088s eval=92.612s total=242.585s
[round 142] reused planned scale coverage: [1, 1, 2, 2, 1, 1, 2, 2]
Classification: train=1.0000 test=0.6111 round=142
[round 142] timing train=152.148s distribution=1.092s agg=0.141s eval=101.568s total=254.957s
[round 143] reused planned scale coverage: [1, 1, 2, 2, 1, 1, 2, 2]
Classification: train=1.0000 test=0.6103 round=143
[round 143] timing train=150.184s distribution=1.143s agg=0.096s eval=95.587s total=247.020s
[round 144] reused planned scale coverage: [1, 1, 2, 2, 1, 1, 2, 2]
Classification: train=1.0000 test=0.6103 round=144
[round 144] timing train=134.433s distribution=1.091s agg=0.340s eval=85.855s total=221.730s
[round 145] reused planned scale coverage: [1, 1, 2, 2, 1, 1, 2, 2]
Classification: train=1.0000 test=0.6103 round=145
[round 145] timing train=147.207s distribution=1.199s agg=0.191s eval=98.658s total=247.288s
[round 146] reused planned scale coverage: [1, 1, 2, 2, 1, 1, 2, 2]
Classification: train=1.0000 test=0.6099 round=146
[round 146] timing train=149.132s distribution=0.995s agg=0.186s eval=98.200s total=248.521s
[round 147] reused planned scale coverage: [1, 1, 2, 2, 1, 1, 2, 2]
Classification: train=1.0000 test=0.6099 round=147
[round 147] timing train=153.447s distribution=1.054s agg=0.170s eval=94.253s total=248.943s
[round 148] reused planned scale coverage: [1, 1, 2, 2, 1, 1, 2, 2]
Classification: train=1.0000 test=0.6103 round=148
[round 148] timing train=139.793s distribution=1.038s agg=0.161s eval=98.262s total=239.263s
[round 149] reused planned scale coverage: [1, 1, 2, 2, 1, 1, 2, 2]
Classification: train=1.0000 test=0.6103 round=149
[round 149] timing train=147.062s distribution=0.874s agg=0.203s eval=95.410s total=243.588s
[fedcsl] checkpoint saved → ./checkpoint/resume/fedcsl_LSST_2026-05-04-14har_fedcsl-onehot-splitteacher_dir1.0.pt (round=150)
[round 150] reused planned scale coverage: [1, 1, 2, 2, 1, 1, 2, 2]
Classification: train=1.0000 test=0.6103 round=150
[round 150] timing train=146.261s distribution=1.090s agg=0.139s eval=99.615s total=247.143s
[round 151] reused planned scale coverage: [1, 1, 2, 2, 1, 1, 2, 2]
Classification: train=1.0000 test=0.6111 round=151
[round 151] timing train=153.352s distribution=1.020s agg=0.057s eval=96.101s total=250.556s
[round 152] reused planned scale coverage: [1, 1, 2, 2, 1, 1, 2, 2]
Classification: train=1.0000 test=0.6107 round=152
[round 152] timing train=145.647s distribution=0.945s agg=0.138s eval=93.741s total=240.487s
[round 153] reused planned scale coverage: [1, 1, 2, 2, 1, 1, 2, 2]
Classification: train=1.0000 test=0.6103 round=153
[round 153] timing train=147.548s distribution=0.959s agg=0.101s eval=92.933s total=241.554s
[round 154] reused planned scale coverage: [1, 1, 2, 2, 1, 1, 2, 2]
Classification: train=1.0000 test=0.6099 round=154
[round 154] timing train=149.124s distribution=0.962s agg=0.033s eval=105.209s total=255.351s
[round 155] reused planned scale coverage: [1, 1, 2, 2, 1, 1, 2, 2]
Classification: train=1.0000 test=0.6103 round=155
[round 155] timing train=153.778s distribution=1.095s agg=0.021s eval=96.736s total=251.647s
[round 156] reused planned scale coverage: [1, 1, 2, 2, 1, 1, 2, 2]
Classification: train=1.0000 test=0.6103 round=156
[round 156] timing train=146.809s distribution=0.953s agg=0.107s eval=93.260s total=241.153s
[round 157] reused planned scale coverage: [1, 1, 2, 2, 1, 1, 2, 2]
Classification: train=1.0000 test=0.6099 round=157
[round 157] timing train=149.407s distribution=0.616s agg=0.138s eval=93.281s total=243.472s
[round 158] reused planned scale coverage: [1, 1, 2, 2, 1, 1, 2, 2]
Classification: train=1.0000 test=0.6091 round=158
[round 158] timing train=151.898s distribution=0.953s agg=0.039s eval=100.842s total=253.751s
[round 159] reused planned scale coverage: [1, 1, 2, 2, 1, 1, 2, 2]
Classification: train=1.0000 test=0.6091 round=159
[round 159] timing train=150.368s distribution=0.952s agg=0.127s eval=94.894s total=246.372s
[round 160] reused planned scale coverage: [1, 1, 2, 2, 1, 1, 2, 2]
Classification: train=1.0000 test=0.6095 round=160
[round 160] timing train=145.850s distribution=0.807s agg=0.155s eval=94.011s total=240.828s
[round 161] reused planned scale coverage: [1, 1, 2, 2, 1, 1, 2, 2]
Classification: train=1.0000 test=0.6099 round=161
[round 161] timing train=145.198s distribution=0.958s agg=0.117s eval=102.407s total=248.709s
[round 162] reused planned scale coverage: [1, 1, 2, 2, 1, 1, 2, 2]
Classification: train=1.0000 test=0.6095 round=162
[round 162] timing train=151.901s distribution=0.814s agg=0.140s eval=89.349s total=242.232s
[round 163] reused planned scale coverage: [1, 1, 2, 2, 1, 1, 2, 2]
Classification: train=1.0000 test=0.6087 round=163
[round 163] timing train=152.969s distribution=0.930s agg=0.053s eval=96.044s total=250.006s
[round 164] reused planned scale coverage: [1, 1, 2, 2, 1, 1, 2, 2]
Classification: train=1.0000 test=0.6091 round=164
[round 164] timing train=153.029s distribution=1.020s agg=0.066s eval=96.464s total=250.603s
[round 165] reused planned scale coverage: [1, 1, 2, 2, 1, 1, 2, 2]
Classification: train=1.0000 test=0.6103 round=165
[round 165] timing train=152.806s distribution=0.972s agg=0.203s eval=100.184s total=254.197s
[round 166] reused planned scale coverage: [1, 1, 2, 2, 1, 1, 2, 2]
Classification: train=1.0000 test=0.6099 round=166
[round 166] timing train=147.256s distribution=1.006s agg=0.107s eval=93.826s total=242.235s
[round 167] reused planned scale coverage: [1, 1, 2, 2, 1, 1, 2, 2]
Classification: train=1.0000 test=0.6103 round=167
[round 167] timing train=151.884s distribution=0.984s agg=0.029s eval=93.205s total=246.115s
[round 168] reused planned scale coverage: [1, 1, 2, 2, 1, 1, 2, 2]
Classification: train=1.0000 test=0.6103 round=168
[round 168] timing train=148.313s distribution=0.931s agg=0.149s eval=93.005s total=242.447s
[round 169] reused planned scale coverage: [1, 1, 2, 2, 1, 1, 2, 2]
Classification: train=1.0000 test=0.6103 round=169
[round 169] timing train=149.008s distribution=0.840s agg=0.133s eval=97.457s total=247.497s
[round 170] reused planned scale coverage: [1, 1, 2, 2, 1, 1, 2, 2]
Classification: train=1.0000 test=0.6107 round=170
[round 170] timing train=146.758s distribution=0.947s agg=0.126s eval=83.976s total=231.814s
[round 171] reused planned scale coverage: [1, 1, 2, 2, 1, 1, 2, 2]
Classification: train=1.0000 test=0.6107 round=171
[round 171] timing train=122.281s distribution=1.053s agg=0.023s eval=99.510s total=222.917s
[round 172] reused planned scale coverage: [1, 1, 2, 2, 1, 1, 2, 2]
Classification: train=1.0000 test=0.6119 round=172
[round 172] timing train=146.729s distribution=1.013s agg=0.142s eval=98.783s total=246.703s
[round 173] reused planned scale coverage: [1, 1, 2, 2, 1, 1, 2, 2]
Classification: train=1.0000 test=0.6123 round=173
[round 173] timing train=149.163s distribution=1.001s agg=0.218s eval=92.615s total=243.041s
[round 174] reused planned scale coverage: [1, 1, 2, 2, 1, 1, 2, 2]
Classification: train=1.0000 test=0.6123 round=174
[round 174] timing train=149.167s distribution=0.972s agg=0.084s eval=92.883s total=243.121s
[round 175] reused planned scale coverage: [1, 1, 2, 2, 1, 1, 2, 2]
Classification: train=1.0000 test=0.6123 round=175
[round 175] timing train=149.697s distribution=1.008s agg=0.122s eval=97.064s total=247.904s
[round 176] reused planned scale coverage: [1, 1, 2, 2, 1, 1, 2, 2]
Classification: train=1.0000 test=0.6127 round=176
[round 176] timing train=145.941s distribution=0.844s agg=0.103s eval=95.470s total=242.374s
[round 177] reused planned scale coverage: [1, 1, 2, 2, 1, 1, 2, 2]
Classification: train=1.0000 test=0.6123 round=177
[round 177] timing train=147.058s distribution=1.017s agg=0.157s eval=92.839s total=241.116s
[round 178] reused planned scale coverage: [1, 1, 2, 2, 1, 1, 2, 2]
Classification: train=1.0000 test=0.6115 round=178
[round 178] timing train=143.116s distribution=0.989s agg=0.169s eval=85.384s total=229.670s
[round 179] reused planned scale coverage: [1, 1, 2, 2, 1, 1, 2, 2]
Classification: train=1.0000 test=0.6123 round=179
[round 179] timing train=138.244s distribution=0.975s agg=0.109s eval=92.999s total=232.340s
[fedcsl] checkpoint saved → ./checkpoint/resume/fedcsl_LSST_2026-05-04-14har_fedcsl-onehot-splitteacher_dir1.0.pt (round=180)
[round 180] reused planned scale coverage: [1, 1, 2, 2, 1, 1, 2, 2]
Classification: train=1.0000 test=0.6127 round=180
[round 180] timing train=152.816s distribution=0.951s agg=0.102s eval=95.733s total=249.613s
[round 181] reused planned scale coverage: [1, 1, 2, 2, 1, 1, 2, 2]
Classification: train=1.0000 test=0.6127 round=181
[round 181] timing train=146.898s distribution=0.971s agg=0.178s eval=96.912s total=244.976s
[round 182] reused planned scale coverage: [1, 1, 2, 2, 1, 1, 2, 2]
Classification: train=1.0000 test=0.6127 round=182
[round 182] timing train=148.268s distribution=0.983s agg=0.163s eval=94.063s total=243.492s
[round 183] reused planned scale coverage: [1, 1, 2, 2, 1, 1, 2, 2]
Classification: train=1.0000 test=0.6135 round=183
[round 183] timing train=145.961s distribution=1.111s agg=0.048s eval=99.317s total=246.448s
[round 184] reused planned scale coverage: [1, 1, 2, 2, 1, 1, 2, 2]
Classification: train=1.0000 test=0.6123 round=184
[round 184] timing train=144.260s distribution=1.096s agg=0.079s eval=94.406s total=239.884s
[round 185] reused planned scale coverage: [1, 1, 2, 2, 1, 1, 2, 2]
Classification: train=1.0000 test=0.6119 round=185
[round 185] timing train=140.898s distribution=1.162s agg=0.035s eval=92.108s total=234.241s
[round 186] reused planned scale coverage: [1, 1, 2, 2, 1, 1, 2, 2]
Classification: train=1.0000 test=0.6131 round=186
[round 186] timing train=145.017s distribution=0.843s agg=0.091s eval=97.357s total=243.340s
[round 187] reused planned scale coverage: [1, 1, 2, 2, 1, 1, 2, 2]
Classification: train=1.0000 test=0.6131 round=187
[round 187] timing train=150.462s distribution=1.051s agg=0.059s eval=96.934s total=248.553s
[round 188] reused planned scale coverage: [1, 1, 2, 2, 1, 1, 2, 2]
Classification: train=1.0000 test=0.6135 round=188
[round 188] timing train=145.885s distribution=0.871s agg=0.160s eval=90.794s total=237.719s
[round 189] reused planned scale coverage: [1, 1, 2, 2, 1, 1, 2, 2]
Classification: train=1.0000 test=0.6127 round=189
[round 189] timing train=145.251s distribution=0.970s agg=0.122s eval=92.767s total=239.175s
[round 190] reused planned scale coverage: [1, 1, 2, 2, 1, 1, 2, 2]
Classification: train=1.0000 test=0.6131 round=190
[round 190] timing train=147.160s distribution=0.992s agg=0.084s eval=100.581s total=248.846s
[round 191] reused planned scale coverage: [1, 1, 2, 2, 1, 1, 2, 2]
Classification: train=1.0000 test=0.6131 round=191
[round 191] timing train=143.313s distribution=1.140s agg=0.023s eval=98.765s total=243.292s
[round 192] reused planned scale coverage: [1, 1, 2, 2, 1, 1, 2, 2]
Classification: train=1.0000 test=0.6135 round=192
[round 192] timing train=146.146s distribution=1.075s agg=0.129s eval=91.106s total=238.512s
[round 193] reused planned scale coverage: [1, 1, 2, 2, 1, 1, 2, 2]
Classification: train=1.0000 test=0.6135 round=193
[round 193] timing train=144.474s distribution=0.795s agg=0.069s eval=92.610s total=237.955s
[round 194] reused planned scale coverage: [1, 1, 2, 2, 1, 1, 2, 2]
Classification: train=1.0000 test=0.6135 round=194
[round 194] timing train=142.051s distribution=0.932s agg=0.130s eval=94.635s total=237.779s
[round 195] reused planned scale coverage: [1, 1, 2, 2, 1, 1, 2, 2]
Classification: train=1.0000 test=0.6139 round=195
[round 195] timing train=144.075s distribution=0.945s agg=0.205s eval=93.164s total=238.437s
[round 196] reused planned scale coverage: [1, 1, 2, 2, 1, 1, 2, 2]
Classification: train=1.0000 test=0.6139 round=196
[round 196] timing train=151.922s distribution=0.924s agg=0.051s eval=89.302s total=242.205s
[round 197] reused planned scale coverage: [1, 1, 2, 2, 1, 1, 2, 2]
Classification: train=1.0000 test=0.6139 round=197
[round 197] timing train=136.703s distribution=0.660s agg=0.294s eval=80.322s total=217.995s
[round 198] reused planned scale coverage: [1, 1, 2, 2, 1, 1, 2, 2]
Classification: train=1.0000 test=0.6131 round=198
[round 198] timing train=134.220s distribution=0.706s agg=0.038s eval=85.474s total=220.449s
[round 199] reused planned scale coverage: [1, 1, 2, 2, 1, 1, 2, 2]
Classification: train=1.0000 test=0.6135 round=199
[round 199] timing train=141.070s distribution=0.957s agg=0.031s eval=88.355s total=230.425s
best round is 107, acc is 0.614761
Model saved to ./checkpoint/LSST/2026-05-04-14har_fedcsl-onehot-splitteacher_dir1.0_LSST_model.pt
