# 2026-04-25 13:41:40  har_fedcsl-onehot_dir0.5  GPU=5  cwd=/data/user_lixiongfei/CSL-main
# CMD: python -u FedCSL_All.py -dataset HAR --config configFedCSL_OneHot.yml --dirichlet-alpha 0.5 --seed 42 --description har_fedcsl-onehot_dir0.5

/mnt/data/user_liangzhiyu/envs/fedcsl/lib/python3.8/site-packages/scipy/__init__.py:146: UserWarning: A NumPy version >=1.16.5 and <1.23.0 is required for this version of SciPy (detected version 1.23.5
  warnings.warn(f"A NumPy version >={np_minversion} and <{np_maxversion}"
[config] 'configFedCSL_OneHot.yml' 未找到，重定向到 'config/configFedCSL_OneHot.yml'
/data/user_lixiongfei/CSL-main/dataset_utils.py:133: FutureWarning: You are using `torch.load` with `weights_only=False` (the current default value), which uses the default pickle module implicitly. It is possible to construct malicious pickle data which will execute arbitrary code during unpickling (See https://github.com/pytorch/pytorch/blob/main/SECURITY.md#untrusted-models for more details). In a future release, the default value for `weights_only` will be flipped to `True`. This limits the functions that could be executed during unpickling. Arbitrary objects will no longer be allowed to be loaded via this mode unless they are explicitly allowlisted by the user via `torch.serialization.add_safe_globals`. We recommend you start setting `weights_only=True` for any use case where you don't have full control of the loaded file. Please open an issue on GitHub for any issues related to this experimental feature.
  X = torch.load("./HAR/train.pt")
/data/user_lixiongfei/CSL-main/dataset_utils.py:136: FutureWarning: You are using `torch.load` with `weights_only=False` (the current default value), which uses the default pickle module implicitly. It is possible to construct malicious pickle data which will execute arbitrary code during unpickling (See https://github.com/pytorch/pytorch/blob/main/SECURITY.md#untrusted-models for more details). In a future release, the default value for `weights_only` will be flipped to `True`. This limits the functions that could be executed during unpickling. Arbitrary objects will no longer be allowed to be loaded via this mode unless they are explicitly allowlisted by the user via `torch.serialization.add_safe_globals`. We recommend you start setting `weights_only=True` for any use case where you don't have full control of the loaded file. Please open an issue on GitHub for any issues related to this experimental feature.
  X2= torch.load("./HAR/test.pt")
[5 1 1 ... 0 4 0]
[   0    1    2 ... 5090 5111 5115]
[5, 1, 1, 4, 4, 0, 3, 4, 1, 2, 3, 2, 3, 5, 3, 5, 1, 5, 0, 1, 2, 0, 4, 2, 5, 2, 2, 5, 4, 3, 4, 3, 1, 5, 4, 5, 0, 4, 3, 5, 0, 1, 0, 2, 2, 5, 1, 4, 4, 5, 3, 1, 0, 3, 5, 5, 4, 5, 0, 0, 2, 4, 0, 0, 0, 0, 0, 3, 3, 0, 5, 4, 2, 0, 1, 2, 4, 4, 4, 5, 2, 4, 2, 1, 5, 0, 0, 4, 0, 2, 0, 0, 5, 3, 3, 2, 0, 1, 4, 0, 2, 5, 2, 3, 5, 3, 0, 2, 4, 3, 1, 3, 1, 1, 3, 3, 3, 1, 0, 4, 0, 4, 4, 1, 4, 2, 5, 5, 5, 3, 3, 0, 0, 2, 1, 1, 4, 0, 2, 1, 1, 1, 4, 0, 3, 5, 4, 3, 0, 3, 2, 4, 1, 1, 2, 4, 5, 4, 4, 4, 4, 4, 4, 2, 3, 3, 0, 4, 5, 5, 2, 5, 1, 2, 5, 1, 3, 5, 1, 1, 5, 0, 0, 1, 4, 4, 4, 4, 1, 2, 4, 4, 5, 0, 0, 2, 3, 1, 5, 5, 1, 5, 4, 3, 5, 4, 1, 5, 0, 4, 1, 3, 4, 2, 3, 4, 3, 5, 2, 3, 3, 1, 3, 4, 1, 5, 1, 0, 3, 5, 4, 0, 2, 4, 4, 0, 1, 2, 3, 3, 4, 1, 2, 3, 1, 4, 0, 4, 1, 3, 1, 1, 4, 4, 3, 2, 4, 2, 1, 3, 3, 0, 3, 3, 3, 3, 1, 1, 0, 3, 4, 0, 0, 2, 1, 0, 3, 1, 3, 0, 2, 2, 2, 3, 4, 4, 4, 2, 2, 0, 4, 4, 3, 2, 2, 1, 2, 1, 3, 2, 0, 4, 3, 2, 4, 4, 0, 3, 3, 0, 3, 4, 3, 1, 2, 1, 0, 1, 3, 0, 1, 4, 4, 2, 1, 4, 0, 4, 3, 0, 0, 2, 3, 3, 3, 4, 4, 4, 4, 3, 1, 3, 2, 4, 2, 4, 3, 3, 2, 3, 0, 1, 0, 3, 4, 0, 0, 1, 2, 0, 3, 0, 3, 1, 3, 2, 3, 0, 0, 0, 1, 0, 2, 2, 3, 2, 2, 3, 2, 2, 2, 1, 1, 2, 3, 0, 0, 0, 0, 2, 3, 3, 3, 3, 0, 2, 1, 0, 1, 3, 0, 3, 0, 0, 3, 0, 3, 0, 3, 2, 1, 2, 2, 2, 2, 3, 2, 2, 3, 1, 1, 1, 2, 3, 3, 3, 1, 0, 2, 0, 3, 0, 3, 1, 3, 3, 1, 2, 2, 3, 2, 0, 0, 2, 0, 0, 1, 1, 3, 2, 0, 3, 3, 3, 2, 0, 0, 1, 0, 0, 2, 3, 0, 1, 2, 0, 0, 2, 0, 2, 1, 3, 1, 3, 1, 1, 2, 1, 3, 2, 3, 2, 2, 1, 1, 2, 1, 1, 1, 3, 2, 2, 1, 2, 3, 1, 1, 2, 2, 3, 1, 2, 3, 2, 3, 3, 2, 1, 3, 3, 3, 1, 1, 3, 1, 3, 2, 3, 3, 2, 1, 1, 2, 1, 1, 3, 1, 2, 2, 3, 3, 2, 1, 1, 3, 3, 1, 1, 1, 3, 1, 2, 2, 2, 3, 1, 1, 2, 1, 1, 2, 3, 2, 3, 2, 3, 2, 2, 1, 2, 2, 3, 2, 3, 2, 3, 1, 1, 3, 2, 3, 1, 3, 3, 1, 2, 2, 3, 1, 2, 3, 1, 2, 1, 3, 2, 1, 2, 3, 3, 1, 3, 3, 3, 1, 2, 3, 3, 2, 3, 3, 3, 3, 3, 2, 1, 1, 2, 3, 3, 3, 2, 3, 3, 3, 1, 1, 3, 1, 1, 1, 2, 1, 1, 3, 3, 3, 3, 2, 2, 3, 2, 3, 3, 2, 2, 1, 3, 2, 3, 2, 3, 2, 3, 2, 3, 2, 1, 3, 3, 2, 3, 1, 1, 1, 2, 1, 1, 2, 3, 1, 3, 2, 2, 1, 2, 3, 2, 1, 3, 1, 3, 2, 1, 1, 3, 1, 3, 2, 3, 3, 1, 3, 2, 2, 3, 3, 1, 2, 2, 1, 2, 2, 3, 2, 2, 2, 1, 3, 3, 3, 3, 1, 3, 3, 3, 1, 1, 3, 1, 1, 2, 3, 1, 2, 3, 3, 3, 2, 3, 1, 2, 3, 1, 3, 1, 2, 2, 3, 2, 3, 3, 1, 2, 1, 1, 3, 1, 3, 1, 3, 2, 3, 3, 3, 1, 1, 2, 1, 3, 1, 3, 3, 3, 2, 2, 3, 2, 3, 3, 2, 1, 3, 1, 3, 3, 2, 3, 3, 2, 1, 2, 1, 2, 1, 1, 1, 2, 1, 1, 3, 1, 1, 1, 1, 3, 1, 1, 2, 3, 1, 2, 3, 1, 3, 3, 1, 2, 1, 2, 3, 3, 3, 1, 3, 2, 3, 3, 2, 3, 2, 3, 2, 2, 1, 1, 2, 2, 2, 2, 3, 3, 1, 2, 3, 3, 3, 2, 3, 1, 2, 3, 1, 3, 2, 2, 1, 1, 2, 3, 2, 3, 2, 2, 3, 2, 2, 3, 1, 1, 3, 3, 2, 1, 3, 2, 3, 3, 2, 3, 3, 3, 2, 2, 1, 3, 3, 1, 3, 3, 3, 3, 1, 1, 2, 2, 1, 1, 3, 1, 1, 3, 1, 3, 2, 1, 2, 2, 2, 2, 2, 3, 2, 1, 2, 1, 1, 3, 2, 3, 3, 1, 2, 2, 1, 1, 3, 1, 3, 3, 2, 3, 1, 3, 3, 1, 1, 3, 1, 1, 2, 2, 3, 3, 1, 2, 3, 3, 1, 2, 3, 3, 2, 2, 1, 3, 3, 3, 3, 1, 1, 2, 2, 1, 3, 2, 1, 1, 3, 3, 2, 3, 1, 3, 1, 1, 3, 2, 1, 1, 1, 3, 1, 2, 1, 2, 1, 2, 1, 1, 1, 2, 3, 2, 2, 1, 3, 1, 1, 1, 1, 2, 1, 3, 3, 1, 3, 1, 2, 1, 3, 1, 2, 1, 1, 2, 1, 2, 1, 3, 3, 1, 1, 1, 3, 2, 1, 3, 3, 1, 2, 3, 1, 1, 3, 3, 3, 1, 3, 3, 2, 1, 3, 2, 1, 3, 3, 3, 1, 2, 3, 1, 1, 2, 3, 1, 3, 3, 2, 1, 1, 2, 1, 2, 2, 3, 2, 2, 1, 1, 1, 1, 3, 3, 3, 1, 2, 2, 1, 1, 1, 1, 3, 2, 1, 3, 1, 1, 1, 1, 3, 1, 2, 3, 1, 2, 1, 3, 2, 2, 3, 2, 1, 1, 1, 3, 1, 1, 1, 1, 1, 3, 3, 2, 2, 2, 1, 2, 3, 3, 3, 2, 3, 3, 2, 1, 1, 2, 1, 2, 2, 3, 1, 3, 1, 2, 1, 3, 2, 1, 2, 1, 2, 3, 1, 1, 1, 2, 1, 3, 2, 3, 3, 2, 1, 2, 2, 1, 3, 2, 3, 1, 2, 3, 3, 2, 3, 3, 1, 2, 3, 2, 2, 3, 1, 3, 3, 1, 1, 3, 1, 3, 3, 3, 2, 1, 2, 3, 3, 2, 3, 3, 3, 2, 3, 1, 2, 3, 3, 1, 1, 3, 1, 1, 1, 3, 1, 2, 3, 2, 2, 1, 2, 1, 2, 2, 3, 2, 3, 1, 3, 3, 3, 3, 3, 3, 3, 3, 1, 1, 1, 1, 1, 3, 3, 3, 3, 3, 3, 1, 3, 2, 1, 3, 2, 3, 2, 2, 2, 1, 2, 3, 3, 3, 3, 2, 2, 2, 2, 2, 1, 1, 3, 1, 1, 1, 3, 1, 1, 1, 3, 1, 1, 2, 2, 1, 3, 1, 2, 2, 3, 2, 2, 1, 2, 2, 1, 3, 1, 2, 3, 1, 2, 1, 3, 1, 2, 1, 3, 1, 2, 1, 2, 3, 3, 1, 1, 3, 2, 2, 1, 3, 2, 3, 3, 1, 1, 2, 2, 2, 3, 1, 1, 2, 2, 3, 2, 1, 3, 2, 3, 1, 3, 3, 3, 3, 3, 3, 2, 2, 3, 2, 3, 1, 3, 1, 2, 3, 3, 2, 3, 3, 1, 3, 3, 1, 1, 1, 1, 2, 3, 2, 3, 3, 2, 3, 3, 3, 2, 2, 2, 1, 2, 2, 1, 3, 2, 3, 3, 3, 2, 3, 1, 2, 1, 3, 1, 3, 1, 2, 2, 3, 3, 1, 3, 3, 1, 2, 3, 3, 2, 1, 1, 3, 2, 2, 3, 3, 1, 3, 1, 1, 2, 2, 3, 3, 2, 3, 2, 1, 2, 3, 3, 3, 2, 2, 1, 1, 2, 3, 3, 1, 1, 2, 3, 2, 3, 1, 3, 2, 1, 2, 2, 2, 1, 1, 1, 2, 3, 1, 1, 1, 3, 2, 2, 1, 2, 3, 1, 1, 1, 3, 2, 2, 2, 2, 1, 3, 2, 3, 3, 1, 2, 1, 3, 1, 2, 1, 1, 3, 3, 2, 2, 2, 3, 3, 3, 3, 3, 3, 3, 1, 3, 1, 3, 3, 3, 3, 2, 3, 1, 1, 3, 1, 2, 2, 1, 3, 1, 2, 1, 1, 2, 2, 2, 2, 2, 3, 1, 3, 3, 1, 2, 2, 2, 1, 3, 3, 1, 2, 3, 1, 3, 1, 1, 2, 3, 3, 3, 1, 3, 2, 3, 2, 1, 1, 2, 3, 1, 1, 2, 3, 3, 1, 3, 3, 2, 2, 3, 1, 3, 2, 2, 2, 3, 3, 2, 1, 1, 2, 3, 2, 1, 3, 2, 1, 2, 3, 1, 3, 2, 1, 1, 3, 1, 3, 3, 1, 1, 1, 2, 2, 2, 3, 1, 1, 3, 1, 3, 3, 3, 3, 3, 3, 3, 3, 3, 1, 3, 3, 1, 3, 1, 1, 2, 1, 3, 2, 1, 1, 1, 2, 3, 2, 3, 2, 1, 2, 2, 2, 3, 3, 3, 2, 1, 3, 1, 2, 3, 2, 1, 1, 3, 1, 2, 3, 3, 2, 2, 3, 2, 1, 3, 1, 3, 1, 1, 1, 3, 1, 1, 3, 1, 1, 3, 2, 2, 3, 3, 2, 2, 1, 3, 3, 3, 3, 1, 1, 3, 2, 1, 2, 3, 2, 3, 2, 3, 3, 3, 2, 3, 3, 3, 3, 1, 2, 2, 3, 1, 1, 2, 1, 2, 1, 3, 1, 3, 3, 3, 3, 2, 1, 1, 1, 1, 2, 2, 2, 3, 3, 2, 1, 1, 2, 2, 1, 1, 1, 3, 3, 2, 1, 1, 1, 3, 2, 2, 1, 3, 3, 2, 2, 1, 3, 3, 3, 2, 3, 1, 3, 1, 2, 3, 3, 1, 3, 1, 3, 1, 1, 3, 3, 2, 3, 3, 2, 3, 3, 1, 1, 1, 3, 3, 1, 2, 1, 3, 2, 1, 1, 3, 1, 1, 2, 3, 1, 2, 1, 2, 3, 2, 3, 2, 2, 3, 2, 3, 1, 3, 3, 3, 2, 1, 2, 3, 2, 3, 3, 3, 2, 2, 1, 2, 1, 1, 2, 2, 2, 1, 1, 3, 2, 2, 2, 1, 3, 1, 2, 1, 3, 2, 2, 2, 1, 1, 1, 1, 1, 1, 3, 3, 2, 3, 2, 2, 2, 3, 2, 1, 3, 1, 3, 2, 2, 2, 3, 2, 3, 2, 3, 1, 2, 3, 3, 1, 3, 3, 3, 3, 2, 2, 3, 3, 2, 1, 3, 3, 2, 2, 3, 2, 1, 3, 2, 2, 3, 1, 1, 3, 3, 3, 1, 1, 1, 2, 3, 1, 3, 3, 3, 1, 1, 1, 3, 3, 3, 3, 3, 3, 3, 3, 2, 3, 3, 3, 3, 3, 3, 2, 3, 3, 3, 3, 3, 1, 3, 1, 1, 2, 3, 2, 3, 1, 2, 3, 2, 2, 1, 2, 2, 1, 3, 1, 2, 2, 3, 2, 3, 1, 1, 1, 1, 3, 1, 2, 1, 3, 2, 1, 3, 3, 1, 2, 3, 1, 3, 3, 2, 2, 3, 2, 1, 2, 2, 2, 3, 2, 3, 1, 2, 2, 3, 1, 2, 3, 1, 2, 1, 3, 1, 1, 2, 3, 1, 1, 1, 3, 1, 3, 2, 3, 2, 3, 3, 3, 1, 2, 1, 3, 2, 3, 3, 1, 2, 3, 3, 2, 1, 1, 3, 1, 2, 2, 3, 2, 1, 1, 3, 1, 1, 1, 2, 3, 1, 1, 1, 2, 3, 1, 3, 1, 3, 1, 1, 2, 1, 1, 3, 3, 1, 1, 1, 3, 2, 3, 3, 2, 3, 1, 1, 2, 1, 2, 2, 1, 3, 3, 2, 3, 1, 1, 1, 2, 3, 3, 3, 3, 3, 2, 3, 3, 3, 3, 2, 1, 1, 2, 1, 2, 1, 2, 3, 2, 2, 2, 1, 2, 3, 1, 2, 3, 2, 1, 3, 2, 2, 3, 2, 1, 1, 2, 1, 3, 1, 1, 1, 1, 3, 3, 1, 2, 3, 1, 3, 3, 3, 2, 2, 3, 3, 3, 3, 1, 2, 2, 3, 2, 2, 2, 2, 2, 1, 2, 3, 2, 2, 2, 1, 1, 1, 2, 2, 3, 2, 1, 3, 1, 1, 2, 2, 3, 1, 3, 1, 1, 3, 1, 1, 3, 1, 2, 2, 1, 3, 3, 1, 2, 1, 3, 1, 3, 3, 3, 3, 3, 3, 1, 1, 3, 3, 3, 3, 1, 2, 3, 1, 3, 1, 2, 2, 3, 2, 1, 2, 3, 3, 2, 1, 1, 2, 3, 3, 1, 2, 3, 2, 2, 3, 1, 1, 2, 2, 1, 1, 2, 1, 1, 3, 1, 1, 1, 3, 3, 2, 1, 1, 1, 1, 3, 3, 3, 3, 2, 2, 3, 3, 2, 3, 1, 3, 2, 2, 3, 2, 1, 1, 1, 1, 1, 3, 1, 3, 1, 1, 2, 1, 3, 1, 2, 3, 3, 1, 3, 3, 3, 2, 3, 2, 2, 2, 3, 2, 3, 2, 3, 2, 2, 3, 3, 2, 3, 2, 3, 2, 2, 2, 2, 3, 2, 3, 2, 2, 2, 3, 3, 3, 2, 3, 3, 3, 3, 2, 2, 2, 3, 3, 2, 2, 2, 2, 2, 2, 2, 2, 2, 2, 2, 2, 2, 2, 2, 2, 2, 2, 2, 2, 2, 2, 2, 2, 2, 2, 2, 2, 2, 2, 2, 2, 2, 2, 2, 2, 2, 2, 2, 2, 2, 2, 2, 2, 2, 2, 2, 2, 2, 2, 2, 2, 2, 2, 2, 2, 2, 2, 2, 2, 2, 2, 2, 2]
[5, 5, 5, 5, 5, 5, 5, 5, 5, 5, 5, 5, 5, 5, 5, 5, 5, 5, 5, 5, 5, 5, 5, 5, 5, 5, 5, 5, 5, 5, 4, 5, 4, 4, 5, 5, 5, 5, 5, 5, 5, 5, 5, 4, 5, 4, 4, 5, 5, 4, 5, 4, 5, 4, 4, 5, 4, 4, 4, 4, 5, 5, 5, 5, 4, 4, 5, 5, 5, 5, 4, 5, 4, 4, 5, 4, 4, 5, 5, 5, 4, 4, 5, 5, 5, 5, 5, 5, 4, 5, 4, 5, 5, 5, 4, 5, 5, 5, 0, 0, 4, 4, 5, 4, 5, 0, 4, 5, 0, 5, 5, 4, 5, 0, 5, 0, 5, 0, 4, 0, 4, 4, 5, 0, 5, 0, 4, 4, 0, 4, 4, 5, 4, 5, 5, 4, 4, 4, 0, 5, 5, 4, 0, 5, 4, 0, 4, 5, 5, 4, 5, 5, 4, 0, 0, 4, 4, 5, 5, 5, 0, 5, 5, 4, 5, 0, 0, 4, 0, 5, 5, 4, 4, 5, 4, 4, 0, 5, 0, 0, 5, 0, 4, 0, 5, 0, 5, 4, 5, 5, 5, 0, 4, 5, 5, 4, 4, 4, 0, 4, 0, 5, 5, 5, 5, 5, 4, 4, 4, 0, 5, 4, 0, 4, 0, 0, 0, 0, 5, 5, 0, 0, 5, 4, 5, 0, 5, 5, 5, 5, 5, 0, 5, 5, 0, 0, 0, 4, 5, 4, 0, 4, 4, 0, 5, 4, 5, 0, 0, 4, 5, 4, 4, 5, 5, 4, 0, 4, 0, 0, 0, 5, 4, 0, 5, 4, 4, 4, 4, 5, 4, 4, 0, 5, 0, 4, 5, 0, 0, 0, 0, 4, 0, 0, 0, 5, 0, 4, 5, 0, 5, 5, 0, 5, 5, 4, 5, 5, 0, 0, 4, 4, 5, 4, 4, 4, 4, 0, 0, 0, 0, 5, 0, 5, 0, 4, 5, 0, 0, 4, 4, 0, 4, 0, 0, 4, 4, 0, 0, 5, 4, 0, 0, 5, 0, 5, 4, 4, 4, 0, 5, 5, 5, 4, 4, 5, 0, 5, 5, 4, 0, 0, 4, 5, 0, 5, 4, 0, 5, 5, 4, 0, 4, 4, 5, 5, 0, 4, 5, 0, 5, 5, 0, 0, 4, 0, 4, 0, 4, 5, 0, 5, 4, 5, 4, 0, 5, 4, 4, 0, 5, 5, 4, 0, 4, 5, 5, 5, 5, 0, 5, 4, 4, 4, 0, 5, 5, 4, 0, 4, 4, 4, 0, 5, 5, 5, 5, 5, 4, 5, 0, 4, 5, 5, 5, 5, 4, 0, 0, 4, 4, 0, 4, 5, 5, 0, 5, 4, 0, 5, 0, 4, 5, 5, 4, 4, 5, 5, 5, 4, 5, 0, 0, 5, 0, 4, 4, 0, 4, 5, 4, 4, 4, 4, 5, 5, 4, 5, 4, 4, 5, 0, 5, 4, 5, 4, 4, 5, 4, 4, 5, 0, 5, 5, 4, 4, 5, 5, 4, 4, 0, 5, 0, 4, 0, 5, 0, 5, 4, 5, 5, 0, 5, 0, 4, 4, 0, 4, 4, 5, 0, 0, 0, 5, 0, 4, 0, 5, 5, 5, 4, 4, 4, 5, 5, 5, 4, 4, 4, 4, 4, 4, 5, 5, 4, 5, 4, 5, 5, 4, 5, 5, 5, 4, 5, 4, 4, 4, 5, 4, 5, 4, 4, 4, 5, 5, 5, 5, 5, 5, 5, 5, 5, 5, 5, 4, 5, 4, 5, 4, 5, 4, 4, 5, 4, 5, 5, 5, 4, 4, 5, 4, 4, 5, 4, 4, 5, 5, 4, 5, 5, 5, 5, 4, 4, 5, 5, 5, 4, 5, 5, 5, 5, 5, 5, 4, 5, 4, 4, 4, 5, 5, 4, 5, 5, 5, 5, 5, 5, 5, 5, 4, 4, 4, 4, 5, 5, 4, 5, 4, 4, 4, 5, 4, 4, 4, 5, 5, 4, 5, 4, 4, 5, 4, 5, 5, 4, 4, 5, 4, 4, 5, 5, 5, 5, 4, 5, 5, 5, 5, 5, 4, 5, 4, 5, 5, 4, 4, 4, 4, 5, 4, 4, 4, 4, 4, 4, 5, 4, 4, 4, 5, 5, 5, 4, 4, 4, 4, 4, 4, 5, 5, 4, 4, 5, 4, 5, 4, 5, 5, 5, 4, 5, 5, 5, 5, 4, 5, 4, 5, 5, 4, 5, 4, 4, 5, 5, 4, 4, 5, 4, 5, 5, 4, 4, 5, 5, 4, 4, 4, 4, 4, 4, 4, 5, 4, 5, 5, 5, 5, 5, 5, 4, 5, 4, 5, 4, 5, 4, 5, 5, 5, 5, 4, 4, 5, 4, 5, 4, 4, 5, 5, 4, 4, 5, 4, 4, 4, 4, 4, 4, 4, 5, 4, 4, 5, 4, 4, 5, 5, 4, 5, 4, 4, 4, 5, 5, 4, 5, 4, 5, 5, 4, 4, 4, 5, 4, 5, 4, 4, 5, 4, 4, 5, 4, 5, 4, 4, 5, 5, 5, 5, 4, 5, 5, 5, 5, 5, 5, 4, 4, 5, 5, 4, 5, 5, 4, 4, 4, 5, 4, 4, 4, 4, 5, 4, 5, 4, 5, 5, 5, 5, 4, 4, 5, 4, 4, 4, 5, 4, 4, 5, 5, 5, 4, 5, 5, 5, 4, 4, 4, 5, 4, 4, 5, 4, 4, 5, 5, 4, 5, 5, 5, 4, 4, 5, 4, 4, 4, 5, 4, 4, 5, 4, 4, 5, 5, 5, 4, 4, 5, 5, 4, 5, 4, 5, 5, 4, 4, 4, 5, 4, 5, 4, 4, 5, 4, 5, 5, 5, 5, 5, 5, 5, 5, 5, 5, 5, 4, 4, 4, 4, 5, 4, 4, 4, 4, 4, 4, 4, 4, 4, 4, 5, 5, 4, 5, 5, 5, 4, 4, 4, 4, 5, 4, 4, 4, 4, 5, 5, 5, 5, 5, 5, 4, 4, 4, 4, 4, 4, 5, 5, 5, 5, 4, 4, 5, 4, 5, 4, 4, 4, 4, 4, 5, 5, 4, 5, 5, 4, 4, 5, 5, 4, 4, 5, 4, 4, 4, 5, 4, 5, 5, 5, 5, 5, 5, 5, 5, 5, 4, 4, 4, 5, 4, 4, 5, 4, 4, 5, 5, 5, 5, 4, 4, 4, 5, 4, 5, 4, 5, 5, 4, 5, 4, 5, 4, 5, 4, 5, 4, 5, 5, 4, 5, 4, 4, 5, 4, 4, 4, 5, 5, 4, 4, 4, 5, 4, 5, 4, 4, 4, 4, 5, 5, 4, 4, 5, 4, 5, 5, 4, 4, 4, 4, 4, 4, 4, 5, 5, 5, 5, 5, 4, 4, 4, 5, 4, 4, 5, 5, 4, 4, 4, 5, 5, 5, 5, 4, 5, 5, 5, 5, 5, 4, 5, 5, 5, 5, 4, 4, 5, 5, 5, 4, 4, 4, 4, 4, 5, 5, 4, 4, 5, 5, 5, 4, 4, 4, 5, 4, 5, 5, 4, 4, 5, 5, 4, 4, 5, 5, 5, 5, 5, 4, 4, 5, 4, 4, 4, 5, 5, 4, 4, 4, 5, 4, 4, 5, 5, 5, 4, 4, 5, 5, 5, 5, 5, 5, 4, 4, 5, 4, 5, 5, 5, 4, 4, 5, 4, 4, 5, 5, 4, 4, 4, 5, 4, 5, 4, 5, 4, 5, 4, 5, 5, 4, 5, 4, 5, 4, 5, 4, 5, 4, 5, 4, 4, 5, 4, 4, 4, 5, 5, 4, 5, 4, 4, 5, 4, 5, 5, 5, 4, 5, 5, 4, 4, 4, 5, 5, 4, 5, 4, 5, 5, 4, 4, 4, 5, 5, 4, 5, 4, 4, 5, 4, 5, 5, 4, 4, 4, 5, 4, 4, 4, 4, 4, 5, 5, 5, 5, 4, 4, 4, 5, 4, 4, 5, 5, 5, 4, 4, 4, 5, 5, 5, 4, 5, 5, 5, 5, 4, 4, 4, 5, 4, 4, 5, 4, 5, 4, 4, 4, 4, 5, 5, 5, 4, 5, 5, 5, 5, 5, 5, 4, 5, 5, 5, 5, 4, 5, 5, 5, 5, 5, 5, 5, 4, 4, 5, 5, 5, 4, 5, 4, 5, 4, 4, 4, 4, 5, 4, 5, 4, 4, 4, 5, 5, 5, 4, 4, 4, 4, 4, 4, 5, 5, 5, 5, 4, 4, 4, 4, 5, 5, 5, 5, 4, 5, 5, 5, 5, 4, 4, 5, 5, 5, 4, 4, 4, 4, 4, 4, 5, 5, 4, 4, 4, 4, 4, 4, 4, 4, 5, 4, 5, 4, 4, 4, 5, 5, 5, 5, 4, 5, 4, 4, 4, 5, 4, 5, 5, 4, 4, 4, 4, 5, 5, 4, 5, 4, 4, 5, 5, 5, 4, 5, 5, 5, 5, 4, 5, 5, 4, 4, 5, 5, 5, 4, 4, 4, 5, 4, 4, 5, 4, 5, 4, 4, 4, 4, 4, 4, 4, 5, 5, 5, 4, 4, 4, 4, 4, 4, 4, 4, 5, 5, 5, 4, 4, 5, 5, 5, 5, 4, 4, 5, 4, 4, 5, 4, 5, 4, 5, 4, 4, 4, 4, 5, 5, 4, 4, 4, 5, 4, 5, 5, 5, 5, 5, 5, 4, 5, 4, 5, 4, 5, 4, 5, 4, 5, 4, 5, 5, 4, 5, 4, 5, 5, 4, 4, 5, 4, 4, 4, 5, 5, 4, 5, 4, 4, 4, 5, 5, 5, 4, 5, 5, 4, 4, 5, 4, 5, 4, 5, 4, 5, 5, 4, 5, 5, 5, 5, 5, 5, 4, 5, 4, 5, 4, 5, 5, 5, 5, 5, 5, 4, 5, 4, 4, 4, 4, 4, 4, 4, 5, 4, 4, 5, 5, 5, 5, 4, 4, 5, 5, 5, 4, 4, 4, 4, 5, 5, 4, 4, 5, 4, 5, 5, 4, 4, 5, 4, 4, 5, 5, 5, 4, 4, 5, 4, 4, 4, 4, 4, 4, 4, 4, 4, 4, 4, 4, 4, 4, 4, 4, 4, 4, 4, 4, 4, 4, 4, 4, 4, 4, 4, 4, 4, 4, 4, 4, 4, 4, 4, 4, 4, 4, 4, 4, 4, 4, 4, 4, 4, 1, 4, 4, 4, 4, 4, 4, 4, 4, 4, 4, 4, 4, 4, 4, 4, 4, 4, 4, 4, 4, 4, 4, 4, 4, 4, 4, 4, 4, 4, 4, 4, 4, 4, 3, 4, 3, 4, 3, 3, 4, 4, 3, 4, 3, 4, 4, 3, 3, 3, 3, 3, 3, 3, 4, 4, 4, 4, 4, 4, 3, 4, 4, 3, 3, 4, 4, 4, 4, 3, 3, 3, 3, 3, 4, 4, 3, 4, 3, 3, 4, 4, 3, 3, 3, 4, 3, 4, 3, 3, 4, 4, 3, 3, 4, 4, 4, 4, 4, 4, 4, 4, 3, 4, 3, 3, 4, 4, 4, 4, 4, 4, 3, 3, 3, 4, 3, 4, 4, 3, 3, 3, 4, 3, 3, 4, 4, 3, 4, 4, 4, 3, 3, 3, 4, 4, 3, 3, 4, 3, 3, 4, 4, 4, 4, 4, 3, 4, 4, 4, 3, 3, 3, 4, 3, 4, 4, 3, 4, 4, 4, 4, 3, 3, 3, 4, 4, 3, 4, 3, 3, 4, 4, 4, 3, 3, 3, 4, 3, 4, 3, 3, 4, 4, 3, 3, 4, 3, 3, 4, 3, 3, 3, 4, 3, 3, 4, 3, 3, 4, 3, 3, 3, 3, 4, 3, 3, 4, 3, 2, 4, 4, 4, 4, 3, 3, 3, 3, 4, 3, 4, 3, 4, 3, 3, 4, 3, 2, 2, 2, 3, 4, 4, 4, 4, 4, 2, 2, 2, 2, 2, 2, 4, 2, 4, 2, 2, 4, 4, 4, 4, 4, 4, 4, 4, 4, 4, 4, 4, 4, 4, 2, 4, 2, 2, 4, 4, 4, 4, 4, 4, 4, 4, 4, 4, 4, 4, 4, 4, 2, 4, 2, 4, 2, 4, 2, 4, 2, 4, 2, 2, 4, 4, 4, 2, 4, 4, 4, 2, 4, 2, 4, 2, 2, 4, 2, 4, 2, 2, 4, 4, 2, 2, 4, 2, 4, 4, 4, 2, 4, 4, 4, 2, 4, 2, 2, 4, 4, 4, 4, 4, 2, 4, 4, 4, 4, 2, 4, 2, 2, 4, 4, 2, 4, 4, 2, 2, 2, 4, 2, 4, 4, 4, 4, 2, 2, 2, 4, 2, 2, 2, 4, 4, 4, 2, 4, 4, 2, 2, 4, 4, 4, 2, 4, 4, 2, 2, 2, 2, 4, 4, 2, 4, 2, 4, 4, 4, 4, 4, 4, 2, 4, 2, 4, 4, 4, 4, 2, 4, 4, 4, 2, 4, 2, 2, 4, 4, 4, 2, 4, 4, 2, 4, 4, 4, 4, 4, 2, 4, 2, 4, 4, 4, 4, 4, 4, 2, 4, 4, 2, 4, 4, 2, 4, 4, 4, 2, 2, 4, 2, 2, 2, 2, 4, 4, 2, 4, 2, 4, 4, 4, 4]
[0, 0, 0, 0, 0, 0, 0, 0, 0, 0, 0, 0, 0, 0, 0, 0, 0, 0, 0, 0, 0, 0, 0, 0, 0, 0, 0, 0, 0, 0, 0, 0, 0, 0, 0, 0, 0, 0, 0, 0, 0, 0, 0, 0, 0, 0, 0, 0, 0, 0, 0, 0, 0, 0, 0, 0, 0, 0, 0, 0, 0, 0, 0, 0, 0, 0, 0, 0, 0, 0, 0, 0, 0, 0, 0, 0, 0, 0, 0, 0, 0, 0, 0, 0, 0, 0, 0, 0, 0, 0, 0, 0, 0, 0, 0, 0, 0, 0, 0, 0, 0, 0, 0, 0, 0, 0, 0, 0, 0, 0, 0, 0, 0, 0, 0, 0, 0, 0, 0, 0, 0, 0, 0, 0, 0, 0, 0, 0, 0, 0, 0, 0, 0, 0, 0, 0, 0, 0, 0, 0, 0, 0, 0, 0, 0, 0, 0, 0, 0, 0, 0, 0, 0, 0, 0, 0, 0, 0, 0, 0, 0, 0, 0, 0, 0, 0, 0, 0, 0, 0, 0, 0, 0, 0, 0, 0, 0, 0, 0, 0, 0, 0, 0, 0, 0, 0, 0, 0, 0, 0, 0, 0, 0, 0, 0, 0, 0, 0, 0, 0, 0, 0, 0, 0, 0, 0, 0, 0, 0, 0, 0, 0, 0, 0, 0, 0, 0, 0, 0, 0, 0, 0, 0, 0, 0, 0, 0, 0, 0, 0, 0, 0, 0, 0, 0, 0, 0, 0, 0, 0, 0, 0, 0, 0, 0, 0, 0, 0, 0, 0, 0, 0, 0, 0, 0, 0, 0, 0, 0, 0, 0, 0, 0, 0, 0, 0, 0, 0, 0, 0, 0, 0, 0, 0, 0, 0, 0, 0, 0, 0, 0, 0, 0, 0, 0, 0, 0, 0, 0, 0, 0, 0, 0, 0, 0, 0, 0, 0, 0, 0, 0, 0, 0, 0, 0, 0, 0, 0, 0, 0, 0, 0, 0, 0, 0, 0, 0, 0, 0, 0, 0, 0, 0, 0, 0, 0, 0, 0, 0, 0, 0, 0, 0, 0, 0, 0, 0, 0, 0, 0, 0, 0, 0, 0, 0, 0, 0, 0, 0, 0, 0, 0, 0, 0, 0, 0, 0, 0, 0, 0, 0, 0, 0, 0, 0, 0, 0, 0, 0, 0, 0, 0, 0, 0, 0, 0, 0, 0, 0, 0, 0, 0, 0, 0, 0, 0, 0, 0, 0, 0, 0, 0, 0, 0, 0, 0, 0, 0, 0, 0, 0, 0, 0, 0, 0, 0, 0, 0, 0, 0, 0, 0, 0, 0, 0, 0, 0, 0, 0, 0, 0, 0, 0, 0, 0, 0, 0, 0, 0, 0, 0, 0, 0, 0, 0, 0, 0, 0, 0, 0, 0, 0, 0, 0, 0, 0, 0, 0, 0, 0, 0, 0, 0, 0, 0, 0, 0, 0, 0, 0, 0, 0, 0, 0, 0, 0, 0, 0, 0, 0, 0, 0, 0, 5, 5, 0, 5, 5, 5, 5, 0, 5, 0, 5, 5, 5, 0, 0, 0, 5, 0, 0, 0, 0, 5, 5, 0, 0, 0, 5, 5, 5, 5, 5, 0, 0, 5, 5, 0, 5, 0, 5, 5, 5, 5, 5, 0, 5, 5, 5, 0, 5, 0, 5, 5, 5, 5, 5, 0, 0, 5, 0, 5, 5, 0, 5, 0, 0, 5, 5, 0, 0, 0, 5, 5, 0, 5, 0, 5, 0, 0, 0, 0, 0, 0, 5, 5, 5, 0, 0, 0, 5, 5, 0, 5, 0, 5, 1, 5, 5, 1, 1, 1, 5, 0, 0, 1, 0, 0, 5, 0, 0, 5, 1, 1, 1, 1, 0, 5, 0, 1, 0, 5, 0, 0, 0, 1, 5, 1, 0, 5, 5, 5, 0, 0, 1, 0, 1, 0, 0, 0, 5, 5, 5, 0, 1, 1, 5, 0, 5, 5, 5, 0, 0, 5, 5, 0, 0, 0, 1, 1, 0, 5, 1, 1, 0, 5, 5, 0, 0, 5, 5, 1, 5, 0, 0, 1, 0, 5, 5, 5, 5, 5, 0, 5, 0, 0, 1, 5, 0, 0, 5, 5, 5, 0, 5, 5, 5, 0, 1, 5, 1, 1, 5, 5, 1, 0, 0, 1, 0, 1, 1, 1, 5, 0, 0, 0, 1, 0, 1, 1, 5, 0, 1, 5, 1, 0, 0, 1, 5, 5, 0, 5, 0, 0, 5, 5, 1, 5, 5, 1, 5, 5, 1, 0, 5, 1, 5, 5, 0, 5, 5, 0, 1, 0, 5, 5, 1, 1, 0, 0, 1, 1, 5, 5, 0, 0, 0, 0, 5, 1, 0, 1, 0, 1, 5, 1, 5, 5, 0, 5, 0, 5, 5, 5, 5, 5, 0, 0, 5, 5, 0, 5, 1, 5, 5, 1, 0, 5, 1, 5, 5, 1, 0, 5, 0, 5, 5, 1, 5, 1, 1, 5, 1, 0, 5, 5, 5, 1, 1, 5, 5, 5, 1, 5, 1, 1, 5, 0, 0, 1, 5, 1, 0, 1, 5, 0, 1, 5, 1, 0, 0, 0, 0, 1, 1, 0, 0, 1, 0, 0, 1, 1, 0, 0, 1, 1, 5, 5, 0, 1, 0, 1, 0, 1, 0, 5, 0, 5, 5, 1, 0, 0, 5, 5, 0, 1, 5, 5, 5, 1, 5, 5, 5, 5, 5, 0, 0, 0, 5, 0, 5, 1, 1, 5, 5, 1, 1, 1, 5, 1, 1, 5, 1, 5, 0, 1, 1, 1, 0, 0, 0, 5, 1, 5, 0, 0, 5, 5, 5, 1, 1, 0, 5, 1, 0, 1, 5, 5, 1, 5, 0, 5, 5, 5, 0, 5, 5, 1, 5, 5, 1, 5, 5, 1, 0, 1, 5, 1, 0, 5, 0, 5, 1, 0, 5, 5, 1, 0, 5, 5, 5, 1, 1, 3, 5, 0, 5, 0, 5, 5, 1, 5, 5, 0, 5, 5, 0, 1, 5, 5, 3, 5, 1, 3, 3, 3, 0, 3, 5, 0, 5, 1, 0, 3, 5, 3, 5, 0, 1, 1, 3, 0, 0, 1, 0, 5, 5, 5, 5, 0, 3, 1, 0, 0, 3, 5, 5, 3, 5, 1, 0, 0, 5, 0, 3, 5, 0, 3, 0, 5, 5, 0, 3, 0, 3, 5, 3, 1, 0, 3, 0, 5, 0, 3, 3, 3, 5, 3, 0, 0, 0, 3, 5, 0, 0, 0, 1, 3, 5, 3, 1, 0, 3, 3, 0, 3, 0, 3, 5, 5, 3, 5, 5, 5, 1, 0, 5, 3, 5, 0, 3, 3, 3, 1, 1, 1, 3, 0, 3, 3, 1, 5, 0, 5, 5, 0, 3, 3, 1, 0, 3, 3, 1, 0, 0, 5, 3, 3, 3, 1, 0, 0, 3, 3, 5, 0, 1, 5, 3, 1, 3, 1, 0, 1, 0, 5, 3, 3, 1, 0, 1, 1, 3, 1, 0, 5, 5, 5, 5, 0, 0, 0, 0, 0, 0, 5, 0, 1, 1, 5, 0, 5, 3, 1, 3, 5, 5, 1, 5, 1, 3, 0, 1, 5, 1, 3, 5, 5, 1, 0, 5, 1, 3, 1, 5, 1, 1, 0, 3, 1, 0, 3, 3, 0, 3, 0, 0, 0, 3, 0, 0, 0, 5, 3, 1, 3, 3, 3, 0, 5, 1, 5, 5, 1, 1, 5, 0, 1, 1, 1, 1, 3, 5, 5, 0, 1, 0, 1, 0, 0, 0, 3, 3, 1, 0, 3, 1, 3, 1, 5, 0, 1, 5, 1, 3, 5, 0, 1, 5, 5, 0, 3, 0, 0, 3, 0, 5, 3, 3, 1, 3, 3, 1, 5, 5, 5, 0, 1, 0, 3, 1, 0, 5, 5, 0, 3, 5, 1, 5, 3, 0, 1, 3, 3, 0, 5, 3, 5, 3, 0, 3, 0, 5, 0, 0, 1, 5, 3, 5, 5, 3, 5, 0, 0, 5, 1, 1, 0, 0, 3, 3, 3, 0, 0, 1, 5, 5, 0, 3, 3, 3, 5, 1, 1, 3, 1, 3, 0, 1, 5, 3, 1, 5, 0, 3, 5, 1, 5, 5, 3, 5, 5, 3, 5, 0, 5, 5, 0, 3, 3, 5, 5, 0, 3, 3, 0, 0, 0, 1, 3, 3, 1, 5, 1, 0, 5, 0, 3, 1, 1, 5, 5, 3, 0, 1, 5, 3, 0, 1, 5, 0, 1, 1, 0, 3, 0, 0, 1, 1, 1, 1, 5, 5, 3, 1, 3, 5, 1, 5, 5, 3, 3, 1, 5, 1, 0, 5, 1, 5, 5, 0, 3, 5, 3, 1, 5, 5, 5, 3, 3, 0, 1, 3, 5, 5, 0, 1, 5, 1, 5, 3, 0, 3, 5, 5, 0, 5, 1, 3, 3, 1, 3, 1, 0, 1, 0, 0, 3, 2, 1, 3, 3, 1, 0, 0, 5, 2, 3, 0, 1, 5, 3, 3, 2, 3, 3, 1, 0, 2, 0, 4, 0]
FedCSL_All.py:187: FutureWarning: You are using `torch.load` with `weights_only=False` (the current default value), which uses the default pickle module implicitly. It is possible to construct malicious pickle data which will execute arbitrary code during unpickling (See https://github.com/pytorch/pytorch/blob/main/SECURITY.md#untrusted-models for more details). In a future release, the default value for `weights_only` will be flipped to `True`. This limits the functions that could be executed during unpickling. Arbitrary objects will no longer be allowed to be loaded via this mode unless they are explicitly allowlisted by the user via `torch.serialization.add_safe_globals`. We recommend you start setting `weights_only=True` for any use case where you don't have full control of the loaded file. Please open an issue on GitHub for any issues related to this experimental feature.
  val_data = torch.load("./HAR/val.pt")
shapelet initialized!
All 3 clients initialized.
客户端选择未启用，所有客户端参与聚合
/data/user_lixiongfei/CSL-main/train.py:621: UserWarning: Creating a tensor from a list of numpy.ndarrays is extremely slow. Please consider converting the list to a single numpy.ndarray with numpy.array() before converting to a tensor. (Triggered internally at ../torch/csrc/utils/tensor_new.cpp:278.)
  X = torch.tensor(X, dtype=torch.float)
Classification: train=0.9976 test=0.9284 round=0
Classification: train=0.9974 test=0.9325 round=1
Classification: train=0.9981 test=0.9321 round=2
Classification: train=0.9983 test=0.9335 round=3
Classification: train=0.9980 test=0.9332 round=4
Classification: train=0.9981 test=0.9315 round=5
Classification: train=0.9981 test=0.9338 round=6
Classification: train=0.9981 test=0.9352 round=7
Classification: train=0.9983 test=0.9355 round=8
Classification: train=0.9983 test=0.9359 round=9
Classification: train=0.9980 test=0.9352 round=10
Classification: train=0.9980 test=0.9362 round=11
Classification: train=0.9980 test=0.9359 round=12
Classification: train=0.9980 test=0.9376 round=13
Classification: train=0.9978 test=0.9362 round=14
Classification: train=0.9976 test=0.9359 round=15
Classification: train=0.9976 test=0.9372 round=16
Classification: train=0.9976 test=0.9372 round=17
Classification: train=1.0000 test=0.9372 round=18
Classification: train=1.0000 test=0.9386 round=19
Classification: train=1.0000 test=0.9396 round=20
Classification: train=1.0000 test=0.9393 round=21
Classification: train=1.0000 test=0.9389 round=22
Classification: train=1.0000 test=0.9399 round=23
Classification: train=1.0000 test=0.9389 round=24
Classification: train=1.0000 test=0.9396 round=25
Classification: train=1.0000 test=0.9393 round=26
Classification: train=1.0000 test=0.9399 round=27
Classification: train=1.0000 test=0.9406 round=28
Classification: train=1.0000 test=0.9396 round=29
[fedcsl] checkpoint saved → ./checkpoint/resume/fedcsl_HAR_2026-04-25-13har_fedcsl-onehot_dir0.5.pt (round=30)
Classification: train=1.0000 test=0.9413 round=30
Classification: train=1.0000 test=0.9413 round=31
Classification: train=1.0000 test=0.9413 round=32
Classification: train=1.0000 test=0.9403 round=33
Classification: train=1.0000 test=0.9406 round=34
Classification: train=1.0000 test=0.9396 round=35
Classification: train=1.0000 test=0.9399 round=36
Classification: train=1.0000 test=0.9403 round=37
Classification: train=1.0000 test=0.9396 round=38
Classification: train=1.0000 test=0.9393 round=39
Classification: train=1.0000 test=0.9399 round=40
Classification: train=1.0000 test=0.9410 round=41
Classification: train=1.0000 test=0.9393 round=42
Classification: train=1.0000 test=0.9393 round=43
Classification: train=1.0000 test=0.9396 round=44
Classification: train=1.0000 test=0.9396 round=45
Classification: train=1.0000 test=0.9399 round=46
Classification: train=1.0000 test=0.9396 round=47
Classification: train=1.0000 test=0.9393 round=48
Classification: train=1.0000 test=0.9393 round=49
Classification: train=1.0000 test=0.9389 round=50
Classification: train=1.0000 test=0.9386 round=51
Classification: train=1.0000 test=0.9393 round=52
Classification: train=1.0000 test=0.9396 round=53
Classification: train=1.0000 test=0.9393 round=54
Classification: train=1.0000 test=0.9396 round=55
Classification: train=1.0000 test=0.9403 round=56
Classification: train=1.0000 test=0.9393 round=57
Classification: train=1.0000 test=0.9393 round=58
Classification: train=1.0000 test=0.9382 round=59
[fedcsl] checkpoint saved → ./checkpoint/resume/fedcsl_HAR_2026-04-25-13har_fedcsl-onehot_dir0.5.pt (round=60)
Classification: train=1.0000 test=0.9399 round=60
Classification: train=1.0000 test=0.9406 round=61
Classification: train=1.0000 test=0.9399 round=62
Classification: train=1.0000 test=0.9399 round=63
Classification: train=1.0000 test=0.9403 round=64
Classification: train=1.0000 test=0.9399 round=65
Classification: train=1.0000 test=0.9399 round=66
Classification: train=1.0000 test=0.9389 round=67
Classification: train=1.0000 test=0.9396 round=68
Classification: train=1.0000 test=0.9406 round=69
Classification: train=1.0000 test=0.9393 round=70
Classification: train=1.0000 test=0.9406 round=71
Classification: train=1.0000 test=0.9406 round=72
Classification: train=1.0000 test=0.9406 round=73
Classification: train=1.0000 test=0.9396 round=74
Classification: train=1.0000 test=0.9403 round=75
Classification: train=1.0000 test=0.9403 round=76
Classification: train=0.9985 test=0.9399 round=77
Classification: train=0.9985 test=0.9410 round=78
Classification: train=1.0000 test=0.9396 round=79
Classification: train=1.0000 test=0.9410 round=80
Classification: train=1.0000 test=0.9396 round=81
Classification: train=1.0000 test=0.9393 round=82
Classification: train=0.9988 test=0.9416 round=83
Classification: train=1.0000 test=0.9393 round=84
Classification: train=1.0000 test=0.9403 round=85
Classification: train=0.9988 test=0.9413 round=86
Classification: train=1.0000 test=0.9399 round=87
Classification: train=1.0000 test=0.9410 round=88
Classification: train=1.0000 test=0.9413 round=89
[fedcsl] checkpoint saved → ./checkpoint/resume/fedcsl_HAR_2026-04-25-13har_fedcsl-onehot_dir0.5.pt (round=90)
Classification: train=1.0000 test=0.9406 round=90
Classification: train=1.0000 test=0.9420 round=91
Classification: train=1.0000 test=0.9410 round=92
Classification: train=1.0000 test=0.9413 round=93
Classification: train=1.0000 test=0.9406 round=94
Classification: train=1.0000 test=0.9396 round=95
Classification: train=1.0000 test=0.9403 round=96
Classification: train=0.9988 test=0.9423 round=97
Classification: train=0.9988 test=0.9416 round=98
Classification: train=0.9988 test=0.9413 round=99
Classification: train=1.0000 test=0.9406 round=100
Classification: train=1.0000 test=0.9403 round=101
Classification: train=1.0000 test=0.9410 round=102
Classification: train=1.0000 test=0.9430 round=103
Classification: train=1.0000 test=0.9413 round=104
Classification: train=1.0000 test=0.9410 round=105
Classification: train=1.0000 test=0.9403 round=106
Classification: train=1.0000 test=0.9396 round=107
Classification: train=0.9988 test=0.9406 round=108
Classification: train=1.0000 test=0.9389 round=109
Classification: train=1.0000 test=0.9393 round=110
Classification: train=1.0000 test=0.9406 round=111
Classification: train=1.0000 test=0.9406 round=112
Classification: train=1.0000 test=0.9416 round=113
Classification: train=1.0000 test=0.9410 round=114
Classification: train=1.0000 test=0.9393 round=115
Classification: train=1.0000 test=0.9406 round=116
Classification: train=1.0000 test=0.9399 round=117
Classification: train=1.0000 test=0.9416 round=118
Classification: train=0.9990 test=0.9420 round=119
[fedcsl] checkpoint saved → ./checkpoint/resume/fedcsl_HAR_2026-04-25-13har_fedcsl-onehot_dir0.5.pt (round=120)
Classification: train=1.0000 test=0.9410 round=120
Classification: train=0.9990 test=0.9420 round=121
Classification: train=0.9990 test=0.9420 round=122
Classification: train=0.9990 test=0.9427 round=123
Classification: train=1.0000 test=0.9413 round=124
Classification: train=1.0000 test=0.9406 round=125
Classification: train=1.0000 test=0.9406 round=126
Classification: train=0.9990 test=0.9416 round=127
Classification: train=1.0000 test=0.9416 round=128
Classification: train=1.0000 test=0.9413 round=129
Classification: train=0.9991 test=0.9420 round=130
Classification: train=0.9990 test=0.9427 round=131
Classification: train=1.0000 test=0.9406 round=132
Classification: train=1.0000 test=0.9399 round=133
Classification: train=1.0000 test=0.9410 round=134
Classification: train=1.0000 test=0.9396 round=135
Classification: train=0.9991 test=0.9410 round=136
Classification: train=1.0000 test=0.9396 round=137
Classification: train=1.0000 test=0.9413 round=138
Classification: train=1.0000 test=0.9410 round=139
Classification: train=1.0000 test=0.9410 round=140
Classification: train=1.0000 test=0.9393 round=141
Classification: train=1.0000 test=0.9406 round=142
Classification: train=1.0000 test=0.9410 round=143
Classification: train=1.0000 test=0.9406 round=144
Classification: train=1.0000 test=0.9413 round=145
Classification: train=1.0000 test=0.9413 round=146
Classification: train=1.0000 test=0.9410 round=147
Classification: train=1.0000 test=0.9410 round=148
Classification: train=1.0000 test=0.9413 round=149
[fedcsl] checkpoint saved → ./checkpoint/resume/fedcsl_HAR_2026-04-25-13har_fedcsl-onehot_dir0.5.pt (round=150)
Classification: train=1.0000 test=0.9420 round=150
Classification: train=1.0000 test=0.9403 round=151
Classification: train=1.0000 test=0.9403 round=152
Classification: train=1.0000 test=0.9396 round=153
Classification: train=1.0000 test=0.9396 round=154
Classification: train=1.0000 test=0.9413 round=155
Classification: train=1.0000 test=0.9399 round=156
Classification: train=1.0000 test=0.9410 round=157
Classification: train=1.0000 test=0.9403 round=158
Classification: train=1.0000 test=0.9410 round=159
Classification: train=1.0000 test=0.9399 round=160
Classification: train=1.0000 test=0.9389 round=161
Classification: train=1.0000 test=0.9399 round=162
Classification: train=1.0000 test=0.9396 round=163
Classification: train=1.0000 test=0.9403 round=164
Classification: train=1.0000 test=0.9410 round=165
Classification: train=1.0000 test=0.9413 round=166
Classification: train=1.0000 test=0.9413 round=167
Classification: train=1.0000 test=0.9406 round=168
Classification: train=1.0000 test=0.9403 round=169
Classification: train=1.0000 test=0.9410 round=170
Classification: train=1.0000 test=0.9399 round=171
Classification: train=1.0000 test=0.9399 round=172
Classification: train=1.0000 test=0.9406 round=173
Classification: train=1.0000 test=0.9406 round=174
Classification: train=1.0000 test=0.9399 round=175
Classification: train=1.0000 test=0.9399 round=176
Classification: train=1.0000 test=0.9396 round=177
Classification: train=1.0000 test=0.9406 round=178
Classification: train=1.0000 test=0.9410 round=179
[fedcsl] checkpoint saved → ./checkpoint/resume/fedcsl_HAR_2026-04-25-13har_fedcsl-onehot_dir0.5.pt (round=180)
Classification: train=1.0000 test=0.9403 round=180
Classification: train=1.0000 test=0.9399 round=181
Classification: train=0.9990 test=0.9410 round=182
Classification: train=0.9990 test=0.9396 round=183
Classification: train=1.0000 test=0.9406 round=184
Classification: train=1.0000 test=0.9410 round=185
Classification: train=1.0000 test=0.9410 round=186
Classification: train=1.0000 test=0.9403 round=187
Classification: train=0.9988 test=0.9396 round=188
Classification: train=1.0000 test=0.9403 round=189
Classification: train=1.0000 test=0.9399 round=190
Classification: train=1.0000 test=0.9416 round=191
Classification: train=0.9991 test=0.9393 round=192
Classification: train=0.9991 test=0.9396 round=193
Classification: train=0.9991 test=0.9389 round=194
Classification: train=0.9991 test=0.9403 round=195
Classification: train=0.9988 test=0.9399 round=196
Classification: train=1.0000 test=0.9413 round=197
Classification: train=0.9990 test=0.9403 round=198
Classification: train=0.9988 test=0.9410 round=199
best round is 103, acc is 0.942993
Model saved to ./checkpoint/HAR/2026-04-25-13har_fedcsl-onehot_dir0.5_HAR_model.pt
