# 2026-05-05 13:30:54  har_fedcsl-onehot-fullteacher_dir0.3  GPU=3  cwd=/data/user_lixiongfei/CSL-main
# CMD: python3 -u FedCSL_All.py -dataset HAR --config configFedCSL_OneHot_FullTeacher.yml --dirichlet-alpha 0.3 --seed 42 --description har_fedcsl-onehot-fullteacher_dir0.3 -dataset PhonemeSpectra

/mnt/data/user_liangzhiyu/envs/fedcsl/lib/python3.8/site-packages/scipy/__init__.py:146: UserWarning: A NumPy version >=1.16.5 and <1.23.0 is required for this version of SciPy (detected version 1.23.5
  warnings.warn(f"A NumPy version >={np_minversion} and <{np_maxversion}"
[config] 'configFedCSL_OneHot_FullTeacher.yml' 未找到，重定向到 'config/configFedCSL_OneHot_FullTeacher.yml'
3315
<class 'pandas.core.frame.DataFrame'>
RangeIndex: 3315 entries, 0 to 3314
Data columns (total 12 columns):
 #   Column      Non-Null Count  Dtype 
---  ------      --------------  ----- 
 0   dim_0       3315 non-null   object
 1   dim_1       3315 non-null   object
 2   dim_2       3315 non-null   object
 3   dim_3       3315 non-null   object
 4   dim_4       3315 non-null   object
 5   dim_5       3315 non-null   object
 6   dim_6       3315 non-null   object
 7   dim_7       3315 non-null   object
 8   dim_8       3315 non-null   object
 9   dim_9       3315 non-null   object
 10  dim_10      3315 non-null   object
 11  class_vals  3315 non-null   object
dtypes: object(12)
memory usage: 310.9+ KB
None
{217}
<class 'pandas.core.frame.DataFrame'>
RangeIndex: 3315 entries, 0 to 3314
Data columns (total 12 columns):
 #   Column      Non-Null Count  Dtype 
---  ------      --------------  ----- 
 0   dim_0       3315 non-null   object
 1   dim_1       3315 non-null   object
 2   dim_2       3315 non-null   object
 3   dim_3       3315 non-null   object
 4   dim_4       3315 non-null   object
 5   dim_5       3315 non-null   object
 6   dim_6       3315 non-null   object
 7   dim_7       3315 non-null   object
 8   dim_8       3315 non-null   object
 9   dim_9       3315 non-null   object
 10  dim_10      3315 non-null   object
 11  class_vals  3315 non-null   object
dtypes: object(12)
memory usage: 310.9+ KB
None
[ 0  0  0 ... 38 38 38]
[   0    1   85   86   87   88   89   90   91   92   93   94   95   96
   97   98   99  100  101  102  103  104  105  106  107  108  109  110
  111  112  113  114  115  116  117  118  119  120  121  122  123  124
  125  126  127  128  129  130  131  132  133  134  135  136  137  138
  139  140  141  142  143  144  145  146  147  148  149  150  151  152
  153  154  155  156  170  340  341  342  343  344  345  346  347  348
  349  350  351  352  353  354  355  356  357  358  359  360  361  362
  363  364  365  366  367  368  369  370  371  372  373  374  375  376
  377  378  379  380  381  382  383  384  385  386  387  388  389  390
  391  392  393  394  395  396  397  398  399  400  401  402  403  404
  405  406  510  511  512  513  514  515  516  517  518  519  520  521
  522  523  524  525  526  527  528  529  530  531  532  533  534  535
  536  537  538  539  595  596  597  598  599  600  601  602  603  604
  605  606  607  608  609  610  611  612  613  614  615  616  617  618
  619  620  621  622  623  624  625  626  680  681  682  683  684  685
  686  765  766  767  768  769  770  771  772  773  774  775  776  777
  778  779  780  781  782  783  784  785  786  787  788  789  790  791
  792  793  794  795  796  797  798  799  800 1020 1021 1022 1023 1024
 1025 1026 1027 1028 1105 1106 1107 1108 1109 1110 1111 1112 1113 1114
 1115 1116 1117 1118 1119 1120 1121 1122 1123 1124 1125 1126 1127 1128
 1129 1130 1131 1132 1133 1134 1135 1136 1137 1138 1139 1140 1141 1142
 1143 1144 1145 1146 1147 1148 1149 1150 1151 1152 1153 1154 1155 1156
 1157 1158 1159 1160 1445 1446 1447 1448 1449 1450 1451 1452 1453 1454
 1455 1456 1457 1458 1459 1460 1461 1462 1463 1464 1465 1466 1467 1468
 1469 1470 1471 1472 1473 1474 1475 1476 1477 1478 1479 1480 1481 1482
 1483 1484 1485 1486 1487 1488 1489 1490 1491 1492 1493 1494 1495 1496
 1497 1498 1499 1500 1501 1502 1503 1504 1505 1506 1507 1508 1509 1510
 1511 1512 1513 1514 1515 1516 1517 1518 1519 1520 1521 1522 1530 1531
 1532 1533 1534 1535 1536 1537 1538 1539 1540 1541 1542 1543 1544 1545
 1546 1547 1548 1549 1550 1551 1552 1553 1554 1555 1556 1557 1558 1559
 1560 1561 1562 1563 1564 1565 1566 1567 1568 1569 1570 1571 1572 1573
 1574 1575 1576 1577 1578 1579 1580 1581 1582 1583 1584 1585 1586 1587
 1588 1589 1590 1591 1592 1593 1594 1595 1596 1597 1598 1599 1600 1601
 1602 1603 1604 1605 1606 1607 1608 1615 1616 1700 1701 1702 1785 1786
 1787 1788 1789 1790 1791 1792 1793 1794 1795 1796 1797 1798 1799 1800
 1801 1802 1870 1871 1872 1873 1874 1875 1876 1877 1878 1879 1880 1881
 1882 1883 1884 1885 1886 1887 1888 1889 1890 1891 1892 1893 1955 1956
 1957 1958 1959 1960 1961 1962 1963 1964 1965 2125 2126 2127 2210 2211
 2212 2213 2214 2215 2216 2217 2218 2219 2220 2221 2222 2223 2224 2225
 2226 2227 2228 2229 2230 2231 2232 2233 2234 2235 2236 2237 2238 2239
 2240 2241 2242 2243 2244 2245 2295 2465 2466 2467 2468 2469 2470 2471
 2472 2473 2474 2475 2476 2477 2478 2479 2480 2481 2482 2483 2484 2485
 2486 2487 2488 2489 2490 2491 2492 2493 2494 2495 2496 2497 2498 2499
 2500 2501 2502 2503 2504 2505 2506 2507 2508 2509 2510 2511 2512 2513
 2514 2515 2516 2517 2518 2519 2520 2521 2522 2523 2524 2525 2526 2527
 2528 2529 2530 2531 2532 2533 2550 2551 2552 2553 2554 2555 2556 2557
 2558 2559 2560 2561 2562 2563 2564 2565 2566 2567 2568 2569 2570 2571
 2572 2573 2574 2575 2576 2577 2578 2579 2580 2581 2582 2583 2584 2585
 2586 2587 2588 2589 2590 2591 2592 2593 2594 2595 2596 2597 2598 2599
 2600 2601 2602 2603 2604 2605 2606 2607 2608 2609 2610 2611 2612 2613
 2614 2615 2616 2617 2618 2619 2620 2621 2622 2623 2624 2625 2635 2636
 2637 2638 2639 2640 2641 2642 2643 2644 2645 2646 2647 2648 2649 2650
 2651 2652 2653 2654 2655 2656 2657 2658 2659 2660 2661 2662 2663 2664
 2665 2666 2667 2668 2720 2721 2722 2723 2724 2725 2726 2727 2728 2729
 2730 2731 2732 2733 2734 2735 2736 2737 2805 2806 2975 2976 2977 2978
 2979 2980 2981 2982 2983 2984 2985 3060 3061 3230 3231 3232 3233 3234
 3235 3236 3237 3238 3239 3240 3241 3242 3243 3244 3245 3246 3247 3248
 3249 3250 3251 3252 3253 3254 3255 3256 3257 3258 3259 3260 3261 3262
 3263 3264 3265 3266 3267 3268 3269 3270 3271 3272 3273 3274 3275 3276
 3277 3278 3279 3280 3281 3282 3283 3284 3285 3286 3287 3288 3289 3290
 3291 3292 3293 3294 3295 3296]
[0, 0, 1, 1, 1, 1, 1, 1, 1, 1, 1, 1, 1, 1, 1, 1, 1, 1, 1, 1, 1, 1, 1, 1, 1, 1, 1, 1, 1, 1, 1, 1, 1, 1, 1, 1, 1, 1, 1, 1, 1, 1, 1, 1, 1, 1, 1, 1, 1, 1, 1, 1, 1, 1, 1, 1, 1, 1, 1, 1, 1, 1, 1, 1, 1, 1, 1, 1, 1, 1, 1, 1, 1, 1, 2, 4, 4, 4, 4, 4, 4, 4, 4, 4, 4, 4, 4, 4, 4, 4, 4, 4, 4, 4, 4, 4, 4, 4, 4, 4, 4, 4, 4, 4, 4, 4, 4, 4, 4, 4, 4, 4, 4, 4, 4, 4, 4, 4, 4, 4, 4, 4, 4, 4, 4, 4, 4, 4, 4, 4, 4, 4, 4, 4, 4, 4, 4, 4, 4, 4, 4, 4, 6, 6, 6, 6, 6, 6, 6, 6, 6, 6, 6, 6, 6, 6, 6, 6, 6, 6, 6, 6, 6, 6, 6, 6, 6, 6, 6, 6, 6, 6, 7, 7, 7, 7, 7, 7, 7, 7, 7, 7, 7, 7, 7, 7, 7, 7, 7, 7, 7, 7, 7, 7, 7, 7, 7, 7, 7, 7, 7, 7, 7, 7, 8, 8, 8, 8, 8, 8, 8, 9, 9, 9, 9, 9, 9, 9, 9, 9, 9, 9, 9, 9, 9, 9, 9, 9, 9, 9, 9, 9, 9, 9, 9, 9, 9, 9, 9, 9, 9, 9, 9, 9, 9, 9, 9, 12, 12, 12, 12, 12, 12, 12, 12, 12, 13, 13, 13, 13, 13, 13, 13, 13, 13, 13, 13, 13, 13, 13, 13, 13, 13, 13, 13, 13, 13, 13, 13, 13, 13, 13, 13, 13, 13, 13, 13, 13, 13, 13, 13, 13, 13, 13, 13, 13, 13, 13, 13, 13, 13, 13, 13, 13, 13, 13, 13, 13, 13, 13, 13, 13, 17, 17, 17, 17, 17, 17, 17, 17, 17, 17, 17, 17, 17, 17, 17, 17, 17, 17, 17, 17, 17, 17, 17, 17, 17, 17, 17, 17, 17, 17, 17, 17, 17, 17, 17, 17, 17, 17, 17, 17, 17, 17, 17, 17, 17, 17, 17, 17, 17, 17, 17, 17, 17, 17, 17, 17, 17, 17, 17, 17, 17, 17, 17, 17, 17, 17, 17, 17, 17, 17, 17, 17, 17, 17, 17, 17, 17, 17, 18, 18, 18, 18, 18, 18, 18, 18, 18, 18, 18, 18, 18, 18, 18, 18, 18, 18, 18, 18, 18, 18, 18, 18, 18, 18, 18, 18, 18, 18, 18, 18, 18, 18, 18, 18, 18, 18, 18, 18, 18, 18, 18, 18, 18, 18, 18, 18, 18, 18, 18, 18, 18, 18, 18, 18, 18, 18, 18, 18, 18, 18, 18, 18, 18, 18, 18, 18, 18, 18, 18, 18, 18, 18, 18, 18, 18, 18, 18, 19, 19, 20, 20, 20, 21, 21, 21, 21, 21, 21, 21, 21, 21, 21, 21, 21, 21, 21, 21, 21, 21, 21, 22, 22, 22, 22, 22, 22, 22, 22, 22, 22, 22, 22, 22, 22, 22, 22, 22, 22, 22, 22, 22, 22, 22, 22, 23, 23, 23, 23, 23, 23, 23, 23, 23, 23, 23, 25, 25, 25, 26, 26, 26, 26, 26, 26, 26, 26, 26, 26, 26, 26, 26, 26, 26, 26, 26, 26, 26, 26, 26, 26, 26, 26, 26, 26, 26, 26, 26, 26, 26, 26, 26, 26, 26, 26, 27, 29, 29, 29, 29, 29, 29, 29, 29, 29, 29, 29, 29, 29, 29, 29, 29, 29, 29, 29, 29, 29, 29, 29, 29, 29, 29, 29, 29, 29, 29, 29, 29, 29, 29, 29, 29, 29, 29, 29, 29, 29, 29, 29, 29, 29, 29, 29, 29, 29, 29, 29, 29, 29, 29, 29, 29, 29, 29, 29, 29, 29, 29, 29, 29, 29, 29, 29, 29, 29, 30, 30, 30, 30, 30, 30, 30, 30, 30, 30, 30, 30, 30, 30, 30, 30, 30, 30, 30, 30, 30, 30, 30, 30, 30, 30, 30, 30, 30, 30, 30, 30, 30, 30, 30, 30, 30, 30, 30, 30, 30, 30, 30, 30, 30, 30, 30, 30, 30, 30, 30, 30, 30, 30, 30, 30, 30, 30, 30, 30, 30, 30, 30, 30, 30, 30, 30, 30, 30, 30, 30, 30, 30, 30, 30, 30, 31, 31, 31, 31, 31, 31, 31, 31, 31, 31, 31, 31, 31, 31, 31, 31, 31, 31, 31, 31, 31, 31, 31, 31, 31, 31, 31, 31, 31, 31, 31, 31, 31, 31, 32, 32, 32, 32, 32, 32, 32, 32, 32, 32, 32, 32, 32, 32, 32, 32, 32, 32, 33, 33, 35, 35, 35, 35, 35, 35, 35, 35, 35, 35, 35, 36, 36, 38, 38, 38, 38, 38, 38, 38, 38, 38, 38, 38, 38, 38, 38, 38, 38, 38, 38, 38, 38, 38, 38, 38, 38, 38, 38, 38, 38, 38, 38, 38, 38, 38, 38, 38, 38, 38, 38, 38, 38, 38, 38, 38, 38, 38, 38, 38, 38, 38, 38, 38, 38, 38, 38, 38, 38, 38, 38, 38, 38, 38, 38, 38, 38, 38, 38, 38]
[0, 0, 0, 0, 2, 2, 2, 2, 2, 2, 2, 2, 2, 2, 2, 2, 2, 2, 2, 2, 2, 2, 2, 2, 2, 2, 2, 2, 2, 2, 2, 2, 2, 2, 2, 2, 2, 2, 2, 2, 2, 2, 2, 2, 2, 2, 2, 2, 2, 2, 2, 2, 2, 2, 2, 2, 2, 2, 2, 2, 2, 2, 2, 2, 2, 2, 2, 2, 2, 2, 2, 2, 2, 2, 2, 2, 2, 2, 2, 2, 2, 2, 2, 3, 3, 3, 3, 3, 3, 3, 3, 3, 3, 3, 3, 3, 3, 3, 3, 3, 3, 3, 3, 3, 3, 3, 3, 3, 3, 3, 3, 3, 3, 3, 3, 3, 3, 3, 3, 3, 3, 3, 3, 3, 3, 3, 3, 3, 3, 3, 3, 3, 3, 3, 3, 3, 3, 3, 3, 3, 3, 3, 3, 3, 3, 3, 3, 3, 3, 3, 3, 3, 3, 3, 3, 3, 3, 3, 3, 3, 3, 3, 3, 5, 7, 7, 7, 7, 7, 7, 7, 7, 7, 8, 8, 8, 8, 8, 8, 8, 8, 8, 8, 8, 8, 8, 8, 8, 8, 8, 8, 8, 8, 8, 8, 8, 8, 8, 8, 8, 8, 8, 8, 8, 8, 8, 8, 8, 8, 8, 8, 8, 8, 8, 8, 8, 8, 8, 8, 8, 8, 8, 8, 8, 8, 8, 8, 8, 9, 9, 9, 9, 9, 9, 9, 9, 9, 9, 9, 9, 9, 9, 9, 9, 9, 9, 9, 9, 9, 9, 9, 9, 9, 9, 9, 9, 10, 10, 10, 10, 10, 10, 10, 10, 10, 10, 10, 10, 10, 10, 10, 10, 10, 10, 10, 10, 10, 10, 10, 10, 10, 10, 10, 10, 10, 10, 10, 10, 10, 10, 10, 10, 10, 10, 10, 10, 10, 10, 10, 10, 10, 10, 10, 10, 10, 10, 10, 10, 10, 10, 10, 10, 10, 11, 11, 11, 11, 11, 11, 11, 11, 11, 12, 12, 12, 12, 12, 12, 12, 12, 12, 12, 12, 12, 12, 12, 12, 12, 12, 12, 12, 12, 12, 12, 12, 12, 12, 12, 12, 12, 12, 12, 12, 12, 12, 12, 12, 12, 12, 12, 12, 12, 12, 12, 12, 12, 12, 12, 12, 13, 13, 13, 13, 13, 13, 13, 13, 13, 13, 13, 13, 13, 13, 13, 13, 13, 13, 13, 13, 13, 13, 13, 13, 13, 13, 13, 13, 14, 14, 14, 14, 14, 14, 14, 14, 14, 14, 14, 14, 14, 14, 14, 14, 14, 14, 14, 14, 14, 14, 14, 15, 15, 15, 15, 15, 15, 15, 15, 15, 15, 15, 15, 15, 15, 15, 15, 15, 15, 15, 15, 15, 15, 15, 15, 15, 15, 15, 15, 15, 15, 15, 15, 15, 15, 15, 15, 15, 15, 15, 15, 15, 15, 15, 15, 15, 15, 15, 15, 15, 15, 15, 15, 15, 15, 15, 15, 15, 15, 15, 15, 15, 15, 15, 15, 15, 15, 15, 15, 15, 15, 15, 15, 15, 15, 15, 15, 15, 15, 15, 18, 18, 21, 21, 22, 22, 22, 22, 22, 22, 22, 22, 22, 22, 22, 22, 22, 22, 22, 22, 22, 22, 22, 22, 22, 22, 22, 22, 22, 22, 22, 22, 22, 22, 22, 22, 22, 22, 22, 22, 22, 22, 22, 22, 22, 22, 22, 22, 22, 22, 22, 22, 22, 22, 22, 22, 22, 22, 22, 22, 22, 22, 23, 24, 24, 24, 24, 24, 24, 24, 24, 24, 24, 24, 24, 24, 24, 24, 24, 24, 24, 24, 24, 24, 24, 24, 24, 24, 24, 24, 24, 24, 24, 24, 24, 24, 24, 24, 24, 24, 24, 24, 24, 24, 24, 24, 24, 24, 24, 24, 24, 24, 24, 24, 24, 24, 24, 24, 24, 24, 24, 24, 24, 24, 24, 24, 24, 26, 27, 27, 27, 27, 27, 28, 28, 28, 28, 28, 28, 28, 28, 28, 28, 28, 28, 28, 28, 29, 29, 29, 29, 29, 29, 29, 29, 29, 29, 29, 29, 29, 29, 29, 30, 30, 30, 30, 30, 30, 30, 30, 31, 31, 31, 31, 31, 31, 31, 31, 31, 31, 31, 31, 31, 31, 31, 31, 31, 31, 31, 31, 31, 31, 31, 31, 31, 31, 31, 31, 31, 31, 31, 31, 31, 31, 31, 31, 31, 31, 31, 31, 31, 31, 31, 31, 31, 31, 31, 31, 31, 31, 32, 32, 32, 32, 32, 32, 32, 32, 32, 32, 32, 32, 32, 32, 32, 32, 32, 32, 32, 32, 32, 32, 32, 32, 32, 32, 32, 32, 32, 32, 32, 32, 32, 32, 32, 32, 32, 32, 32, 32, 32, 32, 32, 32, 32, 32, 32, 32, 32, 32, 32, 32, 32, 32, 32, 32, 32, 32, 32, 32, 32, 32, 32, 32, 32, 32, 33, 33, 33, 33, 33, 33, 33, 33, 33, 33, 33, 33, 33, 33, 33, 33, 33, 33, 33, 33, 33, 33, 33, 33, 33, 33, 33, 33, 33, 33, 33, 33, 33, 33, 33, 33, 33, 33, 33, 33, 33, 33, 33, 33, 33, 33, 33, 33, 33, 33, 33, 33, 33, 33, 33, 33, 33, 33, 33, 33, 33, 33, 33, 33, 33, 33, 33, 33, 33, 33, 33, 33, 33, 33, 33, 33, 33, 33, 33, 34, 34, 34, 34, 34, 34, 34, 34, 34, 34, 34, 34, 34, 34, 34, 34, 34, 34, 34, 34, 34, 34, 34, 34, 34, 34, 34, 34, 34, 34, 34, 34, 34, 34, 34, 34, 34, 34, 34, 34, 34, 34, 34, 34, 34, 34, 34, 34, 34, 34, 34, 34, 34, 34, 34, 34, 34, 34, 34, 34, 34, 34, 34, 34, 34, 34, 34, 34, 34, 34, 34, 34, 34, 34, 34, 35, 35, 35, 35, 35, 35, 37, 37, 37, 37, 37, 37, 37, 37, 37, 37, 37, 37, 37, 37, 37, 37, 37, 37, 37, 37, 37, 37, 37, 37, 37, 37, 37, 37, 37, 37, 37, 37, 37, 37, 37, 37, 37, 37, 37, 37, 37, 37, 37, 37, 37, 37, 37, 37, 37, 37, 37, 37, 37, 37, 37, 37, 37, 37, 37, 37, 37, 37, 37, 37, 37, 37, 37, 37, 37, 37, 37, 37, 37, 37, 37, 37, 37, 37, 37, 37, 37, 37, 37, 37, 38, 38, 38, 38, 38, 38, 38, 38, 38, 38, 38, 38, 38, 38]
[0, 0, 0, 0, 0, 0, 0, 0, 0, 0, 0, 0, 0, 0, 0, 0, 0, 0, 0, 0, 0, 0, 0, 0, 0, 0, 0, 0, 0, 0, 0, 0, 0, 0, 0, 0, 0, 0, 0, 0, 0, 0, 0, 0, 0, 0, 0, 0, 0, 0, 0, 0, 0, 0, 0, 0, 0, 0, 0, 0, 0, 0, 0, 0, 0, 0, 0, 0, 0, 0, 0, 0, 0, 0, 0, 0, 0, 0, 0, 1, 1, 1, 1, 1, 1, 1, 1, 1, 1, 1, 1, 1, 2, 2, 2, 2, 2, 3, 3, 3, 3, 3, 4, 4, 4, 4, 4, 4, 4, 4, 4, 4, 4, 4, 4, 4, 4, 4, 4, 4, 5, 5, 5, 5, 5, 5, 5, 5, 5, 5, 5, 5, 5, 5, 5, 5, 5, 5, 5, 5, 5, 5, 5, 5, 5, 5, 5, 5, 5, 5, 5, 5, 5, 5, 5, 5, 5, 5, 5, 5, 5, 5, 5, 5, 5, 5, 5, 5, 5, 5, 5, 5, 5, 5, 5, 5, 5, 5, 5, 5, 5, 5, 5, 5, 5, 5, 5, 5, 5, 5, 5, 5, 5, 5, 5, 5, 5, 5, 5, 5, 5, 5, 5, 5, 6, 6, 6, 6, 6, 6, 6, 6, 6, 6, 6, 6, 6, 6, 6, 6, 6, 6, 6, 6, 6, 6, 6, 6, 6, 6, 6, 6, 6, 6, 6, 6, 6, 6, 6, 6, 6, 6, 6, 6, 6, 6, 6, 6, 6, 6, 6, 6, 6, 6, 6, 6, 6, 6, 6, 7, 7, 7, 7, 7, 7, 7, 7, 7, 7, 7, 7, 7, 7, 7, 7, 7, 7, 7, 7, 7, 7, 7, 7, 7, 7, 7, 7, 7, 7, 7, 7, 7, 7, 7, 7, 7, 7, 7, 7, 7, 7, 7, 7, 8, 8, 8, 8, 8, 8, 8, 8, 8, 8, 8, 8, 8, 8, 8, 8, 8, 8, 8, 8, 8, 8, 8, 9, 9, 9, 9, 9, 9, 9, 9, 9, 9, 9, 9, 9, 9, 9, 9, 9, 9, 9, 9, 9, 10, 10, 10, 10, 10, 10, 10, 10, 10, 10, 10, 10, 10, 10, 10, 10, 10, 10, 10, 10, 10, 10, 10, 10, 10, 10, 10, 10, 11, 11, 11, 11, 11, 11, 11, 11, 11, 11, 11, 11, 11, 11, 11, 11, 11, 11, 11, 11, 11, 11, 11, 11, 11, 11, 11, 11, 11, 11, 11, 11, 11, 11, 11, 11, 11, 11, 11, 11, 11, 11, 11, 11, 11, 11, 11, 11, 11, 11, 11, 11, 11, 11, 11, 11, 11, 11, 11, 11, 11, 11, 11, 11, 11, 11, 11, 11, 11, 11, 11, 11, 11, 11, 11, 11, 12, 12, 12, 12, 12, 12, 12, 12, 12, 12, 12, 12, 12, 12, 12, 12, 12, 12, 12, 12, 12, 12, 12, 12, 12, 12, 12, 12, 12, 13, 14, 14, 14, 14, 14, 14, 14, 14, 14, 14, 14, 14, 14, 14, 14, 14, 14, 14, 14, 14, 14, 14, 14, 14, 14, 14, 14, 14, 14, 14, 14, 14, 14, 14, 14, 14, 14, 14, 14, 14, 14, 14, 14, 14, 14, 14, 14, 14, 14, 14, 14, 14, 14, 14, 14, 14, 14, 14, 14, 14, 14, 14, 15, 15, 15, 15, 15, 15, 16, 16, 16, 16, 16, 16, 16, 16, 16, 16, 16, 16, 16, 16, 16, 16, 16, 16, 16, 16, 16, 16, 16, 16, 16, 16, 16, 16, 16, 16, 16, 16, 16, 16, 16, 16, 16, 16, 16, 16, 16, 16, 16, 16, 16, 16, 16, 16, 16, 16, 16, 16, 16, 16, 16, 16, 16, 16, 16, 16, 16, 16, 16, 16, 16, 16, 16, 16, 16, 16, 16, 16, 16, 16, 16, 16, 16, 16, 16, 16, 16, 16, 16, 16, 16, 17, 17, 17, 17, 17, 17, 17, 18, 18, 18, 18, 19, 19, 19, 19, 19, 19, 19, 19, 19, 19, 19, 19, 19, 19, 19, 19, 19, 19, 19, 19, 19, 19, 19, 19, 19, 19, 19, 19, 19, 19, 19, 19, 19, 19, 19, 19, 19, 19, 19, 19, 19, 19, 19, 19, 19, 19, 19, 19, 19, 19, 19, 19, 19, 19, 19, 19, 19, 19, 19, 19, 19, 19, 19, 19, 19, 19, 19, 19, 19, 19, 19, 19, 19, 19, 19, 19, 19, 19, 19, 19, 19, 19, 19, 20, 20, 20, 20, 20, 20, 20, 20, 20, 20, 20, 20, 20, 20, 20, 20, 20, 20, 20, 20, 20, 20, 20, 20, 20, 20, 20, 20, 20, 20, 20, 20, 20, 20, 20, 20, 20, 20, 20, 20, 20, 20, 20, 20, 20, 20, 20, 20, 20, 20, 20, 20, 20, 20, 20, 20, 20, 20, 20, 20, 20, 20, 20, 20, 20, 20, 20, 20, 20, 20, 20, 20, 20, 20, 20, 20, 20, 20, 20, 20, 20, 20, 21, 21, 21, 21, 21, 21, 21, 21, 21, 21, 21, 21, 21, 21, 21, 21, 21, 21, 21, 21, 21, 21, 21, 21, 21, 21, 21, 21, 21, 21, 21, 21, 21, 21, 21, 21, 21, 21, 21, 21, 21, 21, 21, 21, 21, 21, 21, 21, 21, 21, 21, 21, 21, 21, 21, 21, 21, 21, 21, 21, 21, 21, 21, 21, 21, 22, 22, 22, 23, 23, 23, 23, 23, 23, 23, 23, 23, 23, 23, 23, 23, 23, 23, 23, 23, 23, 23, 23, 23, 23, 23, 23, 23, 23, 23, 23, 23, 23, 23, 23, 23, 23, 23, 23, 23, 23, 23, 23, 23, 23, 23, 23, 23, 23, 23, 23, 23, 23, 23, 23, 23, 23, 23, 23, 23, 23, 23, 23, 23, 23, 23, 23, 23, 23, 23, 23, 23, 23, 23, 23, 23, 24, 24, 24, 24, 24, 24, 24, 24, 24, 24, 24, 24, 24, 24, 24, 24, 24, 24, 24, 24, 24, 25, 25, 25, 25, 25, 25, 25, 25, 25, 25, 25, 25, 25, 25, 25, 25, 25, 25, 25, 25, 25, 25, 25, 25, 25, 25, 25, 25, 25, 25, 25, 25, 25, 25, 25, 25, 25, 25, 25, 25, 25, 25, 25, 25, 25, 25, 25, 25, 25, 25, 25, 25, 25, 25, 25, 25, 25, 25, 25, 25, 25, 25, 25, 25, 25, 25, 25, 25, 25, 25, 25, 25, 25, 25, 25, 25, 25, 25, 25, 25, 25, 25, 26, 26, 26, 26, 26, 26, 26, 26, 26, 26, 26, 26, 26, 26, 26, 26, 26, 26, 26, 26, 26, 26, 26, 26, 26, 26, 26, 26, 26, 26, 26, 26, 26, 26, 26, 26, 26, 26, 26, 26, 26, 26, 26, 26, 26, 26, 26, 26, 27, 27, 27, 27, 27, 27, 27, 27, 27, 27, 27, 27, 27, 27, 27, 27, 27, 27, 27, 27, 27, 27, 27, 27, 27, 27, 27, 27, 27, 27, 27, 27, 27, 27, 27, 27, 27, 27, 27, 27, 27, 27, 27, 27, 27, 27, 27, 27, 27, 27, 27, 27, 27, 27, 27, 27, 27, 27, 27, 27, 27, 27, 27, 27, 27, 27, 27, 27, 27, 27, 27, 27, 27, 27, 27, 27, 27, 27, 27, 28, 28, 28, 28, 28, 28, 28, 28, 28, 28, 28, 28, 28, 28, 28, 28, 28, 28, 28, 28, 28, 28, 28, 28, 28, 28, 28, 28, 28, 28, 28, 28, 28, 28, 28, 28, 28, 28, 28, 28, 28, 28, 28, 28, 28, 28, 28, 28, 28, 28, 28, 28, 28, 28, 28, 28, 28, 28, 28, 28, 28, 28, 28, 28, 28, 28, 28, 28, 28, 28, 28, 29, 30, 31, 32, 33, 33, 33, 33, 34, 34, 34, 34, 34, 34, 34, 34, 34, 34, 35, 35, 35, 35, 35, 35, 35, 35, 35, 35, 35, 35, 35, 35, 35, 35, 35, 35, 35, 35, 35, 35, 35, 35, 35, 35, 35, 35, 35, 35, 35, 35, 35, 35, 35, 35, 35, 35, 35, 35, 35, 35, 35, 35, 35, 35, 35, 35, 35, 35, 35, 35, 35, 35, 35, 35, 35, 35, 35, 35, 35, 35, 35, 35, 35, 35, 35, 35, 36, 36, 36, 36, 36, 36, 36, 36, 36, 36, 36, 36, 36, 36, 36, 36, 36, 36, 36, 36, 36, 36, 36, 36, 36, 36, 36, 36, 36, 36, 36, 36, 36, 36, 36, 36, 36, 36, 36, 36, 36, 36, 36, 36, 36, 36, 36, 36, 36, 36, 36, 36, 36, 36, 36, 36, 36, 36, 36, 36, 36, 36, 36, 36, 36, 36, 36, 36, 36, 36, 36, 36, 36, 36, 36, 36, 36, 36, 36, 36, 36, 36, 36, 37, 38, 38, 38, 38]
shapelet initialized!
All 3 clients initialized.
Server device: cuda:0
Client worker groups: [[0], [1], [2]]
Client worker devices: ['cuda:0', 'cuda:0', 'cuda:0']
客户端选择未启用，所有客户端参与聚合
[fedcsl] precomputed client scale scores once in 0.367s; planned scale coverage: [3, 1, 1, 1, 2, 2, 1, 1]
[round 0] reused planned scale coverage: [3, 1, 1, 1, 2, 2, 1, 1]
/data/user_lixiongfei/CSL-main/train.py:801: UserWarning: Creating a tensor from a list of numpy.ndarrays is extremely slow. Please consider converting the list to a single numpy.ndarray with numpy.array() before converting to a tensor. (Triggered internally at ../torch/csrc/utils/tensor_new.cpp:278.)
  X = torch.tensor(X, dtype=torch.float)
Classification: train=1.0000 test=0.2073 round=0
[round 0] timing train=81.171s distribution=5.011s agg=0.213s eval=158.789s total=245.189s
[round 1] reused planned scale coverage: [3, 1, 1, 1, 2, 2, 1, 1]
Classification: train=1.0000 test=0.2085 round=1
[round 1] timing train=217.966s distribution=4.971s agg=0.208s eval=165.971s total=389.127s
[round 2] reused planned scale coverage: [3, 1, 1, 1, 2, 2, 1, 1]
Classification: train=1.0000 test=0.2064 round=2
[round 2] timing train=221.292s distribution=5.319s agg=0.285s eval=150.788s total=377.703s
[round 3] reused planned scale coverage: [3, 1, 1, 1, 2, 2, 1, 1]
Classification: train=1.0000 test=0.2064 round=3
[round 3] timing train=218.815s distribution=5.805s agg=0.454s eval=155.460s total=380.579s
[round 4] reused planned scale coverage: [3, 1, 1, 1, 2, 2, 1, 1]
Classification: train=1.0000 test=0.2058 round=4
[round 4] timing train=212.715s distribution=5.345s agg=0.330s eval=165.857s total=384.272s
[round 5] reused planned scale coverage: [3, 1, 1, 1, 2, 2, 1, 1]
Classification: train=1.0000 test=0.2052 round=5
[round 5] timing train=219.434s distribution=4.478s agg=0.188s eval=149.232s total=373.350s
[round 6] reused planned scale coverage: [3, 1, 1, 1, 2, 2, 1, 1]
Classification: train=1.0000 test=0.2055 round=6
[round 6] timing train=219.629s distribution=4.921s agg=0.321s eval=148.148s total=373.044s
[round 7] reused planned scale coverage: [3, 1, 1, 1, 2, 2, 1, 1]
Classification: train=1.0000 test=0.2040 round=7
[round 7] timing train=222.690s distribution=4.701s agg=0.266s eval=144.263s total=371.970s
[round 8] reused planned scale coverage: [3, 1, 1, 1, 2, 2, 1, 1]
Classification: train=1.0000 test=0.2061 round=8
[round 8] timing train=220.296s distribution=5.645s agg=0.149s eval=155.089s total=381.230s
[round 9] reused planned scale coverage: [3, 1, 1, 1, 2, 2, 1, 1]
Classification: train=1.0000 test=0.2067 round=9
[round 9] timing train=218.091s distribution=5.040s agg=0.240s eval=152.190s total=375.611s
[round 10] reused planned scale coverage: [3, 1, 1, 1, 2, 2, 1, 1]
Classification: train=1.0000 test=0.2067 round=10
[round 10] timing train=218.391s distribution=4.550s agg=0.192s eval=155.868s total=379.027s
[round 11] reused planned scale coverage: [3, 1, 1, 1, 2, 2, 1, 1]
Classification: train=1.0000 test=0.2061 round=11
[round 11] timing train=221.117s distribution=5.090s agg=0.151s eval=151.669s total=378.045s
[round 12] reused planned scale coverage: [3, 1, 1, 1, 2, 2, 1, 1]
Classification: train=1.0000 test=0.2049 round=12
[round 12] timing train=225.019s distribution=4.564s agg=0.279s eval=155.368s total=385.248s
[round 13] reused planned scale coverage: [3, 1, 1, 1, 2, 2, 1, 1]
Classification: train=1.0000 test=0.2052 round=13
[round 13] timing train=220.822s distribution=6.777s agg=0.329s eval=161.163s total=389.113s
[round 14] reused planned scale coverage: [3, 1, 1, 1, 2, 2, 1, 1]
Classification: train=1.0000 test=0.2019 round=14
[round 14] timing train=228.007s distribution=4.941s agg=0.267s eval=155.508s total=388.741s
[round 15] reused planned scale coverage: [3, 1, 1, 1, 2, 2, 1, 1]
Classification: train=1.0000 test=0.2004 round=15
[round 15] timing train=216.565s distribution=4.658s agg=0.092s eval=158.139s total=379.486s
[round 16] reused planned scale coverage: [3, 1, 1, 1, 2, 2, 1, 1]
Classification: train=1.0000 test=0.2022 round=16
[round 16] timing train=223.086s distribution=4.063s agg=0.121s eval=127.702s total=355.032s
[round 17] reused planned scale coverage: [3, 1, 1, 1, 2, 2, 1, 1]
Classification: train=1.0000 test=0.2037 round=17
[round 17] timing train=220.367s distribution=5.226s agg=0.177s eval=148.144s total=373.941s
[round 18] reused planned scale coverage: [3, 1, 1, 1, 2, 2, 1, 1]
Classification: train=1.0000 test=0.2037 round=18
[round 18] timing train=202.160s distribution=5.054s agg=0.309s eval=147.238s total=354.785s
[round 19] reused planned scale coverage: [3, 1, 1, 1, 2, 2, 1, 1]
Classification: train=1.0000 test=0.2049 round=19
[round 19] timing train=225.172s distribution=4.461s agg=0.176s eval=156.157s total=386.011s
[round 20] reused planned scale coverage: [3, 1, 1, 1, 2, 2, 1, 1]
Classification: train=1.0000 test=0.2034 round=20
[round 20] timing train=220.358s distribution=5.125s agg=0.301s eval=154.340s total=380.157s
[round 21] reused planned scale coverage: [3, 1, 1, 1, 2, 2, 1, 1]
Classification: train=1.0000 test=0.2022 round=21
[round 21] timing train=225.804s distribution=5.310s agg=0.121s eval=156.372s total=387.619s
[round 22] reused planned scale coverage: [3, 1, 1, 1, 2, 2, 1, 1]
Classification: train=1.0000 test=0.2019 round=22
[round 22] timing train=215.796s distribution=5.798s agg=0.245s eval=142.169s total=364.029s
[round 23] reused planned scale coverage: [3, 1, 1, 1, 2, 2, 1, 1]
Classification: train=1.0000 test=0.2022 round=23
[round 23] timing train=228.886s distribution=5.002s agg=0.342s eval=157.214s total=391.463s
[round 24] reused planned scale coverage: [3, 1, 1, 1, 2, 2, 1, 1]
Classification: train=1.0000 test=0.2019 round=24
[round 24] timing train=219.889s distribution=5.169s agg=0.371s eval=152.619s total=378.086s
[round 25] reused planned scale coverage: [3, 1, 1, 1, 2, 2, 1, 1]
Classification: train=1.0000 test=0.2013 round=25
[round 25] timing train=223.755s distribution=5.297s agg=0.178s eval=143.413s total=372.662s
[round 26] reused planned scale coverage: [3, 1, 1, 1, 2, 2, 1, 1]
Classification: train=1.0000 test=0.2016 round=26
[round 26] timing train=225.998s distribution=5.140s agg=0.232s eval=149.570s total=380.973s
[round 27] reused planned scale coverage: [3, 1, 1, 1, 2, 2, 1, 1]
Classification: train=1.0000 test=0.2004 round=27
[round 27] timing train=227.907s distribution=4.661s agg=0.078s eval=143.970s total=376.633s
[round 28] reused planned scale coverage: [3, 1, 1, 1, 2, 2, 1, 1]
Classification: train=1.0000 test=0.2004 round=28
[round 28] timing train=225.988s distribution=4.945s agg=0.318s eval=156.275s total=387.543s
[round 29] reused planned scale coverage: [3, 1, 1, 1, 2, 2, 1, 1]
Classification: train=1.0000 test=0.2007 round=29
[round 29] timing train=222.092s distribution=6.013s agg=0.418s eval=155.563s total=384.114s
[fedcsl] checkpoint saved → ./checkpoint/resume/fedcsl_PhonemeSpectra_2026-05-05-13har_fedcsl-onehot-fullteacher_dir0.3.pt (round=30)
[round 30] reused planned scale coverage: [3, 1, 1, 1, 2, 2, 1, 1]
Classification: train=1.0000 test=0.1995 round=30
[round 30] timing train=214.750s distribution=4.733s agg=0.139s eval=153.437s total=373.088s
[round 31] reused planned scale coverage: [3, 1, 1, 1, 2, 2, 1, 1]
Classification: train=1.0000 test=0.1989 round=31
[round 31] timing train=222.682s distribution=5.527s agg=0.138s eval=156.434s total=384.789s
[round 32] reused planned scale coverage: [3, 1, 1, 1, 2, 2, 1, 1]
Classification: train=1.0000 test=0.1986 round=32
[round 32] timing train=216.191s distribution=4.882s agg=0.184s eval=147.932s total=369.207s
[round 33] reused planned scale coverage: [3, 1, 1, 1, 2, 2, 1, 1]
Classification: train=1.0000 test=0.1986 round=33
[round 33] timing train=207.865s distribution=4.284s agg=0.072s eval=140.290s total=352.528s
[round 34] reused planned scale coverage: [3, 1, 1, 1, 2, 2, 1, 1]
Classification: train=1.0000 test=0.1983 round=34
[round 34] timing train=216.737s distribution=5.217s agg=0.143s eval=148.026s total=370.140s
[round 35] reused planned scale coverage: [3, 1, 1, 1, 2, 2, 1, 1]
Classification: train=1.0000 test=0.1983 round=35
[round 35] timing train=218.635s distribution=5.166s agg=0.197s eval=150.120s total=374.154s
[round 36] reused planned scale coverage: [3, 1, 1, 1, 2, 2, 1, 1]
Classification: train=1.0000 test=0.1980 round=36
[round 36] timing train=218.912s distribution=5.524s agg=0.219s eval=131.690s total=356.361s
[round 37] reused planned scale coverage: [3, 1, 1, 1, 2, 2, 1, 1]
Classification: train=1.0000 test=0.1980 round=37
[round 37] timing train=215.086s distribution=4.498s agg=0.168s eval=153.080s total=372.853s
[round 38] reused planned scale coverage: [3, 1, 1, 1, 2, 2, 1, 1]
Classification: train=1.0000 test=0.1998 round=38
[round 38] timing train=223.102s distribution=4.441s agg=0.200s eval=153.707s total=381.483s
[round 39] reused planned scale coverage: [3, 1, 1, 1, 2, 2, 1, 1]
Classification: train=1.0000 test=0.1998 round=39
[round 39] timing train=223.971s distribution=5.364s agg=0.219s eval=143.022s total=372.589s
[round 40] reused planned scale coverage: [3, 1, 1, 1, 2, 2, 1, 1]
Classification: train=1.0000 test=0.1998 round=40
[round 40] timing train=222.951s distribution=4.960s agg=0.264s eval=152.210s total=380.408s
[round 41] reused planned scale coverage: [3, 1, 1, 1, 2, 2, 1, 1]
Classification: train=1.0000 test=0.1998 round=41
[round 41] timing train=210.550s distribution=5.916s agg=0.190s eval=151.644s total=368.330s
[round 42] reused planned scale coverage: [3, 1, 1, 1, 2, 2, 1, 1]
Classification: train=1.0000 test=0.1998 round=42
[round 42] timing train=214.832s distribution=3.910s agg=0.307s eval=155.132s total=374.195s
[round 43] reused planned scale coverage: [3, 1, 1, 1, 2, 2, 1, 1]
Classification: train=1.0000 test=0.1992 round=43
[round 43] timing train=221.631s distribution=5.288s agg=0.263s eval=147.491s total=374.691s
[round 44] reused planned scale coverage: [3, 1, 1, 1, 2, 2, 1, 1]
Classification: train=1.0000 test=0.1998 round=44
[round 44] timing train=227.578s distribution=4.984s agg=0.355s eval=140.584s total=373.534s
[round 45] reused planned scale coverage: [3, 1, 1, 1, 2, 2, 1, 1]
Classification: train=1.0000 test=0.1995 round=45
[round 45] timing train=231.790s distribution=5.960s agg=0.151s eval=145.535s total=383.454s
[round 46] reused planned scale coverage: [3, 1, 1, 1, 2, 2, 1, 1]
Classification: train=1.0000 test=0.1989 round=46
[round 46] timing train=217.373s distribution=5.341s agg=0.252s eval=157.794s total=380.780s
[round 47] reused planned scale coverage: [3, 1, 1, 1, 2, 2, 1, 1]
Classification: train=1.0000 test=0.1992 round=47
[round 47] timing train=215.353s distribution=4.829s agg=0.161s eval=159.063s total=379.444s
[round 48] reused planned scale coverage: [3, 1, 1, 1, 2, 2, 1, 1]
Classification: train=1.0000 test=0.1989 round=48
[round 48] timing train=223.857s distribution=5.416s agg=0.182s eval=154.708s total=384.194s
[round 49] reused planned scale coverage: [3, 1, 1, 1, 2, 2, 1, 1]
Classification: train=1.0000 test=0.1986 round=49
[round 49] timing train=211.676s distribution=4.758s agg=0.158s eval=146.177s total=362.785s
[round 50] reused planned scale coverage: [3, 1, 1, 1, 2, 2, 1, 1]
Classification: train=1.0000 test=0.1986 round=50
[round 50] timing train=228.671s distribution=5.303s agg=0.183s eval=140.389s total=374.559s
[round 51] reused planned scale coverage: [3, 1, 1, 1, 2, 2, 1, 1]
Classification: train=1.0000 test=0.1977 round=51
[round 51] timing train=210.078s distribution=4.452s agg=0.209s eval=162.994s total=377.744s
[round 52] reused planned scale coverage: [3, 1, 1, 1, 2, 2, 1, 1]
Classification: train=1.0000 test=0.1995 round=52
[round 52] timing train=218.604s distribution=4.513s agg=0.216s eval=163.193s total=386.564s
[round 53] reused planned scale coverage: [3, 1, 1, 1, 2, 2, 1, 1]
Classification: train=1.0000 test=0.1995 round=53
[round 53] timing train=223.483s distribution=5.244s agg=0.209s eval=157.887s total=386.833s
[round 54] reused planned scale coverage: [3, 1, 1, 1, 2, 2, 1, 1]
Classification: train=1.0000 test=0.1992 round=54
[round 54] timing train=220.338s distribution=4.982s agg=0.258s eval=132.107s total=357.694s
[round 55] reused planned scale coverage: [3, 1, 1, 1, 2, 2, 1, 1]
Classification: train=1.0000 test=0.1983 round=55
[round 55] timing train=218.432s distribution=5.275s agg=0.247s eval=145.360s total=369.321s
[round 56] reused planned scale coverage: [3, 1, 1, 1, 2, 2, 1, 1]
Classification: train=1.0000 test=0.1977 round=56
[round 56] timing train=214.269s distribution=5.025s agg=0.425s eval=151.659s total=371.384s
[round 57] reused planned scale coverage: [3, 1, 1, 1, 2, 2, 1, 1]
Classification: train=1.0000 test=0.1974 round=57
[round 57] timing train=222.227s distribution=4.710s agg=0.186s eval=159.642s total=386.831s
[round 58] reused planned scale coverage: [3, 1, 1, 1, 2, 2, 1, 1]
Classification: train=1.0000 test=0.1980 round=58
[round 58] timing train=217.169s distribution=5.175s agg=0.159s eval=140.685s total=363.205s
[round 59] reused planned scale coverage: [3, 1, 1, 1, 2, 2, 1, 1]
Classification: train=1.0000 test=0.1980 round=59
[round 59] timing train=220.471s distribution=4.737s agg=0.344s eval=145.270s total=370.853s
[fedcsl] checkpoint saved → ./checkpoint/resume/fedcsl_PhonemeSpectra_2026-05-05-13har_fedcsl-onehot-fullteacher_dir0.3.pt (round=60)
[round 60] reused planned scale coverage: [3, 1, 1, 1, 2, 2, 1, 1]
Classification: train=1.0000 test=0.1983 round=60
[round 60] timing train=218.234s distribution=4.985s agg=0.117s eval=140.428s total=363.780s
[round 61] reused planned scale coverage: [3, 1, 1, 1, 2, 2, 1, 1]
Classification: train=1.0000 test=0.1980 round=61
[round 61] timing train=215.215s distribution=5.191s agg=0.138s eval=155.131s total=375.687s
[round 62] reused planned scale coverage: [3, 1, 1, 1, 2, 2, 1, 1]
Classification: train=1.0000 test=0.1980 round=62
[round 62] timing train=219.033s distribution=5.065s agg=0.475s eval=157.759s total=382.364s
[round 63] reused planned scale coverage: [3, 1, 1, 1, 2, 2, 1, 1]
Classification: train=1.0000 test=0.1980 round=63
[round 63] timing train=218.542s distribution=4.184s agg=0.086s eval=137.586s total=360.419s
[round 64] reused planned scale coverage: [3, 1, 1, 1, 2, 2, 1, 1]
Classification: train=1.0000 test=0.1986 round=64
[round 64] timing train=220.694s distribution=5.460s agg=0.289s eval=145.069s total=371.537s
[round 65] reused planned scale coverage: [3, 1, 1, 1, 2, 2, 1, 1]
Classification: train=1.0000 test=0.1980 round=65
[round 65] timing train=215.486s distribution=5.571s agg=0.220s eval=141.574s total=362.889s
[round 66] reused planned scale coverage: [3, 1, 1, 1, 2, 2, 1, 1]
Classification: train=1.0000 test=0.1983 round=66
[round 66] timing train=208.400s distribution=5.167s agg=0.146s eval=152.395s total=366.141s
[round 67] reused planned scale coverage: [3, 1, 1, 1, 2, 2, 1, 1]
Classification: train=1.0000 test=0.1989 round=67
[round 67] timing train=217.499s distribution=5.530s agg=0.224s eval=148.176s total=371.471s
[round 68] reused planned scale coverage: [3, 1, 1, 1, 2, 2, 1, 1]
Classification: train=1.0000 test=0.1992 round=68
[round 68] timing train=221.275s distribution=3.689s agg=0.063s eval=135.636s total=360.694s
[round 69] reused planned scale coverage: [3, 1, 1, 1, 2, 2, 1, 1]
Classification: train=1.0000 test=0.1989 round=69
[round 69] timing train=194.594s distribution=5.195s agg=0.365s eval=150.861s total=351.029s
[round 70] reused planned scale coverage: [3, 1, 1, 1, 2, 2, 1, 1]
Classification: train=1.0000 test=0.1992 round=70
[round 70] timing train=219.815s distribution=4.563s agg=0.124s eval=165.956s total=390.487s
[round 71] reused planned scale coverage: [3, 1, 1, 1, 2, 2, 1, 1]
Classification: train=1.0000 test=0.1986 round=71
[round 71] timing train=212.725s distribution=5.267s agg=0.241s eval=150.658s total=368.900s
[round 72] reused planned scale coverage: [3, 1, 1, 1, 2, 2, 1, 1]
Classification: train=1.0000 test=0.1983 round=72
[round 72] timing train=218.102s distribution=4.740s agg=0.232s eval=137.142s total=360.251s
[round 73] reused planned scale coverage: [3, 1, 1, 1, 2, 2, 1, 1]
Classification: train=1.0000 test=0.1977 round=73
[round 73] timing train=221.206s distribution=5.044s agg=0.189s eval=141.181s total=367.651s
[round 74] reused planned scale coverage: [3, 1, 1, 1, 2, 2, 1, 1]
Classification: train=1.0000 test=0.1986 round=74
[round 74] timing train=214.436s distribution=4.371s agg=0.118s eval=158.378s total=377.314s
[round 75] reused planned scale coverage: [3, 1, 1, 1, 2, 2, 1, 1]
Classification: train=1.0000 test=0.1980 round=75
[round 75] timing train=212.950s distribution=4.443s agg=0.182s eval=161.648s total=379.250s
[round 76] reused planned scale coverage: [3, 1, 1, 1, 2, 2, 1, 1]
Classification: train=1.0000 test=0.1992 round=76
[round 76] timing train=213.959s distribution=4.976s agg=0.186s eval=155.895s total=375.043s
[round 77] reused planned scale coverage: [3, 1, 1, 1, 2, 2, 1, 1]
Classification: train=1.0000 test=0.1992 round=77
[round 77] timing train=220.328s distribution=4.939s agg=0.206s eval=137.172s total=362.680s
[round 78] reused planned scale coverage: [3, 1, 1, 1, 2, 2, 1, 1]
Classification: train=1.0000 test=0.1986 round=78
[round 78] timing train=224.123s distribution=5.652s agg=0.236s eval=146.864s total=376.907s
[round 79] reused planned scale coverage: [3, 1, 1, 1, 2, 2, 1, 1]
Classification: train=1.0000 test=0.1980 round=79
[round 79] timing train=209.722s distribution=5.299s agg=0.230s eval=154.826s total=370.093s
[round 80] reused planned scale coverage: [3, 1, 1, 1, 2, 2, 1, 1]
Classification: train=1.0000 test=0.1983 round=80
[round 80] timing train=210.281s distribution=4.778s agg=0.108s eval=157.264s total=372.451s
[round 81] reused planned scale coverage: [3, 1, 1, 1, 2, 2, 1, 1]
Classification: train=1.0000 test=0.1986 round=81
[round 81] timing train=214.089s distribution=5.140s agg=0.178s eval=162.240s total=381.654s
[round 82] reused planned scale coverage: [3, 1, 1, 1, 2, 2, 1, 1]
Classification: train=1.0000 test=0.1983 round=82
[round 82] timing train=218.264s distribution=4.824s agg=0.148s eval=135.814s total=359.082s
[round 83] reused planned scale coverage: [3, 1, 1, 1, 2, 2, 1, 1]
Classification: train=1.0000 test=0.1980 round=83
[round 83] timing train=222.329s distribution=5.426s agg=0.202s eval=142.656s total=370.644s
[round 84] reused planned scale coverage: [3, 1, 1, 1, 2, 2, 1, 1]
Classification: train=1.0000 test=0.1998 round=84
[round 84] timing train=216.689s distribution=5.530s agg=0.128s eval=167.238s total=389.593s
[round 85] reused planned scale coverage: [3, 1, 1, 1, 2, 2, 1, 1]
Classification: train=1.0000 test=0.1995 round=85
[round 85] timing train=210.501s distribution=4.518s agg=0.194s eval=141.996s total=357.225s
[round 86] reused planned scale coverage: [3, 1, 1, 1, 2, 2, 1, 1]
Classification: train=1.0000 test=0.1995 round=86
[round 86] timing train=212.387s distribution=4.743s agg=0.231s eval=147.670s total=365.039s
[round 87] reused planned scale coverage: [3, 1, 1, 1, 2, 2, 1, 1]
Classification: train=1.0000 test=0.1998 round=87
[round 87] timing train=189.713s distribution=4.544s agg=0.306s eval=135.515s total=330.096s
[round 88] reused planned scale coverage: [3, 1, 1, 1, 2, 2, 1, 1]
Classification: train=1.0000 test=0.1989 round=88
[round 88] timing train=217.160s distribution=5.006s agg=0.087s eval=147.031s total=369.334s
[round 89] reused planned scale coverage: [3, 1, 1, 1, 2, 2, 1, 1]
Classification: train=1.0000 test=0.1992 round=89
[round 89] timing train=215.965s distribution=4.545s agg=0.206s eval=167.451s total=388.183s
[fedcsl] checkpoint saved → ./checkpoint/resume/fedcsl_PhonemeSpectra_2026-05-05-13har_fedcsl-onehot-fullteacher_dir0.3.pt (round=90)
[round 90] reused planned scale coverage: [3, 1, 1, 1, 2, 2, 1, 1]
Classification: train=1.0000 test=0.1989 round=90
[round 90] timing train=189.546s distribution=5.358s agg=0.151s eval=141.897s total=336.958s
[round 91] reused planned scale coverage: [3, 1, 1, 1, 2, 2, 1, 1]
Classification: train=1.0000 test=0.1989 round=91
[round 91] timing train=219.994s distribution=4.457s agg=0.073s eval=146.731s total=371.273s
[round 92] reused planned scale coverage: [3, 1, 1, 1, 2, 2, 1, 1]
Classification: train=1.0000 test=0.1989 round=92
[round 92] timing train=218.182s distribution=4.718s agg=0.193s eval=137.913s total=361.070s
[round 93] reused planned scale coverage: [3, 1, 1, 1, 2, 2, 1, 1]
Classification: train=1.0000 test=0.1992 round=93
[round 93] timing train=211.966s distribution=4.662s agg=0.150s eval=148.480s total=365.266s
[round 94] reused planned scale coverage: [3, 1, 1, 1, 2, 2, 1, 1]
Classification: train=1.0000 test=0.1995 round=94
[round 94] timing train=212.651s distribution=4.713s agg=0.243s eval=156.884s total=374.502s
[round 95] reused planned scale coverage: [3, 1, 1, 1, 2, 2, 1, 1]
Classification: train=1.0000 test=0.1998 round=95
[round 95] timing train=214.066s distribution=4.913s agg=0.099s eval=142.003s total=361.090s
[round 96] reused planned scale coverage: [3, 1, 1, 1, 2, 2, 1, 1]
Classification: train=1.0000 test=0.2001 round=96
[round 96] timing train=211.304s distribution=5.170s agg=0.336s eval=148.099s total=364.988s
[round 97] reused planned scale coverage: [3, 1, 1, 1, 2, 2, 1, 1]
Classification: train=1.0000 test=0.2004 round=97
[round 97] timing train=224.418s distribution=5.127s agg=0.221s eval=147.355s total=377.146s
[round 98] reused planned scale coverage: [3, 1, 1, 1, 2, 2, 1, 1]
Classification: train=1.0000 test=0.2010 round=98
[round 98] timing train=215.916s distribution=5.950s agg=0.251s eval=148.568s total=370.737s
[round 99] reused planned scale coverage: [3, 1, 1, 1, 2, 2, 1, 1]
Classification: train=1.0000 test=0.2010 round=99
[round 99] timing train=215.322s distribution=4.906s agg=0.146s eval=161.576s total=382.000s
[round 100] reused planned scale coverage: [3, 1, 1, 1, 2, 2, 1, 1]
Classification: train=1.0000 test=0.2010 round=100
[round 100] timing train=212.539s distribution=4.381s agg=0.151s eval=151.133s total=368.221s
[round 101] reused planned scale coverage: [3, 1, 1, 1, 2, 2, 1, 1]
Classification: train=1.0000 test=0.2010 round=101
[round 101] timing train=217.658s distribution=4.786s agg=0.160s eval=151.664s total=374.304s
[round 102] reused planned scale coverage: [3, 1, 1, 1, 2, 2, 1, 1]
Classification: train=1.0000 test=0.2010 round=102
[round 102] timing train=214.579s distribution=4.760s agg=0.215s eval=140.020s total=359.618s
[round 103] reused planned scale coverage: [3, 1, 1, 1, 2, 2, 1, 1]
Classification: train=1.0000 test=0.2013 round=103
[round 103] timing train=205.955s distribution=5.427s agg=0.340s eval=144.922s total=356.672s
[round 104] reused planned scale coverage: [3, 1, 1, 1, 2, 2, 1, 1]
Classification: train=1.0000 test=0.2010 round=104
[round 104] timing train=207.192s distribution=4.392s agg=0.132s eval=144.368s total=356.104s
[round 105] reused planned scale coverage: [3, 1, 1, 1, 2, 2, 1, 1]
Classification: train=1.0000 test=0.2010 round=105
[round 105] timing train=209.597s distribution=4.669s agg=0.076s eval=118.245s total=332.611s
[round 106] reused planned scale coverage: [3, 1, 1, 1, 2, 2, 1, 1]
Classification: train=1.0000 test=0.2010 round=106
[round 106] timing train=205.300s distribution=4.014s agg=0.088s eval=136.792s total=346.201s
[round 107] reused planned scale coverage: [3, 1, 1, 1, 2, 2, 1, 1]
Classification: train=1.0000 test=0.2013 round=107
[round 107] timing train=213.410s distribution=4.809s agg=0.102s eval=148.131s total=366.497s
[round 108] reused planned scale coverage: [3, 1, 1, 1, 2, 2, 1, 1]
Classification: train=1.0000 test=0.2016 round=108
[round 108] timing train=173.014s distribution=3.051s agg=0.076s eval=155.620s total=331.788s
[round 109] reused planned scale coverage: [3, 1, 1, 1, 2, 2, 1, 1]
Classification: train=1.0000 test=0.2019 round=109
[round 109] timing train=209.056s distribution=4.924s agg=0.258s eval=144.503s total=358.790s
[round 110] reused planned scale coverage: [3, 1, 1, 1, 2, 2, 1, 1]
Classification: train=1.0000 test=0.2025 round=110
[round 110] timing train=218.464s distribution=4.543s agg=0.115s eval=135.877s total=359.015s
[round 111] reused planned scale coverage: [3, 1, 1, 1, 2, 2, 1, 1]
Classification: train=1.0000 test=0.2028 round=111
[round 111] timing train=212.492s distribution=4.840s agg=0.132s eval=141.013s total=358.508s
[round 112] reused planned scale coverage: [3, 1, 1, 1, 2, 2, 1, 1]
Classification: train=1.0000 test=0.2028 round=112
[round 112] timing train=211.321s distribution=4.874s agg=0.289s eval=147.171s total=363.671s
[round 113] reused planned scale coverage: [3, 1, 1, 1, 2, 2, 1, 1]
Classification: train=1.0000 test=0.2037 round=113
[round 113] timing train=206.305s distribution=4.175s agg=0.137s eval=144.491s total=355.124s
[round 114] reused planned scale coverage: [3, 1, 1, 1, 2, 2, 1, 1]
Classification: train=1.0000 test=0.2034 round=114
[round 114] timing train=213.292s distribution=4.167s agg=0.145s eval=138.344s total=355.966s
[round 115] reused planned scale coverage: [3, 1, 1, 1, 2, 2, 1, 1]
Classification: train=1.0000 test=0.2034 round=115
[round 115] timing train=212.320s distribution=5.107s agg=0.204s eval=146.977s total=364.649s
[round 116] reused planned scale coverage: [3, 1, 1, 1, 2, 2, 1, 1]
Classification: train=1.0000 test=0.2034 round=116
[round 116] timing train=214.632s distribution=4.817s agg=0.197s eval=151.778s total=371.444s
[round 117] reused planned scale coverage: [3, 1, 1, 1, 2, 2, 1, 1]
Classification: train=1.0000 test=0.2034 round=117
[round 117] timing train=209.364s distribution=5.283s agg=0.248s eval=141.564s total=356.475s
[round 118] reused planned scale coverage: [3, 1, 1, 1, 2, 2, 1, 1]
Classification: train=1.0000 test=0.2031 round=118
[round 118] timing train=209.963s distribution=3.686s agg=0.178s eval=155.312s total=369.156s
[round 119] reused planned scale coverage: [3, 1, 1, 1, 2, 2, 1, 1]
Classification: train=1.0000 test=0.2037 round=119
[round 119] timing train=206.835s distribution=4.437s agg=0.089s eval=141.374s total=352.772s
[fedcsl] checkpoint saved → ./checkpoint/resume/fedcsl_PhonemeSpectra_2026-05-05-13har_fedcsl-onehot-fullteacher_dir0.3.pt (round=120)
[round 120] reused planned scale coverage: [3, 1, 1, 1, 2, 2, 1, 1]
Classification: train=1.0000 test=0.2037 round=120
[round 120] timing train=212.562s distribution=4.067s agg=0.067s eval=154.172s total=370.906s
[round 121] reused planned scale coverage: [3, 1, 1, 1, 2, 2, 1, 1]
Classification: train=1.0000 test=0.2046 round=121
[round 121] timing train=213.279s distribution=4.792s agg=0.199s eval=146.514s total=364.791s
[round 122] reused planned scale coverage: [3, 1, 1, 1, 2, 2, 1, 1]
Classification: train=1.0000 test=0.2049 round=122
[round 122] timing train=217.933s distribution=5.036s agg=0.202s eval=147.566s total=370.757s
[round 123] reused planned scale coverage: [3, 1, 1, 1, 2, 2, 1, 1]
Classification: train=1.0000 test=0.2046 round=123
[round 123] timing train=206.584s distribution=5.131s agg=0.161s eval=147.155s total=359.049s
[round 124] reused planned scale coverage: [3, 1, 1, 1, 2, 2, 1, 1]
Classification: train=1.0000 test=0.2046 round=124
[round 124] timing train=162.594s distribution=4.431s agg=0.090s eval=141.992s total=309.158s
[round 125] reused planned scale coverage: [3, 1, 1, 1, 2, 2, 1, 1]
Classification: train=1.0000 test=0.2049 round=125
[round 125] timing train=209.594s distribution=4.385s agg=0.203s eval=145.664s total=359.893s
[round 126] reused planned scale coverage: [3, 1, 1, 1, 2, 2, 1, 1]
Classification: train=1.0000 test=0.2052 round=126
[round 126] timing train=195.334s distribution=3.882s agg=0.278s eval=136.612s total=336.137s
[round 127] reused planned scale coverage: [3, 1, 1, 1, 2, 2, 1, 1]
Classification: train=1.0000 test=0.2049 round=127
[round 127] timing train=215.846s distribution=4.669s agg=0.387s eval=140.362s total=361.271s
[round 128] reused planned scale coverage: [3, 1, 1, 1, 2, 2, 1, 1]
Classification: train=1.0000 test=0.2043 round=128
[round 128] timing train=220.824s distribution=5.280s agg=0.073s eval=147.133s total=373.319s
[round 129] reused planned scale coverage: [3, 1, 1, 1, 2, 2, 1, 1]
Classification: train=1.0000 test=0.2043 round=129
[round 129] timing train=211.011s distribution=5.755s agg=0.119s eval=157.760s total=374.666s
[round 130] reused planned scale coverage: [3, 1, 1, 1, 2, 2, 1, 1]
Classification: train=1.0000 test=0.2040 round=130
[round 130] timing train=206.723s distribution=4.612s agg=0.169s eval=144.451s total=355.996s
[round 131] reused planned scale coverage: [3, 1, 1, 1, 2, 2, 1, 1]
Classification: train=1.0000 test=0.2046 round=131
[round 131] timing train=209.723s distribution=4.439s agg=0.161s eval=142.137s total=356.488s
[round 132] reused planned scale coverage: [3, 1, 1, 1, 2, 2, 1, 1]
Classification: train=1.0000 test=0.2049 round=132
[round 132] timing train=217.998s distribution=4.649s agg=0.277s eval=142.845s total=365.776s
[round 133] reused planned scale coverage: [3, 1, 1, 1, 2, 2, 1, 1]
Classification: train=1.0000 test=0.2049 round=133
[round 133] timing train=217.793s distribution=5.795s agg=0.504s eval=137.204s total=361.316s
[round 134] reused planned scale coverage: [3, 1, 1, 1, 2, 2, 1, 1]
Classification: train=1.0000 test=0.2049 round=134
[round 134] timing train=206.182s distribution=4.832s agg=0.170s eval=145.464s total=356.670s
[round 135] reused planned scale coverage: [3, 1, 1, 1, 2, 2, 1, 1]
Classification: train=1.0000 test=0.2049 round=135
[round 135] timing train=202.335s distribution=4.092s agg=0.092s eval=141.984s total=348.538s
[round 136] reused planned scale coverage: [3, 1, 1, 1, 2, 2, 1, 1]
Classification: train=1.0000 test=0.2043 round=136
[round 136] timing train=211.909s distribution=3.639s agg=0.154s eval=143.799s total=359.552s
[round 137] reused planned scale coverage: [3, 1, 1, 1, 2, 2, 1, 1]
Classification: train=1.0000 test=0.2046 round=137
[round 137] timing train=216.194s distribution=4.785s agg=0.161s eval=136.761s total=357.926s
[round 138] reused planned scale coverage: [3, 1, 1, 1, 2, 2, 1, 1]
Classification: train=1.0000 test=0.2055 round=138
[round 138] timing train=222.542s distribution=4.339s agg=0.137s eval=138.065s total=365.091s
[round 139] reused planned scale coverage: [3, 1, 1, 1, 2, 2, 1, 1]
Classification: train=1.0000 test=0.2052 round=139
[round 139] timing train=210.784s distribution=4.571s agg=0.121s eval=145.827s total=361.326s
[round 140] reused planned scale coverage: [3, 1, 1, 1, 2, 2, 1, 1]
Classification: train=1.0000 test=0.2052 round=140
[round 140] timing train=206.185s distribution=4.011s agg=0.226s eval=152.640s total=363.077s
[round 141] reused planned scale coverage: [3, 1, 1, 1, 2, 2, 1, 1]
Classification: train=1.0000 test=0.2055 round=141
[round 141] timing train=207.655s distribution=4.095s agg=0.053s eval=137.628s total=349.441s
[round 142] reused planned scale coverage: [3, 1, 1, 1, 2, 2, 1, 1]
Classification: train=1.0000 test=0.2055 round=142
[round 142] timing train=199.047s distribution=3.852s agg=0.091s eval=122.443s total=325.450s
[round 143] reused planned scale coverage: [3, 1, 1, 1, 2, 2, 1, 1]
Classification: train=1.0000 test=0.2052 round=143
[round 143] timing train=213.243s distribution=4.467s agg=0.194s eval=143.074s total=361.004s
[round 144] reused planned scale coverage: [3, 1, 1, 1, 2, 2, 1, 1]
Classification: train=1.0000 test=0.2049 round=144
[round 144] timing train=185.271s distribution=3.423s agg=0.096s eval=131.773s total=320.595s
[round 145] reused planned scale coverage: [3, 1, 1, 1, 2, 2, 1, 1]
Classification: train=1.0000 test=0.2052 round=145
[round 145] timing train=207.573s distribution=4.782s agg=0.157s eval=144.859s total=357.389s
[round 146] reused planned scale coverage: [3, 1, 1, 1, 2, 2, 1, 1]
Classification: train=1.0000 test=0.2049 round=146
[round 146] timing train=208.658s distribution=4.601s agg=0.203s eval=134.462s total=347.937s
[round 147] reused planned scale coverage: [3, 1, 1, 1, 2, 2, 1, 1]
Classification: train=1.0000 test=0.2043 round=147
[round 147] timing train=212.345s distribution=4.643s agg=0.205s eval=144.705s total=361.929s
[round 148] reused planned scale coverage: [3, 1, 1, 1, 2, 2, 1, 1]
Classification: train=1.0000 test=0.2046 round=148
[round 148] timing train=213.058s distribution=3.851s agg=0.370s eval=142.487s total=359.787s
[round 149] reused planned scale coverage: [3, 1, 1, 1, 2, 2, 1, 1]
Classification: train=1.0000 test=0.2052 round=149
[round 149] timing train=205.420s distribution=3.740s agg=0.176s eval=146.865s total=356.251s
[fedcsl] checkpoint saved → ./checkpoint/resume/fedcsl_PhonemeSpectra_2026-05-05-13har_fedcsl-onehot-fullteacher_dir0.3.pt (round=150)
[round 150] reused planned scale coverage: [3, 1, 1, 1, 2, 2, 1, 1]
Classification: train=1.0000 test=0.2058 round=150
[round 150] timing train=212.185s distribution=3.992s agg=0.035s eval=145.080s total=361.325s
[round 151] reused planned scale coverage: [3, 1, 1, 1, 2, 2, 1, 1]
Classification: train=1.0000 test=0.2058 round=151
[round 151] timing train=209.826s distribution=4.395s agg=0.111s eval=134.272s total=348.621s
[round 152] reused planned scale coverage: [3, 1, 1, 1, 2, 2, 1, 1]
Classification: train=1.0000 test=0.2067 round=152
[round 152] timing train=216.076s distribution=4.821s agg=0.151s eval=142.560s total=363.624s
[round 153] reused planned scale coverage: [3, 1, 1, 1, 2, 2, 1, 1]
Classification: train=1.0000 test=0.2064 round=153
[round 153] timing train=207.345s distribution=4.817s agg=0.080s eval=145.411s total=357.681s
[round 154] reused planned scale coverage: [3, 1, 1, 1, 2, 2, 1, 1]
Classification: train=1.0000 test=0.2058 round=154
[round 154] timing train=203.927s distribution=3.785s agg=0.126s eval=143.779s total=351.627s
[round 155] reused planned scale coverage: [3, 1, 1, 1, 2, 2, 1, 1]
Classification: train=1.0000 test=0.2064 round=155
[round 155] timing train=212.625s distribution=4.739s agg=0.147s eval=136.350s total=353.891s
[round 156] reused planned scale coverage: [3, 1, 1, 1, 2, 2, 1, 1]
Classification: train=1.0000 test=0.2070 round=156
[round 156] timing train=214.412s distribution=4.368s agg=0.318s eval=134.381s total=353.510s
[round 157] reused planned scale coverage: [3, 1, 1, 1, 2, 2, 1, 1]
Classification: train=1.0000 test=0.2064 round=157
[round 157] timing train=211.127s distribution=4.692s agg=0.095s eval=147.329s total=363.266s
[round 158] reused planned scale coverage: [3, 1, 1, 1, 2, 2, 1, 1]
Classification: train=1.0000 test=0.2064 round=158
[round 158] timing train=208.180s distribution=4.309s agg=0.217s eval=144.648s total=357.361s
[round 159] reused planned scale coverage: [3, 1, 1, 1, 2, 2, 1, 1]
Classification: train=1.0000 test=0.2064 round=159
[round 159] timing train=200.006s distribution=4.272s agg=0.190s eval=151.523s total=356.007s
[round 160] reused planned scale coverage: [3, 1, 1, 1, 2, 2, 1, 1]
Classification: train=1.0000 test=0.2064 round=160
[round 160] timing train=204.918s distribution=4.236s agg=0.147s eval=134.703s total=344.072s
[round 161] reused planned scale coverage: [3, 1, 1, 1, 2, 2, 1, 1]
Classification: train=1.0000 test=0.2064 round=161
[round 161] timing train=191.647s distribution=4.417s agg=0.110s eval=134.435s total=330.625s
[round 162] reused planned scale coverage: [3, 1, 1, 1, 2, 2, 1, 1]
Classification: train=1.0000 test=0.2064 round=162
[round 162] timing train=214.497s distribution=3.709s agg=0.279s eval=113.026s total=331.556s
[round 163] reused planned scale coverage: [3, 1, 1, 1, 2, 2, 1, 1]
Classification: train=1.0000 test=0.2061 round=163
[round 163] timing train=200.947s distribution=3.929s agg=0.145s eval=144.821s total=349.850s
[round 164] reused planned scale coverage: [3, 1, 1, 1, 2, 2, 1, 1]
Classification: train=1.0000 test=0.2061 round=164
[round 164] timing train=203.081s distribution=4.291s agg=0.179s eval=152.071s total=359.628s
[round 165] reused planned scale coverage: [3, 1, 1, 1, 2, 2, 1, 1]
Classification: train=1.0000 test=0.2061 round=165
[round 165] timing train=204.316s distribution=4.686s agg=0.104s eval=137.809s total=346.956s
[round 166] reused planned scale coverage: [3, 1, 1, 1, 2, 2, 1, 1]
Classification: train=1.0000 test=0.2061 round=166
[round 166] timing train=210.775s distribution=4.240s agg=0.138s eval=143.281s total=358.461s
[round 167] reused planned scale coverage: [3, 1, 1, 1, 2, 2, 1, 1]
Classification: train=1.0000 test=0.2055 round=167
[round 167] timing train=215.032s distribution=3.597s agg=0.147s eval=138.347s total=357.147s
[round 168] reused planned scale coverage: [3, 1, 1, 1, 2, 2, 1, 1]
Classification: train=1.0000 test=0.2055 round=168
[round 168] timing train=212.010s distribution=4.540s agg=0.171s eval=136.357s total=353.098s
[round 169] reused planned scale coverage: [3, 1, 1, 1, 2, 2, 1, 1]
Classification: train=1.0000 test=0.2058 round=169
[round 169] timing train=201.763s distribution=3.977s agg=0.246s eval=156.523s total=362.547s
[round 170] reused planned scale coverage: [3, 1, 1, 1, 2, 2, 1, 1]
Classification: train=1.0000 test=0.2055 round=170
[round 170] timing train=197.577s distribution=3.906s agg=0.082s eval=137.967s total=339.560s
[round 171] reused planned scale coverage: [3, 1, 1, 1, 2, 2, 1, 1]
Classification: train=1.0000 test=0.2055 round=171
[round 171] timing train=204.332s distribution=4.071s agg=0.052s eval=144.729s total=353.207s
[round 172] reused planned scale coverage: [3, 1, 1, 1, 2, 2, 1, 1]
Classification: train=1.0000 test=0.2052 round=172
[round 172] timing train=206.275s distribution=4.092s agg=0.171s eval=133.614s total=344.184s
[round 173] reused planned scale coverage: [3, 1, 1, 1, 2, 2, 1, 1]
Classification: train=1.0000 test=0.2052 round=173
[round 173] timing train=206.888s distribution=4.800s agg=0.209s eval=141.416s total=353.345s
[round 174] reused planned scale coverage: [3, 1, 1, 1, 2, 2, 1, 1]
Classification: train=1.0000 test=0.2052 round=174
[round 174] timing train=200.479s distribution=4.358s agg=0.114s eval=139.439s total=344.412s
[round 175] reused planned scale coverage: [3, 1, 1, 1, 2, 2, 1, 1]
Classification: train=1.0000 test=0.2055 round=175
[round 175] timing train=201.673s distribution=4.242s agg=0.119s eval=141.763s total=347.831s
[round 176] reused planned scale coverage: [3, 1, 1, 1, 2, 2, 1, 1]
Classification: train=1.0000 test=0.2058 round=176
[round 176] timing train=202.867s distribution=3.793s agg=0.172s eval=137.728s total=344.583s
[round 177] reused planned scale coverage: [3, 1, 1, 1, 2, 2, 1, 1]
Classification: train=1.0000 test=0.2058 round=177
[round 177] timing train=202.767s distribution=4.035s agg=0.106s eval=132.350s total=339.281s
[round 178] reused planned scale coverage: [3, 1, 1, 1, 2, 2, 1, 1]
Classification: train=1.0000 test=0.2061 round=178
[round 178] timing train=205.378s distribution=4.161s agg=0.086s eval=138.404s total=348.049s
[round 179] reused planned scale coverage: [3, 1, 1, 1, 2, 2, 1, 1]
Classification: train=1.0000 test=0.2061 round=179
[round 179] timing train=198.688s distribution=4.255s agg=0.037s eval=122.546s total=325.551s
[fedcsl] checkpoint saved → ./checkpoint/resume/fedcsl_PhonemeSpectra_2026-05-05-13har_fedcsl-onehot-fullteacher_dir0.3.pt (round=180)
[round 180] reused planned scale coverage: [3, 1, 1, 1, 2, 2, 1, 1]
Classification: train=1.0000 test=0.2061 round=180
[round 180] timing train=200.781s distribution=4.209s agg=0.122s eval=138.531s total=343.647s
[round 181] reused planned scale coverage: [3, 1, 1, 1, 2, 2, 1, 1]
Classification: train=1.0000 test=0.2061 round=181
[round 181] timing train=169.090s distribution=4.864s agg=0.131s eval=139.351s total=313.459s
[round 182] reused planned scale coverage: [3, 1, 1, 1, 2, 2, 1, 1]
Classification: train=1.0000 test=0.2061 round=182
[round 182] timing train=200.706s distribution=4.059s agg=0.230s eval=143.832s total=348.853s
[round 183] reused planned scale coverage: [3, 1, 1, 1, 2, 2, 1, 1]
Classification: train=1.0000 test=0.2058 round=183
[round 183] timing train=207.306s distribution=3.924s agg=0.166s eval=141.670s total=353.096s
[round 184] reused planned scale coverage: [3, 1, 1, 1, 2, 2, 1, 1]
Classification: train=1.0000 test=0.2055 round=184
[round 184] timing train=204.005s distribution=3.943s agg=0.160s eval=142.783s total=350.912s
[round 185] reused planned scale coverage: [3, 1, 1, 1, 2, 2, 1, 1]
Classification: train=1.0000 test=0.2055 round=185
[round 185] timing train=208.781s distribution=4.068s agg=0.290s eval=149.253s total=362.419s
[round 186] reused planned scale coverage: [3, 1, 1, 1, 2, 2, 1, 1]
Classification: train=1.0000 test=0.2055 round=186
[round 186] timing train=214.567s distribution=3.866s agg=0.101s eval=130.640s total=349.195s
[round 187] reused planned scale coverage: [3, 1, 1, 1, 2, 2, 1, 1]
Classification: train=1.0000 test=0.2055 round=187
[round 187] timing train=202.988s distribution=4.414s agg=0.183s eval=145.275s total=352.882s
[round 188] reused planned scale coverage: [3, 1, 1, 1, 2, 2, 1, 1]
Classification: train=1.0000 test=0.2058 round=188
[round 188] timing train=203.878s distribution=4.321s agg=0.084s eval=140.578s total=348.885s
[round 189] reused planned scale coverage: [3, 1, 1, 1, 2, 2, 1, 1]
Classification: train=1.0000 test=0.2058 round=189
[round 189] timing train=200.195s distribution=3.684s agg=0.119s eval=137.256s total=341.292s
[round 190] reused planned scale coverage: [3, 1, 1, 1, 2, 2, 1, 1]
Classification: train=1.0000 test=0.2058 round=190
[round 190] timing train=209.026s distribution=4.147s agg=0.143s eval=137.397s total=350.738s
[round 191] reused planned scale coverage: [3, 1, 1, 1, 2, 2, 1, 1]
Classification: train=1.0000 test=0.2058 round=191
[round 191] timing train=204.402s distribution=3.787s agg=0.154s eval=134.967s total=343.335s
[round 192] reused planned scale coverage: [3, 1, 1, 1, 2, 2, 1, 1]
Classification: train=1.0000 test=0.2061 round=192
[round 192] timing train=198.808s distribution=4.269s agg=0.119s eval=140.382s total=343.605s
[round 193] reused planned scale coverage: [3, 1, 1, 1, 2, 2, 1, 1]
Classification: train=1.0000 test=0.2064 round=193
[round 193] timing train=207.183s distribution=4.075s agg=0.240s eval=132.010s total=343.529s
[round 194] reused planned scale coverage: [3, 1, 1, 1, 2, 2, 1, 1]
Classification: train=1.0000 test=0.2064 round=194
[round 194] timing train=198.916s distribution=3.860s agg=0.232s eval=138.210s total=341.238s
[round 195] reused planned scale coverage: [3, 1, 1, 1, 2, 2, 1, 1]
Classification: train=1.0000 test=0.2061 round=195
[round 195] timing train=208.627s distribution=4.375s agg=0.108s eval=139.954s total=353.085s
[round 196] reused planned scale coverage: [3, 1, 1, 1, 2, 2, 1, 1]
Classification: train=1.0000 test=0.2058 round=196
[round 196] timing train=202.120s distribution=4.438s agg=0.103s eval=137.860s total=344.543s
[round 197] reused planned scale coverage: [3, 1, 1, 1, 2, 2, 1, 1]
Classification: train=1.0000 test=0.2061 round=197
[round 197] timing train=201.914s distribution=3.730s agg=0.190s eval=115.117s total=320.974s
[round 198] reused planned scale coverage: [3, 1, 1, 1, 2, 2, 1, 1]
Classification: train=1.0000 test=0.2064 round=198
[round 198] timing train=202.314s distribution=4.231s agg=0.167s eval=129.730s total=336.466s
[round 199] reused planned scale coverage: [3, 1, 1, 1, 2, 2, 1, 1]
Classification: train=1.0000 test=0.2061 round=199
[round 199] timing train=199.168s distribution=3.810s agg=0.209s eval=129.300s total=332.532s
best round is 1, acc is 0.208470
Model saved to ./checkpoint/PhonemeSpectra/2026-05-05-13har_fedcsl-onehot-fullteacher_dir0.3_PhonemeSpectra_model.pt
