# 2026-05-04 14:31:48  har_fedprox_dir10.0  GPU=0  cwd=/data/user_lixiongfei/CSL-main
# CMD: python3 -u FedCSL_All.py -dataset HAR --config configFedProx.yml --dirichlet-alpha 10.0 --seed 42 --description har_fedprox_dir10.0 -dataset LSST

/mnt/data/user_liangzhiyu/envs/fedcsl/lib/python3.8/site-packages/scipy/__init__.py:146: UserWarning: A NumPy version >=1.16.5 and <1.23.0 is required for this version of SciPy (detected version 1.23.5
  warnings.warn(f"A NumPy version >={np_minversion} and <{np_maxversion}"
[config] 'configFedProx.yml' 未找到，重定向到 'config/configFedProx.yml'
2459
<class 'pandas.core.frame.DataFrame'>
RangeIndex: 2459 entries, 0 to 2458
Data columns (total 7 columns):
 #   Column      Non-Null Count  Dtype 
---  ------      --------------  ----- 
 0   dim_0       2459 non-null   object
 1   dim_1       2459 non-null   object
 2   dim_2       2459 non-null   object
 3   dim_3       2459 non-null   object
 4   dim_4       2459 non-null   object
 5   dim_5       2459 non-null   object
 6   class_vals  2459 non-null   object
dtypes: object(7)
memory usage: 134.6+ KB
None
{36}
<class 'pandas.core.frame.DataFrame'>
RangeIndex: 2459 entries, 0 to 2458
Data columns (total 7 columns):
 #   Column      Non-Null Count  Dtype 
---  ------      --------------  ----- 
 0   dim_0       2459 non-null   object
 1   dim_1       2459 non-null   object
 2   dim_2       2459 non-null   object
 3   dim_3       2459 non-null   object
 4   dim_4       2459 non-null   object
 5   dim_5       2459 non-null   object
 6   class_vals  2459 non-null   object
dtypes: object(7)
memory usage: 134.6+ KB
None
[ 0  0  0 ... 13 13 13]
[   0    1    2    3    4    5    6    7    8    9   10   34   35   36
   37   38   39   40   41   42   43   44   45   46   47   48   49   50
   51   52   53   54   55   56   57   58   59   60   61   62   63   64
   65   66  157  158  159  160  161  162  163  164  165  166  167  168
  169  170  171  172  173  174  175  176  177  178  179  180  181  182
  183  184  185  186  187  188  189  190  191  192  193  194  195  196
  197  198  199  200  201  202  203  204  205  206  207  208  209  210
  211  212  213  214  215  216  217  218  219  220  221  222  223  224
  225  226  227  228  229  230  231  427  428  429  430  431  432  433
  434  435  436  437  438  439  440  441  442  443  444  445  446  447
  448  449  450  451  452  453  454  455  456  457  458  459  460  461
  462  463  464  465  466  467  468  469  470  471  472  473  474  475
  476  477  478  479  480  481  482  483  484  485  486  487  488  489
  490  491  492  493  494  495  496  497  498  499  500  501  502  503
  504  505  506  507  508  509  510  511  512  513  514  515  516  517
  518  519  520  521  522  523  524  525  526  527  528  529  530  531
  532  533  534  535  536  537  538  539  540  541  542  543  544  545
  546  547  548  549  550  551  552  553  554  555  556  557  558  559
  560  561  562  563  564  565  566  567  568  569  570  571  572  573
  574  575  576  577  578  808  809  810  811  812  813  814  815  816
  817  818  819  820  821  822  823  824  825  826  827  828  829  830
  831  832  833  834  835  836  837  838  870  871  877  878  879  880
  881  882  883  884  885  886  887  888  889  890  891  892  893  894
  895  896  897  898  899  900  901  902  903  904  905  906  907  908
  909 1030 1031 1032 1033 1034 1035 1036 1037 1038 1053 1054 1055 1056
 1057 1058 1059 1060 1061 1062 1063 1064 1065 1066 1067 1068 1069 1070
 1071 1072 1073 1074 1075 1076 1077 1078 1079 1080 1081 1082 1083 1084
 1085 1086 1087 1088 1089 1090 1091 1092 1093 1094 1095 1096 1097 1098
 1099 1100 1101 1102 1103 1104 1105 1106 1107 1108 1109 1110 1111 1112
 1113 1114 1115 1116 1117 1118 1119 1120 1121 1122 1123 1124 1125 1126
 1127 1128 1129 1130 1131 1132 1133 1134 1135 1136 1137 1138 1139 1140
 1141 1142 1143 1144 1145 1146 1147 1148 1149 1150 1151 1152 1366 1367
 1368 1369 1370 1371 1372 1373 1374 1375 1376 1377 1378 1379 1380 1381
 1382 1383 1384 1385 1386 1387 1388 1389 1390 1391 1392 1393 1394 1395
 1434 1435 1436 1437 1438 1439 1440 1441 1442 1443 1444 1445 1446 1447
 1448 1449 1450 1451 1452 1453 1454 1455 1456 1457 1458 1459 1460 1554
 1555 1556 1557 1558 1559 1560 1561 1562 1563 1564 1565 1566 1567 1568
 1569 1570 1571 1572 1573 1574 1575 1576 1577 1578 1579 1580 1581 1582
 1583 1584 1585 1586 1587 1588 1589 1590 1591 1592 1593 1594 1595 1596
 1597 1598 1599 1600 1601 1602 1603 1604 1605 1606 1607 1608 1609 1610
 1611 1612 1613 1614 1615 1616 1617 1618 1619 1620 1621 1622 1623 1624
 1625 1626 1627 1628 1629 1630 1631 1632 1633 1634 1635 1636 1637 1638
 1639 1640 1641 1642 1643 1644 1645 1646 1647 1648 1649 1650 1651 1652
 1653 1654 1655 1656 1657 1658 1659 1660 1661 1662 1663 1664 1665 1666
 1667 1668 1669 1670 1671 1672 1673 1674 1675 1676 1677 1678 1679 1680
 1681 1682 1683 1684 1685 1686 1687 1688 1689 1690 1691 1692 1693 1694
 1695 1696 1697 1698 1699 1700 1701 1702 1703 1704 1705 1706 1707 1708
 1709 1710 1711 1712 1713 1714 1715 1716 1717 1718 1719 1720 1721 1722
 1723 1724 1725 1726 1727 1728 1729 1730 1731 1732 1733 1734 1735 1736
 1737 1738 1739 1740 1741 1742 1743 1744 1745 1746 1747 1748 1749 1750
 1751 1752 1753 1754 1755 1756 1757 1758 1759 1760 1761 1762 1763 1764
 1765 1766 1767 1768 1769 1770 1771 1772 1773 1774 1775 1776 1777 1778
 1779 1780 1781 1782 1783 1784 1785 1786 1787 1788 1789 1790 1791 1792
 1793 1794 1795 1796 1797 1798 1799 1800 1801 1802 1803 1804 1805 1806
 1807 1808 1809 1810 1811 1812 1813 1814 2331 2332 2333 2334 2335 2336
 2337 2338 2339 2340 2341 2342 2343 2344 2345 2346 2408 2409 2410 2411
 2412 2413 2414 2415 2416 2417]
[0, 0, 0, 0, 0, 0, 0, 0, 0, 0, 0, 1, 1, 1, 1, 1, 1, 1, 1, 1, 1, 1, 1, 1, 1, 1, 1, 1, 1, 1, 1, 1, 1, 1, 1, 1, 1, 1, 1, 1, 1, 1, 1, 1, 2, 2, 2, 2, 2, 2, 2, 2, 2, 2, 2, 2, 2, 2, 2, 2, 2, 2, 2, 2, 2, 2, 2, 2, 2, 2, 2, 2, 2, 2, 2, 2, 2, 2, 2, 2, 2, 2, 2, 2, 2, 2, 2, 2, 2, 2, 2, 2, 2, 2, 2, 2, 2, 2, 2, 2, 2, 2, 2, 2, 2, 2, 2, 2, 2, 2, 2, 2, 2, 2, 2, 2, 2, 2, 2, 3, 3, 3, 3, 3, 3, 3, 3, 3, 3, 3, 3, 3, 3, 3, 3, 3, 3, 3, 3, 3, 3, 3, 3, 3, 3, 3, 3, 3, 3, 3, 3, 3, 3, 3, 3, 3, 3, 3, 3, 3, 3, 3, 3, 3, 3, 3, 3, 3, 3, 3, 3, 3, 3, 3, 3, 3, 3, 3, 3, 3, 3, 3, 3, 3, 3, 3, 3, 3, 3, 3, 3, 3, 3, 3, 3, 3, 3, 3, 3, 3, 3, 3, 3, 3, 3, 3, 3, 3, 3, 3, 3, 3, 3, 3, 3, 3, 3, 3, 3, 3, 3, 3, 3, 3, 3, 3, 3, 3, 3, 3, 3, 3, 3, 3, 3, 3, 3, 3, 3, 3, 3, 3, 3, 3, 3, 3, 3, 3, 3, 3, 3, 3, 3, 3, 3, 3, 3, 3, 3, 3, 3, 3, 3, 3, 3, 3, 3, 3, 3, 3, 3, 4, 4, 4, 4, 4, 4, 4, 4, 4, 4, 4, 4, 4, 4, 4, 4, 4, 4, 4, 4, 4, 4, 4, 4, 4, 4, 4, 4, 4, 4, 4, 5, 5, 6, 6, 6, 6, 6, 6, 6, 6, 6, 6, 6, 6, 6, 6, 6, 6, 6, 6, 6, 6, 6, 6, 6, 6, 6, 6, 6, 6, 6, 6, 6, 6, 6, 7, 7, 7, 7, 7, 7, 7, 7, 7, 8, 8, 8, 8, 8, 8, 8, 8, 8, 8, 8, 8, 8, 8, 8, 8, 8, 8, 8, 8, 8, 8, 8, 8, 8, 8, 8, 8, 8, 8, 8, 8, 8, 8, 8, 8, 8, 8, 8, 8, 8, 8, 8, 8, 8, 8, 8, 8, 8, 8, 8, 8, 8, 8, 8, 8, 8, 8, 8, 8, 8, 8, 8, 8, 8, 8, 8, 8, 8, 8, 8, 8, 8, 8, 8, 8, 8, 8, 8, 8, 8, 8, 8, 8, 8, 8, 8, 8, 8, 8, 8, 8, 8, 8, 8, 8, 8, 8, 8, 8, 9, 9, 9, 9, 9, 9, 9, 9, 9, 9, 9, 9, 9, 9, 9, 9, 9, 9, 9, 9, 9, 9, 9, 9, 9, 9, 9, 9, 9, 9, 10, 10, 10, 10, 10, 10, 10, 10, 10, 10, 10, 10, 10, 10, 10, 10, 10, 10, 10, 10, 10, 10, 10, 10, 10, 10, 10, 11, 11, 11, 11, 11, 11, 11, 11, 11, 11, 11, 11, 11, 11, 11, 11, 11, 11, 11, 11, 11, 11, 11, 11, 11, 11, 11, 11, 11, 11, 11, 11, 11, 11, 11, 11, 11, 11, 11, 11, 11, 11, 11, 11, 11, 11, 11, 11, 11, 11, 11, 11, 11, 11, 11, 11, 11, 11, 11, 11, 11, 11, 11, 11, 11, 11, 11, 11, 11, 11, 11, 11, 11, 11, 11, 11, 11, 11, 11, 11, 11, 11, 11, 11, 11, 11, 11, 11, 11, 11, 11, 11, 11, 11, 11, 11, 11, 11, 11, 11, 11, 11, 11, 11, 11, 11, 11, 11, 11, 11, 11, 11, 11, 11, 11, 11, 11, 11, 11, 11, 11, 11, 11, 11, 11, 11, 11, 11, 11, 11, 11, 11, 11, 11, 11, 11, 11, 11, 11, 11, 11, 11, 11, 11, 11, 11, 11, 11, 11, 11, 11, 11, 11, 11, 11, 11, 11, 11, 11, 11, 11, 11, 11, 11, 11, 11, 11, 11, 11, 11, 11, 11, 11, 11, 11, 11, 11, 11, 11, 11, 11, 11, 11, 11, 11, 11, 11, 11, 11, 11, 11, 11, 11, 11, 11, 11, 11, 11, 11, 11, 11, 11, 11, 11, 11, 11, 11, 11, 11, 11, 11, 11, 11, 11, 11, 11, 11, 11, 11, 11, 11, 11, 11, 11, 11, 11, 11, 11, 11, 11, 11, 11, 11, 11, 11, 11, 11, 11, 11, 11, 11, 11, 11, 11, 11, 11, 11, 11, 11, 11, 11, 11, 11, 11, 11, 11, 11, 11, 11, 11, 11, 12, 12, 12, 12, 12, 12, 12, 12, 12, 12, 12, 12, 12, 12, 12, 12, 13, 13, 13, 13, 13, 13, 13, 13, 13, 13]
[0, 0, 0, 0, 0, 0, 0, 0, 1, 1, 1, 1, 1, 1, 1, 1, 1, 1, 1, 1, 1, 1, 1, 1, 1, 1, 1, 1, 1, 1, 1, 1, 1, 1, 1, 1, 1, 1, 1, 1, 1, 1, 1, 1, 1, 1, 1, 1, 1, 1, 1, 1, 1, 1, 1, 1, 1, 1, 1, 1, 1, 1, 1, 1, 2, 2, 2, 2, 2, 2, 2, 2, 2, 2, 2, 2, 2, 2, 2, 2, 2, 2, 2, 2, 2, 2, 2, 2, 2, 2, 2, 2, 2, 2, 2, 2, 2, 2, 2, 2, 2, 2, 2, 2, 2, 2, 2, 2, 2, 2, 2, 2, 2, 2, 2, 2, 2, 2, 2, 2, 2, 2, 2, 2, 2, 2, 2, 2, 2, 2, 2, 2, 2, 2, 2, 2, 2, 2, 2, 2, 2, 2, 2, 2, 2, 2, 2, 2, 2, 2, 2, 2, 2, 2, 2, 2, 2, 2, 2, 2, 3, 3, 3, 3, 3, 3, 3, 3, 3, 3, 3, 3, 3, 3, 3, 3, 3, 3, 3, 3, 3, 3, 3, 3, 3, 3, 3, 3, 3, 3, 3, 3, 3, 3, 3, 3, 3, 3, 3, 3, 3, 3, 3, 3, 3, 3, 3, 3, 3, 3, 3, 3, 3, 3, 3, 3, 3, 3, 3, 3, 3, 3, 3, 3, 3, 3, 3, 3, 3, 3, 3, 3, 3, 3, 3, 3, 3, 3, 3, 3, 3, 3, 3, 3, 3, 3, 3, 3, 3, 3, 3, 3, 3, 3, 3, 3, 3, 3, 3, 3, 3, 3, 3, 3, 3, 3, 3, 3, 3, 3, 3, 4, 4, 4, 4, 4, 4, 4, 4, 4, 4, 4, 4, 4, 4, 5, 5, 6, 6, 6, 6, 6, 6, 6, 6, 6, 6, 6, 6, 6, 6, 6, 6, 6, 6, 6, 6, 6, 6, 6, 6, 6, 6, 6, 6, 6, 6, 6, 6, 6, 6, 6, 6, 6, 6, 6, 6, 6, 6, 6, 6, 6, 6, 6, 6, 6, 6, 6, 6, 6, 6, 6, 6, 6, 6, 6, 6, 6, 6, 6, 6, 6, 6, 6, 6, 6, 6, 6, 7, 7, 7, 7, 8, 8, 8, 8, 8, 8, 8, 8, 8, 8, 8, 8, 8, 8, 8, 8, 8, 8, 8, 8, 8, 8, 8, 8, 8, 8, 8, 8, 8, 8, 8, 8, 8, 8, 8, 8, 8, 8, 8, 8, 8, 8, 8, 8, 8, 8, 8, 8, 8, 8, 8, 8, 8, 8, 8, 8, 8, 8, 8, 8, 8, 8, 8, 8, 8, 8, 8, 8, 8, 8, 8, 8, 8, 8, 8, 8, 8, 8, 8, 8, 8, 8, 8, 8, 8, 8, 8, 8, 8, 8, 8, 8, 8, 8, 8, 8, 8, 8, 8, 8, 8, 8, 8, 8, 8, 8, 8, 8, 8, 8, 8, 8, 8, 8, 8, 8, 8, 8, 8, 8, 8, 8, 8, 8, 8, 8, 8, 8, 8, 8, 8, 8, 8, 8, 8, 8, 8, 8, 8, 8, 8, 8, 8, 8, 8, 8, 8, 8, 8, 8, 9, 9, 9, 9, 9, 9, 9, 9, 9, 9, 9, 9, 9, 9, 9, 9, 9, 9, 9, 9, 9, 10, 10, 10, 10, 10, 10, 10, 10, 10, 10, 10, 10, 10, 10, 10, 10, 10, 10, 10, 10, 10, 10, 10, 10, 10, 10, 10, 10, 10, 10, 10, 10, 10, 10, 10, 10, 10, 10, 10, 10, 10, 10, 10, 10, 10, 10, 10, 10, 10, 10, 10, 10, 10, 10, 10, 11, 11, 11, 11, 11, 11, 11, 11, 11, 11, 11, 11, 11, 11, 11, 11, 11, 11, 11, 11, 11, 11, 11, 11, 11, 11, 11, 11, 11, 11, 11, 11, 11, 11, 11, 11, 11, 11, 11, 11, 11, 11, 11, 11, 11, 11, 11, 11, 11, 11, 11, 11, 11, 11, 11, 11, 11, 11, 11, 11, 11, 11, 11, 11, 11, 11, 11, 11, 11, 11, 11, 11, 11, 11, 11, 11, 11, 11, 11, 11, 11, 11, 11, 11, 11, 11, 11, 11, 11, 11, 11, 11, 11, 11, 11, 11, 11, 11, 11, 11, 11, 11, 11, 11, 11, 11, 11, 11, 11, 11, 11, 11, 11, 11, 11, 11, 11, 11, 11, 11, 11, 11, 11, 11, 11, 11, 11, 11, 11, 11, 11, 11, 11, 11, 11, 11, 11, 11, 11, 11, 11, 11, 11, 11, 11, 11, 11, 11, 11, 11, 11, 11, 11, 11, 11, 11, 11, 11, 11, 11, 11, 11, 11, 11, 11, 11, 11, 11, 11, 11, 11, 11, 11, 11, 11, 11, 11, 11, 11, 11, 11, 11, 11, 11, 11, 11, 11, 11, 11, 11, 11, 11, 11, 11, 11, 11, 11, 11, 11, 11, 11, 11, 11, 11, 11, 11, 11, 11, 11, 11, 11, 11, 11, 11, 11, 11, 11, 11, 11, 11, 11, 11, 11, 11, 11, 11, 11, 11, 11, 11, 11, 11, 11, 11, 11, 11, 11, 11, 11, 11, 11, 11, 11, 11, 11, 11, 11, 11, 11, 11, 11, 11, 11, 11, 11, 11, 11, 11, 11, 11, 11, 11, 11, 11, 11, 11, 11, 11, 11, 11, 11, 11, 12, 12, 12, 12, 12, 12, 12, 12, 12, 12, 12, 12, 12, 12, 12, 12, 12, 12, 12, 12, 12, 12, 12, 12, 12, 12, 12, 12, 12, 12, 12, 13, 13, 13, 13, 13, 13, 13, 13, 13, 13, 13, 13, 13, 13, 13, 13, 13, 13, 13, 13, 13, 13, 13, 13, 13, 13, 13, 13, 13]
[0, 0, 0, 0, 0, 0, 0, 0, 0, 0, 0, 0, 0, 0, 0, 1, 1, 1, 1, 1, 1, 1, 1, 1, 1, 1, 1, 1, 1, 1, 1, 1, 1, 1, 1, 1, 1, 1, 1, 1, 1, 1, 1, 1, 1, 1, 1, 1, 1, 2, 2, 2, 2, 2, 2, 2, 2, 2, 2, 2, 2, 2, 2, 2, 2, 2, 2, 2, 2, 2, 2, 2, 2, 2, 2, 2, 2, 2, 2, 2, 2, 2, 2, 2, 2, 2, 2, 2, 2, 2, 2, 2, 2, 2, 2, 2, 2, 2, 2, 2, 2, 2, 2, 2, 2, 2, 2, 2, 2, 2, 2, 2, 2, 2, 2, 2, 2, 2, 2, 2, 2, 2, 2, 2, 2, 2, 2, 2, 2, 2, 2, 2, 2, 2, 2, 2, 2, 2, 2, 2, 2, 2, 2, 2, 2, 2, 2, 2, 3, 3, 3, 3, 3, 3, 3, 3, 3, 3, 3, 3, 3, 3, 3, 3, 3, 3, 3, 3, 3, 3, 3, 3, 3, 3, 3, 3, 3, 3, 3, 3, 3, 3, 3, 3, 3, 3, 3, 3, 3, 3, 3, 3, 3, 3, 3, 3, 3, 3, 3, 3, 3, 3, 3, 3, 3, 3, 3, 3, 3, 3, 3, 3, 3, 3, 3, 3, 3, 3, 3, 3, 3, 3, 3, 3, 3, 3, 3, 3, 3, 3, 3, 3, 3, 3, 3, 3, 3, 3, 3, 3, 3, 3, 3, 3, 3, 3, 3, 3, 3, 3, 3, 3, 3, 3, 3, 3, 3, 3, 3, 3, 3, 3, 3, 3, 3, 3, 4, 4, 4, 4, 4, 4, 4, 4, 4, 4, 4, 4, 4, 4, 4, 4, 4, 5, 5, 5, 6, 6, 6, 6, 6, 6, 6, 6, 6, 6, 6, 6, 6, 6, 6, 6, 6, 6, 6, 6, 6, 6, 6, 6, 6, 6, 6, 6, 6, 6, 6, 6, 6, 6, 6, 6, 6, 6, 6, 6, 6, 6, 6, 6, 6, 6, 6, 6, 6, 7, 7, 7, 7, 7, 7, 7, 7, 7, 7, 8, 8, 8, 8, 8, 8, 8, 8, 8, 8, 8, 8, 8, 8, 8, 8, 8, 8, 8, 8, 8, 8, 8, 8, 8, 8, 8, 8, 8, 8, 8, 8, 8, 8, 8, 8, 8, 8, 8, 8, 8, 8, 8, 8, 8, 8, 8, 8, 8, 8, 8, 8, 8, 8, 8, 8, 8, 8, 8, 8, 8, 8, 8, 9, 9, 9, 9, 9, 9, 9, 9, 9, 9, 9, 9, 9, 9, 9, 9, 9, 10, 10, 10, 10, 10, 10, 10, 10, 10, 10, 10, 10, 10, 10, 10, 10, 10, 10, 10, 10, 10, 10, 10, 10, 10, 10, 10, 10, 10, 10, 10, 10, 10, 10, 10, 10, 10, 10, 11, 11, 11, 11, 11, 11, 11, 11, 11, 11, 11, 11, 11, 11, 11, 11, 11, 11, 11, 11, 11, 11, 11, 11, 11, 11, 11, 11, 11, 11, 11, 11, 11, 11, 11, 11, 11, 11, 11, 11, 11, 11, 11, 11, 11, 11, 11, 11, 11, 11, 11, 11, 11, 11, 11, 11, 11, 11, 11, 11, 11, 11, 11, 11, 11, 11, 11, 11, 11, 11, 11, 11, 11, 11, 11, 11, 11, 11, 11, 11, 11, 11, 11, 11, 11, 11, 11, 11, 11, 11, 11, 11, 11, 11, 11, 11, 11, 11, 11, 11, 11, 11, 11, 11, 11, 11, 11, 11, 11, 11, 11, 11, 11, 11, 11, 11, 11, 11, 11, 11, 11, 11, 11, 11, 11, 11, 11, 11, 11, 11, 11, 11, 11, 11, 11, 11, 11, 11, 11, 11, 11, 11, 11, 11, 11, 11, 11, 11, 11, 11, 11, 11, 11, 11, 11, 11, 11, 11, 11, 11, 11, 11, 11, 11, 11, 11, 11, 11, 11, 11, 11, 11, 11, 11, 11, 11, 11, 11, 11, 11, 11, 11, 11, 11, 11, 11, 11, 11, 11, 11, 11, 11, 11, 11, 11, 11, 11, 11, 11, 11, 11, 11, 11, 11, 11, 11, 11, 11, 11, 11, 11, 11, 11, 11, 11, 11, 11, 11, 11, 11, 11, 11, 11, 11, 11, 11, 11, 11, 11, 11, 11, 11, 11, 11, 11, 11, 11, 11, 11, 11, 11, 11, 11, 11, 12, 12, 12, 12, 12, 12, 12, 12, 12, 12, 12, 12, 12, 12, 12, 12, 12, 12, 12, 12, 12, 12, 12, 12, 12, 12, 12, 12, 12, 12, 13, 13, 13, 13, 13, 13, 13, 13, 13, 13, 13, 13]
shapelet initialized!
All 3 clients initialized.
Server device: cuda:0
Client worker groups: [[0], [1], [2]]
Client worker devices: ['cuda:0', 'cuda:0', 'cuda:0']
客户端选择未启用，所有客户端参与聚合
/data/user_lixiongfei/CSL-main/train.py:801: UserWarning: Creating a tensor from a list of numpy.ndarrays is extremely slow. Please consider converting the list to a single numpy.ndarray with numpy.array() before converting to a tensor. (Triggered internally at ../torch/csrc/utils/tensor_new.cpp:278.)
  X = torch.tensor(X, dtype=torch.float)
Classification: train=1.0000 test=0.5791 round=0
[round 0] timing train=124.065s distribution=1.403s agg=0.187s eval=95.980s total=221.653s
Classification: train=1.0000 test=0.5815 round=1
[round 1] timing train=154.156s distribution=0.847s agg=0.082s eval=86.316s total=241.413s
Classification: train=1.0000 test=0.5823 round=2
[round 2] timing train=150.706s distribution=0.886s agg=0.163s eval=101.452s total=253.213s
Classification: train=1.0000 test=0.5791 round=3
[round 3] timing train=153.272s distribution=0.845s agg=0.103s eval=101.767s total=255.994s
Classification: train=1.0000 test=0.5835 round=4
[round 4] timing train=132.342s distribution=0.773s agg=0.106s eval=89.726s total=222.964s
Classification: train=1.0000 test=0.5827 round=5
[round 5] timing train=157.601s distribution=0.857s agg=0.134s eval=95.756s total=254.357s
Classification: train=1.0000 test=0.5791 round=6
[round 6] timing train=154.166s distribution=0.687s agg=0.151s eval=101.289s total=256.315s
Classification: train=1.0000 test=0.5811 round=7
[round 7] timing train=159.304s distribution=0.973s agg=0.224s eval=101.923s total=262.455s
Classification: train=1.0000 test=0.5839 round=8
[round 8] timing train=150.871s distribution=0.910s agg=0.173s eval=99.524s total=251.490s
Classification: train=1.0000 test=0.5811 round=9
[round 9] timing train=148.133s distribution=0.867s agg=0.139s eval=93.973s total=243.129s
Classification: train=1.0000 test=0.5835 round=10
[round 10] timing train=149.973s distribution=1.076s agg=0.200s eval=98.216s total=249.471s
Classification: train=1.0000 test=0.5799 round=11
[round 11] timing train=150.836s distribution=0.904s agg=0.161s eval=97.919s total=249.828s
Classification: train=1.0000 test=0.5807 round=12
[round 12] timing train=152.638s distribution=0.915s agg=0.208s eval=99.738s total=253.503s
Classification: train=1.0000 test=0.5860 round=13
[round 13] timing train=150.826s distribution=0.735s agg=0.133s eval=100.083s total=251.784s
Classification: train=1.0000 test=0.5791 round=14
[round 14] timing train=149.096s distribution=1.091s agg=0.211s eval=96.770s total=247.176s
Classification: train=1.0000 test=0.5815 round=15
[round 15] timing train=158.391s distribution=1.166s agg=0.167s eval=96.949s total=256.686s
Classification: train=1.0000 test=0.5843 round=16
[round 16] timing train=154.959s distribution=0.943s agg=0.124s eval=94.724s total=250.775s
Classification: train=1.0000 test=0.5839 round=17
[round 17] timing train=156.347s distribution=0.895s agg=0.230s eval=93.653s total=251.136s
Classification: train=1.0000 test=0.5819 round=18
[round 18] timing train=151.049s distribution=0.922s agg=0.239s eval=94.284s total=246.519s
Classification: train=1.0000 test=0.5803 round=19
[round 19] timing train=158.285s distribution=0.879s agg=0.259s eval=98.530s total=257.961s
Classification: train=1.0000 test=0.5864 round=20
[round 20] timing train=150.056s distribution=0.866s agg=0.115s eval=95.109s total=246.185s
Classification: train=1.0000 test=0.5783 round=21
[round 21] timing train=153.395s distribution=0.858s agg=0.168s eval=95.435s total=249.860s
Classification: train=1.0000 test=0.5815 round=22
[round 22] timing train=153.651s distribution=0.924s agg=0.196s eval=96.672s total=251.476s
Classification: train=1.0000 test=0.5852 round=23
[round 23] timing train=162.771s distribution=1.045s agg=0.212s eval=99.653s total=263.721s
Classification: train=1.0000 test=0.5835 round=24
[round 24] timing train=157.577s distribution=0.730s agg=0.207s eval=93.450s total=252.007s
Classification: train=1.0000 test=0.5827 round=25
[round 25] timing train=142.153s distribution=0.666s agg=0.114s eval=99.360s total=242.300s
Classification: train=1.0000 test=0.5823 round=26
[round 26] timing train=157.729s distribution=1.002s agg=0.208s eval=98.952s total=257.912s
Classification: train=1.0000 test=0.5860 round=27
[round 27] timing train=153.445s distribution=0.804s agg=0.226s eval=98.138s total=252.628s
Classification: train=1.0000 test=0.5872 round=28
[round 28] timing train=158.086s distribution=0.747s agg=0.160s eval=94.609s total=253.625s
Classification: train=1.0000 test=0.5823 round=29
[round 29] timing train=155.370s distribution=0.930s agg=0.171s eval=99.490s total=255.971s
[fedcsl] checkpoint saved → ./checkpoint/resume/fedcsl_LSST_2026-05-04-14har_fedprox_dir10.0.pt (round=30)
Classification: train=1.0000 test=0.5835 round=30
[round 30] timing train=148.980s distribution=0.871s agg=0.273s eval=95.454s total=245.582s
Classification: train=1.0000 test=0.5843 round=31
[round 31] timing train=149.256s distribution=0.895s agg=0.191s eval=98.970s total=249.328s
Classification: train=1.0000 test=0.5848 round=32
[round 32] timing train=137.726s distribution=1.174s agg=0.176s eval=100.652s total=239.743s
Classification: train=1.0000 test=0.5860 round=33
[round 33] timing train=154.857s distribution=0.816s agg=0.155s eval=99.230s total=255.102s
Classification: train=1.0000 test=0.5831 round=34
[round 34] timing train=155.432s distribution=0.498s agg=0.155s eval=100.926s total=257.019s
Classification: train=1.0000 test=0.5819 round=35
[round 35] timing train=153.354s distribution=0.834s agg=0.336s eval=101.637s total=256.174s
Classification: train=1.0000 test=0.5795 round=36
[round 36] timing train=152.739s distribution=0.881s agg=0.151s eval=94.270s total=248.067s
Classification: train=1.0000 test=0.5852 round=37
[round 37] timing train=154.563s distribution=0.837s agg=0.173s eval=93.218s total=248.800s
Classification: train=1.0000 test=0.5860 round=38
[round 38] timing train=146.807s distribution=0.896s agg=0.276s eval=100.937s total=248.928s
Classification: train=1.0000 test=0.5868 round=39
[round 39] timing train=159.488s distribution=0.987s agg=0.198s eval=97.602s total=258.291s
Classification: train=1.0000 test=0.5839 round=40
[round 40] timing train=158.988s distribution=0.864s agg=0.192s eval=103.259s total=263.309s
Classification: train=1.0000 test=0.5856 round=41
[round 41] timing train=155.294s distribution=1.049s agg=0.224s eval=95.553s total=252.124s
Classification: train=1.0000 test=0.5860 round=42
[round 42] timing train=149.963s distribution=0.570s agg=0.176s eval=91.158s total=241.873s
Classification: train=1.0000 test=0.5835 round=43
[round 43] timing train=155.780s distribution=1.042s agg=0.148s eval=98.088s total=255.088s
Classification: train=1.0000 test=0.5827 round=44
[round 44] timing train=162.010s distribution=1.126s agg=0.202s eval=93.429s total=256.783s
Classification: train=1.0000 test=0.5839 round=45
[round 45] timing train=159.624s distribution=1.033s agg=0.255s eval=93.115s total=254.042s
Classification: train=1.0000 test=0.5835 round=46
[round 46] timing train=150.475s distribution=0.922s agg=0.182s eval=97.814s total=249.406s
Classification: train=1.0000 test=0.5795 round=47
[round 47] timing train=155.926s distribution=1.110s agg=0.234s eval=98.686s total=255.963s
Classification: train=1.0000 test=0.5795 round=48
[round 48] timing train=153.661s distribution=0.779s agg=0.131s eval=97.986s total=252.576s
Classification: train=1.0000 test=0.5779 round=49
[round 49] timing train=155.548s distribution=0.701s agg=0.135s eval=88.789s total=245.178s
Classification: train=1.0000 test=0.5787 round=50
[round 50] timing train=153.371s distribution=0.835s agg=0.197s eval=99.440s total=253.868s
Classification: train=1.0000 test=0.5779 round=51
[round 51] timing train=156.851s distribution=0.881s agg=0.165s eval=95.855s total=253.765s
Classification: train=1.0000 test=0.5799 round=52
[round 52] timing train=153.920s distribution=0.956s agg=0.134s eval=91.368s total=246.385s
Classification: train=1.0000 test=0.5835 round=53
[round 53] timing train=151.318s distribution=1.217s agg=0.187s eval=94.476s total=247.226s
Classification: train=1.0000 test=0.5839 round=54
[round 54] timing train=140.774s distribution=0.944s agg=0.163s eval=102.796s total=244.689s
Classification: train=1.0000 test=0.5839 round=55
[round 55] timing train=153.225s distribution=0.982s agg=0.275s eval=103.369s total=257.885s
Classification: train=1.0000 test=0.5827 round=56
[round 56] timing train=151.430s distribution=0.827s agg=0.214s eval=97.303s total=249.813s
Classification: train=1.0000 test=0.5815 round=57
[round 57] timing train=152.409s distribution=0.915s agg=0.090s eval=97.860s total=251.301s
Classification: train=1.0000 test=0.5843 round=58
[round 58] timing train=149.056s distribution=1.036s agg=0.153s eval=86.625s total=236.924s
Classification: train=1.0000 test=0.5819 round=59
[round 59] timing train=158.237s distribution=0.774s agg=0.216s eval=93.947s total=253.198s
[fedcsl] checkpoint saved → ./checkpoint/resume/fedcsl_LSST_2026-05-04-14har_fedprox_dir10.0.pt (round=60)
Classification: train=1.0000 test=0.5815 round=60
[round 60] timing train=136.322s distribution=0.941s agg=0.143s eval=89.040s total=226.485s
Classification: train=1.0000 test=0.5807 round=61
[round 61] timing train=150.464s distribution=0.926s agg=0.091s eval=96.340s total=247.839s
Classification: train=1.0000 test=0.5827 round=62
[round 62] timing train=152.855s distribution=0.934s agg=0.147s eval=93.687s total=247.665s
Classification: train=1.0000 test=0.5819 round=63
[round 63] timing train=160.276s distribution=1.052s agg=0.244s eval=101.014s total=262.603s
Classification: train=1.0000 test=0.5872 round=64
[round 64] timing train=156.107s distribution=0.693s agg=0.083s eval=91.547s total=248.458s
Classification: train=1.0000 test=0.5856 round=65
[round 65] timing train=148.187s distribution=0.790s agg=0.206s eval=93.619s total=242.812s
Classification: train=1.0000 test=0.5848 round=66
[round 66] timing train=155.930s distribution=0.761s agg=0.191s eval=91.686s total=248.599s
Classification: train=1.0000 test=0.5852 round=67
[round 67] timing train=160.271s distribution=0.798s agg=0.211s eval=104.570s total=265.913s
Classification: train=1.0000 test=0.5823 round=68
[round 68] timing train=157.092s distribution=0.881s agg=0.181s eval=97.871s total=256.030s
Classification: train=1.0000 test=0.5807 round=69
[round 69] timing train=151.405s distribution=1.249s agg=0.158s eval=90.775s total=243.624s
Classification: train=1.0000 test=0.5803 round=70
[round 70] timing train=157.761s distribution=0.914s agg=0.159s eval=95.293s total=254.161s
Classification: train=1.0000 test=0.5843 round=71
[round 71] timing train=154.928s distribution=1.050s agg=0.182s eval=95.298s total=251.480s
Classification: train=1.0000 test=0.5811 round=72
[round 72] timing train=152.036s distribution=0.771s agg=0.192s eval=93.250s total=246.289s
Classification: train=1.0000 test=0.5831 round=73
[round 73] timing train=150.677s distribution=0.971s agg=0.108s eval=95.383s total=247.168s
Classification: train=1.0000 test=0.5819 round=74
[round 74] timing train=151.162s distribution=0.803s agg=0.256s eval=96.405s total=248.652s
Classification: train=1.0000 test=0.5839 round=75
[round 75] timing train=156.448s distribution=1.032s agg=0.124s eval=99.267s total=256.897s
Classification: train=1.0000 test=0.5839 round=76
[round 76] timing train=154.928s distribution=0.952s agg=0.335s eval=90.727s total=246.981s
Classification: train=1.0000 test=0.5868 round=77
[round 77] timing train=149.256s distribution=0.745s agg=0.152s eval=94.798s total=244.989s
Classification: train=1.0000 test=0.5839 round=78
[round 78] timing train=146.701s distribution=0.702s agg=0.144s eval=98.635s total=246.194s
Classification: train=1.0000 test=0.5815 round=79
[round 79] timing train=156.892s distribution=0.866s agg=0.195s eval=94.964s total=252.955s
Classification: train=1.0000 test=0.5856 round=80
[round 80] timing train=149.312s distribution=0.788s agg=0.147s eval=88.395s total=238.646s
Classification: train=1.0000 test=0.5835 round=81
[round 81] timing train=144.210s distribution=0.906s agg=0.207s eval=92.342s total=237.698s
Classification: train=1.0000 test=0.5795 round=82
[round 82] timing train=154.282s distribution=0.767s agg=0.150s eval=95.461s total=250.690s
Classification: train=1.0000 test=0.5787 round=83
[round 83] timing train=138.451s distribution=0.679s agg=0.104s eval=92.289s total=231.553s
Classification: train=1.0000 test=0.5799 round=84
[round 84] timing train=150.560s distribution=0.900s agg=0.206s eval=96.789s total=248.459s
Classification: train=1.0000 test=0.5775 round=85
[round 85] timing train=145.211s distribution=0.825s agg=0.146s eval=92.085s total=238.312s
Classification: train=1.0000 test=0.5803 round=86
[round 86] timing train=155.356s distribution=0.916s agg=0.170s eval=96.211s total=252.694s
Classification: train=1.0000 test=0.5799 round=87
[round 87] timing train=157.390s distribution=0.869s agg=0.167s eval=99.965s total=258.445s
Classification: train=1.0000 test=0.5803 round=88
[round 88] timing train=150.471s distribution=0.864s agg=0.137s eval=92.640s total=244.131s
Classification: train=1.0000 test=0.5754 round=89
[round 89] timing train=132.499s distribution=0.581s agg=0.144s eval=93.654s total=226.888s
[fedcsl] checkpoint saved → ./checkpoint/resume/fedcsl_LSST_2026-05-04-14har_fedprox_dir10.0.pt (round=90)
Classification: train=1.0000 test=0.5779 round=90
[round 90] timing train=154.286s distribution=0.824s agg=0.136s eval=95.971s total=251.226s
Classification: train=1.0000 test=0.5803 round=91
[round 91] timing train=161.379s distribution=1.050s agg=0.364s eval=105.055s total=267.861s
Classification: train=1.0000 test=0.5819 round=92
[round 92] timing train=157.373s distribution=1.201s agg=0.129s eval=105.396s total=264.129s
Classification: train=1.0000 test=0.5815 round=93
[round 93] timing train=160.425s distribution=1.118s agg=0.168s eval=98.950s total=260.675s
Classification: train=1.0000 test=0.5819 round=94
[round 94] timing train=155.028s distribution=0.806s agg=0.312s eval=95.492s total=251.643s
Classification: train=1.0000 test=0.5831 round=95
[round 95] timing train=158.510s distribution=0.949s agg=0.245s eval=98.841s total=258.565s
Classification: train=1.0000 test=0.5799 round=96
[round 96] timing train=154.602s distribution=1.206s agg=0.271s eval=96.137s total=252.229s
Classification: train=1.0000 test=0.5827 round=97
[round 97] timing train=152.659s distribution=0.909s agg=0.226s eval=95.466s total=249.279s
Classification: train=1.0000 test=0.5827 round=98
[round 98] timing train=156.946s distribution=1.018s agg=0.147s eval=96.533s total=254.651s
Classification: train=1.0000 test=0.5827 round=99
[round 99] timing train=157.024s distribution=0.839s agg=0.240s eval=102.729s total=260.845s
Classification: train=1.0000 test=0.5815 round=100
[round 100] timing train=166.318s distribution=1.030s agg=0.154s eval=108.111s total=275.640s
Classification: train=1.0000 test=0.5799 round=101
[round 101] timing train=152.948s distribution=0.765s agg=0.211s eval=101.300s total=255.230s
Classification: train=1.0000 test=0.5835 round=102
[round 102] timing train=160.601s distribution=0.959s agg=0.252s eval=95.329s total=257.184s
Classification: train=1.0000 test=0.5815 round=103
[round 103] timing train=162.451s distribution=0.786s agg=0.209s eval=105.333s total=268.783s
Classification: train=1.0000 test=0.5827 round=104
[round 104] timing train=160.988s distribution=0.875s agg=0.142s eval=92.478s total=254.513s
Classification: train=1.0000 test=0.5835 round=105
[round 105] timing train=151.605s distribution=0.723s agg=0.241s eval=101.933s total=254.513s
Classification: train=1.0000 test=0.5864 round=106
[round 106] timing train=152.701s distribution=0.658s agg=0.116s eval=97.672s total=251.156s
Classification: train=1.0000 test=0.5803 round=107
[round 107] timing train=163.591s distribution=1.012s agg=0.098s eval=105.327s total=270.064s
Classification: train=1.0000 test=0.5819 round=108
[round 108] timing train=156.169s distribution=0.662s agg=0.204s eval=97.447s total=254.495s
Classification: train=1.0000 test=0.5823 round=109
[round 109] timing train=153.194s distribution=0.787s agg=0.230s eval=102.201s total=256.437s
Classification: train=1.0000 test=0.5819 round=110
[round 110] timing train=159.787s distribution=0.853s agg=0.268s eval=97.341s total=258.274s
Classification: train=1.0000 test=0.5783 round=111
[round 111] timing train=158.326s distribution=1.059s agg=0.175s eval=98.534s total=258.148s
Classification: train=1.0000 test=0.5848 round=112
[round 112] timing train=161.274s distribution=1.191s agg=0.163s eval=107.270s total=269.955s
Classification: train=1.0000 test=0.5787 round=113
[round 113] timing train=144.730s distribution=0.683s agg=0.107s eval=100.499s total=246.024s
Classification: train=1.0000 test=0.5803 round=114
[round 114] timing train=161.571s distribution=0.781s agg=0.188s eval=95.256s total=257.858s
Classification: train=1.0000 test=0.5815 round=115
[round 115] timing train=157.249s distribution=1.065s agg=0.254s eval=102.593s total=261.184s
Classification: train=1.0000 test=0.5819 round=116
[round 116] timing train=156.788s distribution=0.930s agg=0.184s eval=109.779s total=267.707s
Classification: train=1.0000 test=0.5852 round=117
[round 117] timing train=157.908s distribution=0.738s agg=0.098s eval=102.060s total=260.809s
Classification: train=1.0000 test=0.5827 round=118
[round 118] timing train=153.608s distribution=0.742s agg=0.231s eval=106.225s total=260.824s
Classification: train=1.0000 test=0.5827 round=119
[round 119] timing train=163.862s distribution=0.909s agg=0.187s eval=101.107s total=266.093s
[fedcsl] checkpoint saved → ./checkpoint/resume/fedcsl_LSST_2026-05-04-14har_fedprox_dir10.0.pt (round=120)
Classification: train=1.0000 test=0.5807 round=120
[round 120] timing train=151.918s distribution=1.112s agg=0.194s eval=104.524s total=257.762s
Classification: train=1.0000 test=0.5839 round=121
[round 121] timing train=156.553s distribution=0.880s agg=0.129s eval=106.680s total=264.260s
Classification: train=1.0000 test=0.5791 round=122
[round 122] timing train=159.305s distribution=0.909s agg=0.141s eval=104.814s total=265.197s
Classification: train=1.0000 test=0.5831 round=123
[round 123] timing train=155.648s distribution=1.166s agg=0.295s eval=101.633s total=258.771s
Classification: train=1.0000 test=0.5807 round=124
[round 124] timing train=158.229s distribution=0.882s agg=0.310s eval=99.408s total=258.858s
Classification: train=1.0000 test=0.5787 round=125
[round 125] timing train=155.520s distribution=1.242s agg=0.233s eval=101.251s total=258.264s
Classification: train=1.0000 test=0.5799 round=126
[round 126] timing train=160.290s distribution=1.223s agg=0.212s eval=103.441s total=265.176s
Classification: train=1.0000 test=0.5803 round=127
[round 127] timing train=163.162s distribution=1.055s agg=0.168s eval=101.688s total=266.086s
Classification: train=1.0000 test=0.5803 round=128
[round 128] timing train=157.603s distribution=1.008s agg=0.242s eval=100.588s total=259.446s
Classification: train=1.0000 test=0.5819 round=129
[round 129] timing train=159.474s distribution=0.917s agg=0.238s eval=102.408s total=263.080s
Classification: train=1.0000 test=0.5831 round=130
[round 130] timing train=160.443s distribution=0.911s agg=0.269s eval=100.182s total=261.811s
Classification: train=1.0000 test=0.5835 round=131
[round 131] timing train=161.454s distribution=0.743s agg=0.227s eval=100.611s total=263.066s
Classification: train=1.0000 test=0.5807 round=132
[round 132] timing train=159.823s distribution=1.277s agg=0.192s eval=98.560s total=259.862s
Classification: train=1.0000 test=0.5811 round=133
[round 133] timing train=153.051s distribution=0.829s agg=0.110s eval=98.100s total=252.119s
Classification: train=1.0000 test=0.5807 round=134
[round 134] timing train=160.790s distribution=1.334s agg=0.208s eval=102.816s total=265.157s
Classification: train=1.0000 test=0.5819 round=135
[round 135] timing train=154.973s distribution=0.918s agg=0.153s eval=95.203s total=251.268s
Classification: train=1.0000 test=0.5791 round=136
[round 136] timing train=153.233s distribution=1.010s agg=0.212s eval=96.627s total=251.097s
Classification: train=1.0000 test=0.5807 round=137
[round 137] timing train=165.047s distribution=0.848s agg=0.168s eval=98.610s total=264.687s
Classification: train=1.0000 test=0.5815 round=138
[round 138] timing train=160.871s distribution=0.938s agg=0.261s eval=98.391s total=260.471s
Classification: train=1.0000 test=0.5848 round=139
[round 139] timing train=153.923s distribution=0.993s agg=0.241s eval=88.976s total=244.182s
Classification: train=1.0000 test=0.5839 round=140
[round 140] timing train=143.985s distribution=0.689s agg=0.184s eval=96.505s total=241.375s
Classification: train=1.0000 test=0.5783 round=141
[round 141] timing train=156.659s distribution=0.960s agg=0.175s eval=97.729s total=255.542s
Classification: train=1.0000 test=0.5775 round=142
[round 142] timing train=157.368s distribution=0.975s agg=0.201s eval=103.997s total=262.556s
Classification: train=1.0000 test=0.5762 round=143
[round 143] timing train=129.297s distribution=0.742s agg=0.155s eval=98.757s total=228.960s
Classification: train=1.0000 test=0.5827 round=144
[round 144] timing train=157.143s distribution=0.759s agg=0.080s eval=96.317s total=254.332s
Classification: train=1.0000 test=0.5799 round=145
[round 145] timing train=149.171s distribution=0.731s agg=0.170s eval=100.119s total=250.195s
Classification: train=1.0000 test=0.5811 round=146
[round 146] timing train=159.861s distribution=0.973s agg=0.208s eval=100.417s total=261.471s
Classification: train=1.0000 test=0.5823 round=147
[round 147] timing train=154.042s distribution=1.001s agg=0.228s eval=94.499s total=249.778s
Classification: train=1.0000 test=0.5852 round=148
[round 148] timing train=157.199s distribution=0.899s agg=0.214s eval=95.811s total=254.129s
Classification: train=1.0000 test=0.5807 round=149
[round 149] timing train=151.711s distribution=1.013s agg=0.193s eval=109.105s total=262.027s
[fedcsl] checkpoint saved → ./checkpoint/resume/fedcsl_LSST_2026-05-04-14har_fedprox_dir10.0.pt (round=150)
Classification: train=1.0000 test=0.5811 round=150
[round 150] timing train=156.961s distribution=0.830s agg=0.092s eval=99.972s total=257.876s
Classification: train=1.0000 test=0.5819 round=151
[round 151] timing train=152.748s distribution=0.865s agg=0.111s eval=100.605s total=254.343s
Classification: train=1.0000 test=0.5799 round=152
[round 152] timing train=156.992s distribution=0.893s agg=0.179s eval=100.915s total=259.011s
Classification: train=1.0000 test=0.5795 round=153
[round 153] timing train=154.862s distribution=0.918s agg=0.216s eval=101.581s total=257.606s
Classification: train=1.0000 test=0.5823 round=154
[round 154] timing train=150.609s distribution=0.819s agg=0.201s eval=98.763s total=250.418s
Classification: train=1.0000 test=0.5815 round=155
[round 155] timing train=151.684s distribution=0.994s agg=0.304s eval=96.237s total=249.226s
Classification: train=1.0000 test=0.5807 round=156
[round 156] timing train=149.354s distribution=1.092s agg=0.193s eval=101.811s total=252.470s
Classification: train=1.0000 test=0.5815 round=157
[round 157] timing train=156.264s distribution=0.998s agg=0.227s eval=100.757s total=258.251s
Classification: train=1.0000 test=0.5823 round=158
[round 158] timing train=155.278s distribution=0.954s agg=0.228s eval=102.386s total=258.865s
Classification: train=1.0000 test=0.5811 round=159
[round 159] timing train=154.859s distribution=0.915s agg=0.253s eval=101.760s total=257.795s
Classification: train=1.0000 test=0.5852 round=160
[round 160] timing train=155.820s distribution=0.962s agg=0.117s eval=103.359s total=260.277s
Classification: train=1.0000 test=0.5819 round=161
[round 161] timing train=160.757s distribution=0.935s agg=0.169s eval=100.552s total=262.467s
Classification: train=1.0000 test=0.5831 round=162
[round 162] timing train=146.635s distribution=0.884s agg=0.289s eval=92.470s total=240.283s
Classification: train=1.0000 test=0.5799 round=163
[round 163] timing train=157.094s distribution=0.779s agg=0.159s eval=99.100s total=257.139s
Classification: train=1.0000 test=0.5791 round=164
[round 164] timing train=152.238s distribution=0.833s agg=0.134s eval=96.135s total=249.353s
Classification: train=1.0000 test=0.5839 round=165
[round 165] timing train=127.938s distribution=0.704s agg=0.128s eval=82.789s total=211.565s
Classification: train=1.0000 test=0.5831 round=166
[round 166] timing train=160.116s distribution=0.970s agg=0.146s eval=96.673s total=257.918s
Classification: train=1.0000 test=0.5843 round=167
[round 167] timing train=153.146s distribution=1.005s agg=0.123s eval=95.856s total=250.171s
Classification: train=1.0000 test=0.5848 round=168
[round 168] timing train=155.284s distribution=0.892s agg=0.181s eval=94.633s total=250.995s
Classification: train=1.0000 test=0.5831 round=169
[round 169] timing train=154.376s distribution=0.783s agg=0.143s eval=96.280s total=251.596s
Classification: train=1.0000 test=0.5884 round=170
[round 170] timing train=154.079s distribution=1.088s agg=0.248s eval=99.539s total=254.979s
Classification: train=1.0000 test=0.5868 round=171
[round 171] timing train=153.328s distribution=0.812s agg=0.168s eval=100.104s total=254.430s
Classification: train=1.0000 test=0.5819 round=172
[round 172] timing train=154.254s distribution=0.810s agg=0.229s eval=93.389s total=248.706s
Classification: train=1.0000 test=0.5835 round=173
[round 173] timing train=141.820s distribution=0.635s agg=0.151s eval=103.057s total=245.677s
Classification: train=1.0000 test=0.5852 round=174
[round 174] timing train=155.706s distribution=0.779s agg=0.124s eval=102.207s total=258.829s
Classification: train=1.0000 test=0.5827 round=175
[round 175] timing train=154.067s distribution=0.763s agg=0.107s eval=102.141s total=257.107s
Classification: train=1.0000 test=0.5819 round=176
[round 176] timing train=150.218s distribution=0.935s agg=0.178s eval=99.870s total=251.227s
Classification: train=1.0000 test=0.5860 round=177
[round 177] timing train=153.935s distribution=1.080s agg=0.178s eval=105.163s total=260.370s
Classification: train=1.0000 test=0.5852 round=178
[round 178] timing train=153.431s distribution=1.179s agg=0.231s eval=98.376s total=253.267s
Classification: train=1.0000 test=0.5864 round=179
[round 179] timing train=141.602s distribution=0.734s agg=0.165s eval=95.542s total=238.074s
[fedcsl] checkpoint saved → ./checkpoint/resume/fedcsl_LSST_2026-05-04-14har_fedprox_dir10.0.pt (round=180)
Classification: train=1.0000 test=0.5848 round=180
[round 180] timing train=152.454s distribution=1.099s agg=0.177s eval=99.967s total=253.721s
Classification: train=1.0000 test=0.5848 round=181
[round 181] timing train=150.459s distribution=1.033s agg=0.152s eval=102.060s total=253.716s
Classification: train=1.0000 test=0.5843 round=182
[round 182] timing train=146.783s distribution=0.912s agg=0.186s eval=100.511s total=248.430s
Classification: train=1.0000 test=0.5823 round=183
[round 183] timing train=153.574s distribution=0.704s agg=0.199s eval=94.222s total=248.711s
Classification: train=1.0000 test=0.5864 round=184
[round 184] timing train=148.611s distribution=0.964s agg=0.179s eval=94.179s total=243.947s
Classification: train=1.0000 test=0.5835 round=185
[round 185] timing train=162.931s distribution=0.840s agg=0.117s eval=99.480s total=263.395s
Classification: train=1.0000 test=0.5860 round=186
[round 186] timing train=157.264s distribution=0.827s agg=0.161s eval=97.545s total=255.822s
Classification: train=1.0000 test=0.5872 round=187
[round 187] timing train=147.717s distribution=0.797s agg=0.151s eval=96.811s total=245.489s
Classification: train=1.0000 test=0.5860 round=188
[round 188] timing train=147.926s distribution=0.751s agg=0.140s eval=91.338s total=240.168s
Classification: train=1.0000 test=0.5839 round=189
[round 189] timing train=159.084s distribution=0.890s agg=0.231s eval=98.442s total=258.659s
Classification: train=1.0000 test=0.5827 round=190
[round 190] timing train=150.782s distribution=0.800s agg=0.075s eval=84.175s total=235.845s
Classification: train=1.0000 test=0.5815 round=191
[round 191] timing train=131.561s distribution=0.878s agg=0.209s eval=89.378s total=222.051s
Classification: train=1.0000 test=0.5843 round=192
[round 192] timing train=144.681s distribution=0.861s agg=0.194s eval=92.061s total=237.823s
Classification: train=1.0000 test=0.5884 round=193
[round 193] timing train=154.769s distribution=0.695s agg=0.236s eval=96.668s total=252.382s
Classification: train=1.0000 test=0.5888 round=194
[round 194] timing train=149.178s distribution=0.768s agg=0.187s eval=93.812s total=243.974s
Classification: train=1.0000 test=0.5860 round=195
[round 195] timing train=148.212s distribution=0.836s agg=0.140s eval=95.509s total=244.716s
Classification: train=1.0000 test=0.5864 round=196
[round 196] timing train=142.439s distribution=0.936s agg=0.138s eval=95.142s total=238.666s
Classification: train=1.0000 test=0.5868 round=197
[round 197] timing train=149.468s distribution=0.821s agg=0.175s eval=94.148s total=244.643s
Classification: train=1.0000 test=0.5852 round=198
[round 198] timing train=150.775s distribution=0.753s agg=0.161s eval=91.445s total=243.139s
Classification: train=1.0000 test=0.5864 round=199
[round 199] timing train=149.266s distribution=1.035s agg=0.290s eval=91.476s total=242.081s
best round is 194, acc is 0.588808
Model saved to ./checkpoint/LSST/2026-05-04-14har_fedprox_dir10.0_LSST_model.pt
