# 2026-05-04 14:33:21  har_fedcsl-onehot-splitteacher_dir10.0  GPU=4  cwd=/data/user_lixiongfei/CSL-main
# CMD: python3 -u FedCSL_All.py -dataset HAR --config configFedCSL_OneHot_SplitTeacher.yml --dirichlet-alpha 10.0 --seed 42 --description har_fedcsl-onehot-splitteacher_dir10.0 -dataset LSST

/mnt/data/user_liangzhiyu/envs/fedcsl/lib/python3.8/site-packages/scipy/__init__.py:146: UserWarning: A NumPy version >=1.16.5 and <1.23.0 is required for this version of SciPy (detected version 1.23.5
  warnings.warn(f"A NumPy version >={np_minversion} and <{np_maxversion}"
[config] 'configFedCSL_OneHot_SplitTeacher.yml' 未找到，重定向到 'config/configFedCSL_OneHot_SplitTeacher.yml'
2459
<class 'pandas.core.frame.DataFrame'>
RangeIndex: 2459 entries, 0 to 2458
Data columns (total 7 columns):
 #   Column      Non-Null Count  Dtype 
---  ------      --------------  ----- 
 0   dim_0       2459 non-null   object
 1   dim_1       2459 non-null   object
 2   dim_2       2459 non-null   object
 3   dim_3       2459 non-null   object
 4   dim_4       2459 non-null   object
 5   dim_5       2459 non-null   object
 6   class_vals  2459 non-null   object
dtypes: object(7)
memory usage: 134.6+ KB
None
{36}
<class 'pandas.core.frame.DataFrame'>
RangeIndex: 2459 entries, 0 to 2458
Data columns (total 7 columns):
 #   Column      Non-Null Count  Dtype 
---  ------      --------------  ----- 
 0   dim_0       2459 non-null   object
 1   dim_1       2459 non-null   object
 2   dim_2       2459 non-null   object
 3   dim_3       2459 non-null   object
 4   dim_4       2459 non-null   object
 5   dim_5       2459 non-null   object
 6   class_vals  2459 non-null   object
dtypes: object(7)
memory usage: 134.6+ KB
None
[ 0  0  0 ... 13 13 13]
[   0    1    2    3    4    5    6    7    8    9   10   34   35   36
   37   38   39   40   41   42   43   44   45   46   47   48   49   50
   51   52   53   54   55   56   57   58   59   60   61   62   63   64
   65   66  157  158  159  160  161  162  163  164  165  166  167  168
  169  170  171  172  173  174  175  176  177  178  179  180  181  182
  183  184  185  186  187  188  189  190  191  192  193  194  195  196
  197  198  199  200  201  202  203  204  205  206  207  208  209  210
  211  212  213  214  215  216  217  218  219  220  221  222  223  224
  225  226  227  228  229  230  231  427  428  429  430  431  432  433
  434  435  436  437  438  439  440  441  442  443  444  445  446  447
  448  449  450  451  452  453  454  455  456  457  458  459  460  461
  462  463  464  465  466  467  468  469  470  471  472  473  474  475
  476  477  478  479  480  481  482  483  484  485  486  487  488  489
  490  491  492  493  494  495  496  497  498  499  500  501  502  503
  504  505  506  507  508  509  510  511  512  513  514  515  516  517
  518  519  520  521  522  523  524  525  526  527  528  529  530  531
  532  533  534  535  536  537  538  539  540  541  542  543  544  545
  546  547  548  549  550  551  552  553  554  555  556  557  558  559
  560  561  562  563  564  565  566  567  568  569  570  571  572  573
  574  575  576  577  578  808  809  810  811  812  813  814  815  816
  817  818  819  820  821  822  823  824  825  826  827  828  829  830
  831  832  833  834  835  836  837  838  870  871  877  878  879  880
  881  882  883  884  885  886  887  888  889  890  891  892  893  894
  895  896  897  898  899  900  901  902  903  904  905  906  907  908
  909 1030 1031 1032 1033 1034 1035 1036 1037 1038 1053 1054 1055 1056
 1057 1058 1059 1060 1061 1062 1063 1064 1065 1066 1067 1068 1069 1070
 1071 1072 1073 1074 1075 1076 1077 1078 1079 1080 1081 1082 1083 1084
 1085 1086 1087 1088 1089 1090 1091 1092 1093 1094 1095 1096 1097 1098
 1099 1100 1101 1102 1103 1104 1105 1106 1107 1108 1109 1110 1111 1112
 1113 1114 1115 1116 1117 1118 1119 1120 1121 1122 1123 1124 1125 1126
 1127 1128 1129 1130 1131 1132 1133 1134 1135 1136 1137 1138 1139 1140
 1141 1142 1143 1144 1145 1146 1147 1148 1149 1150 1151 1152 1366 1367
 1368 1369 1370 1371 1372 1373 1374 1375 1376 1377 1378 1379 1380 1381
 1382 1383 1384 1385 1386 1387 1388 1389 1390 1391 1392 1393 1394 1395
 1434 1435 1436 1437 1438 1439 1440 1441 1442 1443 1444 1445 1446 1447
 1448 1449 1450 1451 1452 1453 1454 1455 1456 1457 1458 1459 1460 1554
 1555 1556 1557 1558 1559 1560 1561 1562 1563 1564 1565 1566 1567 1568
 1569 1570 1571 1572 1573 1574 1575 1576 1577 1578 1579 1580 1581 1582
 1583 1584 1585 1586 1587 1588 1589 1590 1591 1592 1593 1594 1595 1596
 1597 1598 1599 1600 1601 1602 1603 1604 1605 1606 1607 1608 1609 1610
 1611 1612 1613 1614 1615 1616 1617 1618 1619 1620 1621 1622 1623 1624
 1625 1626 1627 1628 1629 1630 1631 1632 1633 1634 1635 1636 1637 1638
 1639 1640 1641 1642 1643 1644 1645 1646 1647 1648 1649 1650 1651 1652
 1653 1654 1655 1656 1657 1658 1659 1660 1661 1662 1663 1664 1665 1666
 1667 1668 1669 1670 1671 1672 1673 1674 1675 1676 1677 1678 1679 1680
 1681 1682 1683 1684 1685 1686 1687 1688 1689 1690 1691 1692 1693 1694
 1695 1696 1697 1698 1699 1700 1701 1702 1703 1704 1705 1706 1707 1708
 1709 1710 1711 1712 1713 1714 1715 1716 1717 1718 1719 1720 1721 1722
 1723 1724 1725 1726 1727 1728 1729 1730 1731 1732 1733 1734 1735 1736
 1737 1738 1739 1740 1741 1742 1743 1744 1745 1746 1747 1748 1749 1750
 1751 1752 1753 1754 1755 1756 1757 1758 1759 1760 1761 1762 1763 1764
 1765 1766 1767 1768 1769 1770 1771 1772 1773 1774 1775 1776 1777 1778
 1779 1780 1781 1782 1783 1784 1785 1786 1787 1788 1789 1790 1791 1792
 1793 1794 1795 1796 1797 1798 1799 1800 1801 1802 1803 1804 1805 1806
 1807 1808 1809 1810 1811 1812 1813 1814 2331 2332 2333 2334 2335 2336
 2337 2338 2339 2340 2341 2342 2343 2344 2345 2346 2408 2409 2410 2411
 2412 2413 2414 2415 2416 2417]
[0, 0, 0, 0, 0, 0, 0, 0, 0, 0, 0, 1, 1, 1, 1, 1, 1, 1, 1, 1, 1, 1, 1, 1, 1, 1, 1, 1, 1, 1, 1, 1, 1, 1, 1, 1, 1, 1, 1, 1, 1, 1, 1, 1, 2, 2, 2, 2, 2, 2, 2, 2, 2, 2, 2, 2, 2, 2, 2, 2, 2, 2, 2, 2, 2, 2, 2, 2, 2, 2, 2, 2, 2, 2, 2, 2, 2, 2, 2, 2, 2, 2, 2, 2, 2, 2, 2, 2, 2, 2, 2, 2, 2, 2, 2, 2, 2, 2, 2, 2, 2, 2, 2, 2, 2, 2, 2, 2, 2, 2, 2, 2, 2, 2, 2, 2, 2, 2, 2, 3, 3, 3, 3, 3, 3, 3, 3, 3, 3, 3, 3, 3, 3, 3, 3, 3, 3, 3, 3, 3, 3, 3, 3, 3, 3, 3, 3, 3, 3, 3, 3, 3, 3, 3, 3, 3, 3, 3, 3, 3, 3, 3, 3, 3, 3, 3, 3, 3, 3, 3, 3, 3, 3, 3, 3, 3, 3, 3, 3, 3, 3, 3, 3, 3, 3, 3, 3, 3, 3, 3, 3, 3, 3, 3, 3, 3, 3, 3, 3, 3, 3, 3, 3, 3, 3, 3, 3, 3, 3, 3, 3, 3, 3, 3, 3, 3, 3, 3, 3, 3, 3, 3, 3, 3, 3, 3, 3, 3, 3, 3, 3, 3, 3, 3, 3, 3, 3, 3, 3, 3, 3, 3, 3, 3, 3, 3, 3, 3, 3, 3, 3, 3, 3, 3, 3, 3, 3, 3, 3, 3, 3, 3, 3, 3, 3, 3, 3, 3, 3, 3, 3, 4, 4, 4, 4, 4, 4, 4, 4, 4, 4, 4, 4, 4, 4, 4, 4, 4, 4, 4, 4, 4, 4, 4, 4, 4, 4, 4, 4, 4, 4, 4, 5, 5, 6, 6, 6, 6, 6, 6, 6, 6, 6, 6, 6, 6, 6, 6, 6, 6, 6, 6, 6, 6, 6, 6, 6, 6, 6, 6, 6, 6, 6, 6, 6, 6, 6, 7, 7, 7, 7, 7, 7, 7, 7, 7, 8, 8, 8, 8, 8, 8, 8, 8, 8, 8, 8, 8, 8, 8, 8, 8, 8, 8, 8, 8, 8, 8, 8, 8, 8, 8, 8, 8, 8, 8, 8, 8, 8, 8, 8, 8, 8, 8, 8, 8, 8, 8, 8, 8, 8, 8, 8, 8, 8, 8, 8, 8, 8, 8, 8, 8, 8, 8, 8, 8, 8, 8, 8, 8, 8, 8, 8, 8, 8, 8, 8, 8, 8, 8, 8, 8, 8, 8, 8, 8, 8, 8, 8, 8, 8, 8, 8, 8, 8, 8, 8, 8, 8, 8, 8, 8, 8, 8, 8, 8, 9, 9, 9, 9, 9, 9, 9, 9, 9, 9, 9, 9, 9, 9, 9, 9, 9, 9, 9, 9, 9, 9, 9, 9, 9, 9, 9, 9, 9, 9, 10, 10, 10, 10, 10, 10, 10, 10, 10, 10, 10, 10, 10, 10, 10, 10, 10, 10, 10, 10, 10, 10, 10, 10, 10, 10, 10, 11, 11, 11, 11, 11, 11, 11, 11, 11, 11, 11, 11, 11, 11, 11, 11, 11, 11, 11, 11, 11, 11, 11, 11, 11, 11, 11, 11, 11, 11, 11, 11, 11, 11, 11, 11, 11, 11, 11, 11, 11, 11, 11, 11, 11, 11, 11, 11, 11, 11, 11, 11, 11, 11, 11, 11, 11, 11, 11, 11, 11, 11, 11, 11, 11, 11, 11, 11, 11, 11, 11, 11, 11, 11, 11, 11, 11, 11, 11, 11, 11, 11, 11, 11, 11, 11, 11, 11, 11, 11, 11, 11, 11, 11, 11, 11, 11, 11, 11, 11, 11, 11, 11, 11, 11, 11, 11, 11, 11, 11, 11, 11, 11, 11, 11, 11, 11, 11, 11, 11, 11, 11, 11, 11, 11, 11, 11, 11, 11, 11, 11, 11, 11, 11, 11, 11, 11, 11, 11, 11, 11, 11, 11, 11, 11, 11, 11, 11, 11, 11, 11, 11, 11, 11, 11, 11, 11, 11, 11, 11, 11, 11, 11, 11, 11, 11, 11, 11, 11, 11, 11, 11, 11, 11, 11, 11, 11, 11, 11, 11, 11, 11, 11, 11, 11, 11, 11, 11, 11, 11, 11, 11, 11, 11, 11, 11, 11, 11, 11, 11, 11, 11, 11, 11, 11, 11, 11, 11, 11, 11, 11, 11, 11, 11, 11, 11, 11, 11, 11, 11, 11, 11, 11, 11, 11, 11, 11, 11, 11, 11, 11, 11, 11, 11, 11, 11, 11, 11, 11, 11, 11, 11, 11, 11, 11, 11, 11, 11, 11, 11, 11, 11, 11, 11, 11, 11, 11, 11, 11, 11, 11, 12, 12, 12, 12, 12, 12, 12, 12, 12, 12, 12, 12, 12, 12, 12, 12, 13, 13, 13, 13, 13, 13, 13, 13, 13, 13]
[0, 0, 0, 0, 0, 0, 0, 0, 1, 1, 1, 1, 1, 1, 1, 1, 1, 1, 1, 1, 1, 1, 1, 1, 1, 1, 1, 1, 1, 1, 1, 1, 1, 1, 1, 1, 1, 1, 1, 1, 1, 1, 1, 1, 1, 1, 1, 1, 1, 1, 1, 1, 1, 1, 1, 1, 1, 1, 1, 1, 1, 1, 1, 1, 2, 2, 2, 2, 2, 2, 2, 2, 2, 2, 2, 2, 2, 2, 2, 2, 2, 2, 2, 2, 2, 2, 2, 2, 2, 2, 2, 2, 2, 2, 2, 2, 2, 2, 2, 2, 2, 2, 2, 2, 2, 2, 2, 2, 2, 2, 2, 2, 2, 2, 2, 2, 2, 2, 2, 2, 2, 2, 2, 2, 2, 2, 2, 2, 2, 2, 2, 2, 2, 2, 2, 2, 2, 2, 2, 2, 2, 2, 2, 2, 2, 2, 2, 2, 2, 2, 2, 2, 2, 2, 2, 2, 2, 2, 2, 2, 3, 3, 3, 3, 3, 3, 3, 3, 3, 3, 3, 3, 3, 3, 3, 3, 3, 3, 3, 3, 3, 3, 3, 3, 3, 3, 3, 3, 3, 3, 3, 3, 3, 3, 3, 3, 3, 3, 3, 3, 3, 3, 3, 3, 3, 3, 3, 3, 3, 3, 3, 3, 3, 3, 3, 3, 3, 3, 3, 3, 3, 3, 3, 3, 3, 3, 3, 3, 3, 3, 3, 3, 3, 3, 3, 3, 3, 3, 3, 3, 3, 3, 3, 3, 3, 3, 3, 3, 3, 3, 3, 3, 3, 3, 3, 3, 3, 3, 3, 3, 3, 3, 3, 3, 3, 3, 3, 3, 3, 3, 3, 4, 4, 4, 4, 4, 4, 4, 4, 4, 4, 4, 4, 4, 4, 5, 5, 6, 6, 6, 6, 6, 6, 6, 6, 6, 6, 6, 6, 6, 6, 6, 6, 6, 6, 6, 6, 6, 6, 6, 6, 6, 6, 6, 6, 6, 6, 6, 6, 6, 6, 6, 6, 6, 6, 6, 6, 6, 6, 6, 6, 6, 6, 6, 6, 6, 6, 6, 6, 6, 6, 6, 6, 6, 6, 6, 6, 6, 6, 6, 6, 6, 6, 6, 6, 6, 6, 6, 7, 7, 7, 7, 8, 8, 8, 8, 8, 8, 8, 8, 8, 8, 8, 8, 8, 8, 8, 8, 8, 8, 8, 8, 8, 8, 8, 8, 8, 8, 8, 8, 8, 8, 8, 8, 8, 8, 8, 8, 8, 8, 8, 8, 8, 8, 8, 8, 8, 8, 8, 8, 8, 8, 8, 8, 8, 8, 8, 8, 8, 8, 8, 8, 8, 8, 8, 8, 8, 8, 8, 8, 8, 8, 8, 8, 8, 8, 8, 8, 8, 8, 8, 8, 8, 8, 8, 8, 8, 8, 8, 8, 8, 8, 8, 8, 8, 8, 8, 8, 8, 8, 8, 8, 8, 8, 8, 8, 8, 8, 8, 8, 8, 8, 8, 8, 8, 8, 8, 8, 8, 8, 8, 8, 8, 8, 8, 8, 8, 8, 8, 8, 8, 8, 8, 8, 8, 8, 8, 8, 8, 8, 8, 8, 8, 8, 8, 8, 8, 8, 8, 8, 8, 8, 9, 9, 9, 9, 9, 9, 9, 9, 9, 9, 9, 9, 9, 9, 9, 9, 9, 9, 9, 9, 9, 10, 10, 10, 10, 10, 10, 10, 10, 10, 10, 10, 10, 10, 10, 10, 10, 10, 10, 10, 10, 10, 10, 10, 10, 10, 10, 10, 10, 10, 10, 10, 10, 10, 10, 10, 10, 10, 10, 10, 10, 10, 10, 10, 10, 10, 10, 10, 10, 10, 10, 10, 10, 10, 10, 10, 11, 11, 11, 11, 11, 11, 11, 11, 11, 11, 11, 11, 11, 11, 11, 11, 11, 11, 11, 11, 11, 11, 11, 11, 11, 11, 11, 11, 11, 11, 11, 11, 11, 11, 11, 11, 11, 11, 11, 11, 11, 11, 11, 11, 11, 11, 11, 11, 11, 11, 11, 11, 11, 11, 11, 11, 11, 11, 11, 11, 11, 11, 11, 11, 11, 11, 11, 11, 11, 11, 11, 11, 11, 11, 11, 11, 11, 11, 11, 11, 11, 11, 11, 11, 11, 11, 11, 11, 11, 11, 11, 11, 11, 11, 11, 11, 11, 11, 11, 11, 11, 11, 11, 11, 11, 11, 11, 11, 11, 11, 11, 11, 11, 11, 11, 11, 11, 11, 11, 11, 11, 11, 11, 11, 11, 11, 11, 11, 11, 11, 11, 11, 11, 11, 11, 11, 11, 11, 11, 11, 11, 11, 11, 11, 11, 11, 11, 11, 11, 11, 11, 11, 11, 11, 11, 11, 11, 11, 11, 11, 11, 11, 11, 11, 11, 11, 11, 11, 11, 11, 11, 11, 11, 11, 11, 11, 11, 11, 11, 11, 11, 11, 11, 11, 11, 11, 11, 11, 11, 11, 11, 11, 11, 11, 11, 11, 11, 11, 11, 11, 11, 11, 11, 11, 11, 11, 11, 11, 11, 11, 11, 11, 11, 11, 11, 11, 11, 11, 11, 11, 11, 11, 11, 11, 11, 11, 11, 11, 11, 11, 11, 11, 11, 11, 11, 11, 11, 11, 11, 11, 11, 11, 11, 11, 11, 11, 11, 11, 11, 11, 11, 11, 11, 11, 11, 11, 11, 11, 11, 11, 11, 11, 11, 11, 11, 11, 11, 11, 11, 11, 11, 11, 12, 12, 12, 12, 12, 12, 12, 12, 12, 12, 12, 12, 12, 12, 12, 12, 12, 12, 12, 12, 12, 12, 12, 12, 12, 12, 12, 12, 12, 12, 12, 13, 13, 13, 13, 13, 13, 13, 13, 13, 13, 13, 13, 13, 13, 13, 13, 13, 13, 13, 13, 13, 13, 13, 13, 13, 13, 13, 13, 13]
[0, 0, 0, 0, 0, 0, 0, 0, 0, 0, 0, 0, 0, 0, 0, 1, 1, 1, 1, 1, 1, 1, 1, 1, 1, 1, 1, 1, 1, 1, 1, 1, 1, 1, 1, 1, 1, 1, 1, 1, 1, 1, 1, 1, 1, 1, 1, 1, 1, 2, 2, 2, 2, 2, 2, 2, 2, 2, 2, 2, 2, 2, 2, 2, 2, 2, 2, 2, 2, 2, 2, 2, 2, 2, 2, 2, 2, 2, 2, 2, 2, 2, 2, 2, 2, 2, 2, 2, 2, 2, 2, 2, 2, 2, 2, 2, 2, 2, 2, 2, 2, 2, 2, 2, 2, 2, 2, 2, 2, 2, 2, 2, 2, 2, 2, 2, 2, 2, 2, 2, 2, 2, 2, 2, 2, 2, 2, 2, 2, 2, 2, 2, 2, 2, 2, 2, 2, 2, 2, 2, 2, 2, 2, 2, 2, 2, 2, 2, 3, 3, 3, 3, 3, 3, 3, 3, 3, 3, 3, 3, 3, 3, 3, 3, 3, 3, 3, 3, 3, 3, 3, 3, 3, 3, 3, 3, 3, 3, 3, 3, 3, 3, 3, 3, 3, 3, 3, 3, 3, 3, 3, 3, 3, 3, 3, 3, 3, 3, 3, 3, 3, 3, 3, 3, 3, 3, 3, 3, 3, 3, 3, 3, 3, 3, 3, 3, 3, 3, 3, 3, 3, 3, 3, 3, 3, 3, 3, 3, 3, 3, 3, 3, 3, 3, 3, 3, 3, 3, 3, 3, 3, 3, 3, 3, 3, 3, 3, 3, 3, 3, 3, 3, 3, 3, 3, 3, 3, 3, 3, 3, 3, 3, 3, 3, 3, 3, 4, 4, 4, 4, 4, 4, 4, 4, 4, 4, 4, 4, 4, 4, 4, 4, 4, 5, 5, 5, 6, 6, 6, 6, 6, 6, 6, 6, 6, 6, 6, 6, 6, 6, 6, 6, 6, 6, 6, 6, 6, 6, 6, 6, 6, 6, 6, 6, 6, 6, 6, 6, 6, 6, 6, 6, 6, 6, 6, 6, 6, 6, 6, 6, 6, 6, 6, 6, 6, 7, 7, 7, 7, 7, 7, 7, 7, 7, 7, 8, 8, 8, 8, 8, 8, 8, 8, 8, 8, 8, 8, 8, 8, 8, 8, 8, 8, 8, 8, 8, 8, 8, 8, 8, 8, 8, 8, 8, 8, 8, 8, 8, 8, 8, 8, 8, 8, 8, 8, 8, 8, 8, 8, 8, 8, 8, 8, 8, 8, 8, 8, 8, 8, 8, 8, 8, 8, 8, 8, 8, 8, 8, 9, 9, 9, 9, 9, 9, 9, 9, 9, 9, 9, 9, 9, 9, 9, 9, 9, 10, 10, 10, 10, 10, 10, 10, 10, 10, 10, 10, 10, 10, 10, 10, 10, 10, 10, 10, 10, 10, 10, 10, 10, 10, 10, 10, 10, 10, 10, 10, 10, 10, 10, 10, 10, 10, 10, 11, 11, 11, 11, 11, 11, 11, 11, 11, 11, 11, 11, 11, 11, 11, 11, 11, 11, 11, 11, 11, 11, 11, 11, 11, 11, 11, 11, 11, 11, 11, 11, 11, 11, 11, 11, 11, 11, 11, 11, 11, 11, 11, 11, 11, 11, 11, 11, 11, 11, 11, 11, 11, 11, 11, 11, 11, 11, 11, 11, 11, 11, 11, 11, 11, 11, 11, 11, 11, 11, 11, 11, 11, 11, 11, 11, 11, 11, 11, 11, 11, 11, 11, 11, 11, 11, 11, 11, 11, 11, 11, 11, 11, 11, 11, 11, 11, 11, 11, 11, 11, 11, 11, 11, 11, 11, 11, 11, 11, 11, 11, 11, 11, 11, 11, 11, 11, 11, 11, 11, 11, 11, 11, 11, 11, 11, 11, 11, 11, 11, 11, 11, 11, 11, 11, 11, 11, 11, 11, 11, 11, 11, 11, 11, 11, 11, 11, 11, 11, 11, 11, 11, 11, 11, 11, 11, 11, 11, 11, 11, 11, 11, 11, 11, 11, 11, 11, 11, 11, 11, 11, 11, 11, 11, 11, 11, 11, 11, 11, 11, 11, 11, 11, 11, 11, 11, 11, 11, 11, 11, 11, 11, 11, 11, 11, 11, 11, 11, 11, 11, 11, 11, 11, 11, 11, 11, 11, 11, 11, 11, 11, 11, 11, 11, 11, 11, 11, 11, 11, 11, 11, 11, 11, 11, 11, 11, 11, 11, 11, 11, 11, 11, 11, 11, 11, 11, 11, 11, 11, 11, 11, 11, 11, 11, 12, 12, 12, 12, 12, 12, 12, 12, 12, 12, 12, 12, 12, 12, 12, 12, 12, 12, 12, 12, 12, 12, 12, 12, 12, 12, 12, 12, 12, 12, 13, 13, 13, 13, 13, 13, 13, 13, 13, 13, 13, 13]
shapelet initialized!
All 3 clients initialized.
Server device: cuda:0
Client worker groups: [[0], [1], [2]]
Client worker devices: ['cuda:0', 'cuda:0', 'cuda:0']
客户端选择未启用，所有客户端参与聚合
[fedcsl] precomputed client scale scores once in 0.208s; planned scale coverage: [1, 1, 2, 2, 1, 1, 2, 2]
[round 0] reused planned scale coverage: [1, 1, 2, 2, 1, 1, 2, 2]
/data/user_lixiongfei/CSL-main/train.py:801: UserWarning: Creating a tensor from a list of numpy.ndarrays is extremely slow. Please consider converting the list to a single numpy.ndarray with numpy.array() before converting to a tensor. (Triggered internally at ../torch/csrc/utils/tensor_new.cpp:278.)
  X = torch.tensor(X, dtype=torch.float)
Classification: train=1.0000 test=0.5912 round=0
[round 0] timing train=73.455s distribution=0.949s agg=0.039s eval=95.345s total=169.808s
[round 1] reused planned scale coverage: [1, 1, 2, 2, 1, 1, 2, 2]
Classification: train=1.0000 test=0.5880 round=1
[round 1] timing train=133.517s distribution=0.729s agg=0.038s eval=90.971s total=225.270s
[round 2] reused planned scale coverage: [1, 1, 2, 2, 1, 1, 2, 2]
Classification: train=1.0000 test=0.5856 round=2
[round 2] timing train=132.371s distribution=0.923s agg=0.046s eval=92.155s total=225.564s
[round 3] reused planned scale coverage: [1, 1, 2, 2, 1, 1, 2, 2]
Classification: train=1.0000 test=0.5864 round=3
[round 3] timing train=139.898s distribution=0.816s agg=0.052s eval=91.412s total=232.197s
[round 4] reused planned scale coverage: [1, 1, 2, 2, 1, 1, 2, 2]
Classification: train=1.0000 test=0.5892 round=4
[round 4] timing train=112.596s distribution=0.597s agg=0.263s eval=87.260s total=200.725s
[round 5] reused planned scale coverage: [1, 1, 2, 2, 1, 1, 2, 2]
Classification: train=1.0000 test=0.5900 round=5
[round 5] timing train=149.860s distribution=0.697s agg=0.047s eval=88.124s total=238.752s
[round 6] reused planned scale coverage: [1, 1, 2, 2, 1, 1, 2, 2]
Classification: train=1.0000 test=0.5872 round=6
[round 6] timing train=138.553s distribution=0.891s agg=0.077s eval=91.282s total=230.831s
[round 7] reused planned scale coverage: [1, 1, 2, 2, 1, 1, 2, 2]
Classification: train=1.0000 test=0.5916 round=7
[round 7] timing train=133.029s distribution=0.928s agg=0.062s eval=95.003s total=229.044s
[round 8] reused planned scale coverage: [1, 1, 2, 2, 1, 1, 2, 2]
Classification: train=1.0000 test=0.5892 round=8
[round 8] timing train=141.887s distribution=0.750s agg=0.043s eval=95.070s total=237.759s
[round 9] reused planned scale coverage: [1, 1, 2, 2, 1, 1, 2, 2]
Classification: train=1.0000 test=0.5892 round=9
[round 9] timing train=138.909s distribution=0.834s agg=0.099s eval=94.928s total=234.783s
[round 10] reused planned scale coverage: [1, 1, 2, 2, 1, 1, 2, 2]
Classification: train=1.0000 test=0.5937 round=10
[round 10] timing train=137.614s distribution=0.955s agg=0.058s eval=93.230s total=231.874s
[round 11] reused planned scale coverage: [1, 1, 2, 2, 1, 1, 2, 2]
Classification: train=1.0000 test=0.5957 round=11
[round 11] timing train=143.994s distribution=0.846s agg=0.075s eval=91.564s total=236.485s
[round 12] reused planned scale coverage: [1, 1, 2, 2, 1, 1, 2, 2]
Classification: train=1.0000 test=0.5965 round=12
[round 12] timing train=139.166s distribution=0.870s agg=0.128s eval=89.400s total=229.573s
[round 13] reused planned scale coverage: [1, 1, 2, 2, 1, 1, 2, 2]
Classification: train=1.0000 test=0.6014 round=13
[round 13] timing train=137.585s distribution=0.858s agg=0.050s eval=95.866s total=234.366s
[round 14] reused planned scale coverage: [1, 1, 2, 2, 1, 1, 2, 2]
Classification: train=1.0000 test=0.6010 round=14
[round 14] timing train=140.021s distribution=0.892s agg=0.058s eval=89.377s total=230.366s
[round 15] reused planned scale coverage: [1, 1, 2, 2, 1, 1, 2, 2]
Classification: train=1.0000 test=0.6034 round=15
[round 15] timing train=142.824s distribution=0.778s agg=0.126s eval=96.224s total=239.987s
[round 16] reused planned scale coverage: [1, 1, 2, 2, 1, 1, 2, 2]
Classification: train=1.0000 test=0.6026 round=16
[round 16] timing train=147.102s distribution=0.994s agg=0.103s eval=94.977s total=243.181s
[round 17] reused planned scale coverage: [1, 1, 2, 2, 1, 1, 2, 2]
Classification: train=1.0000 test=0.6014 round=17
[round 17] timing train=143.586s distribution=0.926s agg=0.104s eval=94.972s total=239.603s
[round 18] reused planned scale coverage: [1, 1, 2, 2, 1, 1, 2, 2]
Classification: train=1.0000 test=0.6002 round=18
[round 18] timing train=143.393s distribution=0.969s agg=0.059s eval=91.842s total=236.271s
[round 19] reused planned scale coverage: [1, 1, 2, 2, 1, 1, 2, 2]
Classification: train=1.0000 test=0.6002 round=19
[round 19] timing train=140.944s distribution=1.071s agg=0.127s eval=94.718s total=236.913s
[round 20] reused planned scale coverage: [1, 1, 2, 2, 1, 1, 2, 2]
Classification: train=1.0000 test=0.6014 round=20
[round 20] timing train=131.576s distribution=0.897s agg=0.060s eval=97.221s total=229.815s
[round 21] reused planned scale coverage: [1, 1, 2, 2, 1, 1, 2, 2]
Classification: train=1.0000 test=0.6010 round=21
[round 21] timing train=136.156s distribution=0.857s agg=0.046s eval=93.502s total=230.584s
[round 22] reused planned scale coverage: [1, 1, 2, 2, 1, 1, 2, 2]
Classification: train=1.0000 test=0.5981 round=22
[round 22] timing train=128.440s distribution=0.900s agg=0.145s eval=99.911s total=229.413s
[round 23] reused planned scale coverage: [1, 1, 2, 2, 1, 1, 2, 2]
Classification: train=1.0000 test=0.5998 round=23
[round 23] timing train=132.194s distribution=0.901s agg=0.091s eval=100.280s total=233.511s
[round 24] reused planned scale coverage: [1, 1, 2, 2, 1, 1, 2, 2]
Classification: train=1.0000 test=0.5994 round=24
[round 24] timing train=132.614s distribution=0.987s agg=0.048s eval=97.383s total=231.083s
[round 25] reused planned scale coverage: [1, 1, 2, 2, 1, 1, 2, 2]
Classification: train=1.0000 test=0.5981 round=25
[round 25] timing train=148.681s distribution=0.879s agg=0.101s eval=97.949s total=247.644s
[round 26] reused planned scale coverage: [1, 1, 2, 2, 1, 1, 2, 2]
Classification: train=1.0000 test=0.5973 round=26
[round 26] timing train=138.374s distribution=0.972s agg=0.055s eval=83.107s total=222.513s
[round 27] reused planned scale coverage: [1, 1, 2, 2, 1, 1, 2, 2]
Classification: train=1.0000 test=0.5998 round=27
[round 27] timing train=140.086s distribution=1.316s agg=0.076s eval=94.791s total=236.283s
[round 28] reused planned scale coverage: [1, 1, 2, 2, 1, 1, 2, 2]
Classification: train=1.0000 test=0.5989 round=28
[round 28] timing train=128.620s distribution=1.005s agg=0.086s eval=98.776s total=228.504s
[round 29] reused planned scale coverage: [1, 1, 2, 2, 1, 1, 2, 2]
Classification: train=1.0000 test=0.5998 round=29
[round 29] timing train=144.077s distribution=0.899s agg=0.092s eval=95.060s total=240.165s
[fedcsl] checkpoint saved → ./checkpoint/resume/fedcsl_LSST_2026-05-04-14har_fedcsl-onehot-splitteacher_dir10.0.pt (round=30)
[round 30] reused planned scale coverage: [1, 1, 2, 2, 1, 1, 2, 2]
Classification: train=1.0000 test=0.6002 round=30
[round 30] timing train=139.622s distribution=0.929s agg=0.099s eval=87.632s total=228.314s
[round 31] reused planned scale coverage: [1, 1, 2, 2, 1, 1, 2, 2]
Classification: train=1.0000 test=0.5994 round=31
[round 31] timing train=143.684s distribution=1.061s agg=0.092s eval=94.161s total=239.013s
[round 32] reused planned scale coverage: [1, 1, 2, 2, 1, 1, 2, 2]
Classification: train=1.0000 test=0.5969 round=32
[round 32] timing train=140.184s distribution=0.807s agg=0.064s eval=95.961s total=237.058s
[round 33] reused planned scale coverage: [1, 1, 2, 2, 1, 1, 2, 2]
Classification: train=1.0000 test=0.5977 round=33
[round 33] timing train=142.666s distribution=0.838s agg=0.075s eval=92.300s total=235.898s
[round 34] reused planned scale coverage: [1, 1, 2, 2, 1, 1, 2, 2]
Classification: train=1.0000 test=0.5998 round=34
[round 34] timing train=110.925s distribution=0.683s agg=0.031s eval=85.757s total=197.406s
[round 35] reused planned scale coverage: [1, 1, 2, 2, 1, 1, 2, 2]
Classification: train=1.0000 test=0.6006 round=35
[round 35] timing train=148.315s distribution=0.831s agg=0.090s eval=98.459s total=247.722s
[round 36] reused planned scale coverage: [1, 1, 2, 2, 1, 1, 2, 2]
Classification: train=1.0000 test=0.6010 round=36
[round 36] timing train=140.390s distribution=1.221s agg=0.060s eval=90.529s total=232.217s
[round 37] reused planned scale coverage: [1, 1, 2, 2, 1, 1, 2, 2]
Classification: train=1.0000 test=0.6006 round=37
[round 37] timing train=142.116s distribution=0.820s agg=0.079s eval=97.322s total=240.383s
[round 38] reused planned scale coverage: [1, 1, 2, 2, 1, 1, 2, 2]
Classification: train=1.0000 test=0.6006 round=38
[round 38] timing train=148.567s distribution=0.868s agg=0.109s eval=86.836s total=236.397s
[round 39] reused planned scale coverage: [1, 1, 2, 2, 1, 1, 2, 2]
Classification: train=1.0000 test=0.6014 round=39
[round 39] timing train=144.121s distribution=0.879s agg=0.049s eval=84.533s total=229.590s
[round 40] reused planned scale coverage: [1, 1, 2, 2, 1, 1, 2, 2]
Classification: train=1.0000 test=0.6022 round=40
[round 40] timing train=139.255s distribution=0.866s agg=0.131s eval=89.940s total=230.220s
[round 41] reused planned scale coverage: [1, 1, 2, 2, 1, 1, 2, 2]
Classification: train=1.0000 test=0.6042 round=41
[round 41] timing train=142.102s distribution=0.993s agg=0.066s eval=96.407s total=239.599s
[round 42] reused planned scale coverage: [1, 1, 2, 2, 1, 1, 2, 2]
Classification: train=1.0000 test=0.6038 round=42
[round 42] timing train=144.857s distribution=0.610s agg=0.071s eval=96.588s total=242.151s
[round 43] reused planned scale coverage: [1, 1, 2, 2, 1, 1, 2, 2]
Classification: train=1.0000 test=0.6038 round=43
[round 43] timing train=147.604s distribution=1.047s agg=0.058s eval=96.385s total=245.119s
[round 44] reused planned scale coverage: [1, 1, 2, 2, 1, 1, 2, 2]
Classification: train=1.0000 test=0.6022 round=44
[round 44] timing train=142.137s distribution=0.954s agg=0.029s eval=90.001s total=233.132s
[round 45] reused planned scale coverage: [1, 1, 2, 2, 1, 1, 2, 2]
Classification: train=1.0000 test=0.6030 round=45
[round 45] timing train=136.299s distribution=0.831s agg=0.083s eval=89.175s total=226.435s
[round 46] reused planned scale coverage: [1, 1, 2, 2, 1, 1, 2, 2]
Classification: train=1.0000 test=0.6038 round=46
[round 46] timing train=143.074s distribution=0.833s agg=0.109s eval=92.783s total=236.841s
[round 47] reused planned scale coverage: [1, 1, 2, 2, 1, 1, 2, 2]
Classification: train=1.0000 test=0.6038 round=47
[round 47] timing train=140.667s distribution=0.661s agg=0.039s eval=91.065s total=232.486s
[round 48] reused planned scale coverage: [1, 1, 2, 2, 1, 1, 2, 2]
Classification: train=1.0000 test=0.6022 round=48
[round 48] timing train=142.171s distribution=0.962s agg=0.099s eval=94.521s total=237.769s
[round 49] reused planned scale coverage: [1, 1, 2, 2, 1, 1, 2, 2]
Classification: train=1.0000 test=0.6018 round=49
[round 49] timing train=140.025s distribution=0.950s agg=0.035s eval=91.154s total=232.177s
[round 50] reused planned scale coverage: [1, 1, 2, 2, 1, 1, 2, 2]
Classification: train=1.0000 test=0.6026 round=50
[round 50] timing train=139.916s distribution=1.032s agg=0.141s eval=90.795s total=231.928s
[round 51] reused planned scale coverage: [1, 1, 2, 2, 1, 1, 2, 2]
Classification: train=1.0000 test=0.6022 round=51
[round 51] timing train=145.332s distribution=1.078s agg=0.050s eval=92.914s total=239.400s
[round 52] reused planned scale coverage: [1, 1, 2, 2, 1, 1, 2, 2]
Classification: train=1.0000 test=0.6034 round=52
[round 52] timing train=142.659s distribution=0.802s agg=0.133s eval=88.844s total=232.469s
[round 53] reused planned scale coverage: [1, 1, 2, 2, 1, 1, 2, 2]
Classification: train=1.0000 test=0.6034 round=53
[round 53] timing train=138.058s distribution=0.914s agg=0.070s eval=86.622s total=225.692s
[round 54] reused planned scale coverage: [1, 1, 2, 2, 1, 1, 2, 2]
Classification: train=1.0000 test=0.6046 round=54
[round 54] timing train=142.760s distribution=0.860s agg=0.023s eval=95.462s total=239.144s
[round 55] reused planned scale coverage: [1, 1, 2, 2, 1, 1, 2, 2]
Classification: train=1.0000 test=0.6050 round=55
[round 55] timing train=144.061s distribution=0.991s agg=0.113s eval=103.881s total=249.063s
[round 56] reused planned scale coverage: [1, 1, 2, 2, 1, 1, 2, 2]
Classification: train=1.0000 test=0.6054 round=56
[round 56] timing train=137.190s distribution=1.006s agg=0.172s eval=90.320s total=228.696s
[round 57] reused planned scale coverage: [1, 1, 2, 2, 1, 1, 2, 2]
Classification: train=1.0000 test=0.6054 round=57
[round 57] timing train=137.861s distribution=0.987s agg=0.028s eval=86.017s total=224.896s
[round 58] reused planned scale coverage: [1, 1, 2, 2, 1, 1, 2, 2]
Classification: train=1.0000 test=0.6058 round=58
[round 58] timing train=120.917s distribution=1.074s agg=0.059s eval=96.216s total=218.302s
[round 59] reused planned scale coverage: [1, 1, 2, 2, 1, 1, 2, 2]
Classification: train=1.0000 test=0.6050 round=59
[round 59] timing train=145.314s distribution=0.812s agg=0.095s eval=102.088s total=248.345s
[fedcsl] checkpoint saved → ./checkpoint/resume/fedcsl_LSST_2026-05-04-14har_fedcsl-onehot-splitteacher_dir10.0.pt (round=60)
[round 60] reused planned scale coverage: [1, 1, 2, 2, 1, 1, 2, 2]
Classification: train=1.0000 test=0.6042 round=60
[round 60] timing train=141.465s distribution=1.215s agg=0.134s eval=90.795s total=233.622s
[round 61] reused planned scale coverage: [1, 1, 2, 2, 1, 1, 2, 2]
Classification: train=1.0000 test=0.6042 round=61
[round 61] timing train=141.132s distribution=0.865s agg=0.032s eval=91.941s total=233.999s
[round 62] reused planned scale coverage: [1, 1, 2, 2, 1, 1, 2, 2]
Classification: train=1.0000 test=0.6042 round=62
[round 62] timing train=139.155s distribution=0.840s agg=0.101s eval=91.081s total=231.216s
[round 63] reused planned scale coverage: [1, 1, 2, 2, 1, 1, 2, 2]
Classification: train=1.0000 test=0.6038 round=63
[round 63] timing train=144.230s distribution=1.113s agg=0.126s eval=91.158s total=236.676s
[round 64] reused planned scale coverage: [1, 1, 2, 2, 1, 1, 2, 2]
Classification: train=1.0000 test=0.6046 round=64
[round 64] timing train=145.925s distribution=0.799s agg=0.087s eval=81.328s total=228.165s
[round 65] reused planned scale coverage: [1, 1, 2, 2, 1, 1, 2, 2]
Classification: train=1.0000 test=0.6034 round=65
[round 65] timing train=135.595s distribution=0.758s agg=0.106s eval=88.241s total=224.726s
[round 66] reused planned scale coverage: [1, 1, 2, 2, 1, 1, 2, 2]
Classification: train=1.0000 test=0.6042 round=66
[round 66] timing train=137.727s distribution=0.983s agg=0.083s eval=88.804s total=227.611s
[round 67] reused planned scale coverage: [1, 1, 2, 2, 1, 1, 2, 2]
Classification: train=1.0000 test=0.6042 round=67
[round 67] timing train=145.522s distribution=0.969s agg=0.027s eval=97.424s total=243.982s
[round 68] reused planned scale coverage: [1, 1, 2, 2, 1, 1, 2, 2]
Classification: train=1.0000 test=0.6038 round=68
[round 68] timing train=148.748s distribution=0.716s agg=0.057s eval=89.278s total=238.816s
[round 69] reused planned scale coverage: [1, 1, 2, 2, 1, 1, 2, 2]
Classification: train=1.0000 test=0.6026 round=69
[round 69] timing train=136.693s distribution=1.153s agg=0.038s eval=84.389s total=222.287s
[round 70] reused planned scale coverage: [1, 1, 2, 2, 1, 1, 2, 2]
Classification: train=1.0000 test=0.6030 round=70
[round 70] timing train=141.548s distribution=0.993s agg=0.060s eval=89.605s total=232.229s
[round 71] reused planned scale coverage: [1, 1, 2, 2, 1, 1, 2, 2]
Classification: train=1.0000 test=0.6026 round=71
[round 71] timing train=142.185s distribution=1.088s agg=0.047s eval=85.464s total=228.808s
[round 72] reused planned scale coverage: [1, 1, 2, 2, 1, 1, 2, 2]
Classification: train=1.0000 test=0.6026 round=72
[round 72] timing train=146.620s distribution=1.028s agg=0.069s eval=97.925s total=245.655s
[round 73] reused planned scale coverage: [1, 1, 2, 2, 1, 1, 2, 2]
Classification: train=1.0000 test=0.6022 round=73
[round 73] timing train=143.412s distribution=1.008s agg=0.121s eval=93.369s total=237.951s
[round 74] reused planned scale coverage: [1, 1, 2, 2, 1, 1, 2, 2]
Classification: train=1.0000 test=0.6014 round=74
[round 74] timing train=139.532s distribution=0.845s agg=0.082s eval=90.066s total=230.536s
[round 75] reused planned scale coverage: [1, 1, 2, 2, 1, 1, 2, 2]
Classification: train=1.0000 test=0.6030 round=75
[round 75] timing train=137.148s distribution=1.104s agg=0.079s eval=92.963s total=231.308s
[round 76] reused planned scale coverage: [1, 1, 2, 2, 1, 1, 2, 2]
Classification: train=1.0000 test=0.6034 round=76
[round 76] timing train=142.759s distribution=0.889s agg=0.080s eval=95.900s total=239.656s
[round 77] reused planned scale coverage: [1, 1, 2, 2, 1, 1, 2, 2]
Classification: train=1.0000 test=0.6030 round=77
[round 77] timing train=141.765s distribution=0.691s agg=0.035s eval=87.738s total=230.263s
[round 78] reused planned scale coverage: [1, 1, 2, 2, 1, 1, 2, 2]
Classification: train=1.0000 test=0.6042 round=78
[round 78] timing train=139.476s distribution=0.637s agg=0.067s eval=88.262s total=228.448s
[round 79] reused planned scale coverage: [1, 1, 2, 2, 1, 1, 2, 2]
Classification: train=1.0000 test=0.6038 round=79
[round 79] timing train=143.743s distribution=0.982s agg=0.079s eval=94.367s total=239.180s
[round 80] reused planned scale coverage: [1, 1, 2, 2, 1, 1, 2, 2]
Classification: train=1.0000 test=0.6030 round=80
[round 80] timing train=137.651s distribution=1.009s agg=0.198s eval=93.601s total=232.474s
[round 81] reused planned scale coverage: [1, 1, 2, 2, 1, 1, 2, 2]
Classification: train=1.0000 test=0.6034 round=81
[round 81] timing train=146.743s distribution=0.918s agg=0.071s eval=94.269s total=242.020s
[round 82] reused planned scale coverage: [1, 1, 2, 2, 1, 1, 2, 2]
Classification: train=1.0000 test=0.6030 round=82
[round 82] timing train=139.575s distribution=0.897s agg=0.039s eval=95.166s total=235.698s
[round 83] reused planned scale coverage: [1, 1, 2, 2, 1, 1, 2, 2]
Classification: train=1.0000 test=0.6030 round=83
[round 83] timing train=136.790s distribution=0.849s agg=0.051s eval=91.088s total=228.808s
[round 84] reused planned scale coverage: [1, 1, 2, 2, 1, 1, 2, 2]
Classification: train=1.0000 test=0.6038 round=84
[round 84] timing train=143.227s distribution=0.844s agg=0.040s eval=98.846s total=242.981s
[round 85] reused planned scale coverage: [1, 1, 2, 2, 1, 1, 2, 2]
Classification: train=1.0000 test=0.6038 round=85
[round 85] timing train=141.329s distribution=0.925s agg=0.109s eval=89.463s total=231.842s
[round 86] reused planned scale coverage: [1, 1, 2, 2, 1, 1, 2, 2]
Classification: train=1.0000 test=0.6042 round=86
[round 86] timing train=137.576s distribution=0.834s agg=0.033s eval=88.305s total=226.756s
[round 87] reused planned scale coverage: [1, 1, 2, 2, 1, 1, 2, 2]
Classification: train=1.0000 test=0.6042 round=87
[round 87] timing train=141.695s distribution=0.809s agg=0.101s eval=89.021s total=231.667s
[round 88] reused planned scale coverage: [1, 1, 2, 2, 1, 1, 2, 2]
Classification: train=1.0000 test=0.6038 round=88
[round 88] timing train=138.704s distribution=0.899s agg=0.068s eval=90.362s total=230.070s
[round 89] reused planned scale coverage: [1, 1, 2, 2, 1, 1, 2, 2]
Classification: train=1.0000 test=0.6042 round=89
[round 89] timing train=127.017s distribution=1.111s agg=0.134s eval=99.927s total=228.196s
[fedcsl] checkpoint saved → ./checkpoint/resume/fedcsl_LSST_2026-05-04-14har_fedcsl-onehot-splitteacher_dir10.0.pt (round=90)
[round 90] reused planned scale coverage: [1, 1, 2, 2, 1, 1, 2, 2]
Classification: train=1.0000 test=0.6030 round=90
[round 90] timing train=141.725s distribution=0.856s agg=0.066s eval=94.307s total=236.973s
[round 91] reused planned scale coverage: [1, 1, 2, 2, 1, 1, 2, 2]
Classification: train=1.0000 test=0.6026 round=91
[round 91] timing train=141.406s distribution=0.974s agg=0.027s eval=95.033s total=237.457s
[round 92] reused planned scale coverage: [1, 1, 2, 2, 1, 1, 2, 2]
Classification: train=1.0000 test=0.6026 round=92
[round 92] timing train=139.573s distribution=0.797s agg=0.091s eval=90.376s total=230.856s
[round 93] reused planned scale coverage: [1, 1, 2, 2, 1, 1, 2, 2]
Classification: train=1.0000 test=0.6018 round=93
[round 93] timing train=147.331s distribution=1.017s agg=0.124s eval=95.505s total=243.991s
[round 94] reused planned scale coverage: [1, 1, 2, 2, 1, 1, 2, 2]
Classification: train=1.0000 test=0.6014 round=94
[round 94] timing train=141.535s distribution=1.003s agg=0.071s eval=89.503s total=232.122s
[round 95] reused planned scale coverage: [1, 1, 2, 2, 1, 1, 2, 2]
Classification: train=1.0000 test=0.6018 round=95
[round 95] timing train=128.549s distribution=0.799s agg=0.041s eval=96.288s total=225.692s
[round 96] reused planned scale coverage: [1, 1, 2, 2, 1, 1, 2, 2]
Classification: train=1.0000 test=0.6018 round=96
[round 96] timing train=143.791s distribution=0.972s agg=0.073s eval=95.585s total=240.459s
[round 97] reused planned scale coverage: [1, 1, 2, 2, 1, 1, 2, 2]
Classification: train=1.0000 test=0.6014 round=97
[round 97] timing train=149.164s distribution=0.792s agg=0.081s eval=102.037s total=252.114s
[round 98] reused planned scale coverage: [1, 1, 2, 2, 1, 1, 2, 2]
Classification: train=1.0000 test=0.6010 round=98
[round 98] timing train=143.294s distribution=1.104s agg=0.161s eval=100.008s total=244.624s
[round 99] reused planned scale coverage: [1, 1, 2, 2, 1, 1, 2, 2]
Classification: train=1.0000 test=0.6010 round=99
[round 99] timing train=146.255s distribution=0.969s agg=0.113s eval=95.782s total=243.152s
[round 100] reused planned scale coverage: [1, 1, 2, 2, 1, 1, 2, 2]
Classification: train=1.0000 test=0.6018 round=100
[round 100] timing train=147.240s distribution=0.921s agg=0.123s eval=100.328s total=248.618s
[round 101] reused planned scale coverage: [1, 1, 2, 2, 1, 1, 2, 2]
Classification: train=1.0000 test=0.6018 round=101
[round 101] timing train=143.428s distribution=0.922s agg=0.020s eval=98.449s total=242.860s
[round 102] reused planned scale coverage: [1, 1, 2, 2, 1, 1, 2, 2]
Classification: train=1.0000 test=0.6034 round=102
[round 102] timing train=147.407s distribution=0.844s agg=0.091s eval=94.234s total=242.590s
[round 103] reused planned scale coverage: [1, 1, 2, 2, 1, 1, 2, 2]
Classification: train=1.0000 test=0.6026 round=103
[round 103] timing train=145.467s distribution=1.073s agg=0.097s eval=98.924s total=245.577s
[round 104] reused planned scale coverage: [1, 1, 2, 2, 1, 1, 2, 2]
Classification: train=1.0000 test=0.6038 round=104
[round 104] timing train=145.725s distribution=0.972s agg=0.070s eval=97.224s total=244.043s
[round 105] reused planned scale coverage: [1, 1, 2, 2, 1, 1, 2, 2]
Classification: train=1.0000 test=0.6022 round=105
[round 105] timing train=149.429s distribution=1.115s agg=0.121s eval=95.092s total=245.773s
[round 106] reused planned scale coverage: [1, 1, 2, 2, 1, 1, 2, 2]
Classification: train=1.0000 test=0.6026 round=106
[round 106] timing train=150.304s distribution=0.994s agg=0.052s eval=104.698s total=256.105s
[round 107] reused planned scale coverage: [1, 1, 2, 2, 1, 1, 2, 2]
Classification: train=1.0000 test=0.6038 round=107
[round 107] timing train=142.944s distribution=0.866s agg=0.109s eval=96.360s total=240.322s
[round 108] reused planned scale coverage: [1, 1, 2, 2, 1, 1, 2, 2]
Classification: train=1.0000 test=0.6034 round=108
[round 108] timing train=146.562s distribution=0.992s agg=0.059s eval=95.842s total=243.482s
[round 109] reused planned scale coverage: [1, 1, 2, 2, 1, 1, 2, 2]
Classification: train=1.0000 test=0.6034 round=109
[round 109] timing train=145.464s distribution=1.006s agg=0.040s eval=93.851s total=240.391s
[round 110] reused planned scale coverage: [1, 1, 2, 2, 1, 1, 2, 2]
Classification: train=1.0000 test=0.6038 round=110
[round 110] timing train=146.606s distribution=1.155s agg=0.048s eval=99.481s total=247.308s
[round 111] reused planned scale coverage: [1, 1, 2, 2, 1, 1, 2, 2]
Classification: train=1.0000 test=0.6038 round=111
[round 111] timing train=151.212s distribution=1.023s agg=0.070s eval=95.936s total=248.253s
[round 112] reused planned scale coverage: [1, 1, 2, 2, 1, 1, 2, 2]
Classification: train=1.0000 test=0.6038 round=112
[round 112] timing train=142.446s distribution=0.657s agg=0.074s eval=97.764s total=240.948s
[round 113] reused planned scale coverage: [1, 1, 2, 2, 1, 1, 2, 2]
Classification: train=1.0000 test=0.6038 round=113
[round 113] timing train=142.160s distribution=0.851s agg=0.044s eval=98.921s total=241.988s
[round 114] reused planned scale coverage: [1, 1, 2, 2, 1, 1, 2, 2]
Classification: train=1.0000 test=0.6042 round=114
[round 114] timing train=152.521s distribution=0.831s agg=0.107s eval=100.933s total=254.423s
[round 115] reused planned scale coverage: [1, 1, 2, 2, 1, 1, 2, 2]
Classification: train=1.0000 test=0.6050 round=115
[round 115] timing train=146.134s distribution=0.623s agg=0.034s eval=102.277s total=249.102s
[round 116] reused planned scale coverage: [1, 1, 2, 2, 1, 1, 2, 2]
Classification: train=1.0000 test=0.6050 round=116
[round 116] timing train=143.902s distribution=0.940s agg=0.107s eval=93.625s total=238.582s
[round 117] reused planned scale coverage: [1, 1, 2, 2, 1, 1, 2, 2]
Classification: train=1.0000 test=0.6050 round=117
[round 117] timing train=154.052s distribution=1.099s agg=0.059s eval=95.948s total=251.192s
[round 118] reused planned scale coverage: [1, 1, 2, 2, 1, 1, 2, 2]
Classification: train=1.0000 test=0.6050 round=118
[round 118] timing train=145.258s distribution=0.821s agg=0.073s eval=98.606s total=244.803s
[round 119] reused planned scale coverage: [1, 1, 2, 2, 1, 1, 2, 2]
Classification: train=1.0000 test=0.6067 round=119
[round 119] timing train=141.963s distribution=0.635s agg=0.061s eval=93.231s total=235.916s
[fedcsl] checkpoint saved → ./checkpoint/resume/fedcsl_LSST_2026-05-04-14har_fedcsl-onehot-splitteacher_dir10.0.pt (round=120)
[round 120] reused planned scale coverage: [1, 1, 2, 2, 1, 1, 2, 2]
Classification: train=1.0000 test=0.6062 round=120
[round 120] timing train=143.224s distribution=0.792s agg=0.025s eval=84.615s total=228.672s
[round 121] reused planned scale coverage: [1, 1, 2, 2, 1, 1, 2, 2]
Classification: train=1.0000 test=0.6058 round=121
[round 121] timing train=131.306s distribution=0.960s agg=0.121s eval=100.311s total=232.706s
[round 122] reused planned scale coverage: [1, 1, 2, 2, 1, 1, 2, 2]
Classification: train=1.0000 test=0.6062 round=122
[round 122] timing train=114.617s distribution=0.873s agg=0.197s eval=85.370s total=201.094s
[round 123] reused planned scale coverage: [1, 1, 2, 2, 1, 1, 2, 2]
Classification: train=1.0000 test=0.6067 round=123
[round 123] timing train=148.920s distribution=0.825s agg=0.068s eval=98.803s total=248.628s
[round 124] reused planned scale coverage: [1, 1, 2, 2, 1, 1, 2, 2]
Classification: train=1.0000 test=0.6062 round=124
[round 124] timing train=143.578s distribution=1.262s agg=0.159s eval=98.306s total=243.321s
[round 125] reused planned scale coverage: [1, 1, 2, 2, 1, 1, 2, 2]
Classification: train=1.0000 test=0.6058 round=125
[round 125] timing train=145.946s distribution=0.861s agg=0.063s eval=98.483s total=245.359s
[round 126] reused planned scale coverage: [1, 1, 2, 2, 1, 1, 2, 2]
Classification: train=1.0000 test=0.6067 round=126
[round 126] timing train=146.120s distribution=0.940s agg=0.091s eval=107.616s total=254.795s
[round 127] reused planned scale coverage: [1, 1, 2, 2, 1, 1, 2, 2]
Classification: train=1.0000 test=0.6067 round=127
[round 127] timing train=149.726s distribution=0.969s agg=0.099s eval=95.906s total=246.717s
[round 128] reused planned scale coverage: [1, 1, 2, 2, 1, 1, 2, 2]
Classification: train=1.0000 test=0.6071 round=128
[round 128] timing train=142.137s distribution=0.801s agg=0.055s eval=98.972s total=241.972s
[round 129] reused planned scale coverage: [1, 1, 2, 2, 1, 1, 2, 2]
Classification: train=1.0000 test=0.6067 round=129
[round 129] timing train=147.654s distribution=1.033s agg=0.063s eval=99.826s total=248.587s
[round 130] reused planned scale coverage: [1, 1, 2, 2, 1, 1, 2, 2]
Classification: train=1.0000 test=0.6071 round=130
[round 130] timing train=149.063s distribution=0.708s agg=0.079s eval=100.188s total=250.050s
[round 131] reused planned scale coverage: [1, 1, 2, 2, 1, 1, 2, 2]
Classification: train=1.0000 test=0.6071 round=131
[round 131] timing train=146.043s distribution=0.970s agg=0.119s eval=96.476s total=243.650s
[round 132] reused planned scale coverage: [1, 1, 2, 2, 1, 1, 2, 2]
Classification: train=1.0000 test=0.6071 round=132
[round 132] timing train=145.587s distribution=1.022s agg=0.087s eval=94.683s total=241.402s
[round 133] reused planned scale coverage: [1, 1, 2, 2, 1, 1, 2, 2]
Classification: train=1.0000 test=0.6075 round=133
[round 133] timing train=149.312s distribution=1.119s agg=0.150s eval=102.664s total=253.277s
[round 134] reused planned scale coverage: [1, 1, 2, 2, 1, 1, 2, 2]
Classification: train=1.0000 test=0.6071 round=134
[round 134] timing train=146.253s distribution=0.881s agg=0.024s eval=106.028s total=253.215s
[round 135] reused planned scale coverage: [1, 1, 2, 2, 1, 1, 2, 2]
Classification: train=1.0000 test=0.6071 round=135
[round 135] timing train=151.028s distribution=0.725s agg=0.019s eval=94.685s total=246.475s
[round 136] reused planned scale coverage: [1, 1, 2, 2, 1, 1, 2, 2]
Classification: train=1.0000 test=0.6087 round=136
[round 136] timing train=147.076s distribution=0.947s agg=0.082s eval=92.791s total=240.941s
[round 137] reused planned scale coverage: [1, 1, 2, 2, 1, 1, 2, 2]
Classification: train=1.0000 test=0.6087 round=137
[round 137] timing train=142.961s distribution=0.785s agg=0.037s eval=97.400s total=241.193s
[round 138] reused planned scale coverage: [1, 1, 2, 2, 1, 1, 2, 2]
Classification: train=1.0000 test=0.6099 round=138
[round 138] timing train=146.503s distribution=1.144s agg=0.029s eval=95.892s total=243.605s
[round 139] reused planned scale coverage: [1, 1, 2, 2, 1, 1, 2, 2]
Classification: train=1.0000 test=0.6091 round=139
[round 139] timing train=149.079s distribution=1.064s agg=0.068s eval=92.774s total=243.007s
[round 140] reused planned scale coverage: [1, 1, 2, 2, 1, 1, 2, 2]
Classification: train=1.0000 test=0.6099 round=140
[round 140] timing train=148.098s distribution=1.065s agg=0.059s eval=100.321s total=249.559s
[round 141] reused planned scale coverage: [1, 1, 2, 2, 1, 1, 2, 2]
Classification: train=1.0000 test=0.6099 round=141
[round 141] timing train=147.650s distribution=0.832s agg=0.096s eval=94.319s total=242.930s
[round 142] reused planned scale coverage: [1, 1, 2, 2, 1, 1, 2, 2]
Classification: train=1.0000 test=0.6091 round=142
[round 142] timing train=145.388s distribution=1.077s agg=0.091s eval=96.052s total=242.623s
[round 143] reused planned scale coverage: [1, 1, 2, 2, 1, 1, 2, 2]
Classification: train=1.0000 test=0.6099 round=143
[round 143] timing train=143.008s distribution=0.956s agg=0.093s eval=100.356s total=244.428s
[round 144] reused planned scale coverage: [1, 1, 2, 2, 1, 1, 2, 2]
Classification: train=1.0000 test=0.6099 round=144
[round 144] timing train=141.852s distribution=0.879s agg=0.054s eval=92.240s total=235.036s
[round 145] reused planned scale coverage: [1, 1, 2, 2, 1, 1, 2, 2]
Classification: train=1.0000 test=0.6087 round=145
[round 145] timing train=140.691s distribution=0.959s agg=0.103s eval=97.619s total=239.382s
[round 146] reused planned scale coverage: [1, 1, 2, 2, 1, 1, 2, 2]
Classification: train=1.0000 test=0.6087 round=146
[round 146] timing train=144.338s distribution=0.874s agg=0.057s eval=96.897s total=242.206s
[round 147] reused planned scale coverage: [1, 1, 2, 2, 1, 1, 2, 2]
Classification: train=1.0000 test=0.6087 round=147
[round 147] timing train=148.826s distribution=1.003s agg=0.045s eval=95.140s total=245.037s
[round 148] reused planned scale coverage: [1, 1, 2, 2, 1, 1, 2, 2]
Classification: train=1.0000 test=0.6083 round=148
[round 148] timing train=148.571s distribution=1.136s agg=0.081s eval=93.081s total=242.895s
[round 149] reused planned scale coverage: [1, 1, 2, 2, 1, 1, 2, 2]
Classification: train=1.0000 test=0.6087 round=149
[round 149] timing train=122.382s distribution=0.737s agg=0.083s eval=87.117s total=210.351s
[fedcsl] checkpoint saved → ./checkpoint/resume/fedcsl_LSST_2026-05-04-14har_fedcsl-onehot-splitteacher_dir10.0.pt (round=150)
[round 150] reused planned scale coverage: [1, 1, 2, 2, 1, 1, 2, 2]
Classification: train=1.0000 test=0.6083 round=150
[round 150] timing train=148.063s distribution=0.888s agg=0.088s eval=93.770s total=242.823s
[round 151] reused planned scale coverage: [1, 1, 2, 2, 1, 1, 2, 2]
Classification: train=1.0000 test=0.6083 round=151
[round 151] timing train=144.378s distribution=0.770s agg=0.069s eval=96.720s total=241.951s
[round 152] reused planned scale coverage: [1, 1, 2, 2, 1, 1, 2, 2]
Classification: train=1.0000 test=0.6079 round=152
[round 152] timing train=140.967s distribution=0.870s agg=0.046s eval=76.956s total=218.845s
[round 153] reused planned scale coverage: [1, 1, 2, 2, 1, 1, 2, 2]
Classification: train=1.0000 test=0.6083 round=153
[round 153] timing train=138.737s distribution=0.871s agg=0.037s eval=93.015s total=232.673s
[round 154] reused planned scale coverage: [1, 1, 2, 2, 1, 1, 2, 2]
Classification: train=1.0000 test=0.6075 round=154
[round 154] timing train=133.719s distribution=0.949s agg=0.077s eval=91.149s total=225.938s
[round 155] reused planned scale coverage: [1, 1, 2, 2, 1, 1, 2, 2]
Classification: train=1.0000 test=0.6071 round=155
[round 155] timing train=143.051s distribution=0.955s agg=0.138s eval=100.346s total=244.517s
[round 156] reused planned scale coverage: [1, 1, 2, 2, 1, 1, 2, 2]
Classification: train=1.0000 test=0.6067 round=156
[round 156] timing train=148.122s distribution=0.821s agg=0.035s eval=93.195s total=242.209s
[round 157] reused planned scale coverage: [1, 1, 2, 2, 1, 1, 2, 2]
Classification: train=1.0000 test=0.6079 round=157
[round 157] timing train=141.464s distribution=1.051s agg=0.040s eval=95.006s total=237.592s
[round 158] reused planned scale coverage: [1, 1, 2, 2, 1, 1, 2, 2]
Classification: train=1.0000 test=0.6083 round=158
[round 158] timing train=143.946s distribution=1.110s agg=0.043s eval=94.634s total=239.749s
[round 159] reused planned scale coverage: [1, 1, 2, 2, 1, 1, 2, 2]
Classification: train=1.0000 test=0.6079 round=159
[round 159] timing train=140.363s distribution=0.843s agg=0.031s eval=91.734s total=232.987s
[round 160] reused planned scale coverage: [1, 1, 2, 2, 1, 1, 2, 2]
Classification: train=1.0000 test=0.6083 round=160
[round 160] timing train=145.747s distribution=0.913s agg=0.051s eval=92.935s total=239.731s
[round 161] reused planned scale coverage: [1, 1, 2, 2, 1, 1, 2, 2]
Classification: train=1.0000 test=0.6087 round=161
[round 161] timing train=142.990s distribution=0.988s agg=0.104s eval=89.964s total=234.095s
[round 162] reused planned scale coverage: [1, 1, 2, 2, 1, 1, 2, 2]
Classification: train=1.0000 test=0.6091 round=162
[round 162] timing train=139.658s distribution=1.171s agg=0.034s eval=93.345s total=234.224s
[round 163] reused planned scale coverage: [1, 1, 2, 2, 1, 1, 2, 2]
Classification: train=1.0000 test=0.6095 round=163
[round 163] timing train=141.877s distribution=0.948s agg=0.046s eval=97.326s total=240.225s
[round 164] reused planned scale coverage: [1, 1, 2, 2, 1, 1, 2, 2]
Classification: train=1.0000 test=0.6103 round=164
[round 164] timing train=146.518s distribution=0.868s agg=0.075s eval=98.315s total=245.806s
[round 165] reused planned scale coverage: [1, 1, 2, 2, 1, 1, 2, 2]
Classification: train=1.0000 test=0.6107 round=165
[round 165] timing train=144.689s distribution=1.114s agg=0.023s eval=96.881s total=242.719s
[round 166] reused planned scale coverage: [1, 1, 2, 2, 1, 1, 2, 2]
Classification: train=1.0000 test=0.6111 round=166
[round 166] timing train=140.649s distribution=0.902s agg=0.030s eval=96.193s total=237.786s
[round 167] reused planned scale coverage: [1, 1, 2, 2, 1, 1, 2, 2]
Classification: train=1.0000 test=0.6111 round=167
[round 167] timing train=151.730s distribution=0.837s agg=0.072s eval=98.299s total=250.959s
[round 168] reused planned scale coverage: [1, 1, 2, 2, 1, 1, 2, 2]
Classification: train=1.0000 test=0.6107 round=168
[round 168] timing train=141.834s distribution=1.129s agg=0.081s eval=95.840s total=238.913s
[round 169] reused planned scale coverage: [1, 1, 2, 2, 1, 1, 2, 2]
Classification: train=1.0000 test=0.6103 round=169
[round 169] timing train=147.116s distribution=0.939s agg=0.036s eval=96.079s total=244.188s
[round 170] reused planned scale coverage: [1, 1, 2, 2, 1, 1, 2, 2]
Classification: train=1.0000 test=0.6107 round=170
[round 170] timing train=146.033s distribution=1.565s agg=0.070s eval=93.608s total=241.301s
[round 171] reused planned scale coverage: [1, 1, 2, 2, 1, 1, 2, 2]
Classification: train=1.0000 test=0.6103 round=171
[round 171] timing train=142.981s distribution=0.751s agg=0.056s eval=95.279s total=239.085s
[round 172] reused planned scale coverage: [1, 1, 2, 2, 1, 1, 2, 2]
Classification: train=1.0000 test=0.6083 round=172
[round 172] timing train=144.737s distribution=0.895s agg=0.059s eval=99.951s total=245.661s
[round 173] reused planned scale coverage: [1, 1, 2, 2, 1, 1, 2, 2]
Classification: train=1.0000 test=0.6087 round=173
[round 173] timing train=143.501s distribution=0.846s agg=0.037s eval=96.554s total=240.950s
[round 174] reused planned scale coverage: [1, 1, 2, 2, 1, 1, 2, 2]
Classification: train=1.0000 test=0.6087 round=174
[round 174] timing train=137.484s distribution=0.874s agg=0.071s eval=98.491s total=236.963s
[round 175] reused planned scale coverage: [1, 1, 2, 2, 1, 1, 2, 2]
Classification: train=1.0000 test=0.6083 round=175
[round 175] timing train=141.529s distribution=0.886s agg=0.301s eval=92.950s total=235.704s
[round 176] reused planned scale coverage: [1, 1, 2, 2, 1, 1, 2, 2]
Classification: train=1.0000 test=0.6087 round=176
[round 176] timing train=106.880s distribution=0.764s agg=0.032s eval=78.854s total=186.546s
[round 177] reused planned scale coverage: [1, 1, 2, 2, 1, 1, 2, 2]
Classification: train=1.0000 test=0.6091 round=177
[round 177] timing train=144.605s distribution=1.118s agg=0.122s eval=98.122s total=243.973s
[round 178] reused planned scale coverage: [1, 1, 2, 2, 1, 1, 2, 2]
Classification: train=1.0000 test=0.6083 round=178
[round 178] timing train=140.125s distribution=1.094s agg=0.103s eval=95.733s total=237.067s
[round 179] reused planned scale coverage: [1, 1, 2, 2, 1, 1, 2, 2]
Classification: train=1.0000 test=0.6075 round=179
[round 179] timing train=141.765s distribution=0.832s agg=0.097s eval=94.020s total=236.729s
[fedcsl] checkpoint saved → ./checkpoint/resume/fedcsl_LSST_2026-05-04-14har_fedcsl-onehot-splitteacher_dir10.0.pt (round=180)
[round 180] reused planned scale coverage: [1, 1, 2, 2, 1, 1, 2, 2]
Classification: train=1.0000 test=0.6075 round=180
[round 180] timing train=139.706s distribution=0.822s agg=0.047s eval=92.930s total=233.525s
[round 181] reused planned scale coverage: [1, 1, 2, 2, 1, 1, 2, 2]
Classification: train=1.0000 test=0.6079 round=181
[round 181] timing train=137.546s distribution=1.237s agg=0.055s eval=104.438s total=243.298s
[round 182] reused planned scale coverage: [1, 1, 2, 2, 1, 1, 2, 2]
Classification: train=1.0000 test=0.6079 round=182
[round 182] timing train=139.972s distribution=0.725s agg=0.052s eval=91.631s total=232.433s
[round 183] reused planned scale coverage: [1, 1, 2, 2, 1, 1, 2, 2]
Classification: train=1.0000 test=0.6087 round=183
[round 183] timing train=144.891s distribution=1.073s agg=0.105s eval=91.718s total=237.798s
[round 184] reused planned scale coverage: [1, 1, 2, 2, 1, 1, 2, 2]
Classification: train=1.0000 test=0.6083 round=184
[round 184] timing train=136.543s distribution=0.949s agg=0.076s eval=82.966s total=220.553s
[round 185] reused planned scale coverage: [1, 1, 2, 2, 1, 1, 2, 2]
Classification: train=1.0000 test=0.6075 round=185
[round 185] timing train=139.653s distribution=0.658s agg=0.024s eval=96.577s total=236.928s
[round 186] reused planned scale coverage: [1, 1, 2, 2, 1, 1, 2, 2]
Classification: train=1.0000 test=0.6071 round=186
[round 186] timing train=145.773s distribution=0.654s agg=0.037s eval=94.084s total=240.570s
[round 187] reused planned scale coverage: [1, 1, 2, 2, 1, 1, 2, 2]
Classification: train=1.0000 test=0.6067 round=187
[round 187] timing train=141.558s distribution=0.798s agg=0.069s eval=94.857s total=237.339s
[round 188] reused planned scale coverage: [1, 1, 2, 2, 1, 1, 2, 2]
Classification: train=1.0000 test=0.6067 round=188
[round 188] timing train=136.112s distribution=0.862s agg=0.090s eval=97.824s total=234.921s
[round 189] reused planned scale coverage: [1, 1, 2, 2, 1, 1, 2, 2]
Classification: train=1.0000 test=0.6067 round=189
[round 189] timing train=140.154s distribution=1.051s agg=0.156s eval=100.172s total=241.556s
[round 190] reused planned scale coverage: [1, 1, 2, 2, 1, 1, 2, 2]
Classification: train=1.0000 test=0.6083 round=190
[round 190] timing train=141.203s distribution=1.220s agg=0.075s eval=96.574s total=239.082s
[round 191] reused planned scale coverage: [1, 1, 2, 2, 1, 1, 2, 2]
Classification: train=1.0000 test=0.6079 round=191
[round 191] timing train=132.999s distribution=0.789s agg=0.065s eval=92.612s total=226.493s
[round 192] reused planned scale coverage: [1, 1, 2, 2, 1, 1, 2, 2]
Classification: train=1.0000 test=0.6079 round=192
[round 192] timing train=139.145s distribution=0.842s agg=0.071s eval=94.320s total=234.393s
[round 193] reused planned scale coverage: [1, 1, 2, 2, 1, 1, 2, 2]
Classification: train=1.0000 test=0.6079 round=193
[round 193] timing train=141.130s distribution=0.931s agg=0.044s eval=97.876s total=240.005s
[round 194] reused planned scale coverage: [1, 1, 2, 2, 1, 1, 2, 2]
Classification: train=1.0000 test=0.6083 round=194
[round 194] timing train=138.741s distribution=0.848s agg=0.025s eval=94.016s total=233.670s
[round 195] reused planned scale coverage: [1, 1, 2, 2, 1, 1, 2, 2]
Classification: train=1.0000 test=0.6091 round=195
[round 195] timing train=138.266s distribution=1.076s agg=0.088s eval=93.950s total=233.392s
[round 196] reused planned scale coverage: [1, 1, 2, 2, 1, 1, 2, 2]
Classification: train=1.0000 test=0.6091 round=196
[round 196] timing train=136.192s distribution=1.123s agg=0.046s eval=97.655s total=235.048s
[round 197] reused planned scale coverage: [1, 1, 2, 2, 1, 1, 2, 2]
Classification: train=1.0000 test=0.6091 round=197
[round 197] timing train=134.919s distribution=1.122s agg=0.094s eval=95.904s total=232.112s
[round 198] reused planned scale coverage: [1, 1, 2, 2, 1, 1, 2, 2]
Classification: train=1.0000 test=0.6095 round=198
[round 198] timing train=146.074s distribution=0.949s agg=0.079s eval=95.383s total=242.494s
[round 199] reused planned scale coverage: [1, 1, 2, 2, 1, 1, 2, 2]
Classification: train=1.0000 test=0.6095 round=199
[round 199] timing train=138.653s distribution=0.868s agg=0.021s eval=89.112s total=228.690s
best round is 166, acc is 0.611111
Model saved to ./checkpoint/LSST/2026-05-04-14har_fedcsl-onehot-splitteacher_dir10.0_LSST_model.pt
