# 2026-05-05 13:29:21  har_fedavg_dir0.3  GPU=3  cwd=/data/user_lixiongfei/CSL-main
# CMD: python3 -u FedCSL_All.py -dataset HAR --config configAVG.yml --dirichlet-alpha 0.3 --seed 42 --description har_fedavg_dir0.3 -dataset PhonemeSpectra

/mnt/data/user_liangzhiyu/envs/fedcsl/lib/python3.8/site-packages/scipy/__init__.py:146: UserWarning: A NumPy version >=1.16.5 and <1.23.0 is required for this version of SciPy (detected version 1.23.5
  warnings.warn(f"A NumPy version >={np_minversion} and <{np_maxversion}"
[config] 'configAVG.yml' 未找到，重定向到 'config/configAVG.yml'
3315
<class 'pandas.core.frame.DataFrame'>
RangeIndex: 3315 entries, 0 to 3314
Data columns (total 12 columns):
 #   Column      Non-Null Count  Dtype 
---  ------      --------------  ----- 
 0   dim_0       3315 non-null   object
 1   dim_1       3315 non-null   object
 2   dim_2       3315 non-null   object
 3   dim_3       3315 non-null   object
 4   dim_4       3315 non-null   object
 5   dim_5       3315 non-null   object
 6   dim_6       3315 non-null   object
 7   dim_7       3315 non-null   object
 8   dim_8       3315 non-null   object
 9   dim_9       3315 non-null   object
 10  dim_10      3315 non-null   object
 11  class_vals  3315 non-null   object
dtypes: object(12)
memory usage: 310.9+ KB
None
{217}
<class 'pandas.core.frame.DataFrame'>
RangeIndex: 3315 entries, 0 to 3314
Data columns (total 12 columns):
 #   Column      Non-Null Count  Dtype 
---  ------      --------------  ----- 
 0   dim_0       3315 non-null   object
 1   dim_1       3315 non-null   object
 2   dim_2       3315 non-null   object
 3   dim_3       3315 non-null   object
 4   dim_4       3315 non-null   object
 5   dim_5       3315 non-null   object
 6   dim_6       3315 non-null   object
 7   dim_7       3315 non-null   object
 8   dim_8       3315 non-null   object
 9   dim_9       3315 non-null   object
 10  dim_10      3315 non-null   object
 11  class_vals  3315 non-null   object
dtypes: object(12)
memory usage: 310.9+ KB
None
[ 0  0  0 ... 38 38 38]
[   0    1   85   86   87   88   89   90   91   92   93   94   95   96
   97   98   99  100  101  102  103  104  105  106  107  108  109  110
  111  112  113  114  115  116  117  118  119  120  121  122  123  124
  125  126  127  128  129  130  131  132  133  134  135  136  137  138
  139  140  141  142  143  144  145  146  147  148  149  150  151  152
  153  154  155  156  170  340  341  342  343  344  345  346  347  348
  349  350  351  352  353  354  355  356  357  358  359  360  361  362
  363  364  365  366  367  368  369  370  371  372  373  374  375  376
  377  378  379  380  381  382  383  384  385  386  387  388  389  390
  391  392  393  394  395  396  397  398  399  400  401  402  403  404
  405  406  510  511  512  513  514  515  516  517  518  519  520  521
  522  523  524  525  526  527  528  529  530  531  532  533  534  535
  536  537  538  539  595  596  597  598  599  600  601  602  603  604
  605  606  607  608  609  610  611  612  613  614  615  616  617  618
  619  620  621  622  623  624  625  626  680  681  682  683  684  685
  686  765  766  767  768  769  770  771  772  773  774  775  776  777
  778  779  780  781  782  783  784  785  786  787  788  789  790  791
  792  793  794  795  796  797  798  799  800 1020 1021 1022 1023 1024
 1025 1026 1027 1028 1105 1106 1107 1108 1109 1110 1111 1112 1113 1114
 1115 1116 1117 1118 1119 1120 1121 1122 1123 1124 1125 1126 1127 1128
 1129 1130 1131 1132 1133 1134 1135 1136 1137 1138 1139 1140 1141 1142
 1143 1144 1145 1146 1147 1148 1149 1150 1151 1152 1153 1154 1155 1156
 1157 1158 1159 1160 1445 1446 1447 1448 1449 1450 1451 1452 1453 1454
 1455 1456 1457 1458 1459 1460 1461 1462 1463 1464 1465 1466 1467 1468
 1469 1470 1471 1472 1473 1474 1475 1476 1477 1478 1479 1480 1481 1482
 1483 1484 1485 1486 1487 1488 1489 1490 1491 1492 1493 1494 1495 1496
 1497 1498 1499 1500 1501 1502 1503 1504 1505 1506 1507 1508 1509 1510
 1511 1512 1513 1514 1515 1516 1517 1518 1519 1520 1521 1522 1530 1531
 1532 1533 1534 1535 1536 1537 1538 1539 1540 1541 1542 1543 1544 1545
 1546 1547 1548 1549 1550 1551 1552 1553 1554 1555 1556 1557 1558 1559
 1560 1561 1562 1563 1564 1565 1566 1567 1568 1569 1570 1571 1572 1573
 1574 1575 1576 1577 1578 1579 1580 1581 1582 1583 1584 1585 1586 1587
 1588 1589 1590 1591 1592 1593 1594 1595 1596 1597 1598 1599 1600 1601
 1602 1603 1604 1605 1606 1607 1608 1615 1616 1700 1701 1702 1785 1786
 1787 1788 1789 1790 1791 1792 1793 1794 1795 1796 1797 1798 1799 1800
 1801 1802 1870 1871 1872 1873 1874 1875 1876 1877 1878 1879 1880 1881
 1882 1883 1884 1885 1886 1887 1888 1889 1890 1891 1892 1893 1955 1956
 1957 1958 1959 1960 1961 1962 1963 1964 1965 2125 2126 2127 2210 2211
 2212 2213 2214 2215 2216 2217 2218 2219 2220 2221 2222 2223 2224 2225
 2226 2227 2228 2229 2230 2231 2232 2233 2234 2235 2236 2237 2238 2239
 2240 2241 2242 2243 2244 2245 2295 2465 2466 2467 2468 2469 2470 2471
 2472 2473 2474 2475 2476 2477 2478 2479 2480 2481 2482 2483 2484 2485
 2486 2487 2488 2489 2490 2491 2492 2493 2494 2495 2496 2497 2498 2499
 2500 2501 2502 2503 2504 2505 2506 2507 2508 2509 2510 2511 2512 2513
 2514 2515 2516 2517 2518 2519 2520 2521 2522 2523 2524 2525 2526 2527
 2528 2529 2530 2531 2532 2533 2550 2551 2552 2553 2554 2555 2556 2557
 2558 2559 2560 2561 2562 2563 2564 2565 2566 2567 2568 2569 2570 2571
 2572 2573 2574 2575 2576 2577 2578 2579 2580 2581 2582 2583 2584 2585
 2586 2587 2588 2589 2590 2591 2592 2593 2594 2595 2596 2597 2598 2599
 2600 2601 2602 2603 2604 2605 2606 2607 2608 2609 2610 2611 2612 2613
 2614 2615 2616 2617 2618 2619 2620 2621 2622 2623 2624 2625 2635 2636
 2637 2638 2639 2640 2641 2642 2643 2644 2645 2646 2647 2648 2649 2650
 2651 2652 2653 2654 2655 2656 2657 2658 2659 2660 2661 2662 2663 2664
 2665 2666 2667 2668 2720 2721 2722 2723 2724 2725 2726 2727 2728 2729
 2730 2731 2732 2733 2734 2735 2736 2737 2805 2806 2975 2976 2977 2978
 2979 2980 2981 2982 2983 2984 2985 3060 3061 3230 3231 3232 3233 3234
 3235 3236 3237 3238 3239 3240 3241 3242 3243 3244 3245 3246 3247 3248
 3249 3250 3251 3252 3253 3254 3255 3256 3257 3258 3259 3260 3261 3262
 3263 3264 3265 3266 3267 3268 3269 3270 3271 3272 3273 3274 3275 3276
 3277 3278 3279 3280 3281 3282 3283 3284 3285 3286 3287 3288 3289 3290
 3291 3292 3293 3294 3295 3296]
[0, 0, 1, 1, 1, 1, 1, 1, 1, 1, 1, 1, 1, 1, 1, 1, 1, 1, 1, 1, 1, 1, 1, 1, 1, 1, 1, 1, 1, 1, 1, 1, 1, 1, 1, 1, 1, 1, 1, 1, 1, 1, 1, 1, 1, 1, 1, 1, 1, 1, 1, 1, 1, 1, 1, 1, 1, 1, 1, 1, 1, 1, 1, 1, 1, 1, 1, 1, 1, 1, 1, 1, 1, 1, 2, 4, 4, 4, 4, 4, 4, 4, 4, 4, 4, 4, 4, 4, 4, 4, 4, 4, 4, 4, 4, 4, 4, 4, 4, 4, 4, 4, 4, 4, 4, 4, 4, 4, 4, 4, 4, 4, 4, 4, 4, 4, 4, 4, 4, 4, 4, 4, 4, 4, 4, 4, 4, 4, 4, 4, 4, 4, 4, 4, 4, 4, 4, 4, 4, 4, 4, 4, 6, 6, 6, 6, 6, 6, 6, 6, 6, 6, 6, 6, 6, 6, 6, 6, 6, 6, 6, 6, 6, 6, 6, 6, 6, 6, 6, 6, 6, 6, 7, 7, 7, 7, 7, 7, 7, 7, 7, 7, 7, 7, 7, 7, 7, 7, 7, 7, 7, 7, 7, 7, 7, 7, 7, 7, 7, 7, 7, 7, 7, 7, 8, 8, 8, 8, 8, 8, 8, 9, 9, 9, 9, 9, 9, 9, 9, 9, 9, 9, 9, 9, 9, 9, 9, 9, 9, 9, 9, 9, 9, 9, 9, 9, 9, 9, 9, 9, 9, 9, 9, 9, 9, 9, 9, 12, 12, 12, 12, 12, 12, 12, 12, 12, 13, 13, 13, 13, 13, 13, 13, 13, 13, 13, 13, 13, 13, 13, 13, 13, 13, 13, 13, 13, 13, 13, 13, 13, 13, 13, 13, 13, 13, 13, 13, 13, 13, 13, 13, 13, 13, 13, 13, 13, 13, 13, 13, 13, 13, 13, 13, 13, 13, 13, 13, 13, 13, 13, 13, 13, 17, 17, 17, 17, 17, 17, 17, 17, 17, 17, 17, 17, 17, 17, 17, 17, 17, 17, 17, 17, 17, 17, 17, 17, 17, 17, 17, 17, 17, 17, 17, 17, 17, 17, 17, 17, 17, 17, 17, 17, 17, 17, 17, 17, 17, 17, 17, 17, 17, 17, 17, 17, 17, 17, 17, 17, 17, 17, 17, 17, 17, 17, 17, 17, 17, 17, 17, 17, 17, 17, 17, 17, 17, 17, 17, 17, 17, 17, 18, 18, 18, 18, 18, 18, 18, 18, 18, 18, 18, 18, 18, 18, 18, 18, 18, 18, 18, 18, 18, 18, 18, 18, 18, 18, 18, 18, 18, 18, 18, 18, 18, 18, 18, 18, 18, 18, 18, 18, 18, 18, 18, 18, 18, 18, 18, 18, 18, 18, 18, 18, 18, 18, 18, 18, 18, 18, 18, 18, 18, 18, 18, 18, 18, 18, 18, 18, 18, 18, 18, 18, 18, 18, 18, 18, 18, 18, 18, 19, 19, 20, 20, 20, 21, 21, 21, 21, 21, 21, 21, 21, 21, 21, 21, 21, 21, 21, 21, 21, 21, 21, 22, 22, 22, 22, 22, 22, 22, 22, 22, 22, 22, 22, 22, 22, 22, 22, 22, 22, 22, 22, 22, 22, 22, 22, 23, 23, 23, 23, 23, 23, 23, 23, 23, 23, 23, 25, 25, 25, 26, 26, 26, 26, 26, 26, 26, 26, 26, 26, 26, 26, 26, 26, 26, 26, 26, 26, 26, 26, 26, 26, 26, 26, 26, 26, 26, 26, 26, 26, 26, 26, 26, 26, 26, 26, 27, 29, 29, 29, 29, 29, 29, 29, 29, 29, 29, 29, 29, 29, 29, 29, 29, 29, 29, 29, 29, 29, 29, 29, 29, 29, 29, 29, 29, 29, 29, 29, 29, 29, 29, 29, 29, 29, 29, 29, 29, 29, 29, 29, 29, 29, 29, 29, 29, 29, 29, 29, 29, 29, 29, 29, 29, 29, 29, 29, 29, 29, 29, 29, 29, 29, 29, 29, 29, 29, 30, 30, 30, 30, 30, 30, 30, 30, 30, 30, 30, 30, 30, 30, 30, 30, 30, 30, 30, 30, 30, 30, 30, 30, 30, 30, 30, 30, 30, 30, 30, 30, 30, 30, 30, 30, 30, 30, 30, 30, 30, 30, 30, 30, 30, 30, 30, 30, 30, 30, 30, 30, 30, 30, 30, 30, 30, 30, 30, 30, 30, 30, 30, 30, 30, 30, 30, 30, 30, 30, 30, 30, 30, 30, 30, 30, 31, 31, 31, 31, 31, 31, 31, 31, 31, 31, 31, 31, 31, 31, 31, 31, 31, 31, 31, 31, 31, 31, 31, 31, 31, 31, 31, 31, 31, 31, 31, 31, 31, 31, 32, 32, 32, 32, 32, 32, 32, 32, 32, 32, 32, 32, 32, 32, 32, 32, 32, 32, 33, 33, 35, 35, 35, 35, 35, 35, 35, 35, 35, 35, 35, 36, 36, 38, 38, 38, 38, 38, 38, 38, 38, 38, 38, 38, 38, 38, 38, 38, 38, 38, 38, 38, 38, 38, 38, 38, 38, 38, 38, 38, 38, 38, 38, 38, 38, 38, 38, 38, 38, 38, 38, 38, 38, 38, 38, 38, 38, 38, 38, 38, 38, 38, 38, 38, 38, 38, 38, 38, 38, 38, 38, 38, 38, 38, 38, 38, 38, 38, 38, 38]
[0, 0, 0, 0, 2, 2, 2, 2, 2, 2, 2, 2, 2, 2, 2, 2, 2, 2, 2, 2, 2, 2, 2, 2, 2, 2, 2, 2, 2, 2, 2, 2, 2, 2, 2, 2, 2, 2, 2, 2, 2, 2, 2, 2, 2, 2, 2, 2, 2, 2, 2, 2, 2, 2, 2, 2, 2, 2, 2, 2, 2, 2, 2, 2, 2, 2, 2, 2, 2, 2, 2, 2, 2, 2, 2, 2, 2, 2, 2, 2, 2, 2, 2, 3, 3, 3, 3, 3, 3, 3, 3, 3, 3, 3, 3, 3, 3, 3, 3, 3, 3, 3, 3, 3, 3, 3, 3, 3, 3, 3, 3, 3, 3, 3, 3, 3, 3, 3, 3, 3, 3, 3, 3, 3, 3, 3, 3, 3, 3, 3, 3, 3, 3, 3, 3, 3, 3, 3, 3, 3, 3, 3, 3, 3, 3, 3, 3, 3, 3, 3, 3, 3, 3, 3, 3, 3, 3, 3, 3, 3, 3, 3, 3, 5, 7, 7, 7, 7, 7, 7, 7, 7, 7, 8, 8, 8, 8, 8, 8, 8, 8, 8, 8, 8, 8, 8, 8, 8, 8, 8, 8, 8, 8, 8, 8, 8, 8, 8, 8, 8, 8, 8, 8, 8, 8, 8, 8, 8, 8, 8, 8, 8, 8, 8, 8, 8, 8, 8, 8, 8, 8, 8, 8, 8, 8, 8, 8, 8, 9, 9, 9, 9, 9, 9, 9, 9, 9, 9, 9, 9, 9, 9, 9, 9, 9, 9, 9, 9, 9, 9, 9, 9, 9, 9, 9, 9, 10, 10, 10, 10, 10, 10, 10, 10, 10, 10, 10, 10, 10, 10, 10, 10, 10, 10, 10, 10, 10, 10, 10, 10, 10, 10, 10, 10, 10, 10, 10, 10, 10, 10, 10, 10, 10, 10, 10, 10, 10, 10, 10, 10, 10, 10, 10, 10, 10, 10, 10, 10, 10, 10, 10, 10, 10, 11, 11, 11, 11, 11, 11, 11, 11, 11, 12, 12, 12, 12, 12, 12, 12, 12, 12, 12, 12, 12, 12, 12, 12, 12, 12, 12, 12, 12, 12, 12, 12, 12, 12, 12, 12, 12, 12, 12, 12, 12, 12, 12, 12, 12, 12, 12, 12, 12, 12, 12, 12, 12, 12, 12, 12, 13, 13, 13, 13, 13, 13, 13, 13, 13, 13, 13, 13, 13, 13, 13, 13, 13, 13, 13, 13, 13, 13, 13, 13, 13, 13, 13, 13, 14, 14, 14, 14, 14, 14, 14, 14, 14, 14, 14, 14, 14, 14, 14, 14, 14, 14, 14, 14, 14, 14, 14, 15, 15, 15, 15, 15, 15, 15, 15, 15, 15, 15, 15, 15, 15, 15, 15, 15, 15, 15, 15, 15, 15, 15, 15, 15, 15, 15, 15, 15, 15, 15, 15, 15, 15, 15, 15, 15, 15, 15, 15, 15, 15, 15, 15, 15, 15, 15, 15, 15, 15, 15, 15, 15, 15, 15, 15, 15, 15, 15, 15, 15, 15, 15, 15, 15, 15, 15, 15, 15, 15, 15, 15, 15, 15, 15, 15, 15, 15, 15, 18, 18, 21, 21, 22, 22, 22, 22, 22, 22, 22, 22, 22, 22, 22, 22, 22, 22, 22, 22, 22, 22, 22, 22, 22, 22, 22, 22, 22, 22, 22, 22, 22, 22, 22, 22, 22, 22, 22, 22, 22, 22, 22, 22, 22, 22, 22, 22, 22, 22, 22, 22, 22, 22, 22, 22, 22, 22, 22, 22, 22, 22, 23, 24, 24, 24, 24, 24, 24, 24, 24, 24, 24, 24, 24, 24, 24, 24, 24, 24, 24, 24, 24, 24, 24, 24, 24, 24, 24, 24, 24, 24, 24, 24, 24, 24, 24, 24, 24, 24, 24, 24, 24, 24, 24, 24, 24, 24, 24, 24, 24, 24, 24, 24, 24, 24, 24, 24, 24, 24, 24, 24, 24, 24, 24, 24, 24, 26, 27, 27, 27, 27, 27, 28, 28, 28, 28, 28, 28, 28, 28, 28, 28, 28, 28, 28, 28, 29, 29, 29, 29, 29, 29, 29, 29, 29, 29, 29, 29, 29, 29, 29, 30, 30, 30, 30, 30, 30, 30, 30, 31, 31, 31, 31, 31, 31, 31, 31, 31, 31, 31, 31, 31, 31, 31, 31, 31, 31, 31, 31, 31, 31, 31, 31, 31, 31, 31, 31, 31, 31, 31, 31, 31, 31, 31, 31, 31, 31, 31, 31, 31, 31, 31, 31, 31, 31, 31, 31, 31, 31, 32, 32, 32, 32, 32, 32, 32, 32, 32, 32, 32, 32, 32, 32, 32, 32, 32, 32, 32, 32, 32, 32, 32, 32, 32, 32, 32, 32, 32, 32, 32, 32, 32, 32, 32, 32, 32, 32, 32, 32, 32, 32, 32, 32, 32, 32, 32, 32, 32, 32, 32, 32, 32, 32, 32, 32, 32, 32, 32, 32, 32, 32, 32, 32, 32, 32, 33, 33, 33, 33, 33, 33, 33, 33, 33, 33, 33, 33, 33, 33, 33, 33, 33, 33, 33, 33, 33, 33, 33, 33, 33, 33, 33, 33, 33, 33, 33, 33, 33, 33, 33, 33, 33, 33, 33, 33, 33, 33, 33, 33, 33, 33, 33, 33, 33, 33, 33, 33, 33, 33, 33, 33, 33, 33, 33, 33, 33, 33, 33, 33, 33, 33, 33, 33, 33, 33, 33, 33, 33, 33, 33, 33, 33, 33, 33, 34, 34, 34, 34, 34, 34, 34, 34, 34, 34, 34, 34, 34, 34, 34, 34, 34, 34, 34, 34, 34, 34, 34, 34, 34, 34, 34, 34, 34, 34, 34, 34, 34, 34, 34, 34, 34, 34, 34, 34, 34, 34, 34, 34, 34, 34, 34, 34, 34, 34, 34, 34, 34, 34, 34, 34, 34, 34, 34, 34, 34, 34, 34, 34, 34, 34, 34, 34, 34, 34, 34, 34, 34, 34, 34, 35, 35, 35, 35, 35, 35, 37, 37, 37, 37, 37, 37, 37, 37, 37, 37, 37, 37, 37, 37, 37, 37, 37, 37, 37, 37, 37, 37, 37, 37, 37, 37, 37, 37, 37, 37, 37, 37, 37, 37, 37, 37, 37, 37, 37, 37, 37, 37, 37, 37, 37, 37, 37, 37, 37, 37, 37, 37, 37, 37, 37, 37, 37, 37, 37, 37, 37, 37, 37, 37, 37, 37, 37, 37, 37, 37, 37, 37, 37, 37, 37, 37, 37, 37, 37, 37, 37, 37, 37, 37, 38, 38, 38, 38, 38, 38, 38, 38, 38, 38, 38, 38, 38, 38]
[0, 0, 0, 0, 0, 0, 0, 0, 0, 0, 0, 0, 0, 0, 0, 0, 0, 0, 0, 0, 0, 0, 0, 0, 0, 0, 0, 0, 0, 0, 0, 0, 0, 0, 0, 0, 0, 0, 0, 0, 0, 0, 0, 0, 0, 0, 0, 0, 0, 0, 0, 0, 0, 0, 0, 0, 0, 0, 0, 0, 0, 0, 0, 0, 0, 0, 0, 0, 0, 0, 0, 0, 0, 0, 0, 0, 0, 0, 0, 1, 1, 1, 1, 1, 1, 1, 1, 1, 1, 1, 1, 1, 2, 2, 2, 2, 2, 3, 3, 3, 3, 3, 4, 4, 4, 4, 4, 4, 4, 4, 4, 4, 4, 4, 4, 4, 4, 4, 4, 4, 5, 5, 5, 5, 5, 5, 5, 5, 5, 5, 5, 5, 5, 5, 5, 5, 5, 5, 5, 5, 5, 5, 5, 5, 5, 5, 5, 5, 5, 5, 5, 5, 5, 5, 5, 5, 5, 5, 5, 5, 5, 5, 5, 5, 5, 5, 5, 5, 5, 5, 5, 5, 5, 5, 5, 5, 5, 5, 5, 5, 5, 5, 5, 5, 5, 5, 5, 5, 5, 5, 5, 5, 5, 5, 5, 5, 5, 5, 5, 5, 5, 5, 5, 5, 6, 6, 6, 6, 6, 6, 6, 6, 6, 6, 6, 6, 6, 6, 6, 6, 6, 6, 6, 6, 6, 6, 6, 6, 6, 6, 6, 6, 6, 6, 6, 6, 6, 6, 6, 6, 6, 6, 6, 6, 6, 6, 6, 6, 6, 6, 6, 6, 6, 6, 6, 6, 6, 6, 6, 7, 7, 7, 7, 7, 7, 7, 7, 7, 7, 7, 7, 7, 7, 7, 7, 7, 7, 7, 7, 7, 7, 7, 7, 7, 7, 7, 7, 7, 7, 7, 7, 7, 7, 7, 7, 7, 7, 7, 7, 7, 7, 7, 7, 8, 8, 8, 8, 8, 8, 8, 8, 8, 8, 8, 8, 8, 8, 8, 8, 8, 8, 8, 8, 8, 8, 8, 9, 9, 9, 9, 9, 9, 9, 9, 9, 9, 9, 9, 9, 9, 9, 9, 9, 9, 9, 9, 9, 10, 10, 10, 10, 10, 10, 10, 10, 10, 10, 10, 10, 10, 10, 10, 10, 10, 10, 10, 10, 10, 10, 10, 10, 10, 10, 10, 10, 11, 11, 11, 11, 11, 11, 11, 11, 11, 11, 11, 11, 11, 11, 11, 11, 11, 11, 11, 11, 11, 11, 11, 11, 11, 11, 11, 11, 11, 11, 11, 11, 11, 11, 11, 11, 11, 11, 11, 11, 11, 11, 11, 11, 11, 11, 11, 11, 11, 11, 11, 11, 11, 11, 11, 11, 11, 11, 11, 11, 11, 11, 11, 11, 11, 11, 11, 11, 11, 11, 11, 11, 11, 11, 11, 11, 12, 12, 12, 12, 12, 12, 12, 12, 12, 12, 12, 12, 12, 12, 12, 12, 12, 12, 12, 12, 12, 12, 12, 12, 12, 12, 12, 12, 12, 13, 14, 14, 14, 14, 14, 14, 14, 14, 14, 14, 14, 14, 14, 14, 14, 14, 14, 14, 14, 14, 14, 14, 14, 14, 14, 14, 14, 14, 14, 14, 14, 14, 14, 14, 14, 14, 14, 14, 14, 14, 14, 14, 14, 14, 14, 14, 14, 14, 14, 14, 14, 14, 14, 14, 14, 14, 14, 14, 14, 14, 14, 14, 15, 15, 15, 15, 15, 15, 16, 16, 16, 16, 16, 16, 16, 16, 16, 16, 16, 16, 16, 16, 16, 16, 16, 16, 16, 16, 16, 16, 16, 16, 16, 16, 16, 16, 16, 16, 16, 16, 16, 16, 16, 16, 16, 16, 16, 16, 16, 16, 16, 16, 16, 16, 16, 16, 16, 16, 16, 16, 16, 16, 16, 16, 16, 16, 16, 16, 16, 16, 16, 16, 16, 16, 16, 16, 16, 16, 16, 16, 16, 16, 16, 16, 16, 16, 16, 16, 16, 16, 16, 16, 16, 17, 17, 17, 17, 17, 17, 17, 18, 18, 18, 18, 19, 19, 19, 19, 19, 19, 19, 19, 19, 19, 19, 19, 19, 19, 19, 19, 19, 19, 19, 19, 19, 19, 19, 19, 19, 19, 19, 19, 19, 19, 19, 19, 19, 19, 19, 19, 19, 19, 19, 19, 19, 19, 19, 19, 19, 19, 19, 19, 19, 19, 19, 19, 19, 19, 19, 19, 19, 19, 19, 19, 19, 19, 19, 19, 19, 19, 19, 19, 19, 19, 19, 19, 19, 19, 19, 19, 19, 19, 19, 19, 19, 19, 19, 20, 20, 20, 20, 20, 20, 20, 20, 20, 20, 20, 20, 20, 20, 20, 20, 20, 20, 20, 20, 20, 20, 20, 20, 20, 20, 20, 20, 20, 20, 20, 20, 20, 20, 20, 20, 20, 20, 20, 20, 20, 20, 20, 20, 20, 20, 20, 20, 20, 20, 20, 20, 20, 20, 20, 20, 20, 20, 20, 20, 20, 20, 20, 20, 20, 20, 20, 20, 20, 20, 20, 20, 20, 20, 20, 20, 20, 20, 20, 20, 20, 20, 21, 21, 21, 21, 21, 21, 21, 21, 21, 21, 21, 21, 21, 21, 21, 21, 21, 21, 21, 21, 21, 21, 21, 21, 21, 21, 21, 21, 21, 21, 21, 21, 21, 21, 21, 21, 21, 21, 21, 21, 21, 21, 21, 21, 21, 21, 21, 21, 21, 21, 21, 21, 21, 21, 21, 21, 21, 21, 21, 21, 21, 21, 21, 21, 21, 22, 22, 22, 23, 23, 23, 23, 23, 23, 23, 23, 23, 23, 23, 23, 23, 23, 23, 23, 23, 23, 23, 23, 23, 23, 23, 23, 23, 23, 23, 23, 23, 23, 23, 23, 23, 23, 23, 23, 23, 23, 23, 23, 23, 23, 23, 23, 23, 23, 23, 23, 23, 23, 23, 23, 23, 23, 23, 23, 23, 23, 23, 23, 23, 23, 23, 23, 23, 23, 23, 23, 23, 23, 23, 23, 23, 24, 24, 24, 24, 24, 24, 24, 24, 24, 24, 24, 24, 24, 24, 24, 24, 24, 24, 24, 24, 24, 25, 25, 25, 25, 25, 25, 25, 25, 25, 25, 25, 25, 25, 25, 25, 25, 25, 25, 25, 25, 25, 25, 25, 25, 25, 25, 25, 25, 25, 25, 25, 25, 25, 25, 25, 25, 25, 25, 25, 25, 25, 25, 25, 25, 25, 25, 25, 25, 25, 25, 25, 25, 25, 25, 25, 25, 25, 25, 25, 25, 25, 25, 25, 25, 25, 25, 25, 25, 25, 25, 25, 25, 25, 25, 25, 25, 25, 25, 25, 25, 25, 25, 26, 26, 26, 26, 26, 26, 26, 26, 26, 26, 26, 26, 26, 26, 26, 26, 26, 26, 26, 26, 26, 26, 26, 26, 26, 26, 26, 26, 26, 26, 26, 26, 26, 26, 26, 26, 26, 26, 26, 26, 26, 26, 26, 26, 26, 26, 26, 26, 27, 27, 27, 27, 27, 27, 27, 27, 27, 27, 27, 27, 27, 27, 27, 27, 27, 27, 27, 27, 27, 27, 27, 27, 27, 27, 27, 27, 27, 27, 27, 27, 27, 27, 27, 27, 27, 27, 27, 27, 27, 27, 27, 27, 27, 27, 27, 27, 27, 27, 27, 27, 27, 27, 27, 27, 27, 27, 27, 27, 27, 27, 27, 27, 27, 27, 27, 27, 27, 27, 27, 27, 27, 27, 27, 27, 27, 27, 27, 28, 28, 28, 28, 28, 28, 28, 28, 28, 28, 28, 28, 28, 28, 28, 28, 28, 28, 28, 28, 28, 28, 28, 28, 28, 28, 28, 28, 28, 28, 28, 28, 28, 28, 28, 28, 28, 28, 28, 28, 28, 28, 28, 28, 28, 28, 28, 28, 28, 28, 28, 28, 28, 28, 28, 28, 28, 28, 28, 28, 28, 28, 28, 28, 28, 28, 28, 28, 28, 28, 28, 29, 30, 31, 32, 33, 33, 33, 33, 34, 34, 34, 34, 34, 34, 34, 34, 34, 34, 35, 35, 35, 35, 35, 35, 35, 35, 35, 35, 35, 35, 35, 35, 35, 35, 35, 35, 35, 35, 35, 35, 35, 35, 35, 35, 35, 35, 35, 35, 35, 35, 35, 35, 35, 35, 35, 35, 35, 35, 35, 35, 35, 35, 35, 35, 35, 35, 35, 35, 35, 35, 35, 35, 35, 35, 35, 35, 35, 35, 35, 35, 35, 35, 35, 35, 35, 35, 36, 36, 36, 36, 36, 36, 36, 36, 36, 36, 36, 36, 36, 36, 36, 36, 36, 36, 36, 36, 36, 36, 36, 36, 36, 36, 36, 36, 36, 36, 36, 36, 36, 36, 36, 36, 36, 36, 36, 36, 36, 36, 36, 36, 36, 36, 36, 36, 36, 36, 36, 36, 36, 36, 36, 36, 36, 36, 36, 36, 36, 36, 36, 36, 36, 36, 36, 36, 36, 36, 36, 36, 36, 36, 36, 36, 36, 36, 36, 36, 36, 36, 36, 37, 38, 38, 38, 38]
shapelet initialized!
All 3 clients initialized.
Server device: cuda:0
Client worker groups: [[0], [1], [2]]
Client worker devices: ['cuda:0', 'cuda:0', 'cuda:0']
客户端选择未启用，所有客户端参与聚合
/data/user_lixiongfei/CSL-main/train.py:801: UserWarning: Creating a tensor from a list of numpy.ndarrays is extremely slow. Please consider converting the list to a single numpy.ndarray with numpy.array() before converting to a tensor. (Triggered internally at ../torch/csrc/utils/tensor_new.cpp:278.)
  X = torch.tensor(X, dtype=torch.float)
Classification: train=1.0000 test=0.2112 round=0
[round 0] timing train=152.524s distribution=4.436s agg=0.114s eval=148.827s total=305.909s
Classification: train=1.0000 test=0.2165 round=1
[round 1] timing train=160.462s distribution=4.775s agg=0.141s eval=145.341s total=310.723s
Classification: train=1.0000 test=0.2088 round=2
[round 2] timing train=164.181s distribution=5.067s agg=0.214s eval=139.135s total=308.613s
Classification: train=1.0000 test=0.2153 round=3
[round 3] timing train=170.403s distribution=4.806s agg=0.112s eval=148.471s total=323.801s
Classification: train=1.0000 test=0.2174 round=4
[round 4] timing train=163.371s distribution=4.457s agg=0.241s eval=147.066s total=315.179s
Classification: train=1.0000 test=0.2129 round=5
[round 5] timing train=169.680s distribution=5.168s agg=0.136s eval=145.781s total=320.771s
Classification: train=1.0000 test=0.2195 round=6
[round 6] timing train=156.576s distribution=4.994s agg=0.107s eval=141.930s total=303.633s
Classification: train=1.0000 test=0.2162 round=7
[round 7] timing train=161.719s distribution=5.587s agg=0.287s eval=155.949s total=323.555s
Classification: train=1.0000 test=0.2150 round=8
[round 8] timing train=166.554s distribution=5.315s agg=0.197s eval=147.380s total=319.484s
Classification: train=1.0000 test=0.2144 round=9
[round 9] timing train=154.393s distribution=5.456s agg=0.397s eval=138.206s total=298.470s
Classification: train=1.0000 test=0.2165 round=10
[round 10] timing train=160.410s distribution=4.453s agg=0.324s eval=150.396s total=315.599s
Classification: train=1.0000 test=0.2109 round=11
[round 11] timing train=163.423s distribution=4.980s agg=0.152s eval=136.084s total=304.668s
Classification: train=1.0000 test=0.2183 round=12
[round 12] timing train=152.888s distribution=4.813s agg=0.098s eval=143.142s total=300.978s
Classification: train=1.0000 test=0.2126 round=13
[round 13] timing train=159.614s distribution=5.105s agg=0.371s eval=153.404s total=318.528s
Classification: train=1.0000 test=0.2115 round=14
[round 14] timing train=169.792s distribution=5.664s agg=0.079s eval=151.859s total=327.414s
Classification: train=1.0000 test=0.2106 round=15
[round 15] timing train=151.669s distribution=4.541s agg=0.074s eval=143.798s total=300.100s
Classification: train=1.0000 test=0.2159 round=16
[round 16] timing train=164.677s distribution=5.023s agg=0.247s eval=160.314s total=330.309s
Classification: train=1.0000 test=0.2144 round=17
[round 17] timing train=176.378s distribution=5.641s agg=0.117s eval=146.036s total=328.179s
Classification: train=1.0000 test=0.2103 round=18
[round 18] timing train=157.375s distribution=5.479s agg=0.252s eval=141.157s total=304.281s
Classification: train=1.0000 test=0.2138 round=19
[round 19] timing train=164.772s distribution=4.543s agg=0.178s eval=135.593s total=305.128s
Classification: train=1.0000 test=0.2147 round=20
[round 20] timing train=128.419s distribution=5.372s agg=0.135s eval=137.912s total=271.853s
Classification: train=1.0000 test=0.2207 round=21
[round 21] timing train=155.931s distribution=4.413s agg=0.142s eval=141.426s total=301.937s
Classification: train=1.0000 test=0.2165 round=22
[round 22] timing train=147.137s distribution=5.762s agg=0.096s eval=141.802s total=294.802s
Classification: train=1.0000 test=0.2168 round=23
[round 23] timing train=153.652s distribution=4.855s agg=0.198s eval=139.296s total=298.033s
Classification: train=1.0000 test=0.2171 round=24
[round 24] timing train=158.070s distribution=5.350s agg=0.080s eval=143.171s total=306.698s
Classification: train=1.0000 test=0.2180 round=25
[round 25] timing train=167.866s distribution=5.458s agg=0.275s eval=146.496s total=320.108s
Classification: train=1.0000 test=0.2141 round=26
[round 26] timing train=161.415s distribution=4.467s agg=0.124s eval=143.642s total=309.680s
Classification: train=1.0000 test=0.2147 round=27
[round 27] timing train=163.744s distribution=4.889s agg=0.192s eval=137.267s total=306.109s
Classification: train=1.0000 test=0.2132 round=28
[round 28] timing train=160.518s distribution=4.509s agg=0.176s eval=153.015s total=318.239s
Classification: train=1.0000 test=0.2165 round=29
[round 29] timing train=156.084s distribution=5.540s agg=0.242s eval=134.157s total=296.041s
[fedcsl] checkpoint saved → ./checkpoint/resume/fedcsl_PhonemeSpectra_2026-05-05-13har_fedavg_dir0.3.pt (round=30)
Classification: train=1.0000 test=0.2144 round=30
[round 30] timing train=160.159s distribution=5.637s agg=0.220s eval=148.875s total=314.904s
Classification: train=1.0000 test=0.2159 round=31
[round 31] timing train=155.922s distribution=4.950s agg=0.141s eval=145.989s total=307.022s
Classification: train=1.0000 test=0.2141 round=32
[round 32] timing train=152.913s distribution=4.128s agg=0.118s eval=138.412s total=295.588s
Classification: train=1.0000 test=0.2165 round=33
[round 33] timing train=153.722s distribution=4.703s agg=0.087s eval=149.049s total=307.578s
Classification: train=1.0000 test=0.2150 round=34
[round 34] timing train=154.819s distribution=5.524s agg=0.128s eval=137.733s total=298.237s
Classification: train=1.0000 test=0.2180 round=35
[round 35] timing train=156.788s distribution=5.035s agg=0.161s eval=141.665s total=303.685s
Classification: train=1.0000 test=0.2171 round=36
[round 36] timing train=158.860s distribution=4.769s agg=0.133s eval=160.363s total=324.158s
Classification: train=1.0000 test=0.2174 round=37
[round 37] timing train=158.386s distribution=4.555s agg=0.102s eval=150.162s total=313.211s
Classification: train=1.0000 test=0.2189 round=38
[round 38] timing train=157.416s distribution=5.694s agg=0.154s eval=139.984s total=303.264s
Classification: train=1.0000 test=0.2177 round=39
[round 39] timing train=162.224s distribution=5.461s agg=0.169s eval=158.132s total=326.029s
Classification: train=1.0000 test=0.2162 round=40
[round 40] timing train=152.443s distribution=4.910s agg=0.168s eval=135.222s total=292.761s
Classification: train=1.0000 test=0.2144 round=41
[round 41] timing train=140.422s distribution=5.363s agg=0.253s eval=147.441s total=293.493s
Classification: train=1.0000 test=0.2132 round=42
[round 42] timing train=159.814s distribution=4.197s agg=0.082s eval=142.742s total=306.853s
Classification: train=1.0000 test=0.2183 round=43
[round 43] timing train=162.693s distribution=4.557s agg=0.208s eval=142.606s total=310.079s
Classification: train=1.0000 test=0.2159 round=44
[round 44] timing train=161.087s distribution=5.150s agg=0.321s eval=138.744s total=305.320s
Classification: train=1.0000 test=0.2141 round=45
[round 45] timing train=155.326s distribution=4.855s agg=0.073s eval=140.735s total=301.023s
Classification: train=1.0000 test=0.2162 round=46
[round 46] timing train=165.376s distribution=5.087s agg=0.085s eval=144.440s total=315.027s
Classification: train=1.0000 test=0.2186 round=47
[round 47] timing train=157.150s distribution=5.184s agg=0.261s eval=154.829s total=317.453s
Classification: train=1.0000 test=0.2168 round=48
[round 48] timing train=161.942s distribution=4.745s agg=0.106s eval=143.022s total=309.842s
Classification: train=1.0000 test=0.2165 round=49
[round 49] timing train=155.350s distribution=5.076s agg=0.129s eval=132.137s total=292.705s
Classification: train=1.0000 test=0.2156 round=50
[round 50] timing train=163.299s distribution=5.454s agg=0.343s eval=147.438s total=316.543s
Classification: train=1.0000 test=0.2126 round=51
[round 51] timing train=155.669s distribution=4.422s agg=0.178s eval=139.405s total=299.694s
Classification: train=1.0000 test=0.2159 round=52
[round 52] timing train=157.299s distribution=5.621s agg=0.185s eval=131.894s total=295.016s
Classification: train=1.0000 test=0.2177 round=53
[round 53] timing train=164.105s distribution=4.241s agg=0.127s eval=144.079s total=312.612s
Classification: train=1.0000 test=0.2177 round=54
[round 54] timing train=160.066s distribution=4.772s agg=0.104s eval=137.784s total=302.761s
Classification: train=1.0000 test=0.2189 round=55
[round 55] timing train=165.160s distribution=5.808s agg=0.173s eval=143.170s total=314.342s
Classification: train=1.0000 test=0.2180 round=56
[round 56] timing train=160.640s distribution=4.963s agg=0.276s eval=146.841s total=312.744s
Classification: train=1.0000 test=0.2189 round=57
[round 57] timing train=162.222s distribution=5.923s agg=0.262s eval=151.402s total=319.866s
Classification: train=1.0000 test=0.2213 round=58
[round 58] timing train=162.724s distribution=5.299s agg=0.252s eval=144.075s total=312.384s
Classification: train=1.0000 test=0.2150 round=59
[round 59] timing train=162.752s distribution=4.929s agg=0.278s eval=152.026s total=320.000s
[fedcsl] checkpoint saved → ./checkpoint/resume/fedcsl_PhonemeSpectra_2026-05-05-13har_fedavg_dir0.3.pt (round=60)
Classification: train=1.0000 test=0.2159 round=60
[round 60] timing train=163.462s distribution=4.700s agg=0.226s eval=147.158s total=315.554s
Classification: train=1.0000 test=0.2147 round=61
[round 61] timing train=164.711s distribution=5.847s agg=0.206s eval=138.766s total=309.561s
Classification: train=1.0000 test=0.2141 round=62
[round 62] timing train=154.488s distribution=5.088s agg=0.185s eval=143.619s total=303.390s
Classification: train=1.0000 test=0.2210 round=63
[round 63] timing train=158.172s distribution=5.588s agg=0.265s eval=144.624s total=308.686s
Classification: train=1.0000 test=0.2180 round=64
[round 64] timing train=161.997s distribution=4.981s agg=0.090s eval=150.398s total=317.484s
Classification: train=1.0000 test=0.2162 round=65
[round 65] timing train=154.367s distribution=4.790s agg=0.133s eval=144.306s total=303.616s
Classification: train=1.0000 test=0.2147 round=66
[round 66] timing train=159.083s distribution=5.005s agg=0.072s eval=128.396s total=292.563s
Classification: train=1.0000 test=0.2171 round=67
[round 67] timing train=160.028s distribution=5.617s agg=0.175s eval=160.027s total=325.862s
Classification: train=1.0000 test=0.2120 round=68
[round 68] timing train=161.467s distribution=4.814s agg=0.254s eval=146.269s total=312.840s
Classification: train=1.0000 test=0.2162 round=69
[round 69] timing train=155.449s distribution=4.904s agg=0.261s eval=141.685s total=302.316s
Classification: train=1.0000 test=0.2147 round=70
[round 70] timing train=172.435s distribution=5.687s agg=0.204s eval=152.091s total=330.462s
Classification: train=1.0000 test=0.2153 round=71
[round 71] timing train=160.508s distribution=4.869s agg=0.081s eval=156.556s total=322.058s
Classification: train=1.0000 test=0.2135 round=72
[round 72] timing train=159.540s distribution=4.724s agg=0.279s eval=150.887s total=315.446s
Classification: train=1.0000 test=0.2168 round=73
[round 73] timing train=168.913s distribution=5.626s agg=0.313s eval=148.606s total=323.467s
Classification: train=1.0000 test=0.2132 round=74
[round 74] timing train=156.370s distribution=4.708s agg=0.139s eval=151.389s total=312.619s
Classification: train=1.0000 test=0.2150 round=75
[round 75] timing train=160.096s distribution=6.158s agg=0.203s eval=158.252s total=324.723s
Classification: train=1.0000 test=0.2135 round=76
[round 76] timing train=162.816s distribution=4.935s agg=0.169s eval=158.044s total=325.982s
Classification: train=1.0000 test=0.2135 round=77
[round 77] timing train=163.679s distribution=5.861s agg=0.304s eval=162.978s total=332.850s
Classification: train=1.0000 test=0.2180 round=78
[round 78] timing train=162.367s distribution=4.912s agg=0.422s eval=152.374s total=320.093s
Classification: train=1.0000 test=0.2153 round=79
[round 79] timing train=165.141s distribution=5.368s agg=0.260s eval=151.183s total=321.982s
Classification: train=1.0000 test=0.2150 round=80
[round 80] timing train=157.028s distribution=4.229s agg=0.150s eval=141.421s total=302.856s
Classification: train=1.0000 test=0.2144 round=81
[round 81] timing train=171.375s distribution=5.546s agg=0.202s eval=152.296s total=329.434s
Classification: train=1.0000 test=0.2189 round=82
[round 82] timing train=165.119s distribution=5.418s agg=0.169s eval=142.659s total=313.385s
Classification: train=1.0000 test=0.2174 round=83
[round 83] timing train=122.533s distribution=5.465s agg=0.360s eval=151.538s total=279.919s
Classification: train=1.0000 test=0.2153 round=84
[round 84] timing train=162.493s distribution=5.108s agg=0.215s eval=151.013s total=318.850s
Classification: train=1.0000 test=0.2147 round=85
[round 85] timing train=162.208s distribution=4.297s agg=0.148s eval=144.017s total=310.681s
Classification: train=1.0000 test=0.2109 round=86
[round 86] timing train=160.366s distribution=5.164s agg=0.255s eval=143.538s total=309.331s
Classification: train=1.0000 test=0.2144 round=87
[round 87] timing train=165.559s distribution=4.471s agg=0.035s eval=130.035s total=300.118s
Classification: train=1.0000 test=0.2147 round=88
[round 88] timing train=173.474s distribution=6.039s agg=0.451s eval=144.760s total=324.741s
Classification: train=1.0000 test=0.2165 round=89
[round 89] timing train=158.148s distribution=4.432s agg=0.134s eval=148.602s total=311.330s
[fedcsl] checkpoint saved → ./checkpoint/resume/fedcsl_PhonemeSpectra_2026-05-05-13har_fedavg_dir0.3.pt (round=90)
Classification: train=1.0000 test=0.2171 round=90
[round 90] timing train=169.421s distribution=5.807s agg=0.231s eval=156.991s total=332.464s
Classification: train=1.0000 test=0.2168 round=91
[round 91] timing train=161.501s distribution=5.197s agg=0.175s eval=154.198s total=321.085s
Classification: train=1.0000 test=0.2144 round=92
[round 92] timing train=160.359s distribution=5.257s agg=0.351s eval=158.338s total=324.336s
Classification: train=1.0000 test=0.2115 round=93
[round 93] timing train=157.834s distribution=4.709s agg=0.388s eval=142.025s total=305.007s
Classification: train=1.0000 test=0.2132 round=94
[round 94] timing train=164.314s distribution=5.436s agg=0.156s eval=139.093s total=309.021s
Classification: train=1.0000 test=0.2118 round=95
[round 95] timing train=164.211s distribution=5.481s agg=0.259s eval=159.438s total=329.397s
Classification: train=1.0000 test=0.2106 round=96
[round 96] timing train=161.119s distribution=5.425s agg=0.303s eval=145.638s total=312.507s
Classification: train=1.0000 test=0.2091 round=97
[round 97] timing train=159.138s distribution=5.593s agg=0.243s eval=143.378s total=308.394s
Classification: train=1.0000 test=0.2103 round=98
[round 98] timing train=160.294s distribution=4.725s agg=0.270s eval=153.306s total=318.638s
Classification: train=1.0000 test=0.2097 round=99
[round 99] timing train=160.973s distribution=4.415s agg=0.120s eval=157.301s total=322.829s
Classification: train=1.0000 test=0.2118 round=100
[round 100] timing train=163.279s distribution=4.997s agg=0.242s eval=155.855s total=324.388s
Classification: train=1.0000 test=0.2129 round=101
[round 101] timing train=164.546s distribution=5.691s agg=0.270s eval=155.987s total=326.533s
Classification: train=1.0000 test=0.2144 round=102
[round 102] timing train=160.689s distribution=5.341s agg=0.256s eval=147.001s total=313.309s
Classification: train=1.0000 test=0.2120 round=103
[round 103] timing train=162.647s distribution=4.930s agg=0.244s eval=148.731s total=316.560s
Classification: train=1.0000 test=0.2159 round=104
[round 104] timing train=155.768s distribution=5.698s agg=0.217s eval=151.831s total=313.529s
Classification: train=1.0000 test=0.2141 round=105
[round 105] timing train=162.520s distribution=5.266s agg=0.288s eval=148.505s total=316.621s
Classification: train=1.0000 test=0.2118 round=106
[round 106] timing train=160.535s distribution=5.673s agg=0.282s eval=155.656s total=322.199s
Classification: train=1.0000 test=0.2094 round=107
[round 107] timing train=169.221s distribution=4.803s agg=0.235s eval=147.268s total=321.544s
Classification: train=1.0000 test=0.2109 round=108
[round 108] timing train=132.047s distribution=5.260s agg=0.112s eval=144.619s total=282.056s
Classification: train=1.0000 test=0.2115 round=109
[round 109] timing train=161.444s distribution=4.613s agg=0.290s eval=154.265s total=320.629s
Classification: train=1.0000 test=0.2097 round=110
[round 110] timing train=171.632s distribution=5.118s agg=0.500s eval=147.805s total=325.092s
Classification: train=1.0000 test=0.2135 round=111
[round 111] timing train=156.303s distribution=4.760s agg=0.299s eval=153.040s total=314.418s
Classification: train=1.0000 test=0.2126 round=112
[round 112] timing train=164.876s distribution=5.516s agg=0.345s eval=155.170s total=325.967s
Classification: train=1.0000 test=0.2100 round=113
[round 113] timing train=171.701s distribution=4.819s agg=0.136s eval=142.108s total=318.772s
Classification: train=1.0000 test=0.2091 round=114
[round 114] timing train=157.888s distribution=4.688s agg=0.329s eval=157.625s total=320.546s
Classification: train=1.0000 test=0.2120 round=115
[round 115] timing train=161.093s distribution=5.227s agg=0.201s eval=157.811s total=324.361s
Classification: train=1.0000 test=0.2159 round=116
[round 116] timing train=169.327s distribution=5.470s agg=0.254s eval=148.347s total=323.412s
Classification: train=1.0000 test=0.2165 round=117
[round 117] timing train=155.865s distribution=5.788s agg=0.260s eval=154.411s total=316.352s
Classification: train=1.0000 test=0.2135 round=118
[round 118] timing train=168.468s distribution=6.003s agg=0.422s eval=160.620s total=335.538s
Classification: train=1.0000 test=0.2109 round=119
[round 119] timing train=166.291s distribution=5.786s agg=0.326s eval=145.134s total=317.577s
[fedcsl] checkpoint saved → ./checkpoint/resume/fedcsl_PhonemeSpectra_2026-05-05-13har_fedavg_dir0.3.pt (round=120)
Classification: train=1.0000 test=0.2135 round=120
[round 120] timing train=156.934s distribution=4.851s agg=0.327s eval=156.550s total=318.667s
Classification: train=1.0000 test=0.2106 round=121
[round 121] timing train=162.503s distribution=4.720s agg=0.280s eval=139.249s total=306.786s
Classification: train=1.0000 test=0.2168 round=122
[round 122] timing train=159.510s distribution=4.105s agg=0.149s eval=144.921s total=308.716s
Classification: train=1.0000 test=0.2129 round=123
[round 123] timing train=160.367s distribution=4.210s agg=0.253s eval=144.713s total=309.596s
Classification: train=1.0000 test=0.2115 round=124
[round 124] timing train=158.595s distribution=4.450s agg=0.088s eval=170.118s total=333.271s
Classification: train=1.0000 test=0.2141 round=125
[round 125] timing train=161.626s distribution=5.094s agg=0.278s eval=124.305s total=291.344s
Classification: train=1.0000 test=0.2123 round=126
[round 126] timing train=150.212s distribution=5.477s agg=0.248s eval=161.710s total=317.654s
Classification: train=1.0000 test=0.2153 round=127
[round 127] timing train=164.427s distribution=4.801s agg=0.269s eval=156.026s total=325.548s
Classification: train=1.0000 test=0.2123 round=128
[round 128] timing train=155.022s distribution=4.873s agg=0.064s eval=126.777s total=286.768s
Classification: train=1.0000 test=0.2106 round=129
[round 129] timing train=158.752s distribution=5.270s agg=0.145s eval=151.927s total=316.105s
Classification: train=1.0000 test=0.2126 round=130
[round 130] timing train=152.169s distribution=4.522s agg=0.107s eval=140.899s total=297.733s
Classification: train=1.0000 test=0.2135 round=131
[round 131] timing train=153.638s distribution=4.457s agg=0.137s eval=151.968s total=310.230s
Classification: train=1.0000 test=0.2106 round=132
[round 132] timing train=162.952s distribution=5.586s agg=0.150s eval=151.968s total=320.673s
Classification: train=1.0000 test=0.2118 round=133
[round 133] timing train=162.846s distribution=4.303s agg=0.239s eval=144.823s total=312.240s
Classification: train=1.0000 test=0.2141 round=134
[round 134] timing train=156.582s distribution=4.977s agg=0.203s eval=157.892s total=319.666s
Classification: train=1.0000 test=0.2147 round=135
[round 135] timing train=165.996s distribution=4.749s agg=0.271s eval=148.423s total=319.494s
Classification: train=1.0000 test=0.2129 round=136
[round 136] timing train=156.408s distribution=5.687s agg=0.248s eval=135.814s total=298.171s
Classification: train=1.0000 test=0.2135 round=137
[round 137] timing train=151.116s distribution=4.537s agg=0.281s eval=137.367s total=293.309s
Classification: train=1.0000 test=0.2162 round=138
[round 138] timing train=159.668s distribution=4.746s agg=0.227s eval=146.776s total=311.432s
Classification: train=1.0000 test=0.2144 round=139
[round 139] timing train=156.512s distribution=4.767s agg=0.227s eval=136.741s total=298.279s
Classification: train=1.0000 test=0.2150 round=140
[round 140] timing train=158.026s distribution=4.383s agg=0.090s eval=150.138s total=312.648s
Classification: train=1.0000 test=0.2162 round=141
[round 141] timing train=163.042s distribution=5.304s agg=0.334s eval=156.017s total=324.713s
Classification: train=1.0000 test=0.2159 round=142
[round 142] timing train=160.851s distribution=4.632s agg=0.116s eval=149.602s total=315.222s
Classification: train=1.0000 test=0.2153 round=143
[round 143] timing train=156.134s distribution=4.872s agg=0.227s eval=154.895s total=316.141s
Classification: train=1.0000 test=0.2132 round=144
[round 144] timing train=154.705s distribution=4.299s agg=0.144s eval=146.934s total=306.100s
Classification: train=1.0000 test=0.2147 round=145
[round 145] timing train=159.142s distribution=4.681s agg=0.178s eval=136.014s total=300.023s
Classification: train=1.0000 test=0.2150 round=146
[round 146] timing train=155.494s distribution=5.198s agg=0.160s eval=154.235s total=315.102s
Classification: train=1.0000 test=0.2144 round=147
[round 147] timing train=115.169s distribution=3.787s agg=0.033s eval=139.266s total=258.276s
Classification: train=1.0000 test=0.2168 round=148
[round 148] timing train=164.181s distribution=4.594s agg=0.159s eval=137.958s total=306.914s
Classification: train=1.0000 test=0.2112 round=149
[round 149] timing train=158.118s distribution=4.670s agg=0.136s eval=138.261s total=301.219s
[fedcsl] checkpoint saved → ./checkpoint/resume/fedcsl_PhonemeSpectra_2026-05-05-13har_fedavg_dir0.3.pt (round=150)
Classification: train=1.0000 test=0.2156 round=150
[round 150] timing train=139.335s distribution=5.397s agg=0.201s eval=145.556s total=290.497s
Classification: train=1.0000 test=0.2174 round=151
[round 151] timing train=160.226s distribution=4.214s agg=0.202s eval=137.197s total=301.872s
Classification: train=1.0000 test=0.2177 round=152
[round 152] timing train=156.322s distribution=4.925s agg=0.212s eval=145.011s total=306.486s
Classification: train=1.0000 test=0.2165 round=153
[round 153] timing train=151.951s distribution=5.090s agg=0.224s eval=137.931s total=295.210s
Classification: train=1.0000 test=0.2192 round=154
[round 154] timing train=153.561s distribution=5.110s agg=0.101s eval=139.824s total=298.618s
Classification: train=1.0000 test=0.2129 round=155
[round 155] timing train=158.998s distribution=5.004s agg=0.345s eval=141.647s total=306.047s
Classification: train=1.0000 test=0.2171 round=156
[round 156] timing train=151.875s distribution=5.258s agg=0.185s eval=142.548s total=299.895s
Classification: train=1.0000 test=0.2189 round=157
[round 157] timing train=158.872s distribution=4.244s agg=0.255s eval=139.348s total=302.739s
Classification: train=1.0000 test=0.2147 round=158
[round 158] timing train=158.006s distribution=5.132s agg=0.181s eval=136.464s total=299.797s
Classification: train=1.0000 test=0.2168 round=159
[round 159] timing train=150.823s distribution=4.437s agg=0.146s eval=137.005s total=292.430s
Classification: train=1.0000 test=0.2156 round=160
[round 160] timing train=157.243s distribution=4.387s agg=0.221s eval=139.769s total=301.634s
Classification: train=1.0000 test=0.2156 round=161
[round 161] timing train=157.978s distribution=4.406s agg=0.094s eval=137.321s total=299.822s
Classification: train=1.0000 test=0.2216 round=162
[round 162] timing train=157.503s distribution=4.415s agg=0.265s eval=137.554s total=299.745s
Classification: train=1.0000 test=0.2186 round=163
[round 163] timing train=150.488s distribution=4.060s agg=0.161s eval=132.537s total=287.259s
Classification: train=1.0000 test=0.2201 round=164
[round 164] timing train=153.366s distribution=4.876s agg=0.129s eval=130.172s total=288.568s
Classification: train=1.0000 test=0.2168 round=165
[round 165] timing train=154.842s distribution=4.421s agg=0.072s eval=134.578s total=293.919s
Classification: train=1.0000 test=0.2138 round=166
[round 166] timing train=150.347s distribution=4.199s agg=0.044s eval=136.518s total=291.137s
Classification: train=1.0000 test=0.2156 round=167
[round 167] timing train=159.188s distribution=4.657s agg=0.251s eval=137.951s total=302.080s
Classification: train=1.0000 test=0.2195 round=168
[round 168] timing train=158.604s distribution=3.951s agg=0.105s eval=137.796s total=300.491s
Classification: train=1.0000 test=0.2171 round=169
[round 169] timing train=121.433s distribution=2.981s agg=0.080s eval=128.660s total=253.169s
Classification: train=1.0000 test=0.2186 round=170
[round 170] timing train=156.880s distribution=4.822s agg=0.204s eval=136.540s total=298.461s
Classification: train=1.0000 test=0.2186 round=171
[round 171] timing train=147.912s distribution=4.083s agg=0.063s eval=126.131s total=278.218s
Classification: train=1.0000 test=0.2186 round=172
[round 172] timing train=158.423s distribution=4.551s agg=0.104s eval=132.600s total=295.700s
Classification: train=1.0000 test=0.2210 round=173
[round 173] timing train=154.701s distribution=4.515s agg=0.112s eval=137.542s total=296.877s
Classification: train=1.0000 test=0.2174 round=174
[round 174] timing train=153.858s distribution=4.114s agg=0.079s eval=131.243s total=289.308s
Classification: train=1.0000 test=0.2159 round=175
[round 175] timing train=159.016s distribution=3.988s agg=0.039s eval=133.887s total=296.936s
Classification: train=1.0000 test=0.2171 round=176
[round 176] timing train=153.004s distribution=4.118s agg=0.179s eval=133.631s total=290.940s
Classification: train=1.0000 test=0.2177 round=177
[round 177] timing train=146.527s distribution=4.364s agg=0.216s eval=130.068s total=281.197s
Classification: train=1.0000 test=0.2165 round=178
[round 178] timing train=156.284s distribution=5.233s agg=0.221s eval=141.115s total=302.874s
Classification: train=1.0000 test=0.2174 round=179
[round 179] timing train=151.919s distribution=4.478s agg=0.230s eval=137.020s total=293.661s
[fedcsl] checkpoint saved → ./checkpoint/resume/fedcsl_PhonemeSpectra_2026-05-05-13har_fedavg_dir0.3.pt (round=180)
Classification: train=1.0000 test=0.2192 round=180
[round 180] timing train=150.176s distribution=3.785s agg=0.242s eval=128.074s total=282.297s
Classification: train=1.0000 test=0.2156 round=181
[round 181] timing train=155.165s distribution=4.469s agg=0.107s eval=139.947s total=299.698s
Classification: train=1.0000 test=0.2174 round=182
[round 182] timing train=151.254s distribution=4.937s agg=0.235s eval=133.565s total=289.997s
Classification: train=1.0000 test=0.2189 round=183
[round 183] timing train=151.524s distribution=4.764s agg=0.100s eval=133.302s total=289.729s
Classification: train=1.0000 test=0.2207 round=184
[round 184] timing train=153.142s distribution=4.632s agg=0.294s eval=134.911s total=292.985s
Classification: train=1.0000 test=0.2219 round=185
[round 185] timing train=145.108s distribution=4.176s agg=0.123s eval=137.638s total=287.076s
Classification: train=1.0000 test=0.2213 round=186
[round 186] timing train=149.994s distribution=3.698s agg=0.118s eval=132.915s total=286.730s
Classification: train=1.0000 test=0.2162 round=187
[round 187] timing train=158.557s distribution=4.615s agg=0.187s eval=136.463s total=299.848s
Classification: train=1.0000 test=0.2165 round=188
[round 188] timing train=150.713s distribution=4.503s agg=0.208s eval=130.666s total=286.111s
Classification: train=1.0000 test=0.2147 round=189
[round 189] timing train=149.385s distribution=4.891s agg=0.126s eval=131.391s total=285.815s
Classification: train=1.0000 test=0.2222 round=190
[round 190] timing train=158.709s distribution=4.749s agg=0.114s eval=137.648s total=301.239s
Classification: train=1.0000 test=0.2180 round=191
[round 191] timing train=147.416s distribution=4.422s agg=0.142s eval=128.146s total=280.146s
Classification: train=1.0000 test=0.2177 round=192
[round 192] timing train=151.725s distribution=4.070s agg=0.087s eval=134.358s total=290.258s
Classification: train=1.0000 test=0.2174 round=193
[round 193] timing train=156.619s distribution=4.714s agg=0.287s eval=115.505s total=277.140s
Classification: train=1.0000 test=0.2225 round=194
[round 194] timing train=138.157s distribution=4.698s agg=0.136s eval=130.356s total=273.368s
Classification: train=1.0000 test=0.2240 round=195
[round 195] timing train=143.512s distribution=4.652s agg=0.150s eval=133.796s total=282.118s
Classification: train=1.0000 test=0.2204 round=196
[round 196] timing train=158.892s distribution=4.332s agg=0.234s eval=137.335s total=300.800s
Classification: train=1.0000 test=0.2207 round=197
[round 197] timing train=148.480s distribution=4.074s agg=0.216s eval=131.769s total=284.547s
Classification: train=1.0000 test=0.2231 round=198
[round 198] timing train=146.052s distribution=4.561s agg=0.169s eval=140.146s total=290.934s
Classification: train=1.0000 test=0.2228 round=199
[round 199] timing train=166.053s distribution=4.688s agg=0.196s eval=139.877s total=310.819s
best round is 195, acc is 0.223979
Model saved to ./checkpoint/PhonemeSpectra/2026-05-05-13har_fedavg_dir0.3_PhonemeSpectra_model.pt
