# 2026-05-04 10:36:56  har_fedprox_dir0.05  GPU=7  cwd=/data/user_lixiongfei/CSL-main
# CMD: python3 -u FedCSL_All.py -dataset HAR --config configFedProx.yml --dirichlet-alpha 0.05 --seed 42 --description har_fedprox_dir0.05 -dataset SpokenArabicDigits

/mnt/data/user_liangzhiyu/envs/fedcsl/lib/python3.8/site-packages/scipy/__init__.py:146: UserWarning: A NumPy version >=1.16.5 and <1.23.0 is required for this version of SciPy (detected version 1.23.5
  warnings.warn(f"A NumPy version >={np_minversion} and <{np_maxversion}"
[config] 'configFedProx.yml' 未找到，重定向到 'config/configFedProx.yml'
6599
<class 'pandas.core.frame.DataFrame'>
RangeIndex: 6599 entries, 0 to 6598
Data columns (total 14 columns):
 #   Column      Non-Null Count  Dtype 
---  ------      --------------  ----- 
 0   dim_0       6599 non-null   object
 1   dim_1       6599 non-null   object
 2   dim_2       6599 non-null   object
 3   dim_3       6599 non-null   object
 4   dim_4       6599 non-null   object
 5   dim_5       6599 non-null   object
 6   dim_6       6599 non-null   object
 7   dim_7       6599 non-null   object
 8   dim_8       6599 non-null   object
 9   dim_9       6599 non-null   object
 10  dim_10      6599 non-null   object
 11  dim_11      6599 non-null   object
 12  dim_12      6599 non-null   object
 13  class_vals  6599 non-null   object
dtypes: object(14)
memory usage: 721.9+ KB
None
{7, 9, 13, 15, 16, 17, 18, 20, 21, 22, 23, 24, 25, 26, 27, 28, 29, 30, 31, 32, 33, 34, 35, 36, 37, 38, 39, 40, 41, 42, 43, 44, 45, 46, 47, 48, 49, 50, 51, 52, 53, 54, 55, 56, 57, 58, 59, 60, 61, 62, 63, 64, 74, 76, 77, 79, 83}
<class 'pandas.core.frame.DataFrame'>
RangeIndex: 6599 entries, 0 to 6598
Data columns (total 14 columns):
 #   Column      Non-Null Count  Dtype 
---  ------      --------------  ----- 
 0   dim_0       6599 non-null   object
 1   dim_1       6599 non-null   object
 2   dim_2       6599 non-null   object
 3   dim_3       6599 non-null   object
 4   dim_4       6599 non-null   object
 5   dim_5       6599 non-null   object
 6   dim_6       6599 non-null   object
 7   dim_7       6599 non-null   object
 8   dim_8       6599 non-null   object
 9   dim_9       6599 non-null   object
 10  dim_10      6599 non-null   object
 11  dim_11      6599 non-null   object
 12  dim_12      6599 non-null   object
 13  class_vals  6599 non-null   object
dtypes: object(14)
memory usage: 721.9+ KB
None
[0 0 0 ... 9 9 9]
[ 660  661  662 ... 6474 6475 6476]
[1, 1, 1, 1, 1, 1, 1, 1, 1, 1, 1, 1, 1, 1, 1, 1, 1, 1, 1, 1, 1, 1, 1, 1, 1, 1, 1, 1, 1, 1, 1, 1, 1, 1, 1, 1, 1, 1, 1, 1, 1, 1, 1, 1, 1, 1, 1, 1, 1, 1, 1, 1, 1, 1, 1, 1, 1, 1, 1, 1, 1, 1, 1, 1, 1, 1, 1, 1, 1, 1, 1, 1, 1, 1, 1, 1, 1, 1, 1, 1, 1, 1, 1, 1, 1, 1, 1, 1, 1, 1, 1, 1, 1, 1, 1, 1, 1, 1, 1, 1, 1, 1, 1, 1, 1, 1, 1, 1, 1, 1, 1, 1, 1, 1, 1, 1, 1, 1, 1, 1, 1, 1, 1, 1, 1, 1, 1, 1, 1, 1, 1, 1, 1, 1, 1, 1, 1, 1, 1, 1, 1, 1, 1, 1, 1, 1, 1, 1, 1, 1, 1, 1, 1, 1, 1, 1, 1, 1, 1, 1, 1, 1, 1, 1, 1, 1, 1, 1, 1, 1, 1, 1, 1, 1, 1, 1, 1, 1, 1, 1, 1, 1, 1, 1, 1, 1, 1, 1, 1, 1, 1, 1, 1, 1, 1, 1, 1, 1, 1, 1, 1, 1, 1, 1, 1, 1, 1, 1, 1, 1, 1, 1, 1, 1, 1, 1, 1, 1, 1, 1, 1, 1, 1, 1, 1, 1, 1, 1, 1, 1, 1, 1, 1, 1, 1, 1, 1, 1, 1, 1, 1, 1, 1, 1, 1, 1, 1, 1, 1, 1, 1, 1, 1, 1, 1, 1, 1, 1, 1, 1, 1, 1, 1, 1, 1, 1, 1, 1, 1, 1, 1, 1, 1, 1, 1, 1, 1, 1, 1, 1, 1, 1, 1, 1, 1, 1, 1, 1, 1, 1, 1, 1, 1, 1, 1, 1, 1, 1, 1, 1, 1, 1, 1, 1, 1, 1, 1, 1, 1, 1, 1, 1, 1, 1, 1, 1, 1, 1, 1, 1, 1, 1, 1, 1, 1, 1, 1, 1, 1, 1, 1, 1, 1, 1, 1, 1, 1, 1, 1, 1, 1, 1, 1, 1, 1, 1, 1, 1, 1, 1, 1, 1, 1, 1, 1, 1, 1, 1, 1, 1, 1, 1, 1, 1, 1, 1, 1, 1, 1, 1, 1, 1, 1, 1, 1, 1, 1, 1, 1, 1, 1, 1, 1, 1, 1, 1, 1, 1, 1, 1, 1, 1, 1, 1, 1, 1, 1, 1, 1, 1, 1, 1, 1, 1, 1, 1, 1, 1, 1, 1, 1, 1, 1, 1, 1, 1, 1, 1, 1, 1, 1, 1, 1, 1, 1, 1, 1, 1, 1, 1, 1, 1, 1, 1, 1, 1, 1, 1, 1, 1, 1, 1, 1, 1, 1, 1, 1, 1, 1, 1, 1, 1, 1, 1, 1, 1, 1, 1, 1, 1, 1, 1, 1, 1, 1, 1, 1, 1, 1, 1, 1, 1, 1, 1, 1, 1, 1, 1, 1, 1, 1, 1, 1, 1, 1, 1, 1, 1, 1, 1, 1, 1, 1, 1, 1, 1, 1, 1, 1, 1, 1, 1, 1, 1, 1, 1, 1, 1, 1, 1, 1, 1, 1, 1, 1, 1, 1, 1, 1, 1, 1, 1, 1, 1, 1, 1, 1, 1, 1, 1, 1, 1, 1, 1, 1, 1, 1, 1, 1, 1, 1, 1, 1, 1, 1, 1, 1, 1, 1, 1, 1, 1, 1, 1, 1, 1, 1, 1, 1, 1, 1, 1, 1, 1, 1, 1, 1, 1, 1, 1, 1, 1, 1, 1, 1, 1, 1, 1, 1, 1, 1, 1, 1, 1, 1, 1, 1, 1, 1, 1, 1, 1, 1, 1, 1, 1, 1, 1, 1, 1, 1, 1, 1, 1, 1, 1, 1, 1, 1, 1, 1, 1, 1, 1, 1, 1, 1, 1, 1, 1, 1, 1, 1, 1, 1, 1, 1, 1, 1, 1, 1, 1, 1, 1, 1, 1, 1, 1, 1, 1, 1, 1, 1, 1, 1, 1, 1, 1, 1, 1, 1, 1, 1, 1, 1, 1, 1, 1, 1, 4, 4, 4, 4, 4, 4, 4, 4, 4, 4, 4, 4, 4, 4, 4, 4, 4, 4, 4, 4, 4, 4, 4, 4, 4, 4, 4, 4, 4, 4, 4, 4, 4, 4, 4, 4, 4, 4, 4, 4, 4, 4, 4, 4, 4, 4, 4, 4, 4, 4, 4, 4, 4, 4, 4, 4, 4, 4, 4, 4, 4, 4, 4, 4, 4, 4, 4, 4, 4, 4, 4, 4, 4, 4, 4, 4, 4, 4, 4, 4, 4, 4, 4, 4, 4, 4, 4, 4, 4, 4, 4, 4, 4, 4, 4, 4, 4, 4, 4, 4, 4, 4, 4, 4, 4, 4, 4, 4, 4, 4, 4, 4, 4, 4, 4, 4, 4, 4, 4, 4, 4, 4, 4, 4, 4, 4, 4, 4, 4, 4, 4, 4, 4, 4, 4, 4, 4, 4, 4, 4, 4, 4, 4, 4, 4, 4, 4, 4, 4, 4, 4, 4, 4, 4, 4, 4, 4, 4, 4, 4, 4, 4, 4, 4, 4, 4, 4, 4, 4, 4, 4, 4, 4, 4, 4, 4, 4, 4, 4, 4, 4, 4, 4, 4, 4, 4, 4, 4, 4, 4, 4, 4, 4, 4, 4, 4, 4, 4, 4, 4, 4, 4, 4, 4, 4, 4, 4, 4, 4, 4, 4, 4, 4, 4, 4, 4, 4, 4, 4, 4, 4, 4, 4, 4, 4, 4, 4, 4, 4, 4, 4, 4, 4, 4, 4, 4, 4, 4, 4, 4, 4, 4, 4, 4, 4, 4, 4, 4, 4, 4, 4, 4, 4, 4, 4, 4, 4, 4, 4, 4, 4, 4, 4, 4, 4, 4, 4, 4, 4, 4, 4, 4, 4, 4, 4, 4, 4, 4, 4, 4, 4, 4, 4, 4, 4, 4, 4, 4, 4, 4, 4, 4, 4, 4, 4, 4, 4, 4, 4, 4, 4, 4, 4, 4, 4, 4, 4, 4, 4, 4, 4, 4, 4, 4, 4, 4, 4, 4, 4, 4, 4, 4, 4, 4, 4, 4, 4, 4, 4, 4, 4, 4, 4, 4, 4, 4, 4, 4, 4, 4, 4, 4, 4, 4, 4, 4, 4, 4, 4, 4, 4, 4, 4, 4, 4, 4, 4, 4, 4, 4, 4, 4, 4, 4, 4, 4, 4, 4, 4, 4, 4, 4, 4, 4, 4, 4, 4, 4, 4, 4, 4, 4, 4, 4, 4, 4, 4, 4, 4, 4, 4, 4, 4, 4, 4, 4, 4, 4, 4, 4, 4, 4, 4, 4, 4, 4, 4, 4, 4, 4, 4, 4, 4, 4, 4, 4, 4, 4, 4, 4, 4, 4, 4, 4, 4, 4, 4, 4, 4, 4, 4, 4, 4, 4, 4, 4, 4, 4, 4, 4, 4, 4, 4, 4, 4, 4, 4, 4, 4, 4, 4, 4, 4, 4, 4, 4, 4, 4, 4, 4, 4, 4, 4, 4, 4, 4, 4, 4, 4, 4, 4, 4, 4, 4, 4, 4, 4, 4, 4, 4, 4, 4, 4, 4, 4, 4, 4, 4, 4, 4, 4, 4, 4, 4, 4, 4, 4, 4, 4, 4, 4, 4, 4, 4, 4, 4, 4, 4, 4, 4, 4, 4, 4, 4, 4, 4, 4, 4, 4, 4, 4, 4, 4, 4, 4, 4, 4, 4, 4, 4, 4, 4, 4, 4, 4, 4, 4, 4, 4, 4, 4, 4, 4, 4, 4, 4, 4, 4, 4, 4, 4, 4, 4, 4, 4, 4, 4, 4, 4, 4, 4, 4, 4, 4, 4, 4, 4, 4, 4, 4, 4, 4, 4, 4, 4, 4, 4, 4, 4, 4, 4, 4, 4, 4, 4, 4, 4, 4, 4, 4, 4, 4, 4, 4, 4, 4, 4, 4, 4, 4, 4, 4, 4, 4, 4, 4, 4, 4, 4, 4, 4, 4, 4, 4, 4, 4, 4, 4, 4, 4, 4, 4, 4, 4, 4, 4, 4, 4, 4, 4, 4, 4, 4, 4, 4, 4, 4, 4, 4, 4, 4, 4, 4, 4, 4, 4, 4, 4, 4, 4, 4, 4, 4, 4, 4, 4, 4, 4, 4, 6, 6, 6, 6, 6, 6, 6, 6, 6, 6, 6, 6, 6, 6, 6, 6, 6, 6, 6, 6, 6, 6, 6, 6, 6, 6, 6, 6, 6, 6, 6, 6, 6, 6, 6, 6, 6, 6, 6, 6, 6, 6, 6, 6, 6, 6, 6, 6, 6, 6, 6, 6, 6, 6, 6, 6, 6, 6, 6, 6, 6, 6, 6, 6, 6, 6, 6, 6, 6, 6, 6, 6, 6, 6, 6, 6, 6, 6, 6, 6, 6, 6, 6, 6, 6, 6, 6, 6, 6, 6, 6, 6, 6, 6, 6, 6, 6, 6, 6, 6, 6, 6, 6, 6, 6, 6, 6, 6, 6, 6, 6, 6, 6, 6, 6, 6, 6, 6, 6, 6, 6, 6, 6, 6, 6, 6, 6, 6, 6, 6, 6, 6, 6, 6, 6, 6, 6, 6, 6, 6, 6, 6, 6, 6, 6, 6, 6, 6, 6, 6, 6, 6, 6, 6, 6, 6, 6, 6, 6, 6, 6, 6, 6, 6, 6, 6, 6, 6, 6, 6, 6, 6, 6, 6, 6, 6, 6, 6, 6, 6, 6, 6, 6, 6, 6, 6, 6, 7, 7, 7, 7, 7, 7, 7, 7, 7, 7, 7, 7, 7, 7, 7, 7, 7, 7, 7, 7, 7, 7, 7, 7, 7, 7, 7, 7, 7, 7, 7, 7, 7, 7, 7, 7, 7, 7, 7, 7, 7, 7, 7, 7, 7, 7, 7, 7, 7, 7, 7, 7, 7, 7, 7, 7, 7, 7, 7, 7, 7, 7, 7, 7, 7, 7, 7, 7, 7, 7, 7, 7, 7, 7, 7, 7, 7, 7, 7, 7, 7, 7, 7, 7, 7, 7, 7, 7, 7, 7, 7, 7, 7, 7, 7, 7, 7, 7, 7, 7, 7, 7, 7, 7, 7, 7, 7, 7, 7, 7, 7, 7, 7, 7, 7, 7, 7, 7, 7, 7, 7, 7, 7, 7, 7, 7, 7, 7, 7, 7, 7, 7, 7, 7, 7, 7, 7, 7, 7, 7, 7, 7, 7, 7, 7, 7, 7, 7, 7, 7, 7, 7, 7, 7, 7, 7, 7, 7, 7, 7, 7, 7, 7, 7, 7, 7, 7, 7, 7, 7, 7, 7, 7, 7, 7, 7, 7, 7, 7, 7, 7, 7, 7, 7, 7, 7, 7, 7, 7, 7, 7, 7, 7, 7, 7, 7, 7, 7, 7, 7, 7, 7, 7, 7, 7, 7, 7, 7, 7, 7, 7, 7, 7, 7, 7, 9, 9, 9, 9, 9, 9, 9, 9, 9, 9, 9, 9, 9, 9, 9, 9, 9, 9, 9, 9, 9, 9, 9, 9, 9, 9, 9, 9, 9, 9, 9, 9, 9, 9, 9, 9, 9, 9, 9, 9, 9, 9, 9, 9, 9, 9, 9, 9, 9, 9, 9, 9, 9, 9, 9, 9, 9, 9, 9, 9, 9, 9, 9, 9, 9, 9, 9, 9, 9, 9, 9, 9, 9, 9, 9, 9, 9, 9, 9, 9, 9, 9, 9, 9, 9, 9, 9, 9, 9, 9, 9, 9, 9, 9, 9, 9, 9, 9, 9, 9, 9, 9, 9, 9, 9, 9, 9, 9, 9, 9, 9, 9, 9, 9, 9, 9, 9, 9, 9, 9, 9, 9, 9, 9, 9, 9, 9, 9, 9, 9, 9, 9, 9, 9, 9, 9, 9, 9, 9, 9, 9, 9, 9, 9, 9, 9, 9, 9, 9, 9, 9, 9, 9, 9, 9, 9, 9, 9, 9, 9, 9, 9, 9, 9, 9, 9, 9, 9, 9, 9, 9, 9, 9, 9, 9, 9, 9, 9, 9, 9, 9, 9, 9, 9, 9, 9, 9, 9, 9, 9, 9, 9, 9, 9, 9, 9, 9, 9, 9, 9, 9, 9, 9, 9, 9, 9, 9, 9, 9, 9, 9, 9, 9, 9, 9, 9, 9, 9, 9, 9, 9, 9, 9, 9, 9, 9, 9, 9, 9, 9, 9, 9, 9, 9, 9, 9, 9, 9, 9, 9, 9, 9, 9, 9, 9, 9, 9, 9, 9, 9, 9, 9, 9, 9, 9, 9, 9, 9, 9, 9, 9, 9, 9, 9, 9, 9, 9, 9, 9, 9, 9, 9, 9, 9, 9, 9, 9, 9, 9, 9, 9, 9, 9, 9, 9, 9, 9, 9, 9, 9, 9, 9, 9, 9, 9, 9, 9, 9, 9, 9, 9, 9, 9, 9, 9, 9, 9, 9, 9, 9, 9, 9, 9, 9, 9, 9, 9, 9, 9, 9, 9, 9, 9, 9, 9, 9, 9, 9, 9, 9, 9, 9, 9, 9, 9, 9, 9, 9, 9, 9, 9, 9, 9, 9, 9, 9, 9, 9, 9, 9, 9, 9, 9, 9, 9, 9, 9, 9, 9, 9, 9, 9, 9, 9, 9, 9, 9, 9, 9, 9, 9, 9, 9, 9, 9, 9, 9, 9, 9, 9, 9, 9, 9, 9, 9, 9, 9, 9, 9, 9, 9, 9, 9, 9, 9, 9, 9, 9, 9, 9, 9, 9, 9, 9, 9, 9, 9, 9, 9, 9, 9, 9, 9, 9, 9, 9, 9, 9, 9, 9, 9, 9, 9, 9, 9, 9, 9, 9, 9, 9, 9, 9, 9, 9, 9, 9, 9, 9, 9, 9, 9, 9, 9, 9, 9, 9, 9, 9, 9, 9, 9, 9, 9, 9, 9, 9, 9, 9, 9, 9, 9, 9, 9, 9, 9, 9, 9, 9, 9, 9, 9, 9, 9, 9, 9, 9, 9, 9, 9, 9, 9, 9, 9, 9, 9, 9, 9, 9, 9, 9, 9, 9, 9, 9, 9, 9, 9, 9, 9, 9, 9, 9, 9, 9, 9, 9, 9, 9, 9, 9, 9, 9, 9, 9, 9, 9, 9, 9, 9, 9, 9, 9, 9, 9, 9, 9, 9, 9, 9, 9, 9, 9, 9, 9, 9, 9, 9]
[2, 2, 2, 2, 2, 2, 2, 2, 2, 2, 2, 2, 2, 2, 2, 2, 2, 2, 2, 2, 2, 2, 2, 2, 2, 2, 2, 2, 2, 2, 2, 2, 2, 2, 2, 2, 2, 2, 2, 2, 2, 2, 2, 2, 2, 2, 2, 2, 2, 2, 2, 2, 2, 2, 2, 2, 2, 2, 2, 2, 2, 2, 2, 2, 2, 2, 2, 2, 2, 2, 2, 2, 2, 2, 2, 2, 2, 2, 2, 2, 2, 2, 2, 2, 2, 2, 2, 2, 2, 2, 2, 2, 2, 2, 2, 2, 2, 2, 2, 2, 2, 2, 2, 2, 2, 2, 2, 2, 2, 2, 2, 2, 2, 2, 2, 2, 2, 2, 2, 2, 2, 2, 2, 2, 2, 2, 2, 2, 2, 2, 2, 2, 2, 2, 2, 2, 2, 2, 2, 2, 2, 2, 2, 2, 2, 2, 2, 2, 2, 2, 2, 2, 2, 2, 2, 2, 2, 2, 2, 2, 2, 2, 2, 2, 2, 2, 2, 2, 2, 2, 2, 2, 2, 2, 2, 2, 2, 2, 2, 2, 2, 2, 2, 2, 2, 2, 2, 2, 2, 2, 2, 2, 2, 2, 2, 2, 2, 2, 2, 2, 2, 2, 2, 2, 2, 2, 2, 2, 2, 2, 2, 2, 2, 2, 2, 2, 2, 2, 2, 2, 2, 2, 2, 2, 2, 2, 2, 2, 2, 2, 2, 2, 2, 2, 2, 2, 2, 2, 2, 2, 2, 2, 2, 2, 2, 2, 2, 2, 2, 2, 2, 2, 2, 2, 2, 2, 2, 2, 2, 2, 2, 2, 2, 2, 2, 2, 2, 2, 2, 2, 2, 2, 2, 2, 2, 2, 2, 2, 2, 2, 2, 2, 2, 2, 2, 2, 2, 2, 2, 2, 2, 2, 2, 2, 2, 2, 2, 2, 2, 2, 2, 2, 2, 2, 2, 2, 2, 2, 2, 2, 2, 2, 2, 2, 2, 2, 2, 2, 2, 2, 2, 2, 2, 2, 2, 2, 2, 2, 2, 2, 2, 2, 2, 2, 2, 2, 2, 2, 2, 2, 2, 2, 2, 2, 2, 2, 2, 2, 2, 2, 2, 2, 2, 2, 2, 2, 2, 2, 2, 2, 2, 2, 2, 2, 2, 2, 2, 2, 2, 2, 2, 2, 2, 2, 2, 2, 2, 2, 2, 2, 2, 2, 2, 2, 2, 2, 2, 2, 2, 2, 2, 2, 2, 2, 2, 2, 2, 2, 2, 2, 2, 2, 2, 2, 2, 2, 2, 2, 2, 2, 2, 2, 2, 2, 2, 2, 2, 2, 2, 2, 2, 2, 2, 2, 2, 2, 2, 2, 2, 2, 2, 2, 2, 2, 2, 2, 2, 2, 2, 2, 2, 2, 2, 2, 2, 2, 2, 2, 2, 2, 2, 2, 2, 2, 2, 2, 2, 2, 2, 2, 2, 2, 2, 2, 2, 2, 2, 2, 2, 2, 2, 2, 2, 2, 2, 2, 2, 2, 2, 2, 2, 2, 2, 2, 2, 2, 2, 2, 2, 2, 2, 2, 2, 2, 2, 2, 2, 2, 2, 2, 2, 2, 2, 2, 2, 2, 2, 2, 2, 2, 2, 2, 2, 2, 2, 2, 2, 2, 2, 2, 2, 2, 2, 2, 2, 2, 2, 2, 2, 2, 2, 2, 2, 2, 2, 2, 2, 2, 2, 2, 2, 2, 2, 2, 2, 2, 2, 2, 2, 2, 2, 2, 2, 2, 2, 2, 2, 2, 2, 2, 2, 2, 2, 2, 2, 2, 2, 2, 2, 2, 2, 2, 2, 2, 2, 2, 2, 2, 2, 2, 2, 2, 2, 2, 2, 2, 2, 2, 2, 2, 2, 2, 2, 2, 2, 2, 2, 2, 2, 2, 2, 2, 2, 2, 2, 2, 2, 2, 2, 2, 2, 2, 2, 2, 2, 2, 2, 2, 2, 2, 2, 2, 2, 2, 2, 2, 2, 2, 2, 2, 2, 2, 2, 2, 2, 2, 2, 2, 2, 2, 2, 2, 2, 2, 2, 2, 2, 2, 2, 2, 2, 2, 2, 2, 2, 2, 2, 2, 2, 3, 3, 3, 3, 3, 3, 3, 3, 3, 3, 3, 3, 3, 3, 3, 3, 3, 3, 3, 3, 3, 3, 3, 3, 3, 3, 3, 3, 3, 3, 3, 3, 3, 3, 3, 3, 3, 3, 3, 3, 3, 3, 3, 3, 3, 3, 3, 3, 3, 3, 3, 3, 3, 3, 3, 3, 3, 3, 3, 3, 3, 3, 3, 3, 3, 3, 3, 3, 3, 3, 3, 3, 3, 3, 3, 3, 3, 3, 3, 3, 3, 3, 3, 3, 3, 3, 3, 3, 3, 3, 3, 3, 3, 3, 3, 3, 3, 3, 3, 3, 3, 3, 3, 3, 3, 3, 3, 3, 3, 3, 3, 3, 3, 3, 3, 3, 3, 3, 3, 3, 3, 3, 3, 3, 3, 3, 3, 3, 3, 3, 3, 3, 3, 3, 3, 3, 3, 3, 3, 3, 3, 3, 3, 3, 3, 3, 3, 3, 3, 3, 3, 3, 3, 3, 3, 3, 3, 3, 3, 3, 3, 3, 3, 3, 3, 3, 3, 3, 3, 3, 3, 3, 3, 3, 3, 3, 3, 3, 3, 3, 3, 3, 3, 3, 3, 3, 3, 3, 3, 3, 3, 3, 3, 3, 3, 3, 3, 3, 3, 3, 3, 3, 3, 3, 3, 3, 3, 3, 3, 3, 3, 3, 3, 3, 3, 3, 3, 3, 3, 3, 3, 3, 3, 3, 3, 3, 3, 3, 3, 3, 3, 3, 3, 3, 3, 3, 3, 3, 3, 3, 3, 3, 3, 3, 3, 3, 3, 3, 3, 3, 3, 3, 3, 3, 3, 3, 3, 3, 3, 3, 3, 3, 3, 3, 3, 3, 3, 3, 3, 3, 3, 3, 3, 3, 3, 3, 3, 3, 3, 3, 3, 3, 3, 3, 3, 3, 3, 3, 3, 3, 3, 3, 3, 3, 3, 3, 3, 3, 3, 3, 3, 3, 3, 3, 3, 3, 3, 3, 3, 3, 3, 3, 3, 3, 3, 3, 3, 3, 3, 3, 3, 3, 3, 3, 3, 3, 3, 3, 3, 3, 3, 3, 3, 3, 3, 3, 3, 3, 3, 3, 3, 3, 3, 3, 3, 3, 3, 3, 3, 3, 3, 3, 3, 3, 3, 3, 3, 3, 3, 3, 3, 3, 3, 3, 3, 3, 3, 3, 3, 3, 3, 3, 3, 3, 3, 3, 3, 3, 3, 3, 3, 3, 3, 3, 3, 3, 3, 3, 3, 3, 3, 3, 3, 3, 3, 3, 3, 3, 3, 3, 3, 3, 3, 3, 3, 3, 3, 3, 3, 3, 3, 3, 3, 3, 3, 3, 3, 3, 3, 3, 3, 3, 3, 3, 3, 3, 3, 3, 3, 3, 3, 3, 3, 3, 3, 3, 3, 3, 3, 3, 3, 3, 3, 3, 3, 3, 3, 3, 3, 3, 3, 3, 3, 3, 3, 3, 3, 3, 3, 3, 3, 3, 3, 3, 3, 3, 3, 3, 3, 3, 3, 3, 3, 3, 3, 3, 3, 3, 3, 3, 3, 3, 3, 3, 3, 3, 3, 3, 3, 3, 3, 3, 3, 3, 3, 3, 3, 3, 3, 3, 3, 3, 3, 3, 3, 3, 3, 3, 3, 3, 3, 3, 3, 3, 3, 3, 3, 3, 3, 3, 3, 3, 3, 3, 3, 3, 3, 3, 3, 3, 3, 3, 3, 3, 3, 3, 3, 3, 3, 3, 3, 3, 3, 3, 3, 3, 3, 3, 3, 3, 3, 3, 3, 3, 3, 3, 3, 3, 3, 3, 3, 3, 3, 3, 3, 3, 3, 3, 3, 3, 3, 3, 3, 3, 3, 3, 3, 3, 3, 3, 3, 3, 3, 3, 3, 3, 3, 3, 3, 3, 3, 3, 3, 3, 3, 3, 3, 3, 3, 3, 3, 3, 3, 3, 3, 3, 3, 3, 3, 3, 3, 3, 3, 3, 3, 3, 3, 3, 3, 3, 3, 3, 3, 3, 3, 3, 3, 3, 3, 3, 3, 3, 3, 3, 3, 3, 3, 3, 3, 3, 3, 3, 3, 3, 3, 3, 3, 3, 3, 3, 3, 3, 3, 3, 3, 3, 3, 3, 3, 7, 8, 8, 8, 8, 8, 8, 8, 8, 8, 8, 8, 8, 8, 8, 8, 8, 8, 8, 8, 8, 8, 8, 8, 8, 8, 8, 8, 8, 8, 8, 8, 8, 8, 8, 8, 8, 8, 8, 8, 8, 8, 8, 8, 8, 8, 8, 8, 8, 8, 8, 8, 8, 8, 8, 8, 8, 8, 8, 8, 8, 8, 8, 8, 8, 8, 8, 8, 8, 8, 8, 8, 8, 8, 8, 8, 8, 8, 8, 8, 8, 8, 8, 8, 8, 8, 8, 8, 8, 8, 8, 8, 8, 8, 8, 8, 8, 8, 8, 8, 8, 8, 8, 8, 8, 8, 8, 8, 8, 8, 8, 8, 8, 8, 8, 8, 8, 8, 8, 8, 8, 8, 8, 8, 8, 8, 8, 8, 8, 8, 8, 8, 8, 8, 8, 8, 8, 8, 8, 8, 8, 8, 8, 8, 8, 8, 8, 8, 8, 8, 8, 8, 8, 8, 8, 8, 8, 8, 8, 8, 8, 8, 8, 8, 8, 8, 8, 8, 8, 8, 8, 8, 8, 8, 8, 8, 8, 8, 8, 8, 8, 8, 8, 8, 8, 8, 8, 8, 8, 8, 8, 8, 8, 8, 8, 8, 8, 8, 8, 8, 8, 8, 8, 8, 8, 8, 8, 8, 8, 8, 8, 8, 8, 8, 8, 8, 8, 8, 8, 8, 8, 8, 8, 8, 8, 8, 8, 8, 8, 8, 8, 8, 8, 8, 8, 8, 8, 8, 8, 8, 8, 8, 8, 8, 8, 8, 8, 8, 8, 8, 8, 8, 8, 8, 8, 8, 8, 8, 8, 8, 8, 8, 8, 8, 8, 8, 8, 8, 8, 8, 8, 8, 8, 8, 8, 8, 8, 8, 8, 8, 8, 8, 8, 8, 8, 8, 8, 8, 8, 8, 8, 8, 8, 8, 8, 8, 8, 8, 8, 8, 8, 8, 8, 8, 8, 8, 8, 8, 8, 8, 8, 8, 8, 8, 8, 8, 8, 8, 8, 8, 8, 8, 8, 8, 8, 8, 8, 8, 8, 8, 8, 8, 8, 8, 8, 8, 8, 8, 8, 8, 8, 8, 8, 8, 8, 8, 8, 8, 8, 8, 8, 8, 8, 8, 8, 8, 8, 8, 8, 8, 8, 8, 8, 8, 8, 8, 8, 8, 8, 8, 8, 8, 8, 8, 8, 8, 8, 8, 8, 8, 8, 8, 8, 8, 8, 8, 8, 8, 8, 8, 8, 8, 8, 8, 8, 8, 8, 8, 8, 8, 8, 8, 8, 8, 8, 8, 8, 8, 8, 8, 8, 8, 8, 8, 8, 8, 8, 8, 8, 8, 8, 8, 8, 8, 8, 8, 8, 8, 8, 8, 8, 8, 8, 8, 8, 8, 8, 8, 8, 8, 8, 8, 8, 8, 8, 8, 8, 8, 8, 8, 8, 8, 8, 8, 8, 8, 8, 8, 8, 8, 8, 8, 8, 8, 8, 8, 8, 8, 8, 8, 8, 8, 8, 8, 8, 8, 8, 8, 8, 8, 8, 8, 8, 8, 8, 8, 8, 8, 8, 8, 8, 8, 8, 8, 8, 8, 8, 8, 8, 8, 8, 8, 8, 8, 8, 8, 8, 8, 8, 8, 8, 8, 8, 8, 8, 8, 8, 8, 8, 8, 8, 8, 8, 8, 8, 8, 8, 8, 8, 8, 8, 8, 8, 8, 8, 8, 8, 8, 8, 8, 8, 8, 8, 8, 8, 8, 8, 8, 8, 8, 8, 8, 8, 8, 8, 8, 8, 8, 8, 8, 8, 8, 8, 8, 8, 8, 8, 8, 8, 8, 8, 8, 8, 8, 8, 8, 8, 8, 8, 8, 8, 8, 8, 8, 8, 8, 8, 8, 8, 8, 8, 8, 8, 8, 8, 8, 8, 8, 8, 8, 8, 8, 8, 8, 8, 8, 8, 8, 8, 8, 8, 8, 8, 8, 8, 8, 8, 8, 8, 8, 8, 8, 8, 8, 8, 8, 8, 8, 8, 8, 8, 8, 8, 8, 8, 8, 8, 8, 8, 8, 8, 8, 8, 8, 8, 8, 8, 8, 8, 8, 8, 8, 8, 8, 8, 8, 8, 8, 9, 9, 9, 9, 9, 9, 9, 9, 9, 9, 9, 9, 9, 9, 9, 9, 9, 9, 9, 9, 9, 9, 9, 9, 9, 9, 9, 9, 9, 9, 9, 9, 9, 9, 9, 9, 9, 9, 9, 9, 9, 9, 9, 9, 9, 9, 9, 9, 9, 9, 9, 9, 9, 9, 9, 9, 9, 9, 9, 9, 9, 9, 9, 9, 9, 9, 9, 9, 9, 9, 9, 9, 9, 9, 9, 9, 9, 9, 9, 9, 9, 9, 9, 9, 9, 9, 9, 9, 9, 9, 9, 9, 9, 9, 9, 9, 9, 9, 9, 9, 9, 9, 9, 9, 9, 9]
[0, 0, 0, 0, 0, 0, 0, 0, 0, 0, 0, 0, 0, 0, 0, 0, 0, 0, 0, 0, 0, 0, 0, 0, 0, 0, 0, 0, 0, 0, 0, 0, 0, 0, 0, 0, 0, 0, 0, 0, 0, 0, 0, 0, 0, 0, 0, 0, 0, 0, 0, 0, 0, 0, 0, 0, 0, 0, 0, 0, 0, 0, 0, 0, 0, 0, 0, 0, 0, 0, 0, 0, 0, 0, 0, 0, 0, 0, 0, 0, 0, 0, 0, 0, 0, 0, 0, 0, 0, 0, 0, 0, 0, 0, 0, 0, 0, 0, 0, 0, 0, 0, 0, 0, 0, 0, 0, 0, 0, 0, 0, 0, 0, 0, 0, 0, 0, 0, 0, 0, 0, 0, 0, 0, 0, 0, 0, 0, 0, 0, 0, 0, 0, 0, 0, 0, 0, 0, 0, 0, 0, 0, 0, 0, 0, 0, 0, 0, 0, 0, 0, 0, 0, 0, 0, 0, 0, 0, 0, 0, 0, 0, 0, 0, 0, 0, 0, 0, 0, 0, 0, 0, 0, 0, 0, 0, 0, 0, 0, 0, 0, 0, 0, 0, 0, 0, 0, 0, 0, 0, 0, 0, 0, 0, 0, 0, 0, 0, 0, 0, 0, 0, 0, 0, 0, 0, 0, 0, 0, 0, 0, 0, 0, 0, 0, 0, 0, 0, 0, 0, 0, 0, 0, 0, 0, 0, 0, 0, 0, 0, 0, 0, 0, 0, 0, 0, 0, 0, 0, 0, 0, 0, 0, 0, 0, 0, 0, 0, 0, 0, 0, 0, 0, 0, 0, 0, 0, 0, 0, 0, 0, 0, 0, 0, 0, 0, 0, 0, 0, 0, 0, 0, 0, 0, 0, 0, 0, 0, 0, 0, 0, 0, 0, 0, 0, 0, 0, 0, 0, 0, 0, 0, 0, 0, 0, 0, 0, 0, 0, 0, 0, 0, 0, 0, 0, 0, 0, 0, 0, 0, 0, 0, 0, 0, 0, 0, 0, 0, 0, 0, 0, 0, 0, 0, 0, 0, 0, 0, 0, 0, 0, 0, 0, 0, 0, 0, 0, 0, 0, 0, 0, 0, 0, 0, 0, 0, 0, 0, 0, 0, 0, 0, 0, 0, 0, 0, 0, 0, 0, 0, 0, 0, 0, 0, 0, 0, 0, 0, 0, 0, 0, 0, 0, 0, 0, 0, 0, 0, 0, 0, 0, 0, 0, 0, 0, 0, 0, 0, 0, 0, 0, 0, 0, 0, 0, 0, 0, 0, 0, 0, 0, 0, 0, 0, 0, 0, 0, 0, 0, 0, 0, 0, 0, 0, 0, 0, 0, 0, 0, 0, 0, 0, 0, 0, 0, 0, 0, 0, 0, 0, 0, 0, 0, 0, 0, 0, 0, 0, 0, 0, 0, 0, 0, 0, 0, 0, 0, 0, 0, 0, 0, 0, 0, 0, 0, 0, 0, 0, 0, 0, 0, 0, 0, 0, 0, 0, 0, 0, 0, 0, 0, 0, 0, 0, 0, 0, 0, 0, 0, 0, 0, 0, 0, 0, 0, 0, 0, 0, 0, 0, 0, 0, 0, 0, 0, 0, 0, 0, 0, 0, 0, 0, 0, 0, 0, 0, 0, 0, 0, 0, 0, 0, 0, 0, 0, 0, 0, 0, 0, 0, 0, 0, 0, 0, 0, 0, 0, 0, 0, 0, 0, 0, 0, 0, 0, 0, 0, 0, 0, 0, 0, 0, 0, 0, 0, 0, 0, 0, 0, 0, 0, 0, 0, 0, 0, 0, 0, 0, 0, 0, 0, 0, 0, 0, 0, 0, 0, 0, 0, 0, 0, 0, 0, 0, 0, 0, 0, 0, 0, 0, 0, 0, 0, 0, 0, 0, 0, 0, 0, 0, 0, 0, 0, 0, 0, 0, 0, 0, 0, 0, 0, 0, 0, 0, 0, 0, 0, 0, 0, 0, 0, 0, 0, 0, 0, 0, 0, 0, 0, 0, 0, 0, 0, 0, 0, 0, 0, 0, 0, 0, 0, 0, 0, 0, 0, 0, 0, 0, 0, 0, 0, 0, 0, 0, 0, 0, 0, 0, 0, 0, 0, 0, 0, 0, 0, 0, 0, 0, 0, 0, 1, 2, 3, 4, 5, 5, 5, 5, 5, 5, 5, 5, 5, 5, 5, 5, 5, 5, 5, 5, 5, 5, 5, 5, 5, 5, 5, 5, 5, 5, 5, 5, 5, 5, 5, 5, 5, 5, 5, 5, 5, 5, 5, 5, 5, 5, 5, 5, 5, 5, 5, 5, 5, 5, 5, 5, 5, 5, 5, 5, 5, 5, 5, 5, 5, 5, 5, 5, 5, 5, 5, 5, 5, 5, 5, 5, 5, 5, 5, 5, 5, 5, 5, 5, 5, 5, 5, 5, 5, 5, 5, 5, 5, 5, 5, 5, 5, 5, 5, 5, 5, 5, 5, 5, 5, 5, 5, 5, 5, 5, 5, 5, 5, 5, 5, 5, 5, 5, 5, 5, 5, 5, 5, 5, 5, 5, 5, 5, 5, 5, 5, 5, 5, 5, 5, 5, 5, 5, 5, 5, 5, 5, 5, 5, 5, 5, 5, 5, 5, 5, 5, 5, 5, 5, 5, 5, 5, 5, 5, 5, 5, 5, 5, 5, 5, 5, 5, 5, 5, 5, 5, 5, 5, 5, 5, 5, 5, 5, 5, 5, 5, 5, 5, 5, 5, 5, 5, 5, 5, 5, 5, 5, 5, 5, 5, 5, 5, 5, 5, 5, 5, 5, 5, 5, 5, 5, 5, 5, 5, 5, 5, 5, 5, 5, 5, 5, 5, 5, 5, 5, 5, 5, 5, 5, 5, 5, 5, 5, 5, 5, 5, 5, 5, 5, 5, 5, 5, 5, 5, 5, 5, 5, 5, 5, 5, 5, 5, 5, 5, 5, 5, 5, 5, 5, 5, 5, 5, 5, 5, 5, 5, 5, 5, 5, 5, 5, 5, 5, 5, 5, 5, 5, 5, 5, 5, 5, 5, 5, 5, 5, 5, 5, 5, 5, 5, 5, 5, 5, 5, 5, 5, 5, 5, 5, 5, 5, 5, 5, 5, 5, 5, 5, 5, 5, 5, 5, 5, 5, 5, 5, 5, 5, 5, 5, 5, 5, 5, 5, 5, 5, 5, 5, 5, 5, 5, 5, 5, 5, 5, 5, 5, 5, 5, 5, 5, 5, 5, 5, 5, 5, 5, 5, 5, 5, 5, 5, 5, 5, 5, 5, 5, 5, 5, 5, 5, 5, 5, 5, 5, 5, 5, 5, 5, 5, 5, 5, 5, 5, 5, 5, 5, 5, 5, 5, 5, 5, 5, 5, 5, 5, 5, 5, 5, 5, 5, 5, 5, 5, 5, 5, 5, 5, 5, 5, 5, 5, 5, 5, 5, 5, 5, 5, 5, 5, 5, 5, 5, 5, 5, 5, 5, 5, 5, 5, 5, 5, 5, 5, 5, 5, 5, 5, 5, 5, 5, 5, 5, 5, 5, 5, 5, 5, 5, 5, 5, 5, 5, 5, 5, 5, 5, 5, 5, 5, 5, 5, 5, 5, 5, 5, 5, 5, 5, 5, 5, 5, 5, 5, 5, 5, 5, 5, 5, 5, 5, 5, 5, 5, 5, 5, 5, 5, 5, 5, 5, 5, 5, 5, 5, 5, 5, 5, 5, 5, 5, 5, 5, 5, 5, 5, 5, 5, 5, 5, 5, 5, 5, 5, 5, 5, 5, 5, 5, 5, 5, 5, 5, 5, 5, 5, 5, 5, 5, 5, 5, 5, 5, 5, 5, 5, 5, 5, 5, 5, 5, 5, 5, 5, 5, 5, 5, 5, 5, 5, 5, 5, 5, 5, 5, 5, 5, 5, 5, 5, 5, 5, 5, 5, 5, 5, 5, 5, 5, 5, 5, 5, 5, 5, 5, 5, 5, 5, 5, 5, 5, 5, 5, 5, 5, 5, 5, 5, 5, 5, 5, 5, 5, 5, 5, 5, 5, 5, 5, 5, 5, 5, 5, 5, 5, 5, 5, 5, 5, 5, 5, 5, 5, 5, 5, 5, 5, 5, 5, 5, 5, 5, 5, 5, 5, 5, 5, 5, 5, 5, 5, 5, 5, 5, 5, 5, 5, 5, 5, 5, 5, 5, 5, 5, 5, 5, 5, 5, 5, 5, 5, 5, 5, 5, 5, 5, 5, 5, 5, 5, 5, 5, 5, 5, 5, 5, 5, 5, 5, 5, 5, 5, 5, 5, 5, 5, 5, 5, 5, 5, 6, 6, 6, 6, 6, 6, 6, 6, 6, 6, 6, 6, 6, 6, 6, 6, 6, 6, 6, 6, 6, 6, 6, 6, 6, 6, 6, 6, 6, 6, 6, 6, 6, 6, 6, 6, 6, 6, 6, 6, 6, 6, 6, 6, 6, 6, 6, 6, 6, 6, 6, 6, 6, 6, 6, 6, 6, 6, 6, 6, 6, 6, 6, 6, 6, 6, 6, 6, 6, 6, 6, 6, 6, 6, 6, 6, 6, 6, 6, 6, 6, 6, 6, 6, 6, 6, 6, 6, 6, 6, 6, 6, 6, 6, 6, 6, 6, 6, 6, 6, 6, 6, 6, 6, 6, 6, 6, 6, 6, 6, 6, 6, 6, 6, 6, 6, 6, 6, 6, 6, 6, 6, 6, 6, 6, 6, 6, 6, 6, 6, 6, 6, 6, 6, 6, 6, 6, 6, 6, 6, 6, 6, 6, 6, 6, 6, 6, 6, 6, 6, 6, 6, 6, 6, 6, 6, 6, 6, 6, 6, 6, 6, 6, 6, 6, 6, 6, 6, 6, 6, 6, 6, 6, 6, 6, 6, 6, 6, 6, 6, 6, 6, 6, 6, 6, 6, 6, 6, 6, 6, 6, 6, 6, 6, 6, 6, 6, 6, 6, 6, 6, 6, 6, 6, 6, 6, 6, 6, 6, 6, 6, 6, 6, 6, 6, 6, 6, 6, 6, 6, 6, 6, 6, 6, 6, 6, 6, 6, 6, 6, 6, 6, 6, 6, 6, 6, 6, 6, 6, 6, 6, 6, 6, 6, 6, 6, 6, 6, 6, 6, 6, 6, 6, 6, 6, 6, 6, 6, 6, 6, 6, 6, 6, 6, 6, 6, 6, 6, 6, 6, 6, 6, 6, 6, 6, 6, 6, 6, 6, 6, 6, 6, 6, 6, 6, 6, 6, 6, 6, 6, 6, 6, 6, 6, 6, 6, 6, 6, 6, 6, 6, 6, 6, 6, 6, 6, 6, 6, 6, 6, 6, 6, 6, 6, 6, 6, 6, 6, 6, 6, 6, 6, 6, 6, 6, 6, 6, 6, 6, 6, 6, 6, 6, 6, 6, 6, 6, 6, 6, 6, 6, 6, 6, 6, 6, 6, 6, 6, 6, 6, 6, 6, 6, 6, 6, 6, 6, 6, 6, 6, 6, 6, 6, 6, 6, 6, 6, 6, 6, 6, 6, 6, 6, 6, 6, 6, 6, 6, 6, 6, 6, 6, 6, 6, 6, 6, 6, 6, 6, 6, 6, 6, 6, 6, 6, 6, 6, 6, 6, 6, 6, 6, 6, 6, 6, 6, 6, 6, 6, 6, 6, 6, 6, 6, 6, 6, 6, 6, 6, 6, 6, 6, 6, 6, 6, 6, 6, 6, 6, 6, 6, 6, 6, 6, 6, 6, 6, 6, 6, 6, 6, 6, 6, 6, 6, 6, 6, 6, 6, 6, 6, 6, 6, 6, 6, 6, 6, 6, 6, 6, 6, 6, 6, 6, 6, 6, 6, 6, 6, 6, 6, 6, 6, 7, 7, 7, 7, 7, 7, 7, 7, 7, 7, 7, 7, 7, 7, 7, 7, 7, 7, 7, 7, 7, 7, 7, 7, 7, 7, 7, 7, 7, 7, 7, 7, 7, 7, 7, 7, 7, 7, 7, 7, 7, 7, 7, 7, 7, 7, 7, 7, 7, 7, 7, 7, 7, 7, 7, 7, 7, 7, 7, 7, 7, 7, 7, 7, 7, 7, 7, 7, 7, 7, 7, 7, 7, 7, 7, 7, 7, 7, 7, 7, 7, 7, 7, 7, 7, 7, 7, 7, 7, 7, 7, 7, 7, 7, 7, 7, 7, 7, 7, 7, 7, 7, 7, 7, 7, 7, 7, 7, 7, 7, 7, 7, 7, 7, 7, 7, 7, 7, 7, 7, 7, 7, 7, 7, 7, 7, 7, 7, 7, 7, 7, 7, 7, 7, 7, 7, 7, 7, 7, 7, 7, 7, 7, 7, 7, 7, 7, 7, 7, 7, 7, 7, 7, 7, 7, 7, 7, 7, 7, 7, 7, 7, 7, 7, 7, 7, 7, 7, 7, 7, 7, 7, 7, 7, 7, 7, 7, 7, 7, 7, 7, 7, 7, 7, 7, 7, 7, 7, 7, 7, 7, 7, 7, 7, 7, 7, 7, 7, 7, 7, 7, 7, 7, 7, 7, 7, 7, 7, 7, 7, 7, 7, 7, 7, 7, 7, 7, 7, 7, 7, 7, 7, 7, 7, 7, 7, 7, 7, 7, 7, 7, 7, 7, 7, 7, 7, 7, 7, 7, 7, 7, 7, 7, 7, 7, 7, 7, 7, 7, 7, 7, 7, 7, 7, 7, 7, 7, 7, 7, 7, 7, 7, 7, 7, 7, 7, 7, 7, 7, 7, 7, 7, 7, 7, 7, 7, 7, 7, 7, 7, 7, 7, 7, 7, 7, 7, 7, 7, 7, 7, 7, 7, 7, 7, 7, 7, 7, 7, 7, 7, 7, 7, 7, 7, 7, 7, 7, 7, 7, 7, 7, 7, 7, 7, 7, 7, 7, 7, 7, 7, 7, 7, 7, 7, 7, 7, 7, 7, 7, 7, 7, 7, 7, 7, 7, 7, 7, 7, 7, 7, 7, 7, 7, 7, 7, 7, 7, 7, 7, 7, 7, 7, 7, 7, 7, 7, 7, 7, 7, 7, 7, 7, 7, 7, 7, 7, 7, 7, 7, 7, 7, 7, 7, 7, 7, 7, 7, 7, 7, 7, 7, 7, 7, 7, 7, 7, 7, 7, 7, 7, 7, 7, 7, 7, 7, 7, 7, 7, 7, 7, 7, 7, 7, 7, 7, 7, 7, 7, 7, 7, 7, 7, 7, 7, 7, 7, 7, 7, 7, 7, 7, 7, 7, 7, 7, 7, 7, 7, 7, 7, 7, 7, 7, 7, 7, 7, 7, 7, 7, 7, 7, 7, 7, 7, 8, 8, 8, 9, 9, 9, 9, 9, 9, 9, 9, 9, 9, 9, 9, 9, 9, 9, 9]
shapelet initialized!
All 3 clients initialized.
Server device: cuda:0
Client worker groups: [[0], [1], [2]]
Client worker devices: ['cuda:0', 'cuda:0', 'cuda:0']
客户端选择未启用，所有客户端参与聚合
/data/user_lixiongfei/CSL-main/train.py:801: UserWarning: Creating a tensor from a list of numpy.ndarrays is extremely slow. Please consider converting the list to a single numpy.ndarray with numpy.array() before converting to a tensor. (Triggered internally at ../torch/csrc/utils/tensor_new.cpp:278.)
  X = torch.tensor(X, dtype=torch.float)
Classification: train=1.0000 test=0.9604 round=0
[round 0] timing train=327.529s distribution=5.530s agg=0.142s eval=333.086s total=666.297s
Classification: train=1.0000 test=0.9623 round=1
[round 1] timing train=376.001s distribution=4.395s agg=0.252s eval=315.375s total=696.036s
Classification: train=1.0000 test=0.9609 round=2
[round 2] timing train=374.431s distribution=4.670s agg=0.133s eval=330.927s total=710.176s
Classification: train=1.0000 test=0.9613 round=3
[round 3] timing train=357.788s distribution=4.589s agg=0.113s eval=325.141s total=687.657s
Classification: train=1.0000 test=0.9609 round=4
[round 4] timing train=366.434s distribution=5.227s agg=0.165s eval=325.664s total=697.500s
Classification: train=1.0000 test=0.9632 round=5
[round 5] timing train=364.217s distribution=4.387s agg=0.232s eval=305.368s total=674.235s
Classification: train=1.0000 test=0.9641 round=6
[round 6] timing train=389.076s distribution=5.632s agg=0.243s eval=344.392s total=739.352s
Classification: train=1.0000 test=0.9650 round=7
[round 7] timing train=384.205s distribution=4.343s agg=0.237s eval=341.055s total=729.859s
Classification: train=1.0000 test=0.9668 round=8
[round 8] timing train=401.552s distribution=5.252s agg=0.129s eval=346.532s total=753.473s
Classification: train=1.0000 test=0.9650 round=9
[round 9] timing train=393.134s distribution=5.083s agg=0.370s eval=355.250s total=753.851s
Classification: train=1.0000 test=0.9645 round=10
[round 10] timing train=343.617s distribution=4.812s agg=0.177s eval=326.448s total=675.088s
Classification: train=1.0000 test=0.9654 round=11
[round 11] timing train=361.746s distribution=4.920s agg=0.230s eval=302.867s total=669.830s
Classification: train=1.0000 test=0.9641 round=12
[round 12] timing train=338.726s distribution=4.791s agg=0.108s eval=299.834s total=643.498s
Classification: train=1.0000 test=0.9613 round=13
[round 13] timing train=336.709s distribution=3.312s agg=0.083s eval=331.306s total=671.468s
Classification: train=1.0000 test=0.9618 round=14
[round 14] timing train=388.585s distribution=4.443s agg=0.150s eval=319.349s total=712.537s
Classification: train=1.0000 test=0.9604 round=15
[round 15] timing train=360.083s distribution=4.666s agg=0.080s eval=321.333s total=686.180s
Classification: train=1.0000 test=0.9591 round=16
[round 16] timing train=371.127s distribution=4.398s agg=0.047s eval=321.692s total=697.283s
Classification: train=1.0000 test=0.9582 round=17
[round 17] timing train=351.740s distribution=5.955s agg=0.076s eval=312.541s total=670.336s
Classification: train=1.0000 test=0.9568 round=18
[round 18] timing train=343.652s distribution=5.131s agg=0.116s eval=291.302s total=640.217s
Classification: train=1.0000 test=0.9577 round=19
[round 19] timing train=353.682s distribution=4.852s agg=0.132s eval=316.499s total=675.178s
Classification: train=1.0000 test=0.9600 round=20
[round 20] timing train=373.071s distribution=5.134s agg=0.321s eval=356.450s total=734.996s
Classification: train=1.0000 test=0.9582 round=21
[round 21] timing train=399.190s distribution=4.626s agg=0.135s eval=314.392s total=718.360s
Classification: train=1.0000 test=0.9563 round=22
[round 22] timing train=387.900s distribution=5.066s agg=0.211s eval=364.709s total=757.916s
Classification: train=1.0000 test=0.9577 round=23
[round 23] timing train=405.951s distribution=5.615s agg=0.200s eval=366.252s total=778.029s
Classification: train=1.0000 test=0.9582 round=24
[round 24] timing train=406.700s distribution=5.616s agg=0.151s eval=341.353s total=753.838s
Classification: train=1.0000 test=0.9563 round=25
[round 25] timing train=408.547s distribution=4.954s agg=0.143s eval=331.407s total=745.066s
Classification: train=1.0000 test=0.9577 round=26
[round 26] timing train=385.260s distribution=5.020s agg=0.252s eval=340.211s total=730.761s
Classification: train=1.0000 test=0.9568 round=27
[round 27] timing train=381.093s distribution=5.067s agg=0.220s eval=351.889s total=738.331s
Classification: train=1.0000 test=0.9568 round=28
[round 28] timing train=383.565s distribution=4.782s agg=0.254s eval=321.992s total=710.609s
Classification: train=1.0000 test=0.9586 round=29
[round 29] timing train=377.597s distribution=5.337s agg=0.111s eval=341.433s total=724.517s
[fedcsl] checkpoint saved → ./checkpoint/resume/fedcsl_SpokenArabicDigits_2026-05-04-10har_fedprox_dir0.05.pt (round=30)
Classification: train=1.0000 test=0.9554 round=30
[round 30] timing train=396.875s distribution=4.618s agg=0.298s eval=348.874s total=750.689s
Classification: train=1.0000 test=0.9559 round=31
[round 31] timing train=340.706s distribution=5.873s agg=0.048s eval=328.821s total=675.454s
Classification: train=1.0000 test=0.9554 round=32
[round 32] timing train=387.092s distribution=6.674s agg=0.186s eval=344.526s total=738.510s
Classification: train=1.0000 test=0.9568 round=33
[round 33] timing train=395.049s distribution=5.206s agg=0.141s eval=350.762s total=751.184s
Classification: train=1.0000 test=0.9554 round=34
[round 34] timing train=396.278s distribution=4.894s agg=0.360s eval=352.796s total=754.343s
Classification: train=1.0000 test=0.9527 round=35
[round 35] timing train=400.518s distribution=5.490s agg=0.284s eval=342.942s total=749.266s
Classification: train=1.0000 test=0.9541 round=36
[round 36] timing train=398.799s distribution=5.445s agg=0.294s eval=350.285s total=754.887s
Classification: train=1.0000 test=0.9541 round=37
[round 37] timing train=386.858s distribution=5.640s agg=0.146s eval=364.774s total=757.452s
Classification: train=1.0000 test=0.9536 round=38
[round 38] timing train=392.189s distribution=5.519s agg=0.206s eval=326.910s total=724.869s
Classification: train=1.0000 test=0.9541 round=39
[round 39] timing train=396.344s distribution=5.617s agg=0.248s eval=336.301s total=738.558s
Classification: train=1.0000 test=0.9527 round=40
[round 40] timing train=393.875s distribution=5.504s agg=0.189s eval=312.851s total=712.426s
Classification: train=1.0000 test=0.9523 round=41
[round 41] timing train=390.825s distribution=6.516s agg=0.255s eval=362.748s total=760.351s
Classification: train=1.0000 test=0.9527 round=42
[round 42] timing train=388.886s distribution=6.110s agg=0.257s eval=355.485s total=750.755s
Classification: train=1.0000 test=0.9513 round=43
[round 43] timing train=403.919s distribution=5.402s agg=0.264s eval=337.773s total=747.369s
Classification: train=1.0000 test=0.9527 round=44
[round 44] timing train=397.936s distribution=4.872s agg=0.277s eval=332.287s total=735.399s
Classification: train=1.0000 test=0.9541 round=45
[round 45] timing train=379.893s distribution=5.828s agg=0.202s eval=366.471s total=752.402s
Classification: train=1.0000 test=0.9527 round=46
[round 46] timing train=394.290s distribution=5.749s agg=0.132s eval=345.376s total=745.587s
Classification: train=1.0000 test=0.9523 round=47
[round 47] timing train=418.899s distribution=5.456s agg=0.251s eval=339.037s total=763.678s
Classification: train=1.0000 test=0.9527 round=48
[round 48] timing train=395.126s distribution=5.393s agg=0.248s eval=328.608s total=729.450s
Classification: train=1.0000 test=0.9523 round=49
[round 49] timing train=383.064s distribution=4.857s agg=0.230s eval=354.230s total=742.396s
Classification: train=1.0000 test=0.9532 round=50
[round 50] timing train=329.965s distribution=4.381s agg=0.113s eval=341.660s total=676.139s
Classification: train=1.0000 test=0.9504 round=51
[round 51] timing train=368.964s distribution=5.432s agg=0.245s eval=315.767s total=690.450s
Classification: train=1.0000 test=0.9513 round=52
[round 52] timing train=376.566s distribution=5.720s agg=0.125s eval=333.352s total=715.800s
Classification: train=1.0000 test=0.9504 round=53
[round 53] timing train=382.988s distribution=5.803s agg=0.235s eval=331.043s total=720.081s
Classification: train=1.0000 test=0.9527 round=54
[round 54] timing train=388.160s distribution=4.898s agg=0.213s eval=337.817s total=731.099s
Classification: train=1.0000 test=0.9527 round=55
[round 55] timing train=410.057s distribution=5.152s agg=0.107s eval=338.828s total=754.151s
Classification: train=1.0000 test=0.9523 round=56
[round 56] timing train=395.010s distribution=5.414s agg=0.123s eval=355.361s total=755.924s
Classification: train=1.0000 test=0.9504 round=57
[round 57] timing train=391.635s distribution=5.332s agg=0.161s eval=329.929s total=727.083s
Classification: train=1.0000 test=0.9500 round=58
[round 58] timing train=389.479s distribution=5.584s agg=0.231s eval=339.975s total=735.281s
Classification: train=1.0000 test=0.9518 round=59
[round 59] timing train=352.856s distribution=4.121s agg=0.110s eval=347.966s total=705.071s
[fedcsl] checkpoint saved → ./checkpoint/resume/fedcsl_SpokenArabicDigits_2026-05-04-10har_fedprox_dir0.05.pt (round=60)
Classification: train=1.0000 test=0.9504 round=60
[round 60] timing train=367.303s distribution=5.386s agg=0.123s eval=365.367s total=738.188s
Classification: train=1.0000 test=0.9495 round=61
[round 61] timing train=389.718s distribution=5.075s agg=0.124s eval=326.853s total=721.790s
Classification: train=1.0000 test=0.9504 round=62
[round 62] timing train=376.351s distribution=5.308s agg=0.193s eval=318.103s total=700.000s
Classification: train=1.0000 test=0.9523 round=63
[round 63] timing train=373.868s distribution=5.360s agg=0.187s eval=356.718s total=736.165s
Classification: train=1.0000 test=0.9518 round=64
[round 64] timing train=379.543s distribution=6.246s agg=0.144s eval=343.874s total=729.827s
Classification: train=1.0000 test=0.9500 round=65
[round 65] timing train=382.959s distribution=4.477s agg=0.139s eval=329.157s total=716.750s
Classification: train=1.0000 test=0.9486 round=66
[round 66] timing train=381.099s distribution=4.365s agg=0.161s eval=337.913s total=723.586s
Classification: train=1.0000 test=0.9491 round=67
[round 67] timing train=382.758s distribution=4.424s agg=0.097s eval=377.261s total=764.593s
Classification: train=1.0000 test=0.9504 round=68
[round 68] timing train=346.984s distribution=3.805s agg=0.073s eval=325.177s total=676.050s
Classification: train=1.0000 test=0.9500 round=69
[round 69] timing train=368.984s distribution=5.087s agg=0.045s eval=331.807s total=705.971s
Classification: train=1.0000 test=0.9495 round=70
[round 70] timing train=364.067s distribution=4.401s agg=0.182s eval=323.092s total=691.784s
Classification: train=1.0000 test=0.9491 round=71
[round 71] timing train=353.545s distribution=4.195s agg=0.180s eval=308.281s total=666.212s
Classification: train=1.0000 test=0.9500 round=72
[round 72] timing train=360.815s distribution=4.831s agg=0.217s eval=302.319s total=668.209s
Classification: train=1.0000 test=0.9495 round=73
[round 73] timing train=365.643s distribution=5.503s agg=0.158s eval=326.741s total=698.067s
Classification: train=1.0000 test=0.9491 round=74
[round 74] timing train=389.079s distribution=5.547s agg=0.142s eval=353.396s total=748.185s
Classification: train=1.0000 test=0.9486 round=75
[round 75] timing train=399.810s distribution=4.815s agg=0.127s eval=355.659s total=760.423s
Classification: train=1.0000 test=0.9500 round=76
[round 76] timing train=391.255s distribution=4.844s agg=0.221s eval=322.245s total=718.583s
Classification: train=1.0000 test=0.9500 round=77
[round 77] timing train=379.657s distribution=5.226s agg=0.166s eval=306.000s total=691.109s
Classification: train=1.0000 test=0.9477 round=78
[round 78] timing train=383.117s distribution=4.142s agg=0.111s eval=350.286s total=737.669s
Classification: train=1.0000 test=0.9486 round=79
[round 79] timing train=378.777s distribution=4.944s agg=0.415s eval=331.591s total=715.742s
Classification: train=1.0000 test=0.9477 round=80
[round 80] timing train=357.632s distribution=5.197s agg=0.356s eval=347.877s total=711.078s
Classification: train=1.0000 test=0.9509 round=81
[round 81] timing train=367.846s distribution=5.105s agg=0.154s eval=349.190s total=722.309s
Classification: train=1.0000 test=0.9504 round=82
[round 82] timing train=392.139s distribution=4.627s agg=0.165s eval=345.296s total=742.258s
Classification: train=1.0000 test=0.9500 round=83
[round 83] timing train=399.336s distribution=4.843s agg=0.190s eval=330.271s total=734.706s
Classification: train=1.0000 test=0.9486 round=84
[round 84] timing train=383.673s distribution=6.062s agg=0.192s eval=358.088s total=748.041s
Classification: train=1.0000 test=0.9495 round=85
[round 85] timing train=366.976s distribution=5.077s agg=0.194s eval=353.726s total=725.988s
Classification: train=1.0000 test=0.9509 round=86
[round 86] timing train=349.584s distribution=3.971s agg=0.275s eval=320.191s total=674.029s
Classification: train=1.0000 test=0.9500 round=87
[round 87] timing train=391.757s distribution=4.939s agg=0.070s eval=364.888s total=761.698s
Classification: train=1.0000 test=0.9504 round=88
[round 88] timing train=392.739s distribution=4.821s agg=0.137s eval=359.628s total=757.412s
Classification: train=1.0000 test=0.9509 round=89
[round 89] timing train=392.560s distribution=4.871s agg=0.233s eval=341.636s total=739.310s
[fedcsl] checkpoint saved → ./checkpoint/resume/fedcsl_SpokenArabicDigits_2026-05-04-10har_fedprox_dir0.05.pt (round=90)
Classification: train=1.0000 test=0.9509 round=90
[round 90] timing train=341.893s distribution=5.271s agg=0.222s eval=306.164s total=653.566s
Classification: train=1.0000 test=0.9504 round=91
[round 91] timing train=358.098s distribution=4.865s agg=0.167s eval=304.741s total=667.925s
Classification: train=1.0000 test=0.9509 round=92
[round 92] timing train=351.743s distribution=4.678s agg=0.171s eval=336.124s total=692.761s
Classification: train=1.0000 test=0.9509 round=93
[round 93] timing train=346.129s distribution=4.796s agg=0.076s eval=313.101s total=664.113s
Classification: train=1.0000 test=0.9504 round=94
[round 94] timing train=362.789s distribution=4.912s agg=0.240s eval=299.956s total=667.906s
Classification: train=1.0000 test=0.9518 round=95
[round 95] timing train=359.114s distribution=5.472s agg=0.172s eval=312.654s total=677.425s
Classification: train=1.0000 test=0.9523 round=96
[round 96] timing train=355.693s distribution=5.285s agg=0.114s eval=315.120s total=676.249s
Classification: train=1.0000 test=0.9504 round=97
[round 97] timing train=349.165s distribution=5.159s agg=0.180s eval=307.483s total=662.004s
Classification: train=1.0000 test=0.9509 round=98
[round 98] timing train=354.939s distribution=5.145s agg=0.147s eval=320.831s total=681.099s
Classification: train=1.0000 test=0.9500 round=99
[round 99] timing train=371.780s distribution=5.150s agg=0.167s eval=317.348s total=694.513s
Classification: train=1.0000 test=0.9504 round=100
[round 100] timing train=322.990s distribution=5.280s agg=0.113s eval=303.859s total=632.278s
Classification: train=1.0000 test=0.9518 round=101
[round 101] timing train=351.192s distribution=5.193s agg=0.338s eval=332.586s total=689.343s
Classification: train=1.0000 test=0.9518 round=102
[round 102] timing train=356.244s distribution=4.603s agg=0.186s eval=330.356s total=691.409s
Classification: train=1.0000 test=0.9509 round=103
[round 103] timing train=380.376s distribution=4.945s agg=0.177s eval=294.688s total=680.202s
Classification: train=1.0000 test=0.9518 round=104
[round 104] timing train=355.576s distribution=4.533s agg=0.135s eval=332.862s total=693.119s
Classification: train=1.0000 test=0.9527 round=105
[round 105] timing train=355.713s distribution=4.763s agg=0.104s eval=326.848s total=687.469s
Classification: train=1.0000 test=0.9523 round=106
[round 106] timing train=377.455s distribution=4.488s agg=0.171s eval=304.237s total=686.368s
Classification: train=1.0000 test=0.9518 round=107
[round 107] timing train=383.387s distribution=4.579s agg=0.259s eval=293.896s total=682.129s
Classification: train=1.0000 test=0.9518 round=108
[round 108] timing train=351.409s distribution=4.661s agg=0.228s eval=315.568s total=671.881s
Classification: train=1.0000 test=0.9523 round=109
[round 109] timing train=346.665s distribution=4.471s agg=0.069s eval=311.748s total=662.979s
Classification: train=1.0000 test=0.9532 round=110
[round 110] timing train=334.223s distribution=4.704s agg=0.110s eval=299.530s total=638.578s
Classification: train=1.0000 test=0.9523 round=111
[round 111] timing train=347.416s distribution=4.368s agg=0.152s eval=270.347s total=622.294s
Classification: train=1.0000 test=0.9523 round=112
[round 112] timing train=356.745s distribution=5.225s agg=0.085s eval=277.109s total=639.220s
Classification: train=1.0000 test=0.9513 round=113
[round 113] timing train=362.175s distribution=4.950s agg=0.096s eval=318.292s total=685.522s
Classification: train=1.0000 test=0.9513 round=114
[round 114] timing train=363.651s distribution=4.891s agg=0.159s eval=300.273s total=669.021s
Classification: train=1.0000 test=0.9500 round=115
[round 115] timing train=351.464s distribution=5.223s agg=0.105s eval=291.503s total=648.323s
Classification: train=1.0000 test=0.9491 round=116
[round 116] timing train=350.681s distribution=5.309s agg=0.180s eval=294.859s total=651.046s
Classification: train=1.0000 test=0.9504 round=117
[round 117] timing train=336.219s distribution=4.436s agg=0.071s eval=294.268s total=635.009s
Classification: train=1.0000 test=0.9500 round=118
[round 118] timing train=334.146s distribution=5.162s agg=0.049s eval=291.284s total=630.656s
Classification: train=1.0000 test=0.9468 round=119
[round 119] timing train=338.287s distribution=4.346s agg=0.116s eval=287.004s total=629.808s
[fedcsl] checkpoint saved → ./checkpoint/resume/fedcsl_SpokenArabicDigits_2026-05-04-10har_fedprox_dir0.05.pt (round=120)
Classification: train=1.0000 test=0.9500 round=120
[round 120] timing train=317.182s distribution=5.035s agg=0.106s eval=305.450s total=627.777s
Classification: train=1.0000 test=0.9495 round=121
[round 121] timing train=346.767s distribution=4.247s agg=0.125s eval=329.610s total=680.762s
Classification: train=1.0000 test=0.9509 round=122
[round 122] timing train=365.270s distribution=5.377s agg=0.096s eval=321.274s total=692.057s
Classification: train=1.0000 test=0.9495 round=123
[round 123] timing train=342.396s distribution=5.140s agg=0.085s eval=294.837s total=642.481s
Classification: train=1.0000 test=0.9495 round=124
[round 124] timing train=334.395s distribution=4.744s agg=0.046s eval=291.743s total=630.941s
Classification: train=1.0000 test=0.9504 round=125
[round 125] timing train=340.856s distribution=5.092s agg=0.083s eval=316.431s total=662.477s
Classification: train=1.0000 test=0.9500 round=126
[round 126] timing train=340.133s distribution=4.480s agg=0.062s eval=283.813s total=628.506s
Classification: train=1.0000 test=0.9500 round=127
[round 127] timing train=344.351s distribution=5.349s agg=0.042s eval=291.620s total=641.386s
Classification: train=1.0000 test=0.9500 round=128
[round 128] timing train=342.647s distribution=5.014s agg=0.104s eval=294.794s total=642.580s
Classification: train=1.0000 test=0.9509 round=129
[round 129] timing train=305.720s distribution=4.672s agg=0.181s eval=274.088s total=584.736s
Classification: train=1.0000 test=0.9504 round=130
[round 130] timing train=383.828s distribution=5.270s agg=0.131s eval=305.223s total=694.468s
Classification: train=1.0000 test=0.9495 round=131
[round 131] timing train=347.302s distribution=4.498s agg=0.142s eval=327.967s total=679.921s
Classification: train=1.0000 test=0.9486 round=132
[round 132] timing train=348.971s distribution=4.514s agg=0.083s eval=305.868s total=659.448s
Classification: train=1.0000 test=0.9486 round=133
[round 133] timing train=337.941s distribution=4.335s agg=0.043s eval=313.598s total=655.928s
Classification: train=1.0000 test=0.9504 round=134
[round 134] timing train=339.442s distribution=4.968s agg=0.050s eval=307.654s total=652.139s
Classification: train=1.0000 test=0.9495 round=135
[round 135] timing train=358.148s distribution=4.757s agg=0.074s eval=326.345s total=689.332s
Classification: train=1.0000 test=0.9491 round=136
[round 136] timing train=336.762s distribution=4.572s agg=0.200s eval=298.991s total=640.566s
Classification: train=1.0000 test=0.9495 round=137
[round 137] timing train=347.537s distribution=4.606s agg=0.054s eval=298.465s total=650.705s
Classification: train=1.0000 test=0.9482 round=138
[round 138] timing train=321.616s distribution=4.284s agg=0.045s eval=330.204s total=656.161s
Classification: train=1.0000 test=0.9491 round=139
[round 139] timing train=398.008s distribution=4.325s agg=0.136s eval=324.584s total=727.068s
Classification: train=1.0000 test=0.9491 round=140
[round 140] timing train=379.235s distribution=5.048s agg=0.082s eval=345.010s total=729.389s
Classification: train=1.0000 test=0.9486 round=141
[round 141] timing train=371.599s distribution=5.128s agg=0.110s eval=338.709s total=715.564s
Classification: train=1.0000 test=0.9477 round=142
[round 142] timing train=374.345s distribution=5.106s agg=0.138s eval=332.754s total=712.352s
Classification: train=1.0000 test=0.9482 round=143
[round 143] timing train=379.073s distribution=4.258s agg=0.173s eval=320.649s total=704.187s
Classification: train=1.0000 test=0.9500 round=144
[round 144] timing train=374.219s distribution=4.923s agg=0.047s eval=321.425s total=700.638s
Classification: train=1.0000 test=0.9482 round=145
[round 145] timing train=359.116s distribution=5.516s agg=0.263s eval=336.263s total=701.189s
Classification: train=1.0000 test=0.9491 round=146
[round 146] timing train=351.537s distribution=4.726s agg=0.133s eval=332.544s total=688.950s
Classification: train=1.0000 test=0.9495 round=147
[round 147] timing train=341.217s distribution=5.419s agg=0.217s eval=313.129s total=660.041s
Classification: train=1.0000 test=0.9477 round=148
[round 148] timing train=355.092s distribution=4.713s agg=0.210s eval=304.191s total=664.225s
Classification: train=1.0000 test=0.9513 round=149
[round 149] timing train=375.669s distribution=4.813s agg=0.149s eval=307.342s total=687.996s
[fedcsl] checkpoint saved → ./checkpoint/resume/fedcsl_SpokenArabicDigits_2026-05-04-10har_fedprox_dir0.05.pt (round=150)
Classification: train=1.0000 test=0.9504 round=150
[round 150] timing train=358.133s distribution=4.897s agg=0.074s eval=349.209s total=712.326s
Classification: train=1.0000 test=0.9495 round=151
[round 151] timing train=367.084s distribution=5.105s agg=0.103s eval=302.046s total=674.353s
Classification: train=1.0000 test=0.9491 round=152
[round 152] timing train=357.729s distribution=4.842s agg=0.044s eval=332.998s total=695.632s
Classification: train=1.0000 test=0.9518 round=153
[round 153] timing train=379.062s distribution=5.342s agg=0.228s eval=328.668s total=713.316s
Classification: train=1.0000 test=0.9486 round=154
[round 154] timing train=379.204s distribution=4.962s agg=0.108s eval=343.861s total=728.151s
Classification: train=1.0000 test=0.9486 round=155
[round 155] timing train=367.289s distribution=4.733s agg=0.258s eval=312.258s total=684.554s
Classification: train=1.0000 test=0.9486 round=156
[round 156] timing train=313.810s distribution=5.289s agg=0.226s eval=325.818s total=645.186s
Classification: train=1.0000 test=0.9450 round=157
[round 157] timing train=366.404s distribution=4.416s agg=0.155s eval=312.227s total=683.218s
Classification: train=1.0000 test=0.9477 round=158
[round 158] timing train=327.578s distribution=4.817s agg=0.173s eval=308.298s total=640.908s
Classification: train=1.0000 test=0.9500 round=159
[round 159] timing train=373.980s distribution=5.241s agg=0.165s eval=303.131s total=682.559s
Classification: train=1.0000 test=0.9477 round=160
[round 160] timing train=363.652s distribution=5.330s agg=0.112s eval=328.475s total=697.609s
Classification: train=1.0000 test=0.9468 round=161
[round 161] timing train=373.794s distribution=5.118s agg=0.198s eval=307.961s total=687.101s
Classification: train=1.0000 test=0.9509 round=162
[round 162] timing train=374.174s distribution=4.621s agg=0.151s eval=307.497s total=686.487s
Classification: train=1.0000 test=0.9509 round=163
[round 163] timing train=370.417s distribution=4.345s agg=0.186s eval=314.842s total=689.820s
Classification: train=1.0000 test=0.9463 round=164
[round 164] timing train=367.317s distribution=5.387s agg=0.221s eval=333.045s total=705.984s
Classification: train=1.0000 test=0.9477 round=165
[round 165] timing train=364.734s distribution=5.185s agg=0.181s eval=298.547s total=668.659s
Classification: train=1.0000 test=0.9482 round=166
[round 166] timing train=363.004s distribution=5.383s agg=0.167s eval=310.826s total=679.414s
Classification: train=1.0000 test=0.9491 round=167
[round 167] timing train=358.063s distribution=4.947s agg=0.140s eval=304.189s total=667.348s
Classification: train=1.0000 test=0.9504 round=168
[round 168] timing train=355.567s distribution=4.872s agg=0.293s eval=309.751s total=670.490s
Classification: train=1.0000 test=0.9509 round=169
[round 169] timing train=364.545s distribution=4.475s agg=0.212s eval=319.070s total=688.338s
Classification: train=1.0000 test=0.9477 round=170
[round 170] timing train=369.276s distribution=5.211s agg=0.181s eval=313.257s total=687.932s
Classification: train=1.0000 test=0.9477 round=171
[round 171] timing train=375.152s distribution=5.585s agg=0.238s eval=314.737s total=695.743s
Classification: train=1.0000 test=0.9472 round=172
[round 172] timing train=375.952s distribution=4.813s agg=0.184s eval=322.012s total=702.981s
Classification: train=1.0000 test=0.9472 round=173
[round 173] timing train=376.646s distribution=5.370s agg=0.283s eval=325.836s total=708.166s
Classification: train=1.0000 test=0.9482 round=174
[round 174] timing train=365.313s distribution=4.809s agg=0.166s eval=315.876s total=686.169s
Classification: train=1.0000 test=0.9463 round=175
[round 175] timing train=370.743s distribution=4.786s agg=0.063s eval=298.797s total=674.406s
Classification: train=1.0000 test=0.9472 round=176
[round 176] timing train=370.573s distribution=6.415s agg=0.123s eval=323.413s total=700.541s
Classification: train=1.0000 test=0.9513 round=177
[round 177] timing train=373.426s distribution=4.712s agg=0.077s eval=309.488s total=687.732s
Classification: train=1.0000 test=0.9477 round=178
[round 178] timing train=361.140s distribution=5.605s agg=0.183s eval=325.046s total=691.993s
Classification: train=1.0000 test=0.9513 round=179
[round 179] timing train=365.134s distribution=5.119s agg=0.194s eval=319.430s total=689.896s
[fedcsl] checkpoint saved → ./checkpoint/resume/fedcsl_SpokenArabicDigits_2026-05-04-10har_fedprox_dir0.05.pt (round=180)
Classification: train=1.0000 test=0.9486 round=180
[round 180] timing train=369.881s distribution=4.703s agg=0.197s eval=300.068s total=674.862s
Classification: train=1.0000 test=0.9482 round=181
[round 181] timing train=387.429s distribution=4.870s agg=0.215s eval=314.945s total=707.474s
Classification: train=1.0000 test=0.9513 round=182
[round 182] timing train=367.967s distribution=5.107s agg=0.184s eval=321.541s total=694.806s
Classification: train=1.0000 test=0.9468 round=183
[round 183] timing train=361.658s distribution=5.139s agg=0.235s eval=320.126s total=687.166s
Classification: train=1.0000 test=0.9518 round=184
[round 184] timing train=378.865s distribution=5.481s agg=0.170s eval=311.866s total=696.398s
Classification: train=1.0000 test=0.9504 round=185
[round 185] timing train=337.101s distribution=5.157s agg=0.186s eval=319.116s total=661.576s
Classification: train=1.0000 test=0.9523 round=186
[round 186] timing train=375.440s distribution=4.835s agg=0.353s eval=326.539s total=707.181s
Classification: train=1.0000 test=0.9486 round=187
[round 187] timing train=364.470s distribution=5.258s agg=0.181s eval=329.867s total=699.831s
Classification: train=1.0000 test=0.9504 round=188
[round 188] timing train=371.057s distribution=4.620s agg=0.246s eval=318.656s total=694.608s
Classification: train=1.0000 test=0.9500 round=189
[round 189] timing train=383.243s distribution=4.619s agg=0.116s eval=308.266s total=696.261s
Classification: train=1.0000 test=0.9491 round=190
[round 190] timing train=371.547s distribution=5.008s agg=0.178s eval=319.282s total=696.048s
Classification: train=1.0000 test=0.9472 round=191
[round 191] timing train=365.552s distribution=5.094s agg=0.307s eval=327.144s total=698.131s
Classification: train=1.0000 test=0.9495 round=192
[round 192] timing train=380.430s distribution=4.469s agg=0.122s eval=327.030s total=712.061s
Classification: train=1.0000 test=0.9472 round=193
[round 193] timing train=375.604s distribution=4.665s agg=0.173s eval=306.948s total=687.405s
Classification: train=1.0000 test=0.9482 round=194
[round 194] timing train=365.366s distribution=4.560s agg=0.127s eval=300.317s total=670.386s
Classification: train=1.0000 test=0.9486 round=195
[round 195] timing train=296.801s distribution=5.349s agg=0.248s eval=318.580s total=621.033s
Classification: train=1.0000 test=0.9504 round=196
[round 196] timing train=358.140s distribution=4.744s agg=0.086s eval=296.635s total=659.645s
Classification: train=1.0000 test=0.9504 round=197
[round 197] timing train=363.258s distribution=5.039s agg=0.146s eval=304.675s total=673.133s
Classification: train=1.0000 test=0.9509 round=198
[round 198] timing train=371.419s distribution=5.034s agg=0.251s eval=322.991s total=699.717s
Classification: train=1.0000 test=0.9495 round=199
[round 199] timing train=364.724s distribution=4.684s agg=0.139s eval=321.930s total=691.492s
best round is 8, acc is 0.966803
Model saved to ./checkpoint/SpokenArabicDigits/2026-05-04-10har_fedprox_dir0.05_SpokenArabicDigits_model.pt
