# 2026-05-04 10:38:30  har_fedcsl-onehot-splitteacher_dir0.05  GPU=7  cwd=/data/user_lixiongfei/CSL-main
# CMD: python3 -u FedCSL_All.py -dataset HAR --config configFedCSL_OneHot_SplitTeacher.yml --dirichlet-alpha 0.05 --seed 42 --description har_fedcsl-onehot-splitteacher_dir0.05 -dataset SpokenArabicDigits

/mnt/data/user_liangzhiyu/envs/fedcsl/lib/python3.8/site-packages/scipy/__init__.py:146: UserWarning: A NumPy version >=1.16.5 and <1.23.0 is required for this version of SciPy (detected version 1.23.5
  warnings.warn(f"A NumPy version >={np_minversion} and <{np_maxversion}"
[config] 'configFedCSL_OneHot_SplitTeacher.yml' 未找到，重定向到 'config/configFedCSL_OneHot_SplitTeacher.yml'
6599
<class 'pandas.core.frame.DataFrame'>
RangeIndex: 6599 entries, 0 to 6598
Data columns (total 14 columns):
 #   Column      Non-Null Count  Dtype 
---  ------      --------------  ----- 
 0   dim_0       6599 non-null   object
 1   dim_1       6599 non-null   object
 2   dim_2       6599 non-null   object
 3   dim_3       6599 non-null   object
 4   dim_4       6599 non-null   object
 5   dim_5       6599 non-null   object
 6   dim_6       6599 non-null   object
 7   dim_7       6599 non-null   object
 8   dim_8       6599 non-null   object
 9   dim_9       6599 non-null   object
 10  dim_10      6599 non-null   object
 11  dim_11      6599 non-null   object
 12  dim_12      6599 non-null   object
 13  class_vals  6599 non-null   object
dtypes: object(14)
memory usage: 721.9+ KB
None
{7, 9, 13, 15, 16, 17, 18, 20, 21, 22, 23, 24, 25, 26, 27, 28, 29, 30, 31, 32, 33, 34, 35, 36, 37, 38, 39, 40, 41, 42, 43, 44, 45, 46, 47, 48, 49, 50, 51, 52, 53, 54, 55, 56, 57, 58, 59, 60, 61, 62, 63, 64, 74, 76, 77, 79, 83}
<class 'pandas.core.frame.DataFrame'>
RangeIndex: 6599 entries, 0 to 6598
Data columns (total 14 columns):
 #   Column      Non-Null Count  Dtype 
---  ------      --------------  ----- 
 0   dim_0       6599 non-null   object
 1   dim_1       6599 non-null   object
 2   dim_2       6599 non-null   object
 3   dim_3       6599 non-null   object
 4   dim_4       6599 non-null   object
 5   dim_5       6599 non-null   object
 6   dim_6       6599 non-null   object
 7   dim_7       6599 non-null   object
 8   dim_8       6599 non-null   object
 9   dim_9       6599 non-null   object
 10  dim_10      6599 non-null   object
 11  dim_11      6599 non-null   object
 12  dim_12      6599 non-null   object
 13  class_vals  6599 non-null   object
dtypes: object(14)
memory usage: 721.9+ KB
None
[0 0 0 ... 9 9 9]
[ 660  661  662 ... 6474 6475 6476]
[1, 1, 1, 1, 1, 1, 1, 1, 1, 1, 1, 1, 1, 1, 1, 1, 1, 1, 1, 1, 1, 1, 1, 1, 1, 1, 1, 1, 1, 1, 1, 1, 1, 1, 1, 1, 1, 1, 1, 1, 1, 1, 1, 1, 1, 1, 1, 1, 1, 1, 1, 1, 1, 1, 1, 1, 1, 1, 1, 1, 1, 1, 1, 1, 1, 1, 1, 1, 1, 1, 1, 1, 1, 1, 1, 1, 1, 1, 1, 1, 1, 1, 1, 1, 1, 1, 1, 1, 1, 1, 1, 1, 1, 1, 1, 1, 1, 1, 1, 1, 1, 1, 1, 1, 1, 1, 1, 1, 1, 1, 1, 1, 1, 1, 1, 1, 1, 1, 1, 1, 1, 1, 1, 1, 1, 1, 1, 1, 1, 1, 1, 1, 1, 1, 1, 1, 1, 1, 1, 1, 1, 1, 1, 1, 1, 1, 1, 1, 1, 1, 1, 1, 1, 1, 1, 1, 1, 1, 1, 1, 1, 1, 1, 1, 1, 1, 1, 1, 1, 1, 1, 1, 1, 1, 1, 1, 1, 1, 1, 1, 1, 1, 1, 1, 1, 1, 1, 1, 1, 1, 1, 1, 1, 1, 1, 1, 1, 1, 1, 1, 1, 1, 1, 1, 1, 1, 1, 1, 1, 1, 1, 1, 1, 1, 1, 1, 1, 1, 1, 1, 1, 1, 1, 1, 1, 1, 1, 1, 1, 1, 1, 1, 1, 1, 1, 1, 1, 1, 1, 1, 1, 1, 1, 1, 1, 1, 1, 1, 1, 1, 1, 1, 1, 1, 1, 1, 1, 1, 1, 1, 1, 1, 1, 1, 1, 1, 1, 1, 1, 1, 1, 1, 1, 1, 1, 1, 1, 1, 1, 1, 1, 1, 1, 1, 1, 1, 1, 1, 1, 1, 1, 1, 1, 1, 1, 1, 1, 1, 1, 1, 1, 1, 1, 1, 1, 1, 1, 1, 1, 1, 1, 1, 1, 1, 1, 1, 1, 1, 1, 1, 1, 1, 1, 1, 1, 1, 1, 1, 1, 1, 1, 1, 1, 1, 1, 1, 1, 1, 1, 1, 1, 1, 1, 1, 1, 1, 1, 1, 1, 1, 1, 1, 1, 1, 1, 1, 1, 1, 1, 1, 1, 1, 1, 1, 1, 1, 1, 1, 1, 1, 1, 1, 1, 1, 1, 1, 1, 1, 1, 1, 1, 1, 1, 1, 1, 1, 1, 1, 1, 1, 1, 1, 1, 1, 1, 1, 1, 1, 1, 1, 1, 1, 1, 1, 1, 1, 1, 1, 1, 1, 1, 1, 1, 1, 1, 1, 1, 1, 1, 1, 1, 1, 1, 1, 1, 1, 1, 1, 1, 1, 1, 1, 1, 1, 1, 1, 1, 1, 1, 1, 1, 1, 1, 1, 1, 1, 1, 1, 1, 1, 1, 1, 1, 1, 1, 1, 1, 1, 1, 1, 1, 1, 1, 1, 1, 1, 1, 1, 1, 1, 1, 1, 1, 1, 1, 1, 1, 1, 1, 1, 1, 1, 1, 1, 1, 1, 1, 1, 1, 1, 1, 1, 1, 1, 1, 1, 1, 1, 1, 1, 1, 1, 1, 1, 1, 1, 1, 1, 1, 1, 1, 1, 1, 1, 1, 1, 1, 1, 1, 1, 1, 1, 1, 1, 1, 1, 1, 1, 1, 1, 1, 1, 1, 1, 1, 1, 1, 1, 1, 1, 1, 1, 1, 1, 1, 1, 1, 1, 1, 1, 1, 1, 1, 1, 1, 1, 1, 1, 1, 1, 1, 1, 1, 1, 1, 1, 1, 1, 1, 1, 1, 1, 1, 1, 1, 1, 1, 1, 1, 1, 1, 1, 1, 1, 1, 1, 1, 1, 1, 1, 1, 1, 1, 1, 1, 1, 1, 1, 1, 1, 1, 1, 1, 1, 1, 1, 1, 1, 1, 1, 1, 1, 1, 1, 1, 1, 1, 1, 1, 1, 1, 1, 1, 1, 1, 1, 1, 1, 1, 1, 1, 1, 1, 1, 1, 1, 1, 1, 1, 1, 1, 1, 1, 1, 1, 1, 1, 1, 1, 1, 1, 1, 1, 1, 1, 1, 1, 1, 1, 4, 4, 4, 4, 4, 4, 4, 4, 4, 4, 4, 4, 4, 4, 4, 4, 4, 4, 4, 4, 4, 4, 4, 4, 4, 4, 4, 4, 4, 4, 4, 4, 4, 4, 4, 4, 4, 4, 4, 4, 4, 4, 4, 4, 4, 4, 4, 4, 4, 4, 4, 4, 4, 4, 4, 4, 4, 4, 4, 4, 4, 4, 4, 4, 4, 4, 4, 4, 4, 4, 4, 4, 4, 4, 4, 4, 4, 4, 4, 4, 4, 4, 4, 4, 4, 4, 4, 4, 4, 4, 4, 4, 4, 4, 4, 4, 4, 4, 4, 4, 4, 4, 4, 4, 4, 4, 4, 4, 4, 4, 4, 4, 4, 4, 4, 4, 4, 4, 4, 4, 4, 4, 4, 4, 4, 4, 4, 4, 4, 4, 4, 4, 4, 4, 4, 4, 4, 4, 4, 4, 4, 4, 4, 4, 4, 4, 4, 4, 4, 4, 4, 4, 4, 4, 4, 4, 4, 4, 4, 4, 4, 4, 4, 4, 4, 4, 4, 4, 4, 4, 4, 4, 4, 4, 4, 4, 4, 4, 4, 4, 4, 4, 4, 4, 4, 4, 4, 4, 4, 4, 4, 4, 4, 4, 4, 4, 4, 4, 4, 4, 4, 4, 4, 4, 4, 4, 4, 4, 4, 4, 4, 4, 4, 4, 4, 4, 4, 4, 4, 4, 4, 4, 4, 4, 4, 4, 4, 4, 4, 4, 4, 4, 4, 4, 4, 4, 4, 4, 4, 4, 4, 4, 4, 4, 4, 4, 4, 4, 4, 4, 4, 4, 4, 4, 4, 4, 4, 4, 4, 4, 4, 4, 4, 4, 4, 4, 4, 4, 4, 4, 4, 4, 4, 4, 4, 4, 4, 4, 4, 4, 4, 4, 4, 4, 4, 4, 4, 4, 4, 4, 4, 4, 4, 4, 4, 4, 4, 4, 4, 4, 4, 4, 4, 4, 4, 4, 4, 4, 4, 4, 4, 4, 4, 4, 4, 4, 4, 4, 4, 4, 4, 4, 4, 4, 4, 4, 4, 4, 4, 4, 4, 4, 4, 4, 4, 4, 4, 4, 4, 4, 4, 4, 4, 4, 4, 4, 4, 4, 4, 4, 4, 4, 4, 4, 4, 4, 4, 4, 4, 4, 4, 4, 4, 4, 4, 4, 4, 4, 4, 4, 4, 4, 4, 4, 4, 4, 4, 4, 4, 4, 4, 4, 4, 4, 4, 4, 4, 4, 4, 4, 4, 4, 4, 4, 4, 4, 4, 4, 4, 4, 4, 4, 4, 4, 4, 4, 4, 4, 4, 4, 4, 4, 4, 4, 4, 4, 4, 4, 4, 4, 4, 4, 4, 4, 4, 4, 4, 4, 4, 4, 4, 4, 4, 4, 4, 4, 4, 4, 4, 4, 4, 4, 4, 4, 4, 4, 4, 4, 4, 4, 4, 4, 4, 4, 4, 4, 4, 4, 4, 4, 4, 4, 4, 4, 4, 4, 4, 4, 4, 4, 4, 4, 4, 4, 4, 4, 4, 4, 4, 4, 4, 4, 4, 4, 4, 4, 4, 4, 4, 4, 4, 4, 4, 4, 4, 4, 4, 4, 4, 4, 4, 4, 4, 4, 4, 4, 4, 4, 4, 4, 4, 4, 4, 4, 4, 4, 4, 4, 4, 4, 4, 4, 4, 4, 4, 4, 4, 4, 4, 4, 4, 4, 4, 4, 4, 4, 4, 4, 4, 4, 4, 4, 4, 4, 4, 4, 4, 4, 4, 4, 4, 4, 4, 4, 4, 4, 4, 4, 4, 4, 4, 4, 4, 4, 4, 4, 4, 4, 4, 4, 4, 4, 4, 4, 4, 4, 4, 4, 4, 4, 4, 4, 4, 4, 4, 4, 4, 4, 4, 4, 4, 4, 4, 4, 4, 4, 4, 4, 4, 4, 4, 4, 4, 4, 4, 4, 4, 4, 4, 4, 4, 4, 4, 4, 4, 4, 4, 4, 4, 4, 4, 4, 4, 4, 4, 4, 4, 4, 4, 4, 4, 4, 4, 4, 4, 4, 4, 4, 4, 4, 4, 4, 4, 4, 4, 4, 4, 4, 4, 4, 4, 4, 4, 4, 4, 4, 4, 4, 4, 6, 6, 6, 6, 6, 6, 6, 6, 6, 6, 6, 6, 6, 6, 6, 6, 6, 6, 6, 6, 6, 6, 6, 6, 6, 6, 6, 6, 6, 6, 6, 6, 6, 6, 6, 6, 6, 6, 6, 6, 6, 6, 6, 6, 6, 6, 6, 6, 6, 6, 6, 6, 6, 6, 6, 6, 6, 6, 6, 6, 6, 6, 6, 6, 6, 6, 6, 6, 6, 6, 6, 6, 6, 6, 6, 6, 6, 6, 6, 6, 6, 6, 6, 6, 6, 6, 6, 6, 6, 6, 6, 6, 6, 6, 6, 6, 6, 6, 6, 6, 6, 6, 6, 6, 6, 6, 6, 6, 6, 6, 6, 6, 6, 6, 6, 6, 6, 6, 6, 6, 6, 6, 6, 6, 6, 6, 6, 6, 6, 6, 6, 6, 6, 6, 6, 6, 6, 6, 6, 6, 6, 6, 6, 6, 6, 6, 6, 6, 6, 6, 6, 6, 6, 6, 6, 6, 6, 6, 6, 6, 6, 6, 6, 6, 6, 6, 6, 6, 6, 6, 6, 6, 6, 6, 6, 6, 6, 6, 6, 6, 6, 6, 6, 6, 6, 6, 6, 7, 7, 7, 7, 7, 7, 7, 7, 7, 7, 7, 7, 7, 7, 7, 7, 7, 7, 7, 7, 7, 7, 7, 7, 7, 7, 7, 7, 7, 7, 7, 7, 7, 7, 7, 7, 7, 7, 7, 7, 7, 7, 7, 7, 7, 7, 7, 7, 7, 7, 7, 7, 7, 7, 7, 7, 7, 7, 7, 7, 7, 7, 7, 7, 7, 7, 7, 7, 7, 7, 7, 7, 7, 7, 7, 7, 7, 7, 7, 7, 7, 7, 7, 7, 7, 7, 7, 7, 7, 7, 7, 7, 7, 7, 7, 7, 7, 7, 7, 7, 7, 7, 7, 7, 7, 7, 7, 7, 7, 7, 7, 7, 7, 7, 7, 7, 7, 7, 7, 7, 7, 7, 7, 7, 7, 7, 7, 7, 7, 7, 7, 7, 7, 7, 7, 7, 7, 7, 7, 7, 7, 7, 7, 7, 7, 7, 7, 7, 7, 7, 7, 7, 7, 7, 7, 7, 7, 7, 7, 7, 7, 7, 7, 7, 7, 7, 7, 7, 7, 7, 7, 7, 7, 7, 7, 7, 7, 7, 7, 7, 7, 7, 7, 7, 7, 7, 7, 7, 7, 7, 7, 7, 7, 7, 7, 7, 7, 7, 7, 7, 7, 7, 7, 7, 7, 7, 7, 7, 7, 7, 7, 7, 7, 7, 7, 9, 9, 9, 9, 9, 9, 9, 9, 9, 9, 9, 9, 9, 9, 9, 9, 9, 9, 9, 9, 9, 9, 9, 9, 9, 9, 9, 9, 9, 9, 9, 9, 9, 9, 9, 9, 9, 9, 9, 9, 9, 9, 9, 9, 9, 9, 9, 9, 9, 9, 9, 9, 9, 9, 9, 9, 9, 9, 9, 9, 9, 9, 9, 9, 9, 9, 9, 9, 9, 9, 9, 9, 9, 9, 9, 9, 9, 9, 9, 9, 9, 9, 9, 9, 9, 9, 9, 9, 9, 9, 9, 9, 9, 9, 9, 9, 9, 9, 9, 9, 9, 9, 9, 9, 9, 9, 9, 9, 9, 9, 9, 9, 9, 9, 9, 9, 9, 9, 9, 9, 9, 9, 9, 9, 9, 9, 9, 9, 9, 9, 9, 9, 9, 9, 9, 9, 9, 9, 9, 9, 9, 9, 9, 9, 9, 9, 9, 9, 9, 9, 9, 9, 9, 9, 9, 9, 9, 9, 9, 9, 9, 9, 9, 9, 9, 9, 9, 9, 9, 9, 9, 9, 9, 9, 9, 9, 9, 9, 9, 9, 9, 9, 9, 9, 9, 9, 9, 9, 9, 9, 9, 9, 9, 9, 9, 9, 9, 9, 9, 9, 9, 9, 9, 9, 9, 9, 9, 9, 9, 9, 9, 9, 9, 9, 9, 9, 9, 9, 9, 9, 9, 9, 9, 9, 9, 9, 9, 9, 9, 9, 9, 9, 9, 9, 9, 9, 9, 9, 9, 9, 9, 9, 9, 9, 9, 9, 9, 9, 9, 9, 9, 9, 9, 9, 9, 9, 9, 9, 9, 9, 9, 9, 9, 9, 9, 9, 9, 9, 9, 9, 9, 9, 9, 9, 9, 9, 9, 9, 9, 9, 9, 9, 9, 9, 9, 9, 9, 9, 9, 9, 9, 9, 9, 9, 9, 9, 9, 9, 9, 9, 9, 9, 9, 9, 9, 9, 9, 9, 9, 9, 9, 9, 9, 9, 9, 9, 9, 9, 9, 9, 9, 9, 9, 9, 9, 9, 9, 9, 9, 9, 9, 9, 9, 9, 9, 9, 9, 9, 9, 9, 9, 9, 9, 9, 9, 9, 9, 9, 9, 9, 9, 9, 9, 9, 9, 9, 9, 9, 9, 9, 9, 9, 9, 9, 9, 9, 9, 9, 9, 9, 9, 9, 9, 9, 9, 9, 9, 9, 9, 9, 9, 9, 9, 9, 9, 9, 9, 9, 9, 9, 9, 9, 9, 9, 9, 9, 9, 9, 9, 9, 9, 9, 9, 9, 9, 9, 9, 9, 9, 9, 9, 9, 9, 9, 9, 9, 9, 9, 9, 9, 9, 9, 9, 9, 9, 9, 9, 9, 9, 9, 9, 9, 9, 9, 9, 9, 9, 9, 9, 9, 9, 9, 9, 9, 9, 9, 9, 9, 9, 9, 9, 9, 9, 9, 9, 9, 9, 9, 9, 9, 9, 9, 9, 9, 9, 9, 9, 9, 9, 9, 9, 9, 9, 9, 9, 9, 9, 9, 9, 9, 9, 9, 9, 9, 9, 9, 9, 9, 9, 9, 9, 9, 9, 9, 9, 9, 9, 9, 9, 9, 9, 9, 9, 9, 9, 9, 9, 9, 9, 9, 9, 9, 9, 9, 9, 9, 9, 9, 9, 9, 9, 9, 9, 9, 9, 9, 9, 9, 9, 9, 9, 9, 9, 9, 9, 9, 9]
[2, 2, 2, 2, 2, 2, 2, 2, 2, 2, 2, 2, 2, 2, 2, 2, 2, 2, 2, 2, 2, 2, 2, 2, 2, 2, 2, 2, 2, 2, 2, 2, 2, 2, 2, 2, 2, 2, 2, 2, 2, 2, 2, 2, 2, 2, 2, 2, 2, 2, 2, 2, 2, 2, 2, 2, 2, 2, 2, 2, 2, 2, 2, 2, 2, 2, 2, 2, 2, 2, 2, 2, 2, 2, 2, 2, 2, 2, 2, 2, 2, 2, 2, 2, 2, 2, 2, 2, 2, 2, 2, 2, 2, 2, 2, 2, 2, 2, 2, 2, 2, 2, 2, 2, 2, 2, 2, 2, 2, 2, 2, 2, 2, 2, 2, 2, 2, 2, 2, 2, 2, 2, 2, 2, 2, 2, 2, 2, 2, 2, 2, 2, 2, 2, 2, 2, 2, 2, 2, 2, 2, 2, 2, 2, 2, 2, 2, 2, 2, 2, 2, 2, 2, 2, 2, 2, 2, 2, 2, 2, 2, 2, 2, 2, 2, 2, 2, 2, 2, 2, 2, 2, 2, 2, 2, 2, 2, 2, 2, 2, 2, 2, 2, 2, 2, 2, 2, 2, 2, 2, 2, 2, 2, 2, 2, 2, 2, 2, 2, 2, 2, 2, 2, 2, 2, 2, 2, 2, 2, 2, 2, 2, 2, 2, 2, 2, 2, 2, 2, 2, 2, 2, 2, 2, 2, 2, 2, 2, 2, 2, 2, 2, 2, 2, 2, 2, 2, 2, 2, 2, 2, 2, 2, 2, 2, 2, 2, 2, 2, 2, 2, 2, 2, 2, 2, 2, 2, 2, 2, 2, 2, 2, 2, 2, 2, 2, 2, 2, 2, 2, 2, 2, 2, 2, 2, 2, 2, 2, 2, 2, 2, 2, 2, 2, 2, 2, 2, 2, 2, 2, 2, 2, 2, 2, 2, 2, 2, 2, 2, 2, 2, 2, 2, 2, 2, 2, 2, 2, 2, 2, 2, 2, 2, 2, 2, 2, 2, 2, 2, 2, 2, 2, 2, 2, 2, 2, 2, 2, 2, 2, 2, 2, 2, 2, 2, 2, 2, 2, 2, 2, 2, 2, 2, 2, 2, 2, 2, 2, 2, 2, 2, 2, 2, 2, 2, 2, 2, 2, 2, 2, 2, 2, 2, 2, 2, 2, 2, 2, 2, 2, 2, 2, 2, 2, 2, 2, 2, 2, 2, 2, 2, 2, 2, 2, 2, 2, 2, 2, 2, 2, 2, 2, 2, 2, 2, 2, 2, 2, 2, 2, 2, 2, 2, 2, 2, 2, 2, 2, 2, 2, 2, 2, 2, 2, 2, 2, 2, 2, 2, 2, 2, 2, 2, 2, 2, 2, 2, 2, 2, 2, 2, 2, 2, 2, 2, 2, 2, 2, 2, 2, 2, 2, 2, 2, 2, 2, 2, 2, 2, 2, 2, 2, 2, 2, 2, 2, 2, 2, 2, 2, 2, 2, 2, 2, 2, 2, 2, 2, 2, 2, 2, 2, 2, 2, 2, 2, 2, 2, 2, 2, 2, 2, 2, 2, 2, 2, 2, 2, 2, 2, 2, 2, 2, 2, 2, 2, 2, 2, 2, 2, 2, 2, 2, 2, 2, 2, 2, 2, 2, 2, 2, 2, 2, 2, 2, 2, 2, 2, 2, 2, 2, 2, 2, 2, 2, 2, 2, 2, 2, 2, 2, 2, 2, 2, 2, 2, 2, 2, 2, 2, 2, 2, 2, 2, 2, 2, 2, 2, 2, 2, 2, 2, 2, 2, 2, 2, 2, 2, 2, 2, 2, 2, 2, 2, 2, 2, 2, 2, 2, 2, 2, 2, 2, 2, 2, 2, 2, 2, 2, 2, 2, 2, 2, 2, 2, 2, 2, 2, 2, 2, 2, 2, 2, 2, 2, 2, 2, 2, 2, 2, 2, 2, 2, 2, 2, 2, 2, 2, 2, 2, 2, 2, 2, 2, 2, 2, 2, 2, 2, 2, 2, 2, 2, 2, 2, 2, 2, 2, 2, 2, 2, 2, 2, 2, 2, 2, 2, 2, 2, 2, 2, 2, 2, 2, 2, 2, 2, 2, 2, 2, 2, 2, 2, 2, 2, 2, 2, 2, 2, 3, 3, 3, 3, 3, 3, 3, 3, 3, 3, 3, 3, 3, 3, 3, 3, 3, 3, 3, 3, 3, 3, 3, 3, 3, 3, 3, 3, 3, 3, 3, 3, 3, 3, 3, 3, 3, 3, 3, 3, 3, 3, 3, 3, 3, 3, 3, 3, 3, 3, 3, 3, 3, 3, 3, 3, 3, 3, 3, 3, 3, 3, 3, 3, 3, 3, 3, 3, 3, 3, 3, 3, 3, 3, 3, 3, 3, 3, 3, 3, 3, 3, 3, 3, 3, 3, 3, 3, 3, 3, 3, 3, 3, 3, 3, 3, 3, 3, 3, 3, 3, 3, 3, 3, 3, 3, 3, 3, 3, 3, 3, 3, 3, 3, 3, 3, 3, 3, 3, 3, 3, 3, 3, 3, 3, 3, 3, 3, 3, 3, 3, 3, 3, 3, 3, 3, 3, 3, 3, 3, 3, 3, 3, 3, 3, 3, 3, 3, 3, 3, 3, 3, 3, 3, 3, 3, 3, 3, 3, 3, 3, 3, 3, 3, 3, 3, 3, 3, 3, 3, 3, 3, 3, 3, 3, 3, 3, 3, 3, 3, 3, 3, 3, 3, 3, 3, 3, 3, 3, 3, 3, 3, 3, 3, 3, 3, 3, 3, 3, 3, 3, 3, 3, 3, 3, 3, 3, 3, 3, 3, 3, 3, 3, 3, 3, 3, 3, 3, 3, 3, 3, 3, 3, 3, 3, 3, 3, 3, 3, 3, 3, 3, 3, 3, 3, 3, 3, 3, 3, 3, 3, 3, 3, 3, 3, 3, 3, 3, 3, 3, 3, 3, 3, 3, 3, 3, 3, 3, 3, 3, 3, 3, 3, 3, 3, 3, 3, 3, 3, 3, 3, 3, 3, 3, 3, 3, 3, 3, 3, 3, 3, 3, 3, 3, 3, 3, 3, 3, 3, 3, 3, 3, 3, 3, 3, 3, 3, 3, 3, 3, 3, 3, 3, 3, 3, 3, 3, 3, 3, 3, 3, 3, 3, 3, 3, 3, 3, 3, 3, 3, 3, 3, 3, 3, 3, 3, 3, 3, 3, 3, 3, 3, 3, 3, 3, 3, 3, 3, 3, 3, 3, 3, 3, 3, 3, 3, 3, 3, 3, 3, 3, 3, 3, 3, 3, 3, 3, 3, 3, 3, 3, 3, 3, 3, 3, 3, 3, 3, 3, 3, 3, 3, 3, 3, 3, 3, 3, 3, 3, 3, 3, 3, 3, 3, 3, 3, 3, 3, 3, 3, 3, 3, 3, 3, 3, 3, 3, 3, 3, 3, 3, 3, 3, 3, 3, 3, 3, 3, 3, 3, 3, 3, 3, 3, 3, 3, 3, 3, 3, 3, 3, 3, 3, 3, 3, 3, 3, 3, 3, 3, 3, 3, 3, 3, 3, 3, 3, 3, 3, 3, 3, 3, 3, 3, 3, 3, 3, 3, 3, 3, 3, 3, 3, 3, 3, 3, 3, 3, 3, 3, 3, 3, 3, 3, 3, 3, 3, 3, 3, 3, 3, 3, 3, 3, 3, 3, 3, 3, 3, 3, 3, 3, 3, 3, 3, 3, 3, 3, 3, 3, 3, 3, 3, 3, 3, 3, 3, 3, 3, 3, 3, 3, 3, 3, 3, 3, 3, 3, 3, 3, 3, 3, 3, 3, 3, 3, 3, 3, 3, 3, 3, 3, 3, 3, 3, 3, 3, 3, 3, 3, 3, 3, 3, 3, 3, 3, 3, 3, 3, 3, 3, 3, 3, 3, 3, 3, 3, 3, 3, 3, 3, 3, 3, 3, 3, 3, 3, 3, 3, 3, 3, 3, 3, 3, 3, 3, 3, 3, 3, 3, 3, 3, 3, 3, 3, 3, 3, 3, 3, 3, 3, 3, 3, 3, 3, 3, 3, 3, 3, 3, 3, 3, 3, 3, 3, 3, 3, 3, 3, 3, 3, 3, 3, 3, 3, 3, 3, 3, 3, 3, 3, 3, 3, 3, 3, 3, 3, 3, 3, 3, 3, 3, 3, 3, 3, 3, 3, 3, 3, 3, 3, 3, 3, 3, 3, 3, 3, 3, 3, 3, 3, 3, 3, 3, 3, 3, 3, 3, 3, 3, 3, 3, 3, 3, 3, 3, 3, 3, 3, 7, 8, 8, 8, 8, 8, 8, 8, 8, 8, 8, 8, 8, 8, 8, 8, 8, 8, 8, 8, 8, 8, 8, 8, 8, 8, 8, 8, 8, 8, 8, 8, 8, 8, 8, 8, 8, 8, 8, 8, 8, 8, 8, 8, 8, 8, 8, 8, 8, 8, 8, 8, 8, 8, 8, 8, 8, 8, 8, 8, 8, 8, 8, 8, 8, 8, 8, 8, 8, 8, 8, 8, 8, 8, 8, 8, 8, 8, 8, 8, 8, 8, 8, 8, 8, 8, 8, 8, 8, 8, 8, 8, 8, 8, 8, 8, 8, 8, 8, 8, 8, 8, 8, 8, 8, 8, 8, 8, 8, 8, 8, 8, 8, 8, 8, 8, 8, 8, 8, 8, 8, 8, 8, 8, 8, 8, 8, 8, 8, 8, 8, 8, 8, 8, 8, 8, 8, 8, 8, 8, 8, 8, 8, 8, 8, 8, 8, 8, 8, 8, 8, 8, 8, 8, 8, 8, 8, 8, 8, 8, 8, 8, 8, 8, 8, 8, 8, 8, 8, 8, 8, 8, 8, 8, 8, 8, 8, 8, 8, 8, 8, 8, 8, 8, 8, 8, 8, 8, 8, 8, 8, 8, 8, 8, 8, 8, 8, 8, 8, 8, 8, 8, 8, 8, 8, 8, 8, 8, 8, 8, 8, 8, 8, 8, 8, 8, 8, 8, 8, 8, 8, 8, 8, 8, 8, 8, 8, 8, 8, 8, 8, 8, 8, 8, 8, 8, 8, 8, 8, 8, 8, 8, 8, 8, 8, 8, 8, 8, 8, 8, 8, 8, 8, 8, 8, 8, 8, 8, 8, 8, 8, 8, 8, 8, 8, 8, 8, 8, 8, 8, 8, 8, 8, 8, 8, 8, 8, 8, 8, 8, 8, 8, 8, 8, 8, 8, 8, 8, 8, 8, 8, 8, 8, 8, 8, 8, 8, 8, 8, 8, 8, 8, 8, 8, 8, 8, 8, 8, 8, 8, 8, 8, 8, 8, 8, 8, 8, 8, 8, 8, 8, 8, 8, 8, 8, 8, 8, 8, 8, 8, 8, 8, 8, 8, 8, 8, 8, 8, 8, 8, 8, 8, 8, 8, 8, 8, 8, 8, 8, 8, 8, 8, 8, 8, 8, 8, 8, 8, 8, 8, 8, 8, 8, 8, 8, 8, 8, 8, 8, 8, 8, 8, 8, 8, 8, 8, 8, 8, 8, 8, 8, 8, 8, 8, 8, 8, 8, 8, 8, 8, 8, 8, 8, 8, 8, 8, 8, 8, 8, 8, 8, 8, 8, 8, 8, 8, 8, 8, 8, 8, 8, 8, 8, 8, 8, 8, 8, 8, 8, 8, 8, 8, 8, 8, 8, 8, 8, 8, 8, 8, 8, 8, 8, 8, 8, 8, 8, 8, 8, 8, 8, 8, 8, 8, 8, 8, 8, 8, 8, 8, 8, 8, 8, 8, 8, 8, 8, 8, 8, 8, 8, 8, 8, 8, 8, 8, 8, 8, 8, 8, 8, 8, 8, 8, 8, 8, 8, 8, 8, 8, 8, 8, 8, 8, 8, 8, 8, 8, 8, 8, 8, 8, 8, 8, 8, 8, 8, 8, 8, 8, 8, 8, 8, 8, 8, 8, 8, 8, 8, 8, 8, 8, 8, 8, 8, 8, 8, 8, 8, 8, 8, 8, 8, 8, 8, 8, 8, 8, 8, 8, 8, 8, 8, 8, 8, 8, 8, 8, 8, 8, 8, 8, 8, 8, 8, 8, 8, 8, 8, 8, 8, 8, 8, 8, 8, 8, 8, 8, 8, 8, 8, 8, 8, 8, 8, 8, 8, 8, 8, 8, 8, 8, 8, 8, 8, 8, 8, 8, 8, 8, 8, 8, 8, 8, 8, 8, 8, 8, 8, 8, 8, 8, 8, 8, 8, 8, 8, 8, 8, 8, 8, 8, 8, 8, 8, 8, 8, 8, 8, 8, 8, 8, 8, 8, 8, 8, 8, 8, 8, 8, 8, 8, 8, 8, 8, 8, 8, 8, 8, 8, 8, 8, 8, 8, 8, 8, 8, 8, 8, 8, 8, 8, 8, 8, 8, 8, 8, 8, 8, 8, 8, 8, 8, 8, 8, 8, 8, 8, 9, 9, 9, 9, 9, 9, 9, 9, 9, 9, 9, 9, 9, 9, 9, 9, 9, 9, 9, 9, 9, 9, 9, 9, 9, 9, 9, 9, 9, 9, 9, 9, 9, 9, 9, 9, 9, 9, 9, 9, 9, 9, 9, 9, 9, 9, 9, 9, 9, 9, 9, 9, 9, 9, 9, 9, 9, 9, 9, 9, 9, 9, 9, 9, 9, 9, 9, 9, 9, 9, 9, 9, 9, 9, 9, 9, 9, 9, 9, 9, 9, 9, 9, 9, 9, 9, 9, 9, 9, 9, 9, 9, 9, 9, 9, 9, 9, 9, 9, 9, 9, 9, 9, 9, 9, 9]
[0, 0, 0, 0, 0, 0, 0, 0, 0, 0, 0, 0, 0, 0, 0, 0, 0, 0, 0, 0, 0, 0, 0, 0, 0, 0, 0, 0, 0, 0, 0, 0, 0, 0, 0, 0, 0, 0, 0, 0, 0, 0, 0, 0, 0, 0, 0, 0, 0, 0, 0, 0, 0, 0, 0, 0, 0, 0, 0, 0, 0, 0, 0, 0, 0, 0, 0, 0, 0, 0, 0, 0, 0, 0, 0, 0, 0, 0, 0, 0, 0, 0, 0, 0, 0, 0, 0, 0, 0, 0, 0, 0, 0, 0, 0, 0, 0, 0, 0, 0, 0, 0, 0, 0, 0, 0, 0, 0, 0, 0, 0, 0, 0, 0, 0, 0, 0, 0, 0, 0, 0, 0, 0, 0, 0, 0, 0, 0, 0, 0, 0, 0, 0, 0, 0, 0, 0, 0, 0, 0, 0, 0, 0, 0, 0, 0, 0, 0, 0, 0, 0, 0, 0, 0, 0, 0, 0, 0, 0, 0, 0, 0, 0, 0, 0, 0, 0, 0, 0, 0, 0, 0, 0, 0, 0, 0, 0, 0, 0, 0, 0, 0, 0, 0, 0, 0, 0, 0, 0, 0, 0, 0, 0, 0, 0, 0, 0, 0, 0, 0, 0, 0, 0, 0, 0, 0, 0, 0, 0, 0, 0, 0, 0, 0, 0, 0, 0, 0, 0, 0, 0, 0, 0, 0, 0, 0, 0, 0, 0, 0, 0, 0, 0, 0, 0, 0, 0, 0, 0, 0, 0, 0, 0, 0, 0, 0, 0, 0, 0, 0, 0, 0, 0, 0, 0, 0, 0, 0, 0, 0, 0, 0, 0, 0, 0, 0, 0, 0, 0, 0, 0, 0, 0, 0, 0, 0, 0, 0, 0, 0, 0, 0, 0, 0, 0, 0, 0, 0, 0, 0, 0, 0, 0, 0, 0, 0, 0, 0, 0, 0, 0, 0, 0, 0, 0, 0, 0, 0, 0, 0, 0, 0, 0, 0, 0, 0, 0, 0, 0, 0, 0, 0, 0, 0, 0, 0, 0, 0, 0, 0, 0, 0, 0, 0, 0, 0, 0, 0, 0, 0, 0, 0, 0, 0, 0, 0, 0, 0, 0, 0, 0, 0, 0, 0, 0, 0, 0, 0, 0, 0, 0, 0, 0, 0, 0, 0, 0, 0, 0, 0, 0, 0, 0, 0, 0, 0, 0, 0, 0, 0, 0, 0, 0, 0, 0, 0, 0, 0, 0, 0, 0, 0, 0, 0, 0, 0, 0, 0, 0, 0, 0, 0, 0, 0, 0, 0, 0, 0, 0, 0, 0, 0, 0, 0, 0, 0, 0, 0, 0, 0, 0, 0, 0, 0, 0, 0, 0, 0, 0, 0, 0, 0, 0, 0, 0, 0, 0, 0, 0, 0, 0, 0, 0, 0, 0, 0, 0, 0, 0, 0, 0, 0, 0, 0, 0, 0, 0, 0, 0, 0, 0, 0, 0, 0, 0, 0, 0, 0, 0, 0, 0, 0, 0, 0, 0, 0, 0, 0, 0, 0, 0, 0, 0, 0, 0, 0, 0, 0, 0, 0, 0, 0, 0, 0, 0, 0, 0, 0, 0, 0, 0, 0, 0, 0, 0, 0, 0, 0, 0, 0, 0, 0, 0, 0, 0, 0, 0, 0, 0, 0, 0, 0, 0, 0, 0, 0, 0, 0, 0, 0, 0, 0, 0, 0, 0, 0, 0, 0, 0, 0, 0, 0, 0, 0, 0, 0, 0, 0, 0, 0, 0, 0, 0, 0, 0, 0, 0, 0, 0, 0, 0, 0, 0, 0, 0, 0, 0, 0, 0, 0, 0, 0, 0, 0, 0, 0, 0, 0, 0, 0, 0, 0, 0, 0, 0, 0, 0, 0, 0, 0, 0, 0, 0, 0, 0, 0, 0, 0, 0, 0, 0, 0, 0, 0, 0, 0, 0, 0, 0, 0, 0, 0, 0, 0, 0, 0, 0, 0, 0, 0, 0, 0, 0, 0, 0, 0, 0, 0, 0, 0, 0, 0, 0, 0, 0, 0, 0, 0, 0, 0, 0, 0, 0, 0, 0, 0, 0, 0, 0, 0, 0, 0, 0, 0, 0, 0, 0, 0, 0, 0, 1, 2, 3, 4, 5, 5, 5, 5, 5, 5, 5, 5, 5, 5, 5, 5, 5, 5, 5, 5, 5, 5, 5, 5, 5, 5, 5, 5, 5, 5, 5, 5, 5, 5, 5, 5, 5, 5, 5, 5, 5, 5, 5, 5, 5, 5, 5, 5, 5, 5, 5, 5, 5, 5, 5, 5, 5, 5, 5, 5, 5, 5, 5, 5, 5, 5, 5, 5, 5, 5, 5, 5, 5, 5, 5, 5, 5, 5, 5, 5, 5, 5, 5, 5, 5, 5, 5, 5, 5, 5, 5, 5, 5, 5, 5, 5, 5, 5, 5, 5, 5, 5, 5, 5, 5, 5, 5, 5, 5, 5, 5, 5, 5, 5, 5, 5, 5, 5, 5, 5, 5, 5, 5, 5, 5, 5, 5, 5, 5, 5, 5, 5, 5, 5, 5, 5, 5, 5, 5, 5, 5, 5, 5, 5, 5, 5, 5, 5, 5, 5, 5, 5, 5, 5, 5, 5, 5, 5, 5, 5, 5, 5, 5, 5, 5, 5, 5, 5, 5, 5, 5, 5, 5, 5, 5, 5, 5, 5, 5, 5, 5, 5, 5, 5, 5, 5, 5, 5, 5, 5, 5, 5, 5, 5, 5, 5, 5, 5, 5, 5, 5, 5, 5, 5, 5, 5, 5, 5, 5, 5, 5, 5, 5, 5, 5, 5, 5, 5, 5, 5, 5, 5, 5, 5, 5, 5, 5, 5, 5, 5, 5, 5, 5, 5, 5, 5, 5, 5, 5, 5, 5, 5, 5, 5, 5, 5, 5, 5, 5, 5, 5, 5, 5, 5, 5, 5, 5, 5, 5, 5, 5, 5, 5, 5, 5, 5, 5, 5, 5, 5, 5, 5, 5, 5, 5, 5, 5, 5, 5, 5, 5, 5, 5, 5, 5, 5, 5, 5, 5, 5, 5, 5, 5, 5, 5, 5, 5, 5, 5, 5, 5, 5, 5, 5, 5, 5, 5, 5, 5, 5, 5, 5, 5, 5, 5, 5, 5, 5, 5, 5, 5, 5, 5, 5, 5, 5, 5, 5, 5, 5, 5, 5, 5, 5, 5, 5, 5, 5, 5, 5, 5, 5, 5, 5, 5, 5, 5, 5, 5, 5, 5, 5, 5, 5, 5, 5, 5, 5, 5, 5, 5, 5, 5, 5, 5, 5, 5, 5, 5, 5, 5, 5, 5, 5, 5, 5, 5, 5, 5, 5, 5, 5, 5, 5, 5, 5, 5, 5, 5, 5, 5, 5, 5, 5, 5, 5, 5, 5, 5, 5, 5, 5, 5, 5, 5, 5, 5, 5, 5, 5, 5, 5, 5, 5, 5, 5, 5, 5, 5, 5, 5, 5, 5, 5, 5, 5, 5, 5, 5, 5, 5, 5, 5, 5, 5, 5, 5, 5, 5, 5, 5, 5, 5, 5, 5, 5, 5, 5, 5, 5, 5, 5, 5, 5, 5, 5, 5, 5, 5, 5, 5, 5, 5, 5, 5, 5, 5, 5, 5, 5, 5, 5, 5, 5, 5, 5, 5, 5, 5, 5, 5, 5, 5, 5, 5, 5, 5, 5, 5, 5, 5, 5, 5, 5, 5, 5, 5, 5, 5, 5, 5, 5, 5, 5, 5, 5, 5, 5, 5, 5, 5, 5, 5, 5, 5, 5, 5, 5, 5, 5, 5, 5, 5, 5, 5, 5, 5, 5, 5, 5, 5, 5, 5, 5, 5, 5, 5, 5, 5, 5, 5, 5, 5, 5, 5, 5, 5, 5, 5, 5, 5, 5, 5, 5, 5, 5, 5, 5, 5, 5, 5, 5, 5, 5, 5, 5, 5, 5, 5, 5, 5, 5, 5, 5, 5, 5, 5, 5, 5, 5, 5, 5, 5, 5, 5, 5, 5, 5, 5, 5, 5, 5, 5, 5, 5, 5, 5, 5, 5, 5, 5, 5, 5, 5, 5, 5, 5, 5, 5, 5, 5, 5, 5, 5, 5, 5, 5, 5, 5, 5, 5, 5, 5, 5, 5, 5, 5, 5, 5, 5, 5, 5, 5, 5, 5, 5, 5, 5, 5, 5, 5, 5, 5, 5, 5, 5, 5, 5, 5, 5, 5, 5, 5, 5, 5, 5, 5, 5, 5, 5, 5, 5, 5, 5, 6, 6, 6, 6, 6, 6, 6, 6, 6, 6, 6, 6, 6, 6, 6, 6, 6, 6, 6, 6, 6, 6, 6, 6, 6, 6, 6, 6, 6, 6, 6, 6, 6, 6, 6, 6, 6, 6, 6, 6, 6, 6, 6, 6, 6, 6, 6, 6, 6, 6, 6, 6, 6, 6, 6, 6, 6, 6, 6, 6, 6, 6, 6, 6, 6, 6, 6, 6, 6, 6, 6, 6, 6, 6, 6, 6, 6, 6, 6, 6, 6, 6, 6, 6, 6, 6, 6, 6, 6, 6, 6, 6, 6, 6, 6, 6, 6, 6, 6, 6, 6, 6, 6, 6, 6, 6, 6, 6, 6, 6, 6, 6, 6, 6, 6, 6, 6, 6, 6, 6, 6, 6, 6, 6, 6, 6, 6, 6, 6, 6, 6, 6, 6, 6, 6, 6, 6, 6, 6, 6, 6, 6, 6, 6, 6, 6, 6, 6, 6, 6, 6, 6, 6, 6, 6, 6, 6, 6, 6, 6, 6, 6, 6, 6, 6, 6, 6, 6, 6, 6, 6, 6, 6, 6, 6, 6, 6, 6, 6, 6, 6, 6, 6, 6, 6, 6, 6, 6, 6, 6, 6, 6, 6, 6, 6, 6, 6, 6, 6, 6, 6, 6, 6, 6, 6, 6, 6, 6, 6, 6, 6, 6, 6, 6, 6, 6, 6, 6, 6, 6, 6, 6, 6, 6, 6, 6, 6, 6, 6, 6, 6, 6, 6, 6, 6, 6, 6, 6, 6, 6, 6, 6, 6, 6, 6, 6, 6, 6, 6, 6, 6, 6, 6, 6, 6, 6, 6, 6, 6, 6, 6, 6, 6, 6, 6, 6, 6, 6, 6, 6, 6, 6, 6, 6, 6, 6, 6, 6, 6, 6, 6, 6, 6, 6, 6, 6, 6, 6, 6, 6, 6, 6, 6, 6, 6, 6, 6, 6, 6, 6, 6, 6, 6, 6, 6, 6, 6, 6, 6, 6, 6, 6, 6, 6, 6, 6, 6, 6, 6, 6, 6, 6, 6, 6, 6, 6, 6, 6, 6, 6, 6, 6, 6, 6, 6, 6, 6, 6, 6, 6, 6, 6, 6, 6, 6, 6, 6, 6, 6, 6, 6, 6, 6, 6, 6, 6, 6, 6, 6, 6, 6, 6, 6, 6, 6, 6, 6, 6, 6, 6, 6, 6, 6, 6, 6, 6, 6, 6, 6, 6, 6, 6, 6, 6, 6, 6, 6, 6, 6, 6, 6, 6, 6, 6, 6, 6, 6, 6, 6, 6, 6, 6, 6, 6, 6, 6, 6, 6, 6, 6, 6, 6, 6, 6, 6, 6, 6, 6, 6, 6, 6, 6, 6, 6, 6, 6, 6, 6, 6, 6, 6, 6, 6, 6, 6, 6, 6, 6, 6, 6, 6, 6, 6, 6, 6, 6, 6, 6, 6, 6, 6, 6, 6, 6, 6, 6, 6, 6, 6, 6, 6, 6, 6, 6, 6, 6, 6, 6, 6, 6, 6, 6, 6, 7, 7, 7, 7, 7, 7, 7, 7, 7, 7, 7, 7, 7, 7, 7, 7, 7, 7, 7, 7, 7, 7, 7, 7, 7, 7, 7, 7, 7, 7, 7, 7, 7, 7, 7, 7, 7, 7, 7, 7, 7, 7, 7, 7, 7, 7, 7, 7, 7, 7, 7, 7, 7, 7, 7, 7, 7, 7, 7, 7, 7, 7, 7, 7, 7, 7, 7, 7, 7, 7, 7, 7, 7, 7, 7, 7, 7, 7, 7, 7, 7, 7, 7, 7, 7, 7, 7, 7, 7, 7, 7, 7, 7, 7, 7, 7, 7, 7, 7, 7, 7, 7, 7, 7, 7, 7, 7, 7, 7, 7, 7, 7, 7, 7, 7, 7, 7, 7, 7, 7, 7, 7, 7, 7, 7, 7, 7, 7, 7, 7, 7, 7, 7, 7, 7, 7, 7, 7, 7, 7, 7, 7, 7, 7, 7, 7, 7, 7, 7, 7, 7, 7, 7, 7, 7, 7, 7, 7, 7, 7, 7, 7, 7, 7, 7, 7, 7, 7, 7, 7, 7, 7, 7, 7, 7, 7, 7, 7, 7, 7, 7, 7, 7, 7, 7, 7, 7, 7, 7, 7, 7, 7, 7, 7, 7, 7, 7, 7, 7, 7, 7, 7, 7, 7, 7, 7, 7, 7, 7, 7, 7, 7, 7, 7, 7, 7, 7, 7, 7, 7, 7, 7, 7, 7, 7, 7, 7, 7, 7, 7, 7, 7, 7, 7, 7, 7, 7, 7, 7, 7, 7, 7, 7, 7, 7, 7, 7, 7, 7, 7, 7, 7, 7, 7, 7, 7, 7, 7, 7, 7, 7, 7, 7, 7, 7, 7, 7, 7, 7, 7, 7, 7, 7, 7, 7, 7, 7, 7, 7, 7, 7, 7, 7, 7, 7, 7, 7, 7, 7, 7, 7, 7, 7, 7, 7, 7, 7, 7, 7, 7, 7, 7, 7, 7, 7, 7, 7, 7, 7, 7, 7, 7, 7, 7, 7, 7, 7, 7, 7, 7, 7, 7, 7, 7, 7, 7, 7, 7, 7, 7, 7, 7, 7, 7, 7, 7, 7, 7, 7, 7, 7, 7, 7, 7, 7, 7, 7, 7, 7, 7, 7, 7, 7, 7, 7, 7, 7, 7, 7, 7, 7, 7, 7, 7, 7, 7, 7, 7, 7, 7, 7, 7, 7, 7, 7, 7, 7, 7, 7, 7, 7, 7, 7, 7, 7, 7, 7, 7, 7, 7, 7, 7, 7, 7, 7, 7, 7, 7, 7, 7, 7, 7, 7, 7, 7, 7, 7, 7, 7, 7, 7, 7, 7, 7, 7, 7, 7, 7, 7, 7, 7, 7, 7, 7, 7, 7, 7, 7, 7, 7, 7, 7, 7, 7, 7, 7, 7, 7, 7, 7, 7, 7, 7, 7, 8, 8, 8, 9, 9, 9, 9, 9, 9, 9, 9, 9, 9, 9, 9, 9, 9, 9, 9]
shapelet initialized!
All 3 clients initialized.
Server device: cuda:0
Client worker groups: [[0], [1], [2]]
Client worker devices: ['cuda:0', 'cuda:0', 'cuda:0']
客户端选择未启用，所有客户端参与聚合
[fedcsl] precomputed client scale scores once in 0.415s; planned scale coverage: [1, 1, 3, 1, 3, 1, 1, 1]
[round 0] reused planned scale coverage: [1, 1, 3, 1, 3, 1, 1, 1]
/data/user_lixiongfei/CSL-main/train.py:801: UserWarning: Creating a tensor from a list of numpy.ndarrays is extremely slow. Please consider converting the list to a single numpy.ndarray with numpy.array() before converting to a tensor. (Triggered internally at ../torch/csrc/utils/tensor_new.cpp:278.)
  X = torch.tensor(X, dtype=torch.float)
Classification: train=1.0000 test=0.9513 round=0
[round 0] timing train=192.835s distribution=5.200s agg=0.021s eval=340.764s total=538.850s
[round 1] reused planned scale coverage: [1, 1, 3, 1, 3, 1, 1, 1]
Classification: train=1.0000 test=0.9523 round=1
[round 1] timing train=332.216s distribution=4.899s agg=0.062s eval=316.006s total=653.196s
[round 2] reused planned scale coverage: [1, 1, 3, 1, 3, 1, 1, 1]
Classification: train=1.0000 test=0.9541 round=2
[round 2] timing train=336.467s distribution=6.537s agg=0.061s eval=351.225s total=694.304s
[round 3] reused planned scale coverage: [1, 1, 3, 1, 3, 1, 1, 1]
Classification: train=1.0000 test=0.9563 round=3
[round 3] timing train=351.930s distribution=5.103s agg=0.050s eval=363.262s total=720.361s
[round 4] reused planned scale coverage: [1, 1, 3, 1, 3, 1, 1, 1]
Classification: train=1.0000 test=0.9554 round=4
[round 4] timing train=342.824s distribution=4.617s agg=0.028s eval=337.430s total=684.914s
[round 5] reused planned scale coverage: [1, 1, 3, 1, 3, 1, 1, 1]
Classification: train=1.0000 test=0.9573 round=5
[round 5] timing train=357.446s distribution=5.558s agg=0.055s eval=304.506s total=667.599s
[round 6] reused planned scale coverage: [1, 1, 3, 1, 3, 1, 1, 1]
Classification: train=1.0000 test=0.9577 round=6
[round 6] timing train=341.260s distribution=4.879s agg=0.074s eval=328.798s total=675.015s
[round 7] reused planned scale coverage: [1, 1, 3, 1, 3, 1, 1, 1]
Classification: train=1.0000 test=0.9591 round=7
[round 7] timing train=348.047s distribution=5.271s agg=0.033s eval=339.028s total=692.403s
[round 8] reused planned scale coverage: [1, 1, 3, 1, 3, 1, 1, 1]
Classification: train=1.0000 test=0.9609 round=8
[round 8] timing train=346.171s distribution=5.035s agg=0.041s eval=325.782s total=677.039s
[round 9] reused planned scale coverage: [1, 1, 3, 1, 3, 1, 1, 1]
Classification: train=1.0000 test=0.9609 round=9
[round 9] timing train=351.356s distribution=5.072s agg=0.055s eval=324.986s total=681.492s
[round 10] reused planned scale coverage: [1, 1, 3, 1, 3, 1, 1, 1]
Classification: train=1.0000 test=0.9618 round=10
[round 10] timing train=339.955s distribution=3.762s agg=0.059s eval=316.548s total=660.357s
[round 11] reused planned scale coverage: [1, 1, 3, 1, 3, 1, 1, 1]
Classification: train=1.0000 test=0.9623 round=11
[round 11] timing train=354.660s distribution=5.470s agg=0.061s eval=327.159s total=687.377s
[round 12] reused planned scale coverage: [1, 1, 3, 1, 3, 1, 1, 1]
Classification: train=1.0000 test=0.9618 round=12
[round 12] timing train=355.653s distribution=5.071s agg=0.031s eval=339.364s total=700.148s
[round 13] reused planned scale coverage: [1, 1, 3, 1, 3, 1, 1, 1]
Classification: train=1.0000 test=0.9604 round=13
[round 13] timing train=351.801s distribution=5.580s agg=0.075s eval=295.608s total=653.075s
[round 14] reused planned scale coverage: [1, 1, 3, 1, 3, 1, 1, 1]
Classification: train=1.0000 test=0.9609 round=14
[round 14] timing train=337.473s distribution=5.087s agg=0.026s eval=321.234s total=663.828s
[round 15] reused planned scale coverage: [1, 1, 3, 1, 3, 1, 1, 1]
Classification: train=1.0000 test=0.9613 round=15
[round 15] timing train=343.116s distribution=5.547s agg=0.040s eval=309.879s total=658.590s
[round 16] reused planned scale coverage: [1, 1, 3, 1, 3, 1, 1, 1]
Classification: train=1.0000 test=0.9632 round=16
[round 16] timing train=358.090s distribution=5.559s agg=0.034s eval=303.940s total=667.657s
[round 17] reused planned scale coverage: [1, 1, 3, 1, 3, 1, 1, 1]
Classification: train=1.0000 test=0.9632 round=17
[round 17] timing train=339.442s distribution=4.469s agg=0.046s eval=316.255s total=660.236s
[round 18] reused planned scale coverage: [1, 1, 3, 1, 3, 1, 1, 1]
Classification: train=1.0000 test=0.9636 round=18
[round 18] timing train=342.390s distribution=4.740s agg=0.017s eval=309.080s total=656.256s
[round 19] reused planned scale coverage: [1, 1, 3, 1, 3, 1, 1, 1]
Classification: train=1.0000 test=0.9636 round=19
[round 19] timing train=343.428s distribution=3.844s agg=0.014s eval=282.648s total=629.940s
[round 20] reused planned scale coverage: [1, 1, 3, 1, 3, 1, 1, 1]
Classification: train=1.0000 test=0.9627 round=20
[round 20] timing train=343.890s distribution=4.465s agg=0.035s eval=310.462s total=658.871s
[round 21] reused planned scale coverage: [1, 1, 3, 1, 3, 1, 1, 1]
Classification: train=1.0000 test=0.9618 round=21
[round 21] timing train=365.999s distribution=5.053s agg=0.055s eval=325.689s total=696.820s
[round 22] reused planned scale coverage: [1, 1, 3, 1, 3, 1, 1, 1]
Classification: train=1.0000 test=0.9604 round=22
[round 22] timing train=361.418s distribution=5.075s agg=0.105s eval=312.592s total=679.231s
[round 23] reused planned scale coverage: [1, 1, 3, 1, 3, 1, 1, 1]
Classification: train=1.0000 test=0.9600 round=23
[round 23] timing train=372.815s distribution=5.310s agg=0.216s eval=331.385s total=709.774s
[round 24] reused planned scale coverage: [1, 1, 3, 1, 3, 1, 1, 1]
Classification: train=1.0000 test=0.9613 round=24
[round 24] timing train=365.607s distribution=5.084s agg=0.122s eval=328.007s total=698.829s
[round 25] reused planned scale coverage: [1, 1, 3, 1, 3, 1, 1, 1]
Classification: train=1.0000 test=0.9627 round=25
[round 25] timing train=367.646s distribution=4.970s agg=0.070s eval=325.333s total=698.036s
[round 26] reused planned scale coverage: [1, 1, 3, 1, 3, 1, 1, 1]
Classification: train=1.0000 test=0.9627 round=26
[round 26] timing train=366.679s distribution=5.922s agg=0.099s eval=318.501s total=691.233s
[round 27] reused planned scale coverage: [1, 1, 3, 1, 3, 1, 1, 1]
Classification: train=1.0000 test=0.9636 round=27
[round 27] timing train=370.528s distribution=6.114s agg=0.079s eval=324.636s total=701.393s
[round 28] reused planned scale coverage: [1, 1, 3, 1, 3, 1, 1, 1]
Classification: train=1.0000 test=0.9659 round=28
[round 28] timing train=375.691s distribution=5.413s agg=0.053s eval=327.819s total=709.019s
[round 29] reused planned scale coverage: [1, 1, 3, 1, 3, 1, 1, 1]
Classification: train=1.0000 test=0.9659 round=29
[round 29] timing train=370.917s distribution=6.060s agg=0.088s eval=312.443s total=689.531s
[fedcsl] checkpoint saved → ./checkpoint/resume/fedcsl_SpokenArabicDigits_2026-05-04-10har_fedcsl-onehot-splitteacher_dir0.05.pt (round=30)
[round 30] reused planned scale coverage: [1, 1, 3, 1, 3, 1, 1, 1]
Classification: train=1.0000 test=0.9654 round=30
[round 30] timing train=361.818s distribution=4.805s agg=0.056s eval=326.342s total=693.036s
[round 31] reused planned scale coverage: [1, 1, 3, 1, 3, 1, 1, 1]
Classification: train=1.0000 test=0.9650 round=31
[round 31] timing train=370.941s distribution=6.460s agg=0.080s eval=312.735s total=690.251s
[round 32] reused planned scale coverage: [1, 1, 3, 1, 3, 1, 1, 1]
Classification: train=1.0000 test=0.9659 round=32
[round 32] timing train=364.236s distribution=5.088s agg=0.032s eval=300.888s total=670.280s
[round 33] reused planned scale coverage: [1, 1, 3, 1, 3, 1, 1, 1]
Classification: train=1.0000 test=0.9673 round=33
[round 33] timing train=362.322s distribution=5.547s agg=0.092s eval=324.889s total=692.876s
[round 34] reused planned scale coverage: [1, 1, 3, 1, 3, 1, 1, 1]
Classification: train=1.0000 test=0.9673 round=34
[round 34] timing train=360.712s distribution=5.079s agg=0.041s eval=318.191s total=684.031s
[round 35] reused planned scale coverage: [1, 1, 3, 1, 3, 1, 1, 1]
Classification: train=1.0000 test=0.9677 round=35
[round 35] timing train=372.025s distribution=6.168s agg=0.142s eval=332.167s total=710.513s
[round 36] reused planned scale coverage: [1, 1, 3, 1, 3, 1, 1, 1]
Classification: train=1.0000 test=0.9677 round=36
[round 36] timing train=365.736s distribution=5.227s agg=0.053s eval=319.201s total=690.229s
[round 37] reused planned scale coverage: [1, 1, 3, 1, 3, 1, 1, 1]
Classification: train=1.0000 test=0.9682 round=37
[round 37] timing train=367.865s distribution=4.937s agg=0.053s eval=313.592s total=686.470s
[round 38] reused planned scale coverage: [1, 1, 3, 1, 3, 1, 1, 1]
Classification: train=1.0000 test=0.9677 round=38
[round 38] timing train=374.291s distribution=5.831s agg=0.066s eval=314.482s total=694.696s
[round 39] reused planned scale coverage: [1, 1, 3, 1, 3, 1, 1, 1]
Classification: train=1.0000 test=0.9686 round=39
[round 39] timing train=367.772s distribution=5.058s agg=0.037s eval=316.832s total=689.763s
[round 40] reused planned scale coverage: [1, 1, 3, 1, 3, 1, 1, 1]
Classification: train=1.0000 test=0.9691 round=40
[round 40] timing train=363.728s distribution=4.162s agg=0.028s eval=320.252s total=688.179s
[round 41] reused planned scale coverage: [1, 1, 3, 1, 3, 1, 1, 1]
Classification: train=1.0000 test=0.9691 round=41
[round 41] timing train=376.177s distribution=5.732s agg=0.100s eval=313.875s total=695.899s
[round 42] reused planned scale coverage: [1, 1, 3, 1, 3, 1, 1, 1]
Classification: train=1.0000 test=0.9686 round=42
[round 42] timing train=361.237s distribution=6.486s agg=0.102s eval=299.774s total=667.626s
[round 43] reused planned scale coverage: [1, 1, 3, 1, 3, 1, 1, 1]
Classification: train=1.0000 test=0.9686 round=43
[round 43] timing train=358.076s distribution=5.256s agg=0.107s eval=323.985s total=687.458s
[round 44] reused planned scale coverage: [1, 1, 3, 1, 3, 1, 1, 1]
Classification: train=1.0000 test=0.9686 round=44
[round 44] timing train=356.151s distribution=5.360s agg=0.122s eval=298.330s total=659.980s
[round 45] reused planned scale coverage: [1, 1, 3, 1, 3, 1, 1, 1]
Classification: train=1.0000 test=0.9682 round=45
[round 45] timing train=372.106s distribution=5.116s agg=0.089s eval=311.889s total=689.278s
[round 46] reused planned scale coverage: [1, 1, 3, 1, 3, 1, 1, 1]
Classification: train=1.0000 test=0.9668 round=46
[round 46] timing train=365.453s distribution=5.615s agg=0.135s eval=324.389s total=695.604s
[round 47] reused planned scale coverage: [1, 1, 3, 1, 3, 1, 1, 1]
Classification: train=1.0000 test=0.9677 round=47
[round 47] timing train=362.828s distribution=4.881s agg=0.106s eval=320.546s total=688.398s
[round 48] reused planned scale coverage: [1, 1, 3, 1, 3, 1, 1, 1]
Classification: train=1.0000 test=0.9682 round=48
[round 48] timing train=375.816s distribution=5.842s agg=0.070s eval=315.672s total=697.420s
[round 49] reused planned scale coverage: [1, 1, 3, 1, 3, 1, 1, 1]
Classification: train=1.0000 test=0.9682 round=49
[round 49] timing train=358.462s distribution=4.750s agg=0.055s eval=300.687s total=663.965s
[round 50] reused planned scale coverage: [1, 1, 3, 1, 3, 1, 1, 1]
Classification: train=1.0000 test=0.9677 round=50
[round 50] timing train=358.552s distribution=5.125s agg=0.046s eval=306.711s total=670.441s
[round 51] reused planned scale coverage: [1, 1, 3, 1, 3, 1, 1, 1]
Classification: train=1.0000 test=0.9673 round=51
[round 51] timing train=329.049s distribution=5.519s agg=0.028s eval=302.746s total=637.360s
[round 52] reused planned scale coverage: [1, 1, 3, 1, 3, 1, 1, 1]
Classification: train=1.0000 test=0.9663 round=52
[round 52] timing train=366.991s distribution=4.981s agg=0.113s eval=325.755s total=697.869s
[round 53] reused planned scale coverage: [1, 1, 3, 1, 3, 1, 1, 1]
Classification: train=1.0000 test=0.9654 round=53
[round 53] timing train=349.737s distribution=5.711s agg=0.077s eval=326.276s total=681.835s
[round 54] reused planned scale coverage: [1, 1, 3, 1, 3, 1, 1, 1]
Classification: train=1.0000 test=0.9645 round=54
[round 54] timing train=378.310s distribution=5.001s agg=0.075s eval=333.579s total=717.014s
[round 55] reused planned scale coverage: [1, 1, 3, 1, 3, 1, 1, 1]
Classification: train=1.0000 test=0.9645 round=55
[round 55] timing train=382.472s distribution=6.038s agg=0.026s eval=327.534s total=716.107s
[round 56] reused planned scale coverage: [1, 1, 3, 1, 3, 1, 1, 1]
Classification: train=1.0000 test=0.9650 round=56
[round 56] timing train=385.984s distribution=5.461s agg=0.059s eval=320.577s total=712.117s
[round 57] reused planned scale coverage: [1, 1, 3, 1, 3, 1, 1, 1]
Classification: train=1.0000 test=0.9645 round=57
[round 57] timing train=383.333s distribution=5.239s agg=0.080s eval=315.923s total=704.605s
[round 58] reused planned scale coverage: [1, 1, 3, 1, 3, 1, 1, 1]
Classification: train=1.0000 test=0.9645 round=58
[round 58] timing train=382.507s distribution=4.887s agg=0.079s eval=334.806s total=722.287s
[round 59] reused planned scale coverage: [1, 1, 3, 1, 3, 1, 1, 1]
Classification: train=1.0000 test=0.9659 round=59
[round 59] timing train=377.660s distribution=5.286s agg=0.094s eval=335.594s total=718.653s
[fedcsl] checkpoint saved → ./checkpoint/resume/fedcsl_SpokenArabicDigits_2026-05-04-10har_fedcsl-onehot-splitteacher_dir0.05.pt (round=60)
[round 60] reused planned scale coverage: [1, 1, 3, 1, 3, 1, 1, 1]
Classification: train=1.0000 test=0.9659 round=60
[round 60] timing train=386.828s distribution=6.360s agg=0.097s eval=327.235s total=720.529s
[round 61] reused planned scale coverage: [1, 1, 3, 1, 3, 1, 1, 1]
Classification: train=1.0000 test=0.9659 round=61
[round 61] timing train=382.957s distribution=5.603s agg=0.106s eval=335.342s total=724.036s
[round 62] reused planned scale coverage: [1, 1, 3, 1, 3, 1, 1, 1]
Classification: train=1.0000 test=0.9663 round=62
[round 62] timing train=351.864s distribution=6.226s agg=0.043s eval=310.705s total=668.904s
[round 63] reused planned scale coverage: [1, 1, 3, 1, 3, 1, 1, 1]
Classification: train=1.0000 test=0.9659 round=63
[round 63] timing train=381.965s distribution=5.507s agg=0.039s eval=329.581s total=717.138s
[round 64] reused planned scale coverage: [1, 1, 3, 1, 3, 1, 1, 1]
Classification: train=1.0000 test=0.9663 round=64
[round 64] timing train=388.177s distribution=5.384s agg=0.096s eval=321.765s total=715.432s
[round 65] reused planned scale coverage: [1, 1, 3, 1, 3, 1, 1, 1]
Classification: train=1.0000 test=0.9663 round=65
[round 65] timing train=385.094s distribution=5.306s agg=0.069s eval=330.488s total=721.001s
[round 66] reused planned scale coverage: [1, 1, 3, 1, 3, 1, 1, 1]
Classification: train=1.0000 test=0.9663 round=66
[round 66] timing train=376.998s distribution=5.585s agg=0.145s eval=334.002s total=716.748s
[round 67] reused planned scale coverage: [1, 1, 3, 1, 3, 1, 1, 1]
Classification: train=1.0000 test=0.9663 round=67
[round 67] timing train=385.112s distribution=5.807s agg=0.166s eval=332.350s total=723.460s
[round 68] reused planned scale coverage: [1, 1, 3, 1, 3, 1, 1, 1]
Classification: train=1.0000 test=0.9654 round=68
[round 68] timing train=384.771s distribution=6.185s agg=0.064s eval=319.734s total=710.788s
[round 69] reused planned scale coverage: [1, 1, 3, 1, 3, 1, 1, 1]
Classification: train=1.0000 test=0.9650 round=69
[round 69] timing train=371.709s distribution=5.900s agg=0.111s eval=336.501s total=714.249s
[round 70] reused planned scale coverage: [1, 1, 3, 1, 3, 1, 1, 1]
Classification: train=1.0000 test=0.9650 round=70
[round 70] timing train=376.754s distribution=5.272s agg=0.069s eval=333.316s total=715.429s
[round 71] reused planned scale coverage: [1, 1, 3, 1, 3, 1, 1, 1]
Classification: train=1.0000 test=0.9650 round=71
[round 71] timing train=386.696s distribution=5.474s agg=0.062s eval=313.805s total=706.053s
[round 72] reused planned scale coverage: [1, 1, 3, 1, 3, 1, 1, 1]
Classification: train=1.0000 test=0.9650 round=72
[round 72] timing train=369.897s distribution=5.386s agg=0.056s eval=316.257s total=691.637s
[round 73] reused planned scale coverage: [1, 1, 3, 1, 3, 1, 1, 1]
Classification: train=1.0000 test=0.9650 round=73
[round 73] timing train=367.334s distribution=5.570s agg=0.056s eval=327.670s total=700.647s
[round 74] reused planned scale coverage: [1, 1, 3, 1, 3, 1, 1, 1]
Classification: train=1.0000 test=0.9654 round=74
[round 74] timing train=376.816s distribution=5.260s agg=0.067s eval=317.900s total=700.060s
[round 75] reused planned scale coverage: [1, 1, 3, 1, 3, 1, 1, 1]
Classification: train=1.0000 test=0.9654 round=75
[round 75] timing train=368.936s distribution=5.305s agg=0.077s eval=318.234s total=692.582s
[round 76] reused planned scale coverage: [1, 1, 3, 1, 3, 1, 1, 1]
Classification: train=1.0000 test=0.9654 round=76
[round 76] timing train=368.523s distribution=5.495s agg=0.084s eval=317.111s total=691.310s
[round 77] reused planned scale coverage: [1, 1, 3, 1, 3, 1, 1, 1]
Classification: train=1.0000 test=0.9650 round=77
[round 77] timing train=379.560s distribution=5.545s agg=0.058s eval=314.171s total=699.353s
[round 78] reused planned scale coverage: [1, 1, 3, 1, 3, 1, 1, 1]
Classification: train=1.0000 test=0.9645 round=78
[round 78] timing train=371.137s distribution=5.768s agg=0.044s eval=338.089s total=715.049s
[round 79] reused planned scale coverage: [1, 1, 3, 1, 3, 1, 1, 1]
Classification: train=1.0000 test=0.9645 round=79
[round 79] timing train=368.949s distribution=5.250s agg=0.062s eval=328.047s total=702.327s
[round 80] reused planned scale coverage: [1, 1, 3, 1, 3, 1, 1, 1]
Classification: train=1.0000 test=0.9645 round=80
[round 80] timing train=370.572s distribution=5.316s agg=0.122s eval=308.822s total=684.861s
[round 81] reused planned scale coverage: [1, 1, 3, 1, 3, 1, 1, 1]
Classification: train=1.0000 test=0.9645 round=81
[round 81] timing train=339.163s distribution=6.053s agg=0.073s eval=321.952s total=667.252s
[round 82] reused planned scale coverage: [1, 1, 3, 1, 3, 1, 1, 1]
Classification: train=1.0000 test=0.9636 round=82
[round 82] timing train=368.328s distribution=5.320s agg=0.043s eval=324.346s total=698.047s
[round 83] reused planned scale coverage: [1, 1, 3, 1, 3, 1, 1, 1]
Classification: train=1.0000 test=0.9636 round=83
[round 83] timing train=362.830s distribution=5.628s agg=0.042s eval=289.313s total=657.828s
[round 84] reused planned scale coverage: [1, 1, 3, 1, 3, 1, 1, 1]
Classification: train=1.0000 test=0.9627 round=84
[round 84] timing train=374.752s distribution=5.669s agg=0.050s eval=318.206s total=698.695s
[round 85] reused planned scale coverage: [1, 1, 3, 1, 3, 1, 1, 1]
Classification: train=1.0000 test=0.9627 round=85
[round 85] timing train=368.887s distribution=5.215s agg=0.021s eval=319.929s total=694.098s
[round 86] reused planned scale coverage: [1, 1, 3, 1, 3, 1, 1, 1]
Classification: train=1.0000 test=0.9627 round=86
[round 86] timing train=362.641s distribution=4.718s agg=0.068s eval=314.962s total=682.446s
[round 87] reused planned scale coverage: [1, 1, 3, 1, 3, 1, 1, 1]
Classification: train=1.0000 test=0.9632 round=87
[round 87] timing train=360.626s distribution=5.694s agg=0.026s eval=308.250s total=674.617s
[round 88] reused planned scale coverage: [1, 1, 3, 1, 3, 1, 1, 1]
Classification: train=1.0000 test=0.9632 round=88
[round 88] timing train=364.756s distribution=5.183s agg=0.048s eval=317.607s total=687.613s
[round 89] reused planned scale coverage: [1, 1, 3, 1, 3, 1, 1, 1]
Classification: train=1.0000 test=0.9632 round=89
[round 89] timing train=358.604s distribution=4.918s agg=0.052s eval=311.262s total=674.863s
[fedcsl] checkpoint saved → ./checkpoint/resume/fedcsl_SpokenArabicDigits_2026-05-04-10har_fedcsl-onehot-splitteacher_dir0.05.pt (round=90)
[round 90] reused planned scale coverage: [1, 1, 3, 1, 3, 1, 1, 1]
Classification: train=1.0000 test=0.9627 round=90
[round 90] timing train=348.584s distribution=4.568s agg=0.044s eval=269.215s total=622.467s
[round 91] reused planned scale coverage: [1, 1, 3, 1, 3, 1, 1, 1]
Classification: train=1.0000 test=0.9627 round=91
[round 91] timing train=355.074s distribution=5.096s agg=0.049s eval=302.492s total=662.748s
[round 92] reused planned scale coverage: [1, 1, 3, 1, 3, 1, 1, 1]
Classification: train=1.0000 test=0.9632 round=92
[round 92] timing train=363.177s distribution=5.481s agg=0.059s eval=307.802s total=676.566s
[round 93] reused planned scale coverage: [1, 1, 3, 1, 3, 1, 1, 1]
Classification: train=1.0000 test=0.9632 round=93
[round 93] timing train=361.672s distribution=5.119s agg=0.108s eval=297.936s total=664.855s
[round 94] reused planned scale coverage: [1, 1, 3, 1, 3, 1, 1, 1]
Classification: train=1.0000 test=0.9632 round=94
[round 94] timing train=333.689s distribution=4.591s agg=0.051s eval=291.021s total=629.362s
[round 95] reused planned scale coverage: [1, 1, 3, 1, 3, 1, 1, 1]
Classification: train=1.0000 test=0.9623 round=95
[round 95] timing train=348.713s distribution=5.017s agg=0.068s eval=310.728s total=664.568s
[round 96] reused planned scale coverage: [1, 1, 3, 1, 3, 1, 1, 1]
Classification: train=1.0000 test=0.9623 round=96
[round 96] timing train=345.914s distribution=5.101s agg=0.070s eval=289.229s total=640.349s
[round 97] reused planned scale coverage: [1, 1, 3, 1, 3, 1, 1, 1]
Classification: train=1.0000 test=0.9623 round=97
[round 97] timing train=344.213s distribution=5.601s agg=0.035s eval=291.743s total=641.625s
[round 98] reused planned scale coverage: [1, 1, 3, 1, 3, 1, 1, 1]
Classification: train=1.0000 test=0.9627 round=98
[round 98] timing train=341.035s distribution=5.431s agg=0.068s eval=302.664s total=649.228s
[round 99] reused planned scale coverage: [1, 1, 3, 1, 3, 1, 1, 1]
Classification: train=1.0000 test=0.9627 round=99
[round 99] timing train=345.349s distribution=4.515s agg=0.028s eval=251.374s total=601.275s
[round 100] reused planned scale coverage: [1, 1, 3, 1, 3, 1, 1, 1]
Classification: train=1.0000 test=0.9627 round=100
[round 100] timing train=353.257s distribution=5.230s agg=0.012s eval=290.708s total=649.233s
[round 101] reused planned scale coverage: [1, 1, 3, 1, 3, 1, 1, 1]
Classification: train=1.0000 test=0.9623 round=101
[round 101] timing train=349.466s distribution=5.097s agg=0.016s eval=295.080s total=649.690s
[round 102] reused planned scale coverage: [1, 1, 3, 1, 3, 1, 1, 1]
Classification: train=1.0000 test=0.9618 round=102
[round 102] timing train=342.752s distribution=4.404s agg=0.075s eval=294.487s total=641.731s
[round 103] reused planned scale coverage: [1, 1, 3, 1, 3, 1, 1, 1]
Classification: train=1.0000 test=0.9618 round=103
[round 103] timing train=348.690s distribution=5.068s agg=0.010s eval=293.360s total=647.175s
[round 104] reused planned scale coverage: [1, 1, 3, 1, 3, 1, 1, 1]
Classification: train=1.0000 test=0.9627 round=104
[round 104] timing train=350.366s distribution=4.708s agg=0.055s eval=286.564s total=641.715s
[round 105] reused planned scale coverage: [1, 1, 3, 1, 3, 1, 1, 1]
Classification: train=1.0000 test=0.9627 round=105
[round 105] timing train=327.781s distribution=5.132s agg=0.019s eval=295.846s total=628.800s
[round 106] reused planned scale coverage: [1, 1, 3, 1, 3, 1, 1, 1]
Classification: train=1.0000 test=0.9623 round=106
[round 106] timing train=347.574s distribution=4.276s agg=0.020s eval=283.714s total=635.617s
[round 107] reused planned scale coverage: [1, 1, 3, 1, 3, 1, 1, 1]
Classification: train=1.0000 test=0.9627 round=107
[round 107] timing train=356.171s distribution=5.934s agg=0.052s eval=291.523s total=653.697s
[round 108] reused planned scale coverage: [1, 1, 3, 1, 3, 1, 1, 1]
Classification: train=1.0000 test=0.9627 round=108
[round 108] timing train=345.830s distribution=5.488s agg=0.073s eval=280.866s total=632.276s
[round 109] reused planned scale coverage: [1, 1, 3, 1, 3, 1, 1, 1]
Classification: train=1.0000 test=0.9627 round=109
[round 109] timing train=319.527s distribution=5.369s agg=0.079s eval=294.342s total=619.353s
[round 110] reused planned scale coverage: [1, 1, 3, 1, 3, 1, 1, 1]
Classification: train=1.0000 test=0.9627 round=110
[round 110] timing train=359.894s distribution=4.718s agg=0.038s eval=290.522s total=655.191s
[round 111] reused planned scale coverage: [1, 1, 3, 1, 3, 1, 1, 1]
Classification: train=1.0000 test=0.9623 round=111
[round 111] timing train=354.436s distribution=6.277s agg=0.051s eval=279.033s total=639.805s
[round 112] reused planned scale coverage: [1, 1, 3, 1, 3, 1, 1, 1]
Classification: train=1.0000 test=0.9627 round=112
[round 112] timing train=356.228s distribution=5.598s agg=0.095s eval=307.165s total=669.134s
[round 113] reused planned scale coverage: [1, 1, 3, 1, 3, 1, 1, 1]
Classification: train=1.0000 test=0.9641 round=113
[round 113] timing train=345.580s distribution=5.057s agg=0.134s eval=287.359s total=638.140s
[round 114] reused planned scale coverage: [1, 1, 3, 1, 3, 1, 1, 1]
Classification: train=1.0000 test=0.9645 round=114
[round 114] timing train=349.109s distribution=5.302s agg=0.101s eval=287.017s total=641.558s
[round 115] reused planned scale coverage: [1, 1, 3, 1, 3, 1, 1, 1]
Classification: train=1.0000 test=0.9645 round=115
[round 115] timing train=335.111s distribution=5.078s agg=0.038s eval=291.855s total=632.097s
[round 116] reused planned scale coverage: [1, 1, 3, 1, 3, 1, 1, 1]
Classification: train=1.0000 test=0.9645 round=116
[round 116] timing train=345.664s distribution=5.253s agg=0.047s eval=306.735s total=657.709s
[round 117] reused planned scale coverage: [1, 1, 3, 1, 3, 1, 1, 1]
Classification: train=1.0000 test=0.9645 round=117
[round 117] timing train=350.056s distribution=5.490s agg=0.053s eval=296.722s total=652.337s
[round 118] reused planned scale coverage: [1, 1, 3, 1, 3, 1, 1, 1]
Classification: train=1.0000 test=0.9645 round=118
[round 118] timing train=292.968s distribution=6.139s agg=0.081s eval=289.525s total=588.733s
[round 119] reused planned scale coverage: [1, 1, 3, 1, 3, 1, 1, 1]
Classification: train=1.0000 test=0.9645 round=119
[round 119] timing train=350.633s distribution=5.230s agg=0.023s eval=290.332s total=646.238s
[fedcsl] checkpoint saved → ./checkpoint/resume/fedcsl_SpokenArabicDigits_2026-05-04-10har_fedcsl-onehot-splitteacher_dir0.05.pt (round=120)
[round 120] reused planned scale coverage: [1, 1, 3, 1, 3, 1, 1, 1]
Classification: train=1.0000 test=0.9645 round=120
[round 120] timing train=346.292s distribution=4.669s agg=0.026s eval=298.617s total=649.637s
[round 121] reused planned scale coverage: [1, 1, 3, 1, 3, 1, 1, 1]
Classification: train=1.0000 test=0.9641 round=121
[round 121] timing train=351.464s distribution=4.482s agg=0.014s eval=274.470s total=630.438s
[round 122] reused planned scale coverage: [1, 1, 3, 1, 3, 1, 1, 1]
Classification: train=1.0000 test=0.9641 round=122
[round 122] timing train=339.492s distribution=4.786s agg=0.010s eval=290.285s total=634.613s
[round 123] reused planned scale coverage: [1, 1, 3, 1, 3, 1, 1, 1]
Classification: train=1.0000 test=0.9641 round=123
[round 123] timing train=347.061s distribution=4.442s agg=0.015s eval=286.787s total=638.333s
[round 124] reused planned scale coverage: [1, 1, 3, 1, 3, 1, 1, 1]
Classification: train=1.0000 test=0.9636 round=124
[round 124] timing train=345.436s distribution=5.362s agg=0.049s eval=292.107s total=642.968s
[round 125] reused planned scale coverage: [1, 1, 3, 1, 3, 1, 1, 1]
Classification: train=1.0000 test=0.9636 round=125
[round 125] timing train=348.688s distribution=5.254s agg=0.025s eval=248.664s total=602.659s
[round 126] reused planned scale coverage: [1, 1, 3, 1, 3, 1, 1, 1]
Classification: train=1.0000 test=0.9636 round=126
[round 126] timing train=344.527s distribution=4.324s agg=0.013s eval=292.772s total=641.653s
[round 127] reused planned scale coverage: [1, 1, 3, 1, 3, 1, 1, 1]
Classification: train=1.0000 test=0.9641 round=127
[round 127] timing train=293.508s distribution=4.924s agg=0.010s eval=290.738s total=589.200s
[round 128] reused planned scale coverage: [1, 1, 3, 1, 3, 1, 1, 1]
Classification: train=1.0000 test=0.9645 round=128
[round 128] timing train=347.428s distribution=5.792s agg=0.023s eval=284.213s total=637.498s
[round 129] reused planned scale coverage: [1, 1, 3, 1, 3, 1, 1, 1]
Classification: train=1.0000 test=0.9650 round=129
[round 129] timing train=350.384s distribution=5.203s agg=0.034s eval=294.177s total=649.808s
[round 130] reused planned scale coverage: [1, 1, 3, 1, 3, 1, 1, 1]
Classification: train=1.0000 test=0.9654 round=130
[round 130] timing train=337.920s distribution=4.910s agg=0.016s eval=287.984s total=630.847s
[round 131] reused planned scale coverage: [1, 1, 3, 1, 3, 1, 1, 1]
Classification: train=1.0000 test=0.9659 round=131
[round 131] timing train=339.570s distribution=4.633s agg=0.039s eval=288.276s total=632.550s
[round 132] reused planned scale coverage: [1, 1, 3, 1, 3, 1, 1, 1]
Classification: train=1.0000 test=0.9659 round=132
[round 132] timing train=350.674s distribution=5.004s agg=0.033s eval=283.955s total=639.704s
[round 133] reused planned scale coverage: [1, 1, 3, 1, 3, 1, 1, 1]
Classification: train=1.0000 test=0.9659 round=133
[round 133] timing train=339.394s distribution=6.001s agg=0.043s eval=278.191s total=623.643s
[round 134] reused planned scale coverage: [1, 1, 3, 1, 3, 1, 1, 1]
Classification: train=1.0000 test=0.9663 round=134
[round 134] timing train=341.146s distribution=5.042s agg=0.033s eval=277.526s total=623.782s
[round 135] reused planned scale coverage: [1, 1, 3, 1, 3, 1, 1, 1]
Classification: train=1.0000 test=0.9663 round=135
[round 135] timing train=278.577s distribution=5.312s agg=0.107s eval=243.801s total=527.830s
[round 136] reused planned scale coverage: [1, 1, 3, 1, 3, 1, 1, 1]
Classification: train=1.0000 test=0.9663 round=136
[round 136] timing train=333.618s distribution=4.746s agg=0.038s eval=279.933s total=618.381s
[round 137] reused planned scale coverage: [1, 1, 3, 1, 3, 1, 1, 1]
Classification: train=1.0000 test=0.9663 round=137
[round 137] timing train=340.143s distribution=5.720s agg=0.057s eval=286.373s total=632.305s
[round 138] reused planned scale coverage: [1, 1, 3, 1, 3, 1, 1, 1]
Classification: train=1.0000 test=0.9663 round=138
[round 138] timing train=340.295s distribution=5.385s agg=0.041s eval=295.837s total=641.567s
[round 139] reused planned scale coverage: [1, 1, 3, 1, 3, 1, 1, 1]
Classification: train=1.0000 test=0.9663 round=139
[round 139] timing train=347.030s distribution=4.864s agg=0.028s eval=288.291s total=640.246s
[round 140] reused planned scale coverage: [1, 1, 3, 1, 3, 1, 1, 1]
Classification: train=1.0000 test=0.9663 round=140
[round 140] timing train=344.850s distribution=5.502s agg=0.021s eval=291.174s total=641.566s
[round 141] reused planned scale coverage: [1, 1, 3, 1, 3, 1, 1, 1]
Classification: train=1.0000 test=0.9659 round=141
[round 141] timing train=338.431s distribution=4.865s agg=0.072s eval=299.605s total=642.997s
[round 142] reused planned scale coverage: [1, 1, 3, 1, 3, 1, 1, 1]
Classification: train=1.0000 test=0.9659 round=142
[round 142] timing train=338.689s distribution=5.319s agg=0.025s eval=277.751s total=621.793s
[round 143] reused planned scale coverage: [1, 1, 3, 1, 3, 1, 1, 1]
Classification: train=1.0000 test=0.9659 round=143
[round 143] timing train=341.027s distribution=4.762s agg=0.081s eval=282.754s total=628.646s
[round 144] reused planned scale coverage: [1, 1, 3, 1, 3, 1, 1, 1]
Classification: train=1.0000 test=0.9659 round=144
[round 144] timing train=297.008s distribution=5.013s agg=0.055s eval=251.650s total=553.746s
[round 145] reused planned scale coverage: [1, 1, 3, 1, 3, 1, 1, 1]
Classification: train=1.0000 test=0.9659 round=145
[round 145] timing train=328.878s distribution=5.097s agg=0.043s eval=281.079s total=615.110s
[round 146] reused planned scale coverage: [1, 1, 3, 1, 3, 1, 1, 1]
Classification: train=1.0000 test=0.9663 round=146
[round 146] timing train=345.518s distribution=4.549s agg=0.039s eval=281.473s total=631.615s
[round 147] reused planned scale coverage: [1, 1, 3, 1, 3, 1, 1, 1]
Classification: train=1.0000 test=0.9663 round=147
[round 147] timing train=335.360s distribution=6.406s agg=0.044s eval=276.514s total=618.368s
[round 148] reused planned scale coverage: [1, 1, 3, 1, 3, 1, 1, 1]
Classification: train=1.0000 test=0.9663 round=148
[round 148] timing train=340.633s distribution=4.810s agg=0.073s eval=290.710s total=636.256s
[round 149] reused planned scale coverage: [1, 1, 3, 1, 3, 1, 1, 1]
Classification: train=1.0000 test=0.9663 round=149
[round 149] timing train=337.528s distribution=4.916s agg=0.072s eval=276.759s total=619.328s
[fedcsl] checkpoint saved → ./checkpoint/resume/fedcsl_SpokenArabicDigits_2026-05-04-10har_fedcsl-onehot-splitteacher_dir0.05.pt (round=150)
[round 150] reused planned scale coverage: [1, 1, 3, 1, 3, 1, 1, 1]
Classification: train=1.0000 test=0.9663 round=150
[round 150] timing train=341.789s distribution=5.028s agg=0.099s eval=275.503s total=622.425s
[round 151] reused planned scale coverage: [1, 1, 3, 1, 3, 1, 1, 1]
Classification: train=1.0000 test=0.9663 round=151
[round 151] timing train=341.390s distribution=4.557s agg=0.090s eval=284.067s total=630.138s
[round 152] reused planned scale coverage: [1, 1, 3, 1, 3, 1, 1, 1]
Classification: train=1.0000 test=0.9663 round=152
[round 152] timing train=346.806s distribution=5.635s agg=0.017s eval=279.398s total=631.916s
[round 153] reused planned scale coverage: [1, 1, 3, 1, 3, 1, 1, 1]
Classification: train=1.0000 test=0.9663 round=153
[round 153] timing train=351.871s distribution=4.695s agg=0.099s eval=276.416s total=633.099s
[round 154] reused planned scale coverage: [1, 1, 3, 1, 3, 1, 1, 1]
Classification: train=1.0000 test=0.9663 round=154
[round 154] timing train=343.628s distribution=5.443s agg=0.022s eval=247.476s total=596.586s
[round 155] reused planned scale coverage: [1, 1, 3, 1, 3, 1, 1, 1]
Classification: train=1.0000 test=0.9668 round=155
[round 155] timing train=338.002s distribution=4.854s agg=0.042s eval=244.199s total=587.117s
[round 156] reused planned scale coverage: [1, 1, 3, 1, 3, 1, 1, 1]
Classification: train=1.0000 test=0.9673 round=156
[round 156] timing train=351.829s distribution=4.545s agg=0.069s eval=278.499s total=634.955s
[round 157] reused planned scale coverage: [1, 1, 3, 1, 3, 1, 1, 1]
Classification: train=1.0000 test=0.9673 round=157
[round 157] timing train=342.372s distribution=4.751s agg=0.028s eval=285.703s total=632.873s
[round 158] reused planned scale coverage: [1, 1, 3, 1, 3, 1, 1, 1]
Classification: train=1.0000 test=0.9673 round=158
[round 158] timing train=338.095s distribution=5.372s agg=0.068s eval=287.487s total=631.064s
[round 159] reused planned scale coverage: [1, 1, 3, 1, 3, 1, 1, 1]
Classification: train=1.0000 test=0.9673 round=159
[round 159] timing train=342.085s distribution=5.495s agg=0.141s eval=280.498s total=628.242s
[round 160] reused planned scale coverage: [1, 1, 3, 1, 3, 1, 1, 1]
Classification: train=1.0000 test=0.9673 round=160
[round 160] timing train=345.932s distribution=4.756s agg=0.044s eval=275.713s total=626.484s
[round 161] reused planned scale coverage: [1, 1, 3, 1, 3, 1, 1, 1]
Classification: train=1.0000 test=0.9673 round=161
[round 161] timing train=347.049s distribution=5.322s agg=0.087s eval=270.550s total=623.041s
[round 162] reused planned scale coverage: [1, 1, 3, 1, 3, 1, 1, 1]
Classification: train=1.0000 test=0.9673 round=162
[round 162] timing train=346.959s distribution=5.840s agg=0.077s eval=292.403s total=645.296s
[round 163] reused planned scale coverage: [1, 1, 3, 1, 3, 1, 1, 1]
Classification: train=1.0000 test=0.9673 round=163
[round 163] timing train=339.662s distribution=4.587s agg=0.042s eval=293.307s total=637.634s
[round 164] reused planned scale coverage: [1, 1, 3, 1, 3, 1, 1, 1]
Classification: train=1.0000 test=0.9663 round=164
[round 164] timing train=341.150s distribution=5.453s agg=0.054s eval=260.669s total=607.346s
[round 165] reused planned scale coverage: [1, 1, 3, 1, 3, 1, 1, 1]
Classification: train=1.0000 test=0.9663 round=165
[round 165] timing train=328.983s distribution=4.698s agg=0.043s eval=281.762s total=615.502s
[round 166] reused planned scale coverage: [1, 1, 3, 1, 3, 1, 1, 1]
Classification: train=1.0000 test=0.9663 round=166
[round 166] timing train=347.870s distribution=5.372s agg=0.048s eval=270.595s total=623.908s
[round 167] reused planned scale coverage: [1, 1, 3, 1, 3, 1, 1, 1]
Classification: train=1.0000 test=0.9663 round=167
[round 167] timing train=343.618s distribution=4.941s agg=0.011s eval=281.377s total=629.955s
[round 168] reused planned scale coverage: [1, 1, 3, 1, 3, 1, 1, 1]
Classification: train=1.0000 test=0.9668 round=168
[round 168] timing train=348.704s distribution=4.836s agg=0.047s eval=275.571s total=629.173s
[round 169] reused planned scale coverage: [1, 1, 3, 1, 3, 1, 1, 1]
Classification: train=1.0000 test=0.9668 round=169
[round 169] timing train=350.335s distribution=4.602s agg=0.047s eval=291.022s total=646.025s
[round 170] reused planned scale coverage: [1, 1, 3, 1, 3, 1, 1, 1]
Classification: train=1.0000 test=0.9663 round=170
[round 170] timing train=344.096s distribution=4.990s agg=0.048s eval=278.695s total=627.845s
[round 171] reused planned scale coverage: [1, 1, 3, 1, 3, 1, 1, 1]
Classification: train=1.0000 test=0.9659 round=171
[round 171] timing train=353.329s distribution=4.935s agg=0.020s eval=282.012s total=640.307s
[round 172] reused planned scale coverage: [1, 1, 3, 1, 3, 1, 1, 1]
Classification: train=1.0000 test=0.9659 round=172
[round 172] timing train=347.405s distribution=5.091s agg=0.203s eval=280.552s total=633.319s
[round 173] reused planned scale coverage: [1, 1, 3, 1, 3, 1, 1, 1]
Classification: train=1.0000 test=0.9659 round=173
[round 173] timing train=347.989s distribution=5.333s agg=0.078s eval=273.172s total=626.579s
[round 174] reused planned scale coverage: [1, 1, 3, 1, 3, 1, 1, 1]
Classification: train=1.0000 test=0.9659 round=174
[round 174] timing train=332.081s distribution=5.895s agg=0.026s eval=270.962s total=608.977s
[round 175] reused planned scale coverage: [1, 1, 3, 1, 3, 1, 1, 1]
Classification: train=1.0000 test=0.9659 round=175
[round 175] timing train=290.509s distribution=5.326s agg=0.021s eval=285.084s total=580.974s
[round 176] reused planned scale coverage: [1, 1, 3, 1, 3, 1, 1, 1]
Classification: train=1.0000 test=0.9659 round=176
[round 176] timing train=340.215s distribution=4.881s agg=0.069s eval=284.024s total=629.215s
[round 177] reused planned scale coverage: [1, 1, 3, 1, 3, 1, 1, 1]
Classification: train=1.0000 test=0.9663 round=177
[round 177] timing train=338.633s distribution=5.074s agg=0.071s eval=249.238s total=593.056s
[round 178] reused planned scale coverage: [1, 1, 3, 1, 3, 1, 1, 1]
Classification: train=1.0000 test=0.9663 round=178
[round 178] timing train=340.241s distribution=4.392s agg=0.020s eval=270.565s total=615.286s
[round 179] reused planned scale coverage: [1, 1, 3, 1, 3, 1, 1, 1]
Classification: train=1.0000 test=0.9663 round=179
[round 179] timing train=341.463s distribution=5.000s agg=0.078s eval=269.955s total=616.514s
[fedcsl] checkpoint saved → ./checkpoint/resume/fedcsl_SpokenArabicDigits_2026-05-04-10har_fedcsl-onehot-splitteacher_dir0.05.pt (round=180)
[round 180] reused planned scale coverage: [1, 1, 3, 1, 3, 1, 1, 1]
Classification: train=1.0000 test=0.9663 round=180
[round 180] timing train=338.461s distribution=5.278s agg=0.069s eval=271.595s total=615.413s
[round 181] reused planned scale coverage: [1, 1, 3, 1, 3, 1, 1, 1]
Classification: train=1.0000 test=0.9663 round=181
[round 181] timing train=338.406s distribution=4.973s agg=0.041s eval=266.073s total=609.510s
[round 182] reused planned scale coverage: [1, 1, 3, 1, 3, 1, 1, 1]
Classification: train=1.0000 test=0.9663 round=182
[round 182] timing train=347.344s distribution=5.722s agg=0.062s eval=286.951s total=640.101s
[round 183] reused planned scale coverage: [1, 1, 3, 1, 3, 1, 1, 1]
Classification: train=1.0000 test=0.9663 round=183
[round 183] timing train=333.801s distribution=5.911s agg=0.085s eval=277.175s total=616.987s
[round 184] reused planned scale coverage: [1, 1, 3, 1, 3, 1, 1, 1]
Classification: train=1.0000 test=0.9663 round=184
[round 184] timing train=330.690s distribution=5.036s agg=0.188s eval=262.387s total=598.324s
[round 185] reused planned scale coverage: [1, 1, 3, 1, 3, 1, 1, 1]
Classification: train=1.0000 test=0.9659 round=185
[round 185] timing train=346.410s distribution=5.240s agg=0.044s eval=276.445s total=628.241s
[round 186] reused planned scale coverage: [1, 1, 3, 1, 3, 1, 1, 1]
Classification: train=1.0000 test=0.9659 round=186
[round 186] timing train=275.826s distribution=5.102s agg=0.037s eval=292.414s total=573.401s
[round 187] reused planned scale coverage: [1, 1, 3, 1, 3, 1, 1, 1]
Classification: train=1.0000 test=0.9659 round=187
[round 187] timing train=346.416s distribution=4.665s agg=0.047s eval=266.005s total=617.156s
[round 188] reused planned scale coverage: [1, 1, 3, 1, 3, 1, 1, 1]
Classification: train=1.0000 test=0.9659 round=188
[round 188] timing train=328.707s distribution=3.949s agg=0.041s eval=269.712s total=602.442s
[round 189] reused planned scale coverage: [1, 1, 3, 1, 3, 1, 1, 1]
Classification: train=1.0000 test=0.9659 round=189
[round 189] timing train=329.271s distribution=4.908s agg=0.059s eval=281.597s total=615.842s
[round 190] reused planned scale coverage: [1, 1, 3, 1, 3, 1, 1, 1]
Classification: train=1.0000 test=0.9663 round=190
[round 190] timing train=340.499s distribution=5.100s agg=0.043s eval=260.002s total=605.691s
[round 191] reused planned scale coverage: [1, 1, 3, 1, 3, 1, 1, 1]
Classification: train=1.0000 test=0.9663 round=191
[round 191] timing train=352.765s distribution=5.253s agg=0.082s eval=269.560s total=627.669s
[round 192] reused planned scale coverage: [1, 1, 3, 1, 3, 1, 1, 1]
Classification: train=1.0000 test=0.9663 round=192
[round 192] timing train=335.720s distribution=5.620s agg=0.048s eval=292.193s total=633.591s
[round 193] reused planned scale coverage: [1, 1, 3, 1, 3, 1, 1, 1]
Classification: train=1.0000 test=0.9663 round=193
[round 193] timing train=333.605s distribution=4.779s agg=0.045s eval=261.716s total=600.157s
[round 194] reused planned scale coverage: [1, 1, 3, 1, 3, 1, 1, 1]
Classification: train=1.0000 test=0.9668 round=194
[round 194] timing train=351.104s distribution=4.817s agg=0.037s eval=262.381s total=618.384s
[round 195] reused planned scale coverage: [1, 1, 3, 1, 3, 1, 1, 1]
Classification: train=1.0000 test=0.9668 round=195
[round 195] timing train=339.427s distribution=5.475s agg=0.020s eval=288.474s total=633.446s
[round 196] reused planned scale coverage: [1, 1, 3, 1, 3, 1, 1, 1]
Classification: train=1.0000 test=0.9668 round=196
[round 196] timing train=337.223s distribution=5.144s agg=0.060s eval=274.900s total=617.360s
[round 197] reused planned scale coverage: [1, 1, 3, 1, 3, 1, 1, 1]
Classification: train=1.0000 test=0.9668 round=197
[round 197] timing train=310.544s distribution=4.244s agg=0.026s eval=258.565s total=573.412s
[round 198] reused planned scale coverage: [1, 1, 3, 1, 3, 1, 1, 1]
Classification: train=1.0000 test=0.9663 round=198
[round 198] timing train=328.055s distribution=5.143s agg=0.041s eval=292.907s total=626.182s
[round 199] reused planned scale coverage: [1, 1, 3, 1, 3, 1, 1, 1]
Classification: train=1.0000 test=0.9663 round=199
[round 199] timing train=269.492s distribution=5.030s agg=0.031s eval=280.026s total=554.608s
best round is 40, acc is 0.969077
Model saved to ./checkpoint/SpokenArabicDigits/2026-05-04-10har_fedcsl-onehot-splitteacher_dir0.05_SpokenArabicDigits_model.pt
