# 2026-05-05 13:29:52  har_scaffold_dir0.3  GPU=0  cwd=/data/user_lixiongfei/CSL-main
# CMD: python3 -u FedCSL_All.py -dataset HAR --config configSCAFFOLD.yml --dirichlet-alpha 0.3 --seed 42 --description har_scaffold_dir0.3 -dataset PhonemeSpectra

/mnt/data/user_liangzhiyu/envs/fedcsl/lib/python3.8/site-packages/scipy/__init__.py:146: UserWarning: A NumPy version >=1.16.5 and <1.23.0 is required for this version of SciPy (detected version 1.23.5
  warnings.warn(f"A NumPy version >={np_minversion} and <{np_maxversion}"
[config] 'configSCAFFOLD.yml' 未找到，重定向到 'config/configSCAFFOLD.yml'
3315
<class 'pandas.core.frame.DataFrame'>
RangeIndex: 3315 entries, 0 to 3314
Data columns (total 12 columns):
 #   Column      Non-Null Count  Dtype 
---  ------      --------------  ----- 
 0   dim_0       3315 non-null   object
 1   dim_1       3315 non-null   object
 2   dim_2       3315 non-null   object
 3   dim_3       3315 non-null   object
 4   dim_4       3315 non-null   object
 5   dim_5       3315 non-null   object
 6   dim_6       3315 non-null   object
 7   dim_7       3315 non-null   object
 8   dim_8       3315 non-null   object
 9   dim_9       3315 non-null   object
 10  dim_10      3315 non-null   object
 11  class_vals  3315 non-null   object
dtypes: object(12)
memory usage: 310.9+ KB
None
{217}
<class 'pandas.core.frame.DataFrame'>
RangeIndex: 3315 entries, 0 to 3314
Data columns (total 12 columns):
 #   Column      Non-Null Count  Dtype 
---  ------      --------------  ----- 
 0   dim_0       3315 non-null   object
 1   dim_1       3315 non-null   object
 2   dim_2       3315 non-null   object
 3   dim_3       3315 non-null   object
 4   dim_4       3315 non-null   object
 5   dim_5       3315 non-null   object
 6   dim_6       3315 non-null   object
 7   dim_7       3315 non-null   object
 8   dim_8       3315 non-null   object
 9   dim_9       3315 non-null   object
 10  dim_10      3315 non-null   object
 11  class_vals  3315 non-null   object
dtypes: object(12)
memory usage: 310.9+ KB
None
[ 0  0  0 ... 38 38 38]
[   0    1   85   86   87   88   89   90   91   92   93   94   95   96
   97   98   99  100  101  102  103  104  105  106  107  108  109  110
  111  112  113  114  115  116  117  118  119  120  121  122  123  124
  125  126  127  128  129  130  131  132  133  134  135  136  137  138
  139  140  141  142  143  144  145  146  147  148  149  150  151  152
  153  154  155  156  170  340  341  342  343  344  345  346  347  348
  349  350  351  352  353  354  355  356  357  358  359  360  361  362
  363  364  365  366  367  368  369  370  371  372  373  374  375  376
  377  378  379  380  381  382  383  384  385  386  387  388  389  390
  391  392  393  394  395  396  397  398  399  400  401  402  403  404
  405  406  510  511  512  513  514  515  516  517  518  519  520  521
  522  523  524  525  526  527  528  529  530  531  532  533  534  535
  536  537  538  539  595  596  597  598  599  600  601  602  603  604
  605  606  607  608  609  610  611  612  613  614  615  616  617  618
  619  620  621  622  623  624  625  626  680  681  682  683  684  685
  686  765  766  767  768  769  770  771  772  773  774  775  776  777
  778  779  780  781  782  783  784  785  786  787  788  789  790  791
  792  793  794  795  796  797  798  799  800 1020 1021 1022 1023 1024
 1025 1026 1027 1028 1105 1106 1107 1108 1109 1110 1111 1112 1113 1114
 1115 1116 1117 1118 1119 1120 1121 1122 1123 1124 1125 1126 1127 1128
 1129 1130 1131 1132 1133 1134 1135 1136 1137 1138 1139 1140 1141 1142
 1143 1144 1145 1146 1147 1148 1149 1150 1151 1152 1153 1154 1155 1156
 1157 1158 1159 1160 1445 1446 1447 1448 1449 1450 1451 1452 1453 1454
 1455 1456 1457 1458 1459 1460 1461 1462 1463 1464 1465 1466 1467 1468
 1469 1470 1471 1472 1473 1474 1475 1476 1477 1478 1479 1480 1481 1482
 1483 1484 1485 1486 1487 1488 1489 1490 1491 1492 1493 1494 1495 1496
 1497 1498 1499 1500 1501 1502 1503 1504 1505 1506 1507 1508 1509 1510
 1511 1512 1513 1514 1515 1516 1517 1518 1519 1520 1521 1522 1530 1531
 1532 1533 1534 1535 1536 1537 1538 1539 1540 1541 1542 1543 1544 1545
 1546 1547 1548 1549 1550 1551 1552 1553 1554 1555 1556 1557 1558 1559
 1560 1561 1562 1563 1564 1565 1566 1567 1568 1569 1570 1571 1572 1573
 1574 1575 1576 1577 1578 1579 1580 1581 1582 1583 1584 1585 1586 1587
 1588 1589 1590 1591 1592 1593 1594 1595 1596 1597 1598 1599 1600 1601
 1602 1603 1604 1605 1606 1607 1608 1615 1616 1700 1701 1702 1785 1786
 1787 1788 1789 1790 1791 1792 1793 1794 1795 1796 1797 1798 1799 1800
 1801 1802 1870 1871 1872 1873 1874 1875 1876 1877 1878 1879 1880 1881
 1882 1883 1884 1885 1886 1887 1888 1889 1890 1891 1892 1893 1955 1956
 1957 1958 1959 1960 1961 1962 1963 1964 1965 2125 2126 2127 2210 2211
 2212 2213 2214 2215 2216 2217 2218 2219 2220 2221 2222 2223 2224 2225
 2226 2227 2228 2229 2230 2231 2232 2233 2234 2235 2236 2237 2238 2239
 2240 2241 2242 2243 2244 2245 2295 2465 2466 2467 2468 2469 2470 2471
 2472 2473 2474 2475 2476 2477 2478 2479 2480 2481 2482 2483 2484 2485
 2486 2487 2488 2489 2490 2491 2492 2493 2494 2495 2496 2497 2498 2499
 2500 2501 2502 2503 2504 2505 2506 2507 2508 2509 2510 2511 2512 2513
 2514 2515 2516 2517 2518 2519 2520 2521 2522 2523 2524 2525 2526 2527
 2528 2529 2530 2531 2532 2533 2550 2551 2552 2553 2554 2555 2556 2557
 2558 2559 2560 2561 2562 2563 2564 2565 2566 2567 2568 2569 2570 2571
 2572 2573 2574 2575 2576 2577 2578 2579 2580 2581 2582 2583 2584 2585
 2586 2587 2588 2589 2590 2591 2592 2593 2594 2595 2596 2597 2598 2599
 2600 2601 2602 2603 2604 2605 2606 2607 2608 2609 2610 2611 2612 2613
 2614 2615 2616 2617 2618 2619 2620 2621 2622 2623 2624 2625 2635 2636
 2637 2638 2639 2640 2641 2642 2643 2644 2645 2646 2647 2648 2649 2650
 2651 2652 2653 2654 2655 2656 2657 2658 2659 2660 2661 2662 2663 2664
 2665 2666 2667 2668 2720 2721 2722 2723 2724 2725 2726 2727 2728 2729
 2730 2731 2732 2733 2734 2735 2736 2737 2805 2806 2975 2976 2977 2978
 2979 2980 2981 2982 2983 2984 2985 3060 3061 3230 3231 3232 3233 3234
 3235 3236 3237 3238 3239 3240 3241 3242 3243 3244 3245 3246 3247 3248
 3249 3250 3251 3252 3253 3254 3255 3256 3257 3258 3259 3260 3261 3262
 3263 3264 3265 3266 3267 3268 3269 3270 3271 3272 3273 3274 3275 3276
 3277 3278 3279 3280 3281 3282 3283 3284 3285 3286 3287 3288 3289 3290
 3291 3292 3293 3294 3295 3296]
[0, 0, 1, 1, 1, 1, 1, 1, 1, 1, 1, 1, 1, 1, 1, 1, 1, 1, 1, 1, 1, 1, 1, 1, 1, 1, 1, 1, 1, 1, 1, 1, 1, 1, 1, 1, 1, 1, 1, 1, 1, 1, 1, 1, 1, 1, 1, 1, 1, 1, 1, 1, 1, 1, 1, 1, 1, 1, 1, 1, 1, 1, 1, 1, 1, 1, 1, 1, 1, 1, 1, 1, 1, 1, 2, 4, 4, 4, 4, 4, 4, 4, 4, 4, 4, 4, 4, 4, 4, 4, 4, 4, 4, 4, 4, 4, 4, 4, 4, 4, 4, 4, 4, 4, 4, 4, 4, 4, 4, 4, 4, 4, 4, 4, 4, 4, 4, 4, 4, 4, 4, 4, 4, 4, 4, 4, 4, 4, 4, 4, 4, 4, 4, 4, 4, 4, 4, 4, 4, 4, 4, 4, 6, 6, 6, 6, 6, 6, 6, 6, 6, 6, 6, 6, 6, 6, 6, 6, 6, 6, 6, 6, 6, 6, 6, 6, 6, 6, 6, 6, 6, 6, 7, 7, 7, 7, 7, 7, 7, 7, 7, 7, 7, 7, 7, 7, 7, 7, 7, 7, 7, 7, 7, 7, 7, 7, 7, 7, 7, 7, 7, 7, 7, 7, 8, 8, 8, 8, 8, 8, 8, 9, 9, 9, 9, 9, 9, 9, 9, 9, 9, 9, 9, 9, 9, 9, 9, 9, 9, 9, 9, 9, 9, 9, 9, 9, 9, 9, 9, 9, 9, 9, 9, 9, 9, 9, 9, 12, 12, 12, 12, 12, 12, 12, 12, 12, 13, 13, 13, 13, 13, 13, 13, 13, 13, 13, 13, 13, 13, 13, 13, 13, 13, 13, 13, 13, 13, 13, 13, 13, 13, 13, 13, 13, 13, 13, 13, 13, 13, 13, 13, 13, 13, 13, 13, 13, 13, 13, 13, 13, 13, 13, 13, 13, 13, 13, 13, 13, 13, 13, 13, 13, 17, 17, 17, 17, 17, 17, 17, 17, 17, 17, 17, 17, 17, 17, 17, 17, 17, 17, 17, 17, 17, 17, 17, 17, 17, 17, 17, 17, 17, 17, 17, 17, 17, 17, 17, 17, 17, 17, 17, 17, 17, 17, 17, 17, 17, 17, 17, 17, 17, 17, 17, 17, 17, 17, 17, 17, 17, 17, 17, 17, 17, 17, 17, 17, 17, 17, 17, 17, 17, 17, 17, 17, 17, 17, 17, 17, 17, 17, 18, 18, 18, 18, 18, 18, 18, 18, 18, 18, 18, 18, 18, 18, 18, 18, 18, 18, 18, 18, 18, 18, 18, 18, 18, 18, 18, 18, 18, 18, 18, 18, 18, 18, 18, 18, 18, 18, 18, 18, 18, 18, 18, 18, 18, 18, 18, 18, 18, 18, 18, 18, 18, 18, 18, 18, 18, 18, 18, 18, 18, 18, 18, 18, 18, 18, 18, 18, 18, 18, 18, 18, 18, 18, 18, 18, 18, 18, 18, 19, 19, 20, 20, 20, 21, 21, 21, 21, 21, 21, 21, 21, 21, 21, 21, 21, 21, 21, 21, 21, 21, 21, 22, 22, 22, 22, 22, 22, 22, 22, 22, 22, 22, 22, 22, 22, 22, 22, 22, 22, 22, 22, 22, 22, 22, 22, 23, 23, 23, 23, 23, 23, 23, 23, 23, 23, 23, 25, 25, 25, 26, 26, 26, 26, 26, 26, 26, 26, 26, 26, 26, 26, 26, 26, 26, 26, 26, 26, 26, 26, 26, 26, 26, 26, 26, 26, 26, 26, 26, 26, 26, 26, 26, 26, 26, 26, 27, 29, 29, 29, 29, 29, 29, 29, 29, 29, 29, 29, 29, 29, 29, 29, 29, 29, 29, 29, 29, 29, 29, 29, 29, 29, 29, 29, 29, 29, 29, 29, 29, 29, 29, 29, 29, 29, 29, 29, 29, 29, 29, 29, 29, 29, 29, 29, 29, 29, 29, 29, 29, 29, 29, 29, 29, 29, 29, 29, 29, 29, 29, 29, 29, 29, 29, 29, 29, 29, 30, 30, 30, 30, 30, 30, 30, 30, 30, 30, 30, 30, 30, 30, 30, 30, 30, 30, 30, 30, 30, 30, 30, 30, 30, 30, 30, 30, 30, 30, 30, 30, 30, 30, 30, 30, 30, 30, 30, 30, 30, 30, 30, 30, 30, 30, 30, 30, 30, 30, 30, 30, 30, 30, 30, 30, 30, 30, 30, 30, 30, 30, 30, 30, 30, 30, 30, 30, 30, 30, 30, 30, 30, 30, 30, 30, 31, 31, 31, 31, 31, 31, 31, 31, 31, 31, 31, 31, 31, 31, 31, 31, 31, 31, 31, 31, 31, 31, 31, 31, 31, 31, 31, 31, 31, 31, 31, 31, 31, 31, 32, 32, 32, 32, 32, 32, 32, 32, 32, 32, 32, 32, 32, 32, 32, 32, 32, 32, 33, 33, 35, 35, 35, 35, 35, 35, 35, 35, 35, 35, 35, 36, 36, 38, 38, 38, 38, 38, 38, 38, 38, 38, 38, 38, 38, 38, 38, 38, 38, 38, 38, 38, 38, 38, 38, 38, 38, 38, 38, 38, 38, 38, 38, 38, 38, 38, 38, 38, 38, 38, 38, 38, 38, 38, 38, 38, 38, 38, 38, 38, 38, 38, 38, 38, 38, 38, 38, 38, 38, 38, 38, 38, 38, 38, 38, 38, 38, 38, 38, 38]
[0, 0, 0, 0, 2, 2, 2, 2, 2, 2, 2, 2, 2, 2, 2, 2, 2, 2, 2, 2, 2, 2, 2, 2, 2, 2, 2, 2, 2, 2, 2, 2, 2, 2, 2, 2, 2, 2, 2, 2, 2, 2, 2, 2, 2, 2, 2, 2, 2, 2, 2, 2, 2, 2, 2, 2, 2, 2, 2, 2, 2, 2, 2, 2, 2, 2, 2, 2, 2, 2, 2, 2, 2, 2, 2, 2, 2, 2, 2, 2, 2, 2, 2, 3, 3, 3, 3, 3, 3, 3, 3, 3, 3, 3, 3, 3, 3, 3, 3, 3, 3, 3, 3, 3, 3, 3, 3, 3, 3, 3, 3, 3, 3, 3, 3, 3, 3, 3, 3, 3, 3, 3, 3, 3, 3, 3, 3, 3, 3, 3, 3, 3, 3, 3, 3, 3, 3, 3, 3, 3, 3, 3, 3, 3, 3, 3, 3, 3, 3, 3, 3, 3, 3, 3, 3, 3, 3, 3, 3, 3, 3, 3, 3, 5, 7, 7, 7, 7, 7, 7, 7, 7, 7, 8, 8, 8, 8, 8, 8, 8, 8, 8, 8, 8, 8, 8, 8, 8, 8, 8, 8, 8, 8, 8, 8, 8, 8, 8, 8, 8, 8, 8, 8, 8, 8, 8, 8, 8, 8, 8, 8, 8, 8, 8, 8, 8, 8, 8, 8, 8, 8, 8, 8, 8, 8, 8, 8, 8, 9, 9, 9, 9, 9, 9, 9, 9, 9, 9, 9, 9, 9, 9, 9, 9, 9, 9, 9, 9, 9, 9, 9, 9, 9, 9, 9, 9, 10, 10, 10, 10, 10, 10, 10, 10, 10, 10, 10, 10, 10, 10, 10, 10, 10, 10, 10, 10, 10, 10, 10, 10, 10, 10, 10, 10, 10, 10, 10, 10, 10, 10, 10, 10, 10, 10, 10, 10, 10, 10, 10, 10, 10, 10, 10, 10, 10, 10, 10, 10, 10, 10, 10, 10, 10, 11, 11, 11, 11, 11, 11, 11, 11, 11, 12, 12, 12, 12, 12, 12, 12, 12, 12, 12, 12, 12, 12, 12, 12, 12, 12, 12, 12, 12, 12, 12, 12, 12, 12, 12, 12, 12, 12, 12, 12, 12, 12, 12, 12, 12, 12, 12, 12, 12, 12, 12, 12, 12, 12, 12, 12, 13, 13, 13, 13, 13, 13, 13, 13, 13, 13, 13, 13, 13, 13, 13, 13, 13, 13, 13, 13, 13, 13, 13, 13, 13, 13, 13, 13, 14, 14, 14, 14, 14, 14, 14, 14, 14, 14, 14, 14, 14, 14, 14, 14, 14, 14, 14, 14, 14, 14, 14, 15, 15, 15, 15, 15, 15, 15, 15, 15, 15, 15, 15, 15, 15, 15, 15, 15, 15, 15, 15, 15, 15, 15, 15, 15, 15, 15, 15, 15, 15, 15, 15, 15, 15, 15, 15, 15, 15, 15, 15, 15, 15, 15, 15, 15, 15, 15, 15, 15, 15, 15, 15, 15, 15, 15, 15, 15, 15, 15, 15, 15, 15, 15, 15, 15, 15, 15, 15, 15, 15, 15, 15, 15, 15, 15, 15, 15, 15, 15, 18, 18, 21, 21, 22, 22, 22, 22, 22, 22, 22, 22, 22, 22, 22, 22, 22, 22, 22, 22, 22, 22, 22, 22, 22, 22, 22, 22, 22, 22, 22, 22, 22, 22, 22, 22, 22, 22, 22, 22, 22, 22, 22, 22, 22, 22, 22, 22, 22, 22, 22, 22, 22, 22, 22, 22, 22, 22, 22, 22, 22, 22, 23, 24, 24, 24, 24, 24, 24, 24, 24, 24, 24, 24, 24, 24, 24, 24, 24, 24, 24, 24, 24, 24, 24, 24, 24, 24, 24, 24, 24, 24, 24, 24, 24, 24, 24, 24, 24, 24, 24, 24, 24, 24, 24, 24, 24, 24, 24, 24, 24, 24, 24, 24, 24, 24, 24, 24, 24, 24, 24, 24, 24, 24, 24, 24, 24, 26, 27, 27, 27, 27, 27, 28, 28, 28, 28, 28, 28, 28, 28, 28, 28, 28, 28, 28, 28, 29, 29, 29, 29, 29, 29, 29, 29, 29, 29, 29, 29, 29, 29, 29, 30, 30, 30, 30, 30, 30, 30, 30, 31, 31, 31, 31, 31, 31, 31, 31, 31, 31, 31, 31, 31, 31, 31, 31, 31, 31, 31, 31, 31, 31, 31, 31, 31, 31, 31, 31, 31, 31, 31, 31, 31, 31, 31, 31, 31, 31, 31, 31, 31, 31, 31, 31, 31, 31, 31, 31, 31, 31, 32, 32, 32, 32, 32, 32, 32, 32, 32, 32, 32, 32, 32, 32, 32, 32, 32, 32, 32, 32, 32, 32, 32, 32, 32, 32, 32, 32, 32, 32, 32, 32, 32, 32, 32, 32, 32, 32, 32, 32, 32, 32, 32, 32, 32, 32, 32, 32, 32, 32, 32, 32, 32, 32, 32, 32, 32, 32, 32, 32, 32, 32, 32, 32, 32, 32, 33, 33, 33, 33, 33, 33, 33, 33, 33, 33, 33, 33, 33, 33, 33, 33, 33, 33, 33, 33, 33, 33, 33, 33, 33, 33, 33, 33, 33, 33, 33, 33, 33, 33, 33, 33, 33, 33, 33, 33, 33, 33, 33, 33, 33, 33, 33, 33, 33, 33, 33, 33, 33, 33, 33, 33, 33, 33, 33, 33, 33, 33, 33, 33, 33, 33, 33, 33, 33, 33, 33, 33, 33, 33, 33, 33, 33, 33, 33, 34, 34, 34, 34, 34, 34, 34, 34, 34, 34, 34, 34, 34, 34, 34, 34, 34, 34, 34, 34, 34, 34, 34, 34, 34, 34, 34, 34, 34, 34, 34, 34, 34, 34, 34, 34, 34, 34, 34, 34, 34, 34, 34, 34, 34, 34, 34, 34, 34, 34, 34, 34, 34, 34, 34, 34, 34, 34, 34, 34, 34, 34, 34, 34, 34, 34, 34, 34, 34, 34, 34, 34, 34, 34, 34, 35, 35, 35, 35, 35, 35, 37, 37, 37, 37, 37, 37, 37, 37, 37, 37, 37, 37, 37, 37, 37, 37, 37, 37, 37, 37, 37, 37, 37, 37, 37, 37, 37, 37, 37, 37, 37, 37, 37, 37, 37, 37, 37, 37, 37, 37, 37, 37, 37, 37, 37, 37, 37, 37, 37, 37, 37, 37, 37, 37, 37, 37, 37, 37, 37, 37, 37, 37, 37, 37, 37, 37, 37, 37, 37, 37, 37, 37, 37, 37, 37, 37, 37, 37, 37, 37, 37, 37, 37, 37, 38, 38, 38, 38, 38, 38, 38, 38, 38, 38, 38, 38, 38, 38]
[0, 0, 0, 0, 0, 0, 0, 0, 0, 0, 0, 0, 0, 0, 0, 0, 0, 0, 0, 0, 0, 0, 0, 0, 0, 0, 0, 0, 0, 0, 0, 0, 0, 0, 0, 0, 0, 0, 0, 0, 0, 0, 0, 0, 0, 0, 0, 0, 0, 0, 0, 0, 0, 0, 0, 0, 0, 0, 0, 0, 0, 0, 0, 0, 0, 0, 0, 0, 0, 0, 0, 0, 0, 0, 0, 0, 0, 0, 0, 1, 1, 1, 1, 1, 1, 1, 1, 1, 1, 1, 1, 1, 2, 2, 2, 2, 2, 3, 3, 3, 3, 3, 4, 4, 4, 4, 4, 4, 4, 4, 4, 4, 4, 4, 4, 4, 4, 4, 4, 4, 5, 5, 5, 5, 5, 5, 5, 5, 5, 5, 5, 5, 5, 5, 5, 5, 5, 5, 5, 5, 5, 5, 5, 5, 5, 5, 5, 5, 5, 5, 5, 5, 5, 5, 5, 5, 5, 5, 5, 5, 5, 5, 5, 5, 5, 5, 5, 5, 5, 5, 5, 5, 5, 5, 5, 5, 5, 5, 5, 5, 5, 5, 5, 5, 5, 5, 5, 5, 5, 5, 5, 5, 5, 5, 5, 5, 5, 5, 5, 5, 5, 5, 5, 5, 6, 6, 6, 6, 6, 6, 6, 6, 6, 6, 6, 6, 6, 6, 6, 6, 6, 6, 6, 6, 6, 6, 6, 6, 6, 6, 6, 6, 6, 6, 6, 6, 6, 6, 6, 6, 6, 6, 6, 6, 6, 6, 6, 6, 6, 6, 6, 6, 6, 6, 6, 6, 6, 6, 6, 7, 7, 7, 7, 7, 7, 7, 7, 7, 7, 7, 7, 7, 7, 7, 7, 7, 7, 7, 7, 7, 7, 7, 7, 7, 7, 7, 7, 7, 7, 7, 7, 7, 7, 7, 7, 7, 7, 7, 7, 7, 7, 7, 7, 8, 8, 8, 8, 8, 8, 8, 8, 8, 8, 8, 8, 8, 8, 8, 8, 8, 8, 8, 8, 8, 8, 8, 9, 9, 9, 9, 9, 9, 9, 9, 9, 9, 9, 9, 9, 9, 9, 9, 9, 9, 9, 9, 9, 10, 10, 10, 10, 10, 10, 10, 10, 10, 10, 10, 10, 10, 10, 10, 10, 10, 10, 10, 10, 10, 10, 10, 10, 10, 10, 10, 10, 11, 11, 11, 11, 11, 11, 11, 11, 11, 11, 11, 11, 11, 11, 11, 11, 11, 11, 11, 11, 11, 11, 11, 11, 11, 11, 11, 11, 11, 11, 11, 11, 11, 11, 11, 11, 11, 11, 11, 11, 11, 11, 11, 11, 11, 11, 11, 11, 11, 11, 11, 11, 11, 11, 11, 11, 11, 11, 11, 11, 11, 11, 11, 11, 11, 11, 11, 11, 11, 11, 11, 11, 11, 11, 11, 11, 12, 12, 12, 12, 12, 12, 12, 12, 12, 12, 12, 12, 12, 12, 12, 12, 12, 12, 12, 12, 12, 12, 12, 12, 12, 12, 12, 12, 12, 13, 14, 14, 14, 14, 14, 14, 14, 14, 14, 14, 14, 14, 14, 14, 14, 14, 14, 14, 14, 14, 14, 14, 14, 14, 14, 14, 14, 14, 14, 14, 14, 14, 14, 14, 14, 14, 14, 14, 14, 14, 14, 14, 14, 14, 14, 14, 14, 14, 14, 14, 14, 14, 14, 14, 14, 14, 14, 14, 14, 14, 14, 14, 15, 15, 15, 15, 15, 15, 16, 16, 16, 16, 16, 16, 16, 16, 16, 16, 16, 16, 16, 16, 16, 16, 16, 16, 16, 16, 16, 16, 16, 16, 16, 16, 16, 16, 16, 16, 16, 16, 16, 16, 16, 16, 16, 16, 16, 16, 16, 16, 16, 16, 16, 16, 16, 16, 16, 16, 16, 16, 16, 16, 16, 16, 16, 16, 16, 16, 16, 16, 16, 16, 16, 16, 16, 16, 16, 16, 16, 16, 16, 16, 16, 16, 16, 16, 16, 16, 16, 16, 16, 16, 16, 17, 17, 17, 17, 17, 17, 17, 18, 18, 18, 18, 19, 19, 19, 19, 19, 19, 19, 19, 19, 19, 19, 19, 19, 19, 19, 19, 19, 19, 19, 19, 19, 19, 19, 19, 19, 19, 19, 19, 19, 19, 19, 19, 19, 19, 19, 19, 19, 19, 19, 19, 19, 19, 19, 19, 19, 19, 19, 19, 19, 19, 19, 19, 19, 19, 19, 19, 19, 19, 19, 19, 19, 19, 19, 19, 19, 19, 19, 19, 19, 19, 19, 19, 19, 19, 19, 19, 19, 19, 19, 19, 19, 19, 19, 20, 20, 20, 20, 20, 20, 20, 20, 20, 20, 20, 20, 20, 20, 20, 20, 20, 20, 20, 20, 20, 20, 20, 20, 20, 20, 20, 20, 20, 20, 20, 20, 20, 20, 20, 20, 20, 20, 20, 20, 20, 20, 20, 20, 20, 20, 20, 20, 20, 20, 20, 20, 20, 20, 20, 20, 20, 20, 20, 20, 20, 20, 20, 20, 20, 20, 20, 20, 20, 20, 20, 20, 20, 20, 20, 20, 20, 20, 20, 20, 20, 20, 21, 21, 21, 21, 21, 21, 21, 21, 21, 21, 21, 21, 21, 21, 21, 21, 21, 21, 21, 21, 21, 21, 21, 21, 21, 21, 21, 21, 21, 21, 21, 21, 21, 21, 21, 21, 21, 21, 21, 21, 21, 21, 21, 21, 21, 21, 21, 21, 21, 21, 21, 21, 21, 21, 21, 21, 21, 21, 21, 21, 21, 21, 21, 21, 21, 22, 22, 22, 23, 23, 23, 23, 23, 23, 23, 23, 23, 23, 23, 23, 23, 23, 23, 23, 23, 23, 23, 23, 23, 23, 23, 23, 23, 23, 23, 23, 23, 23, 23, 23, 23, 23, 23, 23, 23, 23, 23, 23, 23, 23, 23, 23, 23, 23, 23, 23, 23, 23, 23, 23, 23, 23, 23, 23, 23, 23, 23, 23, 23, 23, 23, 23, 23, 23, 23, 23, 23, 23, 23, 23, 23, 24, 24, 24, 24, 24, 24, 24, 24, 24, 24, 24, 24, 24, 24, 24, 24, 24, 24, 24, 24, 24, 25, 25, 25, 25, 25, 25, 25, 25, 25, 25, 25, 25, 25, 25, 25, 25, 25, 25, 25, 25, 25, 25, 25, 25, 25, 25, 25, 25, 25, 25, 25, 25, 25, 25, 25, 25, 25, 25, 25, 25, 25, 25, 25, 25, 25, 25, 25, 25, 25, 25, 25, 25, 25, 25, 25, 25, 25, 25, 25, 25, 25, 25, 25, 25, 25, 25, 25, 25, 25, 25, 25, 25, 25, 25, 25, 25, 25, 25, 25, 25, 25, 25, 26, 26, 26, 26, 26, 26, 26, 26, 26, 26, 26, 26, 26, 26, 26, 26, 26, 26, 26, 26, 26, 26, 26, 26, 26, 26, 26, 26, 26, 26, 26, 26, 26, 26, 26, 26, 26, 26, 26, 26, 26, 26, 26, 26, 26, 26, 26, 26, 27, 27, 27, 27, 27, 27, 27, 27, 27, 27, 27, 27, 27, 27, 27, 27, 27, 27, 27, 27, 27, 27, 27, 27, 27, 27, 27, 27, 27, 27, 27, 27, 27, 27, 27, 27, 27, 27, 27, 27, 27, 27, 27, 27, 27, 27, 27, 27, 27, 27, 27, 27, 27, 27, 27, 27, 27, 27, 27, 27, 27, 27, 27, 27, 27, 27, 27, 27, 27, 27, 27, 27, 27, 27, 27, 27, 27, 27, 27, 28, 28, 28, 28, 28, 28, 28, 28, 28, 28, 28, 28, 28, 28, 28, 28, 28, 28, 28, 28, 28, 28, 28, 28, 28, 28, 28, 28, 28, 28, 28, 28, 28, 28, 28, 28, 28, 28, 28, 28, 28, 28, 28, 28, 28, 28, 28, 28, 28, 28, 28, 28, 28, 28, 28, 28, 28, 28, 28, 28, 28, 28, 28, 28, 28, 28, 28, 28, 28, 28, 28, 29, 30, 31, 32, 33, 33, 33, 33, 34, 34, 34, 34, 34, 34, 34, 34, 34, 34, 35, 35, 35, 35, 35, 35, 35, 35, 35, 35, 35, 35, 35, 35, 35, 35, 35, 35, 35, 35, 35, 35, 35, 35, 35, 35, 35, 35, 35, 35, 35, 35, 35, 35, 35, 35, 35, 35, 35, 35, 35, 35, 35, 35, 35, 35, 35, 35, 35, 35, 35, 35, 35, 35, 35, 35, 35, 35, 35, 35, 35, 35, 35, 35, 35, 35, 35, 35, 36, 36, 36, 36, 36, 36, 36, 36, 36, 36, 36, 36, 36, 36, 36, 36, 36, 36, 36, 36, 36, 36, 36, 36, 36, 36, 36, 36, 36, 36, 36, 36, 36, 36, 36, 36, 36, 36, 36, 36, 36, 36, 36, 36, 36, 36, 36, 36, 36, 36, 36, 36, 36, 36, 36, 36, 36, 36, 36, 36, 36, 36, 36, 36, 36, 36, 36, 36, 36, 36, 36, 36, 36, 36, 36, 36, 36, 36, 36, 36, 36, 36, 36, 37, 38, 38, 38, 38]
shapelet initialized!
[SCAFFOLD] round 1/200 start  selected=[0, 1, 2]
[SCAFFOLD] round 1/200 local_train done in 86.0s
[SCAFFOLD] round 1/200 done  train_acc=1.0000 test_acc=0.2299 best=0.2299@r1 avg_loss=nan eval=137.8s
[SCAFFOLD] round 2/200 start  selected=[0, 1, 2]
[SCAFFOLD] round 2/200 local_train done in 102.3s
[SCAFFOLD] round 2/200 done  train_acc=1.0000 test_acc=0.2341 best=0.2341@r2 avg_loss=nan eval=158.4s
[SCAFFOLD] round 3/200 start  selected=[0, 1, 2]
[SCAFFOLD] round 3/200 local_train done in 90.8s
[SCAFFOLD] round 3/200 done  train_acc=1.0000 test_acc=0.2326 best=0.2341@r2 avg_loss=nan eval=170.1s
[SCAFFOLD] round 4/200 start  selected=[0, 1, 2]
[SCAFFOLD] round 4/200 local_train done in 81.4s
[SCAFFOLD] round 4/200 done  train_acc=1.0000 test_acc=0.2329 best=0.2341@r2 avg_loss=nan eval=149.1s
[SCAFFOLD] round 5/200 start  selected=[0, 1, 2]
[SCAFFOLD] round 5/200 local_train done in 86.8s
[SCAFFOLD] round 5/200 done  train_acc=1.0000 test_acc=0.2347 best=0.2347@r5 avg_loss=nan eval=159.5s
[SCAFFOLD] round 6/200 start  selected=[0, 1, 2]
[SCAFFOLD] round 6/200 local_train done in 95.7s
[SCAFFOLD] round 6/200 done  train_acc=1.0000 test_acc=0.2353 best=0.2353@r6 avg_loss=nan eval=148.6s
[SCAFFOLD] round 7/200 start  selected=[0, 1, 2]
[SCAFFOLD] round 7/200 local_train done in 91.8s
[SCAFFOLD] round 7/200 done  train_acc=1.0000 test_acc=0.2398 best=0.2398@r7 avg_loss=nan eval=150.8s
[SCAFFOLD] round 8/200 start  selected=[0, 1, 2]
[SCAFFOLD] round 8/200 local_train done in 85.2s
[SCAFFOLD] round 8/200 done  train_acc=1.0000 test_acc=0.2362 best=0.2398@r7 avg_loss=nan eval=148.3s
[SCAFFOLD] round 9/200 start  selected=[0, 1, 2]
[SCAFFOLD] round 9/200 local_train done in 88.2s
[SCAFFOLD] round 9/200 done  train_acc=1.0000 test_acc=0.2395 best=0.2398@r7 avg_loss=nan eval=148.5s
[SCAFFOLD] round 10/200 start  selected=[0, 1, 2]
[SCAFFOLD] round 10/200 local_train done in 100.6s
[SCAFFOLD] round 10/200 done  train_acc=1.0000 test_acc=0.2401 best=0.2401@r10 avg_loss=nan eval=148.6s
[SCAFFOLD] round 11/200 start  selected=[0, 1, 2]
[SCAFFOLD] round 11/200 local_train done in 94.6s
[SCAFFOLD] round 11/200 done  train_acc=1.0000 test_acc=0.2353 best=0.2401@r10 avg_loss=nan eval=155.8s
[SCAFFOLD] round 12/200 start  selected=[0, 1, 2]
[SCAFFOLD] round 12/200 local_train done in 106.2s
[SCAFFOLD] round 12/200 done  train_acc=1.0000 test_acc=0.2359 best=0.2401@r10 avg_loss=nan eval=156.5s
[SCAFFOLD] round 13/200 start  selected=[0, 1, 2]
[SCAFFOLD] round 13/200 local_train done in 92.9s
[SCAFFOLD] round 13/200 done  train_acc=1.0000 test_acc=0.2398 best=0.2401@r10 avg_loss=nan eval=155.9s
[SCAFFOLD] round 14/200 start  selected=[0, 1, 2]
[SCAFFOLD] round 14/200 local_train done in 93.2s
[SCAFFOLD] round 14/200 done  train_acc=1.0000 test_acc=0.2320 best=0.2401@r10 avg_loss=nan eval=159.0s
[SCAFFOLD] round 15/200 start  selected=[0, 1, 2]
[SCAFFOLD] round 15/200 local_train done in 98.3s
[SCAFFOLD] round 15/200 done  train_acc=1.0000 test_acc=0.2299 best=0.2401@r10 avg_loss=nan eval=157.9s
[SCAFFOLD] round 16/200 start  selected=[0, 1, 2]
[SCAFFOLD] round 16/200 local_train done in 95.4s
[SCAFFOLD] round 16/200 done  train_acc=1.0000 test_acc=0.2288 best=0.2401@r10 avg_loss=nan eval=146.9s
[SCAFFOLD] round 17/200 start  selected=[0, 1, 2]
[SCAFFOLD] round 17/200 local_train done in 98.6s
[SCAFFOLD] round 17/200 done  train_acc=1.0000 test_acc=0.2329 best=0.2401@r10 avg_loss=nan eval=151.7s
[SCAFFOLD] round 18/200 start  selected=[0, 1, 2]
[SCAFFOLD] round 18/200 local_train done in 93.0s
[SCAFFOLD] round 18/200 done  train_acc=1.0000 test_acc=0.2314 best=0.2401@r10 avg_loss=nan eval=164.5s
[SCAFFOLD] round 19/200 start  selected=[0, 1, 2]
[SCAFFOLD] round 19/200 local_train done in 104.3s
[SCAFFOLD] round 19/200 done  train_acc=1.0000 test_acc=0.2371 best=0.2401@r10 avg_loss=nan eval=164.7s
[SCAFFOLD] round 20/200 start  selected=[0, 1, 2]
[SCAFFOLD] round 20/200 local_train done in 96.2s
[SCAFFOLD] round 20/200 done  train_acc=1.0000 test_acc=0.2374 best=0.2401@r10 avg_loss=nan eval=154.0s
[SCAFFOLD] round 21/200 start  selected=[0, 1, 2]
[SCAFFOLD] round 21/200 local_train done in 96.8s
[SCAFFOLD] round 21/200 done  train_acc=1.0000 test_acc=0.2347 best=0.2401@r10 avg_loss=nan eval=157.2s
[SCAFFOLD] round 22/200 start  selected=[0, 1, 2]
[SCAFFOLD] round 22/200 local_train done in 100.5s
[SCAFFOLD] round 22/200 done  train_acc=1.0000 test_acc=0.2320 best=0.2401@r10 avg_loss=nan eval=160.7s
[SCAFFOLD] round 23/200 start  selected=[0, 1, 2]
[SCAFFOLD] round 23/200 local_train done in 99.7s
[SCAFFOLD] round 23/200 done  train_acc=1.0000 test_acc=0.2344 best=0.2401@r10 avg_loss=nan eval=151.0s
[SCAFFOLD] round 24/200 start  selected=[0, 1, 2]
[SCAFFOLD] round 24/200 local_train done in 91.4s
[SCAFFOLD] round 24/200 done  train_acc=1.0000 test_acc=0.2350 best=0.2401@r10 avg_loss=nan eval=159.2s
[SCAFFOLD] round 25/200 start  selected=[0, 1, 2]
[SCAFFOLD] round 25/200 local_train done in 99.5s
[SCAFFOLD] round 25/200 done  train_acc=1.0000 test_acc=0.2356 best=0.2401@r10 avg_loss=nan eval=154.9s
[SCAFFOLD] round 26/200 start  selected=[0, 1, 2]
[SCAFFOLD] round 26/200 local_train done in 79.0s
[SCAFFOLD] round 26/200 done  train_acc=1.0000 test_acc=0.2362 best=0.2401@r10 avg_loss=nan eval=146.3s
[SCAFFOLD] round 27/200 start  selected=[0, 1, 2]
[SCAFFOLD] round 27/200 local_train done in 91.3s
[SCAFFOLD] round 27/200 done  train_acc=1.0000 test_acc=0.2341 best=0.2401@r10 avg_loss=nan eval=148.6s
[SCAFFOLD] round 28/200 start  selected=[0, 1, 2]
[SCAFFOLD] round 28/200 local_train done in 99.4s
[SCAFFOLD] round 28/200 done  train_acc=1.0000 test_acc=0.2320 best=0.2401@r10 avg_loss=nan eval=141.5s
[SCAFFOLD] round 29/200 start  selected=[0, 1, 2]
[SCAFFOLD] round 29/200 local_train done in 82.3s
[SCAFFOLD] round 29/200 done  train_acc=1.0000 test_acc=0.2347 best=0.2401@r10 avg_loss=nan eval=151.5s
[SCAFFOLD] round 30/200 start  selected=[0, 1, 2]
[SCAFFOLD] round 30/200 local_train done in 101.9s
[SCAFFOLD] round 30/200 done  train_acc=1.0000 test_acc=0.2368 best=0.2401@r10 avg_loss=nan eval=171.3s
[SCAFFOLD] checkpoint saved → ./checkpoint/resume/baseline_scaffold_PhonemeSpectra_2026-05-05-13har_scaffold_dir0.3.pt (round=30)
[SCAFFOLD] round 31/200 start  selected=[0, 1, 2]
[SCAFFOLD] round 31/200 local_train done in 96.9s
[SCAFFOLD] round 31/200 done  train_acc=1.0000 test_acc=0.2380 best=0.2401@r10 avg_loss=nan eval=163.4s
[SCAFFOLD] round 32/200 start  selected=[0, 1, 2]
[SCAFFOLD] round 32/200 local_train done in 97.6s
[SCAFFOLD] round 32/200 done  train_acc=1.0000 test_acc=0.2407 best=0.2407@r32 avg_loss=nan eval=165.3s
[SCAFFOLD] round 33/200 start  selected=[0, 1, 2]
[SCAFFOLD] round 33/200 local_train done in 103.4s
[SCAFFOLD] round 33/200 done  train_acc=1.0000 test_acc=0.2386 best=0.2407@r32 avg_loss=nan eval=168.0s
[SCAFFOLD] round 34/200 start  selected=[0, 1, 2]
[SCAFFOLD] round 34/200 local_train done in 98.0s
[SCAFFOLD] round 34/200 done  train_acc=1.0000 test_acc=0.2404 best=0.2407@r32 avg_loss=nan eval=158.7s
[SCAFFOLD] round 35/200 start  selected=[0, 1, 2]
[SCAFFOLD] round 35/200 local_train done in 90.0s
[SCAFFOLD] round 35/200 done  train_acc=1.0000 test_acc=0.2380 best=0.2407@r32 avg_loss=nan eval=160.8s
[SCAFFOLD] round 36/200 start  selected=[0, 1, 2]
[SCAFFOLD] round 36/200 local_train done in 105.1s
[SCAFFOLD] round 36/200 done  train_acc=1.0000 test_acc=0.2434 best=0.2434@r36 avg_loss=nan eval=169.9s
[SCAFFOLD] round 37/200 start  selected=[0, 1, 2]
[SCAFFOLD] round 37/200 local_train done in 95.2s
[SCAFFOLD] round 37/200 done  train_acc=1.0000 test_acc=0.2335 best=0.2434@r36 avg_loss=nan eval=162.7s
[SCAFFOLD] round 38/200 start  selected=[0, 1, 2]
[SCAFFOLD] round 38/200 local_train done in 99.5s
[SCAFFOLD] round 38/200 done  train_acc=1.0000 test_acc=0.2377 best=0.2434@r36 avg_loss=nan eval=158.2s
[SCAFFOLD] round 39/200 start  selected=[0, 1, 2]
[SCAFFOLD] round 39/200 local_train done in 97.8s
[SCAFFOLD] round 39/200 done  train_acc=1.0000 test_acc=0.2383 best=0.2434@r36 avg_loss=nan eval=152.4s
[SCAFFOLD] round 40/200 start  selected=[0, 1, 2]
[SCAFFOLD] round 40/200 local_train done in 102.7s
[SCAFFOLD] round 40/200 done  train_acc=1.0000 test_acc=0.2380 best=0.2434@r36 avg_loss=nan eval=151.4s
[SCAFFOLD] round 41/200 start  selected=[0, 1, 2]
[SCAFFOLD] round 41/200 local_train done in 98.1s
[SCAFFOLD] round 41/200 done  train_acc=1.0000 test_acc=0.2374 best=0.2434@r36 avg_loss=nan eval=166.5s
[SCAFFOLD] round 42/200 start  selected=[0, 1, 2]
[SCAFFOLD] round 42/200 local_train done in 103.4s
[SCAFFOLD] round 42/200 done  train_acc=1.0000 test_acc=0.2347 best=0.2434@r36 avg_loss=nan eval=147.3s
[SCAFFOLD] round 43/200 start  selected=[0, 1, 2]
[SCAFFOLD] round 43/200 local_train done in 100.1s
[SCAFFOLD] round 43/200 done  train_acc=1.0000 test_acc=0.2344 best=0.2434@r36 avg_loss=nan eval=174.2s
[SCAFFOLD] round 44/200 start  selected=[0, 1, 2]
[SCAFFOLD] round 44/200 local_train done in 95.3s
[SCAFFOLD] round 44/200 done  train_acc=1.0000 test_acc=0.2359 best=0.2434@r36 avg_loss=nan eval=147.5s
[SCAFFOLD] round 45/200 start  selected=[0, 1, 2]
[SCAFFOLD] round 45/200 local_train done in 101.3s
[SCAFFOLD] round 45/200 done  train_acc=1.0000 test_acc=0.2368 best=0.2434@r36 avg_loss=nan eval=161.9s
[SCAFFOLD] round 46/200 start  selected=[0, 1, 2]
[SCAFFOLD] round 46/200 local_train done in 93.8s
[SCAFFOLD] round 46/200 done  train_acc=1.0000 test_acc=0.2389 best=0.2434@r36 avg_loss=nan eval=149.4s
[SCAFFOLD] round 47/200 start  selected=[0, 1, 2]
[SCAFFOLD] round 47/200 local_train done in 103.7s
[SCAFFOLD] round 47/200 done  train_acc=1.0000 test_acc=0.2377 best=0.2434@r36 avg_loss=nan eval=163.9s
[SCAFFOLD] round 48/200 start  selected=[0, 1, 2]
[SCAFFOLD] round 48/200 local_train done in 91.0s
[SCAFFOLD] round 48/200 done  train_acc=1.0000 test_acc=0.2416 best=0.2434@r36 avg_loss=nan eval=167.9s
[SCAFFOLD] round 49/200 start  selected=[0, 1, 2]
[SCAFFOLD] round 49/200 local_train done in 91.6s
[SCAFFOLD] round 49/200 done  train_acc=1.0000 test_acc=0.2425 best=0.2434@r36 avg_loss=nan eval=160.3s
[SCAFFOLD] round 50/200 start  selected=[0, 1, 2]
[SCAFFOLD] round 50/200 local_train done in 102.6s
[SCAFFOLD] round 50/200 done  train_acc=1.0000 test_acc=0.2386 best=0.2434@r36 avg_loss=nan eval=155.2s
[SCAFFOLD] round 51/200 start  selected=[0, 1, 2]
[SCAFFOLD] round 51/200 local_train done in 85.7s
[SCAFFOLD] round 51/200 done  train_acc=1.0000 test_acc=0.2380 best=0.2434@r36 avg_loss=nan eval=163.6s
[SCAFFOLD] round 52/200 start  selected=[0, 1, 2]
[SCAFFOLD] round 52/200 local_train done in 94.2s
[SCAFFOLD] round 52/200 done  train_acc=1.0000 test_acc=0.2377 best=0.2434@r36 avg_loss=nan eval=153.2s
[SCAFFOLD] round 53/200 start  selected=[0, 1, 2]
[SCAFFOLD] round 53/200 local_train done in 91.0s
[SCAFFOLD] round 53/200 done  train_acc=1.0000 test_acc=0.2380 best=0.2434@r36 avg_loss=nan eval=149.8s
[SCAFFOLD] round 54/200 start  selected=[0, 1, 2]
[SCAFFOLD] round 54/200 local_train done in 98.9s
[SCAFFOLD] round 54/200 done  train_acc=1.0000 test_acc=0.2347 best=0.2434@r36 avg_loss=nan eval=159.4s
[SCAFFOLD] round 55/200 start  selected=[0, 1, 2]
[SCAFFOLD] round 55/200 local_train done in 100.7s
[SCAFFOLD] round 55/200 done  train_acc=1.0000 test_acc=0.2335 best=0.2434@r36 avg_loss=nan eval=145.4s
[SCAFFOLD] round 56/200 start  selected=[0, 1, 2]
[SCAFFOLD] round 56/200 local_train done in 100.8s
[SCAFFOLD] round 56/200 done  train_acc=1.0000 test_acc=0.2362 best=0.2434@r36 avg_loss=nan eval=150.8s
[SCAFFOLD] round 57/200 start  selected=[0, 1, 2]
[SCAFFOLD] round 57/200 local_train done in 97.4s
[SCAFFOLD] round 57/200 done  train_acc=1.0000 test_acc=0.2341 best=0.2434@r36 avg_loss=nan eval=156.1s
[SCAFFOLD] round 58/200 start  selected=[0, 1, 2]
[SCAFFOLD] round 58/200 local_train done in 97.2s
[SCAFFOLD] round 58/200 done  train_acc=1.0000 test_acc=0.2341 best=0.2434@r36 avg_loss=nan eval=153.4s
[SCAFFOLD] round 59/200 start  selected=[0, 1, 2]
[SCAFFOLD] round 59/200 local_train done in 96.9s
[SCAFFOLD] round 59/200 done  train_acc=1.0000 test_acc=0.2347 best=0.2434@r36 avg_loss=nan eval=165.3s
[SCAFFOLD] round 60/200 start  selected=[0, 1, 2]
[SCAFFOLD] round 60/200 local_train done in 96.3s
[SCAFFOLD] round 60/200 done  train_acc=1.0000 test_acc=0.2374 best=0.2434@r36 avg_loss=nan eval=165.6s
[SCAFFOLD] checkpoint saved → ./checkpoint/resume/baseline_scaffold_PhonemeSpectra_2026-05-05-13har_scaffold_dir0.3.pt (round=60)
[SCAFFOLD] round 61/200 start  selected=[0, 1, 2]
[SCAFFOLD] round 61/200 local_train done in 101.9s
[SCAFFOLD] round 61/200 done  train_acc=1.0000 test_acc=0.2359 best=0.2434@r36 avg_loss=nan eval=165.2s
[SCAFFOLD] round 62/200 start  selected=[0, 1, 2]
[SCAFFOLD] round 62/200 local_train done in 92.4s
[SCAFFOLD] round 62/200 done  train_acc=1.0000 test_acc=0.2359 best=0.2434@r36 avg_loss=nan eval=160.1s
[SCAFFOLD] round 63/200 start  selected=[0, 1, 2]
[SCAFFOLD] round 63/200 local_train done in 98.3s
[SCAFFOLD] round 63/200 done  train_acc=1.0000 test_acc=0.2365 best=0.2434@r36 avg_loss=nan eval=145.6s
[SCAFFOLD] round 64/200 start  selected=[0, 1, 2]
[SCAFFOLD] round 64/200 local_train done in 99.0s
[SCAFFOLD] round 64/200 done  train_acc=1.0000 test_acc=0.2368 best=0.2434@r36 avg_loss=nan eval=167.7s
[SCAFFOLD] round 65/200 start  selected=[0, 1, 2]
[SCAFFOLD] round 65/200 local_train done in 98.9s
[SCAFFOLD] round 65/200 done  train_acc=1.0000 test_acc=0.2371 best=0.2434@r36 avg_loss=nan eval=166.5s
[SCAFFOLD] round 66/200 start  selected=[0, 1, 2]
[SCAFFOLD] round 66/200 local_train done in 103.0s
[SCAFFOLD] round 66/200 done  train_acc=1.0000 test_acc=0.2365 best=0.2434@r36 avg_loss=nan eval=156.8s
[SCAFFOLD] round 67/200 start  selected=[0, 1, 2]
[SCAFFOLD] round 67/200 local_train done in 93.0s
[SCAFFOLD] round 67/200 done  train_acc=1.0000 test_acc=0.2338 best=0.2434@r36 avg_loss=nan eval=152.2s
[SCAFFOLD] round 68/200 start  selected=[0, 1, 2]
[SCAFFOLD] round 68/200 local_train done in 95.7s
[SCAFFOLD] round 68/200 done  train_acc=1.0000 test_acc=0.2368 best=0.2434@r36 avg_loss=nan eval=151.7s
[SCAFFOLD] round 69/200 start  selected=[0, 1, 2]
[SCAFFOLD] round 69/200 local_train done in 101.1s
[SCAFFOLD] round 69/200 done  train_acc=1.0000 test_acc=0.2350 best=0.2434@r36 avg_loss=nan eval=165.2s
[SCAFFOLD] round 70/200 start  selected=[0, 1, 2]
[SCAFFOLD] round 70/200 local_train done in 99.0s
[SCAFFOLD] round 70/200 done  train_acc=1.0000 test_acc=0.2323 best=0.2434@r36 avg_loss=nan eval=160.3s
[SCAFFOLD] round 71/200 start  selected=[0, 1, 2]
[SCAFFOLD] round 71/200 local_train done in 91.0s
[SCAFFOLD] round 71/200 done  train_acc=1.0000 test_acc=0.2341 best=0.2434@r36 avg_loss=nan eval=153.5s
[SCAFFOLD] round 72/200 start  selected=[0, 1, 2]
[SCAFFOLD] round 72/200 local_train done in 97.2s
[SCAFFOLD] round 72/200 done  train_acc=1.0000 test_acc=0.2353 best=0.2434@r36 avg_loss=nan eval=152.5s
[SCAFFOLD] round 73/200 start  selected=[0, 1, 2]
[SCAFFOLD] round 73/200 local_train done in 93.4s
[SCAFFOLD] round 73/200 done  train_acc=1.0000 test_acc=0.2335 best=0.2434@r36 avg_loss=nan eval=159.9s
[SCAFFOLD] round 74/200 start  selected=[0, 1, 2]
[SCAFFOLD] round 74/200 local_train done in 91.7s
[SCAFFOLD] round 74/200 done  train_acc=1.0000 test_acc=0.2359 best=0.2434@r36 avg_loss=nan eval=160.9s
[SCAFFOLD] round 75/200 start  selected=[0, 1, 2]
[SCAFFOLD] round 75/200 local_train done in 95.6s
[SCAFFOLD] round 75/200 done  train_acc=1.0000 test_acc=0.2332 best=0.2434@r36 avg_loss=nan eval=160.0s
[SCAFFOLD] round 76/200 start  selected=[0, 1, 2]
[SCAFFOLD] round 76/200 local_train done in 97.0s
[SCAFFOLD] round 76/200 done  train_acc=1.0000 test_acc=0.2326 best=0.2434@r36 avg_loss=nan eval=150.5s
[SCAFFOLD] round 77/200 start  selected=[0, 1, 2]
[SCAFFOLD] round 77/200 local_train done in 94.9s
[SCAFFOLD] round 77/200 done  train_acc=1.0000 test_acc=0.2317 best=0.2434@r36 avg_loss=nan eval=167.2s
[SCAFFOLD] round 78/200 start  selected=[0, 1, 2]
[SCAFFOLD] round 78/200 local_train done in 93.2s
[SCAFFOLD] round 78/200 done  train_acc=1.0000 test_acc=0.2317 best=0.2434@r36 avg_loss=nan eval=155.2s
[SCAFFOLD] round 79/200 start  selected=[0, 1, 2]
[SCAFFOLD] round 79/200 local_train done in 99.9s
[SCAFFOLD] round 79/200 done  train_acc=1.0000 test_acc=0.2338 best=0.2434@r36 avg_loss=nan eval=151.9s
[SCAFFOLD] round 80/200 start  selected=[0, 1, 2]
[SCAFFOLD] round 80/200 local_train done in 91.2s
[SCAFFOLD] round 80/200 done  train_acc=1.0000 test_acc=0.2293 best=0.2434@r36 avg_loss=nan eval=152.7s
[SCAFFOLD] round 81/200 start  selected=[0, 1, 2]
[SCAFFOLD] round 81/200 local_train done in 98.6s
[SCAFFOLD] round 81/200 done  train_acc=1.0000 test_acc=0.2323 best=0.2434@r36 avg_loss=nan eval=160.1s
[SCAFFOLD] round 82/200 start  selected=[0, 1, 2]
[SCAFFOLD] round 82/200 local_train done in 85.9s
[SCAFFOLD] round 82/200 done  train_acc=1.0000 test_acc=0.2347 best=0.2434@r36 avg_loss=nan eval=159.7s
[SCAFFOLD] round 83/200 start  selected=[0, 1, 2]
[SCAFFOLD] round 83/200 local_train done in 101.6s
[SCAFFOLD] round 83/200 done  train_acc=1.0000 test_acc=0.2338 best=0.2434@r36 avg_loss=nan eval=166.3s
[SCAFFOLD] round 84/200 start  selected=[0, 1, 2]
[SCAFFOLD] round 84/200 local_train done in 91.8s
[SCAFFOLD] round 84/200 done  train_acc=1.0000 test_acc=0.2329 best=0.2434@r36 avg_loss=nan eval=159.9s
[SCAFFOLD] round 85/200 start  selected=[0, 1, 2]
[SCAFFOLD] round 85/200 local_train done in 97.9s
[SCAFFOLD] round 85/200 done  train_acc=1.0000 test_acc=0.2338 best=0.2434@r36 avg_loss=nan eval=157.1s
[SCAFFOLD] round 86/200 start  selected=[0, 1, 2]
[SCAFFOLD] round 86/200 local_train done in 94.9s
[SCAFFOLD] round 86/200 done  train_acc=1.0000 test_acc=0.2329 best=0.2434@r36 avg_loss=nan eval=159.8s
[SCAFFOLD] round 87/200 start  selected=[0, 1, 2]
[SCAFFOLD] round 87/200 local_train done in 95.7s
[SCAFFOLD] round 87/200 done  train_acc=1.0000 test_acc=0.2335 best=0.2434@r36 avg_loss=nan eval=150.9s
[SCAFFOLD] round 88/200 start  selected=[0, 1, 2]
[SCAFFOLD] round 88/200 local_train done in 90.4s
[SCAFFOLD] round 88/200 done  train_acc=1.0000 test_acc=0.2329 best=0.2434@r36 avg_loss=nan eval=152.7s
[SCAFFOLD] round 89/200 start  selected=[0, 1, 2]
[SCAFFOLD] round 89/200 local_train done in 94.3s
[SCAFFOLD] round 89/200 done  train_acc=1.0000 test_acc=0.2332 best=0.2434@r36 avg_loss=nan eval=149.9s
[SCAFFOLD] round 90/200 start  selected=[0, 1, 2]
[SCAFFOLD] round 90/200 local_train done in 93.1s
[SCAFFOLD] round 90/200 done  train_acc=1.0000 test_acc=0.2314 best=0.2434@r36 avg_loss=nan eval=160.7s
[SCAFFOLD] checkpoint saved → ./checkpoint/resume/baseline_scaffold_PhonemeSpectra_2026-05-05-13har_scaffold_dir0.3.pt (round=90)
[SCAFFOLD] round 91/200 start  selected=[0, 1, 2]
[SCAFFOLD] round 91/200 local_train done in 91.4s
[SCAFFOLD] round 91/200 done  train_acc=1.0000 test_acc=0.2317 best=0.2434@r36 avg_loss=nan eval=153.0s
[SCAFFOLD] round 92/200 start  selected=[0, 1, 2]
[SCAFFOLD] round 92/200 local_train done in 87.2s
[SCAFFOLD] round 92/200 done  train_acc=1.0000 test_acc=0.2320 best=0.2434@r36 avg_loss=nan eval=164.7s
[SCAFFOLD] round 93/200 start  selected=[0, 1, 2]
[SCAFFOLD] round 93/200 local_train done in 92.5s
[SCAFFOLD] round 93/200 done  train_acc=1.0000 test_acc=0.2314 best=0.2434@r36 avg_loss=nan eval=154.3s
[SCAFFOLD] round 94/200 start  selected=[0, 1, 2]
[SCAFFOLD] round 94/200 local_train done in 90.0s
[SCAFFOLD] round 94/200 done  train_acc=1.0000 test_acc=0.2320 best=0.2434@r36 avg_loss=nan eval=153.9s
[SCAFFOLD] round 95/200 start  selected=[0, 1, 2]
[SCAFFOLD] round 95/200 local_train done in 93.5s
[SCAFFOLD] round 95/200 done  train_acc=1.0000 test_acc=0.2317 best=0.2434@r36 avg_loss=nan eval=154.3s
[SCAFFOLD] round 96/200 start  selected=[0, 1, 2]
[SCAFFOLD] round 96/200 local_train done in 88.0s
[SCAFFOLD] round 96/200 done  train_acc=1.0000 test_acc=0.2314 best=0.2434@r36 avg_loss=nan eval=157.4s
[SCAFFOLD] round 97/200 start  selected=[0, 1, 2]
[SCAFFOLD] round 97/200 local_train done in 85.9s
[SCAFFOLD] round 97/200 done  train_acc=1.0000 test_acc=0.2329 best=0.2434@r36 avg_loss=nan eval=152.6s
[SCAFFOLD] round 98/200 start  selected=[0, 1, 2]
[SCAFFOLD] round 98/200 local_train done in 93.2s
[SCAFFOLD] round 98/200 done  train_acc=1.0000 test_acc=0.2353 best=0.2434@r36 avg_loss=nan eval=155.4s
[SCAFFOLD] round 99/200 start  selected=[0, 1, 2]
[SCAFFOLD] round 99/200 local_train done in 90.9s
[SCAFFOLD] round 99/200 done  train_acc=1.0000 test_acc=0.2353 best=0.2434@r36 avg_loss=nan eval=150.7s
[SCAFFOLD] round 100/200 start  selected=[0, 1, 2]
[SCAFFOLD] round 100/200 local_train done in 93.1s
[SCAFFOLD] round 100/200 done  train_acc=1.0000 test_acc=0.2359 best=0.2434@r36 avg_loss=nan eval=160.8s
[SCAFFOLD] round 101/200 start  selected=[0, 1, 2]
[SCAFFOLD] round 101/200 local_train done in 94.3s
[SCAFFOLD] round 101/200 done  train_acc=1.0000 test_acc=0.2353 best=0.2434@r36 avg_loss=nan eval=158.5s
[SCAFFOLD] round 102/200 start  selected=[0, 1, 2]
[SCAFFOLD] round 102/200 local_train done in 95.6s
[SCAFFOLD] round 102/200 done  train_acc=1.0000 test_acc=0.2347 best=0.2434@r36 avg_loss=nan eval=156.7s
[SCAFFOLD] round 103/200 start  selected=[0, 1, 2]
[SCAFFOLD] round 103/200 local_train done in 88.5s
[SCAFFOLD] round 103/200 done  train_acc=1.0000 test_acc=0.2341 best=0.2434@r36 avg_loss=nan eval=147.1s
[SCAFFOLD] round 104/200 start  selected=[0, 1, 2]
[SCAFFOLD] round 104/200 local_train done in 95.1s
[SCAFFOLD] round 104/200 done  train_acc=1.0000 test_acc=0.2344 best=0.2434@r36 avg_loss=nan eval=170.0s
[SCAFFOLD] round 105/200 start  selected=[0, 1, 2]
[SCAFFOLD] round 105/200 local_train done in 98.4s
[SCAFFOLD] round 105/200 done  train_acc=1.0000 test_acc=0.2344 best=0.2434@r36 avg_loss=nan eval=161.1s
[SCAFFOLD] round 106/200 start  selected=[0, 1, 2]
[SCAFFOLD] round 106/200 local_train done in 92.0s
[SCAFFOLD] round 106/200 done  train_acc=1.0000 test_acc=0.2338 best=0.2434@r36 avg_loss=nan eval=148.8s
[SCAFFOLD] round 107/200 start  selected=[0, 1, 2]
[SCAFFOLD] round 107/200 local_train done in 89.4s
[SCAFFOLD] round 107/200 done  train_acc=1.0000 test_acc=0.2335 best=0.2434@r36 avg_loss=nan eval=151.7s
[SCAFFOLD] round 108/200 start  selected=[0, 1, 2]
[SCAFFOLD] round 108/200 local_train done in 94.2s
[SCAFFOLD] round 108/200 done  train_acc=1.0000 test_acc=0.2341 best=0.2434@r36 avg_loss=nan eval=143.7s
[SCAFFOLD] round 109/200 start  selected=[0, 1, 2]
[SCAFFOLD] round 109/200 local_train done in 87.2s
[SCAFFOLD] round 109/200 done  train_acc=1.0000 test_acc=0.2338 best=0.2434@r36 avg_loss=nan eval=151.5s
[SCAFFOLD] round 110/200 start  selected=[0, 1, 2]
[SCAFFOLD] round 110/200 local_train done in 90.1s
[SCAFFOLD] round 110/200 done  train_acc=1.0000 test_acc=0.2332 best=0.2434@r36 avg_loss=nan eval=140.9s
[SCAFFOLD] round 111/200 start  selected=[0, 1, 2]
[SCAFFOLD] round 111/200 local_train done in 93.2s
[SCAFFOLD] round 111/200 done  train_acc=1.0000 test_acc=0.2347 best=0.2434@r36 avg_loss=nan eval=162.3s
[SCAFFOLD] round 112/200 start  selected=[0, 1, 2]
[SCAFFOLD] round 112/200 local_train done in 88.5s
[SCAFFOLD] round 112/200 done  train_acc=1.0000 test_acc=0.2353 best=0.2434@r36 avg_loss=nan eval=157.1s
[SCAFFOLD] round 113/200 start  selected=[0, 1, 2]
[SCAFFOLD] round 113/200 local_train done in 87.2s
[SCAFFOLD] round 113/200 done  train_acc=1.0000 test_acc=0.2353 best=0.2434@r36 avg_loss=nan eval=156.0s
[SCAFFOLD] round 114/200 start  selected=[0, 1, 2]
[SCAFFOLD] round 114/200 local_train done in 89.2s
[SCAFFOLD] round 114/200 done  train_acc=1.0000 test_acc=0.2359 best=0.2434@r36 avg_loss=nan eval=156.8s
[SCAFFOLD] round 115/200 start  selected=[0, 1, 2]
[SCAFFOLD] round 115/200 local_train done in 87.9s
[SCAFFOLD] round 115/200 done  train_acc=1.0000 test_acc=0.2356 best=0.2434@r36 avg_loss=nan eval=157.7s
[SCAFFOLD] round 116/200 start  selected=[0, 1, 2]
[SCAFFOLD] round 116/200 local_train done in 92.9s
[SCAFFOLD] round 116/200 done  train_acc=1.0000 test_acc=0.2347 best=0.2434@r36 avg_loss=nan eval=148.5s
[SCAFFOLD] round 117/200 start  selected=[0, 1, 2]
[SCAFFOLD] round 117/200 local_train done in 91.8s
[SCAFFOLD] round 117/200 done  train_acc=1.0000 test_acc=0.2359 best=0.2434@r36 avg_loss=nan eval=157.0s
[SCAFFOLD] round 118/200 start  selected=[0, 1, 2]
[SCAFFOLD] round 118/200 local_train done in 87.4s
[SCAFFOLD] round 118/200 done  train_acc=1.0000 test_acc=0.2356 best=0.2434@r36 avg_loss=nan eval=147.0s
[SCAFFOLD] round 119/200 start  selected=[0, 1, 2]
[SCAFFOLD] round 119/200 local_train done in 93.5s
[SCAFFOLD] round 119/200 done  train_acc=1.0000 test_acc=0.2353 best=0.2434@r36 avg_loss=nan eval=166.4s
[SCAFFOLD] round 120/200 start  selected=[0, 1, 2]
[SCAFFOLD] round 120/200 local_train done in 83.7s
[SCAFFOLD] round 120/200 done  train_acc=1.0000 test_acc=0.2362 best=0.2434@r36 avg_loss=nan eval=145.5s
[SCAFFOLD] checkpoint saved → ./checkpoint/resume/baseline_scaffold_PhonemeSpectra_2026-05-05-13har_scaffold_dir0.3.pt (round=120)
[SCAFFOLD] round 121/200 start  selected=[0, 1, 2]
[SCAFFOLD] round 121/200 local_train done in 81.6s
[SCAFFOLD] round 121/200 done  train_acc=1.0000 test_acc=0.2359 best=0.2434@r36 avg_loss=nan eval=148.7s
[SCAFFOLD] round 122/200 start  selected=[0, 1, 2]
[SCAFFOLD] round 122/200 local_train done in 88.9s
[SCAFFOLD] round 122/200 done  train_acc=1.0000 test_acc=0.2359 best=0.2434@r36 avg_loss=nan eval=154.2s
[SCAFFOLD] round 123/200 start  selected=[0, 1, 2]
[SCAFFOLD] round 123/200 local_train done in 88.3s
[SCAFFOLD] round 123/200 done  train_acc=1.0000 test_acc=0.2356 best=0.2434@r36 avg_loss=nan eval=151.1s
[SCAFFOLD] round 124/200 start  selected=[0, 1, 2]
[SCAFFOLD] round 124/200 local_train done in 90.8s
[SCAFFOLD] round 124/200 done  train_acc=1.0000 test_acc=0.2350 best=0.2434@r36 avg_loss=nan eval=145.2s
[SCAFFOLD] round 125/200 start  selected=[0, 1, 2]
[SCAFFOLD] round 125/200 local_train done in 86.0s
[SCAFFOLD] round 125/200 done  train_acc=1.0000 test_acc=0.2356 best=0.2434@r36 avg_loss=nan eval=158.3s
[SCAFFOLD] round 126/200 start  selected=[0, 1, 2]
[SCAFFOLD] round 126/200 local_train done in 89.4s
[SCAFFOLD] round 126/200 done  train_acc=1.0000 test_acc=0.2356 best=0.2434@r36 avg_loss=nan eval=164.0s
[SCAFFOLD] round 127/200 start  selected=[0, 1, 2]
[SCAFFOLD] round 127/200 local_train done in 95.9s
[SCAFFOLD] round 127/200 done  train_acc=1.0000 test_acc=0.2362 best=0.2434@r36 avg_loss=nan eval=155.3s
[SCAFFOLD] round 128/200 start  selected=[0, 1, 2]
[SCAFFOLD] round 128/200 local_train done in 89.1s
[SCAFFOLD] round 128/200 done  train_acc=1.0000 test_acc=0.2359 best=0.2434@r36 avg_loss=nan eval=150.0s
[SCAFFOLD] round 129/200 start  selected=[0, 1, 2]
[SCAFFOLD] round 129/200 local_train done in 86.5s
[SCAFFOLD] round 129/200 done  train_acc=1.0000 test_acc=0.2347 best=0.2434@r36 avg_loss=nan eval=161.9s
[SCAFFOLD] round 130/200 start  selected=[0, 1, 2]
[SCAFFOLD] round 130/200 local_train done in 92.1s
[SCAFFOLD] round 130/200 done  train_acc=1.0000 test_acc=0.2353 best=0.2434@r36 avg_loss=nan eval=148.5s
[SCAFFOLD] round 131/200 start  selected=[0, 1, 2]
[SCAFFOLD] round 131/200 local_train done in 92.2s
[SCAFFOLD] round 131/200 done  train_acc=1.0000 test_acc=0.2359 best=0.2434@r36 avg_loss=nan eval=149.3s
[SCAFFOLD] round 132/200 start  selected=[0, 1, 2]
[SCAFFOLD] round 132/200 local_train done in 91.5s
[SCAFFOLD] round 132/200 done  train_acc=1.0000 test_acc=0.2359 best=0.2434@r36 avg_loss=nan eval=160.0s
[SCAFFOLD] round 133/200 start  selected=[0, 1, 2]
[SCAFFOLD] round 133/200 local_train done in 93.0s
[SCAFFOLD] round 133/200 done  train_acc=1.0000 test_acc=0.2356 best=0.2434@r36 avg_loss=nan eval=166.2s
[SCAFFOLD] round 134/200 start  selected=[0, 1, 2]
[SCAFFOLD] round 134/200 local_train done in 94.1s
[SCAFFOLD] round 134/200 done  train_acc=1.0000 test_acc=0.2359 best=0.2434@r36 avg_loss=nan eval=170.5s
[SCAFFOLD] round 135/200 start  selected=[0, 1, 2]
[SCAFFOLD] round 135/200 local_train done in 93.8s
[SCAFFOLD] round 135/200 done  train_acc=1.0000 test_acc=0.2368 best=0.2434@r36 avg_loss=nan eval=133.4s
[SCAFFOLD] round 136/200 start  selected=[0, 1, 2]
[SCAFFOLD] round 136/200 local_train done in 97.7s
[SCAFFOLD] round 136/200 done  train_acc=1.0000 test_acc=0.2374 best=0.2434@r36 avg_loss=nan eval=166.3s
[SCAFFOLD] round 137/200 start  selected=[0, 1, 2]
[SCAFFOLD] round 137/200 local_train done in 92.4s
[SCAFFOLD] round 137/200 done  train_acc=1.0000 test_acc=0.2365 best=0.2434@r36 avg_loss=nan eval=171.1s
[SCAFFOLD] round 138/200 start  selected=[0, 1, 2]
[SCAFFOLD] round 138/200 local_train done in 97.8s
[SCAFFOLD] round 138/200 done  train_acc=1.0000 test_acc=0.2365 best=0.2434@r36 avg_loss=nan eval=150.2s
[SCAFFOLD] round 139/200 start  selected=[0, 1, 2]
[SCAFFOLD] round 139/200 local_train done in 91.3s
[SCAFFOLD] round 139/200 done  train_acc=1.0000 test_acc=0.2356 best=0.2434@r36 avg_loss=nan eval=145.9s
[SCAFFOLD] round 140/200 start  selected=[0, 1, 2]
[SCAFFOLD] round 140/200 local_train done in 90.1s
[SCAFFOLD] round 140/200 done  train_acc=1.0000 test_acc=0.2365 best=0.2434@r36 avg_loss=nan eval=146.3s
[SCAFFOLD] round 141/200 start  selected=[0, 1, 2]
[SCAFFOLD] round 141/200 local_train done in 94.3s
[SCAFFOLD] round 141/200 done  train_acc=1.0000 test_acc=0.2365 best=0.2434@r36 avg_loss=nan eval=165.1s
[SCAFFOLD] round 142/200 start  selected=[0, 1, 2]
[SCAFFOLD] round 142/200 local_train done in 82.7s
[SCAFFOLD] round 142/200 done  train_acc=1.0000 test_acc=0.2365 best=0.2434@r36 avg_loss=nan eval=150.2s
[SCAFFOLD] round 143/200 start  selected=[0, 1, 2]
[SCAFFOLD] round 143/200 local_train done in 90.7s
[SCAFFOLD] round 143/200 done  train_acc=1.0000 test_acc=0.2359 best=0.2434@r36 avg_loss=nan eval=154.2s
[SCAFFOLD] round 144/200 start  selected=[0, 1, 2]
[SCAFFOLD] round 144/200 local_train done in 92.8s
[SCAFFOLD] round 144/200 done  train_acc=1.0000 test_acc=0.2362 best=0.2434@r36 avg_loss=nan eval=150.7s
[SCAFFOLD] round 145/200 start  selected=[0, 1, 2]
[SCAFFOLD] round 145/200 local_train done in 89.9s
[SCAFFOLD] round 145/200 done  train_acc=1.0000 test_acc=0.2359 best=0.2434@r36 avg_loss=nan eval=144.9s
[SCAFFOLD] round 146/200 start  selected=[0, 1, 2]
[SCAFFOLD] round 146/200 local_train done in 81.3s
[SCAFFOLD] round 146/200 done  train_acc=1.0000 test_acc=0.2362 best=0.2434@r36 avg_loss=nan eval=148.0s
[SCAFFOLD] round 147/200 start  selected=[0, 1, 2]
[SCAFFOLD] round 147/200 local_train done in 90.6s
[SCAFFOLD] round 147/200 done  train_acc=1.0000 test_acc=0.2353 best=0.2434@r36 avg_loss=nan eval=146.1s
[SCAFFOLD] round 148/200 start  selected=[0, 1, 2]
[SCAFFOLD] round 148/200 local_train done in 91.2s
[SCAFFOLD] round 148/200 done  train_acc=1.0000 test_acc=0.2356 best=0.2434@r36 avg_loss=nan eval=165.8s
[SCAFFOLD] round 149/200 start  selected=[0, 1, 2]
[SCAFFOLD] round 149/200 local_train done in 93.8s
[SCAFFOLD] round 149/200 done  train_acc=1.0000 test_acc=0.2359 best=0.2434@r36 avg_loss=nan eval=158.8s
[SCAFFOLD] round 150/200 start  selected=[0, 1, 2]
[SCAFFOLD] round 150/200 local_train done in 88.6s
[SCAFFOLD] round 150/200 done  train_acc=1.0000 test_acc=0.2356 best=0.2434@r36 avg_loss=nan eval=149.0s
[SCAFFOLD] checkpoint saved → ./checkpoint/resume/baseline_scaffold_PhonemeSpectra_2026-05-05-13har_scaffold_dir0.3.pt (round=150)
[SCAFFOLD] round 151/200 start  selected=[0, 1, 2]
[SCAFFOLD] round 151/200 local_train done in 85.8s
[SCAFFOLD] round 151/200 done  train_acc=1.0000 test_acc=0.2356 best=0.2434@r36 avg_loss=nan eval=148.9s
[SCAFFOLD] round 152/200 start  selected=[0, 1, 2]
[SCAFFOLD] round 152/200 local_train done in 95.7s
[SCAFFOLD] round 152/200 done  train_acc=1.0000 test_acc=0.2356 best=0.2434@r36 avg_loss=nan eval=152.8s
[SCAFFOLD] round 153/200 start  selected=[0, 1, 2]
[SCAFFOLD] round 153/200 local_train done in 89.7s
[SCAFFOLD] round 153/200 done  train_acc=1.0000 test_acc=0.2359 best=0.2434@r36 avg_loss=nan eval=152.8s
[SCAFFOLD] round 154/200 start  selected=[0, 1, 2]
[SCAFFOLD] round 154/200 local_train done in 88.2s
[SCAFFOLD] round 154/200 done  train_acc=1.0000 test_acc=0.2356 best=0.2434@r36 avg_loss=nan eval=142.3s
[SCAFFOLD] round 155/200 start  selected=[0, 1, 2]
[SCAFFOLD] round 155/200 local_train done in 92.3s
[SCAFFOLD] round 155/200 done  train_acc=1.0000 test_acc=0.2353 best=0.2434@r36 avg_loss=nan eval=152.4s
[SCAFFOLD] round 156/200 start  selected=[0, 1, 2]
[SCAFFOLD] round 156/200 local_train done in 92.4s
[SCAFFOLD] round 156/200 done  train_acc=1.0000 test_acc=0.2353 best=0.2434@r36 avg_loss=nan eval=157.3s
[SCAFFOLD] round 157/200 start  selected=[0, 1, 2]
[SCAFFOLD] round 157/200 local_train done in 96.5s
[SCAFFOLD] round 157/200 done  train_acc=1.0000 test_acc=0.2353 best=0.2434@r36 avg_loss=nan eval=166.3s
[SCAFFOLD] round 158/200 start  selected=[0, 1, 2]
[SCAFFOLD] round 158/200 local_train done in 86.4s
[SCAFFOLD] round 158/200 done  train_acc=1.0000 test_acc=0.2353 best=0.2434@r36 avg_loss=nan eval=129.1s
[SCAFFOLD] round 159/200 start  selected=[0, 1, 2]
[SCAFFOLD] round 159/200 local_train done in 102.4s
[SCAFFOLD] round 159/200 done  train_acc=1.0000 test_acc=0.2356 best=0.2434@r36 avg_loss=nan eval=172.4s
[SCAFFOLD] round 160/200 start  selected=[0, 1, 2]
[SCAFFOLD] round 160/200 local_train done in 92.8s
[SCAFFOLD] round 160/200 done  train_acc=1.0000 test_acc=0.2353 best=0.2434@r36 avg_loss=nan eval=146.4s
[SCAFFOLD] round 161/200 start  selected=[0, 1, 2]
[SCAFFOLD] round 161/200 local_train done in 95.7s
[SCAFFOLD] round 161/200 done  train_acc=1.0000 test_acc=0.2356 best=0.2434@r36 avg_loss=nan eval=138.6s
[SCAFFOLD] round 162/200 start  selected=[0, 1, 2]
[SCAFFOLD] round 162/200 local_train done in 80.8s
[SCAFFOLD] round 162/200 done  train_acc=1.0000 test_acc=0.2353 best=0.2434@r36 avg_loss=nan eval=143.2s
[SCAFFOLD] round 163/200 start  selected=[0, 1, 2]
[SCAFFOLD] round 163/200 local_train done in 88.1s
[SCAFFOLD] round 163/200 done  train_acc=1.0000 test_acc=0.2350 best=0.2434@r36 avg_loss=nan eval=149.7s
[SCAFFOLD] round 164/200 start  selected=[0, 1, 2]
[SCAFFOLD] round 164/200 local_train done in 87.2s
[SCAFFOLD] round 164/200 done  train_acc=1.0000 test_acc=0.2353 best=0.2434@r36 avg_loss=nan eval=163.3s
[SCAFFOLD] round 165/200 start  selected=[0, 1, 2]
[SCAFFOLD] round 165/200 local_train done in 87.1s
[SCAFFOLD] round 165/200 done  train_acc=1.0000 test_acc=0.2350 best=0.2434@r36 avg_loss=nan eval=156.0s
[SCAFFOLD] round 166/200 start  selected=[0, 1, 2]
[SCAFFOLD] round 166/200 local_train done in 85.0s
[SCAFFOLD] round 166/200 done  train_acc=1.0000 test_acc=0.2353 best=0.2434@r36 avg_loss=nan eval=159.8s
[SCAFFOLD] round 167/200 start  selected=[0, 1, 2]
[SCAFFOLD] round 167/200 local_train done in 93.9s
[SCAFFOLD] round 167/200 done  train_acc=1.0000 test_acc=0.2353 best=0.2434@r36 avg_loss=nan eval=143.8s
[SCAFFOLD] round 168/200 start  selected=[0, 1, 2]
[SCAFFOLD] round 168/200 local_train done in 82.4s
[SCAFFOLD] round 168/200 done  train_acc=1.0000 test_acc=0.2356 best=0.2434@r36 avg_loss=nan eval=150.9s
[SCAFFOLD] round 169/200 start  selected=[0, 1, 2]
[SCAFFOLD] round 169/200 local_train done in 90.0s
[SCAFFOLD] round 169/200 done  train_acc=1.0000 test_acc=0.2356 best=0.2434@r36 avg_loss=nan eval=144.0s
[SCAFFOLD] round 170/200 start  selected=[0, 1, 2]
[SCAFFOLD] round 170/200 local_train done in 83.5s
[SCAFFOLD] round 170/200 done  train_acc=1.0000 test_acc=0.2356 best=0.2434@r36 avg_loss=nan eval=164.5s
[SCAFFOLD] round 171/200 start  selected=[0, 1, 2]
[SCAFFOLD] round 171/200 local_train done in 94.5s
[SCAFFOLD] round 171/200 done  train_acc=1.0000 test_acc=0.2350 best=0.2434@r36 avg_loss=nan eval=149.7s
[SCAFFOLD] round 172/200 start  selected=[0, 1, 2]
[SCAFFOLD] round 172/200 local_train done in 93.0s
[SCAFFOLD] round 172/200 done  train_acc=1.0000 test_acc=0.2353 best=0.2434@r36 avg_loss=nan eval=145.0s
[SCAFFOLD] round 173/200 start  selected=[0, 1, 2]
[SCAFFOLD] round 173/200 local_train done in 87.3s
[SCAFFOLD] round 173/200 done  train_acc=1.0000 test_acc=0.2350 best=0.2434@r36 avg_loss=nan eval=140.7s
[SCAFFOLD] round 174/200 start  selected=[0, 1, 2]
[SCAFFOLD] round 174/200 local_train done in 84.6s
[SCAFFOLD] round 174/200 done  train_acc=1.0000 test_acc=0.2353 best=0.2434@r36 avg_loss=nan eval=149.5s
[SCAFFOLD] round 175/200 start  selected=[0, 1, 2]
[SCAFFOLD] round 175/200 local_train done in 88.9s
[SCAFFOLD] round 175/200 done  train_acc=1.0000 test_acc=0.2356 best=0.2434@r36 avg_loss=nan eval=147.7s
[SCAFFOLD] round 176/200 start  selected=[0, 1, 2]
[SCAFFOLD] round 176/200 local_train done in 80.3s
[SCAFFOLD] round 176/200 done  train_acc=1.0000 test_acc=0.2356 best=0.2434@r36 avg_loss=nan eval=155.0s
[SCAFFOLD] round 177/200 start  selected=[0, 1, 2]
[SCAFFOLD] round 177/200 local_train done in 89.5s
[SCAFFOLD] round 177/200 done  train_acc=1.0000 test_acc=0.2353 best=0.2434@r36 avg_loss=nan eval=154.8s
[SCAFFOLD] round 178/200 start  selected=[0, 1, 2]
[SCAFFOLD] round 178/200 local_train done in 85.7s
[SCAFFOLD] round 178/200 done  train_acc=1.0000 test_acc=0.2353 best=0.2434@r36 avg_loss=nan eval=158.5s
[SCAFFOLD] round 179/200 start  selected=[0, 1, 2]
[SCAFFOLD] round 179/200 local_train done in 87.9s
[SCAFFOLD] round 179/200 done  train_acc=1.0000 test_acc=0.2350 best=0.2434@r36 avg_loss=nan eval=145.4s
[SCAFFOLD] round 180/200 start  selected=[0, 1, 2]
[SCAFFOLD] round 180/200 local_train done in 91.8s
[SCAFFOLD] round 180/200 done  train_acc=1.0000 test_acc=0.2356 best=0.2434@r36 avg_loss=nan eval=151.1s
[SCAFFOLD] checkpoint saved → ./checkpoint/resume/baseline_scaffold_PhonemeSpectra_2026-05-05-13har_scaffold_dir0.3.pt (round=180)
[SCAFFOLD] round 181/200 start  selected=[0, 1, 2]
[SCAFFOLD] round 181/200 local_train done in 90.9s
[SCAFFOLD] round 181/200 done  train_acc=1.0000 test_acc=0.2350 best=0.2434@r36 avg_loss=nan eval=152.8s
[SCAFFOLD] round 182/200 start  selected=[0, 1, 2]
[SCAFFOLD] round 182/200 local_train done in 87.8s
[SCAFFOLD] round 182/200 done  train_acc=1.0000 test_acc=0.2353 best=0.2434@r36 avg_loss=nan eval=141.2s
[SCAFFOLD] round 183/200 start  selected=[0, 1, 2]
[SCAFFOLD] round 183/200 local_train done in 84.2s
[SCAFFOLD] round 183/200 done  train_acc=1.0000 test_acc=0.2353 best=0.2434@r36 avg_loss=nan eval=136.0s
[SCAFFOLD] round 184/200 start  selected=[0, 1, 2]
[SCAFFOLD] round 184/200 local_train done in 82.5s
[SCAFFOLD] round 184/200 done  train_acc=1.0000 test_acc=0.2353 best=0.2434@r36 avg_loss=nan eval=148.8s
[SCAFFOLD] round 185/200 start  selected=[0, 1, 2]
[SCAFFOLD] round 185/200 local_train done in 85.0s
[SCAFFOLD] round 185/200 done  train_acc=1.0000 test_acc=0.2350 best=0.2434@r36 avg_loss=nan eval=153.2s
[SCAFFOLD] round 186/200 start  selected=[0, 1, 2]
[SCAFFOLD] round 186/200 local_train done in 83.8s
[SCAFFOLD] round 186/200 done  train_acc=1.0000 test_acc=0.2353 best=0.2434@r36 avg_loss=nan eval=139.7s
[SCAFFOLD] round 187/200 start  selected=[0, 1, 2]
[SCAFFOLD] round 187/200 local_train done in 84.0s
[SCAFFOLD] round 187/200 done  train_acc=1.0000 test_acc=0.2353 best=0.2434@r36 avg_loss=nan eval=132.3s
[SCAFFOLD] round 188/200 start  selected=[0, 1, 2]
[SCAFFOLD] round 188/200 local_train done in 82.2s
[SCAFFOLD] round 188/200 done  train_acc=1.0000 test_acc=0.2353 best=0.2434@r36 avg_loss=nan eval=146.9s
[SCAFFOLD] round 189/200 start  selected=[0, 1, 2]
[SCAFFOLD] round 189/200 local_train done in 87.0s
[SCAFFOLD] round 189/200 done  train_acc=1.0000 test_acc=0.2350 best=0.2434@r36 avg_loss=nan eval=132.7s
[SCAFFOLD] round 190/200 start  selected=[0, 1, 2]
[SCAFFOLD] round 190/200 local_train done in 78.5s
[SCAFFOLD] round 190/200 done  train_acc=1.0000 test_acc=0.2350 best=0.2434@r36 avg_loss=nan eval=156.7s
[SCAFFOLD] round 191/200 start  selected=[0, 1, 2]
[SCAFFOLD] round 191/200 local_train done in 81.0s
[SCAFFOLD] round 191/200 done  train_acc=1.0000 test_acc=0.2350 best=0.2434@r36 avg_loss=nan eval=147.6s
[SCAFFOLD] round 192/200 start  selected=[0, 1, 2]
[SCAFFOLD] round 192/200 local_train done in 87.0s
[SCAFFOLD] round 192/200 done  train_acc=1.0000 test_acc=0.2350 best=0.2434@r36 avg_loss=nan eval=157.5s
[SCAFFOLD] round 193/200 start  selected=[0, 1, 2]
[SCAFFOLD] round 193/200 local_train done in 86.2s
[SCAFFOLD] round 193/200 done  train_acc=1.0000 test_acc=0.2347 best=0.2434@r36 avg_loss=nan eval=151.0s
[SCAFFOLD] round 194/200 start  selected=[0, 1, 2]
[SCAFFOLD] round 194/200 local_train done in 81.6s
[SCAFFOLD] round 194/200 done  train_acc=1.0000 test_acc=0.2347 best=0.2434@r36 avg_loss=nan eval=136.0s
[SCAFFOLD] round 195/200 start  selected=[0, 1, 2]
[SCAFFOLD] round 195/200 local_train done in 81.5s
[SCAFFOLD] round 195/200 done  train_acc=1.0000 test_acc=0.2350 best=0.2434@r36 avg_loss=nan eval=135.6s
[SCAFFOLD] round 196/200 start  selected=[0, 1, 2]
[SCAFFOLD] round 196/200 local_train done in 84.0s
[SCAFFOLD] round 196/200 done  train_acc=1.0000 test_acc=0.2347 best=0.2434@r36 avg_loss=nan eval=151.7s
[SCAFFOLD] round 197/200 start  selected=[0, 1, 2]
[SCAFFOLD] round 197/200 local_train done in 84.2s
[SCAFFOLD] round 197/200 done  train_acc=1.0000 test_acc=0.2347 best=0.2434@r36 avg_loss=nan eval=139.2s
[SCAFFOLD] round 198/200 start  selected=[0, 1, 2]
[SCAFFOLD] round 198/200 local_train done in 90.5s
[SCAFFOLD] round 198/200 done  train_acc=1.0000 test_acc=0.2347 best=0.2434@r36 avg_loss=nan eval=150.5s
[SCAFFOLD] round 199/200 start  selected=[0, 1, 2]
[SCAFFOLD] round 199/200 local_train done in 92.0s
[SCAFFOLD] round 199/200 done  train_acc=1.0000 test_acc=0.2347 best=0.2434@r36 avg_loss=nan eval=152.6s
[SCAFFOLD] round 200/200 start  selected=[0, 1, 2]
[SCAFFOLD] round 200/200 local_train done in 87.3s
[SCAFFOLD] round 200/200 done  train_acc=1.0000 test_acc=0.2347 best=0.2434@r36 avg_loss=nan eval=155.9s
[SCAFFOLD] training done in 49302.3s, best round=35 best_acc=0.2434
Model saved to ./checkpoint/PhonemeSpectra/2026-05-05-13har_scaffold_dir0.3_PhonemeSpectra_model.pt
