# 2026-05-04 10:37:59  har_fedcsl-onehot_dir0.05  GPU=6  cwd=/data/user_lixiongfei/CSL-main
# CMD: python3 -u FedCSL_All.py -dataset HAR --config configFedCSL_OneHot.yml --dirichlet-alpha 0.05 --seed 42 --description har_fedcsl-onehot_dir0.05 -dataset SpokenArabicDigits

/mnt/data/user_liangzhiyu/envs/fedcsl/lib/python3.8/site-packages/scipy/__init__.py:146: UserWarning: A NumPy version >=1.16.5 and <1.23.0 is required for this version of SciPy (detected version 1.23.5
  warnings.warn(f"A NumPy version >={np_minversion} and <{np_maxversion}"
[config] 'configFedCSL_OneHot.yml' 未找到，重定向到 'config/configFedCSL_OneHot.yml'
6599
<class 'pandas.core.frame.DataFrame'>
RangeIndex: 6599 entries, 0 to 6598
Data columns (total 14 columns):
 #   Column      Non-Null Count  Dtype 
---  ------      --------------  ----- 
 0   dim_0       6599 non-null   object
 1   dim_1       6599 non-null   object
 2   dim_2       6599 non-null   object
 3   dim_3       6599 non-null   object
 4   dim_4       6599 non-null   object
 5   dim_5       6599 non-null   object
 6   dim_6       6599 non-null   object
 7   dim_7       6599 non-null   object
 8   dim_8       6599 non-null   object
 9   dim_9       6599 non-null   object
 10  dim_10      6599 non-null   object
 11  dim_11      6599 non-null   object
 12  dim_12      6599 non-null   object
 13  class_vals  6599 non-null   object
dtypes: object(14)
memory usage: 721.9+ KB
None
{7, 9, 13, 15, 16, 17, 18, 20, 21, 22, 23, 24, 25, 26, 27, 28, 29, 30, 31, 32, 33, 34, 35, 36, 37, 38, 39, 40, 41, 42, 43, 44, 45, 46, 47, 48, 49, 50, 51, 52, 53, 54, 55, 56, 57, 58, 59, 60, 61, 62, 63, 64, 74, 76, 77, 79, 83}
<class 'pandas.core.frame.DataFrame'>
RangeIndex: 6599 entries, 0 to 6598
Data columns (total 14 columns):
 #   Column      Non-Null Count  Dtype 
---  ------      --------------  ----- 
 0   dim_0       6599 non-null   object
 1   dim_1       6599 non-null   object
 2   dim_2       6599 non-null   object
 3   dim_3       6599 non-null   object
 4   dim_4       6599 non-null   object
 5   dim_5       6599 non-null   object
 6   dim_6       6599 non-null   object
 7   dim_7       6599 non-null   object
 8   dim_8       6599 non-null   object
 9   dim_9       6599 non-null   object
 10  dim_10      6599 non-null   object
 11  dim_11      6599 non-null   object
 12  dim_12      6599 non-null   object
 13  class_vals  6599 non-null   object
dtypes: object(14)
memory usage: 721.9+ KB
None
[0 0 0 ... 9 9 9]
[ 660  661  662 ... 6474 6475 6476]
[1, 1, 1, 1, 1, 1, 1, 1, 1, 1, 1, 1, 1, 1, 1, 1, 1, 1, 1, 1, 1, 1, 1, 1, 1, 1, 1, 1, 1, 1, 1, 1, 1, 1, 1, 1, 1, 1, 1, 1, 1, 1, 1, 1, 1, 1, 1, 1, 1, 1, 1, 1, 1, 1, 1, 1, 1, 1, 1, 1, 1, 1, 1, 1, 1, 1, 1, 1, 1, 1, 1, 1, 1, 1, 1, 1, 1, 1, 1, 1, 1, 1, 1, 1, 1, 1, 1, 1, 1, 1, 1, 1, 1, 1, 1, 1, 1, 1, 1, 1, 1, 1, 1, 1, 1, 1, 1, 1, 1, 1, 1, 1, 1, 1, 1, 1, 1, 1, 1, 1, 1, 1, 1, 1, 1, 1, 1, 1, 1, 1, 1, 1, 1, 1, 1, 1, 1, 1, 1, 1, 1, 1, 1, 1, 1, 1, 1, 1, 1, 1, 1, 1, 1, 1, 1, 1, 1, 1, 1, 1, 1, 1, 1, 1, 1, 1, 1, 1, 1, 1, 1, 1, 1, 1, 1, 1, 1, 1, 1, 1, 1, 1, 1, 1, 1, 1, 1, 1, 1, 1, 1, 1, 1, 1, 1, 1, 1, 1, 1, 1, 1, 1, 1, 1, 1, 1, 1, 1, 1, 1, 1, 1, 1, 1, 1, 1, 1, 1, 1, 1, 1, 1, 1, 1, 1, 1, 1, 1, 1, 1, 1, 1, 1, 1, 1, 1, 1, 1, 1, 1, 1, 1, 1, 1, 1, 1, 1, 1, 1, 1, 1, 1, 1, 1, 1, 1, 1, 1, 1, 1, 1, 1, 1, 1, 1, 1, 1, 1, 1, 1, 1, 1, 1, 1, 1, 1, 1, 1, 1, 1, 1, 1, 1, 1, 1, 1, 1, 1, 1, 1, 1, 1, 1, 1, 1, 1, 1, 1, 1, 1, 1, 1, 1, 1, 1, 1, 1, 1, 1, 1, 1, 1, 1, 1, 1, 1, 1, 1, 1, 1, 1, 1, 1, 1, 1, 1, 1, 1, 1, 1, 1, 1, 1, 1, 1, 1, 1, 1, 1, 1, 1, 1, 1, 1, 1, 1, 1, 1, 1, 1, 1, 1, 1, 1, 1, 1, 1, 1, 1, 1, 1, 1, 1, 1, 1, 1, 1, 1, 1, 1, 1, 1, 1, 1, 1, 1, 1, 1, 1, 1, 1, 1, 1, 1, 1, 1, 1, 1, 1, 1, 1, 1, 1, 1, 1, 1, 1, 1, 1, 1, 1, 1, 1, 1, 1, 1, 1, 1, 1, 1, 1, 1, 1, 1, 1, 1, 1, 1, 1, 1, 1, 1, 1, 1, 1, 1, 1, 1, 1, 1, 1, 1, 1, 1, 1, 1, 1, 1, 1, 1, 1, 1, 1, 1, 1, 1, 1, 1, 1, 1, 1, 1, 1, 1, 1, 1, 1, 1, 1, 1, 1, 1, 1, 1, 1, 1, 1, 1, 1, 1, 1, 1, 1, 1, 1, 1, 1, 1, 1, 1, 1, 1, 1, 1, 1, 1, 1, 1, 1, 1, 1, 1, 1, 1, 1, 1, 1, 1, 1, 1, 1, 1, 1, 1, 1, 1, 1, 1, 1, 1, 1, 1, 1, 1, 1, 1, 1, 1, 1, 1, 1, 1, 1, 1, 1, 1, 1, 1, 1, 1, 1, 1, 1, 1, 1, 1, 1, 1, 1, 1, 1, 1, 1, 1, 1, 1, 1, 1, 1, 1, 1, 1, 1, 1, 1, 1, 1, 1, 1, 1, 1, 1, 1, 1, 1, 1, 1, 1, 1, 1, 1, 1, 1, 1, 1, 1, 1, 1, 1, 1, 1, 1, 1, 1, 1, 1, 1, 1, 1, 1, 1, 1, 1, 1, 1, 1, 1, 1, 1, 1, 1, 1, 1, 1, 1, 1, 1, 1, 1, 1, 1, 1, 1, 1, 1, 1, 1, 1, 1, 1, 1, 1, 1, 1, 1, 1, 1, 1, 1, 1, 1, 1, 1, 1, 1, 1, 1, 1, 1, 1, 1, 1, 1, 1, 1, 1, 1, 1, 1, 1, 1, 1, 1, 1, 1, 1, 1, 1, 1, 4, 4, 4, 4, 4, 4, 4, 4, 4, 4, 4, 4, 4, 4, 4, 4, 4, 4, 4, 4, 4, 4, 4, 4, 4, 4, 4, 4, 4, 4, 4, 4, 4, 4, 4, 4, 4, 4, 4, 4, 4, 4, 4, 4, 4, 4, 4, 4, 4, 4, 4, 4, 4, 4, 4, 4, 4, 4, 4, 4, 4, 4, 4, 4, 4, 4, 4, 4, 4, 4, 4, 4, 4, 4, 4, 4, 4, 4, 4, 4, 4, 4, 4, 4, 4, 4, 4, 4, 4, 4, 4, 4, 4, 4, 4, 4, 4, 4, 4, 4, 4, 4, 4, 4, 4, 4, 4, 4, 4, 4, 4, 4, 4, 4, 4, 4, 4, 4, 4, 4, 4, 4, 4, 4, 4, 4, 4, 4, 4, 4, 4, 4, 4, 4, 4, 4, 4, 4, 4, 4, 4, 4, 4, 4, 4, 4, 4, 4, 4, 4, 4, 4, 4, 4, 4, 4, 4, 4, 4, 4, 4, 4, 4, 4, 4, 4, 4, 4, 4, 4, 4, 4, 4, 4, 4, 4, 4, 4, 4, 4, 4, 4, 4, 4, 4, 4, 4, 4, 4, 4, 4, 4, 4, 4, 4, 4, 4, 4, 4, 4, 4, 4, 4, 4, 4, 4, 4, 4, 4, 4, 4, 4, 4, 4, 4, 4, 4, 4, 4, 4, 4, 4, 4, 4, 4, 4, 4, 4, 4, 4, 4, 4, 4, 4, 4, 4, 4, 4, 4, 4, 4, 4, 4, 4, 4, 4, 4, 4, 4, 4, 4, 4, 4, 4, 4, 4, 4, 4, 4, 4, 4, 4, 4, 4, 4, 4, 4, 4, 4, 4, 4, 4, 4, 4, 4, 4, 4, 4, 4, 4, 4, 4, 4, 4, 4, 4, 4, 4, 4, 4, 4, 4, 4, 4, 4, 4, 4, 4, 4, 4, 4, 4, 4, 4, 4, 4, 4, 4, 4, 4, 4, 4, 4, 4, 4, 4, 4, 4, 4, 4, 4, 4, 4, 4, 4, 4, 4, 4, 4, 4, 4, 4, 4, 4, 4, 4, 4, 4, 4, 4, 4, 4, 4, 4, 4, 4, 4, 4, 4, 4, 4, 4, 4, 4, 4, 4, 4, 4, 4, 4, 4, 4, 4, 4, 4, 4, 4, 4, 4, 4, 4, 4, 4, 4, 4, 4, 4, 4, 4, 4, 4, 4, 4, 4, 4, 4, 4, 4, 4, 4, 4, 4, 4, 4, 4, 4, 4, 4, 4, 4, 4, 4, 4, 4, 4, 4, 4, 4, 4, 4, 4, 4, 4, 4, 4, 4, 4, 4, 4, 4, 4, 4, 4, 4, 4, 4, 4, 4, 4, 4, 4, 4, 4, 4, 4, 4, 4, 4, 4, 4, 4, 4, 4, 4, 4, 4, 4, 4, 4, 4, 4, 4, 4, 4, 4, 4, 4, 4, 4, 4, 4, 4, 4, 4, 4, 4, 4, 4, 4, 4, 4, 4, 4, 4, 4, 4, 4, 4, 4, 4, 4, 4, 4, 4, 4, 4, 4, 4, 4, 4, 4, 4, 4, 4, 4, 4, 4, 4, 4, 4, 4, 4, 4, 4, 4, 4, 4, 4, 4, 4, 4, 4, 4, 4, 4, 4, 4, 4, 4, 4, 4, 4, 4, 4, 4, 4, 4, 4, 4, 4, 4, 4, 4, 4, 4, 4, 4, 4, 4, 4, 4, 4, 4, 4, 4, 4, 4, 4, 4, 4, 4, 4, 4, 4, 4, 4, 4, 4, 4, 4, 4, 4, 4, 4, 4, 4, 4, 4, 4, 4, 4, 4, 4, 4, 4, 4, 4, 4, 4, 4, 4, 4, 4, 4, 4, 4, 4, 4, 4, 4, 4, 4, 4, 4, 4, 4, 4, 4, 4, 4, 4, 4, 4, 4, 4, 4, 4, 4, 4, 4, 4, 4, 4, 4, 4, 4, 4, 4, 4, 4, 4, 4, 4, 4, 4, 4, 4, 4, 4, 4, 4, 4, 4, 4, 4, 4, 4, 4, 4, 4, 4, 4, 4, 4, 4, 4, 4, 4, 4, 4, 4, 4, 4, 4, 4, 4, 4, 4, 4, 6, 6, 6, 6, 6, 6, 6, 6, 6, 6, 6, 6, 6, 6, 6, 6, 6, 6, 6, 6, 6, 6, 6, 6, 6, 6, 6, 6, 6, 6, 6, 6, 6, 6, 6, 6, 6, 6, 6, 6, 6, 6, 6, 6, 6, 6, 6, 6, 6, 6, 6, 6, 6, 6, 6, 6, 6, 6, 6, 6, 6, 6, 6, 6, 6, 6, 6, 6, 6, 6, 6, 6, 6, 6, 6, 6, 6, 6, 6, 6, 6, 6, 6, 6, 6, 6, 6, 6, 6, 6, 6, 6, 6, 6, 6, 6, 6, 6, 6, 6, 6, 6, 6, 6, 6, 6, 6, 6, 6, 6, 6, 6, 6, 6, 6, 6, 6, 6, 6, 6, 6, 6, 6, 6, 6, 6, 6, 6, 6, 6, 6, 6, 6, 6, 6, 6, 6, 6, 6, 6, 6, 6, 6, 6, 6, 6, 6, 6, 6, 6, 6, 6, 6, 6, 6, 6, 6, 6, 6, 6, 6, 6, 6, 6, 6, 6, 6, 6, 6, 6, 6, 6, 6, 6, 6, 6, 6, 6, 6, 6, 6, 6, 6, 6, 6, 6, 6, 7, 7, 7, 7, 7, 7, 7, 7, 7, 7, 7, 7, 7, 7, 7, 7, 7, 7, 7, 7, 7, 7, 7, 7, 7, 7, 7, 7, 7, 7, 7, 7, 7, 7, 7, 7, 7, 7, 7, 7, 7, 7, 7, 7, 7, 7, 7, 7, 7, 7, 7, 7, 7, 7, 7, 7, 7, 7, 7, 7, 7, 7, 7, 7, 7, 7, 7, 7, 7, 7, 7, 7, 7, 7, 7, 7, 7, 7, 7, 7, 7, 7, 7, 7, 7, 7, 7, 7, 7, 7, 7, 7, 7, 7, 7, 7, 7, 7, 7, 7, 7, 7, 7, 7, 7, 7, 7, 7, 7, 7, 7, 7, 7, 7, 7, 7, 7, 7, 7, 7, 7, 7, 7, 7, 7, 7, 7, 7, 7, 7, 7, 7, 7, 7, 7, 7, 7, 7, 7, 7, 7, 7, 7, 7, 7, 7, 7, 7, 7, 7, 7, 7, 7, 7, 7, 7, 7, 7, 7, 7, 7, 7, 7, 7, 7, 7, 7, 7, 7, 7, 7, 7, 7, 7, 7, 7, 7, 7, 7, 7, 7, 7, 7, 7, 7, 7, 7, 7, 7, 7, 7, 7, 7, 7, 7, 7, 7, 7, 7, 7, 7, 7, 7, 7, 7, 7, 7, 7, 7, 7, 7, 7, 7, 7, 7, 9, 9, 9, 9, 9, 9, 9, 9, 9, 9, 9, 9, 9, 9, 9, 9, 9, 9, 9, 9, 9, 9, 9, 9, 9, 9, 9, 9, 9, 9, 9, 9, 9, 9, 9, 9, 9, 9, 9, 9, 9, 9, 9, 9, 9, 9, 9, 9, 9, 9, 9, 9, 9, 9, 9, 9, 9, 9, 9, 9, 9, 9, 9, 9, 9, 9, 9, 9, 9, 9, 9, 9, 9, 9, 9, 9, 9, 9, 9, 9, 9, 9, 9, 9, 9, 9, 9, 9, 9, 9, 9, 9, 9, 9, 9, 9, 9, 9, 9, 9, 9, 9, 9, 9, 9, 9, 9, 9, 9, 9, 9, 9, 9, 9, 9, 9, 9, 9, 9, 9, 9, 9, 9, 9, 9, 9, 9, 9, 9, 9, 9, 9, 9, 9, 9, 9, 9, 9, 9, 9, 9, 9, 9, 9, 9, 9, 9, 9, 9, 9, 9, 9, 9, 9, 9, 9, 9, 9, 9, 9, 9, 9, 9, 9, 9, 9, 9, 9, 9, 9, 9, 9, 9, 9, 9, 9, 9, 9, 9, 9, 9, 9, 9, 9, 9, 9, 9, 9, 9, 9, 9, 9, 9, 9, 9, 9, 9, 9, 9, 9, 9, 9, 9, 9, 9, 9, 9, 9, 9, 9, 9, 9, 9, 9, 9, 9, 9, 9, 9, 9, 9, 9, 9, 9, 9, 9, 9, 9, 9, 9, 9, 9, 9, 9, 9, 9, 9, 9, 9, 9, 9, 9, 9, 9, 9, 9, 9, 9, 9, 9, 9, 9, 9, 9, 9, 9, 9, 9, 9, 9, 9, 9, 9, 9, 9, 9, 9, 9, 9, 9, 9, 9, 9, 9, 9, 9, 9, 9, 9, 9, 9, 9, 9, 9, 9, 9, 9, 9, 9, 9, 9, 9, 9, 9, 9, 9, 9, 9, 9, 9, 9, 9, 9, 9, 9, 9, 9, 9, 9, 9, 9, 9, 9, 9, 9, 9, 9, 9, 9, 9, 9, 9, 9, 9, 9, 9, 9, 9, 9, 9, 9, 9, 9, 9, 9, 9, 9, 9, 9, 9, 9, 9, 9, 9, 9, 9, 9, 9, 9, 9, 9, 9, 9, 9, 9, 9, 9, 9, 9, 9, 9, 9, 9, 9, 9, 9, 9, 9, 9, 9, 9, 9, 9, 9, 9, 9, 9, 9, 9, 9, 9, 9, 9, 9, 9, 9, 9, 9, 9, 9, 9, 9, 9, 9, 9, 9, 9, 9, 9, 9, 9, 9, 9, 9, 9, 9, 9, 9, 9, 9, 9, 9, 9, 9, 9, 9, 9, 9, 9, 9, 9, 9, 9, 9, 9, 9, 9, 9, 9, 9, 9, 9, 9, 9, 9, 9, 9, 9, 9, 9, 9, 9, 9, 9, 9, 9, 9, 9, 9, 9, 9, 9, 9, 9, 9, 9, 9, 9, 9, 9, 9, 9, 9, 9, 9, 9, 9, 9, 9, 9, 9, 9, 9, 9, 9, 9, 9, 9, 9, 9, 9, 9, 9, 9, 9, 9, 9, 9, 9, 9, 9, 9, 9, 9, 9, 9, 9, 9, 9, 9, 9, 9, 9, 9, 9, 9, 9, 9, 9, 9, 9, 9, 9, 9, 9, 9, 9, 9, 9, 9, 9, 9, 9, 9, 9, 9, 9, 9, 9, 9, 9, 9, 9, 9, 9, 9, 9]
[2, 2, 2, 2, 2, 2, 2, 2, 2, 2, 2, 2, 2, 2, 2, 2, 2, 2, 2, 2, 2, 2, 2, 2, 2, 2, 2, 2, 2, 2, 2, 2, 2, 2, 2, 2, 2, 2, 2, 2, 2, 2, 2, 2, 2, 2, 2, 2, 2, 2, 2, 2, 2, 2, 2, 2, 2, 2, 2, 2, 2, 2, 2, 2, 2, 2, 2, 2, 2, 2, 2, 2, 2, 2, 2, 2, 2, 2, 2, 2, 2, 2, 2, 2, 2, 2, 2, 2, 2, 2, 2, 2, 2, 2, 2, 2, 2, 2, 2, 2, 2, 2, 2, 2, 2, 2, 2, 2, 2, 2, 2, 2, 2, 2, 2, 2, 2, 2, 2, 2, 2, 2, 2, 2, 2, 2, 2, 2, 2, 2, 2, 2, 2, 2, 2, 2, 2, 2, 2, 2, 2, 2, 2, 2, 2, 2, 2, 2, 2, 2, 2, 2, 2, 2, 2, 2, 2, 2, 2, 2, 2, 2, 2, 2, 2, 2, 2, 2, 2, 2, 2, 2, 2, 2, 2, 2, 2, 2, 2, 2, 2, 2, 2, 2, 2, 2, 2, 2, 2, 2, 2, 2, 2, 2, 2, 2, 2, 2, 2, 2, 2, 2, 2, 2, 2, 2, 2, 2, 2, 2, 2, 2, 2, 2, 2, 2, 2, 2, 2, 2, 2, 2, 2, 2, 2, 2, 2, 2, 2, 2, 2, 2, 2, 2, 2, 2, 2, 2, 2, 2, 2, 2, 2, 2, 2, 2, 2, 2, 2, 2, 2, 2, 2, 2, 2, 2, 2, 2, 2, 2, 2, 2, 2, 2, 2, 2, 2, 2, 2, 2, 2, 2, 2, 2, 2, 2, 2, 2, 2, 2, 2, 2, 2, 2, 2, 2, 2, 2, 2, 2, 2, 2, 2, 2, 2, 2, 2, 2, 2, 2, 2, 2, 2, 2, 2, 2, 2, 2, 2, 2, 2, 2, 2, 2, 2, 2, 2, 2, 2, 2, 2, 2, 2, 2, 2, 2, 2, 2, 2, 2, 2, 2, 2, 2, 2, 2, 2, 2, 2, 2, 2, 2, 2, 2, 2, 2, 2, 2, 2, 2, 2, 2, 2, 2, 2, 2, 2, 2, 2, 2, 2, 2, 2, 2, 2, 2, 2, 2, 2, 2, 2, 2, 2, 2, 2, 2, 2, 2, 2, 2, 2, 2, 2, 2, 2, 2, 2, 2, 2, 2, 2, 2, 2, 2, 2, 2, 2, 2, 2, 2, 2, 2, 2, 2, 2, 2, 2, 2, 2, 2, 2, 2, 2, 2, 2, 2, 2, 2, 2, 2, 2, 2, 2, 2, 2, 2, 2, 2, 2, 2, 2, 2, 2, 2, 2, 2, 2, 2, 2, 2, 2, 2, 2, 2, 2, 2, 2, 2, 2, 2, 2, 2, 2, 2, 2, 2, 2, 2, 2, 2, 2, 2, 2, 2, 2, 2, 2, 2, 2, 2, 2, 2, 2, 2, 2, 2, 2, 2, 2, 2, 2, 2, 2, 2, 2, 2, 2, 2, 2, 2, 2, 2, 2, 2, 2, 2, 2, 2, 2, 2, 2, 2, 2, 2, 2, 2, 2, 2, 2, 2, 2, 2, 2, 2, 2, 2, 2, 2, 2, 2, 2, 2, 2, 2, 2, 2, 2, 2, 2, 2, 2, 2, 2, 2, 2, 2, 2, 2, 2, 2, 2, 2, 2, 2, 2, 2, 2, 2, 2, 2, 2, 2, 2, 2, 2, 2, 2, 2, 2, 2, 2, 2, 2, 2, 2, 2, 2, 2, 2, 2, 2, 2, 2, 2, 2, 2, 2, 2, 2, 2, 2, 2, 2, 2, 2, 2, 2, 2, 2, 2, 2, 2, 2, 2, 2, 2, 2, 2, 2, 2, 2, 2, 2, 2, 2, 2, 2, 2, 2, 2, 2, 2, 2, 2, 2, 2, 2, 2, 2, 2, 2, 2, 2, 2, 2, 2, 2, 2, 2, 2, 2, 2, 2, 2, 2, 2, 2, 2, 2, 2, 2, 2, 2, 2, 2, 2, 2, 2, 2, 2, 2, 2, 2, 2, 2, 2, 2, 2, 2, 3, 3, 3, 3, 3, 3, 3, 3, 3, 3, 3, 3, 3, 3, 3, 3, 3, 3, 3, 3, 3, 3, 3, 3, 3, 3, 3, 3, 3, 3, 3, 3, 3, 3, 3, 3, 3, 3, 3, 3, 3, 3, 3, 3, 3, 3, 3, 3, 3, 3, 3, 3, 3, 3, 3, 3, 3, 3, 3, 3, 3, 3, 3, 3, 3, 3, 3, 3, 3, 3, 3, 3, 3, 3, 3, 3, 3, 3, 3, 3, 3, 3, 3, 3, 3, 3, 3, 3, 3, 3, 3, 3, 3, 3, 3, 3, 3, 3, 3, 3, 3, 3, 3, 3, 3, 3, 3, 3, 3, 3, 3, 3, 3, 3, 3, 3, 3, 3, 3, 3, 3, 3, 3, 3, 3, 3, 3, 3, 3, 3, 3, 3, 3, 3, 3, 3, 3, 3, 3, 3, 3, 3, 3, 3, 3, 3, 3, 3, 3, 3, 3, 3, 3, 3, 3, 3, 3, 3, 3, 3, 3, 3, 3, 3, 3, 3, 3, 3, 3, 3, 3, 3, 3, 3, 3, 3, 3, 3, 3, 3, 3, 3, 3, 3, 3, 3, 3, 3, 3, 3, 3, 3, 3, 3, 3, 3, 3, 3, 3, 3, 3, 3, 3, 3, 3, 3, 3, 3, 3, 3, 3, 3, 3, 3, 3, 3, 3, 3, 3, 3, 3, 3, 3, 3, 3, 3, 3, 3, 3, 3, 3, 3, 3, 3, 3, 3, 3, 3, 3, 3, 3, 3, 3, 3, 3, 3, 3, 3, 3, 3, 3, 3, 3, 3, 3, 3, 3, 3, 3, 3, 3, 3, 3, 3, 3, 3, 3, 3, 3, 3, 3, 3, 3, 3, 3, 3, 3, 3, 3, 3, 3, 3, 3, 3, 3, 3, 3, 3, 3, 3, 3, 3, 3, 3, 3, 3, 3, 3, 3, 3, 3, 3, 3, 3, 3, 3, 3, 3, 3, 3, 3, 3, 3, 3, 3, 3, 3, 3, 3, 3, 3, 3, 3, 3, 3, 3, 3, 3, 3, 3, 3, 3, 3, 3, 3, 3, 3, 3, 3, 3, 3, 3, 3, 3, 3, 3, 3, 3, 3, 3, 3, 3, 3, 3, 3, 3, 3, 3, 3, 3, 3, 3, 3, 3, 3, 3, 3, 3, 3, 3, 3, 3, 3, 3, 3, 3, 3, 3, 3, 3, 3, 3, 3, 3, 3, 3, 3, 3, 3, 3, 3, 3, 3, 3, 3, 3, 3, 3, 3, 3, 3, 3, 3, 3, 3, 3, 3, 3, 3, 3, 3, 3, 3, 3, 3, 3, 3, 3, 3, 3, 3, 3, 3, 3, 3, 3, 3, 3, 3, 3, 3, 3, 3, 3, 3, 3, 3, 3, 3, 3, 3, 3, 3, 3, 3, 3, 3, 3, 3, 3, 3, 3, 3, 3, 3, 3, 3, 3, 3, 3, 3, 3, 3, 3, 3, 3, 3, 3, 3, 3, 3, 3, 3, 3, 3, 3, 3, 3, 3, 3, 3, 3, 3, 3, 3, 3, 3, 3, 3, 3, 3, 3, 3, 3, 3, 3, 3, 3, 3, 3, 3, 3, 3, 3, 3, 3, 3, 3, 3, 3, 3, 3, 3, 3, 3, 3, 3, 3, 3, 3, 3, 3, 3, 3, 3, 3, 3, 3, 3, 3, 3, 3, 3, 3, 3, 3, 3, 3, 3, 3, 3, 3, 3, 3, 3, 3, 3, 3, 3, 3, 3, 3, 3, 3, 3, 3, 3, 3, 3, 3, 3, 3, 3, 3, 3, 3, 3, 3, 3, 3, 3, 3, 3, 3, 3, 3, 3, 3, 3, 3, 3, 3, 3, 3, 3, 3, 3, 3, 3, 3, 3, 3, 3, 3, 3, 3, 3, 3, 3, 3, 3, 3, 3, 3, 3, 3, 3, 3, 3, 3, 3, 3, 3, 3, 3, 3, 3, 3, 3, 3, 3, 3, 3, 3, 3, 3, 3, 3, 3, 3, 3, 3, 3, 3, 3, 3, 3, 3, 3, 3, 3, 3, 3, 3, 3, 3, 3, 3, 3, 3, 3, 3, 3, 3, 3, 3, 3, 3, 3, 7, 8, 8, 8, 8, 8, 8, 8, 8, 8, 8, 8, 8, 8, 8, 8, 8, 8, 8, 8, 8, 8, 8, 8, 8, 8, 8, 8, 8, 8, 8, 8, 8, 8, 8, 8, 8, 8, 8, 8, 8, 8, 8, 8, 8, 8, 8, 8, 8, 8, 8, 8, 8, 8, 8, 8, 8, 8, 8, 8, 8, 8, 8, 8, 8, 8, 8, 8, 8, 8, 8, 8, 8, 8, 8, 8, 8, 8, 8, 8, 8, 8, 8, 8, 8, 8, 8, 8, 8, 8, 8, 8, 8, 8, 8, 8, 8, 8, 8, 8, 8, 8, 8, 8, 8, 8, 8, 8, 8, 8, 8, 8, 8, 8, 8, 8, 8, 8, 8, 8, 8, 8, 8, 8, 8, 8, 8, 8, 8, 8, 8, 8, 8, 8, 8, 8, 8, 8, 8, 8, 8, 8, 8, 8, 8, 8, 8, 8, 8, 8, 8, 8, 8, 8, 8, 8, 8, 8, 8, 8, 8, 8, 8, 8, 8, 8, 8, 8, 8, 8, 8, 8, 8, 8, 8, 8, 8, 8, 8, 8, 8, 8, 8, 8, 8, 8, 8, 8, 8, 8, 8, 8, 8, 8, 8, 8, 8, 8, 8, 8, 8, 8, 8, 8, 8, 8, 8, 8, 8, 8, 8, 8, 8, 8, 8, 8, 8, 8, 8, 8, 8, 8, 8, 8, 8, 8, 8, 8, 8, 8, 8, 8, 8, 8, 8, 8, 8, 8, 8, 8, 8, 8, 8, 8, 8, 8, 8, 8, 8, 8, 8, 8, 8, 8, 8, 8, 8, 8, 8, 8, 8, 8, 8, 8, 8, 8, 8, 8, 8, 8, 8, 8, 8, 8, 8, 8, 8, 8, 8, 8, 8, 8, 8, 8, 8, 8, 8, 8, 8, 8, 8, 8, 8, 8, 8, 8, 8, 8, 8, 8, 8, 8, 8, 8, 8, 8, 8, 8, 8, 8, 8, 8, 8, 8, 8, 8, 8, 8, 8, 8, 8, 8, 8, 8, 8, 8, 8, 8, 8, 8, 8, 8, 8, 8, 8, 8, 8, 8, 8, 8, 8, 8, 8, 8, 8, 8, 8, 8, 8, 8, 8, 8, 8, 8, 8, 8, 8, 8, 8, 8, 8, 8, 8, 8, 8, 8, 8, 8, 8, 8, 8, 8, 8, 8, 8, 8, 8, 8, 8, 8, 8, 8, 8, 8, 8, 8, 8, 8, 8, 8, 8, 8, 8, 8, 8, 8, 8, 8, 8, 8, 8, 8, 8, 8, 8, 8, 8, 8, 8, 8, 8, 8, 8, 8, 8, 8, 8, 8, 8, 8, 8, 8, 8, 8, 8, 8, 8, 8, 8, 8, 8, 8, 8, 8, 8, 8, 8, 8, 8, 8, 8, 8, 8, 8, 8, 8, 8, 8, 8, 8, 8, 8, 8, 8, 8, 8, 8, 8, 8, 8, 8, 8, 8, 8, 8, 8, 8, 8, 8, 8, 8, 8, 8, 8, 8, 8, 8, 8, 8, 8, 8, 8, 8, 8, 8, 8, 8, 8, 8, 8, 8, 8, 8, 8, 8, 8, 8, 8, 8, 8, 8, 8, 8, 8, 8, 8, 8, 8, 8, 8, 8, 8, 8, 8, 8, 8, 8, 8, 8, 8, 8, 8, 8, 8, 8, 8, 8, 8, 8, 8, 8, 8, 8, 8, 8, 8, 8, 8, 8, 8, 8, 8, 8, 8, 8, 8, 8, 8, 8, 8, 8, 8, 8, 8, 8, 8, 8, 8, 8, 8, 8, 8, 8, 8, 8, 8, 8, 8, 8, 8, 8, 8, 8, 8, 8, 8, 8, 8, 8, 8, 8, 8, 8, 8, 8, 8, 8, 8, 8, 8, 8, 8, 8, 8, 8, 8, 8, 8, 8, 8, 8, 8, 8, 8, 8, 8, 8, 8, 8, 8, 8, 8, 8, 8, 8, 8, 8, 8, 8, 8, 8, 8, 8, 8, 8, 8, 8, 8, 8, 8, 8, 8, 8, 8, 8, 8, 8, 8, 8, 8, 8, 8, 8, 8, 8, 8, 8, 8, 8, 8, 8, 8, 8, 8, 8, 8, 8, 8, 9, 9, 9, 9, 9, 9, 9, 9, 9, 9, 9, 9, 9, 9, 9, 9, 9, 9, 9, 9, 9, 9, 9, 9, 9, 9, 9, 9, 9, 9, 9, 9, 9, 9, 9, 9, 9, 9, 9, 9, 9, 9, 9, 9, 9, 9, 9, 9, 9, 9, 9, 9, 9, 9, 9, 9, 9, 9, 9, 9, 9, 9, 9, 9, 9, 9, 9, 9, 9, 9, 9, 9, 9, 9, 9, 9, 9, 9, 9, 9, 9, 9, 9, 9, 9, 9, 9, 9, 9, 9, 9, 9, 9, 9, 9, 9, 9, 9, 9, 9, 9, 9, 9, 9, 9, 9]
[0, 0, 0, 0, 0, 0, 0, 0, 0, 0, 0, 0, 0, 0, 0, 0, 0, 0, 0, 0, 0, 0, 0, 0, 0, 0, 0, 0, 0, 0, 0, 0, 0, 0, 0, 0, 0, 0, 0, 0, 0, 0, 0, 0, 0, 0, 0, 0, 0, 0, 0, 0, 0, 0, 0, 0, 0, 0, 0, 0, 0, 0, 0, 0, 0, 0, 0, 0, 0, 0, 0, 0, 0, 0, 0, 0, 0, 0, 0, 0, 0, 0, 0, 0, 0, 0, 0, 0, 0, 0, 0, 0, 0, 0, 0, 0, 0, 0, 0, 0, 0, 0, 0, 0, 0, 0, 0, 0, 0, 0, 0, 0, 0, 0, 0, 0, 0, 0, 0, 0, 0, 0, 0, 0, 0, 0, 0, 0, 0, 0, 0, 0, 0, 0, 0, 0, 0, 0, 0, 0, 0, 0, 0, 0, 0, 0, 0, 0, 0, 0, 0, 0, 0, 0, 0, 0, 0, 0, 0, 0, 0, 0, 0, 0, 0, 0, 0, 0, 0, 0, 0, 0, 0, 0, 0, 0, 0, 0, 0, 0, 0, 0, 0, 0, 0, 0, 0, 0, 0, 0, 0, 0, 0, 0, 0, 0, 0, 0, 0, 0, 0, 0, 0, 0, 0, 0, 0, 0, 0, 0, 0, 0, 0, 0, 0, 0, 0, 0, 0, 0, 0, 0, 0, 0, 0, 0, 0, 0, 0, 0, 0, 0, 0, 0, 0, 0, 0, 0, 0, 0, 0, 0, 0, 0, 0, 0, 0, 0, 0, 0, 0, 0, 0, 0, 0, 0, 0, 0, 0, 0, 0, 0, 0, 0, 0, 0, 0, 0, 0, 0, 0, 0, 0, 0, 0, 0, 0, 0, 0, 0, 0, 0, 0, 0, 0, 0, 0, 0, 0, 0, 0, 0, 0, 0, 0, 0, 0, 0, 0, 0, 0, 0, 0, 0, 0, 0, 0, 0, 0, 0, 0, 0, 0, 0, 0, 0, 0, 0, 0, 0, 0, 0, 0, 0, 0, 0, 0, 0, 0, 0, 0, 0, 0, 0, 0, 0, 0, 0, 0, 0, 0, 0, 0, 0, 0, 0, 0, 0, 0, 0, 0, 0, 0, 0, 0, 0, 0, 0, 0, 0, 0, 0, 0, 0, 0, 0, 0, 0, 0, 0, 0, 0, 0, 0, 0, 0, 0, 0, 0, 0, 0, 0, 0, 0, 0, 0, 0, 0, 0, 0, 0, 0, 0, 0, 0, 0, 0, 0, 0, 0, 0, 0, 0, 0, 0, 0, 0, 0, 0, 0, 0, 0, 0, 0, 0, 0, 0, 0, 0, 0, 0, 0, 0, 0, 0, 0, 0, 0, 0, 0, 0, 0, 0, 0, 0, 0, 0, 0, 0, 0, 0, 0, 0, 0, 0, 0, 0, 0, 0, 0, 0, 0, 0, 0, 0, 0, 0, 0, 0, 0, 0, 0, 0, 0, 0, 0, 0, 0, 0, 0, 0, 0, 0, 0, 0, 0, 0, 0, 0, 0, 0, 0, 0, 0, 0, 0, 0, 0, 0, 0, 0, 0, 0, 0, 0, 0, 0, 0, 0, 0, 0, 0, 0, 0, 0, 0, 0, 0, 0, 0, 0, 0, 0, 0, 0, 0, 0, 0, 0, 0, 0, 0, 0, 0, 0, 0, 0, 0, 0, 0, 0, 0, 0, 0, 0, 0, 0, 0, 0, 0, 0, 0, 0, 0, 0, 0, 0, 0, 0, 0, 0, 0, 0, 0, 0, 0, 0, 0, 0, 0, 0, 0, 0, 0, 0, 0, 0, 0, 0, 0, 0, 0, 0, 0, 0, 0, 0, 0, 0, 0, 0, 0, 0, 0, 0, 0, 0, 0, 0, 0, 0, 0, 0, 0, 0, 0, 0, 0, 0, 0, 0, 0, 0, 0, 0, 0, 0, 0, 0, 0, 0, 0, 0, 0, 0, 0, 0, 0, 0, 0, 0, 0, 0, 0, 0, 0, 0, 0, 0, 0, 0, 0, 0, 0, 0, 0, 0, 0, 0, 0, 0, 0, 0, 0, 0, 0, 0, 0, 0, 0, 0, 0, 0, 0, 0, 0, 0, 0, 0, 0, 1, 2, 3, 4, 5, 5, 5, 5, 5, 5, 5, 5, 5, 5, 5, 5, 5, 5, 5, 5, 5, 5, 5, 5, 5, 5, 5, 5, 5, 5, 5, 5, 5, 5, 5, 5, 5, 5, 5, 5, 5, 5, 5, 5, 5, 5, 5, 5, 5, 5, 5, 5, 5, 5, 5, 5, 5, 5, 5, 5, 5, 5, 5, 5, 5, 5, 5, 5, 5, 5, 5, 5, 5, 5, 5, 5, 5, 5, 5, 5, 5, 5, 5, 5, 5, 5, 5, 5, 5, 5, 5, 5, 5, 5, 5, 5, 5, 5, 5, 5, 5, 5, 5, 5, 5, 5, 5, 5, 5, 5, 5, 5, 5, 5, 5, 5, 5, 5, 5, 5, 5, 5, 5, 5, 5, 5, 5, 5, 5, 5, 5, 5, 5, 5, 5, 5, 5, 5, 5, 5, 5, 5, 5, 5, 5, 5, 5, 5, 5, 5, 5, 5, 5, 5, 5, 5, 5, 5, 5, 5, 5, 5, 5, 5, 5, 5, 5, 5, 5, 5, 5, 5, 5, 5, 5, 5, 5, 5, 5, 5, 5, 5, 5, 5, 5, 5, 5, 5, 5, 5, 5, 5, 5, 5, 5, 5, 5, 5, 5, 5, 5, 5, 5, 5, 5, 5, 5, 5, 5, 5, 5, 5, 5, 5, 5, 5, 5, 5, 5, 5, 5, 5, 5, 5, 5, 5, 5, 5, 5, 5, 5, 5, 5, 5, 5, 5, 5, 5, 5, 5, 5, 5, 5, 5, 5, 5, 5, 5, 5, 5, 5, 5, 5, 5, 5, 5, 5, 5, 5, 5, 5, 5, 5, 5, 5, 5, 5, 5, 5, 5, 5, 5, 5, 5, 5, 5, 5, 5, 5, 5, 5, 5, 5, 5, 5, 5, 5, 5, 5, 5, 5, 5, 5, 5, 5, 5, 5, 5, 5, 5, 5, 5, 5, 5, 5, 5, 5, 5, 5, 5, 5, 5, 5, 5, 5, 5, 5, 5, 5, 5, 5, 5, 5, 5, 5, 5, 5, 5, 5, 5, 5, 5, 5, 5, 5, 5, 5, 5, 5, 5, 5, 5, 5, 5, 5, 5, 5, 5, 5, 5, 5, 5, 5, 5, 5, 5, 5, 5, 5, 5, 5, 5, 5, 5, 5, 5, 5, 5, 5, 5, 5, 5, 5, 5, 5, 5, 5, 5, 5, 5, 5, 5, 5, 5, 5, 5, 5, 5, 5, 5, 5, 5, 5, 5, 5, 5, 5, 5, 5, 5, 5, 5, 5, 5, 5, 5, 5, 5, 5, 5, 5, 5, 5, 5, 5, 5, 5, 5, 5, 5, 5, 5, 5, 5, 5, 5, 5, 5, 5, 5, 5, 5, 5, 5, 5, 5, 5, 5, 5, 5, 5, 5, 5, 5, 5, 5, 5, 5, 5, 5, 5, 5, 5, 5, 5, 5, 5, 5, 5, 5, 5, 5, 5, 5, 5, 5, 5, 5, 5, 5, 5, 5, 5, 5, 5, 5, 5, 5, 5, 5, 5, 5, 5, 5, 5, 5, 5, 5, 5, 5, 5, 5, 5, 5, 5, 5, 5, 5, 5, 5, 5, 5, 5, 5, 5, 5, 5, 5, 5, 5, 5, 5, 5, 5, 5, 5, 5, 5, 5, 5, 5, 5, 5, 5, 5, 5, 5, 5, 5, 5, 5, 5, 5, 5, 5, 5, 5, 5, 5, 5, 5, 5, 5, 5, 5, 5, 5, 5, 5, 5, 5, 5, 5, 5, 5, 5, 5, 5, 5, 5, 5, 5, 5, 5, 5, 5, 5, 5, 5, 5, 5, 5, 5, 5, 5, 5, 5, 5, 5, 5, 5, 5, 5, 5, 5, 5, 5, 5, 5, 5, 5, 5, 5, 5, 5, 5, 5, 5, 5, 5, 5, 5, 5, 5, 5, 5, 5, 5, 5, 5, 5, 5, 5, 5, 5, 5, 5, 5, 5, 5, 5, 5, 5, 5, 5, 5, 5, 5, 5, 5, 5, 5, 5, 5, 5, 5, 5, 5, 5, 5, 5, 5, 5, 5, 5, 5, 5, 5, 5, 5, 5, 5, 5, 5, 5, 5, 5, 5, 5, 5, 5, 5, 5, 5, 6, 6, 6, 6, 6, 6, 6, 6, 6, 6, 6, 6, 6, 6, 6, 6, 6, 6, 6, 6, 6, 6, 6, 6, 6, 6, 6, 6, 6, 6, 6, 6, 6, 6, 6, 6, 6, 6, 6, 6, 6, 6, 6, 6, 6, 6, 6, 6, 6, 6, 6, 6, 6, 6, 6, 6, 6, 6, 6, 6, 6, 6, 6, 6, 6, 6, 6, 6, 6, 6, 6, 6, 6, 6, 6, 6, 6, 6, 6, 6, 6, 6, 6, 6, 6, 6, 6, 6, 6, 6, 6, 6, 6, 6, 6, 6, 6, 6, 6, 6, 6, 6, 6, 6, 6, 6, 6, 6, 6, 6, 6, 6, 6, 6, 6, 6, 6, 6, 6, 6, 6, 6, 6, 6, 6, 6, 6, 6, 6, 6, 6, 6, 6, 6, 6, 6, 6, 6, 6, 6, 6, 6, 6, 6, 6, 6, 6, 6, 6, 6, 6, 6, 6, 6, 6, 6, 6, 6, 6, 6, 6, 6, 6, 6, 6, 6, 6, 6, 6, 6, 6, 6, 6, 6, 6, 6, 6, 6, 6, 6, 6, 6, 6, 6, 6, 6, 6, 6, 6, 6, 6, 6, 6, 6, 6, 6, 6, 6, 6, 6, 6, 6, 6, 6, 6, 6, 6, 6, 6, 6, 6, 6, 6, 6, 6, 6, 6, 6, 6, 6, 6, 6, 6, 6, 6, 6, 6, 6, 6, 6, 6, 6, 6, 6, 6, 6, 6, 6, 6, 6, 6, 6, 6, 6, 6, 6, 6, 6, 6, 6, 6, 6, 6, 6, 6, 6, 6, 6, 6, 6, 6, 6, 6, 6, 6, 6, 6, 6, 6, 6, 6, 6, 6, 6, 6, 6, 6, 6, 6, 6, 6, 6, 6, 6, 6, 6, 6, 6, 6, 6, 6, 6, 6, 6, 6, 6, 6, 6, 6, 6, 6, 6, 6, 6, 6, 6, 6, 6, 6, 6, 6, 6, 6, 6, 6, 6, 6, 6, 6, 6, 6, 6, 6, 6, 6, 6, 6, 6, 6, 6, 6, 6, 6, 6, 6, 6, 6, 6, 6, 6, 6, 6, 6, 6, 6, 6, 6, 6, 6, 6, 6, 6, 6, 6, 6, 6, 6, 6, 6, 6, 6, 6, 6, 6, 6, 6, 6, 6, 6, 6, 6, 6, 6, 6, 6, 6, 6, 6, 6, 6, 6, 6, 6, 6, 6, 6, 6, 6, 6, 6, 6, 6, 6, 6, 6, 6, 6, 6, 6, 6, 6, 6, 6, 6, 6, 6, 6, 6, 6, 6, 6, 6, 6, 6, 6, 6, 6, 6, 6, 6, 6, 6, 6, 6, 6, 6, 6, 6, 6, 6, 6, 6, 6, 6, 6, 6, 6, 6, 6, 6, 6, 6, 6, 6, 6, 6, 6, 6, 6, 6, 6, 6, 6, 6, 6, 6, 6, 6, 6, 6, 6, 6, 6, 6, 6, 6, 6, 6, 6, 6, 6, 6, 6, 7, 7, 7, 7, 7, 7, 7, 7, 7, 7, 7, 7, 7, 7, 7, 7, 7, 7, 7, 7, 7, 7, 7, 7, 7, 7, 7, 7, 7, 7, 7, 7, 7, 7, 7, 7, 7, 7, 7, 7, 7, 7, 7, 7, 7, 7, 7, 7, 7, 7, 7, 7, 7, 7, 7, 7, 7, 7, 7, 7, 7, 7, 7, 7, 7, 7, 7, 7, 7, 7, 7, 7, 7, 7, 7, 7, 7, 7, 7, 7, 7, 7, 7, 7, 7, 7, 7, 7, 7, 7, 7, 7, 7, 7, 7, 7, 7, 7, 7, 7, 7, 7, 7, 7, 7, 7, 7, 7, 7, 7, 7, 7, 7, 7, 7, 7, 7, 7, 7, 7, 7, 7, 7, 7, 7, 7, 7, 7, 7, 7, 7, 7, 7, 7, 7, 7, 7, 7, 7, 7, 7, 7, 7, 7, 7, 7, 7, 7, 7, 7, 7, 7, 7, 7, 7, 7, 7, 7, 7, 7, 7, 7, 7, 7, 7, 7, 7, 7, 7, 7, 7, 7, 7, 7, 7, 7, 7, 7, 7, 7, 7, 7, 7, 7, 7, 7, 7, 7, 7, 7, 7, 7, 7, 7, 7, 7, 7, 7, 7, 7, 7, 7, 7, 7, 7, 7, 7, 7, 7, 7, 7, 7, 7, 7, 7, 7, 7, 7, 7, 7, 7, 7, 7, 7, 7, 7, 7, 7, 7, 7, 7, 7, 7, 7, 7, 7, 7, 7, 7, 7, 7, 7, 7, 7, 7, 7, 7, 7, 7, 7, 7, 7, 7, 7, 7, 7, 7, 7, 7, 7, 7, 7, 7, 7, 7, 7, 7, 7, 7, 7, 7, 7, 7, 7, 7, 7, 7, 7, 7, 7, 7, 7, 7, 7, 7, 7, 7, 7, 7, 7, 7, 7, 7, 7, 7, 7, 7, 7, 7, 7, 7, 7, 7, 7, 7, 7, 7, 7, 7, 7, 7, 7, 7, 7, 7, 7, 7, 7, 7, 7, 7, 7, 7, 7, 7, 7, 7, 7, 7, 7, 7, 7, 7, 7, 7, 7, 7, 7, 7, 7, 7, 7, 7, 7, 7, 7, 7, 7, 7, 7, 7, 7, 7, 7, 7, 7, 7, 7, 7, 7, 7, 7, 7, 7, 7, 7, 7, 7, 7, 7, 7, 7, 7, 7, 7, 7, 7, 7, 7, 7, 7, 7, 7, 7, 7, 7, 7, 7, 7, 7, 7, 7, 7, 7, 7, 7, 7, 7, 7, 7, 7, 7, 7, 7, 7, 7, 7, 7, 7, 7, 7, 7, 7, 7, 7, 7, 7, 7, 7, 7, 7, 7, 7, 7, 7, 7, 7, 7, 7, 7, 7, 7, 7, 7, 7, 7, 7, 7, 7, 7, 7, 7, 7, 7, 8, 8, 8, 9, 9, 9, 9, 9, 9, 9, 9, 9, 9, 9, 9, 9, 9, 9, 9]
shapelet initialized!
All 3 clients initialized.
Server device: cuda:0
Client worker groups: [[0], [1], [2]]
Client worker devices: ['cuda:0', 'cuda:0', 'cuda:0']
客户端选择未启用，所有客户端参与聚合
[fedcsl] precomputed client scale scores once in 0.370s
/data/user_lixiongfei/CSL-main/train.py:801: UserWarning: Creating a tensor from a list of numpy.ndarrays is extremely slow. Please consider converting the list to a single numpy.ndarray with numpy.array() before converting to a tensor. (Triggered internally at ../torch/csrc/utils/tensor_new.cpp:278.)
  X = torch.tensor(X, dtype=torch.float)
Classification: train=1.0000 test=0.9523 round=0
[round 0] timing train=347.993s distribution=5.212s agg=0.160s eval=327.898s total=681.276s
Classification: train=1.0000 test=0.9573 round=1
[round 1] timing train=568.830s distribution=4.448s agg=0.208s eval=343.981s total=917.530s
Classification: train=1.0000 test=0.9595 round=2
[round 2] timing train=613.716s distribution=5.365s agg=0.206s eval=356.313s total=975.604s
Classification: train=1.0000 test=0.9609 round=3
[round 3] timing train=619.141s distribution=5.697s agg=0.272s eval=347.407s total=972.522s
Classification: train=1.0000 test=0.9627 round=4
[round 4] timing train=560.451s distribution=5.324s agg=0.209s eval=358.664s total=924.664s
Classification: train=1.0000 test=0.9623 round=5
[round 5] timing train=616.080s distribution=6.074s agg=0.196s eval=342.891s total=965.266s
Classification: train=1.0000 test=0.9618 round=6
[round 6] timing train=636.826s distribution=5.021s agg=0.220s eval=338.755s total=980.860s
Classification: train=1.0000 test=0.9636 round=7
[round 7] timing train=615.946s distribution=4.498s agg=0.124s eval=323.410s total=943.992s
Classification: train=1.0000 test=0.9650 round=8
[round 8] timing train=630.840s distribution=5.458s agg=0.254s eval=346.199s total=982.760s
Classification: train=1.0000 test=0.9668 round=9
[round 9] timing train=626.683s distribution=5.062s agg=0.111s eval=339.888s total=971.765s
Classification: train=1.0000 test=0.9654 round=10
[round 10] timing train=567.247s distribution=5.358s agg=0.188s eval=339.797s total=912.595s
Classification: train=1.0000 test=0.9645 round=11
[round 11] timing train=610.305s distribution=5.598s agg=0.258s eval=331.243s total=947.423s
Classification: train=1.0000 test=0.9645 round=12
[round 12] timing train=604.123s distribution=5.054s agg=0.075s eval=339.429s total=948.688s
Classification: train=1.0000 test=0.9627 round=13
[round 13] timing train=599.559s distribution=5.125s agg=0.126s eval=319.857s total=924.678s
Classification: train=1.0000 test=0.9641 round=14
[round 14] timing train=571.031s distribution=5.190s agg=0.297s eval=339.387s total=915.921s
Classification: train=1.0000 test=0.9627 round=15
[round 15] timing train=638.185s distribution=6.178s agg=0.209s eval=371.441s total=1016.033s
Classification: train=1.0000 test=0.9636 round=16
[round 16] timing train=641.847s distribution=6.016s agg=0.292s eval=388.632s total=1036.813s
Classification: train=1.0000 test=0.9636 round=17
[round 17] timing train=636.302s distribution=6.105s agg=0.262s eval=368.173s total=1010.862s
Classification: train=1.0000 test=0.9645 round=18
[round 18] timing train=647.799s distribution=5.873s agg=0.383s eval=355.534s total=1009.630s
Classification: train=1.0000 test=0.9654 round=19
[round 19] timing train=626.811s distribution=6.469s agg=0.406s eval=354.156s total=987.863s
Classification: train=1.0000 test=0.9636 round=20
[round 20] timing train=630.201s distribution=6.461s agg=0.243s eval=367.099s total=1004.016s
Classification: train=1.0000 test=0.9636 round=21
[round 21] timing train=615.304s distribution=5.718s agg=0.174s eval=368.249s total=989.479s
Classification: train=1.0000 test=0.9623 round=22
[round 22] timing train=628.278s distribution=6.654s agg=0.100s eval=353.813s total=988.856s
Classification: train=1.0000 test=0.9627 round=23
[round 23] timing train=642.073s distribution=6.460s agg=0.353s eval=371.967s total=1020.871s
Classification: train=1.0000 test=0.9623 round=24
[round 24] timing train=651.230s distribution=6.228s agg=0.144s eval=351.242s total=1008.853s
Classification: train=1.0000 test=0.9618 round=25
[round 25] timing train=640.360s distribution=5.906s agg=0.207s eval=354.500s total=1001.002s
Classification: train=1.0000 test=0.9632 round=26
[round 26] timing train=647.381s distribution=6.403s agg=0.309s eval=355.710s total=1009.824s
Classification: train=1.0000 test=0.9618 round=27
[round 27] timing train=639.925s distribution=5.753s agg=0.245s eval=364.275s total=1010.208s
Classification: train=1.0000 test=0.9604 round=28
[round 28] timing train=606.372s distribution=5.874s agg=0.399s eval=354.042s total=966.697s
Classification: train=1.0000 test=0.9609 round=29
[round 29] timing train=634.803s distribution=6.040s agg=0.234s eval=356.675s total=997.762s
[fedcsl] checkpoint saved → ./checkpoint/resume/fedcsl_SpokenArabicDigits_2026-05-04-10har_fedcsl-onehot_dir0.05.pt (round=30)
Classification: train=1.0000 test=0.9604 round=30
[round 30] timing train=588.185s distribution=5.808s agg=0.244s eval=388.831s total=983.079s
Classification: train=1.0000 test=0.9609 round=31
[round 31] timing train=629.202s distribution=6.397s agg=0.247s eval=353.804s total=989.677s
Classification: train=1.0000 test=0.9609 round=32
[round 32] timing train=637.960s distribution=5.890s agg=0.150s eval=376.102s total=1020.117s
Classification: train=1.0000 test=0.9618 round=33
[round 33] timing train=631.564s distribution=6.374s agg=0.137s eval=361.227s total=999.319s
Classification: train=1.0000 test=0.9618 round=34
[round 34] timing train=627.140s distribution=6.230s agg=0.376s eval=367.379s total=1001.141s
Classification: train=1.0000 test=0.9627 round=35
[round 35] timing train=646.034s distribution=6.086s agg=0.330s eval=363.410s total=1015.875s
Classification: train=1.0000 test=0.9623 round=36
[round 36] timing train=636.515s distribution=5.383s agg=0.216s eval=374.168s total=1016.311s
Classification: train=1.0000 test=0.9623 round=37
[round 37] timing train=581.391s distribution=5.289s agg=0.184s eval=402.707s total=989.597s
Classification: train=1.0000 test=0.9636 round=38
[round 38] timing train=662.834s distribution=6.540s agg=0.380s eval=389.969s total=1059.734s
Classification: train=1.0000 test=0.9632 round=39
[round 39] timing train=641.422s distribution=6.765s agg=0.055s eval=372.019s total=1020.296s
Classification: train=1.0000 test=0.9623 round=40
[round 40] timing train=637.233s distribution=5.985s agg=0.400s eval=374.739s total=1018.370s
Classification: train=1.0000 test=0.9613 round=41
[round 41] timing train=630.986s distribution=6.209s agg=0.153s eval=377.695s total=1015.062s
Classification: train=1.0000 test=0.9609 round=42
[round 42] timing train=631.121s distribution=5.334s agg=0.158s eval=348.659s total=985.291s
Classification: train=1.0000 test=0.9618 round=43
[round 43] timing train=622.228s distribution=5.817s agg=0.028s eval=338.892s total=966.989s
Classification: train=1.0000 test=0.9609 round=44
[round 44] timing train=636.027s distribution=5.904s agg=0.216s eval=344.466s total=986.632s
Classification: train=1.0000 test=0.9600 round=45
[round 45] timing train=615.698s distribution=5.484s agg=0.213s eval=358.343s total=979.761s
Classification: train=1.0000 test=0.9595 round=46
[round 46] timing train=625.453s distribution=5.497s agg=0.135s eval=383.484s total=1014.603s
Classification: train=1.0000 test=0.9595 round=47
[round 47] timing train=636.667s distribution=5.364s agg=0.173s eval=383.223s total=1025.445s
Classification: train=1.0000 test=0.9582 round=48
[round 48] timing train=680.265s distribution=6.297s agg=0.145s eval=371.698s total=1058.459s
Classification: train=1.0000 test=0.9577 round=49
[round 49] timing train=625.799s distribution=6.701s agg=0.213s eval=375.778s total=1008.517s
Classification: train=1.0000 test=0.9591 round=50
[round 50] timing train=607.791s distribution=5.701s agg=0.237s eval=369.068s total=982.813s
Classification: train=1.0000 test=0.9573 round=51
[round 51] timing train=600.690s distribution=6.152s agg=0.071s eval=337.281s total=944.252s
Classification: train=1.0000 test=0.9568 round=52
[round 52] timing train=648.831s distribution=6.250s agg=0.137s eval=401.669s total=1056.920s
Classification: train=1.0000 test=0.9577 round=53
[round 53] timing train=654.216s distribution=6.371s agg=0.066s eval=369.595s total=1030.263s
Classification: train=1.0000 test=0.9577 round=54
[round 54] timing train=632.869s distribution=5.845s agg=0.090s eval=377.370s total=1016.192s
Classification: train=1.0000 test=0.9573 round=55
[round 55] timing train=618.017s distribution=6.208s agg=0.058s eval=385.103s total=1009.414s
Classification: train=1.0000 test=0.9586 round=56
[round 56] timing train=607.152s distribution=5.329s agg=0.239s eval=344.703s total=957.430s
Classification: train=1.0000 test=0.9595 round=57
[round 57] timing train=631.696s distribution=5.346s agg=0.119s eval=358.589s total=995.782s
Classification: train=1.0000 test=0.9586 round=58
[round 58] timing train=609.237s distribution=5.004s agg=0.055s eval=359.378s total=973.701s
Classification: train=1.0000 test=0.9586 round=59
[round 59] timing train=613.116s distribution=6.013s agg=0.392s eval=383.363s total=1002.908s
[fedcsl] checkpoint saved → ./checkpoint/resume/fedcsl_SpokenArabicDigits_2026-05-04-10har_fedcsl-onehot_dir0.05.pt (round=60)
Classification: train=1.0000 test=0.9573 round=60
[round 60] timing train=603.936s distribution=6.755s agg=0.070s eval=358.263s total=969.053s
Classification: train=1.0000 test=0.9563 round=61
[round 61] timing train=600.638s distribution=6.589s agg=0.173s eval=364.365s total=971.784s
Classification: train=1.0000 test=0.9582 round=62
[round 62] timing train=596.539s distribution=5.857s agg=0.073s eval=366.975s total=969.483s
Classification: train=1.0000 test=0.9577 round=63
[round 63] timing train=588.341s distribution=6.121s agg=0.248s eval=377.009s total=971.726s
Classification: train=1.0000 test=0.9577 round=64
[round 64] timing train=634.570s distribution=6.218s agg=0.258s eval=360.292s total=1001.354s
Classification: train=1.0000 test=0.9568 round=65
[round 65] timing train=617.031s distribution=5.761s agg=0.090s eval=342.542s total=965.498s
Classification: train=1.0000 test=0.9568 round=66
[round 66] timing train=572.032s distribution=5.537s agg=0.206s eval=334.637s total=912.420s
Classification: train=1.0000 test=0.9568 round=67
[round 67] timing train=554.098s distribution=5.332s agg=0.095s eval=321.563s total=881.128s
Classification: train=1.0000 test=0.9582 round=68
[round 68] timing train=601.864s distribution=5.426s agg=0.270s eval=335.586s total=943.154s
Classification: train=1.0000 test=0.9573 round=69
[round 69] timing train=554.243s distribution=5.063s agg=0.246s eval=352.424s total=911.982s
Classification: train=1.0000 test=0.9559 round=70
[round 70] timing train=566.808s distribution=6.970s agg=0.403s eval=347.260s total=921.453s
Classification: train=1.0000 test=0.9563 round=71
[round 71] timing train=567.058s distribution=7.003s agg=0.081s eval=303.708s total=877.860s
Classification: train=1.0000 test=0.9568 round=72
[round 72] timing train=575.806s distribution=4.971s agg=0.184s eval=305.458s total=886.427s
Classification: train=1.0000 test=0.9568 round=73
[round 73] timing train=545.473s distribution=5.643s agg=0.060s eval=341.456s total=892.648s
Classification: train=1.0000 test=0.9563 round=74
[round 74] timing train=573.721s distribution=5.374s agg=0.126s eval=341.595s total=920.822s
Classification: train=1.0000 test=0.9568 round=75
[round 75] timing train=581.779s distribution=5.187s agg=0.191s eval=307.759s total=894.933s
Classification: train=1.0000 test=0.9559 round=76
[round 76] timing train=567.797s distribution=5.279s agg=0.114s eval=317.320s total=890.542s
Classification: train=1.0000 test=0.9550 round=77
[round 77] timing train=562.739s distribution=5.108s agg=0.133s eval=347.616s total=915.629s
Classification: train=1.0000 test=0.9559 round=78
[round 78] timing train=582.950s distribution=5.551s agg=0.195s eval=312.206s total=900.918s
Classification: train=1.0000 test=0.9554 round=79
[round 79] timing train=565.874s distribution=5.511s agg=0.278s eval=314.269s total=885.945s
Classification: train=1.0000 test=0.9568 round=80
[round 80] timing train=556.203s distribution=5.867s agg=0.228s eval=311.998s total=874.313s
Classification: train=1.0000 test=0.9573 round=81
[round 81] timing train=558.832s distribution=5.079s agg=0.115s eval=360.098s total=924.130s
Classification: train=1.0000 test=0.9545 round=82
[round 82] timing train=568.796s distribution=5.610s agg=0.188s eval=305.520s total=880.129s
Classification: train=1.0000 test=0.9550 round=83
[round 83] timing train=590.604s distribution=5.649s agg=0.061s eval=325.045s total=921.380s
Classification: train=1.0000 test=0.9559 round=84
[round 84] timing train=573.923s distribution=5.668s agg=0.249s eval=327.834s total=907.691s
Classification: train=1.0000 test=0.9559 round=85
[round 85] timing train=576.775s distribution=5.236s agg=0.083s eval=324.510s total=906.621s
Classification: train=1.0000 test=0.9541 round=86
[round 86] timing train=572.625s distribution=5.102s agg=0.034s eval=341.781s total=919.560s
Classification: train=1.0000 test=0.9554 round=87
[round 87] timing train=553.440s distribution=5.475s agg=0.163s eval=288.366s total=847.459s
Classification: train=1.0000 test=0.9568 round=88
[round 88] timing train=541.179s distribution=5.267s agg=0.208s eval=306.241s total=852.907s
Classification: train=1.0000 test=0.9541 round=89
[round 89] timing train=536.148s distribution=4.989s agg=0.195s eval=314.898s total=856.236s
[fedcsl] checkpoint saved → ./checkpoint/resume/fedcsl_SpokenArabicDigits_2026-05-04-10har_fedcsl-onehot_dir0.05.pt (round=90)
Classification: train=1.0000 test=0.9536 round=90
[round 90] timing train=578.876s distribution=5.569s agg=0.175s eval=316.754s total=901.387s
Classification: train=1.0000 test=0.9545 round=91
[round 91] timing train=550.360s distribution=5.636s agg=0.088s eval=333.814s total=889.919s
Classification: train=1.0000 test=0.9563 round=92
[round 92] timing train=551.437s distribution=5.590s agg=0.099s eval=284.672s total=841.841s
Classification: train=1.0000 test=0.9550 round=93
[round 93] timing train=568.046s distribution=5.111s agg=0.097s eval=310.872s total=884.143s
Classification: train=1.0000 test=0.9536 round=94
[round 94] timing train=561.407s distribution=5.254s agg=0.209s eval=287.181s total=854.065s
Classification: train=1.0000 test=0.9563 round=95
[round 95] timing train=505.149s distribution=5.649s agg=0.132s eval=296.046s total=806.983s
Classification: train=1.0000 test=0.9541 round=96
[round 96] timing train=548.622s distribution=6.102s agg=0.127s eval=300.918s total=855.778s
Classification: train=1.0000 test=0.9541 round=97
[round 97] timing train=545.784s distribution=5.124s agg=0.046s eval=291.048s total=842.033s
Classification: train=1.0000 test=0.9554 round=98
[round 98] timing train=547.728s distribution=5.565s agg=0.158s eval=281.228s total=834.688s
Classification: train=1.0000 test=0.9541 round=99
[round 99] timing train=548.484s distribution=5.112s agg=0.044s eval=289.154s total=842.808s
Classification: train=1.0000 test=0.9545 round=100
[round 100] timing train=546.400s distribution=5.606s agg=0.115s eval=297.976s total=850.108s
Classification: train=1.0000 test=0.9541 round=101
[round 101] timing train=538.161s distribution=5.509s agg=0.202s eval=289.621s total=833.508s
Classification: train=1.0000 test=0.9518 round=102
[round 102] timing train=585.788s distribution=5.816s agg=0.233s eval=323.488s total=915.342s
Classification: train=1.0000 test=0.9559 round=103
[round 103] timing train=575.472s distribution=6.156s agg=0.180s eval=331.419s total=913.242s
Classification: train=1.0000 test=0.9518 round=104
[round 104] timing train=589.507s distribution=6.129s agg=0.174s eval=325.431s total=921.251s
Classification: train=1.0000 test=0.9563 round=105
[round 105] timing train=584.509s distribution=6.667s agg=0.322s eval=320.754s total=912.292s
Classification: train=1.0000 test=0.9523 round=106
[round 106] timing train=582.689s distribution=6.281s agg=0.349s eval=298.373s total=887.709s
Classification: train=1.0000 test=0.9504 round=107
[round 107] timing train=582.761s distribution=5.870s agg=0.139s eval=310.110s total=898.895s
Classification: train=1.0000 test=0.9513 round=108
[round 108] timing train=585.072s distribution=5.903s agg=0.163s eval=291.992s total=883.146s
Classification: train=1.0000 test=0.9545 round=109
[round 109] timing train=564.501s distribution=5.497s agg=0.058s eval=296.258s total=866.347s
Classification: train=1.0000 test=0.9550 round=110
[round 110] timing train=603.650s distribution=5.338s agg=0.082s eval=304.475s total=913.556s
Classification: train=1.0000 test=0.9536 round=111
[round 111] timing train=593.243s distribution=5.423s agg=0.176s eval=305.137s total=903.989s
Classification: train=1.0000 test=0.9536 round=112
[round 112] timing train=584.955s distribution=5.742s agg=0.116s eval=307.363s total=898.203s
Classification: train=1.0000 test=0.9541 round=113
[round 113] timing train=579.230s distribution=5.782s agg=0.141s eval=317.419s total=902.603s
Classification: train=1.0000 test=0.9559 round=114
[round 114] timing train=586.195s distribution=6.182s agg=0.126s eval=313.476s total=905.988s
Classification: train=1.0000 test=0.9523 round=115
[round 115] timing train=589.980s distribution=5.294s agg=0.068s eval=285.997s total=881.370s
Classification: train=1.0000 test=0.9536 round=116
[round 116] timing train=571.194s distribution=6.348s agg=0.201s eval=309.313s total=887.065s
Classification: train=1.0000 test=0.9554 round=117
[round 117] timing train=547.098s distribution=5.768s agg=0.148s eval=326.118s total=879.146s
Classification: train=1.0000 test=0.9550 round=118
[round 118] timing train=588.385s distribution=5.790s agg=0.045s eval=308.411s total=902.650s
Classification: train=1.0000 test=0.9554 round=119
[round 119] timing train=582.230s distribution=6.011s agg=0.089s eval=310.232s total=898.570s
[fedcsl] checkpoint saved → ./checkpoint/resume/fedcsl_SpokenArabicDigits_2026-05-04-10har_fedcsl-onehot_dir0.05.pt (round=120)
Classification: train=1.0000 test=0.9545 round=120
[round 120] timing train=584.578s distribution=6.165s agg=0.073s eval=305.379s total=896.220s
Classification: train=1.0000 test=0.9550 round=121
[round 121] timing train=592.115s distribution=6.265s agg=0.106s eval=299.496s total=898.030s
Classification: train=1.0000 test=0.9541 round=122
[round 122] timing train=603.379s distribution=5.926s agg=0.252s eval=315.044s total=924.620s
Classification: train=1.0000 test=0.9523 round=123
[round 123] timing train=574.094s distribution=5.850s agg=0.239s eval=312.587s total=892.821s
Classification: train=1.0000 test=0.9536 round=124
[round 124] timing train=583.419s distribution=6.168s agg=0.127s eval=285.216s total=874.947s
Classification: train=1.0000 test=0.9532 round=125
[round 125] timing train=597.101s distribution=5.744s agg=0.146s eval=312.696s total=915.699s
Classification: train=1.0000 test=0.9550 round=126
[round 126] timing train=604.964s distribution=5.741s agg=0.361s eval=326.593s total=937.668s
Classification: train=1.0000 test=0.9541 round=127
[round 127] timing train=605.366s distribution=5.451s agg=0.058s eval=314.291s total=925.210s
Classification: train=1.0000 test=0.9491 round=128
[round 128] timing train=609.797s distribution=5.327s agg=0.211s eval=329.948s total=945.335s
Classification: train=1.0000 test=0.9541 round=129
[round 129] timing train=599.661s distribution=6.047s agg=0.157s eval=324.432s total=930.313s
Classification: train=1.0000 test=0.9527 round=130
[round 130] timing train=553.279s distribution=3.852s agg=0.120s eval=325.411s total=882.707s
Classification: train=1.0000 test=0.9527 round=131
[round 131] timing train=593.153s distribution=5.919s agg=0.294s eval=320.103s total=919.496s
Classification: train=1.0000 test=0.9541 round=132
[round 132] timing train=577.314s distribution=6.380s agg=0.241s eval=319.293s total=903.236s
Classification: train=1.0000 test=0.9545 round=133
[round 133] timing train=587.622s distribution=6.055s agg=0.259s eval=328.580s total=922.531s
Classification: train=1.0000 test=0.9532 round=134
[round 134] timing train=584.971s distribution=5.993s agg=0.290s eval=328.263s total=919.532s
Classification: train=1.0000 test=0.9545 round=135
[round 135] timing train=595.261s distribution=6.147s agg=0.382s eval=323.455s total=925.276s
Classification: train=1.0000 test=0.9523 round=136
[round 136] timing train=592.215s distribution=5.496s agg=0.150s eval=329.194s total=927.071s
Classification: train=1.0000 test=0.9541 round=137
[round 137] timing train=594.792s distribution=6.062s agg=0.325s eval=316.857s total=918.052s
Classification: train=1.0000 test=0.9550 round=138
[round 138] timing train=598.740s distribution=5.706s agg=0.300s eval=346.083s total=950.878s
Classification: train=1.0000 test=0.9536 round=139
[round 139] timing train=570.456s distribution=5.954s agg=0.143s eval=322.474s total=899.043s
Classification: train=1.0000 test=0.9536 round=140
[round 140] timing train=595.351s distribution=6.067s agg=0.384s eval=338.935s total=940.750s
Classification: train=1.0000 test=0.9527 round=141
[round 141] timing train=590.527s distribution=5.704s agg=0.150s eval=338.246s total=934.684s
Classification: train=1.0000 test=0.9550 round=142
[round 142] timing train=585.538s distribution=5.894s agg=0.340s eval=336.448s total=928.256s
Classification: train=1.0000 test=0.9536 round=143
[round 143] timing train=590.615s distribution=6.067s agg=0.356s eval=323.865s total=920.915s
Classification: train=1.0000 test=0.9518 round=144
[round 144] timing train=589.366s distribution=5.387s agg=0.195s eval=306.123s total=901.090s
Classification: train=1.0000 test=0.9536 round=145
[round 145] timing train=547.693s distribution=6.074s agg=0.295s eval=316.479s total=870.547s
Classification: train=1.0000 test=0.9513 round=146
[round 146] timing train=547.992s distribution=5.874s agg=0.058s eval=331.795s total=885.731s
Classification: train=1.0000 test=0.9518 round=147
[round 147] timing train=590.846s distribution=5.901s agg=0.163s eval=321.471s total=918.415s
Classification: train=1.0000 test=0.9527 round=148
[round 148] timing train=591.622s distribution=6.160s agg=0.083s eval=307.151s total=905.032s
Classification: train=1.0000 test=0.9545 round=149
[round 149] timing train=569.576s distribution=6.161s agg=0.342s eval=301.793s total=877.907s
[fedcsl] checkpoint saved → ./checkpoint/resume/fedcsl_SpokenArabicDigits_2026-05-04-10har_fedcsl-onehot_dir0.05.pt (round=150)
Classification: train=1.0000 test=0.9523 round=150
[round 150] timing train=586.564s distribution=5.868s agg=0.105s eval=305.555s total=898.110s
Classification: train=1.0000 test=0.9550 round=151
[round 151] timing train=583.900s distribution=6.394s agg=0.060s eval=305.581s total=895.943s
Classification: train=1.0000 test=0.9541 round=152
[round 152] timing train=551.194s distribution=6.014s agg=0.366s eval=294.543s total=852.130s
Classification: train=1.0000 test=0.9532 round=153
[round 153] timing train=539.490s distribution=6.212s agg=0.152s eval=304.749s total=850.619s
Classification: train=1.0000 test=0.9532 round=154
[round 154] timing train=581.777s distribution=5.709s agg=0.302s eval=297.815s total=885.618s
Classification: train=1.0000 test=0.9523 round=155
[round 155] timing train=580.458s distribution=6.222s agg=0.266s eval=289.615s total=876.580s
Classification: train=1.0000 test=0.9513 round=156
[round 156] timing train=575.422s distribution=5.885s agg=0.133s eval=292.608s total=874.088s
Classification: train=1.0000 test=0.9541 round=157
[round 157] timing train=571.991s distribution=5.627s agg=0.091s eval=288.862s total=866.583s
Classification: train=1.0000 test=0.9532 round=158
[round 158] timing train=564.604s distribution=6.177s agg=0.045s eval=292.270s total=863.101s
Classification: train=1.0000 test=0.9527 round=159
[round 159] timing train=558.629s distribution=4.929s agg=0.111s eval=297.353s total=861.031s
Classification: train=1.0000 test=0.9532 round=160
[round 160] timing train=520.728s distribution=4.929s agg=0.091s eval=271.516s total=797.277s
Classification: train=1.0000 test=0.9513 round=161
[round 161] timing train=547.435s distribution=5.909s agg=0.148s eval=288.077s total=841.585s
Classification: train=1.0000 test=0.9532 round=162
[round 162] timing train=559.972s distribution=6.835s agg=0.193s eval=286.816s total=853.851s
Classification: train=1.0000 test=0.9527 round=163
[round 163] timing train=568.072s distribution=5.589s agg=0.115s eval=292.521s total=866.311s
Classification: train=1.0000 test=0.9491 round=164
[round 164] timing train=562.749s distribution=5.706s agg=0.335s eval=291.524s total=860.328s
Classification: train=1.0000 test=0.9509 round=165
[round 165] timing train=558.872s distribution=5.601s agg=0.206s eval=296.162s total=860.903s
Classification: train=1.0000 test=0.9532 round=166
[round 166] timing train=565.623s distribution=6.020s agg=0.169s eval=296.903s total=868.758s
Classification: train=1.0000 test=0.9523 round=167
[round 167] timing train=562.456s distribution=5.596s agg=0.107s eval=275.814s total=843.990s
Classification: train=1.0000 test=0.9509 round=168
[round 168] timing train=515.752s distribution=5.517s agg=0.120s eval=287.600s total=809.008s
Classification: train=1.0000 test=0.9504 round=169
[round 169] timing train=560.263s distribution=5.415s agg=0.199s eval=301.311s total=867.218s
Classification: train=1.0000 test=0.9513 round=170
[round 170] timing train=567.477s distribution=6.048s agg=0.380s eval=280.518s total=854.453s
Classification: train=1.0000 test=0.9527 round=171
[round 171] timing train=560.233s distribution=5.939s agg=0.112s eval=285.221s total=851.511s
Classification: train=1.0000 test=0.9482 round=172
[round 172] timing train=570.703s distribution=6.012s agg=0.108s eval=277.197s total=854.042s
Classification: train=1.0000 test=0.9513 round=173
[round 173] timing train=573.139s distribution=6.071s agg=0.161s eval=299.235s total=878.620s
Classification: train=1.0000 test=0.9500 round=174
[round 174] timing train=559.194s distribution=6.283s agg=0.355s eval=279.331s total=845.178s
Classification: train=1.0000 test=0.9495 round=175
[round 175] timing train=505.061s distribution=5.516s agg=0.333s eval=293.707s total=804.647s
Classification: train=1.0000 test=0.9500 round=176
[round 176] timing train=531.951s distribution=5.867s agg=0.051s eval=280.440s total=818.363s
Classification: train=1.0000 test=0.9500 round=177
[round 177] timing train=550.449s distribution=6.082s agg=0.191s eval=287.140s total=843.869s
Classification: train=1.0000 test=0.9513 round=178
[round 178] timing train=548.570s distribution=5.729s agg=0.170s eval=293.461s total=847.945s
Classification: train=1.0000 test=0.9500 round=179
[round 179] timing train=563.750s distribution=5.393s agg=0.100s eval=301.929s total=871.210s
[fedcsl] checkpoint saved → ./checkpoint/resume/fedcsl_SpokenArabicDigits_2026-05-04-10har_fedcsl-onehot_dir0.05.pt (round=180)
Classification: train=1.0000 test=0.9513 round=180
[round 180] timing train=553.994s distribution=4.715s agg=0.132s eval=300.970s total=859.822s
Classification: train=1.0000 test=0.9527 round=181
[round 181] timing train=540.549s distribution=4.932s agg=0.051s eval=311.624s total=857.171s
Classification: train=1.0000 test=0.9523 round=182
[round 182] timing train=538.310s distribution=4.884s agg=0.043s eval=278.600s total=821.844s
Classification: train=1.0000 test=0.9486 round=183
[round 183] timing train=566.047s distribution=4.862s agg=0.074s eval=286.915s total=857.957s
Classification: train=1.0000 test=0.9509 round=184
[round 184] timing train=544.468s distribution=5.014s agg=0.042s eval=302.279s total=851.812s
Classification: train=1.0000 test=0.9509 round=185
[round 185] timing train=534.062s distribution=5.429s agg=0.079s eval=292.935s total=832.511s
Classification: train=1.0000 test=0.9504 round=186
[round 186] timing train=532.859s distribution=4.938s agg=0.065s eval=293.536s total=831.420s
Classification: train=1.0000 test=0.9527 round=187
[round 187] timing train=545.138s distribution=4.817s agg=0.088s eval=303.745s total=853.794s
Classification: train=1.0000 test=0.9523 round=188
[round 188] timing train=549.151s distribution=5.637s agg=0.118s eval=284.165s total=839.080s
Classification: train=1.0000 test=0.9513 round=189
[round 189] timing train=543.408s distribution=6.124s agg=0.055s eval=306.897s total=856.497s
Classification: train=1.0000 test=0.9491 round=190
[round 190] timing train=518.233s distribution=5.512s agg=0.122s eval=309.734s total=833.619s
Classification: train=1.0000 test=0.9532 round=191
[round 191] timing train=503.478s distribution=5.391s agg=0.050s eval=311.554s total=820.481s
Classification: train=1.0000 test=0.9477 round=192
[round 192] timing train=549.494s distribution=5.942s agg=0.081s eval=316.215s total=871.755s
Classification: train=1.0000 test=0.9495 round=193
[round 193] timing train=547.428s distribution=4.957s agg=0.078s eval=295.425s total=847.896s
Classification: train=1.0000 test=0.9509 round=194
[round 194] timing train=551.403s distribution=5.315s agg=0.069s eval=301.087s total=857.926s
Classification: train=1.0000 test=0.9491 round=195
[round 195] timing train=540.611s distribution=5.006s agg=0.229s eval=295.760s total=841.633s
Classification: train=1.0000 test=0.9477 round=196
[round 196] timing train=548.640s distribution=5.087s agg=0.058s eval=301.706s total=855.510s
Classification: train=1.0000 test=0.9513 round=197
[round 197] timing train=518.814s distribution=4.870s agg=0.266s eval=291.512s total=815.472s
Classification: train=1.0000 test=0.9486 round=198
[round 198] timing train=510.670s distribution=4.865s agg=0.106s eval=294.802s total=810.453s
Classification: train=1.0000 test=0.9509 round=199
[round 199] timing train=567.748s distribution=5.281s agg=0.151s eval=298.355s total=871.556s
best round is 9, acc is 0.966803
Model saved to ./checkpoint/SpokenArabicDigits/2026-05-04-10har_fedcsl-onehot_dir0.05_SpokenArabicDigits_model.pt
