# 2026-05-04 14:31:29  har_fedprox_dir1.0  GPU=4  cwd=/data/user_lixiongfei/CSL-main
# CMD: python3 -u FedCSL_All.py -dataset HAR --config configFedProx.yml --dirichlet-alpha 1.0 --seed 42 --description har_fedprox_dir1.0 -dataset LSST

/mnt/data/user_liangzhiyu/envs/fedcsl/lib/python3.8/site-packages/scipy/__init__.py:146: UserWarning: A NumPy version >=1.16.5 and <1.23.0 is required for this version of SciPy (detected version 1.23.5
  warnings.warn(f"A NumPy version >={np_minversion} and <{np_maxversion}"
[config] 'configFedProx.yml' 未找到，重定向到 'config/configFedProx.yml'
2459
<class 'pandas.core.frame.DataFrame'>
RangeIndex: 2459 entries, 0 to 2458
Data columns (total 7 columns):
 #   Column      Non-Null Count  Dtype 
---  ------      --------------  ----- 
 0   dim_0       2459 non-null   object
 1   dim_1       2459 non-null   object
 2   dim_2       2459 non-null   object
 3   dim_3       2459 non-null   object
 4   dim_4       2459 non-null   object
 5   dim_5       2459 non-null   object
 6   class_vals  2459 non-null   object
dtypes: object(7)
memory usage: 134.6+ KB
None
{36}
<class 'pandas.core.frame.DataFrame'>
RangeIndex: 2459 entries, 0 to 2458
Data columns (total 7 columns):
 #   Column      Non-Null Count  Dtype 
---  ------      --------------  ----- 
 0   dim_0       2459 non-null   object
 1   dim_1       2459 non-null   object
 2   dim_2       2459 non-null   object
 3   dim_3       2459 non-null   object
 4   dim_4       2459 non-null   object
 5   dim_5       2459 non-null   object
 6   class_vals  2459 non-null   object
dtypes: object(7)
memory usage: 134.6+ KB
None
[ 0  0  0 ... 13 13 13]
[   0    1    2   34   35   36   37   38   39   40   41   42   43   44
   45  157  158  159  160  161  162  163  164  165  166  167  168  169
  170  171  172  173  174  175  176  177  178  179  180  181  182  183
  184  185  186  187  188  189  190  191  192  193  194  195  196  197
  198  199  200  201  202  203  204  205  206  207  208  209  210  211
  212  213  214  215  216  217  218  219  220  221  222  223  224  225
  226  227  228  229  230  231  232  233  234  235  236  237  238  239
  240  241  242  243  244  245  246  247  248  249  250  251  252  253
  254  255  256  257  258  259  260  261  262  263  264  265  266  267
  268  269  270  271  272  273  274  275  276  277  278  279  280  281
  282  283  284  285  286  287  288  289  290  291  292  293  294  295
  296  297  298  299  300  301  302  303  304  305  306  307  308  309
  310  311  427  428  429  430  431  432  433  434  435  436  437  438
  439  440  441  442  443  444  445  446  447  448  449  450  451  452
  453  454  455  456  457  458  459  460  461  462  463  464  465  466
  467  468  469  470  471  472  473  474  475  476  477  478  479  480
  481  482  483  484  485  486  487  488  489  490  491  492  493  494
  495  496  497  498  499  500  501  502  503  504  505  506  507  508
  509  510  511  512  513  514  515  516  517  518  519  520  521  522
  523  524  525  526  527  528  529  530  531  532  533  534  535  536
  537  538  539  540  541  542  543  544  545  546  547  548  549  550
  551  552  553  554  555  556  557  558  559  560  561  562  563  564
  565  566  567  568  569  570  571  572  808  809  810  811  812  813
  814  870  877  878  879 1030 1031 1032 1033 1034 1035 1036 1037 1038
 1039 1040 1053 1054 1055 1056 1057 1058 1059 1060 1061 1062 1063 1064
 1065 1066 1067 1068 1069 1070 1071 1072 1073 1074 1075 1076 1077 1078
 1079 1080 1081 1082 1083 1084 1085 1086 1087 1088 1089 1090 1091 1092
 1093 1094 1095 1096 1097 1098 1099 1100 1101 1102 1103 1104 1105 1106
 1107 1108 1109 1110 1111 1112 1113 1114 1115 1116 1117 1118 1119 1120
 1121 1122 1123 1124 1125 1126 1127 1128 1129 1130 1131 1132 1133 1134
 1135 1136 1137 1138 1139 1140 1141 1142 1143 1144 1145 1146 1147 1148
 1149 1150 1151 1152 1153 1154 1155 1366 1367 1368 1369 1370 1371 1372
 1373 1374 1375 1376 1377 1378 1379 1380 1381 1382 1383 1384 1385 1386
 1387 1388 1389 1390 1391 1392 1393 1394 1395 1396 1397 1398 1399 1400
 1401 1402 1403 1404 1405 1406 1407 1408 1409 1410 1411 1412 1413 1414
 1415 1416 1417 1554 1555 1556 1557 1558 1559 1560 1561 1562 1563 1564
 1565 1566 1567 1568 1569 1570 1571 1572 1573 1574 1575 1576 1577 1578
 1579 1580 1581 1582 1583 1584 1585 1586 1587 1588 1589 1590 1591 1592
 1593 1594 1595 1596 1597 1598 1599 1600 1601 1602 1603 1604 1605 1606
 1607 1608 1609 1610 1611 1612 1613 1614 1615 1616 1617 1618 1619 1620
 1621 1622 1623 1624 1625 1626 1627 1628 1629 1630 1631 1632 1633 1634
 1635 1636 1637 1638 1639 1640 1641 1642 1643 1644 1645 1646 1647 1648
 1649 1650 1651 1652 1653 1654 1655 1656 1657 1658 1659 1660 1661 2331
 2332 2333 2334 2335 2336 2337 2338 2339 2340 2341 2342 2343 2344 2345
 2346 2347 2348 2349 2350 2351 2352 2353 2354 2355 2356 2357 2358 2359
 2360 2361 2362 2363 2364 2365 2366 2367 2368 2369 2370 2371 2372 2373
 2374 2375 2376 2377 2378 2379 2380 2381 2382 2383 2384 2385 2386 2408
 2409]
[0, 0, 0, 1, 1, 1, 1, 1, 1, 1, 1, 1, 1, 1, 1, 2, 2, 2, 2, 2, 2, 2, 2, 2, 2, 2, 2, 2, 2, 2, 2, 2, 2, 2, 2, 2, 2, 2, 2, 2, 2, 2, 2, 2, 2, 2, 2, 2, 2, 2, 2, 2, 2, 2, 2, 2, 2, 2, 2, 2, 2, 2, 2, 2, 2, 2, 2, 2, 2, 2, 2, 2, 2, 2, 2, 2, 2, 2, 2, 2, 2, 2, 2, 2, 2, 2, 2, 2, 2, 2, 2, 2, 2, 2, 2, 2, 2, 2, 2, 2, 2, 2, 2, 2, 2, 2, 2, 2, 2, 2, 2, 2, 2, 2, 2, 2, 2, 2, 2, 2, 2, 2, 2, 2, 2, 2, 2, 2, 2, 2, 2, 2, 2, 2, 2, 2, 2, 2, 2, 2, 2, 2, 2, 2, 2, 2, 2, 2, 2, 2, 2, 2, 2, 2, 2, 2, 2, 2, 2, 2, 2, 2, 2, 2, 2, 2, 2, 2, 2, 2, 3, 3, 3, 3, 3, 3, 3, 3, 3, 3, 3, 3, 3, 3, 3, 3, 3, 3, 3, 3, 3, 3, 3, 3, 3, 3, 3, 3, 3, 3, 3, 3, 3, 3, 3, 3, 3, 3, 3, 3, 3, 3, 3, 3, 3, 3, 3, 3, 3, 3, 3, 3, 3, 3, 3, 3, 3, 3, 3, 3, 3, 3, 3, 3, 3, 3, 3, 3, 3, 3, 3, 3, 3, 3, 3, 3, 3, 3, 3, 3, 3, 3, 3, 3, 3, 3, 3, 3, 3, 3, 3, 3, 3, 3, 3, 3, 3, 3, 3, 3, 3, 3, 3, 3, 3, 3, 3, 3, 3, 3, 3, 3, 3, 3, 3, 3, 3, 3, 3, 3, 3, 3, 3, 3, 3, 3, 3, 3, 3, 3, 3, 3, 3, 3, 3, 3, 3, 3, 3, 3, 3, 3, 3, 3, 3, 3, 4, 4, 4, 4, 4, 4, 4, 5, 6, 6, 6, 7, 7, 7, 7, 7, 7, 7, 7, 7, 7, 7, 8, 8, 8, 8, 8, 8, 8, 8, 8, 8, 8, 8, 8, 8, 8, 8, 8, 8, 8, 8, 8, 8, 8, 8, 8, 8, 8, 8, 8, 8, 8, 8, 8, 8, 8, 8, 8, 8, 8, 8, 8, 8, 8, 8, 8, 8, 8, 8, 8, 8, 8, 8, 8, 8, 8, 8, 8, 8, 8, 8, 8, 8, 8, 8, 8, 8, 8, 8, 8, 8, 8, 8, 8, 8, 8, 8, 8, 8, 8, 8, 8, 8, 8, 8, 8, 8, 8, 8, 8, 8, 8, 8, 8, 8, 8, 8, 8, 8, 8, 8, 8, 8, 8, 9, 9, 9, 9, 9, 9, 9, 9, 9, 9, 9, 9, 9, 9, 9, 9, 9, 9, 9, 9, 9, 9, 9, 9, 9, 9, 9, 9, 9, 9, 9, 9, 9, 9, 9, 9, 9, 9, 9, 9, 9, 9, 9, 9, 9, 9, 9, 9, 9, 9, 9, 9, 11, 11, 11, 11, 11, 11, 11, 11, 11, 11, 11, 11, 11, 11, 11, 11, 11, 11, 11, 11, 11, 11, 11, 11, 11, 11, 11, 11, 11, 11, 11, 11, 11, 11, 11, 11, 11, 11, 11, 11, 11, 11, 11, 11, 11, 11, 11, 11, 11, 11, 11, 11, 11, 11, 11, 11, 11, 11, 11, 11, 11, 11, 11, 11, 11, 11, 11, 11, 11, 11, 11, 11, 11, 11, 11, 11, 11, 11, 11, 11, 11, 11, 11, 11, 11, 11, 11, 11, 11, 11, 11, 11, 11, 11, 11, 11, 11, 11, 11, 11, 11, 11, 11, 11, 11, 11, 11, 11, 12, 12, 12, 12, 12, 12, 12, 12, 12, 12, 12, 12, 12, 12, 12, 12, 12, 12, 12, 12, 12, 12, 12, 12, 12, 12, 12, 12, 12, 12, 12, 12, 12, 12, 12, 12, 12, 12, 12, 12, 12, 12, 12, 12, 12, 12, 12, 12, 12, 12, 12, 12, 12, 12, 12, 12, 13, 13]
[0, 0, 0, 0, 0, 0, 0, 0, 0, 0, 0, 0, 0, 0, 0, 0, 0, 0, 0, 0, 0, 0, 0, 0, 0, 0, 1, 1, 1, 1, 1, 1, 1, 1, 1, 1, 1, 1, 1, 1, 1, 1, 1, 1, 1, 2, 2, 2, 2, 2, 2, 2, 2, 2, 2, 2, 2, 2, 2, 2, 2, 2, 2, 2, 2, 2, 2, 2, 2, 2, 2, 2, 2, 2, 2, 2, 2, 2, 2, 2, 2, 2, 2, 2, 2, 2, 2, 2, 2, 2, 2, 2, 2, 2, 2, 2, 2, 2, 2, 2, 2, 2, 2, 2, 2, 2, 2, 2, 2, 2, 2, 2, 2, 2, 2, 2, 2, 2, 2, 2, 2, 2, 2, 2, 2, 2, 2, 2, 2, 2, 2, 2, 2, 2, 2, 2, 2, 2, 2, 2, 2, 2, 2, 2, 2, 2, 2, 2, 2, 2, 2, 2, 2, 2, 2, 3, 3, 3, 3, 3, 3, 3, 3, 3, 3, 3, 3, 3, 3, 3, 3, 3, 3, 3, 3, 3, 3, 3, 3, 3, 3, 3, 3, 3, 3, 3, 3, 3, 3, 3, 3, 3, 3, 3, 3, 3, 3, 3, 3, 3, 3, 3, 3, 3, 3, 3, 3, 3, 3, 3, 4, 4, 5, 5, 5, 6, 6, 6, 6, 6, 6, 6, 6, 6, 6, 6, 6, 6, 6, 6, 6, 6, 6, 6, 6, 6, 6, 6, 6, 6, 6, 6, 6, 6, 6, 6, 6, 6, 6, 6, 6, 6, 6, 6, 6, 6, 6, 6, 6, 6, 6, 6, 6, 6, 6, 6, 6, 6, 6, 6, 6, 6, 6, 6, 6, 6, 6, 6, 6, 6, 6, 6, 6, 6, 6, 6, 6, 6, 6, 7, 7, 8, 8, 8, 8, 8, 8, 8, 8, 8, 8, 8, 8, 8, 8, 8, 8, 8, 8, 8, 8, 8, 8, 8, 8, 8, 8, 8, 8, 8, 8, 8, 8, 8, 8, 8, 8, 8, 8, 8, 8, 8, 8, 8, 8, 8, 8, 8, 8, 8, 8, 8, 8, 8, 8, 8, 8, 8, 8, 8, 8, 8, 8, 8, 8, 8, 8, 8, 8, 8, 8, 8, 8, 8, 8, 8, 8, 8, 8, 8, 8, 8, 8, 8, 8, 8, 8, 8, 8, 8, 8, 8, 8, 8, 8, 8, 8, 8, 8, 8, 8, 8, 8, 8, 8, 8, 8, 8, 8, 8, 8, 8, 8, 8, 8, 8, 8, 8, 8, 8, 8, 8, 8, 8, 8, 8, 8, 8, 8, 8, 8, 8, 8, 8, 8, 8, 8, 8, 8, 8, 8, 8, 8, 8, 8, 8, 8, 8, 8, 8, 8, 8, 8, 8, 8, 8, 8, 8, 8, 8, 8, 8, 8, 8, 8, 8, 8, 8, 8, 8, 8, 8, 8, 8, 8, 8, 8, 8, 8, 8, 8, 8, 8, 8, 8, 8, 8, 8, 8, 8, 8, 8, 8, 8, 8, 9, 9, 9, 9, 9, 9, 9, 9, 10, 10, 10, 10, 10, 10, 10, 10, 10, 10, 10, 10, 10, 10, 10, 10, 10, 10, 10, 10, 10, 10, 10, 10, 10, 10, 10, 10, 10, 10, 10, 10, 10, 10, 10, 10, 10, 10, 10, 10, 10, 10, 10, 10, 10, 10, 10, 10, 10, 10, 10, 10, 10, 10, 10, 10, 10, 10, 10, 10, 10, 10, 10, 10, 10, 11, 11, 11, 11, 11, 11, 11, 11, 11, 11, 11, 11, 11, 11, 11, 11, 11, 11, 11, 11, 11, 11, 11, 11, 11, 11, 11, 11, 11, 11, 11, 11, 11, 11, 11, 11, 11, 11, 11, 11, 11, 11, 11, 11, 11, 11, 11, 11, 11, 11, 11, 11, 11, 11, 11, 11, 11, 11, 11, 11, 11, 11, 11, 11, 11, 11, 11, 11, 11, 11, 11, 11, 11, 11, 11, 11, 11, 11, 11, 11, 11, 11, 11, 11, 11, 11, 11, 11, 11, 11, 11, 11, 11, 11, 11, 11, 11, 11, 11, 11, 11, 11, 11, 11, 11, 11, 11, 11, 11, 11, 11, 11, 11, 11, 11, 11, 11, 11, 11, 11, 11, 11, 11, 11, 11, 11, 11, 11, 11, 11, 11, 11, 11, 11, 11, 11, 11, 11, 11, 11, 11, 11, 11, 11, 11, 11, 11, 11, 11, 11, 11, 11, 11, 11, 11, 11, 11, 11, 11, 11, 11, 11, 11, 11, 11, 11, 11, 11, 11, 11, 11, 11, 11, 11, 11, 11, 11, 11, 11, 11, 11, 11, 11, 11, 11, 11, 11, 11, 11, 11, 11, 11, 11, 11, 11, 11, 11, 11, 11, 11, 11, 11, 11, 11, 11, 11, 11, 11, 11, 11, 11, 11, 11, 11, 11, 11, 11, 11, 11, 11, 11, 11, 11, 11, 11, 11, 11, 11, 11, 11, 11, 11, 11, 11, 11, 11, 11, 11, 11, 11, 11, 11, 11, 11, 11, 11, 11, 11, 11, 11, 11, 11, 11, 11, 11, 11, 11, 11, 11, 11, 11, 11, 11, 11, 11, 11, 11, 11, 11, 11, 11, 11, 11, 11, 11, 11, 11, 11, 11, 11, 11, 11, 11, 11, 11, 11, 11, 11, 11, 11, 11, 11, 11, 11, 11, 11, 11, 11, 11, 11, 11, 11, 11, 11, 11, 11, 11, 11, 11, 11, 11, 11, 11, 11, 11, 11, 11, 11, 11, 11, 11, 11, 11, 11, 11, 11, 11, 11, 11, 11, 11, 11, 11, 11, 11, 11, 11, 11, 11, 11, 11, 11, 11, 11, 11, 11, 11, 11, 11, 11, 11, 11, 11, 11, 11, 11, 11, 11, 11, 11, 11, 11, 11, 11, 11, 11, 11, 11, 11, 11, 11, 11, 11, 11, 11, 11, 11, 11, 11, 11, 11, 11, 11, 11, 11, 11, 11, 11, 11, 11, 11, 11, 11, 11, 11, 11, 11, 11, 11, 11, 11, 11, 11, 11, 11, 11, 11, 11, 11, 11, 11, 12, 12, 12, 12, 12, 12, 12, 12, 12, 12, 12, 12, 12, 12, 12, 12, 12, 12, 13, 13, 13, 13, 13, 13, 13, 13, 13, 13, 13, 13, 13, 13, 13, 13, 13, 13, 13, 13, 13, 13, 13, 13, 13, 13, 13, 13, 13, 13, 13, 13, 13, 13, 13, 13, 13, 13, 13, 13, 13]
[0, 0, 0, 0, 0, 1, 1, 1, 1, 1, 1, 1, 1, 1, 1, 1, 1, 1, 1, 1, 1, 1, 1, 1, 1, 1, 1, 1, 1, 1, 1, 1, 1, 1, 1, 1, 1, 1, 1, 1, 1, 1, 1, 1, 1, 1, 1, 1, 1, 1, 1, 1, 1, 1, 1, 1, 1, 1, 1, 1, 1, 1, 1, 1, 1, 1, 1, 1, 1, 1, 1, 1, 1, 1, 1, 1, 1, 1, 1, 1, 1, 1, 1, 1, 1, 1, 1, 1, 1, 1, 1, 1, 1, 1, 1, 1, 1, 2, 2, 2, 2, 2, 3, 3, 3, 3, 3, 3, 3, 3, 3, 3, 3, 3, 3, 3, 3, 3, 3, 3, 3, 3, 3, 3, 3, 3, 3, 3, 3, 3, 3, 3, 3, 3, 3, 3, 3, 3, 3, 3, 3, 3, 3, 3, 3, 3, 3, 3, 3, 3, 3, 3, 3, 3, 3, 3, 3, 3, 3, 3, 3, 3, 3, 3, 3, 3, 3, 3, 3, 3, 3, 3, 3, 3, 3, 3, 3, 3, 3, 3, 3, 3, 3, 3, 3, 3, 3, 3, 3, 3, 3, 3, 3, 3, 3, 3, 3, 3, 3, 3, 3, 3, 3, 3, 3, 3, 3, 3, 3, 3, 3, 3, 3, 3, 3, 3, 3, 3, 3, 3, 3, 3, 3, 3, 3, 3, 3, 3, 3, 3, 3, 3, 3, 3, 3, 3, 3, 3, 3, 3, 3, 3, 3, 3, 3, 3, 3, 3, 3, 3, 3, 3, 3, 3, 3, 3, 3, 3, 3, 3, 3, 3, 3, 3, 3, 3, 3, 3, 3, 3, 3, 3, 3, 3, 3, 3, 3, 3, 3, 3, 3, 3, 4, 4, 4, 4, 4, 4, 4, 4, 4, 4, 4, 4, 4, 4, 4, 4, 4, 4, 4, 4, 4, 4, 4, 4, 4, 4, 4, 4, 4, 4, 4, 4, 4, 4, 4, 4, 4, 4, 4, 4, 4, 4, 4, 4, 4, 4, 4, 4, 4, 4, 4, 4, 4, 5, 5, 5, 6, 6, 6, 6, 6, 6, 6, 6, 6, 6, 6, 6, 6, 6, 6, 6, 6, 6, 6, 6, 6, 6, 6, 6, 6, 6, 6, 6, 6, 6, 6, 6, 6, 6, 6, 6, 6, 6, 6, 6, 6, 6, 6, 6, 6, 6, 6, 6, 6, 6, 6, 6, 6, 6, 6, 6, 6, 6, 6, 6, 6, 6, 6, 6, 6, 6, 6, 6, 6, 6, 6, 6, 6, 6, 6, 6, 7, 7, 7, 7, 7, 7, 7, 7, 7, 7, 8, 8, 8, 8, 8, 8, 8, 8, 8, 8, 8, 8, 8, 8, 8, 8, 9, 9, 9, 9, 9, 9, 9, 9, 10, 10, 10, 10, 10, 10, 10, 10, 10, 10, 10, 10, 10, 10, 10, 10, 10, 10, 10, 10, 10, 10, 10, 10, 10, 10, 10, 10, 10, 10, 10, 10, 10, 10, 10, 10, 10, 10, 10, 10, 10, 10, 10, 10, 10, 10, 10, 10, 10, 10, 10, 10, 10, 10, 10, 11, 11, 11, 11, 11, 11, 11, 11, 11, 11, 11, 11, 11, 11, 11, 11, 11, 11, 11, 11, 11, 11, 11, 11, 11, 11, 11, 11, 11, 11, 11, 11, 11, 11, 11, 11, 11, 11, 11, 11, 11, 11, 11, 11, 11, 11, 11, 11, 11, 11, 11, 11, 11, 11, 11, 11, 11, 11, 11, 11, 11, 11, 11, 11, 11, 11, 11, 11, 11, 11, 11, 11, 11, 11, 11, 11, 11, 11, 11, 11, 11, 11, 11, 11, 11, 11, 11, 11, 11, 11, 11, 11, 11, 11, 11, 11, 11, 11, 11, 11, 11, 11, 11, 11, 11, 11, 11, 11, 11, 11, 11, 11, 11, 11, 11, 11, 11, 11, 11, 11, 11, 11, 11, 11, 11, 11, 11, 11, 11, 11, 11, 11, 11, 11, 11, 11, 11, 11, 11, 11, 11, 11, 11, 11, 11, 11, 11, 11, 11, 11, 11, 11, 11, 11, 11, 11, 11, 11, 11, 11, 11, 11, 11, 11, 11, 11, 11, 11, 11, 11, 11, 11, 11, 11, 11, 11, 11, 11, 11, 11, 11, 11, 11, 11, 11, 11, 11, 11, 11, 11, 11, 11, 11, 11, 11, 11, 11, 11, 11, 11, 11, 11, 11, 11, 11, 11, 11, 11, 11, 11, 11, 11, 11, 11, 11, 11, 11, 11, 11, 11, 11, 11, 11, 11, 11, 11, 11, 11, 11, 11, 11, 11, 11, 11, 11, 11, 11, 11, 11, 11, 11, 11, 11, 11, 11, 11, 11, 11, 11, 11, 11, 11, 11, 11, 11, 11, 11, 11, 12, 12, 12, 13, 13, 13, 13, 13, 13, 13, 13]
shapelet initialized!
All 3 clients initialized.
Server device: cuda:0
Client worker groups: [[0], [1], [2]]
Client worker devices: ['cuda:0', 'cuda:0', 'cuda:0']
客户端选择未启用，所有客户端参与聚合
/data/user_lixiongfei/CSL-main/train.py:801: UserWarning: Creating a tensor from a list of numpy.ndarrays is extremely slow. Please consider converting the list to a single numpy.ndarray with numpy.array() before converting to a tensor. (Triggered internally at ../torch/csrc/utils/tensor_new.cpp:278.)
  X = torch.tensor(X, dtype=torch.float)
Classification: train=1.0000 test=0.5770 round=0
[round 0] timing train=123.593s distribution=0.910s agg=0.055s eval=92.640s total=217.207s
Classification: train=1.0000 test=0.5775 round=1
[round 1] timing train=149.135s distribution=1.153s agg=0.157s eval=93.322s total=243.785s
Classification: train=1.0000 test=0.5791 round=2
[round 2] timing train=145.371s distribution=1.170s agg=0.168s eval=96.521s total=243.245s
Classification: train=1.0000 test=0.5791 round=3
[round 3] timing train=147.773s distribution=0.963s agg=0.191s eval=88.465s total=237.396s
Classification: train=1.0000 test=0.5815 round=4
[round 4] timing train=131.218s distribution=0.739s agg=0.107s eval=79.129s total=211.202s
Classification: train=1.0000 test=0.5807 round=5
[round 5] timing train=164.736s distribution=1.142s agg=0.285s eval=84.394s total=250.562s
Classification: train=1.0000 test=0.5827 round=6
[round 6] timing train=147.965s distribution=1.053s agg=0.153s eval=90.669s total=239.867s
Classification: train=1.0000 test=0.5839 round=7
[round 7] timing train=148.025s distribution=1.257s agg=0.182s eval=95.203s total=244.685s
Classification: train=1.0000 test=0.5856 round=8
[round 8] timing train=142.110s distribution=0.776s agg=0.131s eval=89.746s total=232.769s
Classification: train=1.0000 test=0.5892 round=9
[round 9] timing train=144.517s distribution=0.992s agg=0.151s eval=86.225s total=231.901s
Classification: train=1.0000 test=0.5864 round=10
[round 10] timing train=147.734s distribution=1.073s agg=0.326s eval=99.297s total=248.465s
Classification: train=1.0000 test=0.5856 round=11
[round 11] timing train=149.460s distribution=1.033s agg=0.142s eval=99.156s total=249.819s
Classification: train=1.0000 test=0.5843 round=12
[round 12] timing train=148.122s distribution=0.838s agg=0.240s eval=92.458s total=241.691s
Classification: train=1.0000 test=0.5807 round=13
[round 13] timing train=145.619s distribution=0.817s agg=0.109s eval=91.696s total=238.251s
Classification: train=1.0000 test=0.5819 round=14
[round 14] timing train=144.902s distribution=0.985s agg=0.208s eval=95.334s total=241.440s
Classification: train=1.0000 test=0.5839 round=15
[round 15] timing train=145.011s distribution=1.092s agg=0.189s eval=93.937s total=240.271s
Classification: train=1.0000 test=0.5823 round=16
[round 16] timing train=136.767s distribution=0.997s agg=0.086s eval=92.570s total=230.475s
Classification: train=1.0000 test=0.5803 round=17
[round 17] timing train=146.394s distribution=0.851s agg=0.114s eval=88.424s total=235.792s
Classification: train=1.0000 test=0.5770 round=18
[round 18] timing train=142.068s distribution=0.815s agg=0.057s eval=86.071s total=229.019s
Classification: train=1.0000 test=0.5803 round=19
[round 19] timing train=150.140s distribution=0.987s agg=0.153s eval=92.037s total=243.328s
Classification: train=1.0000 test=0.5795 round=20
[round 20] timing train=139.835s distribution=1.037s agg=0.123s eval=88.294s total=229.315s
Classification: train=1.0000 test=0.5762 round=21
[round 21] timing train=145.340s distribution=0.775s agg=0.140s eval=92.621s total=238.896s
Classification: train=1.0000 test=0.5734 round=22
[round 22] timing train=136.499s distribution=0.919s agg=0.175s eval=87.970s total=225.600s
Classification: train=1.0000 test=0.5787 round=23
[round 23] timing train=147.608s distribution=1.074s agg=0.192s eval=94.678s total=243.571s
Classification: train=1.0000 test=0.5795 round=24
[round 24] timing train=140.461s distribution=1.007s agg=0.121s eval=85.262s total=226.857s
Classification: train=1.0000 test=0.5843 round=25
[round 25] timing train=143.948s distribution=0.953s agg=0.156s eval=88.256s total=233.319s
Classification: train=1.0000 test=0.5803 round=26
[round 26] timing train=134.947s distribution=0.976s agg=0.166s eval=80.789s total=216.916s
Classification: train=1.0000 test=0.5848 round=27
[round 27] timing train=152.338s distribution=0.925s agg=0.099s eval=93.686s total=247.063s
Classification: train=1.0000 test=0.5839 round=28
[round 28] timing train=138.218s distribution=0.918s agg=0.184s eval=91.967s total=231.303s
Classification: train=1.0000 test=0.5827 round=29
[round 29] timing train=149.120s distribution=1.032s agg=0.170s eval=84.847s total=235.183s
[fedcsl] checkpoint saved → ./checkpoint/resume/fedcsl_LSST_2026-05-04-14har_fedprox_dir1.0.pt (round=30)
Classification: train=1.0000 test=0.5811 round=30
[round 30] timing train=142.564s distribution=0.836s agg=0.060s eval=89.074s total=232.547s
Classification: train=1.0000 test=0.5823 round=31
[round 31] timing train=153.802s distribution=0.921s agg=0.162s eval=91.425s total=246.336s
Classification: train=1.0000 test=0.5827 round=32
[round 32] timing train=141.670s distribution=0.956s agg=0.095s eval=98.118s total=240.872s
Classification: train=1.0000 test=0.5815 round=33
[round 33] timing train=138.316s distribution=1.023s agg=0.148s eval=88.092s total=227.594s
Classification: train=1.0000 test=0.5783 round=34
[round 34] timing train=127.195s distribution=0.992s agg=0.173s eval=93.139s total=221.516s
Classification: train=1.0000 test=0.5775 round=35
[round 35] timing train=159.187s distribution=0.830s agg=0.080s eval=92.734s total=252.866s
Classification: train=1.0000 test=0.5807 round=36
[round 36] timing train=150.020s distribution=0.766s agg=0.093s eval=87.943s total=238.852s
Classification: train=1.0000 test=0.5819 round=37
[round 37] timing train=142.744s distribution=0.979s agg=0.184s eval=87.769s total=231.720s
Classification: train=1.0000 test=0.5835 round=38
[round 38] timing train=152.175s distribution=0.888s agg=0.122s eval=95.563s total=248.761s
Classification: train=1.0000 test=0.5831 round=39
[round 39] timing train=148.709s distribution=0.860s agg=0.173s eval=93.336s total=243.092s
Classification: train=1.0000 test=0.5811 round=40
[round 40] timing train=147.804s distribution=0.828s agg=0.104s eval=89.260s total=238.012s
Classification: train=1.0000 test=0.5803 round=41
[round 41] timing train=140.370s distribution=0.731s agg=0.103s eval=94.948s total=236.166s
Classification: train=1.0000 test=0.5795 round=42
[round 42] timing train=146.043s distribution=0.753s agg=0.211s eval=88.879s total=235.897s
Classification: train=1.0000 test=0.5823 round=43
[round 43] timing train=148.255s distribution=0.945s agg=0.120s eval=89.821s total=239.173s
Classification: train=1.0000 test=0.5839 round=44
[round 44] timing train=146.542s distribution=0.838s agg=0.172s eval=95.497s total=243.095s
Classification: train=1.0000 test=0.5835 round=45
[round 45] timing train=147.449s distribution=1.032s agg=0.116s eval=93.925s total=242.548s
Classification: train=1.0000 test=0.5815 round=46
[round 46] timing train=149.937s distribution=0.863s agg=0.095s eval=96.045s total=246.956s
Classification: train=1.0000 test=0.5835 round=47
[round 47] timing train=145.401s distribution=0.893s agg=0.152s eval=91.889s total=238.361s
Classification: train=1.0000 test=0.5856 round=48
[round 48] timing train=146.350s distribution=0.979s agg=0.194s eval=89.771s total=237.306s
Classification: train=1.0000 test=0.5848 round=49
[round 49] timing train=150.293s distribution=0.932s agg=0.117s eval=89.973s total=241.385s
Classification: train=1.0000 test=0.5864 round=50
[round 50] timing train=152.110s distribution=0.700s agg=0.068s eval=98.332s total=251.219s
Classification: train=1.0000 test=0.5848 round=51
[round 51] timing train=154.153s distribution=0.961s agg=0.293s eval=93.990s total=249.408s
Classification: train=1.0000 test=0.5900 round=52
[round 52] timing train=143.532s distribution=0.792s agg=0.161s eval=90.186s total=234.712s
Classification: train=1.0000 test=0.5860 round=53
[round 53] timing train=147.406s distribution=1.255s agg=0.081s eval=90.715s total=239.466s
Classification: train=1.0000 test=0.5856 round=54
[round 54] timing train=151.499s distribution=0.804s agg=0.103s eval=101.848s total=254.267s
Classification: train=1.0000 test=0.5876 round=55
[round 55] timing train=151.591s distribution=0.877s agg=0.111s eval=91.456s total=244.092s
Classification: train=1.0000 test=0.5880 round=56
[round 56] timing train=142.490s distribution=0.682s agg=0.161s eval=87.321s total=230.659s
Classification: train=1.0000 test=0.5864 round=57
[round 57] timing train=139.864s distribution=1.012s agg=0.130s eval=99.344s total=240.360s
Classification: train=1.0000 test=0.5856 round=58
[round 58] timing train=156.828s distribution=0.908s agg=0.167s eval=96.033s total=253.942s
Classification: train=1.0000 test=0.5835 round=59
[round 59] timing train=148.783s distribution=0.951s agg=0.174s eval=86.422s total=236.350s
[fedcsl] checkpoint saved → ./checkpoint/resume/fedcsl_LSST_2026-05-04-14har_fedprox_dir1.0.pt (round=60)
Classification: train=1.0000 test=0.5864 round=60
[round 60] timing train=146.069s distribution=0.731s agg=0.145s eval=87.906s total=234.856s
Classification: train=1.0000 test=0.5848 round=61
[round 61] timing train=142.798s distribution=0.850s agg=0.238s eval=95.673s total=239.578s
Classification: train=1.0000 test=0.5860 round=62
[round 62] timing train=149.792s distribution=1.105s agg=0.191s eval=94.668s total=245.769s
Classification: train=1.0000 test=0.5876 round=63
[round 63] timing train=132.473s distribution=0.671s agg=0.138s eval=74.618s total=207.913s
Classification: train=1.0000 test=0.5896 round=64
[round 64] timing train=161.800s distribution=0.910s agg=0.112s eval=84.585s total=247.410s
Classification: train=1.0000 test=0.5892 round=65
[round 65] timing train=138.265s distribution=0.831s agg=0.121s eval=87.861s total=227.116s
Classification: train=1.0000 test=0.5884 round=66
[round 66] timing train=153.842s distribution=1.026s agg=0.130s eval=89.401s total=244.411s
Classification: train=1.0000 test=0.5892 round=67
[round 67] timing train=149.216s distribution=0.700s agg=0.162s eval=87.723s total=237.830s
Classification: train=1.0000 test=0.5872 round=68
[round 68] timing train=145.103s distribution=0.833s agg=0.126s eval=90.612s total=236.699s
Classification: train=1.0000 test=0.5880 round=69
[round 69] timing train=146.452s distribution=1.058s agg=0.138s eval=92.584s total=240.265s
Classification: train=1.0000 test=0.5904 round=70
[round 70] timing train=150.291s distribution=1.095s agg=0.208s eval=95.558s total=247.156s
Classification: train=1.0000 test=0.5880 round=71
[round 71] timing train=155.705s distribution=1.019s agg=0.189s eval=92.143s total=249.081s
Classification: train=1.0000 test=0.5896 round=72
[round 72] timing train=143.696s distribution=0.831s agg=0.236s eval=89.284s total=234.060s
Classification: train=1.0000 test=0.5876 round=73
[round 73] timing train=146.140s distribution=0.943s agg=0.163s eval=91.886s total=239.144s
Classification: train=1.0000 test=0.5848 round=74
[round 74] timing train=145.643s distribution=0.950s agg=0.139s eval=95.262s total=242.008s
Classification: train=1.0000 test=0.5864 round=75
[round 75] timing train=145.999s distribution=1.021s agg=0.165s eval=88.255s total=235.453s
Classification: train=1.0000 test=0.5908 round=76
[round 76] timing train=148.785s distribution=0.739s agg=0.124s eval=91.311s total=241.015s
Classification: train=1.0000 test=0.5843 round=77
[round 77] timing train=148.026s distribution=0.815s agg=0.197s eval=90.610s total=239.653s
Classification: train=1.0000 test=0.5872 round=78
[round 78] timing train=147.286s distribution=1.105s agg=0.231s eval=89.277s total=237.906s
Classification: train=1.0000 test=0.5864 round=79
[round 79] timing train=152.830s distribution=0.953s agg=0.333s eval=98.399s total=252.565s
Classification: train=1.0000 test=0.5876 round=80
[round 80] timing train=147.936s distribution=0.651s agg=0.081s eval=90.774s total=239.481s
Classification: train=1.0000 test=0.5831 round=81
[round 81] timing train=145.603s distribution=1.026s agg=0.278s eval=92.003s total=238.925s
Classification: train=1.0000 test=0.5872 round=82
[round 82] timing train=149.419s distribution=0.814s agg=0.205s eval=96.062s total=246.504s
Classification: train=1.0000 test=0.5888 round=83
[round 83] timing train=153.632s distribution=0.857s agg=0.262s eval=94.390s total=249.164s
Classification: train=1.0000 test=0.5860 round=84
[round 84] timing train=147.465s distribution=1.043s agg=0.244s eval=88.742s total=237.520s
Classification: train=1.0000 test=0.5872 round=85
[round 85] timing train=144.466s distribution=1.082s agg=0.165s eval=87.270s total=233.022s
Classification: train=1.0000 test=0.5876 round=86
[round 86] timing train=155.456s distribution=1.158s agg=0.156s eval=94.180s total=250.955s
Classification: train=1.0000 test=0.5848 round=87
[round 87] timing train=138.754s distribution=1.067s agg=0.306s eval=97.006s total=237.150s
Classification: train=1.0000 test=0.5839 round=88
[round 88] timing train=149.848s distribution=0.948s agg=0.179s eval=91.996s total=243.017s
Classification: train=1.0000 test=0.5860 round=89
[round 89] timing train=144.127s distribution=0.897s agg=0.258s eval=91.246s total=236.560s
[fedcsl] checkpoint saved → ./checkpoint/resume/fedcsl_LSST_2026-05-04-14har_fedprox_dir1.0.pt (round=90)
Classification: train=1.0000 test=0.5880 round=90
[round 90] timing train=144.342s distribution=1.143s agg=0.275s eval=92.353s total=238.125s
Classification: train=1.0000 test=0.5843 round=91
[round 91] timing train=153.224s distribution=1.048s agg=0.204s eval=95.480s total=249.971s
Classification: train=1.0000 test=0.5880 round=92
[round 92] timing train=149.560s distribution=1.071s agg=0.081s eval=90.194s total=240.949s
Classification: train=1.0000 test=0.5884 round=93
[round 93] timing train=125.254s distribution=0.647s agg=0.181s eval=80.428s total=206.524s
Classification: train=1.0000 test=0.5864 round=94
[round 94] timing train=166.535s distribution=1.027s agg=0.156s eval=94.687s total=262.411s
Classification: train=1.0000 test=0.5872 round=95
[round 95] timing train=144.435s distribution=0.719s agg=0.126s eval=82.768s total=228.075s
Classification: train=1.0000 test=0.5876 round=96
[round 96] timing train=162.511s distribution=0.777s agg=0.061s eval=87.454s total=250.854s
Classification: train=1.0000 test=0.5876 round=97
[round 97] timing train=161.336s distribution=0.922s agg=0.192s eval=88.021s total=250.490s
Classification: train=1.0000 test=0.5872 round=98
[round 98] timing train=146.405s distribution=0.921s agg=0.047s eval=87.657s total=235.047s
Classification: train=1.0000 test=0.5839 round=99
[round 99] timing train=138.206s distribution=0.974s agg=0.146s eval=87.045s total=226.429s
Classification: train=1.0000 test=0.5827 round=100
[round 100] timing train=158.457s distribution=0.833s agg=0.071s eval=96.385s total=255.752s
Classification: train=1.0000 test=0.5835 round=101
[round 101] timing train=143.472s distribution=0.967s agg=0.130s eval=89.299s total=233.901s
Classification: train=1.0000 test=0.5872 round=102
[round 102] timing train=145.603s distribution=0.829s agg=0.139s eval=85.561s total=232.150s
Classification: train=1.0000 test=0.5868 round=103
[round 103] timing train=138.427s distribution=0.855s agg=0.115s eval=86.219s total=225.665s
Classification: train=1.0000 test=0.5827 round=104
[round 104] timing train=150.187s distribution=0.780s agg=0.084s eval=84.826s total=235.887s
Classification: train=1.0000 test=0.5835 round=105
[round 105] timing train=155.798s distribution=1.107s agg=0.147s eval=88.229s total=245.297s
Classification: train=1.0000 test=0.5843 round=106
[round 106] timing train=147.179s distribution=0.806s agg=0.164s eval=91.328s total=239.506s
Classification: train=1.0000 test=0.5823 round=107
[round 107] timing train=137.352s distribution=1.153s agg=0.170s eval=90.081s total=228.792s
Classification: train=1.0000 test=0.5856 round=108
[round 108] timing train=138.858s distribution=0.907s agg=0.133s eval=85.593s total=225.521s
Classification: train=1.0000 test=0.5839 round=109
[round 109] timing train=156.314s distribution=0.915s agg=0.078s eval=96.456s total=253.775s
Classification: train=1.0000 test=0.5848 round=110
[round 110] timing train=152.391s distribution=0.978s agg=0.181s eval=92.777s total=246.340s
Classification: train=1.0000 test=0.5864 round=111
[round 111] timing train=139.891s distribution=0.868s agg=0.122s eval=91.126s total=232.020s
Classification: train=1.0000 test=0.5848 round=112
[round 112] timing train=142.089s distribution=0.634s agg=0.048s eval=82.487s total=225.275s
Classification: train=1.0000 test=0.5868 round=113
[round 113] timing train=156.340s distribution=0.870s agg=0.085s eval=88.990s total=246.312s
Classification: train=1.0000 test=0.5839 round=114
[round 114] timing train=146.940s distribution=1.137s agg=0.166s eval=82.068s total=230.339s
Classification: train=1.0000 test=0.5848 round=115
[round 115] timing train=132.697s distribution=0.825s agg=0.225s eval=82.977s total=216.740s
Classification: train=1.0000 test=0.5900 round=116
[round 116] timing train=139.283s distribution=1.018s agg=0.171s eval=85.581s total=226.071s
Classification: train=1.0000 test=0.5904 round=117
[round 117] timing train=149.356s distribution=0.904s agg=0.151s eval=90.066s total=240.500s
Classification: train=1.0000 test=0.5872 round=118
[round 118] timing train=146.071s distribution=0.697s agg=0.065s eval=86.120s total=232.987s
Classification: train=1.0000 test=0.5831 round=119
[round 119] timing train=148.788s distribution=1.059s agg=0.129s eval=83.514s total=233.506s
[fedcsl] checkpoint saved → ./checkpoint/resume/fedcsl_LSST_2026-05-04-14har_fedprox_dir1.0.pt (round=120)
Classification: train=1.0000 test=0.5872 round=120
[round 120] timing train=145.925s distribution=1.019s agg=0.207s eval=88.140s total=235.297s
Classification: train=1.0000 test=0.5864 round=121
[round 121] timing train=124.384s distribution=0.716s agg=0.076s eval=104.024s total=229.206s
Classification: train=1.0000 test=0.5852 round=122
[round 122] timing train=156.962s distribution=0.574s agg=0.145s eval=82.738s total=240.442s
Classification: train=1.0000 test=0.5892 round=123
[round 123] timing train=142.831s distribution=0.691s agg=0.086s eval=94.880s total=238.525s
Classification: train=1.0000 test=0.5872 round=124
[round 124] timing train=141.439s distribution=1.011s agg=0.209s eval=92.368s total=235.034s
Classification: train=1.0000 test=0.5880 round=125
[round 125] timing train=140.875s distribution=0.753s agg=0.083s eval=99.920s total=241.645s
Classification: train=1.0000 test=0.5872 round=126
[round 126] timing train=146.341s distribution=0.893s agg=0.116s eval=95.134s total=242.522s
Classification: train=1.0000 test=0.5848 round=127
[round 127] timing train=137.812s distribution=0.842s agg=0.128s eval=99.227s total=238.043s
Classification: train=1.0000 test=0.5856 round=128
[round 128] timing train=144.356s distribution=0.988s agg=0.238s eval=92.342s total=237.943s
Classification: train=1.0000 test=0.5864 round=129
[round 129] timing train=145.179s distribution=0.993s agg=0.182s eval=91.483s total=237.846s
Classification: train=1.0000 test=0.5868 round=130
[round 130] timing train=143.191s distribution=1.006s agg=0.070s eval=88.831s total=233.143s
Classification: train=1.0000 test=0.5856 round=131
[round 131] timing train=141.985s distribution=0.808s agg=0.155s eval=87.914s total=230.907s
Classification: train=1.0000 test=0.5868 round=132
[round 132] timing train=146.501s distribution=1.040s agg=0.105s eval=85.894s total=233.570s
Classification: train=1.0000 test=0.5843 round=133
[round 133] timing train=147.337s distribution=1.038s agg=0.139s eval=103.876s total=252.398s
Classification: train=1.0000 test=0.5876 round=134
[round 134] timing train=139.809s distribution=0.750s agg=0.109s eval=93.333s total=234.011s
Classification: train=1.0000 test=0.5860 round=135
[round 135] timing train=141.941s distribution=0.801s agg=0.166s eval=85.596s total=228.510s
Classification: train=1.0000 test=0.5880 round=136
[round 136] timing train=144.969s distribution=1.064s agg=0.182s eval=85.447s total=231.669s
Classification: train=1.0000 test=0.5876 round=137
[round 137] timing train=147.788s distribution=0.993s agg=0.153s eval=100.819s total=249.792s
Classification: train=1.0000 test=0.5860 round=138
[round 138] timing train=142.527s distribution=1.034s agg=0.216s eval=98.682s total=242.473s
Classification: train=1.0000 test=0.5884 round=139
[round 139] timing train=143.749s distribution=0.896s agg=0.185s eval=84.223s total=229.069s
Classification: train=1.0000 test=0.5880 round=140
[round 140] timing train=145.449s distribution=1.019s agg=0.202s eval=91.860s total=238.565s
Classification: train=1.0000 test=0.5872 round=141
[round 141] timing train=139.050s distribution=0.960s agg=0.122s eval=87.882s total=228.046s
Classification: train=1.0000 test=0.5852 round=142
[round 142] timing train=136.182s distribution=1.004s agg=0.167s eval=89.955s total=227.351s
Classification: train=1.0000 test=0.5876 round=143
[round 143] timing train=135.936s distribution=0.728s agg=0.111s eval=84.104s total=220.889s
Classification: train=1.0000 test=0.5852 round=144
[round 144] timing train=142.868s distribution=0.748s agg=0.093s eval=86.525s total=230.245s
Classification: train=1.0000 test=0.5868 round=145
[round 145] timing train=137.893s distribution=1.085s agg=0.103s eval=87.638s total=226.734s
Classification: train=1.0000 test=0.5843 round=146
[round 146] timing train=145.571s distribution=0.723s agg=0.121s eval=90.694s total=237.125s
Classification: train=1.0000 test=0.5856 round=147
[round 147] timing train=165.712s distribution=1.116s agg=0.123s eval=88.096s total=255.075s
Classification: train=1.0000 test=0.5884 round=148
[round 148] timing train=137.538s distribution=0.746s agg=0.130s eval=77.618s total=216.077s
Classification: train=1.0000 test=0.5868 round=149
[round 149] timing train=129.791s distribution=0.957s agg=0.131s eval=79.521s total=210.405s
[fedcsl] checkpoint saved → ./checkpoint/resume/fedcsl_LSST_2026-05-04-14har_fedprox_dir1.0.pt (round=150)
Classification: train=1.0000 test=0.5880 round=150
[round 150] timing train=134.464s distribution=0.703s agg=0.063s eval=87.475s total=222.718s
Classification: train=1.0000 test=0.5860 round=151
[round 151] timing train=132.152s distribution=0.861s agg=0.101s eval=79.743s total=212.891s
Classification: train=1.0000 test=0.5868 round=152
[round 152] timing train=141.991s distribution=0.769s agg=0.079s eval=79.948s total=222.793s
Classification: train=1.0000 test=0.5904 round=153
[round 153] timing train=140.847s distribution=1.006s agg=0.114s eval=80.092s total=222.067s
Classification: train=1.0000 test=0.5868 round=154
[round 154] timing train=137.289s distribution=0.937s agg=0.083s eval=85.546s total=223.888s
Classification: train=1.0000 test=0.5860 round=155
[round 155] timing train=144.079s distribution=0.849s agg=0.105s eval=89.231s total=234.274s
Classification: train=1.0000 test=0.5868 round=156
[round 156] timing train=143.934s distribution=0.909s agg=0.033s eval=90.512s total=235.395s
Classification: train=1.0000 test=0.5876 round=157
[round 157] timing train=139.831s distribution=0.581s agg=0.062s eval=81.297s total=221.800s
Classification: train=1.0000 test=0.5880 round=158
[round 158] timing train=149.007s distribution=0.792s agg=0.090s eval=87.220s total=237.146s
Classification: train=1.0000 test=0.5884 round=159
[round 159] timing train=147.706s distribution=0.995s agg=0.052s eval=83.550s total=232.334s
Classification: train=1.0000 test=0.5860 round=160
[round 160] timing train=141.064s distribution=0.790s agg=0.145s eval=100.112s total=242.119s
Classification: train=1.0000 test=0.5872 round=161
[round 161] timing train=147.292s distribution=0.762s agg=0.079s eval=85.869s total=234.008s
Classification: train=1.0000 test=0.5892 round=162
[round 162] timing train=138.700s distribution=0.818s agg=0.147s eval=102.127s total=241.802s
Classification: train=1.0000 test=0.5912 round=163
[round 163] timing train=135.183s distribution=0.749s agg=0.148s eval=85.708s total=221.825s
Classification: train=1.0000 test=0.5872 round=164
[round 164] timing train=142.862s distribution=0.904s agg=0.157s eval=93.138s total=237.064s
Classification: train=1.0000 test=0.5848 round=165
[round 165] timing train=141.997s distribution=0.853s agg=0.077s eval=91.342s total=234.278s
Classification: train=1.0000 test=0.5860 round=166
[round 166] timing train=151.347s distribution=0.821s agg=0.292s eval=84.873s total=237.349s
Classification: train=1.0000 test=0.5892 round=167
[round 167] timing train=160.552s distribution=1.025s agg=0.107s eval=83.932s total=245.628s
Classification: train=1.0000 test=0.5864 round=168
[round 168] timing train=141.689s distribution=1.064s agg=0.300s eval=101.817s total=244.882s
Classification: train=1.0000 test=0.5860 round=169
[round 169] timing train=160.170s distribution=1.126s agg=0.202s eval=101.077s total=262.635s
Classification: train=1.0000 test=0.5843 round=170
[round 170] timing train=160.484s distribution=0.970s agg=0.249s eval=84.542s total=246.255s
Classification: train=1.0000 test=0.5892 round=171
[round 171] timing train=142.156s distribution=0.742s agg=0.111s eval=86.873s total=229.893s
Classification: train=1.0000 test=0.5872 round=172
[round 172] timing train=140.418s distribution=0.827s agg=0.071s eval=91.191s total=232.521s
Classification: train=1.0000 test=0.5892 round=173
[round 173] timing train=147.473s distribution=0.857s agg=0.060s eval=85.110s total=233.520s
Classification: train=1.0000 test=0.5896 round=174
[round 174] timing train=139.185s distribution=0.992s agg=0.131s eval=87.387s total=227.701s
Classification: train=1.0000 test=0.5892 round=175
[round 175] timing train=135.949s distribution=0.961s agg=0.237s eval=90.620s total=227.814s
Classification: train=1.0000 test=0.5937 round=176
[round 176] timing train=140.637s distribution=0.923s agg=0.046s eval=68.861s total=210.493s
Classification: train=1.0000 test=0.5872 round=177
[round 177] timing train=127.146s distribution=1.049s agg=0.153s eval=82.437s total=210.789s
Classification: train=1.0000 test=0.5872 round=178
[round 178] timing train=145.725s distribution=1.026s agg=0.169s eval=87.043s total=233.977s
Classification: train=1.0000 test=0.5864 round=179
[round 179] timing train=135.657s distribution=0.725s agg=0.091s eval=82.772s total=219.250s
[fedcsl] checkpoint saved → ./checkpoint/resume/fedcsl_LSST_2026-05-04-14har_fedprox_dir1.0.pt (round=180)
Classification: train=1.0000 test=0.5860 round=180
[round 180] timing train=143.944s distribution=0.746s agg=0.069s eval=82.023s total=226.794s
Classification: train=1.0000 test=0.5900 round=181
[round 181] timing train=146.143s distribution=0.872s agg=0.074s eval=85.084s total=232.184s
Classification: train=1.0000 test=0.5888 round=182
[round 182] timing train=140.207s distribution=1.062s agg=0.121s eval=92.126s total=233.556s
Classification: train=1.0000 test=0.5888 round=183
[round 183] timing train=136.121s distribution=0.971s agg=0.053s eval=82.582s total=219.739s
Classification: train=1.0000 test=0.5868 round=184
[round 184] timing train=136.597s distribution=0.920s agg=0.159s eval=80.301s total=218.004s
Classification: train=1.0000 test=0.5892 round=185
[round 185] timing train=138.528s distribution=0.671s agg=0.094s eval=92.169s total=231.517s
Classification: train=1.0000 test=0.5884 round=186
[round 186] timing train=154.009s distribution=0.902s agg=0.103s eval=102.252s total=257.307s
Classification: train=1.0000 test=0.5892 round=187
[round 187] timing train=143.318s distribution=0.901s agg=0.146s eval=85.212s total=229.590s
Classification: train=1.0000 test=0.5860 round=188
[round 188] timing train=143.702s distribution=0.825s agg=0.179s eval=90.273s total=234.987s
Classification: train=1.0000 test=0.5848 round=189
[round 189] timing train=143.340s distribution=0.878s agg=0.050s eval=87.037s total=231.310s
Classification: train=1.0000 test=0.5868 round=190
[round 190] timing train=157.362s distribution=0.850s agg=0.084s eval=91.765s total=250.097s
Classification: train=1.0000 test=0.5872 round=191
[round 191] timing train=154.503s distribution=0.929s agg=0.272s eval=90.421s total=246.141s
Classification: train=1.0000 test=0.5856 round=192
[round 192] timing train=153.614s distribution=0.893s agg=0.212s eval=92.815s total=247.549s
Classification: train=1.0000 test=0.5864 round=193
[round 193] timing train=151.139s distribution=0.842s agg=0.194s eval=97.547s total=249.749s
Classification: train=1.0000 test=0.5856 round=194
[round 194] timing train=160.753s distribution=0.776s agg=0.052s eval=93.801s total=255.425s
Classification: train=1.0000 test=0.5880 round=195
[round 195] timing train=152.143s distribution=1.091s agg=0.266s eval=96.376s total=249.889s
Classification: train=1.0000 test=0.5880 round=196
[round 196] timing train=160.150s distribution=0.972s agg=0.156s eval=96.314s total=257.611s
Classification: train=1.0000 test=0.5864 round=197
[round 197] timing train=146.582s distribution=1.260s agg=0.153s eval=92.834s total=240.839s
Classification: train=1.0000 test=0.5892 round=198
[round 198] timing train=163.906s distribution=1.019s agg=0.230s eval=95.244s total=260.442s
Classification: train=1.0000 test=0.5884 round=199
[round 199] timing train=155.314s distribution=1.118s agg=0.156s eval=91.545s total=248.147s
best round is 176, acc is 0.593674
Model saved to ./checkpoint/LSST/2026-05-04-14har_fedprox_dir1.0_LSST_model.pt
