# 2026-05-04 10:36:41  har_fedavg_dir0.05  GPU=3  cwd=/data/user_lixiongfei/CSL-main
# CMD: python3 -u FedCSL_All.py -dataset HAR --config configAVG.yml --dirichlet-alpha 0.05 --seed 42 --description har_fedavg_dir0.05 -dataset SpokenArabicDigits

/mnt/data/user_liangzhiyu/envs/fedcsl/lib/python3.8/site-packages/scipy/__init__.py:146: UserWarning: A NumPy version >=1.16.5 and <1.23.0 is required for this version of SciPy (detected version 1.23.5
  warnings.warn(f"A NumPy version >={np_minversion} and <{np_maxversion}"
[config] 'configAVG.yml' 未找到，重定向到 'config/configAVG.yml'
6599
<class 'pandas.core.frame.DataFrame'>
RangeIndex: 6599 entries, 0 to 6598
Data columns (total 14 columns):
 #   Column      Non-Null Count  Dtype 
---  ------      --------------  ----- 
 0   dim_0       6599 non-null   object
 1   dim_1       6599 non-null   object
 2   dim_2       6599 non-null   object
 3   dim_3       6599 non-null   object
 4   dim_4       6599 non-null   object
 5   dim_5       6599 non-null   object
 6   dim_6       6599 non-null   object
 7   dim_7       6599 non-null   object
 8   dim_8       6599 non-null   object
 9   dim_9       6599 non-null   object
 10  dim_10      6599 non-null   object
 11  dim_11      6599 non-null   object
 12  dim_12      6599 non-null   object
 13  class_vals  6599 non-null   object
dtypes: object(14)
memory usage: 721.9+ KB
None
{7, 9, 13, 15, 16, 17, 18, 20, 21, 22, 23, 24, 25, 26, 27, 28, 29, 30, 31, 32, 33, 34, 35, 36, 37, 38, 39, 40, 41, 42, 43, 44, 45, 46, 47, 48, 49, 50, 51, 52, 53, 54, 55, 56, 57, 58, 59, 60, 61, 62, 63, 64, 74, 76, 77, 79, 83}
<class 'pandas.core.frame.DataFrame'>
RangeIndex: 6599 entries, 0 to 6598
Data columns (total 14 columns):
 #   Column      Non-Null Count  Dtype 
---  ------      --------------  ----- 
 0   dim_0       6599 non-null   object
 1   dim_1       6599 non-null   object
 2   dim_2       6599 non-null   object
 3   dim_3       6599 non-null   object
 4   dim_4       6599 non-null   object
 5   dim_5       6599 non-null   object
 6   dim_6       6599 non-null   object
 7   dim_7       6599 non-null   object
 8   dim_8       6599 non-null   object
 9   dim_9       6599 non-null   object
 10  dim_10      6599 non-null   object
 11  dim_11      6599 non-null   object
 12  dim_12      6599 non-null   object
 13  class_vals  6599 non-null   object
dtypes: object(14)
memory usage: 721.9+ KB
None
[0 0 0 ... 9 9 9]
[ 660  661  662 ... 6474 6475 6476]
[1, 1, 1, 1, 1, 1, 1, 1, 1, 1, 1, 1, 1, 1, 1, 1, 1, 1, 1, 1, 1, 1, 1, 1, 1, 1, 1, 1, 1, 1, 1, 1, 1, 1, 1, 1, 1, 1, 1, 1, 1, 1, 1, 1, 1, 1, 1, 1, 1, 1, 1, 1, 1, 1, 1, 1, 1, 1, 1, 1, 1, 1, 1, 1, 1, 1, 1, 1, 1, 1, 1, 1, 1, 1, 1, 1, 1, 1, 1, 1, 1, 1, 1, 1, 1, 1, 1, 1, 1, 1, 1, 1, 1, 1, 1, 1, 1, 1, 1, 1, 1, 1, 1, 1, 1, 1, 1, 1, 1, 1, 1, 1, 1, 1, 1, 1, 1, 1, 1, 1, 1, 1, 1, 1, 1, 1, 1, 1, 1, 1, 1, 1, 1, 1, 1, 1, 1, 1, 1, 1, 1, 1, 1, 1, 1, 1, 1, 1, 1, 1, 1, 1, 1, 1, 1, 1, 1, 1, 1, 1, 1, 1, 1, 1, 1, 1, 1, 1, 1, 1, 1, 1, 1, 1, 1, 1, 1, 1, 1, 1, 1, 1, 1, 1, 1, 1, 1, 1, 1, 1, 1, 1, 1, 1, 1, 1, 1, 1, 1, 1, 1, 1, 1, 1, 1, 1, 1, 1, 1, 1, 1, 1, 1, 1, 1, 1, 1, 1, 1, 1, 1, 1, 1, 1, 1, 1, 1, 1, 1, 1, 1, 1, 1, 1, 1, 1, 1, 1, 1, 1, 1, 1, 1, 1, 1, 1, 1, 1, 1, 1, 1, 1, 1, 1, 1, 1, 1, 1, 1, 1, 1, 1, 1, 1, 1, 1, 1, 1, 1, 1, 1, 1, 1, 1, 1, 1, 1, 1, 1, 1, 1, 1, 1, 1, 1, 1, 1, 1, 1, 1, 1, 1, 1, 1, 1, 1, 1, 1, 1, 1, 1, 1, 1, 1, 1, 1, 1, 1, 1, 1, 1, 1, 1, 1, 1, 1, 1, 1, 1, 1, 1, 1, 1, 1, 1, 1, 1, 1, 1, 1, 1, 1, 1, 1, 1, 1, 1, 1, 1, 1, 1, 1, 1, 1, 1, 1, 1, 1, 1, 1, 1, 1, 1, 1, 1, 1, 1, 1, 1, 1, 1, 1, 1, 1, 1, 1, 1, 1, 1, 1, 1, 1, 1, 1, 1, 1, 1, 1, 1, 1, 1, 1, 1, 1, 1, 1, 1, 1, 1, 1, 1, 1, 1, 1, 1, 1, 1, 1, 1, 1, 1, 1, 1, 1, 1, 1, 1, 1, 1, 1, 1, 1, 1, 1, 1, 1, 1, 1, 1, 1, 1, 1, 1, 1, 1, 1, 1, 1, 1, 1, 1, 1, 1, 1, 1, 1, 1, 1, 1, 1, 1, 1, 1, 1, 1, 1, 1, 1, 1, 1, 1, 1, 1, 1, 1, 1, 1, 1, 1, 1, 1, 1, 1, 1, 1, 1, 1, 1, 1, 1, 1, 1, 1, 1, 1, 1, 1, 1, 1, 1, 1, 1, 1, 1, 1, 1, 1, 1, 1, 1, 1, 1, 1, 1, 1, 1, 1, 1, 1, 1, 1, 1, 1, 1, 1, 1, 1, 1, 1, 1, 1, 1, 1, 1, 1, 1, 1, 1, 1, 1, 1, 1, 1, 1, 1, 1, 1, 1, 1, 1, 1, 1, 1, 1, 1, 1, 1, 1, 1, 1, 1, 1, 1, 1, 1, 1, 1, 1, 1, 1, 1, 1, 1, 1, 1, 1, 1, 1, 1, 1, 1, 1, 1, 1, 1, 1, 1, 1, 1, 1, 1, 1, 1, 1, 1, 1, 1, 1, 1, 1, 1, 1, 1, 1, 1, 1, 1, 1, 1, 1, 1, 1, 1, 1, 1, 1, 1, 1, 1, 1, 1, 1, 1, 1, 1, 1, 1, 1, 1, 1, 1, 1, 1, 1, 1, 1, 1, 1, 1, 1, 1, 1, 1, 1, 1, 1, 1, 1, 1, 1, 1, 1, 1, 1, 1, 1, 1, 1, 1, 1, 1, 1, 1, 1, 1, 1, 1, 1, 1, 1, 1, 1, 1, 1, 1, 1, 1, 1, 1, 4, 4, 4, 4, 4, 4, 4, 4, 4, 4, 4, 4, 4, 4, 4, 4, 4, 4, 4, 4, 4, 4, 4, 4, 4, 4, 4, 4, 4, 4, 4, 4, 4, 4, 4, 4, 4, 4, 4, 4, 4, 4, 4, 4, 4, 4, 4, 4, 4, 4, 4, 4, 4, 4, 4, 4, 4, 4, 4, 4, 4, 4, 4, 4, 4, 4, 4, 4, 4, 4, 4, 4, 4, 4, 4, 4, 4, 4, 4, 4, 4, 4, 4, 4, 4, 4, 4, 4, 4, 4, 4, 4, 4, 4, 4, 4, 4, 4, 4, 4, 4, 4, 4, 4, 4, 4, 4, 4, 4, 4, 4, 4, 4, 4, 4, 4, 4, 4, 4, 4, 4, 4, 4, 4, 4, 4, 4, 4, 4, 4, 4, 4, 4, 4, 4, 4, 4, 4, 4, 4, 4, 4, 4, 4, 4, 4, 4, 4, 4, 4, 4, 4, 4, 4, 4, 4, 4, 4, 4, 4, 4, 4, 4, 4, 4, 4, 4, 4, 4, 4, 4, 4, 4, 4, 4, 4, 4, 4, 4, 4, 4, 4, 4, 4, 4, 4, 4, 4, 4, 4, 4, 4, 4, 4, 4, 4, 4, 4, 4, 4, 4, 4, 4, 4, 4, 4, 4, 4, 4, 4, 4, 4, 4, 4, 4, 4, 4, 4, 4, 4, 4, 4, 4, 4, 4, 4, 4, 4, 4, 4, 4, 4, 4, 4, 4, 4, 4, 4, 4, 4, 4, 4, 4, 4, 4, 4, 4, 4, 4, 4, 4, 4, 4, 4, 4, 4, 4, 4, 4, 4, 4, 4, 4, 4, 4, 4, 4, 4, 4, 4, 4, 4, 4, 4, 4, 4, 4, 4, 4, 4, 4, 4, 4, 4, 4, 4, 4, 4, 4, 4, 4, 4, 4, 4, 4, 4, 4, 4, 4, 4, 4, 4, 4, 4, 4, 4, 4, 4, 4, 4, 4, 4, 4, 4, 4, 4, 4, 4, 4, 4, 4, 4, 4, 4, 4, 4, 4, 4, 4, 4, 4, 4, 4, 4, 4, 4, 4, 4, 4, 4, 4, 4, 4, 4, 4, 4, 4, 4, 4, 4, 4, 4, 4, 4, 4, 4, 4, 4, 4, 4, 4, 4, 4, 4, 4, 4, 4, 4, 4, 4, 4, 4, 4, 4, 4, 4, 4, 4, 4, 4, 4, 4, 4, 4, 4, 4, 4, 4, 4, 4, 4, 4, 4, 4, 4, 4, 4, 4, 4, 4, 4, 4, 4, 4, 4, 4, 4, 4, 4, 4, 4, 4, 4, 4, 4, 4, 4, 4, 4, 4, 4, 4, 4, 4, 4, 4, 4, 4, 4, 4, 4, 4, 4, 4, 4, 4, 4, 4, 4, 4, 4, 4, 4, 4, 4, 4, 4, 4, 4, 4, 4, 4, 4, 4, 4, 4, 4, 4, 4, 4, 4, 4, 4, 4, 4, 4, 4, 4, 4, 4, 4, 4, 4, 4, 4, 4, 4, 4, 4, 4, 4, 4, 4, 4, 4, 4, 4, 4, 4, 4, 4, 4, 4, 4, 4, 4, 4, 4, 4, 4, 4, 4, 4, 4, 4, 4, 4, 4, 4, 4, 4, 4, 4, 4, 4, 4, 4, 4, 4, 4, 4, 4, 4, 4, 4, 4, 4, 4, 4, 4, 4, 4, 4, 4, 4, 4, 4, 4, 4, 4, 4, 4, 4, 4, 4, 4, 4, 4, 4, 4, 4, 4, 4, 4, 4, 4, 4, 4, 4, 4, 4, 4, 4, 4, 4, 4, 4, 4, 4, 4, 4, 4, 4, 4, 4, 4, 4, 4, 4, 4, 4, 4, 4, 4, 4, 4, 4, 4, 4, 4, 4, 4, 4, 4, 4, 4, 4, 4, 4, 4, 4, 4, 4, 4, 4, 4, 4, 4, 4, 4, 4, 4, 4, 4, 4, 4, 4, 4, 4, 4, 4, 4, 4, 4, 4, 4, 4, 4, 4, 4, 4, 4, 4, 4, 4, 4, 4, 4, 4, 4, 4, 4, 4, 4, 4, 4, 4, 4, 4, 4, 4, 4, 4, 4, 4, 4, 4, 4, 4, 6, 6, 6, 6, 6, 6, 6, 6, 6, 6, 6, 6, 6, 6, 6, 6, 6, 6, 6, 6, 6, 6, 6, 6, 6, 6, 6, 6, 6, 6, 6, 6, 6, 6, 6, 6, 6, 6, 6, 6, 6, 6, 6, 6, 6, 6, 6, 6, 6, 6, 6, 6, 6, 6, 6, 6, 6, 6, 6, 6, 6, 6, 6, 6, 6, 6, 6, 6, 6, 6, 6, 6, 6, 6, 6, 6, 6, 6, 6, 6, 6, 6, 6, 6, 6, 6, 6, 6, 6, 6, 6, 6, 6, 6, 6, 6, 6, 6, 6, 6, 6, 6, 6, 6, 6, 6, 6, 6, 6, 6, 6, 6, 6, 6, 6, 6, 6, 6, 6, 6, 6, 6, 6, 6, 6, 6, 6, 6, 6, 6, 6, 6, 6, 6, 6, 6, 6, 6, 6, 6, 6, 6, 6, 6, 6, 6, 6, 6, 6, 6, 6, 6, 6, 6, 6, 6, 6, 6, 6, 6, 6, 6, 6, 6, 6, 6, 6, 6, 6, 6, 6, 6, 6, 6, 6, 6, 6, 6, 6, 6, 6, 6, 6, 6, 6, 6, 6, 7, 7, 7, 7, 7, 7, 7, 7, 7, 7, 7, 7, 7, 7, 7, 7, 7, 7, 7, 7, 7, 7, 7, 7, 7, 7, 7, 7, 7, 7, 7, 7, 7, 7, 7, 7, 7, 7, 7, 7, 7, 7, 7, 7, 7, 7, 7, 7, 7, 7, 7, 7, 7, 7, 7, 7, 7, 7, 7, 7, 7, 7, 7, 7, 7, 7, 7, 7, 7, 7, 7, 7, 7, 7, 7, 7, 7, 7, 7, 7, 7, 7, 7, 7, 7, 7, 7, 7, 7, 7, 7, 7, 7, 7, 7, 7, 7, 7, 7, 7, 7, 7, 7, 7, 7, 7, 7, 7, 7, 7, 7, 7, 7, 7, 7, 7, 7, 7, 7, 7, 7, 7, 7, 7, 7, 7, 7, 7, 7, 7, 7, 7, 7, 7, 7, 7, 7, 7, 7, 7, 7, 7, 7, 7, 7, 7, 7, 7, 7, 7, 7, 7, 7, 7, 7, 7, 7, 7, 7, 7, 7, 7, 7, 7, 7, 7, 7, 7, 7, 7, 7, 7, 7, 7, 7, 7, 7, 7, 7, 7, 7, 7, 7, 7, 7, 7, 7, 7, 7, 7, 7, 7, 7, 7, 7, 7, 7, 7, 7, 7, 7, 7, 7, 7, 7, 7, 7, 7, 7, 7, 7, 7, 7, 7, 7, 9, 9, 9, 9, 9, 9, 9, 9, 9, 9, 9, 9, 9, 9, 9, 9, 9, 9, 9, 9, 9, 9, 9, 9, 9, 9, 9, 9, 9, 9, 9, 9, 9, 9, 9, 9, 9, 9, 9, 9, 9, 9, 9, 9, 9, 9, 9, 9, 9, 9, 9, 9, 9, 9, 9, 9, 9, 9, 9, 9, 9, 9, 9, 9, 9, 9, 9, 9, 9, 9, 9, 9, 9, 9, 9, 9, 9, 9, 9, 9, 9, 9, 9, 9, 9, 9, 9, 9, 9, 9, 9, 9, 9, 9, 9, 9, 9, 9, 9, 9, 9, 9, 9, 9, 9, 9, 9, 9, 9, 9, 9, 9, 9, 9, 9, 9, 9, 9, 9, 9, 9, 9, 9, 9, 9, 9, 9, 9, 9, 9, 9, 9, 9, 9, 9, 9, 9, 9, 9, 9, 9, 9, 9, 9, 9, 9, 9, 9, 9, 9, 9, 9, 9, 9, 9, 9, 9, 9, 9, 9, 9, 9, 9, 9, 9, 9, 9, 9, 9, 9, 9, 9, 9, 9, 9, 9, 9, 9, 9, 9, 9, 9, 9, 9, 9, 9, 9, 9, 9, 9, 9, 9, 9, 9, 9, 9, 9, 9, 9, 9, 9, 9, 9, 9, 9, 9, 9, 9, 9, 9, 9, 9, 9, 9, 9, 9, 9, 9, 9, 9, 9, 9, 9, 9, 9, 9, 9, 9, 9, 9, 9, 9, 9, 9, 9, 9, 9, 9, 9, 9, 9, 9, 9, 9, 9, 9, 9, 9, 9, 9, 9, 9, 9, 9, 9, 9, 9, 9, 9, 9, 9, 9, 9, 9, 9, 9, 9, 9, 9, 9, 9, 9, 9, 9, 9, 9, 9, 9, 9, 9, 9, 9, 9, 9, 9, 9, 9, 9, 9, 9, 9, 9, 9, 9, 9, 9, 9, 9, 9, 9, 9, 9, 9, 9, 9, 9, 9, 9, 9, 9, 9, 9, 9, 9, 9, 9, 9, 9, 9, 9, 9, 9, 9, 9, 9, 9, 9, 9, 9, 9, 9, 9, 9, 9, 9, 9, 9, 9, 9, 9, 9, 9, 9, 9, 9, 9, 9, 9, 9, 9, 9, 9, 9, 9, 9, 9, 9, 9, 9, 9, 9, 9, 9, 9, 9, 9, 9, 9, 9, 9, 9, 9, 9, 9, 9, 9, 9, 9, 9, 9, 9, 9, 9, 9, 9, 9, 9, 9, 9, 9, 9, 9, 9, 9, 9, 9, 9, 9, 9, 9, 9, 9, 9, 9, 9, 9, 9, 9, 9, 9, 9, 9, 9, 9, 9, 9, 9, 9, 9, 9, 9, 9, 9, 9, 9, 9, 9, 9, 9, 9, 9, 9, 9, 9, 9, 9, 9, 9, 9, 9, 9, 9, 9, 9, 9, 9, 9, 9, 9, 9, 9, 9, 9, 9, 9, 9, 9, 9, 9, 9, 9, 9, 9, 9, 9, 9, 9, 9, 9, 9, 9, 9, 9, 9, 9, 9, 9, 9, 9, 9, 9, 9, 9, 9, 9, 9, 9, 9, 9, 9, 9, 9, 9, 9, 9, 9, 9, 9, 9, 9, 9, 9, 9, 9, 9, 9, 9, 9, 9, 9, 9, 9, 9, 9, 9, 9, 9, 9, 9, 9, 9, 9, 9, 9, 9, 9, 9, 9, 9, 9, 9, 9, 9, 9, 9, 9, 9]
[2, 2, 2, 2, 2, 2, 2, 2, 2, 2, 2, 2, 2, 2, 2, 2, 2, 2, 2, 2, 2, 2, 2, 2, 2, 2, 2, 2, 2, 2, 2, 2, 2, 2, 2, 2, 2, 2, 2, 2, 2, 2, 2, 2, 2, 2, 2, 2, 2, 2, 2, 2, 2, 2, 2, 2, 2, 2, 2, 2, 2, 2, 2, 2, 2, 2, 2, 2, 2, 2, 2, 2, 2, 2, 2, 2, 2, 2, 2, 2, 2, 2, 2, 2, 2, 2, 2, 2, 2, 2, 2, 2, 2, 2, 2, 2, 2, 2, 2, 2, 2, 2, 2, 2, 2, 2, 2, 2, 2, 2, 2, 2, 2, 2, 2, 2, 2, 2, 2, 2, 2, 2, 2, 2, 2, 2, 2, 2, 2, 2, 2, 2, 2, 2, 2, 2, 2, 2, 2, 2, 2, 2, 2, 2, 2, 2, 2, 2, 2, 2, 2, 2, 2, 2, 2, 2, 2, 2, 2, 2, 2, 2, 2, 2, 2, 2, 2, 2, 2, 2, 2, 2, 2, 2, 2, 2, 2, 2, 2, 2, 2, 2, 2, 2, 2, 2, 2, 2, 2, 2, 2, 2, 2, 2, 2, 2, 2, 2, 2, 2, 2, 2, 2, 2, 2, 2, 2, 2, 2, 2, 2, 2, 2, 2, 2, 2, 2, 2, 2, 2, 2, 2, 2, 2, 2, 2, 2, 2, 2, 2, 2, 2, 2, 2, 2, 2, 2, 2, 2, 2, 2, 2, 2, 2, 2, 2, 2, 2, 2, 2, 2, 2, 2, 2, 2, 2, 2, 2, 2, 2, 2, 2, 2, 2, 2, 2, 2, 2, 2, 2, 2, 2, 2, 2, 2, 2, 2, 2, 2, 2, 2, 2, 2, 2, 2, 2, 2, 2, 2, 2, 2, 2, 2, 2, 2, 2, 2, 2, 2, 2, 2, 2, 2, 2, 2, 2, 2, 2, 2, 2, 2, 2, 2, 2, 2, 2, 2, 2, 2, 2, 2, 2, 2, 2, 2, 2, 2, 2, 2, 2, 2, 2, 2, 2, 2, 2, 2, 2, 2, 2, 2, 2, 2, 2, 2, 2, 2, 2, 2, 2, 2, 2, 2, 2, 2, 2, 2, 2, 2, 2, 2, 2, 2, 2, 2, 2, 2, 2, 2, 2, 2, 2, 2, 2, 2, 2, 2, 2, 2, 2, 2, 2, 2, 2, 2, 2, 2, 2, 2, 2, 2, 2, 2, 2, 2, 2, 2, 2, 2, 2, 2, 2, 2, 2, 2, 2, 2, 2, 2, 2, 2, 2, 2, 2, 2, 2, 2, 2, 2, 2, 2, 2, 2, 2, 2, 2, 2, 2, 2, 2, 2, 2, 2, 2, 2, 2, 2, 2, 2, 2, 2, 2, 2, 2, 2, 2, 2, 2, 2, 2, 2, 2, 2, 2, 2, 2, 2, 2, 2, 2, 2, 2, 2, 2, 2, 2, 2, 2, 2, 2, 2, 2, 2, 2, 2, 2, 2, 2, 2, 2, 2, 2, 2, 2, 2, 2, 2, 2, 2, 2, 2, 2, 2, 2, 2, 2, 2, 2, 2, 2, 2, 2, 2, 2, 2, 2, 2, 2, 2, 2, 2, 2, 2, 2, 2, 2, 2, 2, 2, 2, 2, 2, 2, 2, 2, 2, 2, 2, 2, 2, 2, 2, 2, 2, 2, 2, 2, 2, 2, 2, 2, 2, 2, 2, 2, 2, 2, 2, 2, 2, 2, 2, 2, 2, 2, 2, 2, 2, 2, 2, 2, 2, 2, 2, 2, 2, 2, 2, 2, 2, 2, 2, 2, 2, 2, 2, 2, 2, 2, 2, 2, 2, 2, 2, 2, 2, 2, 2, 2, 2, 2, 2, 2, 2, 2, 2, 2, 2, 2, 2, 2, 2, 2, 2, 2, 2, 2, 2, 2, 2, 2, 2, 2, 2, 2, 2, 2, 2, 2, 2, 2, 2, 2, 2, 2, 2, 2, 2, 2, 2, 2, 2, 2, 2, 2, 2, 2, 2, 2, 2, 2, 2, 2, 2, 2, 2, 2, 2, 2, 2, 2, 2, 2, 2, 2, 2, 2, 2, 2, 3, 3, 3, 3, 3, 3, 3, 3, 3, 3, 3, 3, 3, 3, 3, 3, 3, 3, 3, 3, 3, 3, 3, 3, 3, 3, 3, 3, 3, 3, 3, 3, 3, 3, 3, 3, 3, 3, 3, 3, 3, 3, 3, 3, 3, 3, 3, 3, 3, 3, 3, 3, 3, 3, 3, 3, 3, 3, 3, 3, 3, 3, 3, 3, 3, 3, 3, 3, 3, 3, 3, 3, 3, 3, 3, 3, 3, 3, 3, 3, 3, 3, 3, 3, 3, 3, 3, 3, 3, 3, 3, 3, 3, 3, 3, 3, 3, 3, 3, 3, 3, 3, 3, 3, 3, 3, 3, 3, 3, 3, 3, 3, 3, 3, 3, 3, 3, 3, 3, 3, 3, 3, 3, 3, 3, 3, 3, 3, 3, 3, 3, 3, 3, 3, 3, 3, 3, 3, 3, 3, 3, 3, 3, 3, 3, 3, 3, 3, 3, 3, 3, 3, 3, 3, 3, 3, 3, 3, 3, 3, 3, 3, 3, 3, 3, 3, 3, 3, 3, 3, 3, 3, 3, 3, 3, 3, 3, 3, 3, 3, 3, 3, 3, 3, 3, 3, 3, 3, 3, 3, 3, 3, 3, 3, 3, 3, 3, 3, 3, 3, 3, 3, 3, 3, 3, 3, 3, 3, 3, 3, 3, 3, 3, 3, 3, 3, 3, 3, 3, 3, 3, 3, 3, 3, 3, 3, 3, 3, 3, 3, 3, 3, 3, 3, 3, 3, 3, 3, 3, 3, 3, 3, 3, 3, 3, 3, 3, 3, 3, 3, 3, 3, 3, 3, 3, 3, 3, 3, 3, 3, 3, 3, 3, 3, 3, 3, 3, 3, 3, 3, 3, 3, 3, 3, 3, 3, 3, 3, 3, 3, 3, 3, 3, 3, 3, 3, 3, 3, 3, 3, 3, 3, 3, 3, 3, 3, 3, 3, 3, 3, 3, 3, 3, 3, 3, 3, 3, 3, 3, 3, 3, 3, 3, 3, 3, 3, 3, 3, 3, 3, 3, 3, 3, 3, 3, 3, 3, 3, 3, 3, 3, 3, 3, 3, 3, 3, 3, 3, 3, 3, 3, 3, 3, 3, 3, 3, 3, 3, 3, 3, 3, 3, 3, 3, 3, 3, 3, 3, 3, 3, 3, 3, 3, 3, 3, 3, 3, 3, 3, 3, 3, 3, 3, 3, 3, 3, 3, 3, 3, 3, 3, 3, 3, 3, 3, 3, 3, 3, 3, 3, 3, 3, 3, 3, 3, 3, 3, 3, 3, 3, 3, 3, 3, 3, 3, 3, 3, 3, 3, 3, 3, 3, 3, 3, 3, 3, 3, 3, 3, 3, 3, 3, 3, 3, 3, 3, 3, 3, 3, 3, 3, 3, 3, 3, 3, 3, 3, 3, 3, 3, 3, 3, 3, 3, 3, 3, 3, 3, 3, 3, 3, 3, 3, 3, 3, 3, 3, 3, 3, 3, 3, 3, 3, 3, 3, 3, 3, 3, 3, 3, 3, 3, 3, 3, 3, 3, 3, 3, 3, 3, 3, 3, 3, 3, 3, 3, 3, 3, 3, 3, 3, 3, 3, 3, 3, 3, 3, 3, 3, 3, 3, 3, 3, 3, 3, 3, 3, 3, 3, 3, 3, 3, 3, 3, 3, 3, 3, 3, 3, 3, 3, 3, 3, 3, 3, 3, 3, 3, 3, 3, 3, 3, 3, 3, 3, 3, 3, 3, 3, 3, 3, 3, 3, 3, 3, 3, 3, 3, 3, 3, 3, 3, 3, 3, 3, 3, 3, 3, 3, 3, 3, 3, 3, 3, 3, 3, 3, 3, 3, 3, 3, 3, 3, 3, 3, 3, 3, 3, 3, 3, 3, 3, 3, 3, 3, 3, 3, 3, 3, 3, 3, 3, 3, 3, 3, 3, 3, 3, 3, 3, 3, 3, 3, 3, 3, 3, 3, 3, 3, 3, 3, 3, 3, 3, 3, 3, 3, 3, 3, 3, 3, 3, 3, 3, 3, 3, 3, 3, 3, 3, 3, 3, 3, 3, 3, 3, 3, 3, 3, 3, 3, 3, 3, 3, 3, 3, 3, 3, 3, 3, 3, 3, 3, 3, 3, 3, 3, 3, 3, 7, 8, 8, 8, 8, 8, 8, 8, 8, 8, 8, 8, 8, 8, 8, 8, 8, 8, 8, 8, 8, 8, 8, 8, 8, 8, 8, 8, 8, 8, 8, 8, 8, 8, 8, 8, 8, 8, 8, 8, 8, 8, 8, 8, 8, 8, 8, 8, 8, 8, 8, 8, 8, 8, 8, 8, 8, 8, 8, 8, 8, 8, 8, 8, 8, 8, 8, 8, 8, 8, 8, 8, 8, 8, 8, 8, 8, 8, 8, 8, 8, 8, 8, 8, 8, 8, 8, 8, 8, 8, 8, 8, 8, 8, 8, 8, 8, 8, 8, 8, 8, 8, 8, 8, 8, 8, 8, 8, 8, 8, 8, 8, 8, 8, 8, 8, 8, 8, 8, 8, 8, 8, 8, 8, 8, 8, 8, 8, 8, 8, 8, 8, 8, 8, 8, 8, 8, 8, 8, 8, 8, 8, 8, 8, 8, 8, 8, 8, 8, 8, 8, 8, 8, 8, 8, 8, 8, 8, 8, 8, 8, 8, 8, 8, 8, 8, 8, 8, 8, 8, 8, 8, 8, 8, 8, 8, 8, 8, 8, 8, 8, 8, 8, 8, 8, 8, 8, 8, 8, 8, 8, 8, 8, 8, 8, 8, 8, 8, 8, 8, 8, 8, 8, 8, 8, 8, 8, 8, 8, 8, 8, 8, 8, 8, 8, 8, 8, 8, 8, 8, 8, 8, 8, 8, 8, 8, 8, 8, 8, 8, 8, 8, 8, 8, 8, 8, 8, 8, 8, 8, 8, 8, 8, 8, 8, 8, 8, 8, 8, 8, 8, 8, 8, 8, 8, 8, 8, 8, 8, 8, 8, 8, 8, 8, 8, 8, 8, 8, 8, 8, 8, 8, 8, 8, 8, 8, 8, 8, 8, 8, 8, 8, 8, 8, 8, 8, 8, 8, 8, 8, 8, 8, 8, 8, 8, 8, 8, 8, 8, 8, 8, 8, 8, 8, 8, 8, 8, 8, 8, 8, 8, 8, 8, 8, 8, 8, 8, 8, 8, 8, 8, 8, 8, 8, 8, 8, 8, 8, 8, 8, 8, 8, 8, 8, 8, 8, 8, 8, 8, 8, 8, 8, 8, 8, 8, 8, 8, 8, 8, 8, 8, 8, 8, 8, 8, 8, 8, 8, 8, 8, 8, 8, 8, 8, 8, 8, 8, 8, 8, 8, 8, 8, 8, 8, 8, 8, 8, 8, 8, 8, 8, 8, 8, 8, 8, 8, 8, 8, 8, 8, 8, 8, 8, 8, 8, 8, 8, 8, 8, 8, 8, 8, 8, 8, 8, 8, 8, 8, 8, 8, 8, 8, 8, 8, 8, 8, 8, 8, 8, 8, 8, 8, 8, 8, 8, 8, 8, 8, 8, 8, 8, 8, 8, 8, 8, 8, 8, 8, 8, 8, 8, 8, 8, 8, 8, 8, 8, 8, 8, 8, 8, 8, 8, 8, 8, 8, 8, 8, 8, 8, 8, 8, 8, 8, 8, 8, 8, 8, 8, 8, 8, 8, 8, 8, 8, 8, 8, 8, 8, 8, 8, 8, 8, 8, 8, 8, 8, 8, 8, 8, 8, 8, 8, 8, 8, 8, 8, 8, 8, 8, 8, 8, 8, 8, 8, 8, 8, 8, 8, 8, 8, 8, 8, 8, 8, 8, 8, 8, 8, 8, 8, 8, 8, 8, 8, 8, 8, 8, 8, 8, 8, 8, 8, 8, 8, 8, 8, 8, 8, 8, 8, 8, 8, 8, 8, 8, 8, 8, 8, 8, 8, 8, 8, 8, 8, 8, 8, 8, 8, 8, 8, 8, 8, 8, 8, 8, 8, 8, 8, 8, 8, 8, 8, 8, 8, 8, 8, 8, 8, 8, 8, 8, 8, 8, 8, 8, 8, 8, 8, 8, 8, 8, 8, 8, 8, 8, 8, 8, 8, 8, 8, 8, 8, 8, 8, 8, 8, 8, 8, 8, 8, 8, 8, 8, 8, 8, 8, 8, 8, 8, 8, 8, 8, 8, 8, 8, 8, 8, 8, 8, 8, 8, 8, 8, 8, 8, 8, 8, 8, 8, 8, 8, 8, 8, 8, 8, 8, 8, 8, 8, 8, 8, 8, 8, 8, 8, 8, 8, 9, 9, 9, 9, 9, 9, 9, 9, 9, 9, 9, 9, 9, 9, 9, 9, 9, 9, 9, 9, 9, 9, 9, 9, 9, 9, 9, 9, 9, 9, 9, 9, 9, 9, 9, 9, 9, 9, 9, 9, 9, 9, 9, 9, 9, 9, 9, 9, 9, 9, 9, 9, 9, 9, 9, 9, 9, 9, 9, 9, 9, 9, 9, 9, 9, 9, 9, 9, 9, 9, 9, 9, 9, 9, 9, 9, 9, 9, 9, 9, 9, 9, 9, 9, 9, 9, 9, 9, 9, 9, 9, 9, 9, 9, 9, 9, 9, 9, 9, 9, 9, 9, 9, 9, 9, 9]
[0, 0, 0, 0, 0, 0, 0, 0, 0, 0, 0, 0, 0, 0, 0, 0, 0, 0, 0, 0, 0, 0, 0, 0, 0, 0, 0, 0, 0, 0, 0, 0, 0, 0, 0, 0, 0, 0, 0, 0, 0, 0, 0, 0, 0, 0, 0, 0, 0, 0, 0, 0, 0, 0, 0, 0, 0, 0, 0, 0, 0, 0, 0, 0, 0, 0, 0, 0, 0, 0, 0, 0, 0, 0, 0, 0, 0, 0, 0, 0, 0, 0, 0, 0, 0, 0, 0, 0, 0, 0, 0, 0, 0, 0, 0, 0, 0, 0, 0, 0, 0, 0, 0, 0, 0, 0, 0, 0, 0, 0, 0, 0, 0, 0, 0, 0, 0, 0, 0, 0, 0, 0, 0, 0, 0, 0, 0, 0, 0, 0, 0, 0, 0, 0, 0, 0, 0, 0, 0, 0, 0, 0, 0, 0, 0, 0, 0, 0, 0, 0, 0, 0, 0, 0, 0, 0, 0, 0, 0, 0, 0, 0, 0, 0, 0, 0, 0, 0, 0, 0, 0, 0, 0, 0, 0, 0, 0, 0, 0, 0, 0, 0, 0, 0, 0, 0, 0, 0, 0, 0, 0, 0, 0, 0, 0, 0, 0, 0, 0, 0, 0, 0, 0, 0, 0, 0, 0, 0, 0, 0, 0, 0, 0, 0, 0, 0, 0, 0, 0, 0, 0, 0, 0, 0, 0, 0, 0, 0, 0, 0, 0, 0, 0, 0, 0, 0, 0, 0, 0, 0, 0, 0, 0, 0, 0, 0, 0, 0, 0, 0, 0, 0, 0, 0, 0, 0, 0, 0, 0, 0, 0, 0, 0, 0, 0, 0, 0, 0, 0, 0, 0, 0, 0, 0, 0, 0, 0, 0, 0, 0, 0, 0, 0, 0, 0, 0, 0, 0, 0, 0, 0, 0, 0, 0, 0, 0, 0, 0, 0, 0, 0, 0, 0, 0, 0, 0, 0, 0, 0, 0, 0, 0, 0, 0, 0, 0, 0, 0, 0, 0, 0, 0, 0, 0, 0, 0, 0, 0, 0, 0, 0, 0, 0, 0, 0, 0, 0, 0, 0, 0, 0, 0, 0, 0, 0, 0, 0, 0, 0, 0, 0, 0, 0, 0, 0, 0, 0, 0, 0, 0, 0, 0, 0, 0, 0, 0, 0, 0, 0, 0, 0, 0, 0, 0, 0, 0, 0, 0, 0, 0, 0, 0, 0, 0, 0, 0, 0, 0, 0, 0, 0, 0, 0, 0, 0, 0, 0, 0, 0, 0, 0, 0, 0, 0, 0, 0, 0, 0, 0, 0, 0, 0, 0, 0, 0, 0, 0, 0, 0, 0, 0, 0, 0, 0, 0, 0, 0, 0, 0, 0, 0, 0, 0, 0, 0, 0, 0, 0, 0, 0, 0, 0, 0, 0, 0, 0, 0, 0, 0, 0, 0, 0, 0, 0, 0, 0, 0, 0, 0, 0, 0, 0, 0, 0, 0, 0, 0, 0, 0, 0, 0, 0, 0, 0, 0, 0, 0, 0, 0, 0, 0, 0, 0, 0, 0, 0, 0, 0, 0, 0, 0, 0, 0, 0, 0, 0, 0, 0, 0, 0, 0, 0, 0, 0, 0, 0, 0, 0, 0, 0, 0, 0, 0, 0, 0, 0, 0, 0, 0, 0, 0, 0, 0, 0, 0, 0, 0, 0, 0, 0, 0, 0, 0, 0, 0, 0, 0, 0, 0, 0, 0, 0, 0, 0, 0, 0, 0, 0, 0, 0, 0, 0, 0, 0, 0, 0, 0, 0, 0, 0, 0, 0, 0, 0, 0, 0, 0, 0, 0, 0, 0, 0, 0, 0, 0, 0, 0, 0, 0, 0, 0, 0, 0, 0, 0, 0, 0, 0, 0, 0, 0, 0, 0, 0, 0, 0, 0, 0, 0, 0, 0, 0, 0, 0, 0, 0, 0, 0, 0, 0, 0, 0, 0, 0, 0, 0, 0, 0, 0, 0, 0, 0, 0, 0, 0, 0, 0, 0, 0, 0, 0, 0, 0, 0, 0, 0, 0, 0, 0, 0, 0, 0, 0, 0, 0, 0, 0, 0, 0, 0, 0, 0, 0, 0, 0, 0, 0, 0, 0, 0, 1, 2, 3, 4, 5, 5, 5, 5, 5, 5, 5, 5, 5, 5, 5, 5, 5, 5, 5, 5, 5, 5, 5, 5, 5, 5, 5, 5, 5, 5, 5, 5, 5, 5, 5, 5, 5, 5, 5, 5, 5, 5, 5, 5, 5, 5, 5, 5, 5, 5, 5, 5, 5, 5, 5, 5, 5, 5, 5, 5, 5, 5, 5, 5, 5, 5, 5, 5, 5, 5, 5, 5, 5, 5, 5, 5, 5, 5, 5, 5, 5, 5, 5, 5, 5, 5, 5, 5, 5, 5, 5, 5, 5, 5, 5, 5, 5, 5, 5, 5, 5, 5, 5, 5, 5, 5, 5, 5, 5, 5, 5, 5, 5, 5, 5, 5, 5, 5, 5, 5, 5, 5, 5, 5, 5, 5, 5, 5, 5, 5, 5, 5, 5, 5, 5, 5, 5, 5, 5, 5, 5, 5, 5, 5, 5, 5, 5, 5, 5, 5, 5, 5, 5, 5, 5, 5, 5, 5, 5, 5, 5, 5, 5, 5, 5, 5, 5, 5, 5, 5, 5, 5, 5, 5, 5, 5, 5, 5, 5, 5, 5, 5, 5, 5, 5, 5, 5, 5, 5, 5, 5, 5, 5, 5, 5, 5, 5, 5, 5, 5, 5, 5, 5, 5, 5, 5, 5, 5, 5, 5, 5, 5, 5, 5, 5, 5, 5, 5, 5, 5, 5, 5, 5, 5, 5, 5, 5, 5, 5, 5, 5, 5, 5, 5, 5, 5, 5, 5, 5, 5, 5, 5, 5, 5, 5, 5, 5, 5, 5, 5, 5, 5, 5, 5, 5, 5, 5, 5, 5, 5, 5, 5, 5, 5, 5, 5, 5, 5, 5, 5, 5, 5, 5, 5, 5, 5, 5, 5, 5, 5, 5, 5, 5, 5, 5, 5, 5, 5, 5, 5, 5, 5, 5, 5, 5, 5, 5, 5, 5, 5, 5, 5, 5, 5, 5, 5, 5, 5, 5, 5, 5, 5, 5, 5, 5, 5, 5, 5, 5, 5, 5, 5, 5, 5, 5, 5, 5, 5, 5, 5, 5, 5, 5, 5, 5, 5, 5, 5, 5, 5, 5, 5, 5, 5, 5, 5, 5, 5, 5, 5, 5, 5, 5, 5, 5, 5, 5, 5, 5, 5, 5, 5, 5, 5, 5, 5, 5, 5, 5, 5, 5, 5, 5, 5, 5, 5, 5, 5, 5, 5, 5, 5, 5, 5, 5, 5, 5, 5, 5, 5, 5, 5, 5, 5, 5, 5, 5, 5, 5, 5, 5, 5, 5, 5, 5, 5, 5, 5, 5, 5, 5, 5, 5, 5, 5, 5, 5, 5, 5, 5, 5, 5, 5, 5, 5, 5, 5, 5, 5, 5, 5, 5, 5, 5, 5, 5, 5, 5, 5, 5, 5, 5, 5, 5, 5, 5, 5, 5, 5, 5, 5, 5, 5, 5, 5, 5, 5, 5, 5, 5, 5, 5, 5, 5, 5, 5, 5, 5, 5, 5, 5, 5, 5, 5, 5, 5, 5, 5, 5, 5, 5, 5, 5, 5, 5, 5, 5, 5, 5, 5, 5, 5, 5, 5, 5, 5, 5, 5, 5, 5, 5, 5, 5, 5, 5, 5, 5, 5, 5, 5, 5, 5, 5, 5, 5, 5, 5, 5, 5, 5, 5, 5, 5, 5, 5, 5, 5, 5, 5, 5, 5, 5, 5, 5, 5, 5, 5, 5, 5, 5, 5, 5, 5, 5, 5, 5, 5, 5, 5, 5, 5, 5, 5, 5, 5, 5, 5, 5, 5, 5, 5, 5, 5, 5, 5, 5, 5, 5, 5, 5, 5, 5, 5, 5, 5, 5, 5, 5, 5, 5, 5, 5, 5, 5, 5, 5, 5, 5, 5, 5, 5, 5, 5, 5, 5, 5, 5, 5, 5, 5, 5, 5, 5, 5, 5, 5, 5, 5, 5, 5, 5, 5, 5, 5, 5, 5, 5, 5, 5, 5, 5, 5, 5, 5, 5, 5, 5, 5, 5, 5, 5, 5, 5, 5, 5, 5, 5, 5, 5, 5, 5, 5, 5, 5, 5, 5, 5, 5, 5, 5, 5, 5, 5, 5, 5, 5, 5, 5, 5, 5, 5, 5, 5, 5, 6, 6, 6, 6, 6, 6, 6, 6, 6, 6, 6, 6, 6, 6, 6, 6, 6, 6, 6, 6, 6, 6, 6, 6, 6, 6, 6, 6, 6, 6, 6, 6, 6, 6, 6, 6, 6, 6, 6, 6, 6, 6, 6, 6, 6, 6, 6, 6, 6, 6, 6, 6, 6, 6, 6, 6, 6, 6, 6, 6, 6, 6, 6, 6, 6, 6, 6, 6, 6, 6, 6, 6, 6, 6, 6, 6, 6, 6, 6, 6, 6, 6, 6, 6, 6, 6, 6, 6, 6, 6, 6, 6, 6, 6, 6, 6, 6, 6, 6, 6, 6, 6, 6, 6, 6, 6, 6, 6, 6, 6, 6, 6, 6, 6, 6, 6, 6, 6, 6, 6, 6, 6, 6, 6, 6, 6, 6, 6, 6, 6, 6, 6, 6, 6, 6, 6, 6, 6, 6, 6, 6, 6, 6, 6, 6, 6, 6, 6, 6, 6, 6, 6, 6, 6, 6, 6, 6, 6, 6, 6, 6, 6, 6, 6, 6, 6, 6, 6, 6, 6, 6, 6, 6, 6, 6, 6, 6, 6, 6, 6, 6, 6, 6, 6, 6, 6, 6, 6, 6, 6, 6, 6, 6, 6, 6, 6, 6, 6, 6, 6, 6, 6, 6, 6, 6, 6, 6, 6, 6, 6, 6, 6, 6, 6, 6, 6, 6, 6, 6, 6, 6, 6, 6, 6, 6, 6, 6, 6, 6, 6, 6, 6, 6, 6, 6, 6, 6, 6, 6, 6, 6, 6, 6, 6, 6, 6, 6, 6, 6, 6, 6, 6, 6, 6, 6, 6, 6, 6, 6, 6, 6, 6, 6, 6, 6, 6, 6, 6, 6, 6, 6, 6, 6, 6, 6, 6, 6, 6, 6, 6, 6, 6, 6, 6, 6, 6, 6, 6, 6, 6, 6, 6, 6, 6, 6, 6, 6, 6, 6, 6, 6, 6, 6, 6, 6, 6, 6, 6, 6, 6, 6, 6, 6, 6, 6, 6, 6, 6, 6, 6, 6, 6, 6, 6, 6, 6, 6, 6, 6, 6, 6, 6, 6, 6, 6, 6, 6, 6, 6, 6, 6, 6, 6, 6, 6, 6, 6, 6, 6, 6, 6, 6, 6, 6, 6, 6, 6, 6, 6, 6, 6, 6, 6, 6, 6, 6, 6, 6, 6, 6, 6, 6, 6, 6, 6, 6, 6, 6, 6, 6, 6, 6, 6, 6, 6, 6, 6, 6, 6, 6, 6, 6, 6, 6, 6, 6, 6, 6, 6, 6, 6, 6, 6, 6, 6, 6, 6, 6, 6, 6, 6, 6, 6, 6, 6, 6, 6, 6, 6, 6, 6, 6, 6, 6, 6, 6, 6, 6, 6, 6, 6, 6, 6, 6, 6, 6, 6, 6, 6, 6, 6, 6, 6, 6, 6, 6, 6, 6, 6, 6, 6, 6, 6, 6, 6, 6, 6, 6, 6, 6, 6, 6, 6, 6, 6, 6, 6, 6, 6, 6, 6, 6, 6, 7, 7, 7, 7, 7, 7, 7, 7, 7, 7, 7, 7, 7, 7, 7, 7, 7, 7, 7, 7, 7, 7, 7, 7, 7, 7, 7, 7, 7, 7, 7, 7, 7, 7, 7, 7, 7, 7, 7, 7, 7, 7, 7, 7, 7, 7, 7, 7, 7, 7, 7, 7, 7, 7, 7, 7, 7, 7, 7, 7, 7, 7, 7, 7, 7, 7, 7, 7, 7, 7, 7, 7, 7, 7, 7, 7, 7, 7, 7, 7, 7, 7, 7, 7, 7, 7, 7, 7, 7, 7, 7, 7, 7, 7, 7, 7, 7, 7, 7, 7, 7, 7, 7, 7, 7, 7, 7, 7, 7, 7, 7, 7, 7, 7, 7, 7, 7, 7, 7, 7, 7, 7, 7, 7, 7, 7, 7, 7, 7, 7, 7, 7, 7, 7, 7, 7, 7, 7, 7, 7, 7, 7, 7, 7, 7, 7, 7, 7, 7, 7, 7, 7, 7, 7, 7, 7, 7, 7, 7, 7, 7, 7, 7, 7, 7, 7, 7, 7, 7, 7, 7, 7, 7, 7, 7, 7, 7, 7, 7, 7, 7, 7, 7, 7, 7, 7, 7, 7, 7, 7, 7, 7, 7, 7, 7, 7, 7, 7, 7, 7, 7, 7, 7, 7, 7, 7, 7, 7, 7, 7, 7, 7, 7, 7, 7, 7, 7, 7, 7, 7, 7, 7, 7, 7, 7, 7, 7, 7, 7, 7, 7, 7, 7, 7, 7, 7, 7, 7, 7, 7, 7, 7, 7, 7, 7, 7, 7, 7, 7, 7, 7, 7, 7, 7, 7, 7, 7, 7, 7, 7, 7, 7, 7, 7, 7, 7, 7, 7, 7, 7, 7, 7, 7, 7, 7, 7, 7, 7, 7, 7, 7, 7, 7, 7, 7, 7, 7, 7, 7, 7, 7, 7, 7, 7, 7, 7, 7, 7, 7, 7, 7, 7, 7, 7, 7, 7, 7, 7, 7, 7, 7, 7, 7, 7, 7, 7, 7, 7, 7, 7, 7, 7, 7, 7, 7, 7, 7, 7, 7, 7, 7, 7, 7, 7, 7, 7, 7, 7, 7, 7, 7, 7, 7, 7, 7, 7, 7, 7, 7, 7, 7, 7, 7, 7, 7, 7, 7, 7, 7, 7, 7, 7, 7, 7, 7, 7, 7, 7, 7, 7, 7, 7, 7, 7, 7, 7, 7, 7, 7, 7, 7, 7, 7, 7, 7, 7, 7, 7, 7, 7, 7, 7, 7, 7, 7, 7, 7, 7, 7, 7, 7, 7, 7, 7, 7, 7, 7, 7, 7, 7, 7, 7, 7, 7, 7, 7, 7, 7, 7, 7, 7, 7, 7, 7, 7, 7, 7, 7, 7, 7, 7, 7, 7, 7, 7, 7, 7, 7, 7, 7, 7, 7, 7, 7, 8, 8, 8, 9, 9, 9, 9, 9, 9, 9, 9, 9, 9, 9, 9, 9, 9, 9, 9]
shapelet initialized!
All 3 clients initialized.
Server device: cuda:0
Client worker groups: [[0], [1], [2]]
Client worker devices: ['cuda:0', 'cuda:0', 'cuda:0']
客户端选择未启用，所有客户端参与聚合
/data/user_lixiongfei/CSL-main/train.py:801: UserWarning: Creating a tensor from a list of numpy.ndarrays is extremely slow. Please consider converting the list to a single numpy.ndarray with numpy.array() before converting to a tensor. (Triggered internally at ../torch/csrc/utils/tensor_new.cpp:278.)
  X = torch.tensor(X, dtype=torch.float)
Classification: train=1.0000 test=0.9586 round=0
[round 0] timing train=326.047s distribution=4.963s agg=0.289s eval=338.460s total=669.798s
Classification: train=1.0000 test=0.9554 round=1
[round 1] timing train=327.858s distribution=4.734s agg=0.222s eval=319.570s total=652.391s
Classification: train=1.0000 test=0.9559 round=2
[round 2] timing train=320.251s distribution=5.630s agg=0.263s eval=329.597s total=655.768s
Classification: train=1.0000 test=0.9550 round=3
[round 3] timing train=325.254s distribution=4.640s agg=0.239s eval=346.514s total=676.669s
Classification: train=1.0000 test=0.9559 round=4
[round 4] timing train=326.368s distribution=4.902s agg=0.183s eval=322.309s total=653.785s
Classification: train=1.0000 test=0.9568 round=5
[round 5] timing train=324.925s distribution=4.620s agg=0.179s eval=313.547s total=643.316s
Classification: train=1.0000 test=0.9582 round=6
[round 6] timing train=323.937s distribution=4.547s agg=0.189s eval=344.632s total=673.317s
Classification: train=1.0000 test=0.9595 round=7
[round 7] timing train=326.511s distribution=4.708s agg=0.138s eval=349.786s total=681.169s
Classification: train=1.0000 test=0.9586 round=8
[round 8] timing train=333.325s distribution=4.233s agg=0.133s eval=333.191s total=670.887s
Classification: train=1.0000 test=0.9586 round=9
[round 9] timing train=325.482s distribution=4.734s agg=0.146s eval=331.270s total=661.662s
Classification: train=1.0000 test=0.9577 round=10
[round 10] timing train=319.980s distribution=5.460s agg=0.163s eval=322.442s total=648.091s
Classification: train=1.0000 test=0.9563 round=11
[round 11] timing train=329.815s distribution=4.965s agg=0.308s eval=349.297s total=684.408s
Classification: train=1.0000 test=0.9568 round=12
[round 12] timing train=337.886s distribution=5.110s agg=0.241s eval=337.090s total=680.354s
Classification: train=1.0000 test=0.9595 round=13
[round 13] timing train=340.197s distribution=4.996s agg=0.220s eval=325.837s total=671.276s
Classification: train=1.0000 test=0.9541 round=14
[round 14] timing train=281.053s distribution=5.410s agg=0.141s eval=325.007s total=611.634s
Classification: train=1.0000 test=0.9559 round=15
[round 15] timing train=329.980s distribution=5.107s agg=0.317s eval=324.416s total=659.865s
Classification: train=1.0000 test=0.9523 round=16
[round 16] timing train=319.951s distribution=4.255s agg=0.161s eval=340.040s total=664.442s
Classification: train=1.0000 test=0.9536 round=17
[round 17] timing train=317.976s distribution=4.898s agg=0.266s eval=301.183s total=624.336s
Classification: train=1.0000 test=0.9532 round=18
[round 18] timing train=330.671s distribution=5.088s agg=0.125s eval=321.639s total=657.546s
Classification: train=1.0000 test=0.9532 round=19
[round 19] timing train=321.730s distribution=4.892s agg=0.179s eval=324.518s total=651.357s
Classification: train=1.0000 test=0.9541 round=20
[round 20] timing train=304.128s distribution=4.768s agg=0.091s eval=332.711s total=641.708s
Classification: train=1.0000 test=0.9541 round=21
[round 21] timing train=333.573s distribution=6.616s agg=0.353s eval=322.227s total=662.809s
Classification: train=1.0000 test=0.9541 round=22
[round 22] timing train=349.744s distribution=5.763s agg=0.312s eval=327.752s total=683.603s
Classification: train=1.0000 test=0.9545 round=23
[round 23] timing train=351.825s distribution=6.456s agg=0.217s eval=359.995s total=718.507s
Classification: train=1.0000 test=0.9550 round=24
[round 24] timing train=351.561s distribution=5.767s agg=0.445s eval=343.111s total=700.899s
Classification: train=1.0000 test=0.9536 round=25
[round 25] timing train=350.130s distribution=5.560s agg=0.290s eval=351.335s total=707.356s
Classification: train=1.0000 test=0.9550 round=26
[round 26] timing train=339.901s distribution=5.857s agg=0.377s eval=360.730s total=706.896s
Classification: train=1.0000 test=0.9541 round=27
[round 27] timing train=348.616s distribution=4.957s agg=0.368s eval=355.541s total=709.533s
Classification: train=1.0000 test=0.9536 round=28
[round 28] timing train=362.296s distribution=5.372s agg=0.271s eval=327.883s total=695.883s
Classification: train=1.0000 test=0.9495 round=29
[round 29] timing train=343.636s distribution=5.580s agg=0.111s eval=358.578s total=707.978s
[fedcsl] checkpoint saved → ./checkpoint/resume/fedcsl_SpokenArabicDigits_2026-05-04-10har_fedavg_dir0.05.pt (round=30)
Classification: train=1.0000 test=0.9513 round=30
[round 30] timing train=321.578s distribution=6.029s agg=0.357s eval=361.181s total=689.168s
Classification: train=1.0000 test=0.9509 round=31
[round 31] timing train=356.745s distribution=4.920s agg=0.171s eval=362.568s total=724.421s
Classification: train=1.0000 test=0.9504 round=32
[round 32] timing train=347.763s distribution=6.033s agg=0.371s eval=347.428s total=701.639s
Classification: train=1.0000 test=0.9509 round=33
[round 33] timing train=349.285s distribution=6.160s agg=0.365s eval=353.271s total=709.109s
Classification: train=1.0000 test=0.9513 round=34
[round 34] timing train=350.925s distribution=6.024s agg=0.283s eval=350.017s total=707.294s
Classification: train=1.0000 test=0.9532 round=35
[round 35] timing train=351.842s distribution=5.378s agg=0.184s eval=346.762s total=704.215s
Classification: train=1.0000 test=0.9523 round=36
[round 36] timing train=341.418s distribution=5.029s agg=0.350s eval=348.783s total=695.623s
Classification: train=1.0000 test=0.9513 round=37
[round 37] timing train=348.356s distribution=5.441s agg=0.242s eval=343.616s total=697.686s
Classification: train=1.0000 test=0.9532 round=38
[round 38] timing train=350.747s distribution=6.072s agg=0.478s eval=362.511s total=719.826s
Classification: train=1.0000 test=0.9545 round=39
[round 39] timing train=339.219s distribution=5.115s agg=0.319s eval=363.205s total=707.900s
Classification: train=1.0000 test=0.9532 round=40
[round 40] timing train=345.049s distribution=4.734s agg=0.210s eval=314.515s total=664.523s
Classification: train=1.0000 test=0.9554 round=41
[round 41] timing train=358.544s distribution=5.852s agg=0.343s eval=345.466s total=710.245s
Classification: train=1.0000 test=0.9545 round=42
[round 42] timing train=346.058s distribution=5.473s agg=0.281s eval=340.509s total=692.336s
Classification: train=1.0000 test=0.9536 round=43
[round 43] timing train=336.114s distribution=5.893s agg=0.243s eval=352.273s total=694.554s
Classification: train=1.0000 test=0.9541 round=44
[round 44] timing train=345.325s distribution=5.893s agg=0.398s eval=341.421s total=693.066s
Classification: train=1.0000 test=0.9536 round=45
[round 45] timing train=343.088s distribution=5.808s agg=0.226s eval=332.974s total=682.159s
Classification: train=1.0000 test=0.9541 round=46
[round 46] timing train=343.293s distribution=5.179s agg=0.274s eval=350.731s total=699.532s
Classification: train=1.0000 test=0.9532 round=47
[round 47] timing train=346.684s distribution=5.249s agg=0.260s eval=352.622s total=704.831s
Classification: train=1.0000 test=0.9559 round=48
[round 48] timing train=351.825s distribution=5.408s agg=0.311s eval=336.874s total=694.424s
Classification: train=1.0000 test=0.9554 round=49
[round 49] timing train=340.886s distribution=5.628s agg=0.199s eval=366.966s total=713.692s
Classification: train=1.0000 test=0.9545 round=50
[round 50] timing train=337.554s distribution=4.639s agg=0.123s eval=342.741s total=685.074s
Classification: train=1.0000 test=0.9550 round=51
[round 51] timing train=318.125s distribution=6.982s agg=0.336s eval=355.809s total=681.273s
Classification: train=1.0000 test=0.9541 round=52
[round 52] timing train=342.816s distribution=5.608s agg=0.364s eval=332.827s total=681.628s
Classification: train=1.0000 test=0.9513 round=53
[round 53] timing train=331.751s distribution=5.748s agg=0.331s eval=359.194s total=697.051s
Classification: train=1.0000 test=0.9513 round=54
[round 54] timing train=361.036s distribution=5.876s agg=0.306s eval=360.107s total=727.336s
Classification: train=1.0000 test=0.9536 round=55
[round 55] timing train=350.713s distribution=5.827s agg=0.316s eval=378.080s total=734.969s
Classification: train=1.0000 test=0.9509 round=56
[round 56] timing train=350.527s distribution=6.090s agg=0.328s eval=364.014s total=720.999s
Classification: train=1.0000 test=0.9513 round=57
[round 57] timing train=362.147s distribution=6.259s agg=0.217s eval=361.586s total=730.248s
Classification: train=1.0000 test=0.9495 round=58
[round 58] timing train=361.788s distribution=5.737s agg=0.279s eval=353.970s total=721.788s
Classification: train=1.0000 test=0.9495 round=59
[round 59] timing train=351.321s distribution=5.309s agg=0.282s eval=372.177s total=729.099s
[fedcsl] checkpoint saved → ./checkpoint/resume/fedcsl_SpokenArabicDigits_2026-05-04-10har_fedavg_dir0.05.pt (round=60)
Classification: train=1.0000 test=0.9509 round=60
[round 60] timing train=355.583s distribution=4.882s agg=0.301s eval=367.385s total=728.175s
Classification: train=1.0000 test=0.9491 round=61
[round 61] timing train=363.799s distribution=5.547s agg=0.304s eval=335.003s total=704.668s
Classification: train=1.0000 test=0.9482 round=62
[round 62] timing train=353.710s distribution=6.550s agg=0.377s eval=352.921s total=713.570s
Classification: train=1.0000 test=0.9482 round=63
[round 63] timing train=355.339s distribution=5.709s agg=0.311s eval=379.548s total=740.927s
Classification: train=1.0000 test=0.9518 round=64
[round 64] timing train=356.412s distribution=6.230s agg=0.296s eval=376.007s total=738.967s
Classification: train=1.0000 test=0.9482 round=65
[round 65] timing train=360.399s distribution=5.798s agg=0.338s eval=362.989s total=729.542s
Classification: train=1.0000 test=0.9495 round=66
[round 66] timing train=361.485s distribution=5.761s agg=0.332s eval=377.476s total=745.091s
Classification: train=1.0000 test=0.9491 round=67
[round 67] timing train=356.804s distribution=5.511s agg=0.260s eval=377.079s total=739.701s
Classification: train=1.0000 test=0.9491 round=68
[round 68] timing train=354.540s distribution=6.082s agg=0.326s eval=364.793s total=725.755s
Classification: train=1.0000 test=0.9504 round=69
[round 69] timing train=355.363s distribution=5.122s agg=0.391s eval=370.522s total=731.416s
Classification: train=1.0000 test=0.9500 round=70
[round 70] timing train=346.122s distribution=4.703s agg=0.267s eval=354.001s total=705.100s
Classification: train=1.0000 test=0.9495 round=71
[round 71] timing train=325.441s distribution=5.338s agg=0.296s eval=341.066s total=672.194s
Classification: train=1.0000 test=0.9500 round=72
[round 72] timing train=352.528s distribution=4.338s agg=0.175s eval=349.798s total=706.857s
Classification: train=1.0000 test=0.9509 round=73
[round 73] timing train=345.287s distribution=5.976s agg=0.420s eval=366.859s total=718.582s
Classification: train=1.0000 test=0.9495 round=74
[round 74] timing train=344.938s distribution=6.264s agg=0.348s eval=363.916s total=715.514s
Classification: train=1.0000 test=0.9477 round=75
[round 75] timing train=354.762s distribution=5.967s agg=0.234s eval=367.828s total=728.798s
Classification: train=1.0000 test=0.9491 round=76
[round 76] timing train=349.525s distribution=5.757s agg=0.422s eval=362.989s total=718.734s
Classification: train=1.0000 test=0.9486 round=77
[round 77] timing train=351.138s distribution=6.476s agg=0.234s eval=373.833s total=731.706s
Classification: train=1.0000 test=0.9495 round=78
[round 78] timing train=358.710s distribution=5.056s agg=0.336s eval=368.369s total=732.517s
Classification: train=1.0000 test=0.9500 round=79
[round 79] timing train=356.384s distribution=5.470s agg=0.394s eval=342.592s total=704.847s
Classification: train=1.0000 test=0.9482 round=80
[round 80] timing train=329.850s distribution=5.262s agg=0.229s eval=336.399s total=671.769s
Classification: train=1.0000 test=0.9491 round=81
[round 81] timing train=348.461s distribution=5.196s agg=0.226s eval=339.152s total=693.061s
Classification: train=1.0000 test=0.9463 round=82
[round 82] timing train=346.761s distribution=5.587s agg=0.296s eval=341.344s total=694.020s
Classification: train=1.0000 test=0.9491 round=83
[round 83] timing train=312.093s distribution=6.078s agg=0.421s eval=352.035s total=670.659s
Classification: train=1.0000 test=0.9491 round=84
[round 84] timing train=343.899s distribution=5.277s agg=0.300s eval=380.937s total=730.427s
Classification: train=1.0000 test=0.9486 round=85
[round 85] timing train=337.466s distribution=5.061s agg=0.303s eval=348.520s total=691.382s
Classification: train=1.0000 test=0.9477 round=86
[round 86] timing train=340.812s distribution=4.991s agg=0.242s eval=346.510s total=692.603s
Classification: train=1.0000 test=0.9472 round=87
[round 87] timing train=337.094s distribution=4.553s agg=0.312s eval=353.207s total=695.182s
Classification: train=1.0000 test=0.9477 round=88
[round 88] timing train=338.738s distribution=4.778s agg=0.127s eval=343.656s total=687.317s
Classification: train=1.0000 test=0.9491 round=89
[round 89] timing train=345.664s distribution=5.269s agg=0.271s eval=315.439s total=666.676s
[fedcsl] checkpoint saved → ./checkpoint/resume/fedcsl_SpokenArabicDigits_2026-05-04-10har_fedavg_dir0.05.pt (round=90)
Classification: train=1.0000 test=0.9509 round=90
[round 90] timing train=329.481s distribution=5.335s agg=0.222s eval=338.622s total=673.676s
Classification: train=1.0000 test=0.9500 round=91
[round 91] timing train=338.546s distribution=5.316s agg=0.121s eval=326.220s total=670.252s
Classification: train=1.0000 test=0.9509 round=92
[round 92] timing train=341.212s distribution=4.791s agg=0.281s eval=324.907s total=671.205s
Classification: train=1.0000 test=0.9523 round=93
[round 93] timing train=332.789s distribution=4.785s agg=0.226s eval=316.801s total=654.624s
Classification: train=1.0000 test=0.9500 round=94
[round 94] timing train=333.219s distribution=4.383s agg=0.110s eval=355.213s total=692.951s
Classification: train=1.0000 test=0.9500 round=95
[round 95] timing train=323.362s distribution=4.735s agg=0.255s eval=322.681s total=651.079s
Classification: train=1.0000 test=0.9491 round=96
[round 96] timing train=336.281s distribution=5.150s agg=0.184s eval=320.005s total=661.629s
Classification: train=1.0000 test=0.9486 round=97
[round 97] timing train=335.291s distribution=5.206s agg=0.173s eval=337.031s total=677.725s
Classification: train=1.0000 test=0.9509 round=98
[round 98] timing train=331.624s distribution=4.389s agg=0.237s eval=310.361s total=646.637s
Classification: train=1.0000 test=0.9491 round=99
[round 99] timing train=327.921s distribution=4.847s agg=0.307s eval=317.068s total=650.171s
Classification: train=1.0000 test=0.9486 round=100
[round 100] timing train=330.329s distribution=4.588s agg=0.151s eval=327.867s total=662.952s
Classification: train=1.0000 test=0.9491 round=101
[round 101] timing train=318.262s distribution=4.618s agg=0.175s eval=329.499s total=652.570s
Classification: train=1.0000 test=0.9491 round=102
[round 102] timing train=316.978s distribution=4.858s agg=0.179s eval=342.736s total=664.764s
Classification: train=1.0000 test=0.9504 round=103
[round 103] timing train=328.137s distribution=4.185s agg=0.182s eval=314.598s total=647.116s
Classification: train=1.0000 test=0.9491 round=104
[round 104] timing train=321.835s distribution=4.331s agg=0.259s eval=336.484s total=662.923s
Classification: train=1.0000 test=0.9509 round=105
[round 105] timing train=322.909s distribution=4.518s agg=0.250s eval=333.308s total=661.020s
Classification: train=1.0000 test=0.9509 round=106
[round 106] timing train=328.845s distribution=4.629s agg=0.115s eval=331.562s total=665.160s
Classification: train=1.0000 test=0.9495 round=107
[round 107] timing train=330.377s distribution=5.153s agg=0.113s eval=307.482s total=643.135s
Classification: train=1.0000 test=0.9486 round=108
[round 108] timing train=322.046s distribution=4.643s agg=0.204s eval=336.277s total=663.189s
Classification: train=1.0000 test=0.9495 round=109
[round 109] timing train=313.952s distribution=4.941s agg=0.256s eval=331.904s total=651.078s
Classification: train=1.0000 test=0.9482 round=110
[round 110] timing train=333.941s distribution=4.429s agg=0.189s eval=338.153s total=676.741s
Classification: train=1.0000 test=0.9500 round=111
[round 111] timing train=340.110s distribution=4.818s agg=0.119s eval=320.880s total=665.949s
Classification: train=1.0000 test=0.9504 round=112
[round 112] timing train=328.105s distribution=5.641s agg=0.222s eval=340.015s total=674.000s
Classification: train=1.0000 test=0.9486 round=113
[round 113] timing train=322.718s distribution=5.030s agg=0.210s eval=312.892s total=640.861s
Classification: train=1.0000 test=0.9495 round=114
[round 114] timing train=320.997s distribution=4.387s agg=0.279s eval=329.001s total=654.673s
Classification: train=1.0000 test=0.9504 round=115
[round 115] timing train=335.670s distribution=4.386s agg=0.212s eval=321.880s total=662.160s
Classification: train=1.0000 test=0.9495 round=116
[round 116] timing train=332.742s distribution=4.860s agg=0.101s eval=304.798s total=642.525s
Classification: train=1.0000 test=0.9491 round=117
[round 117] timing train=324.683s distribution=4.946s agg=0.173s eval=334.395s total=664.214s
Classification: train=1.0000 test=0.9482 round=118
[round 118] timing train=326.975s distribution=4.788s agg=0.151s eval=312.646s total=644.612s
Classification: train=1.0000 test=0.9482 round=119
[round 119] timing train=325.505s distribution=4.889s agg=0.097s eval=318.040s total=648.540s
[fedcsl] checkpoint saved → ./checkpoint/resume/fedcsl_SpokenArabicDigits_2026-05-04-10har_fedavg_dir0.05.pt (round=120)
Classification: train=1.0000 test=0.9482 round=120
[round 120] timing train=311.047s distribution=4.620s agg=0.180s eval=315.975s total=631.891s
Classification: train=1.0000 test=0.9495 round=121
[round 121] timing train=335.808s distribution=5.592s agg=0.199s eval=328.082s total=669.726s
Classification: train=1.0000 test=0.9495 round=122
[round 122] timing train=334.817s distribution=4.576s agg=0.358s eval=324.819s total=664.603s
Classification: train=1.0000 test=0.9504 round=123
[round 123] timing train=327.148s distribution=5.081s agg=0.273s eval=302.680s total=635.199s
Classification: train=1.0000 test=0.9495 round=124
[round 124] timing train=311.065s distribution=4.767s agg=0.324s eval=308.085s total=624.258s
Classification: train=1.0000 test=0.9491 round=125
[round 125] timing train=293.341s distribution=3.074s agg=0.021s eval=307.782s total=604.240s
Classification: train=1.0000 test=0.9495 round=126
[round 126] timing train=328.524s distribution=4.446s agg=0.128s eval=338.930s total=672.041s
Classification: train=1.0000 test=0.9482 round=127
[round 127] timing train=321.915s distribution=4.655s agg=0.235s eval=331.326s total=658.139s
Classification: train=1.0000 test=0.9491 round=128
[round 128] timing train=296.843s distribution=4.363s agg=0.263s eval=325.648s total=627.135s
Classification: train=1.0000 test=0.9504 round=129
[round 129] timing train=323.343s distribution=5.401s agg=0.202s eval=323.366s total=652.327s
Classification: train=1.0000 test=0.9513 round=130
[round 130] timing train=316.330s distribution=5.337s agg=0.234s eval=329.564s total=651.488s
Classification: train=1.0000 test=0.9518 round=131
[round 131] timing train=318.340s distribution=5.077s agg=0.171s eval=330.362s total=653.972s
Classification: train=1.0000 test=0.9500 round=132
[round 132] timing train=322.112s distribution=4.700s agg=0.174s eval=323.152s total=650.161s
Classification: train=1.0000 test=0.9509 round=133
[round 133] timing train=262.427s distribution=4.734s agg=0.089s eval=272.113s total=539.386s
Classification: train=1.0000 test=0.9491 round=134
[round 134] timing train=324.600s distribution=4.492s agg=0.265s eval=316.476s total=645.866s
Classification: train=1.0000 test=0.9500 round=135
[round 135] timing train=314.034s distribution=4.296s agg=0.151s eval=335.759s total=654.267s
Classification: train=1.0000 test=0.9500 round=136
[round 136] timing train=320.891s distribution=4.149s agg=0.120s eval=323.004s total=648.178s
Classification: train=1.0000 test=0.9518 round=137
[round 137] timing train=308.412s distribution=4.346s agg=0.080s eval=339.039s total=651.892s
Classification: train=1.0000 test=0.9500 round=138
[round 138] timing train=311.191s distribution=4.863s agg=0.162s eval=341.242s total=657.467s
Classification: train=1.0000 test=0.9509 round=139
[round 139] timing train=305.723s distribution=5.393s agg=0.134s eval=344.453s total=655.721s
Classification: train=1.0000 test=0.9527 round=140
[round 140] timing train=317.762s distribution=5.061s agg=0.176s eval=341.712s total=664.742s
Classification: train=1.0000 test=0.9513 round=141
[round 141] timing train=306.724s distribution=5.375s agg=0.115s eval=326.824s total=639.064s
Classification: train=1.0000 test=0.9509 round=142
[round 142] timing train=276.675s distribution=5.084s agg=0.190s eval=302.676s total=584.650s
Classification: train=1.0000 test=0.9504 round=143
[round 143] timing train=326.819s distribution=5.755s agg=0.222s eval=328.521s total=661.328s
Classification: train=1.0000 test=0.9513 round=144
[round 144] timing train=322.874s distribution=6.148s agg=0.232s eval=322.189s total=651.459s
Classification: train=1.0000 test=0.9504 round=145
[round 145] timing train=331.930s distribution=5.702s agg=0.204s eval=331.066s total=668.922s
Classification: train=1.0000 test=0.9518 round=146
[round 146] timing train=324.533s distribution=5.599s agg=0.319s eval=316.183s total=646.650s
Classification: train=1.0000 test=0.9518 round=147
[round 147] timing train=323.905s distribution=4.324s agg=0.149s eval=324.761s total=653.156s
Classification: train=1.0000 test=0.9527 round=148
[round 148] timing train=327.047s distribution=4.689s agg=0.079s eval=337.691s total=669.570s
Classification: train=1.0000 test=0.9523 round=149
[round 149] timing train=330.662s distribution=5.448s agg=0.164s eval=319.504s total=655.811s
[fedcsl] checkpoint saved → ./checkpoint/resume/fedcsl_SpokenArabicDigits_2026-05-04-10har_fedavg_dir0.05.pt (round=150)
Classification: train=1.0000 test=0.9523 round=150
[round 150] timing train=337.520s distribution=4.976s agg=0.166s eval=323.717s total=666.393s
Classification: train=1.0000 test=0.9500 round=151
[round 151] timing train=324.619s distribution=4.888s agg=0.208s eval=331.828s total=661.564s
Classification: train=1.0000 test=0.9491 round=152
[round 152] timing train=298.133s distribution=5.849s agg=0.251s eval=329.785s total=634.023s
Classification: train=1.0000 test=0.9513 round=153
[round 153] timing train=307.698s distribution=6.140s agg=0.324s eval=337.399s total=651.566s
Classification: train=1.0000 test=0.9509 round=154
[round 154] timing train=314.760s distribution=5.373s agg=0.283s eval=329.093s total=649.522s
Classification: train=1.0000 test=0.9513 round=155
[round 155] timing train=334.597s distribution=5.569s agg=0.180s eval=341.513s total=681.882s
Classification: train=1.0000 test=0.9500 round=156
[round 156] timing train=330.576s distribution=4.974s agg=0.261s eval=331.338s total=667.190s
Classification: train=1.0000 test=0.9541 round=157
[round 157] timing train=329.818s distribution=5.145s agg=0.392s eval=325.198s total=660.562s
Classification: train=1.0000 test=0.9518 round=158
[round 158] timing train=332.247s distribution=5.708s agg=0.210s eval=332.580s total=670.775s
Classification: train=1.0000 test=0.9495 round=159
[round 159] timing train=323.087s distribution=5.269s agg=0.144s eval=315.530s total=644.046s
Classification: train=1.0000 test=0.9500 round=160
[round 160] timing train=332.803s distribution=5.724s agg=0.104s eval=316.748s total=655.390s
Classification: train=1.0000 test=0.9495 round=161
[round 161] timing train=322.314s distribution=5.234s agg=0.131s eval=315.492s total=643.202s
Classification: train=1.0000 test=0.9482 round=162
[round 162] timing train=330.654s distribution=4.798s agg=0.180s eval=330.770s total=666.442s
Classification: train=1.0000 test=0.9527 round=163
[round 163] timing train=322.175s distribution=3.187s agg=0.082s eval=303.988s total=629.445s
Classification: train=1.0000 test=0.9523 round=164
[round 164] timing train=341.536s distribution=4.800s agg=0.135s eval=319.737s total=666.241s
Classification: train=1.0000 test=0.9513 round=165
[round 165] timing train=318.792s distribution=5.302s agg=0.198s eval=337.503s total=661.808s
Classification: train=1.0000 test=0.9513 round=166
[round 166] timing train=331.138s distribution=6.122s agg=0.294s eval=312.002s total=649.575s
Classification: train=1.0000 test=0.9491 round=167
[round 167] timing train=335.500s distribution=5.529s agg=0.144s eval=317.845s total=659.039s
Classification: train=1.0000 test=0.9509 round=168
[round 168] timing train=317.807s distribution=6.072s agg=0.298s eval=310.264s total=634.461s
Classification: train=1.0000 test=0.9500 round=169
[round 169] timing train=320.205s distribution=5.730s agg=0.254s eval=322.490s total=648.712s
Classification: train=1.0000 test=0.9482 round=170
[round 170] timing train=321.096s distribution=5.161s agg=0.385s eval=325.382s total=652.057s
Classification: train=1.0000 test=0.9500 round=171
[round 171] timing train=337.103s distribution=5.809s agg=0.255s eval=307.646s total=650.849s
Classification: train=1.0000 test=0.9527 round=172
[round 172] timing train=329.929s distribution=5.244s agg=0.278s eval=336.915s total=672.377s
Classification: train=1.0000 test=0.9463 round=173
[round 173] timing train=308.316s distribution=5.501s agg=0.095s eval=329.666s total=643.612s
Classification: train=1.0000 test=0.9477 round=174
[round 174] timing train=315.527s distribution=4.635s agg=0.320s eval=331.962s total=652.454s
Classification: train=1.0000 test=0.9495 round=175
[round 175] timing train=315.629s distribution=6.014s agg=0.191s eval=344.380s total=666.259s
Classification: train=1.0000 test=0.9459 round=176
[round 176] timing train=315.538s distribution=5.274s agg=0.252s eval=330.407s total=651.505s
Classification: train=1.0000 test=0.9518 round=177
[round 177] timing train=324.214s distribution=5.419s agg=0.321s eval=328.428s total=658.390s
Classification: train=1.0000 test=0.9504 round=178
[round 178] timing train=327.470s distribution=5.331s agg=0.274s eval=322.325s total=655.420s
Classification: train=1.0000 test=0.9495 round=179
[round 179] timing train=329.463s distribution=5.041s agg=0.131s eval=345.946s total=680.612s
[fedcsl] checkpoint saved → ./checkpoint/resume/fedcsl_SpokenArabicDigits_2026-05-04-10har_fedavg_dir0.05.pt (round=180)
Classification: train=1.0000 test=0.9463 round=180
[round 180] timing train=315.974s distribution=5.403s agg=0.528s eval=329.072s total=650.982s
Classification: train=1.0000 test=0.9513 round=181
[round 181] timing train=331.726s distribution=5.393s agg=0.288s eval=301.569s total=639.021s
Classification: train=1.0000 test=0.9495 round=182
[round 182] timing train=330.925s distribution=5.773s agg=0.358s eval=329.917s total=666.987s
Classification: train=1.0000 test=0.9495 round=183
[round 183] timing train=319.650s distribution=4.771s agg=0.141s eval=309.798s total=634.375s
Classification: train=1.0000 test=0.9495 round=184
[round 184] timing train=319.964s distribution=5.109s agg=0.194s eval=328.101s total=653.379s
Classification: train=1.0000 test=0.9504 round=185
[round 185] timing train=329.214s distribution=5.430s agg=0.243s eval=319.192s total=654.090s
Classification: train=1.0000 test=0.9472 round=186
[round 186] timing train=326.165s distribution=5.387s agg=0.245s eval=313.697s total=645.510s
Classification: train=1.0000 test=0.9504 round=187
[round 187] timing train=321.156s distribution=4.802s agg=0.218s eval=316.853s total=643.048s
Classification: train=1.0000 test=0.9468 round=188
[round 188] timing train=319.618s distribution=5.059s agg=0.169s eval=327.859s total=652.738s
Classification: train=1.0000 test=0.9459 round=189
[round 189] timing train=325.153s distribution=4.927s agg=0.319s eval=325.578s total=655.994s
Classification: train=1.0000 test=0.9495 round=190
[round 190] timing train=318.696s distribution=4.687s agg=0.181s eval=338.518s total=662.119s
Classification: train=1.0000 test=0.9509 round=191
[round 191] timing train=319.146s distribution=5.573s agg=0.248s eval=330.356s total=655.357s
Classification: train=1.0000 test=0.9482 round=192
[round 192] timing train=293.359s distribution=5.060s agg=0.139s eval=334.340s total=632.935s
Classification: train=1.0000 test=0.9450 round=193
[round 193] timing train=323.064s distribution=5.919s agg=0.169s eval=334.646s total=663.858s
Classification: train=1.0000 test=0.9482 round=194
[round 194] timing train=298.316s distribution=5.295s agg=0.048s eval=343.713s total=647.386s
Classification: train=1.0000 test=0.9504 round=195
[round 195] timing train=325.268s distribution=5.079s agg=0.163s eval=313.226s total=643.754s
Classification: train=1.0000 test=0.9459 round=196
[round 196] timing train=333.130s distribution=5.513s agg=0.184s eval=317.170s total=656.004s
Classification: train=1.0000 test=0.9472 round=197
[round 197] timing train=325.651s distribution=5.859s agg=0.238s eval=335.136s total=666.898s
Classification: train=1.0000 test=0.9500 round=198
[round 198] timing train=320.393s distribution=5.759s agg=0.244s eval=337.670s total=664.076s
Classification: train=1.0000 test=0.9472 round=199
[round 199] timing train=335.206s distribution=5.894s agg=0.274s eval=321.501s total=662.908s
best round is 7, acc is 0.959527
Model saved to ./checkpoint/SpokenArabicDigits/2026-05-04-10har_fedavg_dir0.05_SpokenArabicDigits_model.pt
