# 2026-05-04 14:32:31  har_fedcsl-onehot_dir1.0  GPU=4  cwd=/data/user_lixiongfei/CSL-main
# CMD: python3 -u FedCSL_All.py -dataset HAR --config configFedCSL_OneHot.yml --dirichlet-alpha 1.0 --seed 42 --description har_fedcsl-onehot_dir1.0 -dataset LSST

/mnt/data/user_liangzhiyu/envs/fedcsl/lib/python3.8/site-packages/scipy/__init__.py:146: UserWarning: A NumPy version >=1.16.5 and <1.23.0 is required for this version of SciPy (detected version 1.23.5
  warnings.warn(f"A NumPy version >={np_minversion} and <{np_maxversion}"
[config] 'configFedCSL_OneHot.yml' 未找到，重定向到 'config/configFedCSL_OneHot.yml'
2459
<class 'pandas.core.frame.DataFrame'>
RangeIndex: 2459 entries, 0 to 2458
Data columns (total 7 columns):
 #   Column      Non-Null Count  Dtype 
---  ------      --------------  ----- 
 0   dim_0       2459 non-null   object
 1   dim_1       2459 non-null   object
 2   dim_2       2459 non-null   object
 3   dim_3       2459 non-null   object
 4   dim_4       2459 non-null   object
 5   dim_5       2459 non-null   object
 6   class_vals  2459 non-null   object
dtypes: object(7)
memory usage: 134.6+ KB
None
{36}
<class 'pandas.core.frame.DataFrame'>
RangeIndex: 2459 entries, 0 to 2458
Data columns (total 7 columns):
 #   Column      Non-Null Count  Dtype 
---  ------      --------------  ----- 
 0   dim_0       2459 non-null   object
 1   dim_1       2459 non-null   object
 2   dim_2       2459 non-null   object
 3   dim_3       2459 non-null   object
 4   dim_4       2459 non-null   object
 5   dim_5       2459 non-null   object
 6   class_vals  2459 non-null   object
dtypes: object(7)
memory usage: 134.6+ KB
None
[ 0  0  0 ... 13 13 13]
[   0    1    2   34   35   36   37   38   39   40   41   42   43   44
   45  157  158  159  160  161  162  163  164  165  166  167  168  169
  170  171  172  173  174  175  176  177  178  179  180  181  182  183
  184  185  186  187  188  189  190  191  192  193  194  195  196  197
  198  199  200  201  202  203  204  205  206  207  208  209  210  211
  212  213  214  215  216  217  218  219  220  221  222  223  224  225
  226  227  228  229  230  231  232  233  234  235  236  237  238  239
  240  241  242  243  244  245  246  247  248  249  250  251  252  253
  254  255  256  257  258  259  260  261  262  263  264  265  266  267
  268  269  270  271  272  273  274  275  276  277  278  279  280  281
  282  283  284  285  286  287  288  289  290  291  292  293  294  295
  296  297  298  299  300  301  302  303  304  305  306  307  308  309
  310  311  427  428  429  430  431  432  433  434  435  436  437  438
  439  440  441  442  443  444  445  446  447  448  449  450  451  452
  453  454  455  456  457  458  459  460  461  462  463  464  465  466
  467  468  469  470  471  472  473  474  475  476  477  478  479  480
  481  482  483  484  485  486  487  488  489  490  491  492  493  494
  495  496  497  498  499  500  501  502  503  504  505  506  507  508
  509  510  511  512  513  514  515  516  517  518  519  520  521  522
  523  524  525  526  527  528  529  530  531  532  533  534  535  536
  537  538  539  540  541  542  543  544  545  546  547  548  549  550
  551  552  553  554  555  556  557  558  559  560  561  562  563  564
  565  566  567  568  569  570  571  572  808  809  810  811  812  813
  814  870  877  878  879 1030 1031 1032 1033 1034 1035 1036 1037 1038
 1039 1040 1053 1054 1055 1056 1057 1058 1059 1060 1061 1062 1063 1064
 1065 1066 1067 1068 1069 1070 1071 1072 1073 1074 1075 1076 1077 1078
 1079 1080 1081 1082 1083 1084 1085 1086 1087 1088 1089 1090 1091 1092
 1093 1094 1095 1096 1097 1098 1099 1100 1101 1102 1103 1104 1105 1106
 1107 1108 1109 1110 1111 1112 1113 1114 1115 1116 1117 1118 1119 1120
 1121 1122 1123 1124 1125 1126 1127 1128 1129 1130 1131 1132 1133 1134
 1135 1136 1137 1138 1139 1140 1141 1142 1143 1144 1145 1146 1147 1148
 1149 1150 1151 1152 1153 1154 1155 1366 1367 1368 1369 1370 1371 1372
 1373 1374 1375 1376 1377 1378 1379 1380 1381 1382 1383 1384 1385 1386
 1387 1388 1389 1390 1391 1392 1393 1394 1395 1396 1397 1398 1399 1400
 1401 1402 1403 1404 1405 1406 1407 1408 1409 1410 1411 1412 1413 1414
 1415 1416 1417 1554 1555 1556 1557 1558 1559 1560 1561 1562 1563 1564
 1565 1566 1567 1568 1569 1570 1571 1572 1573 1574 1575 1576 1577 1578
 1579 1580 1581 1582 1583 1584 1585 1586 1587 1588 1589 1590 1591 1592
 1593 1594 1595 1596 1597 1598 1599 1600 1601 1602 1603 1604 1605 1606
 1607 1608 1609 1610 1611 1612 1613 1614 1615 1616 1617 1618 1619 1620
 1621 1622 1623 1624 1625 1626 1627 1628 1629 1630 1631 1632 1633 1634
 1635 1636 1637 1638 1639 1640 1641 1642 1643 1644 1645 1646 1647 1648
 1649 1650 1651 1652 1653 1654 1655 1656 1657 1658 1659 1660 1661 2331
 2332 2333 2334 2335 2336 2337 2338 2339 2340 2341 2342 2343 2344 2345
 2346 2347 2348 2349 2350 2351 2352 2353 2354 2355 2356 2357 2358 2359
 2360 2361 2362 2363 2364 2365 2366 2367 2368 2369 2370 2371 2372 2373
 2374 2375 2376 2377 2378 2379 2380 2381 2382 2383 2384 2385 2386 2408
 2409]
[0, 0, 0, 1, 1, 1, 1, 1, 1, 1, 1, 1, 1, 1, 1, 2, 2, 2, 2, 2, 2, 2, 2, 2, 2, 2, 2, 2, 2, 2, 2, 2, 2, 2, 2, 2, 2, 2, 2, 2, 2, 2, 2, 2, 2, 2, 2, 2, 2, 2, 2, 2, 2, 2, 2, 2, 2, 2, 2, 2, 2, 2, 2, 2, 2, 2, 2, 2, 2, 2, 2, 2, 2, 2, 2, 2, 2, 2, 2, 2, 2, 2, 2, 2, 2, 2, 2, 2, 2, 2, 2, 2, 2, 2, 2, 2, 2, 2, 2, 2, 2, 2, 2, 2, 2, 2, 2, 2, 2, 2, 2, 2, 2, 2, 2, 2, 2, 2, 2, 2, 2, 2, 2, 2, 2, 2, 2, 2, 2, 2, 2, 2, 2, 2, 2, 2, 2, 2, 2, 2, 2, 2, 2, 2, 2, 2, 2, 2, 2, 2, 2, 2, 2, 2, 2, 2, 2, 2, 2, 2, 2, 2, 2, 2, 2, 2, 2, 2, 2, 2, 3, 3, 3, 3, 3, 3, 3, 3, 3, 3, 3, 3, 3, 3, 3, 3, 3, 3, 3, 3, 3, 3, 3, 3, 3, 3, 3, 3, 3, 3, 3, 3, 3, 3, 3, 3, 3, 3, 3, 3, 3, 3, 3, 3, 3, 3, 3, 3, 3, 3, 3, 3, 3, 3, 3, 3, 3, 3, 3, 3, 3, 3, 3, 3, 3, 3, 3, 3, 3, 3, 3, 3, 3, 3, 3, 3, 3, 3, 3, 3, 3, 3, 3, 3, 3, 3, 3, 3, 3, 3, 3, 3, 3, 3, 3, 3, 3, 3, 3, 3, 3, 3, 3, 3, 3, 3, 3, 3, 3, 3, 3, 3, 3, 3, 3, 3, 3, 3, 3, 3, 3, 3, 3, 3, 3, 3, 3, 3, 3, 3, 3, 3, 3, 3, 3, 3, 3, 3, 3, 3, 3, 3, 3, 3, 3, 3, 4, 4, 4, 4, 4, 4, 4, 5, 6, 6, 6, 7, 7, 7, 7, 7, 7, 7, 7, 7, 7, 7, 8, 8, 8, 8, 8, 8, 8, 8, 8, 8, 8, 8, 8, 8, 8, 8, 8, 8, 8, 8, 8, 8, 8, 8, 8, 8, 8, 8, 8, 8, 8, 8, 8, 8, 8, 8, 8, 8, 8, 8, 8, 8, 8, 8, 8, 8, 8, 8, 8, 8, 8, 8, 8, 8, 8, 8, 8, 8, 8, 8, 8, 8, 8, 8, 8, 8, 8, 8, 8, 8, 8, 8, 8, 8, 8, 8, 8, 8, 8, 8, 8, 8, 8, 8, 8, 8, 8, 8, 8, 8, 8, 8, 8, 8, 8, 8, 8, 8, 8, 8, 8, 8, 8, 9, 9, 9, 9, 9, 9, 9, 9, 9, 9, 9, 9, 9, 9, 9, 9, 9, 9, 9, 9, 9, 9, 9, 9, 9, 9, 9, 9, 9, 9, 9, 9, 9, 9, 9, 9, 9, 9, 9, 9, 9, 9, 9, 9, 9, 9, 9, 9, 9, 9, 9, 9, 11, 11, 11, 11, 11, 11, 11, 11, 11, 11, 11, 11, 11, 11, 11, 11, 11, 11, 11, 11, 11, 11, 11, 11, 11, 11, 11, 11, 11, 11, 11, 11, 11, 11, 11, 11, 11, 11, 11, 11, 11, 11, 11, 11, 11, 11, 11, 11, 11, 11, 11, 11, 11, 11, 11, 11, 11, 11, 11, 11, 11, 11, 11, 11, 11, 11, 11, 11, 11, 11, 11, 11, 11, 11, 11, 11, 11, 11, 11, 11, 11, 11, 11, 11, 11, 11, 11, 11, 11, 11, 11, 11, 11, 11, 11, 11, 11, 11, 11, 11, 11, 11, 11, 11, 11, 11, 11, 11, 12, 12, 12, 12, 12, 12, 12, 12, 12, 12, 12, 12, 12, 12, 12, 12, 12, 12, 12, 12, 12, 12, 12, 12, 12, 12, 12, 12, 12, 12, 12, 12, 12, 12, 12, 12, 12, 12, 12, 12, 12, 12, 12, 12, 12, 12, 12, 12, 12, 12, 12, 12, 12, 12, 12, 12, 13, 13]
[0, 0, 0, 0, 0, 0, 0, 0, 0, 0, 0, 0, 0, 0, 0, 0, 0, 0, 0, 0, 0, 0, 0, 0, 0, 0, 1, 1, 1, 1, 1, 1, 1, 1, 1, 1, 1, 1, 1, 1, 1, 1, 1, 1, 1, 2, 2, 2, 2, 2, 2, 2, 2, 2, 2, 2, 2, 2, 2, 2, 2, 2, 2, 2, 2, 2, 2, 2, 2, 2, 2, 2, 2, 2, 2, 2, 2, 2, 2, 2, 2, 2, 2, 2, 2, 2, 2, 2, 2, 2, 2, 2, 2, 2, 2, 2, 2, 2, 2, 2, 2, 2, 2, 2, 2, 2, 2, 2, 2, 2, 2, 2, 2, 2, 2, 2, 2, 2, 2, 2, 2, 2, 2, 2, 2, 2, 2, 2, 2, 2, 2, 2, 2, 2, 2, 2, 2, 2, 2, 2, 2, 2, 2, 2, 2, 2, 2, 2, 2, 2, 2, 2, 2, 2, 2, 3, 3, 3, 3, 3, 3, 3, 3, 3, 3, 3, 3, 3, 3, 3, 3, 3, 3, 3, 3, 3, 3, 3, 3, 3, 3, 3, 3, 3, 3, 3, 3, 3, 3, 3, 3, 3, 3, 3, 3, 3, 3, 3, 3, 3, 3, 3, 3, 3, 3, 3, 3, 3, 3, 3, 4, 4, 5, 5, 5, 6, 6, 6, 6, 6, 6, 6, 6, 6, 6, 6, 6, 6, 6, 6, 6, 6, 6, 6, 6, 6, 6, 6, 6, 6, 6, 6, 6, 6, 6, 6, 6, 6, 6, 6, 6, 6, 6, 6, 6, 6, 6, 6, 6, 6, 6, 6, 6, 6, 6, 6, 6, 6, 6, 6, 6, 6, 6, 6, 6, 6, 6, 6, 6, 6, 6, 6, 6, 6, 6, 6, 6, 6, 6, 7, 7, 8, 8, 8, 8, 8, 8, 8, 8, 8, 8, 8, 8, 8, 8, 8, 8, 8, 8, 8, 8, 8, 8, 8, 8, 8, 8, 8, 8, 8, 8, 8, 8, 8, 8, 8, 8, 8, 8, 8, 8, 8, 8, 8, 8, 8, 8, 8, 8, 8, 8, 8, 8, 8, 8, 8, 8, 8, 8, 8, 8, 8, 8, 8, 8, 8, 8, 8, 8, 8, 8, 8, 8, 8, 8, 8, 8, 8, 8, 8, 8, 8, 8, 8, 8, 8, 8, 8, 8, 8, 8, 8, 8, 8, 8, 8, 8, 8, 8, 8, 8, 8, 8, 8, 8, 8, 8, 8, 8, 8, 8, 8, 8, 8, 8, 8, 8, 8, 8, 8, 8, 8, 8, 8, 8, 8, 8, 8, 8, 8, 8, 8, 8, 8, 8, 8, 8, 8, 8, 8, 8, 8, 8, 8, 8, 8, 8, 8, 8, 8, 8, 8, 8, 8, 8, 8, 8, 8, 8, 8, 8, 8, 8, 8, 8, 8, 8, 8, 8, 8, 8, 8, 8, 8, 8, 8, 8, 8, 8, 8, 8, 8, 8, 8, 8, 8, 8, 8, 8, 8, 8, 8, 8, 8, 8, 9, 9, 9, 9, 9, 9, 9, 9, 10, 10, 10, 10, 10, 10, 10, 10, 10, 10, 10, 10, 10, 10, 10, 10, 10, 10, 10, 10, 10, 10, 10, 10, 10, 10, 10, 10, 10, 10, 10, 10, 10, 10, 10, 10, 10, 10, 10, 10, 10, 10, 10, 10, 10, 10, 10, 10, 10, 10, 10, 10, 10, 10, 10, 10, 10, 10, 10, 10, 10, 10, 10, 10, 10, 11, 11, 11, 11, 11, 11, 11, 11, 11, 11, 11, 11, 11, 11, 11, 11, 11, 11, 11, 11, 11, 11, 11, 11, 11, 11, 11, 11, 11, 11, 11, 11, 11, 11, 11, 11, 11, 11, 11, 11, 11, 11, 11, 11, 11, 11, 11, 11, 11, 11, 11, 11, 11, 11, 11, 11, 11, 11, 11, 11, 11, 11, 11, 11, 11, 11, 11, 11, 11, 11, 11, 11, 11, 11, 11, 11, 11, 11, 11, 11, 11, 11, 11, 11, 11, 11, 11, 11, 11, 11, 11, 11, 11, 11, 11, 11, 11, 11, 11, 11, 11, 11, 11, 11, 11, 11, 11, 11, 11, 11, 11, 11, 11, 11, 11, 11, 11, 11, 11, 11, 11, 11, 11, 11, 11, 11, 11, 11, 11, 11, 11, 11, 11, 11, 11, 11, 11, 11, 11, 11, 11, 11, 11, 11, 11, 11, 11, 11, 11, 11, 11, 11, 11, 11, 11, 11, 11, 11, 11, 11, 11, 11, 11, 11, 11, 11, 11, 11, 11, 11, 11, 11, 11, 11, 11, 11, 11, 11, 11, 11, 11, 11, 11, 11, 11, 11, 11, 11, 11, 11, 11, 11, 11, 11, 11, 11, 11, 11, 11, 11, 11, 11, 11, 11, 11, 11, 11, 11, 11, 11, 11, 11, 11, 11, 11, 11, 11, 11, 11, 11, 11, 11, 11, 11, 11, 11, 11, 11, 11, 11, 11, 11, 11, 11, 11, 11, 11, 11, 11, 11, 11, 11, 11, 11, 11, 11, 11, 11, 11, 11, 11, 11, 11, 11, 11, 11, 11, 11, 11, 11, 11, 11, 11, 11, 11, 11, 11, 11, 11, 11, 11, 11, 11, 11, 11, 11, 11, 11, 11, 11, 11, 11, 11, 11, 11, 11, 11, 11, 11, 11, 11, 11, 11, 11, 11, 11, 11, 11, 11, 11, 11, 11, 11, 11, 11, 11, 11, 11, 11, 11, 11, 11, 11, 11, 11, 11, 11, 11, 11, 11, 11, 11, 11, 11, 11, 11, 11, 11, 11, 11, 11, 11, 11, 11, 11, 11, 11, 11, 11, 11, 11, 11, 11, 11, 11, 11, 11, 11, 11, 11, 11, 11, 11, 11, 11, 11, 11, 11, 11, 11, 11, 11, 11, 11, 11, 11, 11, 11, 11, 11, 11, 11, 11, 11, 11, 11, 11, 11, 11, 11, 11, 11, 11, 11, 11, 11, 11, 11, 11, 11, 11, 11, 11, 11, 11, 11, 11, 11, 11, 11, 11, 11, 11, 11, 11, 11, 11, 11, 11, 11, 11, 12, 12, 12, 12, 12, 12, 12, 12, 12, 12, 12, 12, 12, 12, 12, 12, 12, 12, 13, 13, 13, 13, 13, 13, 13, 13, 13, 13, 13, 13, 13, 13, 13, 13, 13, 13, 13, 13, 13, 13, 13, 13, 13, 13, 13, 13, 13, 13, 13, 13, 13, 13, 13, 13, 13, 13, 13, 13, 13]
[0, 0, 0, 0, 0, 1, 1, 1, 1, 1, 1, 1, 1, 1, 1, 1, 1, 1, 1, 1, 1, 1, 1, 1, 1, 1, 1, 1, 1, 1, 1, 1, 1, 1, 1, 1, 1, 1, 1, 1, 1, 1, 1, 1, 1, 1, 1, 1, 1, 1, 1, 1, 1, 1, 1, 1, 1, 1, 1, 1, 1, 1, 1, 1, 1, 1, 1, 1, 1, 1, 1, 1, 1, 1, 1, 1, 1, 1, 1, 1, 1, 1, 1, 1, 1, 1, 1, 1, 1, 1, 1, 1, 1, 1, 1, 1, 1, 2, 2, 2, 2, 2, 3, 3, 3, 3, 3, 3, 3, 3, 3, 3, 3, 3, 3, 3, 3, 3, 3, 3, 3, 3, 3, 3, 3, 3, 3, 3, 3, 3, 3, 3, 3, 3, 3, 3, 3, 3, 3, 3, 3, 3, 3, 3, 3, 3, 3, 3, 3, 3, 3, 3, 3, 3, 3, 3, 3, 3, 3, 3, 3, 3, 3, 3, 3, 3, 3, 3, 3, 3, 3, 3, 3, 3, 3, 3, 3, 3, 3, 3, 3, 3, 3, 3, 3, 3, 3, 3, 3, 3, 3, 3, 3, 3, 3, 3, 3, 3, 3, 3, 3, 3, 3, 3, 3, 3, 3, 3, 3, 3, 3, 3, 3, 3, 3, 3, 3, 3, 3, 3, 3, 3, 3, 3, 3, 3, 3, 3, 3, 3, 3, 3, 3, 3, 3, 3, 3, 3, 3, 3, 3, 3, 3, 3, 3, 3, 3, 3, 3, 3, 3, 3, 3, 3, 3, 3, 3, 3, 3, 3, 3, 3, 3, 3, 3, 3, 3, 3, 3, 3, 3, 3, 3, 3, 3, 3, 3, 3, 3, 3, 3, 3, 4, 4, 4, 4, 4, 4, 4, 4, 4, 4, 4, 4, 4, 4, 4, 4, 4, 4, 4, 4, 4, 4, 4, 4, 4, 4, 4, 4, 4, 4, 4, 4, 4, 4, 4, 4, 4, 4, 4, 4, 4, 4, 4, 4, 4, 4, 4, 4, 4, 4, 4, 4, 4, 5, 5, 5, 6, 6, 6, 6, 6, 6, 6, 6, 6, 6, 6, 6, 6, 6, 6, 6, 6, 6, 6, 6, 6, 6, 6, 6, 6, 6, 6, 6, 6, 6, 6, 6, 6, 6, 6, 6, 6, 6, 6, 6, 6, 6, 6, 6, 6, 6, 6, 6, 6, 6, 6, 6, 6, 6, 6, 6, 6, 6, 6, 6, 6, 6, 6, 6, 6, 6, 6, 6, 6, 6, 6, 6, 6, 6, 6, 6, 7, 7, 7, 7, 7, 7, 7, 7, 7, 7, 8, 8, 8, 8, 8, 8, 8, 8, 8, 8, 8, 8, 8, 8, 8, 8, 9, 9, 9, 9, 9, 9, 9, 9, 10, 10, 10, 10, 10, 10, 10, 10, 10, 10, 10, 10, 10, 10, 10, 10, 10, 10, 10, 10, 10, 10, 10, 10, 10, 10, 10, 10, 10, 10, 10, 10, 10, 10, 10, 10, 10, 10, 10, 10, 10, 10, 10, 10, 10, 10, 10, 10, 10, 10, 10, 10, 10, 10, 10, 11, 11, 11, 11, 11, 11, 11, 11, 11, 11, 11, 11, 11, 11, 11, 11, 11, 11, 11, 11, 11, 11, 11, 11, 11, 11, 11, 11, 11, 11, 11, 11, 11, 11, 11, 11, 11, 11, 11, 11, 11, 11, 11, 11, 11, 11, 11, 11, 11, 11, 11, 11, 11, 11, 11, 11, 11, 11, 11, 11, 11, 11, 11, 11, 11, 11, 11, 11, 11, 11, 11, 11, 11, 11, 11, 11, 11, 11, 11, 11, 11, 11, 11, 11, 11, 11, 11, 11, 11, 11, 11, 11, 11, 11, 11, 11, 11, 11, 11, 11, 11, 11, 11, 11, 11, 11, 11, 11, 11, 11, 11, 11, 11, 11, 11, 11, 11, 11, 11, 11, 11, 11, 11, 11, 11, 11, 11, 11, 11, 11, 11, 11, 11, 11, 11, 11, 11, 11, 11, 11, 11, 11, 11, 11, 11, 11, 11, 11, 11, 11, 11, 11, 11, 11, 11, 11, 11, 11, 11, 11, 11, 11, 11, 11, 11, 11, 11, 11, 11, 11, 11, 11, 11, 11, 11, 11, 11, 11, 11, 11, 11, 11, 11, 11, 11, 11, 11, 11, 11, 11, 11, 11, 11, 11, 11, 11, 11, 11, 11, 11, 11, 11, 11, 11, 11, 11, 11, 11, 11, 11, 11, 11, 11, 11, 11, 11, 11, 11, 11, 11, 11, 11, 11, 11, 11, 11, 11, 11, 11, 11, 11, 11, 11, 11, 11, 11, 11, 11, 11, 11, 11, 11, 11, 11, 11, 11, 11, 11, 11, 11, 11, 11, 11, 11, 11, 11, 11, 11, 12, 12, 12, 13, 13, 13, 13, 13, 13, 13, 13]
shapelet initialized!
All 3 clients initialized.
Server device: cuda:0
Client worker groups: [[0], [1], [2]]
Client worker devices: ['cuda:0', 'cuda:0', 'cuda:0']
客户端选择未启用，所有客户端参与聚合
[fedcsl] precomputed client scale scores once in 0.276s
/data/user_lixiongfei/CSL-main/train.py:801: UserWarning: Creating a tensor from a list of numpy.ndarrays is extremely slow. Please consider converting the list to a single numpy.ndarray with numpy.array() before converting to a tensor. (Triggered internally at ../torch/csrc/utils/tensor_new.cpp:278.)
  X = torch.tensor(X, dtype=torch.float)
Classification: train=1.0000 test=0.5779 round=0
[round 0] timing train=131.683s distribution=1.119s agg=0.182s eval=91.352s total=224.357s
Classification: train=1.0000 test=0.5888 round=1
[round 1] timing train=227.763s distribution=0.704s agg=0.074s eval=89.286s total=317.836s
Classification: train=1.0000 test=0.5884 round=2
[round 2] timing train=232.340s distribution=0.990s agg=0.193s eval=85.533s total=319.072s
Classification: train=1.0000 test=0.5864 round=3
[round 3] timing train=205.655s distribution=0.675s agg=0.082s eval=101.421s total=307.841s
Classification: train=1.0000 test=0.5892 round=4
[round 4] timing train=223.996s distribution=0.913s agg=0.208s eval=95.500s total=320.633s
Classification: train=1.0000 test=0.5876 round=5
[round 5] timing train=242.839s distribution=1.141s agg=0.170s eval=101.668s total=345.831s
Classification: train=1.0000 test=0.5868 round=6
[round 6] timing train=234.910s distribution=0.679s agg=0.120s eval=93.779s total=329.495s
Classification: train=1.0000 test=0.5839 round=7
[round 7] timing train=226.187s distribution=0.935s agg=0.220s eval=96.106s total=323.495s
Classification: train=1.0000 test=0.5864 round=8
[round 8] timing train=239.549s distribution=1.090s agg=0.147s eval=92.882s total=333.707s
Classification: train=1.0000 test=0.5864 round=9
[round 9] timing train=234.139s distribution=0.690s agg=0.185s eval=91.457s total=326.513s
Classification: train=1.0000 test=0.5843 round=10
[round 10] timing train=235.840s distribution=0.862s agg=0.108s eval=98.766s total=335.619s
Classification: train=1.0000 test=0.5872 round=11
[round 11] timing train=242.362s distribution=1.491s agg=0.154s eval=89.610s total=333.650s
Classification: train=1.0000 test=0.5868 round=12
[round 12] timing train=239.901s distribution=0.963s agg=0.211s eval=85.607s total=326.697s
Classification: train=1.0000 test=0.5872 round=13
[round 13] timing train=231.778s distribution=0.897s agg=0.112s eval=89.441s total=322.234s
Classification: train=1.0000 test=0.5872 round=14
[round 14] timing train=240.844s distribution=0.935s agg=0.177s eval=91.233s total=333.216s
Classification: train=1.0000 test=0.5864 round=15
[round 15] timing train=265.396s distribution=0.599s agg=0.048s eval=87.901s total=353.970s
Classification: train=1.0000 test=0.5852 round=16
[round 16] timing train=251.108s distribution=0.918s agg=0.157s eval=92.212s total=344.409s
Classification: train=1.0000 test=0.5864 round=17
[round 17] timing train=259.984s distribution=0.733s agg=0.218s eval=95.925s total=356.876s
Classification: train=1.0000 test=0.5929 round=18
[round 18] timing train=252.195s distribution=0.782s agg=0.239s eval=93.081s total=346.304s
Classification: train=1.0000 test=0.5904 round=19
[round 19] timing train=241.619s distribution=0.833s agg=0.190s eval=97.957s total=340.603s
Classification: train=1.0000 test=0.5916 round=20
[round 20] timing train=253.574s distribution=0.987s agg=0.218s eval=96.557s total=351.375s
Classification: train=1.0000 test=0.5900 round=21
[round 21] timing train=248.021s distribution=0.842s agg=0.206s eval=101.296s total=350.373s
Classification: train=1.0000 test=0.5892 round=22
[round 22] timing train=259.648s distribution=1.015s agg=0.184s eval=98.677s total=359.544s
Classification: train=1.0000 test=0.5892 round=23
[round 23] timing train=244.475s distribution=0.928s agg=0.175s eval=99.323s total=344.916s
Classification: train=1.0000 test=0.5912 round=24
[round 24] timing train=225.362s distribution=0.927s agg=0.262s eval=103.422s total=329.980s
Classification: train=1.0000 test=0.5916 round=25
[round 25] timing train=249.371s distribution=0.865s agg=0.155s eval=93.882s total=344.303s
Classification: train=1.0000 test=0.5888 round=26
[round 26] timing train=261.033s distribution=1.106s agg=0.210s eval=101.737s total=364.130s
Classification: train=1.0000 test=0.5864 round=27
[round 27] timing train=255.913s distribution=0.885s agg=0.098s eval=89.821s total=346.739s
Classification: train=1.0000 test=0.5868 round=28
[round 28] timing train=246.186s distribution=0.788s agg=0.170s eval=94.919s total=342.090s
Classification: train=1.0000 test=0.5872 round=29
[round 29] timing train=254.294s distribution=0.823s agg=0.158s eval=94.665s total=349.953s
[fedcsl] checkpoint saved → ./checkpoint/resume/fedcsl_LSST_2026-05-04-14har_fedcsl-onehot_dir1.0.pt (round=30)
Classification: train=1.0000 test=0.5864 round=30
[round 30] timing train=255.039s distribution=0.864s agg=0.221s eval=93.911s total=350.046s
Classification: train=1.0000 test=0.5876 round=31
[round 31] timing train=245.838s distribution=0.878s agg=0.196s eval=92.659s total=339.615s
Classification: train=1.0000 test=0.5868 round=32
[round 32] timing train=250.367s distribution=0.863s agg=0.163s eval=100.725s total=352.139s
Classification: train=1.0000 test=0.5868 round=33
[round 33] timing train=242.079s distribution=1.192s agg=0.087s eval=94.894s total=338.260s
Classification: train=1.0000 test=0.5860 round=34
[round 34] timing train=240.411s distribution=0.909s agg=0.270s eval=95.802s total=337.398s
Classification: train=1.0000 test=0.5860 round=35
[round 35] timing train=256.548s distribution=1.115s agg=0.198s eval=99.531s total=357.406s
Classification: train=1.0000 test=0.5860 round=36
[round 36] timing train=252.944s distribution=0.984s agg=0.158s eval=90.807s total=344.904s
Classification: train=1.0000 test=0.5864 round=37
[round 37] timing train=243.973s distribution=0.959s agg=0.351s eval=96.512s total=341.834s
Classification: train=1.0000 test=0.5872 round=38
[round 38] timing train=260.041s distribution=0.837s agg=0.228s eval=93.961s total=355.097s
Classification: train=1.0000 test=0.5835 round=39
[round 39] timing train=234.475s distribution=1.052s agg=0.206s eval=96.737s total=332.493s
Classification: train=1.0000 test=0.5860 round=40
[round 40] timing train=236.341s distribution=0.970s agg=0.149s eval=98.899s total=336.406s
Classification: train=1.0000 test=0.5827 round=41
[round 41] timing train=255.662s distribution=1.130s agg=0.265s eval=91.393s total=348.467s
Classification: train=1.0000 test=0.5831 round=42
[round 42] timing train=251.518s distribution=0.986s agg=0.161s eval=97.631s total=350.322s
Classification: train=1.0000 test=0.5835 round=43
[round 43] timing train=239.831s distribution=0.852s agg=0.326s eval=101.630s total=342.666s
Classification: train=1.0000 test=0.5856 round=44
[round 44] timing train=240.215s distribution=0.711s agg=0.149s eval=82.787s total=323.893s
Classification: train=1.0000 test=0.5839 round=45
[round 45] timing train=246.367s distribution=1.092s agg=0.160s eval=96.738s total=344.371s
Classification: train=1.0000 test=0.5852 round=46
[round 46] timing train=255.179s distribution=1.041s agg=0.165s eval=97.449s total=353.876s
Classification: train=1.0000 test=0.5900 round=47
[round 47] timing train=251.331s distribution=0.789s agg=0.177s eval=91.104s total=343.432s
Classification: train=1.0000 test=0.5864 round=48
[round 48] timing train=251.179s distribution=0.858s agg=0.143s eval=95.962s total=348.172s
Classification: train=1.0000 test=0.5864 round=49
[round 49] timing train=244.983s distribution=1.238s agg=0.186s eval=105.005s total=351.438s
Classification: train=1.0000 test=0.5856 round=50
[round 50] timing train=253.773s distribution=0.767s agg=0.099s eval=95.521s total=350.223s
Classification: train=1.0000 test=0.5827 round=51
[round 51] timing train=244.313s distribution=0.924s agg=0.132s eval=93.039s total=338.421s
Classification: train=1.0000 test=0.5835 round=52
[round 52] timing train=250.734s distribution=1.218s agg=0.213s eval=100.654s total=352.856s
Classification: train=1.0000 test=0.5831 round=53
[round 53] timing train=241.805s distribution=1.164s agg=0.197s eval=93.625s total=336.799s
Classification: train=1.0000 test=0.5839 round=54
[round 54] timing train=240.964s distribution=0.973s agg=0.106s eval=99.633s total=341.683s
Classification: train=1.0000 test=0.5823 round=55
[round 55] timing train=252.281s distribution=1.087s agg=0.152s eval=94.559s total=348.089s
Classification: train=1.0000 test=0.5848 round=56
[round 56] timing train=251.136s distribution=0.952s agg=0.143s eval=97.516s total=349.796s
Classification: train=1.0000 test=0.5835 round=57
[round 57] timing train=244.438s distribution=0.927s agg=0.114s eval=102.222s total=347.708s
Classification: train=1.0000 test=0.5839 round=58
[round 58] timing train=257.545s distribution=1.189s agg=0.254s eval=100.034s total=359.031s
Classification: train=1.0000 test=0.5856 round=59
[round 59] timing train=244.771s distribution=0.968s agg=0.331s eval=93.183s total=339.260s
[fedcsl] checkpoint saved → ./checkpoint/resume/fedcsl_LSST_2026-05-04-14har_fedcsl-onehot_dir1.0.pt (round=60)
Classification: train=1.0000 test=0.5843 round=60
[round 60] timing train=244.971s distribution=1.078s agg=0.267s eval=99.060s total=345.405s
Classification: train=1.0000 test=0.5868 round=61
[round 61] timing train=232.571s distribution=1.000s agg=0.201s eval=93.226s total=327.013s
Classification: train=1.0000 test=0.5852 round=62
[round 62] timing train=246.217s distribution=0.796s agg=0.219s eval=88.587s total=335.827s
Classification: train=1.0000 test=0.5884 round=63
[round 63] timing train=241.471s distribution=1.081s agg=0.087s eval=92.161s total=334.816s
Classification: train=1.0000 test=0.5860 round=64
[round 64] timing train=261.334s distribution=1.050s agg=0.265s eval=98.788s total=361.444s
Classification: train=1.0000 test=0.5860 round=65
[round 65] timing train=228.323s distribution=0.871s agg=0.242s eval=95.196s total=324.645s
Classification: train=1.0000 test=0.5868 round=66
[round 66] timing train=255.408s distribution=0.948s agg=0.427s eval=97.854s total=354.649s
Classification: train=1.0000 test=0.5852 round=67
[round 67] timing train=256.886s distribution=1.105s agg=0.145s eval=101.883s total=360.054s
Classification: train=1.0000 test=0.5852 round=68
[round 68] timing train=256.496s distribution=1.103s agg=0.355s eval=98.237s total=356.206s
Classification: train=1.0000 test=0.5856 round=69
[round 69] timing train=255.779s distribution=1.054s agg=0.165s eval=103.528s total=360.550s
Classification: train=1.0000 test=0.5848 round=70
[round 70] timing train=258.853s distribution=0.877s agg=0.185s eval=105.684s total=365.662s
Classification: train=1.0000 test=0.5831 round=71
[round 71] timing train=255.953s distribution=1.034s agg=0.109s eval=97.248s total=354.363s
Classification: train=1.0000 test=0.5839 round=72
[round 72] timing train=265.193s distribution=1.004s agg=0.265s eval=104.346s total=370.819s
Classification: train=1.0000 test=0.5839 round=73
[round 73] timing train=257.317s distribution=0.979s agg=0.196s eval=104.345s total=362.850s
Classification: train=1.0000 test=0.5839 round=74
[round 74] timing train=253.814s distribution=0.908s agg=0.129s eval=99.440s total=354.317s
Classification: train=1.0000 test=0.5868 round=75
[round 75] timing train=259.306s distribution=0.859s agg=0.230s eval=104.659s total=365.069s
Classification: train=1.0000 test=0.5839 round=76
[round 76] timing train=261.464s distribution=0.848s agg=0.239s eval=99.471s total=362.033s
Classification: train=1.0000 test=0.5839 round=77
[round 77] timing train=248.892s distribution=0.933s agg=0.266s eval=99.110s total=349.232s
Classification: train=1.0000 test=0.5856 round=78
[round 78] timing train=267.943s distribution=0.954s agg=0.179s eval=106.453s total=375.561s
Classification: train=1.0000 test=0.5876 round=79
[round 79] timing train=258.486s distribution=0.976s agg=0.098s eval=97.316s total=356.909s
Classification: train=1.0000 test=0.5848 round=80
[round 80] timing train=265.769s distribution=0.944s agg=0.255s eval=100.618s total=367.638s
Classification: train=1.0000 test=0.5868 round=81
[round 81] timing train=260.254s distribution=1.022s agg=0.256s eval=99.656s total=361.199s
Classification: train=1.0000 test=0.5876 round=82
[round 82] timing train=252.852s distribution=0.549s agg=0.206s eval=83.252s total=336.872s
Classification: train=1.0000 test=0.5868 round=83
[round 83] timing train=246.704s distribution=0.845s agg=0.241s eval=94.487s total=342.314s
Classification: train=1.0000 test=0.5868 round=84
[round 84] timing train=255.135s distribution=0.900s agg=0.219s eval=102.100s total=358.394s
Classification: train=1.0000 test=0.5880 round=85
[round 85] timing train=250.413s distribution=1.155s agg=0.143s eval=100.316s total=352.040s
Classification: train=1.0000 test=0.5880 round=86
[round 86] timing train=265.762s distribution=1.247s agg=0.153s eval=107.599s total=374.776s
Classification: train=1.0000 test=0.5856 round=87
[round 87] timing train=252.769s distribution=1.215s agg=0.153s eval=99.503s total=353.647s
Classification: train=1.0000 test=0.5860 round=88
[round 88] timing train=259.081s distribution=1.079s agg=0.258s eval=104.804s total=365.266s
Classification: train=1.0000 test=0.5896 round=89
[round 89] timing train=259.181s distribution=0.863s agg=0.211s eval=105.705s total=366.000s
[fedcsl] checkpoint saved → ./checkpoint/resume/fedcsl_LSST_2026-05-04-14har_fedcsl-onehot_dir1.0.pt (round=90)
Classification: train=1.0000 test=0.5868 round=90
[round 90] timing train=265.112s distribution=0.878s agg=0.163s eval=101.327s total=367.506s
Classification: train=1.0000 test=0.5868 round=91
[round 91] timing train=267.742s distribution=1.076s agg=0.292s eval=100.204s total=369.360s
Classification: train=1.0000 test=0.5896 round=92
[round 92] timing train=266.382s distribution=1.103s agg=0.159s eval=99.729s total=367.382s
Classification: train=1.0000 test=0.5868 round=93
[round 93] timing train=258.352s distribution=1.111s agg=0.296s eval=100.760s total=360.562s
Classification: train=1.0000 test=0.5880 round=94
[round 94] timing train=256.591s distribution=0.869s agg=0.235s eval=105.255s total=362.965s
Classification: train=1.0000 test=0.5876 round=95
[round 95] timing train=261.632s distribution=1.100s agg=0.224s eval=105.334s total=368.341s
Classification: train=1.0000 test=0.5888 round=96
[round 96] timing train=255.102s distribution=1.250s agg=0.238s eval=96.236s total=352.844s
Classification: train=1.0000 test=0.5884 round=97
[round 97] timing train=255.529s distribution=0.749s agg=0.212s eval=104.421s total=360.926s
Classification: train=1.0000 test=0.5900 round=98
[round 98] timing train=249.875s distribution=0.907s agg=0.240s eval=100.011s total=351.046s
Classification: train=1.0000 test=0.5892 round=99
[round 99] timing train=246.157s distribution=1.079s agg=0.222s eval=98.116s total=345.611s
Classification: train=1.0000 test=0.5888 round=100
[round 100] timing train=262.940s distribution=1.052s agg=0.249s eval=105.708s total=369.962s
Classification: train=1.0000 test=0.5900 round=101
[round 101] timing train=256.370s distribution=0.762s agg=0.291s eval=93.910s total=351.375s
Classification: train=1.0000 test=0.5896 round=102
[round 102] timing train=240.294s distribution=1.018s agg=0.287s eval=97.521s total=339.143s
Classification: train=1.0000 test=0.5896 round=103
[round 103] timing train=248.742s distribution=0.981s agg=0.161s eval=99.637s total=349.536s
Classification: train=1.0000 test=0.5884 round=104
[round 104] timing train=239.253s distribution=1.277s agg=0.227s eval=98.494s total=339.267s
Classification: train=1.0000 test=0.5884 round=105
[round 105] timing train=253.911s distribution=1.082s agg=0.149s eval=98.807s total=353.980s
Classification: train=1.0000 test=0.5896 round=106
[round 106] timing train=254.051s distribution=0.905s agg=0.166s eval=100.322s total=355.460s
Classification: train=1.0000 test=0.5892 round=107
[round 107] timing train=249.808s distribution=0.975s agg=0.129s eval=98.805s total=349.736s
Classification: train=1.0000 test=0.5888 round=108
[round 108] timing train=246.956s distribution=1.160s agg=0.248s eval=100.613s total=349.053s
Classification: train=1.0000 test=0.5880 round=109
[round 109] timing train=266.066s distribution=1.030s agg=0.250s eval=97.988s total=365.363s
Classification: train=1.0000 test=0.5884 round=110
[round 110] timing train=244.429s distribution=1.079s agg=0.214s eval=96.675s total=342.403s
Classification: train=1.0000 test=0.5908 round=111
[round 111] timing train=249.869s distribution=0.974s agg=0.157s eval=100.111s total=351.146s
Classification: train=1.0000 test=0.5896 round=112
[round 112] timing train=261.088s distribution=0.963s agg=0.250s eval=97.945s total=360.266s
Classification: train=1.0000 test=0.5916 round=113
[round 113] timing train=249.733s distribution=0.843s agg=0.202s eval=104.507s total=355.319s
Classification: train=1.0000 test=0.5884 round=114
[round 114] timing train=247.675s distribution=1.141s agg=0.286s eval=98.590s total=347.707s
Classification: train=1.0000 test=0.5912 round=115
[round 115] timing train=257.143s distribution=0.985s agg=0.147s eval=100.376s total=358.676s
Classification: train=1.0000 test=0.5908 round=116
[round 116] timing train=249.944s distribution=0.983s agg=0.163s eval=104.891s total=355.997s
Classification: train=1.0000 test=0.5921 round=117
[round 117] timing train=260.554s distribution=1.239s agg=0.200s eval=98.261s total=360.298s
Classification: train=1.0000 test=0.5912 round=118
[round 118] timing train=254.210s distribution=0.879s agg=0.177s eval=104.371s total=359.680s
Classification: train=1.0000 test=0.5921 round=119
[round 119] timing train=243.727s distribution=1.050s agg=0.161s eval=98.268s total=343.220s
[fedcsl] checkpoint saved → ./checkpoint/resume/fedcsl_LSST_2026-05-04-14har_fedcsl-onehot_dir1.0.pt (round=120)
Classification: train=1.0000 test=0.5900 round=120
[round 120] timing train=217.869s distribution=0.934s agg=0.242s eval=107.067s total=326.132s
Classification: train=1.0000 test=0.5912 round=121
[round 121] timing train=254.606s distribution=0.998s agg=0.144s eval=94.989s total=350.779s
Classification: train=1.0000 test=0.5896 round=122
[round 122] timing train=243.507s distribution=1.088s agg=0.339s eval=93.949s total=338.898s
Classification: train=1.0000 test=0.5925 round=123
[round 123] timing train=255.627s distribution=0.797s agg=0.124s eval=107.935s total=364.492s
Classification: train=1.0000 test=0.5929 round=124
[round 124] timing train=242.487s distribution=1.032s agg=0.172s eval=100.972s total=344.730s
Classification: train=1.0000 test=0.5925 round=125
[round 125] timing train=245.632s distribution=1.024s agg=0.219s eval=86.201s total=333.128s
Classification: train=1.0000 test=0.5916 round=126
[round 126] timing train=257.807s distribution=1.030s agg=0.130s eval=104.024s total=363.005s
Classification: train=1.0000 test=0.5916 round=127
[round 127] timing train=255.666s distribution=0.940s agg=0.276s eval=100.806s total=357.722s
Classification: train=1.0000 test=0.5904 round=128
[round 128] timing train=248.003s distribution=1.023s agg=0.235s eval=99.902s total=349.189s
Classification: train=1.0000 test=0.5933 round=129
[round 129] timing train=250.039s distribution=0.994s agg=0.257s eval=98.088s total=349.423s
Classification: train=1.0000 test=0.5941 round=130
[round 130] timing train=252.963s distribution=0.710s agg=0.120s eval=98.996s total=352.811s
Classification: train=1.0000 test=0.5933 round=131
[round 131] timing train=237.445s distribution=0.972s agg=0.201s eval=103.056s total=341.689s
Classification: train=1.0000 test=0.5933 round=132
[round 132] timing train=248.139s distribution=0.917s agg=0.172s eval=96.799s total=346.040s
Classification: train=1.0000 test=0.5949 round=133
[round 133] timing train=254.511s distribution=0.880s agg=0.116s eval=100.582s total=356.130s
Classification: train=1.0000 test=0.5941 round=134
[round 134] timing train=241.380s distribution=0.959s agg=0.205s eval=105.868s total=348.450s
Classification: train=1.0000 test=0.5929 round=135
[round 135] timing train=242.784s distribution=0.892s agg=0.221s eval=97.283s total=341.189s
Classification: train=1.0000 test=0.5925 round=136
[round 136] timing train=237.253s distribution=1.133s agg=0.172s eval=93.775s total=332.349s
Classification: train=1.0000 test=0.5949 round=137
[round 137] timing train=245.727s distribution=0.886s agg=0.077s eval=99.227s total=345.931s
Classification: train=1.0000 test=0.5949 round=138
[round 138] timing train=236.097s distribution=0.823s agg=0.199s eval=86.746s total=323.892s
Classification: train=1.0000 test=0.5949 round=139
[round 139] timing train=219.708s distribution=0.941s agg=0.106s eval=92.418s total=313.178s
Classification: train=1.0000 test=0.5953 round=140
[round 140] timing train=240.555s distribution=1.340s agg=0.128s eval=96.963s total=339.012s
Classification: train=1.0000 test=0.5973 round=141
[round 141] timing train=246.684s distribution=0.624s agg=0.100s eval=104.073s total=351.488s
Classification: train=1.0000 test=0.5945 round=142
[round 142] timing train=241.348s distribution=0.783s agg=0.206s eval=97.200s total=339.554s
Classification: train=1.0000 test=0.5929 round=143
[round 143] timing train=247.714s distribution=0.803s agg=0.134s eval=96.902s total=345.587s
Classification: train=1.0000 test=0.5949 round=144
[round 144] timing train=238.143s distribution=0.712s agg=0.179s eval=95.930s total=334.971s
Classification: train=1.0000 test=0.5969 round=145
[round 145] timing train=234.669s distribution=0.837s agg=0.096s eval=92.314s total=327.947s
Classification: train=1.0000 test=0.5945 round=146
[round 146] timing train=235.479s distribution=0.623s agg=0.109s eval=77.610s total=313.856s
Classification: train=1.0000 test=0.5969 round=147
[round 147] timing train=231.272s distribution=0.922s agg=0.093s eval=88.515s total=320.810s
Classification: train=1.0000 test=0.5945 round=148
[round 148] timing train=232.893s distribution=0.974s agg=0.077s eval=88.867s total=322.853s
Classification: train=1.0000 test=0.5953 round=149
[round 149] timing train=241.209s distribution=0.941s agg=0.096s eval=93.639s total=335.891s
[fedcsl] checkpoint saved → ./checkpoint/resume/fedcsl_LSST_2026-05-04-14har_fedcsl-onehot_dir1.0.pt (round=150)
Classification: train=1.0000 test=0.5937 round=150
[round 150] timing train=233.646s distribution=0.747s agg=0.117s eval=91.122s total=325.636s
Classification: train=1.0000 test=0.5941 round=151
[round 151] timing train=233.285s distribution=0.617s agg=0.073s eval=96.599s total=330.601s
Classification: train=1.0000 test=0.5949 round=152
[round 152] timing train=230.141s distribution=0.876s agg=0.185s eval=88.587s total=319.798s
Classification: train=1.0000 test=0.5945 round=153
[round 153] timing train=236.996s distribution=0.989s agg=0.233s eval=88.040s total=326.297s
Classification: train=1.0000 test=0.5957 round=154
[round 154] timing train=231.312s distribution=0.831s agg=0.074s eval=84.786s total=317.017s
Classification: train=1.0000 test=0.5945 round=155
[round 155] timing train=245.946s distribution=0.739s agg=0.080s eval=86.875s total=333.656s
Classification: train=1.0000 test=0.5937 round=156
[round 156] timing train=232.761s distribution=0.819s agg=0.090s eval=81.941s total=315.626s
Classification: train=1.0000 test=0.5945 round=157
[round 157] timing train=222.954s distribution=0.816s agg=0.112s eval=91.600s total=315.495s
Classification: train=1.0000 test=0.5937 round=158
[round 158] timing train=238.834s distribution=0.687s agg=0.103s eval=90.952s total=330.592s
Classification: train=1.0000 test=0.5949 round=159
[round 159] timing train=241.089s distribution=0.863s agg=0.158s eval=92.390s total=334.534s
Classification: train=1.0000 test=0.5953 round=160
[round 160] timing train=238.720s distribution=0.857s agg=0.113s eval=90.227s total=329.924s
Classification: train=1.0000 test=0.5957 round=161
[round 161] timing train=235.278s distribution=0.946s agg=0.143s eval=93.524s total=329.919s
Classification: train=1.0000 test=0.5945 round=162
[round 162] timing train=233.430s distribution=0.783s agg=0.091s eval=87.463s total=321.794s
Classification: train=1.0000 test=0.5933 round=163
[round 163] timing train=235.731s distribution=0.913s agg=0.275s eval=87.710s total=324.659s
Classification: train=1.0000 test=0.5953 round=164
[round 164] timing train=230.994s distribution=0.924s agg=0.108s eval=92.040s total=324.077s
Classification: train=1.0000 test=0.5949 round=165
[round 165] timing train=236.966s distribution=0.938s agg=0.098s eval=86.963s total=324.975s
Classification: train=1.0000 test=0.5961 round=166
[round 166] timing train=237.748s distribution=0.749s agg=0.155s eval=90.377s total=329.066s
Classification: train=1.0000 test=0.5961 round=167
[round 167] timing train=211.765s distribution=0.474s agg=0.031s eval=103.720s total=315.997s
Classification: train=1.0000 test=0.5949 round=168
[round 168] timing train=234.784s distribution=0.813s agg=0.044s eval=91.699s total=327.353s
Classification: train=1.0000 test=0.5965 round=169
[round 169] timing train=243.785s distribution=1.093s agg=0.152s eval=90.093s total=335.146s
Classification: train=1.0000 test=0.5945 round=170
[round 170] timing train=232.657s distribution=0.786s agg=0.168s eval=89.279s total=322.905s
Classification: train=1.0000 test=0.5937 round=171
[round 171] timing train=234.871s distribution=1.420s agg=0.223s eval=90.978s total=327.544s
Classification: train=1.0000 test=0.5945 round=172
[round 172] timing train=230.849s distribution=1.071s agg=0.147s eval=88.435s total=320.510s
Classification: train=1.0000 test=0.5945 round=173
[round 173] timing train=238.659s distribution=0.773s agg=0.092s eval=86.753s total=326.292s
Classification: train=1.0000 test=0.5949 round=174
[round 174] timing train=236.879s distribution=1.074s agg=0.154s eval=91.936s total=330.059s
Classification: train=1.0000 test=0.5933 round=175
[round 175] timing train=190.876s distribution=0.512s agg=0.079s eval=87.635s total=279.114s
Classification: train=1.0000 test=0.5949 round=176
[round 176] timing train=226.365s distribution=0.921s agg=0.111s eval=91.714s total=319.130s
Classification: train=1.0000 test=0.5949 round=177
[round 177] timing train=245.728s distribution=0.860s agg=0.161s eval=90.586s total=337.364s
Classification: train=1.0000 test=0.5945 round=178
[round 178] timing train=231.379s distribution=1.101s agg=0.090s eval=87.339s total=319.938s
Classification: train=1.0000 test=0.5957 round=179
[round 179] timing train=235.072s distribution=0.904s agg=0.157s eval=95.843s total=331.983s
[fedcsl] checkpoint saved → ./checkpoint/resume/fedcsl_LSST_2026-05-04-14har_fedcsl-onehot_dir1.0.pt (round=180)
Classification: train=1.0000 test=0.5945 round=180
[round 180] timing train=244.273s distribution=0.835s agg=0.160s eval=88.305s total=333.590s
Classification: train=1.0000 test=0.5945 round=181
[round 181] timing train=232.477s distribution=0.793s agg=0.069s eval=86.917s total=320.263s
Classification: train=1.0000 test=0.5929 round=182
[round 182] timing train=229.554s distribution=1.002s agg=0.070s eval=95.979s total=326.610s
Classification: train=1.0000 test=0.5925 round=183
[round 183] timing train=225.319s distribution=0.920s agg=0.167s eval=90.707s total=317.143s
Classification: train=1.0000 test=0.5933 round=184
[round 184] timing train=228.912s distribution=0.867s agg=0.099s eval=87.775s total=317.663s
Classification: train=1.0000 test=0.5912 round=185
[round 185] timing train=230.349s distribution=0.934s agg=0.131s eval=90.356s total=321.800s
Classification: train=1.0000 test=0.5941 round=186
[round 186] timing train=230.564s distribution=0.842s agg=0.146s eval=85.641s total=317.205s
Classification: train=1.0000 test=0.5945 round=187
[round 187] timing train=227.675s distribution=0.891s agg=0.114s eval=90.403s total=319.097s
Classification: train=1.0000 test=0.5929 round=188
[round 188] timing train=197.490s distribution=1.110s agg=0.164s eval=99.048s total=297.852s
Classification: train=1.0000 test=0.5945 round=189
[round 189] timing train=228.566s distribution=0.731s agg=0.124s eval=89.694s total=319.144s
Classification: train=1.0000 test=0.5921 round=190
[round 190] timing train=225.441s distribution=1.377s agg=0.198s eval=93.153s total=320.176s
Classification: train=1.0000 test=0.5921 round=191
[round 191] timing train=238.046s distribution=0.972s agg=0.219s eval=89.578s total=328.856s
Classification: train=1.0000 test=0.5921 round=192
[round 192] timing train=222.016s distribution=1.031s agg=0.150s eval=90.510s total=313.723s
Classification: train=1.0000 test=0.5921 round=193
[round 193] timing train=241.472s distribution=0.834s agg=0.043s eval=88.026s total=330.489s
Classification: train=1.0000 test=0.5908 round=194
[round 194] timing train=201.355s distribution=0.807s agg=0.160s eval=87.187s total=289.515s
Classification: train=1.0000 test=0.5912 round=195
[round 195] timing train=229.140s distribution=0.940s agg=0.154s eval=87.934s total=318.200s
Classification: train=1.0000 test=0.5941 round=196
[round 196] timing train=233.449s distribution=1.044s agg=0.233s eval=87.301s total=322.090s
Classification: train=1.0000 test=0.5945 round=197
[round 197] timing train=231.593s distribution=0.874s agg=0.137s eval=89.985s total=322.656s
Classification: train=1.0000 test=0.5953 round=198
[round 198] timing train=231.193s distribution=0.713s agg=0.107s eval=86.724s total=318.757s
Classification: train=1.0000 test=0.5937 round=199
[round 199] timing train=223.702s distribution=0.769s agg=0.070s eval=87.540s total=312.115s
best round is 141, acc is 0.597324
Model saved to ./checkpoint/LSST/2026-05-04-14har_fedcsl-onehot_dir1.0_LSST_model.pt
