# 2026-05-04 14:32:46  har_fedcsl-onehot-fullteacher_dir1.0  GPU=0  cwd=/data/user_lixiongfei/CSL-main
# CMD: python3 -u FedCSL_All.py -dataset HAR --config configFedCSL_OneHot_FullTeacher.yml --dirichlet-alpha 1.0 --seed 42 --description har_fedcsl-onehot-fullteacher_dir1.0 -dataset LSST

/mnt/data/user_liangzhiyu/envs/fedcsl/lib/python3.8/site-packages/scipy/__init__.py:146: UserWarning: A NumPy version >=1.16.5 and <1.23.0 is required for this version of SciPy (detected version 1.23.5
  warnings.warn(f"A NumPy version >={np_minversion} and <{np_maxversion}"
[config] 'configFedCSL_OneHot_FullTeacher.yml' 未找到，重定向到 'config/configFedCSL_OneHot_FullTeacher.yml'
2459
<class 'pandas.core.frame.DataFrame'>
RangeIndex: 2459 entries, 0 to 2458
Data columns (total 7 columns):
 #   Column      Non-Null Count  Dtype 
---  ------      --------------  ----- 
 0   dim_0       2459 non-null   object
 1   dim_1       2459 non-null   object
 2   dim_2       2459 non-null   object
 3   dim_3       2459 non-null   object
 4   dim_4       2459 non-null   object
 5   dim_5       2459 non-null   object
 6   class_vals  2459 non-null   object
dtypes: object(7)
memory usage: 134.6+ KB
None
{36}
<class 'pandas.core.frame.DataFrame'>
RangeIndex: 2459 entries, 0 to 2458
Data columns (total 7 columns):
 #   Column      Non-Null Count  Dtype 
---  ------      --------------  ----- 
 0   dim_0       2459 non-null   object
 1   dim_1       2459 non-null   object
 2   dim_2       2459 non-null   object
 3   dim_3       2459 non-null   object
 4   dim_4       2459 non-null   object
 5   dim_5       2459 non-null   object
 6   class_vals  2459 non-null   object
dtypes: object(7)
memory usage: 134.6+ KB
None
[ 0  0  0 ... 13 13 13]
[   0    1    2   34   35   36   37   38   39   40   41   42   43   44
   45  157  158  159  160  161  162  163  164  165  166  167  168  169
  170  171  172  173  174  175  176  177  178  179  180  181  182  183
  184  185  186  187  188  189  190  191  192  193  194  195  196  197
  198  199  200  201  202  203  204  205  206  207  208  209  210  211
  212  213  214  215  216  217  218  219  220  221  222  223  224  225
  226  227  228  229  230  231  232  233  234  235  236  237  238  239
  240  241  242  243  244  245  246  247  248  249  250  251  252  253
  254  255  256  257  258  259  260  261  262  263  264  265  266  267
  268  269  270  271  272  273  274  275  276  277  278  279  280  281
  282  283  284  285  286  287  288  289  290  291  292  293  294  295
  296  297  298  299  300  301  302  303  304  305  306  307  308  309
  310  311  427  428  429  430  431  432  433  434  435  436  437  438
  439  440  441  442  443  444  445  446  447  448  449  450  451  452
  453  454  455  456  457  458  459  460  461  462  463  464  465  466
  467  468  469  470  471  472  473  474  475  476  477  478  479  480
  481  482  483  484  485  486  487  488  489  490  491  492  493  494
  495  496  497  498  499  500  501  502  503  504  505  506  507  508
  509  510  511  512  513  514  515  516  517  518  519  520  521  522
  523  524  525  526  527  528  529  530  531  532  533  534  535  536
  537  538  539  540  541  542  543  544  545  546  547  548  549  550
  551  552  553  554  555  556  557  558  559  560  561  562  563  564
  565  566  567  568  569  570  571  572  808  809  810  811  812  813
  814  870  877  878  879 1030 1031 1032 1033 1034 1035 1036 1037 1038
 1039 1040 1053 1054 1055 1056 1057 1058 1059 1060 1061 1062 1063 1064
 1065 1066 1067 1068 1069 1070 1071 1072 1073 1074 1075 1076 1077 1078
 1079 1080 1081 1082 1083 1084 1085 1086 1087 1088 1089 1090 1091 1092
 1093 1094 1095 1096 1097 1098 1099 1100 1101 1102 1103 1104 1105 1106
 1107 1108 1109 1110 1111 1112 1113 1114 1115 1116 1117 1118 1119 1120
 1121 1122 1123 1124 1125 1126 1127 1128 1129 1130 1131 1132 1133 1134
 1135 1136 1137 1138 1139 1140 1141 1142 1143 1144 1145 1146 1147 1148
 1149 1150 1151 1152 1153 1154 1155 1366 1367 1368 1369 1370 1371 1372
 1373 1374 1375 1376 1377 1378 1379 1380 1381 1382 1383 1384 1385 1386
 1387 1388 1389 1390 1391 1392 1393 1394 1395 1396 1397 1398 1399 1400
 1401 1402 1403 1404 1405 1406 1407 1408 1409 1410 1411 1412 1413 1414
 1415 1416 1417 1554 1555 1556 1557 1558 1559 1560 1561 1562 1563 1564
 1565 1566 1567 1568 1569 1570 1571 1572 1573 1574 1575 1576 1577 1578
 1579 1580 1581 1582 1583 1584 1585 1586 1587 1588 1589 1590 1591 1592
 1593 1594 1595 1596 1597 1598 1599 1600 1601 1602 1603 1604 1605 1606
 1607 1608 1609 1610 1611 1612 1613 1614 1615 1616 1617 1618 1619 1620
 1621 1622 1623 1624 1625 1626 1627 1628 1629 1630 1631 1632 1633 1634
 1635 1636 1637 1638 1639 1640 1641 1642 1643 1644 1645 1646 1647 1648
 1649 1650 1651 1652 1653 1654 1655 1656 1657 1658 1659 1660 1661 2331
 2332 2333 2334 2335 2336 2337 2338 2339 2340 2341 2342 2343 2344 2345
 2346 2347 2348 2349 2350 2351 2352 2353 2354 2355 2356 2357 2358 2359
 2360 2361 2362 2363 2364 2365 2366 2367 2368 2369 2370 2371 2372 2373
 2374 2375 2376 2377 2378 2379 2380 2381 2382 2383 2384 2385 2386 2408
 2409]
[0, 0, 0, 1, 1, 1, 1, 1, 1, 1, 1, 1, 1, 1, 1, 2, 2, 2, 2, 2, 2, 2, 2, 2, 2, 2, 2, 2, 2, 2, 2, 2, 2, 2, 2, 2, 2, 2, 2, 2, 2, 2, 2, 2, 2, 2, 2, 2, 2, 2, 2, 2, 2, 2, 2, 2, 2, 2, 2, 2, 2, 2, 2, 2, 2, 2, 2, 2, 2, 2, 2, 2, 2, 2, 2, 2, 2, 2, 2, 2, 2, 2, 2, 2, 2, 2, 2, 2, 2, 2, 2, 2, 2, 2, 2, 2, 2, 2, 2, 2, 2, 2, 2, 2, 2, 2, 2, 2, 2, 2, 2, 2, 2, 2, 2, 2, 2, 2, 2, 2, 2, 2, 2, 2, 2, 2, 2, 2, 2, 2, 2, 2, 2, 2, 2, 2, 2, 2, 2, 2, 2, 2, 2, 2, 2, 2, 2, 2, 2, 2, 2, 2, 2, 2, 2, 2, 2, 2, 2, 2, 2, 2, 2, 2, 2, 2, 2, 2, 2, 2, 3, 3, 3, 3, 3, 3, 3, 3, 3, 3, 3, 3, 3, 3, 3, 3, 3, 3, 3, 3, 3, 3, 3, 3, 3, 3, 3, 3, 3, 3, 3, 3, 3, 3, 3, 3, 3, 3, 3, 3, 3, 3, 3, 3, 3, 3, 3, 3, 3, 3, 3, 3, 3, 3, 3, 3, 3, 3, 3, 3, 3, 3, 3, 3, 3, 3, 3, 3, 3, 3, 3, 3, 3, 3, 3, 3, 3, 3, 3, 3, 3, 3, 3, 3, 3, 3, 3, 3, 3, 3, 3, 3, 3, 3, 3, 3, 3, 3, 3, 3, 3, 3, 3, 3, 3, 3, 3, 3, 3, 3, 3, 3, 3, 3, 3, 3, 3, 3, 3, 3, 3, 3, 3, 3, 3, 3, 3, 3, 3, 3, 3, 3, 3, 3, 3, 3, 3, 3, 3, 3, 3, 3, 3, 3, 3, 3, 4, 4, 4, 4, 4, 4, 4, 5, 6, 6, 6, 7, 7, 7, 7, 7, 7, 7, 7, 7, 7, 7, 8, 8, 8, 8, 8, 8, 8, 8, 8, 8, 8, 8, 8, 8, 8, 8, 8, 8, 8, 8, 8, 8, 8, 8, 8, 8, 8, 8, 8, 8, 8, 8, 8, 8, 8, 8, 8, 8, 8, 8, 8, 8, 8, 8, 8, 8, 8, 8, 8, 8, 8, 8, 8, 8, 8, 8, 8, 8, 8, 8, 8, 8, 8, 8, 8, 8, 8, 8, 8, 8, 8, 8, 8, 8, 8, 8, 8, 8, 8, 8, 8, 8, 8, 8, 8, 8, 8, 8, 8, 8, 8, 8, 8, 8, 8, 8, 8, 8, 8, 8, 8, 8, 8, 9, 9, 9, 9, 9, 9, 9, 9, 9, 9, 9, 9, 9, 9, 9, 9, 9, 9, 9, 9, 9, 9, 9, 9, 9, 9, 9, 9, 9, 9, 9, 9, 9, 9, 9, 9, 9, 9, 9, 9, 9, 9, 9, 9, 9, 9, 9, 9, 9, 9, 9, 9, 11, 11, 11, 11, 11, 11, 11, 11, 11, 11, 11, 11, 11, 11, 11, 11, 11, 11, 11, 11, 11, 11, 11, 11, 11, 11, 11, 11, 11, 11, 11, 11, 11, 11, 11, 11, 11, 11, 11, 11, 11, 11, 11, 11, 11, 11, 11, 11, 11, 11, 11, 11, 11, 11, 11, 11, 11, 11, 11, 11, 11, 11, 11, 11, 11, 11, 11, 11, 11, 11, 11, 11, 11, 11, 11, 11, 11, 11, 11, 11, 11, 11, 11, 11, 11, 11, 11, 11, 11, 11, 11, 11, 11, 11, 11, 11, 11, 11, 11, 11, 11, 11, 11, 11, 11, 11, 11, 11, 12, 12, 12, 12, 12, 12, 12, 12, 12, 12, 12, 12, 12, 12, 12, 12, 12, 12, 12, 12, 12, 12, 12, 12, 12, 12, 12, 12, 12, 12, 12, 12, 12, 12, 12, 12, 12, 12, 12, 12, 12, 12, 12, 12, 12, 12, 12, 12, 12, 12, 12, 12, 12, 12, 12, 12, 13, 13]
[0, 0, 0, 0, 0, 0, 0, 0, 0, 0, 0, 0, 0, 0, 0, 0, 0, 0, 0, 0, 0, 0, 0, 0, 0, 0, 1, 1, 1, 1, 1, 1, 1, 1, 1, 1, 1, 1, 1, 1, 1, 1, 1, 1, 1, 2, 2, 2, 2, 2, 2, 2, 2, 2, 2, 2, 2, 2, 2, 2, 2, 2, 2, 2, 2, 2, 2, 2, 2, 2, 2, 2, 2, 2, 2, 2, 2, 2, 2, 2, 2, 2, 2, 2, 2, 2, 2, 2, 2, 2, 2, 2, 2, 2, 2, 2, 2, 2, 2, 2, 2, 2, 2, 2, 2, 2, 2, 2, 2, 2, 2, 2, 2, 2, 2, 2, 2, 2, 2, 2, 2, 2, 2, 2, 2, 2, 2, 2, 2, 2, 2, 2, 2, 2, 2, 2, 2, 2, 2, 2, 2, 2, 2, 2, 2, 2, 2, 2, 2, 2, 2, 2, 2, 2, 2, 3, 3, 3, 3, 3, 3, 3, 3, 3, 3, 3, 3, 3, 3, 3, 3, 3, 3, 3, 3, 3, 3, 3, 3, 3, 3, 3, 3, 3, 3, 3, 3, 3, 3, 3, 3, 3, 3, 3, 3, 3, 3, 3, 3, 3, 3, 3, 3, 3, 3, 3, 3, 3, 3, 3, 4, 4, 5, 5, 5, 6, 6, 6, 6, 6, 6, 6, 6, 6, 6, 6, 6, 6, 6, 6, 6, 6, 6, 6, 6, 6, 6, 6, 6, 6, 6, 6, 6, 6, 6, 6, 6, 6, 6, 6, 6, 6, 6, 6, 6, 6, 6, 6, 6, 6, 6, 6, 6, 6, 6, 6, 6, 6, 6, 6, 6, 6, 6, 6, 6, 6, 6, 6, 6, 6, 6, 6, 6, 6, 6, 6, 6, 6, 6, 7, 7, 8, 8, 8, 8, 8, 8, 8, 8, 8, 8, 8, 8, 8, 8, 8, 8, 8, 8, 8, 8, 8, 8, 8, 8, 8, 8, 8, 8, 8, 8, 8, 8, 8, 8, 8, 8, 8, 8, 8, 8, 8, 8, 8, 8, 8, 8, 8, 8, 8, 8, 8, 8, 8, 8, 8, 8, 8, 8, 8, 8, 8, 8, 8, 8, 8, 8, 8, 8, 8, 8, 8, 8, 8, 8, 8, 8, 8, 8, 8, 8, 8, 8, 8, 8, 8, 8, 8, 8, 8, 8, 8, 8, 8, 8, 8, 8, 8, 8, 8, 8, 8, 8, 8, 8, 8, 8, 8, 8, 8, 8, 8, 8, 8, 8, 8, 8, 8, 8, 8, 8, 8, 8, 8, 8, 8, 8, 8, 8, 8, 8, 8, 8, 8, 8, 8, 8, 8, 8, 8, 8, 8, 8, 8, 8, 8, 8, 8, 8, 8, 8, 8, 8, 8, 8, 8, 8, 8, 8, 8, 8, 8, 8, 8, 8, 8, 8, 8, 8, 8, 8, 8, 8, 8, 8, 8, 8, 8, 8, 8, 8, 8, 8, 8, 8, 8, 8, 8, 8, 8, 8, 8, 8, 8, 8, 9, 9, 9, 9, 9, 9, 9, 9, 10, 10, 10, 10, 10, 10, 10, 10, 10, 10, 10, 10, 10, 10, 10, 10, 10, 10, 10, 10, 10, 10, 10, 10, 10, 10, 10, 10, 10, 10, 10, 10, 10, 10, 10, 10, 10, 10, 10, 10, 10, 10, 10, 10, 10, 10, 10, 10, 10, 10, 10, 10, 10, 10, 10, 10, 10, 10, 10, 10, 10, 10, 10, 10, 10, 11, 11, 11, 11, 11, 11, 11, 11, 11, 11, 11, 11, 11, 11, 11, 11, 11, 11, 11, 11, 11, 11, 11, 11, 11, 11, 11, 11, 11, 11, 11, 11, 11, 11, 11, 11, 11, 11, 11, 11, 11, 11, 11, 11, 11, 11, 11, 11, 11, 11, 11, 11, 11, 11, 11, 11, 11, 11, 11, 11, 11, 11, 11, 11, 11, 11, 11, 11, 11, 11, 11, 11, 11, 11, 11, 11, 11, 11, 11, 11, 11, 11, 11, 11, 11, 11, 11, 11, 11, 11, 11, 11, 11, 11, 11, 11, 11, 11, 11, 11, 11, 11, 11, 11, 11, 11, 11, 11, 11, 11, 11, 11, 11, 11, 11, 11, 11, 11, 11, 11, 11, 11, 11, 11, 11, 11, 11, 11, 11, 11, 11, 11, 11, 11, 11, 11, 11, 11, 11, 11, 11, 11, 11, 11, 11, 11, 11, 11, 11, 11, 11, 11, 11, 11, 11, 11, 11, 11, 11, 11, 11, 11, 11, 11, 11, 11, 11, 11, 11, 11, 11, 11, 11, 11, 11, 11, 11, 11, 11, 11, 11, 11, 11, 11, 11, 11, 11, 11, 11, 11, 11, 11, 11, 11, 11, 11, 11, 11, 11, 11, 11, 11, 11, 11, 11, 11, 11, 11, 11, 11, 11, 11, 11, 11, 11, 11, 11, 11, 11, 11, 11, 11, 11, 11, 11, 11, 11, 11, 11, 11, 11, 11, 11, 11, 11, 11, 11, 11, 11, 11, 11, 11, 11, 11, 11, 11, 11, 11, 11, 11, 11, 11, 11, 11, 11, 11, 11, 11, 11, 11, 11, 11, 11, 11, 11, 11, 11, 11, 11, 11, 11, 11, 11, 11, 11, 11, 11, 11, 11, 11, 11, 11, 11, 11, 11, 11, 11, 11, 11, 11, 11, 11, 11, 11, 11, 11, 11, 11, 11, 11, 11, 11, 11, 11, 11, 11, 11, 11, 11, 11, 11, 11, 11, 11, 11, 11, 11, 11, 11, 11, 11, 11, 11, 11, 11, 11, 11, 11, 11, 11, 11, 11, 11, 11, 11, 11, 11, 11, 11, 11, 11, 11, 11, 11, 11, 11, 11, 11, 11, 11, 11, 11, 11, 11, 11, 11, 11, 11, 11, 11, 11, 11, 11, 11, 11, 11, 11, 11, 11, 11, 11, 11, 11, 11, 11, 11, 11, 11, 11, 11, 11, 11, 11, 11, 11, 11, 11, 11, 11, 11, 11, 11, 11, 11, 11, 11, 11, 11, 11, 11, 11, 11, 11, 11, 11, 11, 11, 11, 11, 11, 11, 12, 12, 12, 12, 12, 12, 12, 12, 12, 12, 12, 12, 12, 12, 12, 12, 12, 12, 13, 13, 13, 13, 13, 13, 13, 13, 13, 13, 13, 13, 13, 13, 13, 13, 13, 13, 13, 13, 13, 13, 13, 13, 13, 13, 13, 13, 13, 13, 13, 13, 13, 13, 13, 13, 13, 13, 13, 13, 13]
[0, 0, 0, 0, 0, 1, 1, 1, 1, 1, 1, 1, 1, 1, 1, 1, 1, 1, 1, 1, 1, 1, 1, 1, 1, 1, 1, 1, 1, 1, 1, 1, 1, 1, 1, 1, 1, 1, 1, 1, 1, 1, 1, 1, 1, 1, 1, 1, 1, 1, 1, 1, 1, 1, 1, 1, 1, 1, 1, 1, 1, 1, 1, 1, 1, 1, 1, 1, 1, 1, 1, 1, 1, 1, 1, 1, 1, 1, 1, 1, 1, 1, 1, 1, 1, 1, 1, 1, 1, 1, 1, 1, 1, 1, 1, 1, 1, 2, 2, 2, 2, 2, 3, 3, 3, 3, 3, 3, 3, 3, 3, 3, 3, 3, 3, 3, 3, 3, 3, 3, 3, 3, 3, 3, 3, 3, 3, 3, 3, 3, 3, 3, 3, 3, 3, 3, 3, 3, 3, 3, 3, 3, 3, 3, 3, 3, 3, 3, 3, 3, 3, 3, 3, 3, 3, 3, 3, 3, 3, 3, 3, 3, 3, 3, 3, 3, 3, 3, 3, 3, 3, 3, 3, 3, 3, 3, 3, 3, 3, 3, 3, 3, 3, 3, 3, 3, 3, 3, 3, 3, 3, 3, 3, 3, 3, 3, 3, 3, 3, 3, 3, 3, 3, 3, 3, 3, 3, 3, 3, 3, 3, 3, 3, 3, 3, 3, 3, 3, 3, 3, 3, 3, 3, 3, 3, 3, 3, 3, 3, 3, 3, 3, 3, 3, 3, 3, 3, 3, 3, 3, 3, 3, 3, 3, 3, 3, 3, 3, 3, 3, 3, 3, 3, 3, 3, 3, 3, 3, 3, 3, 3, 3, 3, 3, 3, 3, 3, 3, 3, 3, 3, 3, 3, 3, 3, 3, 3, 3, 3, 3, 3, 3, 4, 4, 4, 4, 4, 4, 4, 4, 4, 4, 4, 4, 4, 4, 4, 4, 4, 4, 4, 4, 4, 4, 4, 4, 4, 4, 4, 4, 4, 4, 4, 4, 4, 4, 4, 4, 4, 4, 4, 4, 4, 4, 4, 4, 4, 4, 4, 4, 4, 4, 4, 4, 4, 5, 5, 5, 6, 6, 6, 6, 6, 6, 6, 6, 6, 6, 6, 6, 6, 6, 6, 6, 6, 6, 6, 6, 6, 6, 6, 6, 6, 6, 6, 6, 6, 6, 6, 6, 6, 6, 6, 6, 6, 6, 6, 6, 6, 6, 6, 6, 6, 6, 6, 6, 6, 6, 6, 6, 6, 6, 6, 6, 6, 6, 6, 6, 6, 6, 6, 6, 6, 6, 6, 6, 6, 6, 6, 6, 6, 6, 6, 6, 7, 7, 7, 7, 7, 7, 7, 7, 7, 7, 8, 8, 8, 8, 8, 8, 8, 8, 8, 8, 8, 8, 8, 8, 8, 8, 9, 9, 9, 9, 9, 9, 9, 9, 10, 10, 10, 10, 10, 10, 10, 10, 10, 10, 10, 10, 10, 10, 10, 10, 10, 10, 10, 10, 10, 10, 10, 10, 10, 10, 10, 10, 10, 10, 10, 10, 10, 10, 10, 10, 10, 10, 10, 10, 10, 10, 10, 10, 10, 10, 10, 10, 10, 10, 10, 10, 10, 10, 10, 11, 11, 11, 11, 11, 11, 11, 11, 11, 11, 11, 11, 11, 11, 11, 11, 11, 11, 11, 11, 11, 11, 11, 11, 11, 11, 11, 11, 11, 11, 11, 11, 11, 11, 11, 11, 11, 11, 11, 11, 11, 11, 11, 11, 11, 11, 11, 11, 11, 11, 11, 11, 11, 11, 11, 11, 11, 11, 11, 11, 11, 11, 11, 11, 11, 11, 11, 11, 11, 11, 11, 11, 11, 11, 11, 11, 11, 11, 11, 11, 11, 11, 11, 11, 11, 11, 11, 11, 11, 11, 11, 11, 11, 11, 11, 11, 11, 11, 11, 11, 11, 11, 11, 11, 11, 11, 11, 11, 11, 11, 11, 11, 11, 11, 11, 11, 11, 11, 11, 11, 11, 11, 11, 11, 11, 11, 11, 11, 11, 11, 11, 11, 11, 11, 11, 11, 11, 11, 11, 11, 11, 11, 11, 11, 11, 11, 11, 11, 11, 11, 11, 11, 11, 11, 11, 11, 11, 11, 11, 11, 11, 11, 11, 11, 11, 11, 11, 11, 11, 11, 11, 11, 11, 11, 11, 11, 11, 11, 11, 11, 11, 11, 11, 11, 11, 11, 11, 11, 11, 11, 11, 11, 11, 11, 11, 11, 11, 11, 11, 11, 11, 11, 11, 11, 11, 11, 11, 11, 11, 11, 11, 11, 11, 11, 11, 11, 11, 11, 11, 11, 11, 11, 11, 11, 11, 11, 11, 11, 11, 11, 11, 11, 11, 11, 11, 11, 11, 11, 11, 11, 11, 11, 11, 11, 11, 11, 11, 11, 11, 11, 11, 11, 11, 11, 11, 11, 11, 11, 12, 12, 12, 13, 13, 13, 13, 13, 13, 13, 13]
shapelet initialized!
All 3 clients initialized.
Server device: cuda:0
Client worker groups: [[0], [1], [2]]
Client worker devices: ['cuda:0', 'cuda:0', 'cuda:0']
客户端选择未启用，所有客户端参与聚合
[fedcsl] precomputed client scale scores once in 0.303s; planned scale coverage: [1, 1, 2, 2, 1, 1, 2, 2]
[round 0] reused planned scale coverage: [1, 1, 2, 2, 1, 1, 2, 2]
/data/user_lixiongfei/CSL-main/train.py:801: UserWarning: Creating a tensor from a list of numpy.ndarrays is extremely slow. Please consider converting the list to a single numpy.ndarray with numpy.array() before converting to a tensor. (Triggered internally at ../torch/csrc/utils/tensor_new.cpp:278.)
  X = torch.tensor(X, dtype=torch.float)
Classification: train=1.0000 test=0.5754 round=0
[round 0] timing train=76.474s distribution=0.998s agg=0.192s eval=97.231s total=174.917s
[round 1] reused planned scale coverage: [1, 1, 2, 2, 1, 1, 2, 2]
Classification: train=1.0000 test=0.5815 round=1
[round 1] timing train=163.710s distribution=0.923s agg=0.154s eval=92.748s total=257.552s
[round 2] reused planned scale coverage: [1, 1, 2, 2, 1, 1, 2, 2]
Classification: train=1.0000 test=0.5831 round=2
[round 2] timing train=169.175s distribution=0.761s agg=0.143s eval=97.661s total=267.759s
[round 3] reused planned scale coverage: [1, 1, 2, 2, 1, 1, 2, 2]
Classification: train=1.0000 test=0.5843 round=3
[round 3] timing train=166.996s distribution=1.000s agg=0.187s eval=79.767s total=247.968s
[round 4] reused planned scale coverage: [1, 1, 2, 2, 1, 1, 2, 2]
Classification: train=1.0000 test=0.5807 round=4
[round 4] timing train=147.642s distribution=0.947s agg=0.094s eval=92.229s total=240.928s
[round 5] reused planned scale coverage: [1, 1, 2, 2, 1, 1, 2, 2]
Classification: train=1.0000 test=0.5766 round=5
[round 5] timing train=157.052s distribution=0.859s agg=0.112s eval=92.414s total=250.451s
[round 6] reused planned scale coverage: [1, 1, 2, 2, 1, 1, 2, 2]
Classification: train=1.0000 test=0.5730 round=6
[round 6] timing train=164.521s distribution=0.595s agg=0.127s eval=83.351s total=248.611s
[round 7] reused planned scale coverage: [1, 1, 2, 2, 1, 1, 2, 2]
Classification: train=1.0000 test=0.5693 round=7
[round 7] timing train=161.289s distribution=0.981s agg=0.047s eval=93.814s total=256.169s
[round 8] reused planned scale coverage: [1, 1, 2, 2, 1, 1, 2, 2]
Classification: train=1.0000 test=0.5714 round=8
[round 8] timing train=164.447s distribution=0.965s agg=0.090s eval=94.222s total=259.749s
[round 9] reused planned scale coverage: [1, 1, 2, 2, 1, 1, 2, 2]
Classification: train=1.0000 test=0.5746 round=9
[round 9] timing train=163.758s distribution=0.836s agg=0.166s eval=86.386s total=251.160s
[round 10] reused planned scale coverage: [1, 1, 2, 2, 1, 1, 2, 2]
Classification: train=1.0000 test=0.5706 round=10
[round 10] timing train=168.489s distribution=1.062s agg=0.110s eval=87.110s total=256.820s
[round 11] reused planned scale coverage: [1, 1, 2, 2, 1, 1, 2, 2]
Classification: train=1.0000 test=0.5726 round=11
[round 11] timing train=171.868s distribution=0.758s agg=0.050s eval=87.132s total=259.822s
[round 12] reused planned scale coverage: [1, 1, 2, 2, 1, 1, 2, 2]
Classification: train=1.0000 test=0.5746 round=12
[round 12] timing train=167.100s distribution=0.872s agg=0.133s eval=93.252s total=261.392s
[round 13] reused planned scale coverage: [1, 1, 2, 2, 1, 1, 2, 2]
Classification: train=1.0000 test=0.5762 round=13
[round 13] timing train=163.984s distribution=1.032s agg=0.125s eval=94.938s total=260.123s
[round 14] reused planned scale coverage: [1, 1, 2, 2, 1, 1, 2, 2]
Classification: train=1.0000 test=0.5783 round=14
[round 14] timing train=169.292s distribution=1.074s agg=0.168s eval=99.856s total=270.403s
[round 15] reused planned scale coverage: [1, 1, 2, 2, 1, 1, 2, 2]
Classification: train=1.0000 test=0.5775 round=15
[round 15] timing train=164.280s distribution=0.879s agg=0.141s eval=87.215s total=252.549s
[round 16] reused planned scale coverage: [1, 1, 2, 2, 1, 1, 2, 2]
Classification: train=1.0000 test=0.5758 round=16
[round 16] timing train=164.027s distribution=0.890s agg=0.145s eval=83.750s total=248.840s
[round 17] reused planned scale coverage: [1, 1, 2, 2, 1, 1, 2, 2]
Classification: train=1.0000 test=0.5762 round=17
[round 17] timing train=162.849s distribution=0.799s agg=0.095s eval=92.882s total=256.654s
[round 18] reused planned scale coverage: [1, 1, 2, 2, 1, 1, 2, 2]
Classification: train=1.0000 test=0.5758 round=18
[round 18] timing train=168.680s distribution=1.025s agg=0.102s eval=88.363s total=258.207s
[round 19] reused planned scale coverage: [1, 1, 2, 2, 1, 1, 2, 2]
Classification: train=1.0000 test=0.5758 round=19
[round 19] timing train=161.062s distribution=0.909s agg=0.217s eval=80.612s total=242.827s
[round 20] reused planned scale coverage: [1, 1, 2, 2, 1, 1, 2, 2]
Classification: train=1.0000 test=0.5783 round=20
[round 20] timing train=162.770s distribution=1.050s agg=0.176s eval=87.599s total=251.622s
[round 21] reused planned scale coverage: [1, 1, 2, 2, 1, 1, 2, 2]
Classification: train=1.0000 test=0.5787 round=21
[round 21] timing train=165.343s distribution=0.923s agg=0.155s eval=94.255s total=260.702s
[round 22] reused planned scale coverage: [1, 1, 2, 2, 1, 1, 2, 2]
Classification: train=1.0000 test=0.5791 round=22
[round 22] timing train=168.311s distribution=0.835s agg=0.179s eval=89.599s total=258.934s
[round 23] reused planned scale coverage: [1, 1, 2, 2, 1, 1, 2, 2]
Classification: train=1.0000 test=0.5807 round=23
[round 23] timing train=161.447s distribution=1.206s agg=0.139s eval=88.531s total=251.329s
[round 24] reused planned scale coverage: [1, 1, 2, 2, 1, 1, 2, 2]
Classification: train=1.0000 test=0.5799 round=24
[round 24] timing train=157.135s distribution=0.775s agg=0.206s eval=79.648s total=237.794s
[round 25] reused planned scale coverage: [1, 1, 2, 2, 1, 1, 2, 2]
Classification: train=1.0000 test=0.5795 round=25
[round 25] timing train=167.891s distribution=0.973s agg=0.160s eval=89.385s total=258.414s
[round 26] reused planned scale coverage: [1, 1, 2, 2, 1, 1, 2, 2]
Classification: train=1.0000 test=0.5803 round=26
[round 26] timing train=158.606s distribution=1.098s agg=0.112s eval=91.571s total=251.400s
[round 27] reused planned scale coverage: [1, 1, 2, 2, 1, 1, 2, 2]
Classification: train=1.0000 test=0.5811 round=27
[round 27] timing train=162.877s distribution=1.004s agg=0.083s eval=86.083s total=250.079s
[round 28] reused planned scale coverage: [1, 1, 2, 2, 1, 1, 2, 2]
Classification: train=1.0000 test=0.5799 round=28
[round 28] timing train=160.765s distribution=0.960s agg=0.082s eval=87.567s total=249.378s
[round 29] reused planned scale coverage: [1, 1, 2, 2, 1, 1, 2, 2]
Classification: train=1.0000 test=0.5803 round=29
[round 29] timing train=171.213s distribution=0.624s agg=0.154s eval=85.788s total=257.818s
[fedcsl] checkpoint saved → ./checkpoint/resume/fedcsl_LSST_2026-05-04-14har_fedcsl-onehot-fullteacher_dir1.0.pt (round=30)
[round 30] reused planned scale coverage: [1, 1, 2, 2, 1, 1, 2, 2]
Classification: train=1.0000 test=0.5795 round=30
[round 30] timing train=164.547s distribution=0.844s agg=0.058s eval=81.214s total=246.722s
[round 31] reused planned scale coverage: [1, 1, 2, 2, 1, 1, 2, 2]
Classification: train=1.0000 test=0.5799 round=31
[round 31] timing train=154.068s distribution=0.885s agg=0.058s eval=73.314s total=228.378s
[round 32] reused planned scale coverage: [1, 1, 2, 2, 1, 1, 2, 2]
Classification: train=1.0000 test=0.5807 round=32
[round 32] timing train=178.936s distribution=0.703s agg=0.144s eval=89.079s total=268.866s
[round 33] reused planned scale coverage: [1, 1, 2, 2, 1, 1, 2, 2]
Classification: train=1.0000 test=0.5799 round=33
[round 33] timing train=170.167s distribution=0.771s agg=0.110s eval=87.486s total=258.600s
[round 34] reused planned scale coverage: [1, 1, 2, 2, 1, 1, 2, 2]
Classification: train=1.0000 test=0.5803 round=34
[round 34] timing train=158.333s distribution=0.814s agg=0.115s eval=89.184s total=248.492s
[round 35] reused planned scale coverage: [1, 1, 2, 2, 1, 1, 2, 2]
Classification: train=1.0000 test=0.5799 round=35
[round 35] timing train=157.622s distribution=1.030s agg=0.089s eval=84.717s total=243.470s
[round 36] reused planned scale coverage: [1, 1, 2, 2, 1, 1, 2, 2]
Classification: train=1.0000 test=0.5799 round=36
[round 36] timing train=175.365s distribution=0.726s agg=0.118s eval=89.975s total=266.217s
[round 37] reused planned scale coverage: [1, 1, 2, 2, 1, 1, 2, 2]
Classification: train=1.0000 test=0.5807 round=37
[round 37] timing train=165.962s distribution=0.914s agg=0.174s eval=89.371s total=256.433s
[round 38] reused planned scale coverage: [1, 1, 2, 2, 1, 1, 2, 2]
Classification: train=1.0000 test=0.5819 round=38
[round 38] timing train=162.464s distribution=0.907s agg=0.222s eval=91.697s total=255.319s
[round 39] reused planned scale coverage: [1, 1, 2, 2, 1, 1, 2, 2]
Classification: train=1.0000 test=0.5811 round=39
[round 39] timing train=163.148s distribution=0.823s agg=0.068s eval=89.286s total=253.338s
[round 40] reused planned scale coverage: [1, 1, 2, 2, 1, 1, 2, 2]
Classification: train=1.0000 test=0.5811 round=40
[round 40] timing train=171.204s distribution=0.877s agg=0.122s eval=88.596s total=260.820s
[round 41] reused planned scale coverage: [1, 1, 2, 2, 1, 1, 2, 2]
Classification: train=1.0000 test=0.5803 round=41
[round 41] timing train=166.343s distribution=0.845s agg=0.128s eval=86.718s total=254.084s
[round 42] reused planned scale coverage: [1, 1, 2, 2, 1, 1, 2, 2]
Classification: train=1.0000 test=0.5811 round=42
[round 42] timing train=174.184s distribution=0.972s agg=0.121s eval=95.012s total=270.314s
[round 43] reused planned scale coverage: [1, 1, 2, 2, 1, 1, 2, 2]
Classification: train=1.0000 test=0.5819 round=43
[round 43] timing train=167.605s distribution=0.987s agg=0.061s eval=90.679s total=259.360s
[round 44] reused planned scale coverage: [1, 1, 2, 2, 1, 1, 2, 2]
Classification: train=1.0000 test=0.5823 round=44
[round 44] timing train=167.880s distribution=1.109s agg=0.185s eval=92.491s total=261.723s
[round 45] reused planned scale coverage: [1, 1, 2, 2, 1, 1, 2, 2]
Classification: train=1.0000 test=0.5823 round=45
[round 45] timing train=164.520s distribution=0.977s agg=0.223s eval=88.672s total=254.426s
[round 46] reused planned scale coverage: [1, 1, 2, 2, 1, 1, 2, 2]
Classification: train=1.0000 test=0.5831 round=46
[round 46] timing train=165.606s distribution=0.974s agg=0.229s eval=95.210s total=262.023s
[round 47] reused planned scale coverage: [1, 1, 2, 2, 1, 1, 2, 2]
Classification: train=1.0000 test=0.5823 round=47
[round 47] timing train=166.478s distribution=0.937s agg=0.227s eval=91.542s total=259.201s
[round 48] reused planned scale coverage: [1, 1, 2, 2, 1, 1, 2, 2]
Classification: train=1.0000 test=0.5811 round=48
[round 48] timing train=163.579s distribution=0.801s agg=0.242s eval=86.008s total=250.642s
[round 49] reused planned scale coverage: [1, 1, 2, 2, 1, 1, 2, 2]
Classification: train=1.0000 test=0.5807 round=49
[round 49] timing train=170.299s distribution=0.934s agg=0.181s eval=91.264s total=262.707s
[round 50] reused planned scale coverage: [1, 1, 2, 2, 1, 1, 2, 2]
Classification: train=1.0000 test=0.5795 round=50
[round 50] timing train=174.153s distribution=0.939s agg=0.151s eval=91.899s total=267.147s
[round 51] reused planned scale coverage: [1, 1, 2, 2, 1, 1, 2, 2]
Classification: train=1.0000 test=0.5795 round=51
[round 51] timing train=174.949s distribution=1.101s agg=0.216s eval=88.795s total=265.067s
[round 52] reused planned scale coverage: [1, 1, 2, 2, 1, 1, 2, 2]
Classification: train=1.0000 test=0.5795 round=52
[round 52] timing train=164.370s distribution=1.105s agg=0.194s eval=84.327s total=250.025s
[round 53] reused planned scale coverage: [1, 1, 2, 2, 1, 1, 2, 2]
Classification: train=1.0000 test=0.5799 round=53
[round 53] timing train=152.795s distribution=0.901s agg=0.202s eval=87.102s total=241.018s
[round 54] reused planned scale coverage: [1, 1, 2, 2, 1, 1, 2, 2]
Classification: train=1.0000 test=0.5803 round=54
[round 54] timing train=177.146s distribution=0.758s agg=0.073s eval=95.519s total=273.506s
[round 55] reused planned scale coverage: [1, 1, 2, 2, 1, 1, 2, 2]
Classification: train=1.0000 test=0.5803 round=55
[round 55] timing train=163.096s distribution=0.860s agg=0.229s eval=90.114s total=254.305s
[round 56] reused planned scale coverage: [1, 1, 2, 2, 1, 1, 2, 2]
Classification: train=1.0000 test=0.5811 round=56
[round 56] timing train=163.692s distribution=0.916s agg=0.137s eval=92.567s total=257.345s
[round 57] reused planned scale coverage: [1, 1, 2, 2, 1, 1, 2, 2]
Classification: train=1.0000 test=0.5803 round=57
[round 57] timing train=161.743s distribution=0.873s agg=0.222s eval=86.778s total=249.649s
[round 58] reused planned scale coverage: [1, 1, 2, 2, 1, 1, 2, 2]
Classification: train=1.0000 test=0.5819 round=58
[round 58] timing train=177.790s distribution=0.986s agg=0.070s eval=88.694s total=267.550s
[round 59] reused planned scale coverage: [1, 1, 2, 2, 1, 1, 2, 2]
Classification: train=1.0000 test=0.5831 round=59
[round 59] timing train=139.098s distribution=0.673s agg=0.120s eval=87.977s total=227.872s
[fedcsl] checkpoint saved → ./checkpoint/resume/fedcsl_LSST_2026-05-04-14har_fedcsl-onehot-fullteacher_dir1.0.pt (round=60)
[round 60] reused planned scale coverage: [1, 1, 2, 2, 1, 1, 2, 2]
Classification: train=1.0000 test=0.5831 round=60
[round 60] timing train=169.478s distribution=0.961s agg=0.102s eval=87.301s total=257.857s
[round 61] reused planned scale coverage: [1, 1, 2, 2, 1, 1, 2, 2]
Classification: train=1.0000 test=0.5827 round=61
[round 61] timing train=172.495s distribution=1.030s agg=0.167s eval=86.171s total=259.887s
[round 62] reused planned scale coverage: [1, 1, 2, 2, 1, 1, 2, 2]
Classification: train=1.0000 test=0.5831 round=62
[round 62] timing train=171.464s distribution=0.745s agg=0.121s eval=87.998s total=260.392s
[round 63] reused planned scale coverage: [1, 1, 2, 2, 1, 1, 2, 2]
Classification: train=1.0000 test=0.5835 round=63
[round 63] timing train=166.900s distribution=0.924s agg=0.128s eval=88.793s total=256.750s
[round 64] reused planned scale coverage: [1, 1, 2, 2, 1, 1, 2, 2]
Classification: train=1.0000 test=0.5843 round=64
[round 64] timing train=162.511s distribution=0.750s agg=0.123s eval=82.823s total=246.248s
[round 65] reused planned scale coverage: [1, 1, 2, 2, 1, 1, 2, 2]
Classification: train=1.0000 test=0.5848 round=65
[round 65] timing train=170.860s distribution=1.100s agg=0.206s eval=88.785s total=260.990s
[round 66] reused planned scale coverage: [1, 1, 2, 2, 1, 1, 2, 2]
Classification: train=1.0000 test=0.5856 round=66
[round 66] timing train=169.760s distribution=0.967s agg=0.081s eval=89.537s total=260.385s
[round 67] reused planned scale coverage: [1, 1, 2, 2, 1, 1, 2, 2]
Classification: train=1.0000 test=0.5856 round=67
[round 67] timing train=171.057s distribution=1.083s agg=0.139s eval=85.447s total=257.738s
[round 68] reused planned scale coverage: [1, 1, 2, 2, 1, 1, 2, 2]
Classification: train=1.0000 test=0.5852 round=68
[round 68] timing train=162.787s distribution=0.810s agg=0.032s eval=87.013s total=250.647s
[round 69] reused planned scale coverage: [1, 1, 2, 2, 1, 1, 2, 2]
Classification: train=1.0000 test=0.5839 round=69
[round 69] timing train=174.437s distribution=1.296s agg=0.194s eval=95.762s total=271.704s
[round 70] reused planned scale coverage: [1, 1, 2, 2, 1, 1, 2, 2]
Classification: train=1.0000 test=0.5839 round=70
[round 70] timing train=168.323s distribution=0.895s agg=0.176s eval=83.415s total=252.837s
[round 71] reused planned scale coverage: [1, 1, 2, 2, 1, 1, 2, 2]
Classification: train=1.0000 test=0.5839 round=71
[round 71] timing train=167.621s distribution=0.913s agg=0.173s eval=90.529s total=259.266s
[round 72] reused planned scale coverage: [1, 1, 2, 2, 1, 1, 2, 2]
Classification: train=1.0000 test=0.5848 round=72
[round 72] timing train=162.653s distribution=0.894s agg=0.133s eval=86.833s total=250.522s
[round 73] reused planned scale coverage: [1, 1, 2, 2, 1, 1, 2, 2]
Classification: train=1.0000 test=0.5848 round=73
[round 73] timing train=174.074s distribution=0.969s agg=0.122s eval=97.227s total=272.406s
[round 74] reused planned scale coverage: [1, 1, 2, 2, 1, 1, 2, 2]
Classification: train=1.0000 test=0.5852 round=74
[round 74] timing train=164.972s distribution=1.008s agg=0.112s eval=83.955s total=250.079s
[round 75] reused planned scale coverage: [1, 1, 2, 2, 1, 1, 2, 2]
Classification: train=1.0000 test=0.5856 round=75
[round 75] timing train=164.543s distribution=1.089s agg=0.063s eval=88.278s total=254.000s
[round 76] reused planned scale coverage: [1, 1, 2, 2, 1, 1, 2, 2]
Classification: train=1.0000 test=0.5856 round=76
[round 76] timing train=166.615s distribution=0.859s agg=0.179s eval=88.524s total=256.182s
[round 77] reused planned scale coverage: [1, 1, 2, 2, 1, 1, 2, 2]
Classification: train=1.0000 test=0.5856 round=77
[round 77] timing train=175.783s distribution=1.119s agg=0.156s eval=96.828s total=273.892s
[round 78] reused planned scale coverage: [1, 1, 2, 2, 1, 1, 2, 2]
Classification: train=1.0000 test=0.5848 round=78
[round 78] timing train=165.952s distribution=1.109s agg=0.225s eval=89.094s total=256.394s
[round 79] reused planned scale coverage: [1, 1, 2, 2, 1, 1, 2, 2]
Classification: train=1.0000 test=0.5852 round=79
[round 79] timing train=169.537s distribution=0.915s agg=0.238s eval=85.607s total=256.311s
[round 80] reused planned scale coverage: [1, 1, 2, 2, 1, 1, 2, 2]
Classification: train=1.0000 test=0.5856 round=80
[round 80] timing train=163.984s distribution=0.834s agg=0.166s eval=88.615s total=253.614s
[round 81] reused planned scale coverage: [1, 1, 2, 2, 1, 1, 2, 2]
Classification: train=1.0000 test=0.5860 round=81
[round 81] timing train=161.423s distribution=0.950s agg=0.113s eval=85.895s total=248.405s
[round 82] reused planned scale coverage: [1, 1, 2, 2, 1, 1, 2, 2]
Classification: train=1.0000 test=0.5860 round=82
[round 82] timing train=166.489s distribution=0.847s agg=0.104s eval=95.382s total=262.838s
[round 83] reused planned scale coverage: [1, 1, 2, 2, 1, 1, 2, 2]
Classification: train=1.0000 test=0.5852 round=83
[round 83] timing train=163.845s distribution=0.980s agg=0.160s eval=81.142s total=246.156s
[round 84] reused planned scale coverage: [1, 1, 2, 2, 1, 1, 2, 2]
Classification: train=1.0000 test=0.5848 round=84
[round 84] timing train=169.349s distribution=0.846s agg=0.145s eval=87.555s total=257.929s
[round 85] reused planned scale coverage: [1, 1, 2, 2, 1, 1, 2, 2]
Classification: train=1.0000 test=0.5848 round=85
[round 85] timing train=169.007s distribution=0.951s agg=0.209s eval=96.040s total=266.226s
[round 86] reused planned scale coverage: [1, 1, 2, 2, 1, 1, 2, 2]
Classification: train=1.0000 test=0.5835 round=86
[round 86] timing train=169.221s distribution=0.923s agg=0.077s eval=89.956s total=260.191s
[round 87] reused planned scale coverage: [1, 1, 2, 2, 1, 1, 2, 2]
Classification: train=1.0000 test=0.5839 round=87
[round 87] timing train=139.770s distribution=1.134s agg=0.134s eval=97.553s total=238.600s
[round 88] reused planned scale coverage: [1, 1, 2, 2, 1, 1, 2, 2]
Classification: train=1.0000 test=0.5839 round=88
[round 88] timing train=171.955s distribution=0.749s agg=0.147s eval=92.628s total=265.518s
[round 89] reused planned scale coverage: [1, 1, 2, 2, 1, 1, 2, 2]
Classification: train=1.0000 test=0.5835 round=89
[round 89] timing train=190.160s distribution=0.938s agg=0.157s eval=86.651s total=277.933s
[fedcsl] checkpoint saved → ./checkpoint/resume/fedcsl_LSST_2026-05-04-14har_fedcsl-onehot-fullteacher_dir1.0.pt (round=90)
[round 90] reused planned scale coverage: [1, 1, 2, 2, 1, 1, 2, 2]
Classification: train=1.0000 test=0.5831 round=90
[round 90] timing train=180.300s distribution=0.963s agg=0.112s eval=88.162s total=269.551s
[round 91] reused planned scale coverage: [1, 1, 2, 2, 1, 1, 2, 2]
Classification: train=1.0000 test=0.5823 round=91
[round 91] timing train=172.933s distribution=0.842s agg=0.092s eval=82.261s total=256.138s
[round 92] reused planned scale coverage: [1, 1, 2, 2, 1, 1, 2, 2]
Classification: train=1.0000 test=0.5831 round=92
[round 92] timing train=161.429s distribution=1.067s agg=0.033s eval=89.142s total=251.686s
[round 93] reused planned scale coverage: [1, 1, 2, 2, 1, 1, 2, 2]
Classification: train=1.0000 test=0.5827 round=93
[round 93] timing train=184.759s distribution=0.827s agg=0.056s eval=100.244s total=285.935s
[round 94] reused planned scale coverage: [1, 1, 2, 2, 1, 1, 2, 2]
Classification: train=1.0000 test=0.5827 round=94
[round 94] timing train=167.084s distribution=0.872s agg=0.084s eval=83.314s total=251.359s
[round 95] reused planned scale coverage: [1, 1, 2, 2, 1, 1, 2, 2]
Classification: train=1.0000 test=0.5827 round=95
[round 95] timing train=175.650s distribution=0.998s agg=0.177s eval=85.411s total=262.280s
[round 96] reused planned scale coverage: [1, 1, 2, 2, 1, 1, 2, 2]
Classification: train=1.0000 test=0.5827 round=96
[round 96] timing train=181.135s distribution=0.894s agg=0.081s eval=105.337s total=287.473s
[round 97] reused planned scale coverage: [1, 1, 2, 2, 1, 1, 2, 2]
Classification: train=1.0000 test=0.5827 round=97
[round 97] timing train=188.227s distribution=1.105s agg=0.073s eval=94.449s total=283.859s
[round 98] reused planned scale coverage: [1, 1, 2, 2, 1, 1, 2, 2]
Classification: train=1.0000 test=0.5827 round=98
[round 98] timing train=170.899s distribution=1.025s agg=0.169s eval=85.594s total=257.720s
[round 99] reused planned scale coverage: [1, 1, 2, 2, 1, 1, 2, 2]
Classification: train=1.0000 test=0.5831 round=99
[round 99] timing train=159.115s distribution=0.807s agg=0.108s eval=90.932s total=250.992s
[round 100] reused planned scale coverage: [1, 1, 2, 2, 1, 1, 2, 2]
Classification: train=1.0000 test=0.5827 round=100
[round 100] timing train=176.290s distribution=0.819s agg=0.095s eval=85.400s total=262.613s
[round 101] reused planned scale coverage: [1, 1, 2, 2, 1, 1, 2, 2]
Classification: train=1.0000 test=0.5831 round=101
[round 101] timing train=189.663s distribution=1.122s agg=0.156s eval=92.226s total=283.198s
[round 102] reused planned scale coverage: [1, 1, 2, 2, 1, 1, 2, 2]
Classification: train=1.0000 test=0.5831 round=102
[round 102] timing train=167.561s distribution=0.887s agg=0.110s eval=94.971s total=263.573s
[round 103] reused planned scale coverage: [1, 1, 2, 2, 1, 1, 2, 2]
Classification: train=1.0000 test=0.5831 round=103
[round 103] timing train=172.014s distribution=1.182s agg=0.127s eval=83.234s total=256.576s
[round 104] reused planned scale coverage: [1, 1, 2, 2, 1, 1, 2, 2]
Classification: train=1.0000 test=0.5827 round=104
[round 104] timing train=167.195s distribution=1.186s agg=0.054s eval=91.298s total=259.746s
[round 105] reused planned scale coverage: [1, 1, 2, 2, 1, 1, 2, 2]
Classification: train=1.0000 test=0.5827 round=105
[round 105] timing train=162.621s distribution=0.886s agg=0.083s eval=87.823s total=251.437s
[round 106] reused planned scale coverage: [1, 1, 2, 2, 1, 1, 2, 2]
Classification: train=1.0000 test=0.5835 round=106
[round 106] timing train=161.483s distribution=0.927s agg=0.161s eval=79.957s total=242.593s
[round 107] reused planned scale coverage: [1, 1, 2, 2, 1, 1, 2, 2]
Classification: train=1.0000 test=0.5831 round=107
[round 107] timing train=163.524s distribution=0.903s agg=0.114s eval=83.464s total=248.030s
[round 108] reused planned scale coverage: [1, 1, 2, 2, 1, 1, 2, 2]
Classification: train=1.0000 test=0.5835 round=108
[round 108] timing train=159.908s distribution=0.788s agg=0.106s eval=85.802s total=246.621s
[round 109] reused planned scale coverage: [1, 1, 2, 2, 1, 1, 2, 2]
Classification: train=1.0000 test=0.5835 round=109
[round 109] timing train=168.553s distribution=0.863s agg=0.056s eval=87.791s total=257.268s
[round 110] reused planned scale coverage: [1, 1, 2, 2, 1, 1, 2, 2]
Classification: train=1.0000 test=0.5835 round=110
[round 110] timing train=158.919s distribution=0.875s agg=0.141s eval=77.543s total=237.481s
[round 111] reused planned scale coverage: [1, 1, 2, 2, 1, 1, 2, 2]
Classification: train=1.0000 test=0.5823 round=111
[round 111] timing train=159.840s distribution=0.802s agg=0.049s eval=94.399s total=255.093s
[round 112] reused planned scale coverage: [1, 1, 2, 2, 1, 1, 2, 2]
Classification: train=1.0000 test=0.5823 round=112
[round 112] timing train=151.861s distribution=0.563s agg=0.106s eval=84.805s total=237.341s
[round 113] reused planned scale coverage: [1, 1, 2, 2, 1, 1, 2, 2]
Classification: train=1.0000 test=0.5827 round=113
[round 113] timing train=170.741s distribution=1.040s agg=0.081s eval=86.781s total=258.649s
[round 114] reused planned scale coverage: [1, 1, 2, 2, 1, 1, 2, 2]
Classification: train=1.0000 test=0.5823 round=114
[round 114] timing train=167.207s distribution=0.741s agg=0.097s eval=83.459s total=251.543s
[round 115] reused planned scale coverage: [1, 1, 2, 2, 1, 1, 2, 2]
Classification: train=1.0000 test=0.5827 round=115
[round 115] timing train=156.592s distribution=1.062s agg=0.099s eval=80.927s total=238.707s
[round 116] reused planned scale coverage: [1, 1, 2, 2, 1, 1, 2, 2]
Classification: train=1.0000 test=0.5835 round=116
[round 116] timing train=174.179s distribution=0.861s agg=0.076s eval=86.826s total=261.966s
[round 117] reused planned scale coverage: [1, 1, 2, 2, 1, 1, 2, 2]
Classification: train=1.0000 test=0.5831 round=117
[round 117] timing train=186.528s distribution=0.876s agg=0.151s eval=89.304s total=276.931s
[round 118] reused planned scale coverage: [1, 1, 2, 2, 1, 1, 2, 2]
Classification: train=1.0000 test=0.5827 round=118
[round 118] timing train=181.208s distribution=1.400s agg=0.116s eval=85.976s total=268.714s
[round 119] reused planned scale coverage: [1, 1, 2, 2, 1, 1, 2, 2]
Classification: train=1.0000 test=0.5831 round=119
[round 119] timing train=178.463s distribution=0.894s agg=0.124s eval=91.224s total=270.719s
[fedcsl] checkpoint saved → ./checkpoint/resume/fedcsl_LSST_2026-05-04-14har_fedcsl-onehot-fullteacher_dir1.0.pt (round=120)
[round 120] reused planned scale coverage: [1, 1, 2, 2, 1, 1, 2, 2]
Classification: train=1.0000 test=0.5827 round=120
[round 120] timing train=178.968s distribution=0.901s agg=0.064s eval=91.056s total=271.003s
[round 121] reused planned scale coverage: [1, 1, 2, 2, 1, 1, 2, 2]
Classification: train=1.0000 test=0.5827 round=121
[round 121] timing train=166.213s distribution=0.952s agg=0.128s eval=85.624s total=252.934s
[round 122] reused planned scale coverage: [1, 1, 2, 2, 1, 1, 2, 2]
Classification: train=1.0000 test=0.5831 round=122
[round 122] timing train=160.060s distribution=0.673s agg=0.084s eval=82.235s total=243.083s
[round 123] reused planned scale coverage: [1, 1, 2, 2, 1, 1, 2, 2]
Classification: train=1.0000 test=0.5827 round=123
[round 123] timing train=167.430s distribution=0.751s agg=0.086s eval=102.183s total=270.480s
[round 124] reused planned scale coverage: [1, 1, 2, 2, 1, 1, 2, 2]
Classification: train=1.0000 test=0.5815 round=124
[round 124] timing train=178.332s distribution=0.784s agg=0.040s eval=93.099s total=272.263s
[round 125] reused planned scale coverage: [1, 1, 2, 2, 1, 1, 2, 2]
Classification: train=1.0000 test=0.5815 round=125
[round 125] timing train=167.989s distribution=0.804s agg=0.079s eval=84.216s total=253.116s
[round 126] reused planned scale coverage: [1, 1, 2, 2, 1, 1, 2, 2]
Classification: train=1.0000 test=0.5815 round=126
[round 126] timing train=172.564s distribution=0.775s agg=0.114s eval=83.912s total=257.382s
[round 127] reused planned scale coverage: [1, 1, 2, 2, 1, 1, 2, 2]
Classification: train=1.0000 test=0.5819 round=127
[round 127] timing train=154.388s distribution=1.010s agg=0.050s eval=91.702s total=247.179s
[round 128] reused planned scale coverage: [1, 1, 2, 2, 1, 1, 2, 2]
Classification: train=1.0000 test=0.5799 round=128
[round 128] timing train=171.270s distribution=0.965s agg=0.222s eval=85.882s total=258.362s
[round 129] reused planned scale coverage: [1, 1, 2, 2, 1, 1, 2, 2]
Classification: train=1.0000 test=0.5803 round=129
[round 129] timing train=163.661s distribution=0.800s agg=0.059s eval=84.968s total=249.503s
[round 130] reused planned scale coverage: [1, 1, 2, 2, 1, 1, 2, 2]
Classification: train=1.0000 test=0.5811 round=130
[round 130] timing train=170.211s distribution=1.127s agg=0.057s eval=83.702s total=255.120s
[round 131] reused planned scale coverage: [1, 1, 2, 2, 1, 1, 2, 2]
Classification: train=1.0000 test=0.5811 round=131
[round 131] timing train=157.230s distribution=0.735s agg=0.070s eval=83.539s total=241.585s
[round 132] reused planned scale coverage: [1, 1, 2, 2, 1, 1, 2, 2]
Classification: train=1.0000 test=0.5819 round=132
[round 132] timing train=156.099s distribution=0.722s agg=0.120s eval=84.775s total=241.759s
[round 133] reused planned scale coverage: [1, 1, 2, 2, 1, 1, 2, 2]
Classification: train=1.0000 test=0.5811 round=133
[round 133] timing train=165.485s distribution=0.745s agg=0.145s eval=79.528s total=245.915s
[round 134] reused planned scale coverage: [1, 1, 2, 2, 1, 1, 2, 2]
Classification: train=1.0000 test=0.5815 round=134
[round 134] timing train=162.452s distribution=0.705s agg=0.104s eval=80.804s total=244.072s
[round 135] reused planned scale coverage: [1, 1, 2, 2, 1, 1, 2, 2]
Classification: train=1.0000 test=0.5819 round=135
[round 135] timing train=174.845s distribution=1.065s agg=0.120s eval=83.529s total=259.573s
[round 136] reused planned scale coverage: [1, 1, 2, 2, 1, 1, 2, 2]
Classification: train=1.0000 test=0.5827 round=136
[round 136] timing train=175.123s distribution=0.815s agg=0.118s eval=98.312s total=274.386s
[round 137] reused planned scale coverage: [1, 1, 2, 2, 1, 1, 2, 2]
Classification: train=1.0000 test=0.5827 round=137
[round 137] timing train=161.997s distribution=1.065s agg=0.123s eval=70.380s total=233.570s
[round 138] reused planned scale coverage: [1, 1, 2, 2, 1, 1, 2, 2]
Classification: train=1.0000 test=0.5827 round=138
[round 138] timing train=146.153s distribution=0.693s agg=0.095s eval=78.841s total=225.788s
[round 139] reused planned scale coverage: [1, 1, 2, 2, 1, 1, 2, 2]
Classification: train=1.0000 test=0.5831 round=139
[round 139] timing train=154.919s distribution=0.828s agg=0.060s eval=78.508s total=234.373s
[round 140] reused planned scale coverage: [1, 1, 2, 2, 1, 1, 2, 2]
Classification: train=1.0000 test=0.5827 round=140
[round 140] timing train=149.025s distribution=0.749s agg=0.087s eval=87.555s total=237.464s
[round 141] reused planned scale coverage: [1, 1, 2, 2, 1, 1, 2, 2]
Classification: train=1.0000 test=0.5819 round=141
[round 141] timing train=155.262s distribution=0.555s agg=0.039s eval=78.689s total=234.555s
[round 142] reused planned scale coverage: [1, 1, 2, 2, 1, 1, 2, 2]
Classification: train=1.0000 test=0.5819 round=142
[round 142] timing train=156.370s distribution=0.903s agg=0.242s eval=82.744s total=240.285s
[round 143] reused planned scale coverage: [1, 1, 2, 2, 1, 1, 2, 2]
Classification: train=1.0000 test=0.5819 round=143
[round 143] timing train=159.682s distribution=0.910s agg=0.043s eval=82.552s total=243.191s
[round 144] reused planned scale coverage: [1, 1, 2, 2, 1, 1, 2, 2]
Classification: train=1.0000 test=0.5819 round=144
[round 144] timing train=165.644s distribution=0.931s agg=0.154s eval=90.576s total=257.310s
[round 145] reused planned scale coverage: [1, 1, 2, 2, 1, 1, 2, 2]
Classification: train=1.0000 test=0.5823 round=145
[round 145] timing train=162.160s distribution=0.648s agg=0.053s eval=77.412s total=240.288s
[round 146] reused planned scale coverage: [1, 1, 2, 2, 1, 1, 2, 2]
Classification: train=1.0000 test=0.5819 round=146
[round 146] timing train=162.378s distribution=0.779s agg=0.068s eval=81.221s total=244.452s
[round 147] reused planned scale coverage: [1, 1, 2, 2, 1, 1, 2, 2]
Classification: train=1.0000 test=0.5823 round=147
[round 147] timing train=154.881s distribution=0.945s agg=0.160s eval=78.780s total=234.808s
[round 148] reused planned scale coverage: [1, 1, 2, 2, 1, 1, 2, 2]
Classification: train=1.0000 test=0.5823 round=148
[round 148] timing train=168.714s distribution=0.899s agg=0.095s eval=82.924s total=252.646s
[round 149] reused planned scale coverage: [1, 1, 2, 2, 1, 1, 2, 2]
Classification: train=1.0000 test=0.5811 round=149
[round 149] timing train=177.397s distribution=0.865s agg=0.053s eval=81.361s total=259.713s
[fedcsl] checkpoint saved → ./checkpoint/resume/fedcsl_LSST_2026-05-04-14har_fedcsl-onehot-fullteacher_dir1.0.pt (round=150)
[round 150] reused planned scale coverage: [1, 1, 2, 2, 1, 1, 2, 2]
Classification: train=1.0000 test=0.5815 round=150
[round 150] timing train=179.538s distribution=0.841s agg=0.104s eval=92.453s total=272.942s
[round 151] reused planned scale coverage: [1, 1, 2, 2, 1, 1, 2, 2]
Classification: train=1.0000 test=0.5811 round=151
[round 151] timing train=161.554s distribution=0.641s agg=0.132s eval=84.624s total=246.966s
[round 152] reused planned scale coverage: [1, 1, 2, 2, 1, 1, 2, 2]
Classification: train=1.0000 test=0.5811 round=152
[round 152] timing train=161.498s distribution=0.807s agg=0.089s eval=91.405s total=253.812s
[round 153] reused planned scale coverage: [1, 1, 2, 2, 1, 1, 2, 2]
Classification: train=1.0000 test=0.5811 round=153
[round 153] timing train=168.299s distribution=1.057s agg=0.074s eval=83.352s total=252.789s
[round 154] reused planned scale coverage: [1, 1, 2, 2, 1, 1, 2, 2]
Classification: train=1.0000 test=0.5815 round=154
[round 154] timing train=157.236s distribution=0.741s agg=0.084s eval=81.656s total=239.723s
[round 155] reused planned scale coverage: [1, 1, 2, 2, 1, 1, 2, 2]
Classification: train=1.0000 test=0.5815 round=155
[round 155] timing train=157.905s distribution=0.791s agg=0.046s eval=83.285s total=242.048s
[round 156] reused planned scale coverage: [1, 1, 2, 2, 1, 1, 2, 2]
Classification: train=1.0000 test=0.5815 round=156
[round 156] timing train=147.675s distribution=0.944s agg=0.026s eval=84.210s total=232.875s
[round 157] reused planned scale coverage: [1, 1, 2, 2, 1, 1, 2, 2]
Classification: train=1.0000 test=0.5819 round=157
[round 157] timing train=173.682s distribution=0.796s agg=0.104s eval=79.526s total=254.121s
[round 158] reused planned scale coverage: [1, 1, 2, 2, 1, 1, 2, 2]
Classification: train=1.0000 test=0.5819 round=158
[round 158] timing train=161.928s distribution=0.922s agg=0.032s eval=80.227s total=243.122s
[round 159] reused planned scale coverage: [1, 1, 2, 2, 1, 1, 2, 2]
Classification: train=1.0000 test=0.5819 round=159
[round 159] timing train=161.007s distribution=0.794s agg=0.116s eval=78.981s total=240.924s
[round 160] reused planned scale coverage: [1, 1, 2, 2, 1, 1, 2, 2]
Classification: train=1.0000 test=0.5819 round=160
[round 160] timing train=151.202s distribution=0.854s agg=0.053s eval=79.507s total=231.656s
[round 161] reused planned scale coverage: [1, 1, 2, 2, 1, 1, 2, 2]
Classification: train=1.0000 test=0.5819 round=161
[round 161] timing train=147.782s distribution=0.818s agg=0.074s eval=79.533s total=228.249s
[round 162] reused planned scale coverage: [1, 1, 2, 2, 1, 1, 2, 2]
Classification: train=1.0000 test=0.5815 round=162
[round 162] timing train=160.657s distribution=0.773s agg=0.142s eval=83.156s total=244.734s
[round 163] reused planned scale coverage: [1, 1, 2, 2, 1, 1, 2, 2]
Classification: train=1.0000 test=0.5811 round=163
[round 163] timing train=155.878s distribution=0.911s agg=0.101s eval=76.922s total=233.856s
[round 164] reused planned scale coverage: [1, 1, 2, 2, 1, 1, 2, 2]
Classification: train=1.0000 test=0.5815 round=164
[round 164] timing train=144.189s distribution=0.595s agg=0.104s eval=70.147s total=215.050s
[round 165] reused planned scale coverage: [1, 1, 2, 2, 1, 1, 2, 2]
Classification: train=1.0000 test=0.5815 round=165
[round 165] timing train=167.439s distribution=1.090s agg=0.113s eval=78.829s total=247.477s
[round 166] reused planned scale coverage: [1, 1, 2, 2, 1, 1, 2, 2]
Classification: train=1.0000 test=0.5815 round=166
[round 166] timing train=162.726s distribution=1.159s agg=0.116s eval=83.119s total=247.135s
[round 167] reused planned scale coverage: [1, 1, 2, 2, 1, 1, 2, 2]
Classification: train=1.0000 test=0.5811 round=167
[round 167] timing train=167.470s distribution=0.833s agg=0.073s eval=73.799s total=242.205s
[round 168] reused planned scale coverage: [1, 1, 2, 2, 1, 1, 2, 2]
Classification: train=1.0000 test=0.5811 round=168
[round 168] timing train=164.602s distribution=0.806s agg=0.139s eval=93.614s total=259.164s
[round 169] reused planned scale coverage: [1, 1, 2, 2, 1, 1, 2, 2]
Classification: train=1.0000 test=0.5815 round=169
[round 169] timing train=167.608s distribution=0.560s agg=0.091s eval=89.227s total=257.497s
[round 170] reused planned scale coverage: [1, 1, 2, 2, 1, 1, 2, 2]
Classification: train=1.0000 test=0.5819 round=170
[round 170] timing train=164.569s distribution=0.854s agg=0.086s eval=86.351s total=251.889s
[round 171] reused planned scale coverage: [1, 1, 2, 2, 1, 1, 2, 2]
Classification: train=1.0000 test=0.5819 round=171
[round 171] timing train=161.774s distribution=0.710s agg=0.093s eval=81.905s total=244.497s
[round 172] reused planned scale coverage: [1, 1, 2, 2, 1, 1, 2, 2]
Classification: train=1.0000 test=0.5811 round=172
[round 172] timing train=155.465s distribution=0.723s agg=0.037s eval=86.516s total=242.764s
[round 173] reused planned scale coverage: [1, 1, 2, 2, 1, 1, 2, 2]
Classification: train=1.0000 test=0.5819 round=173
[round 173] timing train=167.264s distribution=0.663s agg=0.112s eval=92.671s total=260.734s
[round 174] reused planned scale coverage: [1, 1, 2, 2, 1, 1, 2, 2]
Classification: train=1.0000 test=0.5819 round=174
[round 174] timing train=170.360s distribution=0.826s agg=0.222s eval=79.141s total=250.580s
[round 175] reused planned scale coverage: [1, 1, 2, 2, 1, 1, 2, 2]
Classification: train=1.0000 test=0.5815 round=175
[round 175] timing train=161.696s distribution=0.853s agg=0.057s eval=83.036s total=245.673s
[round 176] reused planned scale coverage: [1, 1, 2, 2, 1, 1, 2, 2]
Classification: train=1.0000 test=0.5815 round=176
[round 176] timing train=160.096s distribution=0.823s agg=0.123s eval=85.060s total=246.146s
[round 177] reused planned scale coverage: [1, 1, 2, 2, 1, 1, 2, 2]
Classification: train=1.0000 test=0.5811 round=177
[round 177] timing train=155.743s distribution=0.827s agg=0.120s eval=84.671s total=241.382s
[round 178] reused planned scale coverage: [1, 1, 2, 2, 1, 1, 2, 2]
Classification: train=1.0000 test=0.5811 round=178
[round 178] timing train=148.395s distribution=0.911s agg=0.153s eval=77.650s total=227.115s
[round 179] reused planned scale coverage: [1, 1, 2, 2, 1, 1, 2, 2]
Classification: train=1.0000 test=0.5807 round=179
[round 179] timing train=149.839s distribution=0.997s agg=0.144s eval=81.917s total=232.902s
[fedcsl] checkpoint saved → ./checkpoint/resume/fedcsl_LSST_2026-05-04-14har_fedcsl-onehot-fullteacher_dir1.0.pt (round=180)
[round 180] reused planned scale coverage: [1, 1, 2, 2, 1, 1, 2, 2]
Classification: train=1.0000 test=0.5811 round=180
[round 180] timing train=159.698s distribution=0.803s agg=0.157s eval=84.236s total=244.904s
[round 181] reused planned scale coverage: [1, 1, 2, 2, 1, 1, 2, 2]
Classification: train=1.0000 test=0.5807 round=181
[round 181] timing train=159.324s distribution=0.765s agg=0.077s eval=76.183s total=236.391s
[round 182] reused planned scale coverage: [1, 1, 2, 2, 1, 1, 2, 2]
Classification: train=1.0000 test=0.5811 round=182
[round 182] timing train=149.860s distribution=0.841s agg=0.131s eval=79.820s total=230.664s
[round 183] reused planned scale coverage: [1, 1, 2, 2, 1, 1, 2, 2]
Classification: train=1.0000 test=0.5811 round=183
[round 183] timing train=150.283s distribution=0.517s agg=0.030s eval=81.275s total=232.121s
[round 184] reused planned scale coverage: [1, 1, 2, 2, 1, 1, 2, 2]
Classification: train=1.0000 test=0.5811 round=184
[round 184] timing train=155.299s distribution=0.966s agg=0.114s eval=81.924s total=238.349s
[round 185] reused planned scale coverage: [1, 1, 2, 2, 1, 1, 2, 2]
Classification: train=1.0000 test=0.5807 round=185
[round 185] timing train=151.814s distribution=0.772s agg=0.075s eval=78.245s total=230.921s
[round 186] reused planned scale coverage: [1, 1, 2, 2, 1, 1, 2, 2]
Classification: train=1.0000 test=0.5811 round=186
[round 186] timing train=156.767s distribution=0.492s agg=0.118s eval=82.552s total=239.958s
[round 187] reused planned scale coverage: [1, 1, 2, 2, 1, 1, 2, 2]
Classification: train=1.0000 test=0.5815 round=187
[round 187] timing train=159.547s distribution=0.658s agg=0.111s eval=76.137s total=236.469s
[round 188] reused planned scale coverage: [1, 1, 2, 2, 1, 1, 2, 2]
Classification: train=1.0000 test=0.5819 round=188
[round 188] timing train=156.126s distribution=0.977s agg=0.108s eval=82.019s total=239.235s
[round 189] reused planned scale coverage: [1, 1, 2, 2, 1, 1, 2, 2]
Classification: train=1.0000 test=0.5815 round=189
[round 189] timing train=169.518s distribution=0.928s agg=0.077s eval=83.793s total=254.336s
[round 190] reused planned scale coverage: [1, 1, 2, 2, 1, 1, 2, 2]
Classification: train=1.0000 test=0.5823 round=190
[round 190] timing train=153.298s distribution=1.049s agg=0.124s eval=79.668s total=234.145s
[round 191] reused planned scale coverage: [1, 1, 2, 2, 1, 1, 2, 2]
Classification: train=1.0000 test=0.5827 round=191
[round 191] timing train=136.321s distribution=0.749s agg=0.064s eval=88.822s total=225.963s
[round 192] reused planned scale coverage: [1, 1, 2, 2, 1, 1, 2, 2]
Classification: train=1.0000 test=0.5831 round=192
[round 192] timing train=158.764s distribution=0.912s agg=0.053s eval=73.819s total=233.557s
[round 193] reused planned scale coverage: [1, 1, 2, 2, 1, 1, 2, 2]
Classification: train=1.0000 test=0.5831 round=193
[round 193] timing train=164.855s distribution=0.896s agg=0.079s eval=74.545s total=240.403s
[round 194] reused planned scale coverage: [1, 1, 2, 2, 1, 1, 2, 2]
Classification: train=1.0000 test=0.5835 round=194
[round 194] timing train=173.774s distribution=1.006s agg=0.115s eval=82.021s total=256.926s
[round 195] reused planned scale coverage: [1, 1, 2, 2, 1, 1, 2, 2]
Classification: train=1.0000 test=0.5835 round=195
[round 195] timing train=165.990s distribution=0.836s agg=0.080s eval=91.984s total=258.921s
[round 196] reused planned scale coverage: [1, 1, 2, 2, 1, 1, 2, 2]
Classification: train=1.0000 test=0.5835 round=196
[round 196] timing train=168.366s distribution=0.654s agg=0.074s eval=90.191s total=259.303s
[round 197] reused planned scale coverage: [1, 1, 2, 2, 1, 1, 2, 2]
Classification: train=1.0000 test=0.5835 round=197
[round 197] timing train=173.531s distribution=0.933s agg=0.111s eval=85.974s total=260.582s
[round 198] reused planned scale coverage: [1, 1, 2, 2, 1, 1, 2, 2]
Classification: train=1.0000 test=0.5835 round=198
[round 198] timing train=182.193s distribution=0.859s agg=0.151s eval=81.349s total=264.566s
[round 199] reused planned scale coverage: [1, 1, 2, 2, 1, 1, 2, 2]
Classification: train=1.0000 test=0.5835 round=199
[round 199] timing train=169.450s distribution=0.758s agg=0.055s eval=86.805s total=257.099s
best round is 81, acc is 0.585969
Model saved to ./checkpoint/LSST/2026-05-04-14har_fedcsl-onehot-fullteacher_dir1.0_LSST_model.pt
