# 2026-05-04 14:31:32  har_fedavg_dir10.0  GPU=3  cwd=/data/user_lixiongfei/CSL-main
# CMD: python3 -u FedCSL_All.py -dataset HAR --config configAVG.yml --dirichlet-alpha 10.0 --seed 42 --description har_fedavg_dir10.0 -dataset LSST

/mnt/data/user_liangzhiyu/envs/fedcsl/lib/python3.8/site-packages/scipy/__init__.py:146: UserWarning: A NumPy version >=1.16.5 and <1.23.0 is required for this version of SciPy (detected version 1.23.5
  warnings.warn(f"A NumPy version >={np_minversion} and <{np_maxversion}"
[config] 'configAVG.yml' 未找到，重定向到 'config/configAVG.yml'
2459
<class 'pandas.core.frame.DataFrame'>
RangeIndex: 2459 entries, 0 to 2458
Data columns (total 7 columns):
 #   Column      Non-Null Count  Dtype 
---  ------      --------------  ----- 
 0   dim_0       2459 non-null   object
 1   dim_1       2459 non-null   object
 2   dim_2       2459 non-null   object
 3   dim_3       2459 non-null   object
 4   dim_4       2459 non-null   object
 5   dim_5       2459 non-null   object
 6   class_vals  2459 non-null   object
dtypes: object(7)
memory usage: 134.6+ KB
None
{36}
<class 'pandas.core.frame.DataFrame'>
RangeIndex: 2459 entries, 0 to 2458
Data columns (total 7 columns):
 #   Column      Non-Null Count  Dtype 
---  ------      --------------  ----- 
 0   dim_0       2459 non-null   object
 1   dim_1       2459 non-null   object
 2   dim_2       2459 non-null   object
 3   dim_3       2459 non-null   object
 4   dim_4       2459 non-null   object
 5   dim_5       2459 non-null   object
 6   class_vals  2459 non-null   object
dtypes: object(7)
memory usage: 134.6+ KB
None
[ 0  0  0 ... 13 13 13]
[   0    1    2    3    4    5    6    7    8    9   10   34   35   36
   37   38   39   40   41   42   43   44   45   46   47   48   49   50
   51   52   53   54   55   56   57   58   59   60   61   62   63   64
   65   66  157  158  159  160  161  162  163  164  165  166  167  168
  169  170  171  172  173  174  175  176  177  178  179  180  181  182
  183  184  185  186  187  188  189  190  191  192  193  194  195  196
  197  198  199  200  201  202  203  204  205  206  207  208  209  210
  211  212  213  214  215  216  217  218  219  220  221  222  223  224
  225  226  227  228  229  230  231  427  428  429  430  431  432  433
  434  435  436  437  438  439  440  441  442  443  444  445  446  447
  448  449  450  451  452  453  454  455  456  457  458  459  460  461
  462  463  464  465  466  467  468  469  470  471  472  473  474  475
  476  477  478  479  480  481  482  483  484  485  486  487  488  489
  490  491  492  493  494  495  496  497  498  499  500  501  502  503
  504  505  506  507  508  509  510  511  512  513  514  515  516  517
  518  519  520  521  522  523  524  525  526  527  528  529  530  531
  532  533  534  535  536  537  538  539  540  541  542  543  544  545
  546  547  548  549  550  551  552  553  554  555  556  557  558  559
  560  561  562  563  564  565  566  567  568  569  570  571  572  573
  574  575  576  577  578  808  809  810  811  812  813  814  815  816
  817  818  819  820  821  822  823  824  825  826  827  828  829  830
  831  832  833  834  835  836  837  838  870  871  877  878  879  880
  881  882  883  884  885  886  887  888  889  890  891  892  893  894
  895  896  897  898  899  900  901  902  903  904  905  906  907  908
  909 1030 1031 1032 1033 1034 1035 1036 1037 1038 1053 1054 1055 1056
 1057 1058 1059 1060 1061 1062 1063 1064 1065 1066 1067 1068 1069 1070
 1071 1072 1073 1074 1075 1076 1077 1078 1079 1080 1081 1082 1083 1084
 1085 1086 1087 1088 1089 1090 1091 1092 1093 1094 1095 1096 1097 1098
 1099 1100 1101 1102 1103 1104 1105 1106 1107 1108 1109 1110 1111 1112
 1113 1114 1115 1116 1117 1118 1119 1120 1121 1122 1123 1124 1125 1126
 1127 1128 1129 1130 1131 1132 1133 1134 1135 1136 1137 1138 1139 1140
 1141 1142 1143 1144 1145 1146 1147 1148 1149 1150 1151 1152 1366 1367
 1368 1369 1370 1371 1372 1373 1374 1375 1376 1377 1378 1379 1380 1381
 1382 1383 1384 1385 1386 1387 1388 1389 1390 1391 1392 1393 1394 1395
 1434 1435 1436 1437 1438 1439 1440 1441 1442 1443 1444 1445 1446 1447
 1448 1449 1450 1451 1452 1453 1454 1455 1456 1457 1458 1459 1460 1554
 1555 1556 1557 1558 1559 1560 1561 1562 1563 1564 1565 1566 1567 1568
 1569 1570 1571 1572 1573 1574 1575 1576 1577 1578 1579 1580 1581 1582
 1583 1584 1585 1586 1587 1588 1589 1590 1591 1592 1593 1594 1595 1596
 1597 1598 1599 1600 1601 1602 1603 1604 1605 1606 1607 1608 1609 1610
 1611 1612 1613 1614 1615 1616 1617 1618 1619 1620 1621 1622 1623 1624
 1625 1626 1627 1628 1629 1630 1631 1632 1633 1634 1635 1636 1637 1638
 1639 1640 1641 1642 1643 1644 1645 1646 1647 1648 1649 1650 1651 1652
 1653 1654 1655 1656 1657 1658 1659 1660 1661 1662 1663 1664 1665 1666
 1667 1668 1669 1670 1671 1672 1673 1674 1675 1676 1677 1678 1679 1680
 1681 1682 1683 1684 1685 1686 1687 1688 1689 1690 1691 1692 1693 1694
 1695 1696 1697 1698 1699 1700 1701 1702 1703 1704 1705 1706 1707 1708
 1709 1710 1711 1712 1713 1714 1715 1716 1717 1718 1719 1720 1721 1722
 1723 1724 1725 1726 1727 1728 1729 1730 1731 1732 1733 1734 1735 1736
 1737 1738 1739 1740 1741 1742 1743 1744 1745 1746 1747 1748 1749 1750
 1751 1752 1753 1754 1755 1756 1757 1758 1759 1760 1761 1762 1763 1764
 1765 1766 1767 1768 1769 1770 1771 1772 1773 1774 1775 1776 1777 1778
 1779 1780 1781 1782 1783 1784 1785 1786 1787 1788 1789 1790 1791 1792
 1793 1794 1795 1796 1797 1798 1799 1800 1801 1802 1803 1804 1805 1806
 1807 1808 1809 1810 1811 1812 1813 1814 2331 2332 2333 2334 2335 2336
 2337 2338 2339 2340 2341 2342 2343 2344 2345 2346 2408 2409 2410 2411
 2412 2413 2414 2415 2416 2417]
[0, 0, 0, 0, 0, 0, 0, 0, 0, 0, 0, 1, 1, 1, 1, 1, 1, 1, 1, 1, 1, 1, 1, 1, 1, 1, 1, 1, 1, 1, 1, 1, 1, 1, 1, 1, 1, 1, 1, 1, 1, 1, 1, 1, 2, 2, 2, 2, 2, 2, 2, 2, 2, 2, 2, 2, 2, 2, 2, 2, 2, 2, 2, 2, 2, 2, 2, 2, 2, 2, 2, 2, 2, 2, 2, 2, 2, 2, 2, 2, 2, 2, 2, 2, 2, 2, 2, 2, 2, 2, 2, 2, 2, 2, 2, 2, 2, 2, 2, 2, 2, 2, 2, 2, 2, 2, 2, 2, 2, 2, 2, 2, 2, 2, 2, 2, 2, 2, 2, 3, 3, 3, 3, 3, 3, 3, 3, 3, 3, 3, 3, 3, 3, 3, 3, 3, 3, 3, 3, 3, 3, 3, 3, 3, 3, 3, 3, 3, 3, 3, 3, 3, 3, 3, 3, 3, 3, 3, 3, 3, 3, 3, 3, 3, 3, 3, 3, 3, 3, 3, 3, 3, 3, 3, 3, 3, 3, 3, 3, 3, 3, 3, 3, 3, 3, 3, 3, 3, 3, 3, 3, 3, 3, 3, 3, 3, 3, 3, 3, 3, 3, 3, 3, 3, 3, 3, 3, 3, 3, 3, 3, 3, 3, 3, 3, 3, 3, 3, 3, 3, 3, 3, 3, 3, 3, 3, 3, 3, 3, 3, 3, 3, 3, 3, 3, 3, 3, 3, 3, 3, 3, 3, 3, 3, 3, 3, 3, 3, 3, 3, 3, 3, 3, 3, 3, 3, 3, 3, 3, 3, 3, 3, 3, 3, 3, 3, 3, 3, 3, 3, 3, 4, 4, 4, 4, 4, 4, 4, 4, 4, 4, 4, 4, 4, 4, 4, 4, 4, 4, 4, 4, 4, 4, 4, 4, 4, 4, 4, 4, 4, 4, 4, 5, 5, 6, 6, 6, 6, 6, 6, 6, 6, 6, 6, 6, 6, 6, 6, 6, 6, 6, 6, 6, 6, 6, 6, 6, 6, 6, 6, 6, 6, 6, 6, 6, 6, 6, 7, 7, 7, 7, 7, 7, 7, 7, 7, 8, 8, 8, 8, 8, 8, 8, 8, 8, 8, 8, 8, 8, 8, 8, 8, 8, 8, 8, 8, 8, 8, 8, 8, 8, 8, 8, 8, 8, 8, 8, 8, 8, 8, 8, 8, 8, 8, 8, 8, 8, 8, 8, 8, 8, 8, 8, 8, 8, 8, 8, 8, 8, 8, 8, 8, 8, 8, 8, 8, 8, 8, 8, 8, 8, 8, 8, 8, 8, 8, 8, 8, 8, 8, 8, 8, 8, 8, 8, 8, 8, 8, 8, 8, 8, 8, 8, 8, 8, 8, 8, 8, 8, 8, 8, 8, 8, 8, 8, 8, 9, 9, 9, 9, 9, 9, 9, 9, 9, 9, 9, 9, 9, 9, 9, 9, 9, 9, 9, 9, 9, 9, 9, 9, 9, 9, 9, 9, 9, 9, 10, 10, 10, 10, 10, 10, 10, 10, 10, 10, 10, 10, 10, 10, 10, 10, 10, 10, 10, 10, 10, 10, 10, 10, 10, 10, 10, 11, 11, 11, 11, 11, 11, 11, 11, 11, 11, 11, 11, 11, 11, 11, 11, 11, 11, 11, 11, 11, 11, 11, 11, 11, 11, 11, 11, 11, 11, 11, 11, 11, 11, 11, 11, 11, 11, 11, 11, 11, 11, 11, 11, 11, 11, 11, 11, 11, 11, 11, 11, 11, 11, 11, 11, 11, 11, 11, 11, 11, 11, 11, 11, 11, 11, 11, 11, 11, 11, 11, 11, 11, 11, 11, 11, 11, 11, 11, 11, 11, 11, 11, 11, 11, 11, 11, 11, 11, 11, 11, 11, 11, 11, 11, 11, 11, 11, 11, 11, 11, 11, 11, 11, 11, 11, 11, 11, 11, 11, 11, 11, 11, 11, 11, 11, 11, 11, 11, 11, 11, 11, 11, 11, 11, 11, 11, 11, 11, 11, 11, 11, 11, 11, 11, 11, 11, 11, 11, 11, 11, 11, 11, 11, 11, 11, 11, 11, 11, 11, 11, 11, 11, 11, 11, 11, 11, 11, 11, 11, 11, 11, 11, 11, 11, 11, 11, 11, 11, 11, 11, 11, 11, 11, 11, 11, 11, 11, 11, 11, 11, 11, 11, 11, 11, 11, 11, 11, 11, 11, 11, 11, 11, 11, 11, 11, 11, 11, 11, 11, 11, 11, 11, 11, 11, 11, 11, 11, 11, 11, 11, 11, 11, 11, 11, 11, 11, 11, 11, 11, 11, 11, 11, 11, 11, 11, 11, 11, 11, 11, 11, 11, 11, 11, 11, 11, 11, 11, 11, 11, 11, 11, 11, 11, 11, 11, 11, 11, 11, 11, 11, 11, 11, 11, 11, 11, 11, 11, 11, 11, 11, 12, 12, 12, 12, 12, 12, 12, 12, 12, 12, 12, 12, 12, 12, 12, 12, 13, 13, 13, 13, 13, 13, 13, 13, 13, 13]
[0, 0, 0, 0, 0, 0, 0, 0, 1, 1, 1, 1, 1, 1, 1, 1, 1, 1, 1, 1, 1, 1, 1, 1, 1, 1, 1, 1, 1, 1, 1, 1, 1, 1, 1, 1, 1, 1, 1, 1, 1, 1, 1, 1, 1, 1, 1, 1, 1, 1, 1, 1, 1, 1, 1, 1, 1, 1, 1, 1, 1, 1, 1, 1, 2, 2, 2, 2, 2, 2, 2, 2, 2, 2, 2, 2, 2, 2, 2, 2, 2, 2, 2, 2, 2, 2, 2, 2, 2, 2, 2, 2, 2, 2, 2, 2, 2, 2, 2, 2, 2, 2, 2, 2, 2, 2, 2, 2, 2, 2, 2, 2, 2, 2, 2, 2, 2, 2, 2, 2, 2, 2, 2, 2, 2, 2, 2, 2, 2, 2, 2, 2, 2, 2, 2, 2, 2, 2, 2, 2, 2, 2, 2, 2, 2, 2, 2, 2, 2, 2, 2, 2, 2, 2, 2, 2, 2, 2, 2, 2, 3, 3, 3, 3, 3, 3, 3, 3, 3, 3, 3, 3, 3, 3, 3, 3, 3, 3, 3, 3, 3, 3, 3, 3, 3, 3, 3, 3, 3, 3, 3, 3, 3, 3, 3, 3, 3, 3, 3, 3, 3, 3, 3, 3, 3, 3, 3, 3, 3, 3, 3, 3, 3, 3, 3, 3, 3, 3, 3, 3, 3, 3, 3, 3, 3, 3, 3, 3, 3, 3, 3, 3, 3, 3, 3, 3, 3, 3, 3, 3, 3, 3, 3, 3, 3, 3, 3, 3, 3, 3, 3, 3, 3, 3, 3, 3, 3, 3, 3, 3, 3, 3, 3, 3, 3, 3, 3, 3, 3, 3, 3, 4, 4, 4, 4, 4, 4, 4, 4, 4, 4, 4, 4, 4, 4, 5, 5, 6, 6, 6, 6, 6, 6, 6, 6, 6, 6, 6, 6, 6, 6, 6, 6, 6, 6, 6, 6, 6, 6, 6, 6, 6, 6, 6, 6, 6, 6, 6, 6, 6, 6, 6, 6, 6, 6, 6, 6, 6, 6, 6, 6, 6, 6, 6, 6, 6, 6, 6, 6, 6, 6, 6, 6, 6, 6, 6, 6, 6, 6, 6, 6, 6, 6, 6, 6, 6, 6, 6, 7, 7, 7, 7, 8, 8, 8, 8, 8, 8, 8, 8, 8, 8, 8, 8, 8, 8, 8, 8, 8, 8, 8, 8, 8, 8, 8, 8, 8, 8, 8, 8, 8, 8, 8, 8, 8, 8, 8, 8, 8, 8, 8, 8, 8, 8, 8, 8, 8, 8, 8, 8, 8, 8, 8, 8, 8, 8, 8, 8, 8, 8, 8, 8, 8, 8, 8, 8, 8, 8, 8, 8, 8, 8, 8, 8, 8, 8, 8, 8, 8, 8, 8, 8, 8, 8, 8, 8, 8, 8, 8, 8, 8, 8, 8, 8, 8, 8, 8, 8, 8, 8, 8, 8, 8, 8, 8, 8, 8, 8, 8, 8, 8, 8, 8, 8, 8, 8, 8, 8, 8, 8, 8, 8, 8, 8, 8, 8, 8, 8, 8, 8, 8, 8, 8, 8, 8, 8, 8, 8, 8, 8, 8, 8, 8, 8, 8, 8, 8, 8, 8, 8, 8, 8, 9, 9, 9, 9, 9, 9, 9, 9, 9, 9, 9, 9, 9, 9, 9, 9, 9, 9, 9, 9, 9, 10, 10, 10, 10, 10, 10, 10, 10, 10, 10, 10, 10, 10, 10, 10, 10, 10, 10, 10, 10, 10, 10, 10, 10, 10, 10, 10, 10, 10, 10, 10, 10, 10, 10, 10, 10, 10, 10, 10, 10, 10, 10, 10, 10, 10, 10, 10, 10, 10, 10, 10, 10, 10, 10, 10, 11, 11, 11, 11, 11, 11, 11, 11, 11, 11, 11, 11, 11, 11, 11, 11, 11, 11, 11, 11, 11, 11, 11, 11, 11, 11, 11, 11, 11, 11, 11, 11, 11, 11, 11, 11, 11, 11, 11, 11, 11, 11, 11, 11, 11, 11, 11, 11, 11, 11, 11, 11, 11, 11, 11, 11, 11, 11, 11, 11, 11, 11, 11, 11, 11, 11, 11, 11, 11, 11, 11, 11, 11, 11, 11, 11, 11, 11, 11, 11, 11, 11, 11, 11, 11, 11, 11, 11, 11, 11, 11, 11, 11, 11, 11, 11, 11, 11, 11, 11, 11, 11, 11, 11, 11, 11, 11, 11, 11, 11, 11, 11, 11, 11, 11, 11, 11, 11, 11, 11, 11, 11, 11, 11, 11, 11, 11, 11, 11, 11, 11, 11, 11, 11, 11, 11, 11, 11, 11, 11, 11, 11, 11, 11, 11, 11, 11, 11, 11, 11, 11, 11, 11, 11, 11, 11, 11, 11, 11, 11, 11, 11, 11, 11, 11, 11, 11, 11, 11, 11, 11, 11, 11, 11, 11, 11, 11, 11, 11, 11, 11, 11, 11, 11, 11, 11, 11, 11, 11, 11, 11, 11, 11, 11, 11, 11, 11, 11, 11, 11, 11, 11, 11, 11, 11, 11, 11, 11, 11, 11, 11, 11, 11, 11, 11, 11, 11, 11, 11, 11, 11, 11, 11, 11, 11, 11, 11, 11, 11, 11, 11, 11, 11, 11, 11, 11, 11, 11, 11, 11, 11, 11, 11, 11, 11, 11, 11, 11, 11, 11, 11, 11, 11, 11, 11, 11, 11, 11, 11, 11, 11, 11, 11, 11, 11, 11, 11, 11, 11, 11, 11, 11, 12, 12, 12, 12, 12, 12, 12, 12, 12, 12, 12, 12, 12, 12, 12, 12, 12, 12, 12, 12, 12, 12, 12, 12, 12, 12, 12, 12, 12, 12, 12, 13, 13, 13, 13, 13, 13, 13, 13, 13, 13, 13, 13, 13, 13, 13, 13, 13, 13, 13, 13, 13, 13, 13, 13, 13, 13, 13, 13, 13]
[0, 0, 0, 0, 0, 0, 0, 0, 0, 0, 0, 0, 0, 0, 0, 1, 1, 1, 1, 1, 1, 1, 1, 1, 1, 1, 1, 1, 1, 1, 1, 1, 1, 1, 1, 1, 1, 1, 1, 1, 1, 1, 1, 1, 1, 1, 1, 1, 1, 2, 2, 2, 2, 2, 2, 2, 2, 2, 2, 2, 2, 2, 2, 2, 2, 2, 2, 2, 2, 2, 2, 2, 2, 2, 2, 2, 2, 2, 2, 2, 2, 2, 2, 2, 2, 2, 2, 2, 2, 2, 2, 2, 2, 2, 2, 2, 2, 2, 2, 2, 2, 2, 2, 2, 2, 2, 2, 2, 2, 2, 2, 2, 2, 2, 2, 2, 2, 2, 2, 2, 2, 2, 2, 2, 2, 2, 2, 2, 2, 2, 2, 2, 2, 2, 2, 2, 2, 2, 2, 2, 2, 2, 2, 2, 2, 2, 2, 2, 3, 3, 3, 3, 3, 3, 3, 3, 3, 3, 3, 3, 3, 3, 3, 3, 3, 3, 3, 3, 3, 3, 3, 3, 3, 3, 3, 3, 3, 3, 3, 3, 3, 3, 3, 3, 3, 3, 3, 3, 3, 3, 3, 3, 3, 3, 3, 3, 3, 3, 3, 3, 3, 3, 3, 3, 3, 3, 3, 3, 3, 3, 3, 3, 3, 3, 3, 3, 3, 3, 3, 3, 3, 3, 3, 3, 3, 3, 3, 3, 3, 3, 3, 3, 3, 3, 3, 3, 3, 3, 3, 3, 3, 3, 3, 3, 3, 3, 3, 3, 3, 3, 3, 3, 3, 3, 3, 3, 3, 3, 3, 3, 3, 3, 3, 3, 3, 3, 4, 4, 4, 4, 4, 4, 4, 4, 4, 4, 4, 4, 4, 4, 4, 4, 4, 5, 5, 5, 6, 6, 6, 6, 6, 6, 6, 6, 6, 6, 6, 6, 6, 6, 6, 6, 6, 6, 6, 6, 6, 6, 6, 6, 6, 6, 6, 6, 6, 6, 6, 6, 6, 6, 6, 6, 6, 6, 6, 6, 6, 6, 6, 6, 6, 6, 6, 6, 6, 7, 7, 7, 7, 7, 7, 7, 7, 7, 7, 8, 8, 8, 8, 8, 8, 8, 8, 8, 8, 8, 8, 8, 8, 8, 8, 8, 8, 8, 8, 8, 8, 8, 8, 8, 8, 8, 8, 8, 8, 8, 8, 8, 8, 8, 8, 8, 8, 8, 8, 8, 8, 8, 8, 8, 8, 8, 8, 8, 8, 8, 8, 8, 8, 8, 8, 8, 8, 8, 8, 8, 8, 8, 9, 9, 9, 9, 9, 9, 9, 9, 9, 9, 9, 9, 9, 9, 9, 9, 9, 10, 10, 10, 10, 10, 10, 10, 10, 10, 10, 10, 10, 10, 10, 10, 10, 10, 10, 10, 10, 10, 10, 10, 10, 10, 10, 10, 10, 10, 10, 10, 10, 10, 10, 10, 10, 10, 10, 11, 11, 11, 11, 11, 11, 11, 11, 11, 11, 11, 11, 11, 11, 11, 11, 11, 11, 11, 11, 11, 11, 11, 11, 11, 11, 11, 11, 11, 11, 11, 11, 11, 11, 11, 11, 11, 11, 11, 11, 11, 11, 11, 11, 11, 11, 11, 11, 11, 11, 11, 11, 11, 11, 11, 11, 11, 11, 11, 11, 11, 11, 11, 11, 11, 11, 11, 11, 11, 11, 11, 11, 11, 11, 11, 11, 11, 11, 11, 11, 11, 11, 11, 11, 11, 11, 11, 11, 11, 11, 11, 11, 11, 11, 11, 11, 11, 11, 11, 11, 11, 11, 11, 11, 11, 11, 11, 11, 11, 11, 11, 11, 11, 11, 11, 11, 11, 11, 11, 11, 11, 11, 11, 11, 11, 11, 11, 11, 11, 11, 11, 11, 11, 11, 11, 11, 11, 11, 11, 11, 11, 11, 11, 11, 11, 11, 11, 11, 11, 11, 11, 11, 11, 11, 11, 11, 11, 11, 11, 11, 11, 11, 11, 11, 11, 11, 11, 11, 11, 11, 11, 11, 11, 11, 11, 11, 11, 11, 11, 11, 11, 11, 11, 11, 11, 11, 11, 11, 11, 11, 11, 11, 11, 11, 11, 11, 11, 11, 11, 11, 11, 11, 11, 11, 11, 11, 11, 11, 11, 11, 11, 11, 11, 11, 11, 11, 11, 11, 11, 11, 11, 11, 11, 11, 11, 11, 11, 11, 11, 11, 11, 11, 11, 11, 11, 11, 11, 11, 11, 11, 11, 11, 11, 11, 12, 12, 12, 12, 12, 12, 12, 12, 12, 12, 12, 12, 12, 12, 12, 12, 12, 12, 12, 12, 12, 12, 12, 12, 12, 12, 12, 12, 12, 12, 13, 13, 13, 13, 13, 13, 13, 13, 13, 13, 13, 13]
shapelet initialized!
All 3 clients initialized.
Server device: cuda:0
Client worker groups: [[0], [1], [2]]
Client worker devices: ['cuda:0', 'cuda:0', 'cuda:0']
客户端选择未启用，所有客户端参与聚合
/data/user_lixiongfei/CSL-main/train.py:801: UserWarning: Creating a tensor from a list of numpy.ndarrays is extremely slow. Please consider converting the list to a single numpy.ndarray with numpy.array() before converting to a tensor. (Triggered internally at ../torch/csrc/utils/tensor_new.cpp:278.)
  X = torch.tensor(X, dtype=torch.float)
Classification: train=1.0000 test=0.5795 round=0
[round 0] timing train=131.220s distribution=0.977s agg=0.162s eval=97.312s total=229.682s
Classification: train=1.0000 test=0.5811 round=1
[round 1] timing train=130.871s distribution=0.788s agg=0.081s eval=94.525s total=226.285s
Classification: train=1.0000 test=0.5791 round=2
[round 2] timing train=131.576s distribution=0.820s agg=0.226s eval=98.775s total=231.405s
Classification: train=1.0000 test=0.5831 round=3
[round 3] timing train=133.912s distribution=1.094s agg=0.186s eval=99.467s total=234.684s
Classification: train=1.0000 test=0.5791 round=4
[round 4] timing train=120.912s distribution=0.807s agg=0.032s eval=82.870s total=204.647s
Classification: train=1.0000 test=0.5803 round=5
[round 5] timing train=123.472s distribution=0.701s agg=0.195s eval=89.063s total=213.455s
Classification: train=1.0000 test=0.5811 round=6
[round 6] timing train=124.997s distribution=1.021s agg=0.149s eval=99.507s total=225.681s
Classification: train=1.0000 test=0.5843 round=7
[round 7] timing train=129.985s distribution=0.657s agg=0.101s eval=94.926s total=225.688s
Classification: train=1.0000 test=0.5835 round=8
[round 8] timing train=121.520s distribution=0.898s agg=0.211s eval=89.857s total=212.490s
Classification: train=1.0000 test=0.5852 round=9
[round 9] timing train=124.816s distribution=0.640s agg=0.055s eval=92.928s total=218.465s
Classification: train=1.0000 test=0.5864 round=10
[round 10] timing train=125.920s distribution=0.950s agg=0.123s eval=90.183s total=217.182s
Classification: train=1.0000 test=0.5852 round=11
[round 11] timing train=133.342s distribution=0.974s agg=0.124s eval=87.697s total=222.146s
Classification: train=1.0000 test=0.5868 round=12
[round 12] timing train=129.021s distribution=1.088s agg=0.172s eval=98.098s total=228.420s
Classification: train=1.0000 test=0.5864 round=13
[round 13] timing train=127.688s distribution=0.904s agg=0.174s eval=93.482s total=222.271s
Classification: train=1.0000 test=0.5856 round=14
[round 14] timing train=130.796s distribution=0.907s agg=0.266s eval=91.935s total=223.911s
Classification: train=1.0000 test=0.5884 round=15
[round 15] timing train=128.812s distribution=0.854s agg=0.176s eval=97.905s total=227.760s
Classification: train=1.0000 test=0.5888 round=16
[round 16] timing train=128.144s distribution=0.724s agg=0.088s eval=96.645s total=225.613s
Classification: train=1.0000 test=0.5900 round=17
[round 17] timing train=138.626s distribution=0.470s agg=0.064s eval=100.941s total=240.114s
Classification: train=1.0000 test=0.5929 round=18
[round 18] timing train=130.737s distribution=0.883s agg=0.200s eval=89.144s total=220.982s
Classification: train=1.0000 test=0.5921 round=19
[round 19] timing train=131.337s distribution=1.438s agg=0.195s eval=89.136s total=222.120s
Classification: train=1.0000 test=0.5925 round=20
[round 20] timing train=131.617s distribution=0.817s agg=0.159s eval=94.098s total=226.728s
Classification: train=1.0000 test=0.5896 round=21
[round 21] timing train=131.932s distribution=0.890s agg=0.154s eval=104.246s total=237.251s
Classification: train=1.0000 test=0.5868 round=22
[round 22] timing train=134.454s distribution=0.529s agg=0.115s eval=96.036s total=231.146s
Classification: train=1.0000 test=0.5864 round=23
[round 23] timing train=121.829s distribution=0.772s agg=0.125s eval=89.788s total=212.542s
Classification: train=1.0000 test=0.5852 round=24
[round 24] timing train=128.169s distribution=0.641s agg=0.152s eval=103.290s total=232.283s
Classification: train=1.0000 test=0.5892 round=25
[round 25] timing train=129.234s distribution=0.908s agg=0.126s eval=87.954s total=218.239s
Classification: train=1.0000 test=0.5880 round=26
[round 26] timing train=120.387s distribution=0.978s agg=0.168s eval=90.032s total=211.578s
Classification: train=1.0000 test=0.5831 round=27
[round 27] timing train=123.955s distribution=0.832s agg=0.258s eval=90.425s total=215.540s
Classification: train=1.0000 test=0.5872 round=28
[round 28] timing train=117.242s distribution=0.956s agg=0.197s eval=96.302s total=214.712s
Classification: train=1.0000 test=0.5880 round=29
[round 29] timing train=127.966s distribution=0.638s agg=0.090s eval=87.149s total=215.862s
[fedcsl] checkpoint saved → ./checkpoint/resume/fedcsl_LSST_2026-05-04-14har_fedavg_dir10.0.pt (round=30)
Classification: train=1.0000 test=0.5916 round=30
[round 30] timing train=120.948s distribution=0.810s agg=0.221s eval=87.997s total=210.016s
Classification: train=1.0000 test=0.5868 round=31
[round 31] timing train=127.287s distribution=1.062s agg=0.223s eval=93.252s total=221.837s
Classification: train=1.0000 test=0.5880 round=32
[round 32] timing train=122.349s distribution=0.877s agg=0.183s eval=95.631s total=219.068s
Classification: train=1.0000 test=0.5872 round=33
[round 33] timing train=127.979s distribution=0.881s agg=0.107s eval=89.483s total=218.463s
Classification: train=1.0000 test=0.5864 round=34
[round 34] timing train=123.959s distribution=0.690s agg=0.168s eval=92.305s total=217.135s
Classification: train=1.0000 test=0.5872 round=35
[round 35] timing train=127.919s distribution=0.929s agg=0.207s eval=89.209s total=218.301s
Classification: train=1.0000 test=0.5811 round=36
[round 36] timing train=101.750s distribution=0.614s agg=0.151s eval=89.801s total=192.339s
Classification: train=1.0000 test=0.5835 round=37
[round 37] timing train=132.716s distribution=0.758s agg=0.215s eval=94.978s total=228.702s
Classification: train=1.0000 test=0.5872 round=38
[round 38] timing train=129.634s distribution=0.918s agg=0.150s eval=92.178s total=222.920s
Classification: train=1.0000 test=0.5839 round=39
[round 39] timing train=121.381s distribution=0.961s agg=0.138s eval=93.251s total=215.771s
Classification: train=1.0000 test=0.5835 round=40
[round 40] timing train=122.261s distribution=0.850s agg=0.193s eval=90.969s total=214.299s
Classification: train=1.0000 test=0.5827 round=41
[round 41] timing train=132.309s distribution=1.102s agg=0.314s eval=99.904s total=233.640s
Classification: train=1.0000 test=0.5815 round=42
[round 42] timing train=125.683s distribution=0.889s agg=0.179s eval=93.911s total=220.706s
Classification: train=1.0000 test=0.5815 round=43
[round 43] timing train=129.403s distribution=0.885s agg=0.177s eval=91.482s total=221.956s
Classification: train=1.0000 test=0.5839 round=44
[round 44] timing train=128.922s distribution=0.705s agg=0.117s eval=95.780s total=225.566s
Classification: train=1.0000 test=0.5884 round=45
[round 45] timing train=128.663s distribution=0.747s agg=0.163s eval=96.217s total=225.804s
Classification: train=1.0000 test=0.5856 round=46
[round 46] timing train=128.239s distribution=0.693s agg=0.146s eval=85.837s total=214.929s
Classification: train=1.0000 test=0.5876 round=47
[round 47] timing train=124.792s distribution=0.895s agg=0.187s eval=96.173s total=222.059s
Classification: train=1.0000 test=0.5884 round=48
[round 48] timing train=126.963s distribution=0.631s agg=0.108s eval=94.150s total=221.866s
Classification: train=1.0000 test=0.5896 round=49
[round 49] timing train=127.207s distribution=1.033s agg=0.193s eval=94.299s total=222.739s
Classification: train=1.0000 test=0.5888 round=50
[round 50] timing train=126.829s distribution=0.879s agg=0.198s eval=91.531s total=219.462s
Classification: train=1.0000 test=0.5916 round=51
[round 51] timing train=128.205s distribution=0.864s agg=0.158s eval=87.129s total=216.372s
Classification: train=1.0000 test=0.5848 round=52
[round 52] timing train=124.472s distribution=1.012s agg=0.161s eval=91.487s total=217.135s
Classification: train=1.0000 test=0.5876 round=53
[round 53] timing train=125.594s distribution=1.012s agg=0.225s eval=92.478s total=219.323s
Classification: train=1.0000 test=0.5835 round=54
[round 54] timing train=126.854s distribution=0.949s agg=0.241s eval=93.129s total=221.198s
Classification: train=1.0000 test=0.5896 round=55
[round 55] timing train=131.245s distribution=0.798s agg=0.190s eval=93.938s total=226.209s
Classification: train=1.0000 test=0.5925 round=56
[round 56] timing train=119.459s distribution=1.110s agg=0.285s eval=97.161s total=218.056s
Classification: train=1.0000 test=0.5900 round=57
[round 57] timing train=125.346s distribution=1.204s agg=0.151s eval=87.824s total=214.539s
Classification: train=1.0000 test=0.5868 round=58
[round 58] timing train=129.698s distribution=1.079s agg=0.191s eval=94.176s total=225.159s
Classification: train=1.0000 test=0.5860 round=59
[round 59] timing train=129.123s distribution=0.961s agg=0.271s eval=90.811s total=221.178s
[fedcsl] checkpoint saved → ./checkpoint/resume/fedcsl_LSST_2026-05-04-14har_fedavg_dir10.0.pt (round=60)
Classification: train=1.0000 test=0.5888 round=60
[round 60] timing train=123.178s distribution=0.852s agg=0.148s eval=93.460s total=217.652s
Classification: train=1.0000 test=0.5900 round=61
[round 61] timing train=117.988s distribution=0.723s agg=0.108s eval=84.765s total=203.598s
Classification: train=1.0000 test=0.5896 round=62
[round 62] timing train=129.717s distribution=0.721s agg=0.250s eval=87.959s total=218.662s
Classification: train=1.0000 test=0.5860 round=63
[round 63] timing train=132.815s distribution=0.703s agg=0.096s eval=91.247s total=224.874s
Classification: train=1.0000 test=0.5876 round=64
[round 64] timing train=119.591s distribution=0.923s agg=0.150s eval=87.683s total=208.363s
Classification: train=1.0000 test=0.5888 round=65
[round 65] timing train=123.333s distribution=0.751s agg=0.194s eval=86.772s total=211.134s
Classification: train=1.0000 test=0.5896 round=66
[round 66] timing train=119.884s distribution=0.757s agg=0.164s eval=94.677s total=215.512s
Classification: train=1.0000 test=0.5839 round=67
[round 67] timing train=128.428s distribution=0.797s agg=0.206s eval=99.842s total=229.318s
Classification: train=1.0000 test=0.5876 round=68
[round 68] timing train=118.602s distribution=0.756s agg=0.036s eval=76.678s total=196.083s
Classification: train=1.0000 test=0.5880 round=69
[round 69] timing train=124.375s distribution=1.020s agg=0.254s eval=88.005s total=213.659s
Classification: train=1.0000 test=0.5904 round=70
[round 70] timing train=125.178s distribution=0.919s agg=0.193s eval=91.611s total=217.937s
Classification: train=1.0000 test=0.5864 round=71
[round 71] timing train=129.093s distribution=0.712s agg=0.143s eval=99.248s total=229.238s
Classification: train=1.0000 test=0.5904 round=72
[round 72] timing train=124.514s distribution=0.914s agg=0.142s eval=94.251s total=219.837s
Classification: train=1.0000 test=0.5876 round=73
[round 73] timing train=122.623s distribution=0.919s agg=0.175s eval=96.039s total=219.766s
Classification: train=1.0000 test=0.5880 round=74
[round 74] timing train=122.476s distribution=1.006s agg=0.182s eval=89.374s total=213.071s
Classification: train=1.0000 test=0.5876 round=75
[round 75] timing train=123.649s distribution=0.816s agg=0.210s eval=98.598s total=223.278s
Classification: train=1.0000 test=0.5880 round=76
[round 76] timing train=131.542s distribution=0.878s agg=0.195s eval=95.465s total=228.116s
Classification: train=1.0000 test=0.5880 round=77
[round 77] timing train=127.328s distribution=0.844s agg=0.135s eval=86.709s total=215.050s
Classification: train=1.0000 test=0.5864 round=78
[round 78] timing train=124.783s distribution=0.959s agg=0.222s eval=88.686s total=214.676s
Classification: train=1.0000 test=0.5884 round=79
[round 79] timing train=124.852s distribution=0.722s agg=0.112s eval=90.264s total=215.960s
Classification: train=1.0000 test=0.5900 round=80
[round 80] timing train=129.133s distribution=1.163s agg=0.225s eval=90.086s total=220.620s
Classification: train=1.0000 test=0.5884 round=81
[round 81] timing train=128.953s distribution=0.698s agg=0.120s eval=91.642s total=221.473s
Classification: train=1.0000 test=0.5896 round=82
[round 82] timing train=123.661s distribution=0.801s agg=0.199s eval=92.914s total=217.604s
Classification: train=1.0000 test=0.5880 round=83
[round 83] timing train=122.145s distribution=0.766s agg=0.121s eval=90.255s total=213.340s
Classification: train=1.0000 test=0.5860 round=84
[round 84] timing train=120.830s distribution=0.696s agg=0.098s eval=93.694s total=215.325s
Classification: train=1.0000 test=0.5876 round=85
[round 85] timing train=139.785s distribution=1.026s agg=0.246s eval=92.111s total=233.208s
Classification: train=1.0000 test=0.5848 round=86
[round 86] timing train=125.492s distribution=0.916s agg=0.161s eval=90.089s total=216.671s
Classification: train=1.0000 test=0.5876 round=87
[round 87] timing train=123.790s distribution=0.990s agg=0.171s eval=93.394s total=218.358s
Classification: train=1.0000 test=0.5888 round=88
[round 88] timing train=127.084s distribution=0.736s agg=0.156s eval=94.004s total=222.018s
Classification: train=1.0000 test=0.5880 round=89
[round 89] timing train=130.489s distribution=0.936s agg=0.177s eval=97.714s total=229.346s
[fedcsl] checkpoint saved → ./checkpoint/resume/fedcsl_LSST_2026-05-04-14har_fedavg_dir10.0.pt (round=90)
Classification: train=1.0000 test=0.5872 round=90
[round 90] timing train=129.006s distribution=0.834s agg=0.158s eval=90.483s total=220.497s
Classification: train=1.0000 test=0.5864 round=91
[round 91] timing train=127.131s distribution=1.117s agg=0.251s eval=95.618s total=224.151s
Classification: train=1.0000 test=0.5868 round=92
[round 92] timing train=128.754s distribution=1.034s agg=0.186s eval=91.713s total=221.695s
Classification: train=1.0000 test=0.5880 round=93
[round 93] timing train=126.716s distribution=0.802s agg=0.164s eval=96.740s total=224.435s
Classification: train=1.0000 test=0.5876 round=94
[round 94] timing train=128.444s distribution=1.182s agg=0.283s eval=87.489s total=217.423s
Classification: train=1.0000 test=0.5900 round=95
[round 95] timing train=124.491s distribution=1.031s agg=0.266s eval=92.278s total=218.108s
Classification: train=1.0000 test=0.5880 round=96
[round 96] timing train=122.816s distribution=0.989s agg=0.164s eval=90.699s total=214.674s
Classification: train=1.0000 test=0.5888 round=97
[round 97] timing train=125.070s distribution=0.830s agg=0.262s eval=93.232s total=219.407s
Classification: train=1.0000 test=0.5945 round=98
[round 98] timing train=130.376s distribution=0.706s agg=0.095s eval=90.660s total=221.871s
Classification: train=1.0000 test=0.5925 round=99
[round 99] timing train=128.351s distribution=0.598s agg=0.055s eval=91.762s total=220.779s
Classification: train=1.0000 test=0.5880 round=100
[round 100] timing train=121.593s distribution=0.817s agg=0.207s eval=93.701s total=216.345s
Classification: train=1.0000 test=0.5880 round=101
[round 101] timing train=103.070s distribution=0.565s agg=0.145s eval=86.257s total=190.041s
Classification: train=1.0000 test=0.5864 round=102
[round 102] timing train=130.017s distribution=0.945s agg=0.054s eval=92.417s total=223.447s
Classification: train=1.0000 test=0.5892 round=103
[round 103] timing train=125.230s distribution=0.734s agg=0.077s eval=93.286s total=219.356s
Classification: train=1.0000 test=0.5864 round=104
[round 104] timing train=140.020s distribution=0.824s agg=0.084s eval=89.140s total=230.091s
Classification: train=1.0000 test=0.5904 round=105
[round 105] timing train=135.683s distribution=0.622s agg=0.106s eval=94.254s total=230.698s
Classification: train=1.0000 test=0.5908 round=106
[round 106] timing train=132.020s distribution=0.793s agg=0.056s eval=95.138s total=228.012s
Classification: train=1.0000 test=0.5916 round=107
[round 107] timing train=132.111s distribution=0.729s agg=0.130s eval=96.600s total=229.623s
Classification: train=1.0000 test=0.5892 round=108
[round 108] timing train=138.286s distribution=1.036s agg=0.221s eval=106.331s total=245.887s
Classification: train=1.0000 test=0.5892 round=109
[round 109] timing train=130.562s distribution=0.996s agg=0.233s eval=100.594s total=232.401s
Classification: train=1.0000 test=0.5941 round=110
[round 110] timing train=133.301s distribution=1.123s agg=0.154s eval=98.793s total=233.405s
Classification: train=1.0000 test=0.5929 round=111
[round 111] timing train=131.976s distribution=0.951s agg=0.205s eval=99.381s total=232.543s
Classification: train=1.0000 test=0.5912 round=112
[round 112] timing train=132.935s distribution=1.012s agg=0.279s eval=100.791s total=235.073s
Classification: train=1.0000 test=0.5904 round=113
[round 113] timing train=133.012s distribution=0.802s agg=0.181s eval=102.095s total=236.141s
Classification: train=1.0000 test=0.5892 round=114
[round 114] timing train=132.712s distribution=0.739s agg=0.210s eval=93.179s total=226.890s
Classification: train=1.0000 test=0.5880 round=115
[round 115] timing train=134.454s distribution=0.901s agg=0.256s eval=98.195s total=233.810s
Classification: train=1.0000 test=0.5900 round=116
[round 116] timing train=130.654s distribution=0.792s agg=0.199s eval=99.336s total=231.010s
Classification: train=1.0000 test=0.5921 round=117
[round 117] timing train=137.831s distribution=0.959s agg=0.307s eval=107.613s total=246.723s
Classification: train=1.0000 test=0.5925 round=118
[round 118] timing train=135.935s distribution=0.951s agg=0.192s eval=98.697s total=235.788s
Classification: train=1.0000 test=0.5908 round=119
[round 119] timing train=129.892s distribution=0.882s agg=0.298s eval=104.819s total=235.926s
[fedcsl] checkpoint saved → ./checkpoint/resume/fedcsl_LSST_2026-05-04-14har_fedavg_dir10.0.pt (round=120)
Classification: train=1.0000 test=0.5904 round=120
[round 120] timing train=129.284s distribution=0.992s agg=0.230s eval=100.495s total=231.046s
Classification: train=1.0000 test=0.5888 round=121
[round 121] timing train=139.321s distribution=1.268s agg=0.220s eval=102.788s total=243.617s
Classification: train=1.0000 test=0.5916 round=122
[round 122] timing train=133.459s distribution=1.099s agg=0.296s eval=107.468s total=242.362s
Classification: train=1.0000 test=0.5925 round=123
[round 123] timing train=134.299s distribution=1.197s agg=0.164s eval=99.297s total=234.997s
Classification: train=1.0000 test=0.5933 round=124
[round 124] timing train=137.094s distribution=1.132s agg=0.168s eval=101.869s total=240.268s
Classification: train=1.0000 test=0.5888 round=125
[round 125] timing train=132.051s distribution=1.058s agg=0.184s eval=111.658s total=244.978s
Classification: train=1.0000 test=0.5900 round=126
[round 126] timing train=132.499s distribution=0.968s agg=0.259s eval=101.604s total=235.378s
Classification: train=1.0000 test=0.5880 round=127
[round 127] timing train=135.118s distribution=0.909s agg=0.212s eval=93.513s total=229.783s
Classification: train=1.0000 test=0.5937 round=128
[round 128] timing train=107.748s distribution=1.041s agg=0.240s eval=109.876s total=218.911s
Classification: train=1.0000 test=0.5925 round=129
[round 129] timing train=126.399s distribution=0.860s agg=0.175s eval=88.326s total=215.773s
Classification: train=1.0000 test=0.5929 round=130
[round 130] timing train=132.120s distribution=0.908s agg=0.175s eval=101.776s total=234.991s
Classification: train=1.0000 test=0.5908 round=131
[round 131] timing train=129.548s distribution=0.885s agg=0.207s eval=99.156s total=229.807s
Classification: train=1.0000 test=0.5921 round=132
[round 132] timing train=135.801s distribution=1.111s agg=0.277s eval=100.587s total=237.793s
Classification: train=1.0000 test=0.5908 round=133
[round 133] timing train=137.436s distribution=0.803s agg=0.180s eval=108.405s total=246.838s
Classification: train=1.0000 test=0.5908 round=134
[round 134] timing train=139.783s distribution=1.447s agg=0.270s eval=98.152s total=239.656s
Classification: train=1.0000 test=0.5925 round=135
[round 135] timing train=134.354s distribution=0.922s agg=0.243s eval=92.763s total=228.295s
Classification: train=1.0000 test=0.5904 round=136
[round 136] timing train=138.530s distribution=0.903s agg=0.247s eval=101.210s total=240.895s
Classification: train=1.0000 test=0.5908 round=137
[round 137] timing train=130.867s distribution=0.692s agg=0.067s eval=99.040s total=230.681s
Classification: train=1.0000 test=0.5916 round=138
[round 138] timing train=137.027s distribution=1.042s agg=0.326s eval=103.254s total=241.668s
Classification: train=1.0000 test=0.5912 round=139
[round 139] timing train=134.402s distribution=1.014s agg=0.221s eval=102.742s total=238.417s
Classification: train=1.0000 test=0.5916 round=140
[round 140] timing train=129.395s distribution=0.916s agg=0.211s eval=103.897s total=234.427s
Classification: train=1.0000 test=0.5908 round=141
[round 141] timing train=131.918s distribution=0.892s agg=0.153s eval=104.025s total=237.006s
Classification: train=1.0000 test=0.5884 round=142
[round 142] timing train=138.062s distribution=1.099s agg=0.233s eval=102.892s total=242.299s
Classification: train=1.0000 test=0.5904 round=143
[round 143] timing train=133.123s distribution=0.942s agg=0.338s eval=101.087s total=235.502s
Classification: train=1.0000 test=0.5933 round=144
[round 144] timing train=134.327s distribution=1.035s agg=0.234s eval=103.376s total=239.009s
Classification: train=1.0000 test=0.5949 round=145
[round 145] timing train=129.524s distribution=0.902s agg=0.157s eval=103.026s total=233.623s
Classification: train=1.0000 test=0.5900 round=146
[round 146] timing train=133.907s distribution=1.041s agg=0.231s eval=103.405s total=238.607s
Classification: train=1.0000 test=0.5896 round=147
[round 147] timing train=131.968s distribution=1.101s agg=0.237s eval=102.776s total=236.123s
Classification: train=1.0000 test=0.5912 round=148
[round 148] timing train=129.586s distribution=1.055s agg=0.139s eval=100.447s total=231.233s
Classification: train=1.0000 test=0.5912 round=149
[round 149] timing train=132.040s distribution=0.872s agg=0.123s eval=103.903s total=236.947s
[fedcsl] checkpoint saved → ./checkpoint/resume/fedcsl_LSST_2026-05-04-14har_fedavg_dir10.0.pt (round=150)
Classification: train=1.0000 test=0.5884 round=150
[round 150] timing train=131.244s distribution=1.001s agg=0.312s eval=104.429s total=237.001s
Classification: train=1.0000 test=0.5912 round=151
[round 151] timing train=131.937s distribution=0.779s agg=0.156s eval=103.549s total=236.457s
Classification: train=1.0000 test=0.5892 round=152
[round 152] timing train=126.871s distribution=0.805s agg=0.222s eval=97.808s total=225.725s
Classification: train=1.0000 test=0.5884 round=153
[round 153] timing train=131.254s distribution=1.114s agg=0.254s eval=100.589s total=233.231s
Classification: train=1.0000 test=0.5884 round=154
[round 154] timing train=134.661s distribution=1.023s agg=0.192s eval=105.912s total=241.813s
Classification: train=1.0000 test=0.5912 round=155
[round 155] timing train=137.003s distribution=1.301s agg=0.168s eval=99.732s total=238.217s
Classification: train=1.0000 test=0.5916 round=156
[round 156] timing train=131.899s distribution=1.016s agg=0.247s eval=96.930s total=230.126s
Classification: train=1.0000 test=0.5880 round=157
[round 157] timing train=106.571s distribution=0.597s agg=0.110s eval=92.501s total=199.800s
Classification: train=1.0000 test=0.5864 round=158
[round 158] timing train=130.219s distribution=0.939s agg=0.066s eval=99.150s total=230.388s
Classification: train=1.0000 test=0.5868 round=159
[round 159] timing train=129.720s distribution=0.905s agg=0.233s eval=99.919s total=230.817s
Classification: train=1.0000 test=0.5860 round=160
[round 160] timing train=132.454s distribution=0.940s agg=0.210s eval=100.038s total=233.669s
Classification: train=1.0000 test=0.5856 round=161
[round 161] timing train=107.792s distribution=1.047s agg=0.222s eval=98.489s total=207.566s
Classification: train=1.0000 test=0.5880 round=162
[round 162] timing train=131.736s distribution=0.948s agg=0.202s eval=94.102s total=227.001s
Classification: train=1.0000 test=0.5916 round=163
[round 163] timing train=129.294s distribution=0.780s agg=0.205s eval=98.086s total=228.396s
Classification: train=1.0000 test=0.5925 round=164
[round 164] timing train=135.384s distribution=1.031s agg=0.205s eval=101.599s total=238.232s
Classification: train=1.0000 test=0.5921 round=165
[round 165] timing train=133.827s distribution=1.041s agg=0.075s eval=93.635s total=228.593s
Classification: train=1.0000 test=0.5892 round=166
[round 166] timing train=129.385s distribution=0.869s agg=0.181s eval=95.960s total=226.399s
Classification: train=1.0000 test=0.5888 round=167
[round 167] timing train=130.543s distribution=0.936s agg=0.207s eval=89.119s total=220.848s
Classification: train=1.0000 test=0.5896 round=168
[round 168] timing train=128.111s distribution=0.835s agg=0.262s eval=96.627s total=225.850s
Classification: train=1.0000 test=0.5876 round=169
[round 169] timing train=136.143s distribution=0.960s agg=0.060s eval=97.304s total=234.499s
Classification: train=1.0000 test=0.5872 round=170
[round 170] timing train=127.070s distribution=0.951s agg=0.159s eval=96.236s total=224.434s
Classification: train=1.0000 test=0.5929 round=171
[round 171] timing train=130.744s distribution=0.748s agg=0.164s eval=98.651s total=230.322s
Classification: train=1.0000 test=0.5921 round=172
[round 172] timing train=128.381s distribution=0.912s agg=0.175s eval=101.434s total=230.916s
Classification: train=1.0000 test=0.5896 round=173
[round 173] timing train=130.965s distribution=0.888s agg=0.160s eval=100.678s total=232.729s
Classification: train=1.0000 test=0.5921 round=174
[round 174] timing train=132.652s distribution=0.917s agg=0.225s eval=97.011s total=230.831s
Classification: train=1.0000 test=0.5945 round=175
[round 175] timing train=125.747s distribution=0.850s agg=0.101s eval=103.451s total=230.155s
Classification: train=1.0000 test=0.5933 round=176
[round 176] timing train=134.484s distribution=1.074s agg=0.147s eval=93.857s total=229.576s
Classification: train=1.0000 test=0.5896 round=177
[round 177] timing train=134.206s distribution=1.100s agg=0.264s eval=97.853s total=233.436s
Classification: train=1.0000 test=0.5933 round=178
[round 178] timing train=136.180s distribution=1.016s agg=0.156s eval=94.830s total=232.198s
Classification: train=1.0000 test=0.5900 round=179
[round 179] timing train=131.641s distribution=0.940s agg=0.191s eval=97.071s total=229.870s
[fedcsl] checkpoint saved → ./checkpoint/resume/fedcsl_LSST_2026-05-04-14har_fedavg_dir10.0.pt (round=180)
Classification: train=1.0000 test=0.5921 round=180
[round 180] timing train=131.706s distribution=0.832s agg=0.193s eval=96.636s total=229.395s
Classification: train=1.0000 test=0.5953 round=181
[round 181] timing train=132.499s distribution=0.829s agg=0.248s eval=97.556s total=231.174s
Classification: train=1.0000 test=0.5937 round=182
[round 182] timing train=131.577s distribution=1.035s agg=0.199s eval=98.905s total=231.726s
Classification: train=1.0000 test=0.5941 round=183
[round 183] timing train=128.530s distribution=0.888s agg=0.200s eval=100.775s total=230.422s
Classification: train=1.0000 test=0.5925 round=184
[round 184] timing train=126.158s distribution=0.910s agg=0.195s eval=92.600s total=219.869s
Classification: train=1.0000 test=0.5961 round=185
[round 185] timing train=129.925s distribution=0.718s agg=0.164s eval=80.856s total=211.674s
Classification: train=1.0000 test=0.5957 round=186
[round 186] timing train=114.026s distribution=1.144s agg=0.233s eval=98.541s total=213.971s
Classification: train=1.0000 test=0.5953 round=187
[round 187] timing train=130.227s distribution=0.952s agg=0.089s eval=97.199s total=228.479s
Classification: train=1.0000 test=0.5945 round=188
[round 188] timing train=132.531s distribution=0.959s agg=0.224s eval=97.847s total=231.574s
Classification: train=1.0000 test=0.5949 round=189
[round 189] timing train=128.037s distribution=0.831s agg=0.080s eval=98.609s total=227.583s
Classification: train=1.0000 test=0.5929 round=190
[round 190] timing train=130.202s distribution=0.958s agg=0.240s eval=96.520s total=227.949s
Classification: train=1.0000 test=0.5957 round=191
[round 191] timing train=133.945s distribution=0.887s agg=0.256s eval=97.857s total=232.950s
Classification: train=1.0000 test=0.5945 round=192
[round 192] timing train=125.425s distribution=0.811s agg=0.123s eval=98.174s total=224.583s
Classification: train=1.0000 test=0.5969 round=193
[round 193] timing train=126.576s distribution=1.239s agg=0.278s eval=94.521s total=222.661s
Classification: train=1.0000 test=0.5977 round=194
[round 194] timing train=107.596s distribution=0.680s agg=0.153s eval=96.487s total=204.926s
Classification: train=1.0000 test=0.5973 round=195
[round 195] timing train=131.702s distribution=0.821s agg=0.109s eval=105.221s total=237.869s
Classification: train=1.0000 test=0.5941 round=196
[round 196] timing train=130.715s distribution=0.855s agg=0.114s eval=94.718s total=226.408s
Classification: train=1.0000 test=0.5937 round=197
[round 197] timing train=132.638s distribution=0.841s agg=0.162s eval=96.262s total=229.957s
Classification: train=1.0000 test=0.5933 round=198
[round 198] timing train=130.027s distribution=1.123s agg=0.182s eval=95.724s total=227.085s
Classification: train=1.0000 test=0.5933 round=199
[round 199] timing train=133.636s distribution=0.828s agg=0.093s eval=98.835s total=233.411s
best round is 194, acc is 0.597729
Model saved to ./checkpoint/LSST/2026-05-04-14har_fedavg_dir10.0_LSST_model.pt
