# 2026-05-04 14:32:50  har_fedcsl-onehot_dir10.0  GPU=1  cwd=/data/user_lixiongfei/CSL-main
# CMD: python3 -u FedCSL_All.py -dataset HAR --config configFedCSL_OneHot.yml --dirichlet-alpha 10.0 --seed 42 --description har_fedcsl-onehot_dir10.0 -dataset LSST

/mnt/data/user_liangzhiyu/envs/fedcsl/lib/python3.8/site-packages/scipy/__init__.py:146: UserWarning: A NumPy version >=1.16.5 and <1.23.0 is required for this version of SciPy (detected version 1.23.5
  warnings.warn(f"A NumPy version >={np_minversion} and <{np_maxversion}"
[config] 'configFedCSL_OneHot.yml' 未找到，重定向到 'config/configFedCSL_OneHot.yml'
2459
<class 'pandas.core.frame.DataFrame'>
RangeIndex: 2459 entries, 0 to 2458
Data columns (total 7 columns):
 #   Column      Non-Null Count  Dtype 
---  ------      --------------  ----- 
 0   dim_0       2459 non-null   object
 1   dim_1       2459 non-null   object
 2   dim_2       2459 non-null   object
 3   dim_3       2459 non-null   object
 4   dim_4       2459 non-null   object
 5   dim_5       2459 non-null   object
 6   class_vals  2459 non-null   object
dtypes: object(7)
memory usage: 134.6+ KB
None
{36}
<class 'pandas.core.frame.DataFrame'>
RangeIndex: 2459 entries, 0 to 2458
Data columns (total 7 columns):
 #   Column      Non-Null Count  Dtype 
---  ------      --------------  ----- 
 0   dim_0       2459 non-null   object
 1   dim_1       2459 non-null   object
 2   dim_2       2459 non-null   object
 3   dim_3       2459 non-null   object
 4   dim_4       2459 non-null   object
 5   dim_5       2459 non-null   object
 6   class_vals  2459 non-null   object
dtypes: object(7)
memory usage: 134.6+ KB
None
[ 0  0  0 ... 13 13 13]
[   0    1    2    3    4    5    6    7    8    9   10   34   35   36
   37   38   39   40   41   42   43   44   45   46   47   48   49   50
   51   52   53   54   55   56   57   58   59   60   61   62   63   64
   65   66  157  158  159  160  161  162  163  164  165  166  167  168
  169  170  171  172  173  174  175  176  177  178  179  180  181  182
  183  184  185  186  187  188  189  190  191  192  193  194  195  196
  197  198  199  200  201  202  203  204  205  206  207  208  209  210
  211  212  213  214  215  216  217  218  219  220  221  222  223  224
  225  226  227  228  229  230  231  427  428  429  430  431  432  433
  434  435  436  437  438  439  440  441  442  443  444  445  446  447
  448  449  450  451  452  453  454  455  456  457  458  459  460  461
  462  463  464  465  466  467  468  469  470  471  472  473  474  475
  476  477  478  479  480  481  482  483  484  485  486  487  488  489
  490  491  492  493  494  495  496  497  498  499  500  501  502  503
  504  505  506  507  508  509  510  511  512  513  514  515  516  517
  518  519  520  521  522  523  524  525  526  527  528  529  530  531
  532  533  534  535  536  537  538  539  540  541  542  543  544  545
  546  547  548  549  550  551  552  553  554  555  556  557  558  559
  560  561  562  563  564  565  566  567  568  569  570  571  572  573
  574  575  576  577  578  808  809  810  811  812  813  814  815  816
  817  818  819  820  821  822  823  824  825  826  827  828  829  830
  831  832  833  834  835  836  837  838  870  871  877  878  879  880
  881  882  883  884  885  886  887  888  889  890  891  892  893  894
  895  896  897  898  899  900  901  902  903  904  905  906  907  908
  909 1030 1031 1032 1033 1034 1035 1036 1037 1038 1053 1054 1055 1056
 1057 1058 1059 1060 1061 1062 1063 1064 1065 1066 1067 1068 1069 1070
 1071 1072 1073 1074 1075 1076 1077 1078 1079 1080 1081 1082 1083 1084
 1085 1086 1087 1088 1089 1090 1091 1092 1093 1094 1095 1096 1097 1098
 1099 1100 1101 1102 1103 1104 1105 1106 1107 1108 1109 1110 1111 1112
 1113 1114 1115 1116 1117 1118 1119 1120 1121 1122 1123 1124 1125 1126
 1127 1128 1129 1130 1131 1132 1133 1134 1135 1136 1137 1138 1139 1140
 1141 1142 1143 1144 1145 1146 1147 1148 1149 1150 1151 1152 1366 1367
 1368 1369 1370 1371 1372 1373 1374 1375 1376 1377 1378 1379 1380 1381
 1382 1383 1384 1385 1386 1387 1388 1389 1390 1391 1392 1393 1394 1395
 1434 1435 1436 1437 1438 1439 1440 1441 1442 1443 1444 1445 1446 1447
 1448 1449 1450 1451 1452 1453 1454 1455 1456 1457 1458 1459 1460 1554
 1555 1556 1557 1558 1559 1560 1561 1562 1563 1564 1565 1566 1567 1568
 1569 1570 1571 1572 1573 1574 1575 1576 1577 1578 1579 1580 1581 1582
 1583 1584 1585 1586 1587 1588 1589 1590 1591 1592 1593 1594 1595 1596
 1597 1598 1599 1600 1601 1602 1603 1604 1605 1606 1607 1608 1609 1610
 1611 1612 1613 1614 1615 1616 1617 1618 1619 1620 1621 1622 1623 1624
 1625 1626 1627 1628 1629 1630 1631 1632 1633 1634 1635 1636 1637 1638
 1639 1640 1641 1642 1643 1644 1645 1646 1647 1648 1649 1650 1651 1652
 1653 1654 1655 1656 1657 1658 1659 1660 1661 1662 1663 1664 1665 1666
 1667 1668 1669 1670 1671 1672 1673 1674 1675 1676 1677 1678 1679 1680
 1681 1682 1683 1684 1685 1686 1687 1688 1689 1690 1691 1692 1693 1694
 1695 1696 1697 1698 1699 1700 1701 1702 1703 1704 1705 1706 1707 1708
 1709 1710 1711 1712 1713 1714 1715 1716 1717 1718 1719 1720 1721 1722
 1723 1724 1725 1726 1727 1728 1729 1730 1731 1732 1733 1734 1735 1736
 1737 1738 1739 1740 1741 1742 1743 1744 1745 1746 1747 1748 1749 1750
 1751 1752 1753 1754 1755 1756 1757 1758 1759 1760 1761 1762 1763 1764
 1765 1766 1767 1768 1769 1770 1771 1772 1773 1774 1775 1776 1777 1778
 1779 1780 1781 1782 1783 1784 1785 1786 1787 1788 1789 1790 1791 1792
 1793 1794 1795 1796 1797 1798 1799 1800 1801 1802 1803 1804 1805 1806
 1807 1808 1809 1810 1811 1812 1813 1814 2331 2332 2333 2334 2335 2336
 2337 2338 2339 2340 2341 2342 2343 2344 2345 2346 2408 2409 2410 2411
 2412 2413 2414 2415 2416 2417]
[0, 0, 0, 0, 0, 0, 0, 0, 0, 0, 0, 1, 1, 1, 1, 1, 1, 1, 1, 1, 1, 1, 1, 1, 1, 1, 1, 1, 1, 1, 1, 1, 1, 1, 1, 1, 1, 1, 1, 1, 1, 1, 1, 1, 2, 2, 2, 2, 2, 2, 2, 2, 2, 2, 2, 2, 2, 2, 2, 2, 2, 2, 2, 2, 2, 2, 2, 2, 2, 2, 2, 2, 2, 2, 2, 2, 2, 2, 2, 2, 2, 2, 2, 2, 2, 2, 2, 2, 2, 2, 2, 2, 2, 2, 2, 2, 2, 2, 2, 2, 2, 2, 2, 2, 2, 2, 2, 2, 2, 2, 2, 2, 2, 2, 2, 2, 2, 2, 2, 3, 3, 3, 3, 3, 3, 3, 3, 3, 3, 3, 3, 3, 3, 3, 3, 3, 3, 3, 3, 3, 3, 3, 3, 3, 3, 3, 3, 3, 3, 3, 3, 3, 3, 3, 3, 3, 3, 3, 3, 3, 3, 3, 3, 3, 3, 3, 3, 3, 3, 3, 3, 3, 3, 3, 3, 3, 3, 3, 3, 3, 3, 3, 3, 3, 3, 3, 3, 3, 3, 3, 3, 3, 3, 3, 3, 3, 3, 3, 3, 3, 3, 3, 3, 3, 3, 3, 3, 3, 3, 3, 3, 3, 3, 3, 3, 3, 3, 3, 3, 3, 3, 3, 3, 3, 3, 3, 3, 3, 3, 3, 3, 3, 3, 3, 3, 3, 3, 3, 3, 3, 3, 3, 3, 3, 3, 3, 3, 3, 3, 3, 3, 3, 3, 3, 3, 3, 3, 3, 3, 3, 3, 3, 3, 3, 3, 3, 3, 3, 3, 3, 3, 4, 4, 4, 4, 4, 4, 4, 4, 4, 4, 4, 4, 4, 4, 4, 4, 4, 4, 4, 4, 4, 4, 4, 4, 4, 4, 4, 4, 4, 4, 4, 5, 5, 6, 6, 6, 6, 6, 6, 6, 6, 6, 6, 6, 6, 6, 6, 6, 6, 6, 6, 6, 6, 6, 6, 6, 6, 6, 6, 6, 6, 6, 6, 6, 6, 6, 7, 7, 7, 7, 7, 7, 7, 7, 7, 8, 8, 8, 8, 8, 8, 8, 8, 8, 8, 8, 8, 8, 8, 8, 8, 8, 8, 8, 8, 8, 8, 8, 8, 8, 8, 8, 8, 8, 8, 8, 8, 8, 8, 8, 8, 8, 8, 8, 8, 8, 8, 8, 8, 8, 8, 8, 8, 8, 8, 8, 8, 8, 8, 8, 8, 8, 8, 8, 8, 8, 8, 8, 8, 8, 8, 8, 8, 8, 8, 8, 8, 8, 8, 8, 8, 8, 8, 8, 8, 8, 8, 8, 8, 8, 8, 8, 8, 8, 8, 8, 8, 8, 8, 8, 8, 8, 8, 8, 8, 9, 9, 9, 9, 9, 9, 9, 9, 9, 9, 9, 9, 9, 9, 9, 9, 9, 9, 9, 9, 9, 9, 9, 9, 9, 9, 9, 9, 9, 9, 10, 10, 10, 10, 10, 10, 10, 10, 10, 10, 10, 10, 10, 10, 10, 10, 10, 10, 10, 10, 10, 10, 10, 10, 10, 10, 10, 11, 11, 11, 11, 11, 11, 11, 11, 11, 11, 11, 11, 11, 11, 11, 11, 11, 11, 11, 11, 11, 11, 11, 11, 11, 11, 11, 11, 11, 11, 11, 11, 11, 11, 11, 11, 11, 11, 11, 11, 11, 11, 11, 11, 11, 11, 11, 11, 11, 11, 11, 11, 11, 11, 11, 11, 11, 11, 11, 11, 11, 11, 11, 11, 11, 11, 11, 11, 11, 11, 11, 11, 11, 11, 11, 11, 11, 11, 11, 11, 11, 11, 11, 11, 11, 11, 11, 11, 11, 11, 11, 11, 11, 11, 11, 11, 11, 11, 11, 11, 11, 11, 11, 11, 11, 11, 11, 11, 11, 11, 11, 11, 11, 11, 11, 11, 11, 11, 11, 11, 11, 11, 11, 11, 11, 11, 11, 11, 11, 11, 11, 11, 11, 11, 11, 11, 11, 11, 11, 11, 11, 11, 11, 11, 11, 11, 11, 11, 11, 11, 11, 11, 11, 11, 11, 11, 11, 11, 11, 11, 11, 11, 11, 11, 11, 11, 11, 11, 11, 11, 11, 11, 11, 11, 11, 11, 11, 11, 11, 11, 11, 11, 11, 11, 11, 11, 11, 11, 11, 11, 11, 11, 11, 11, 11, 11, 11, 11, 11, 11, 11, 11, 11, 11, 11, 11, 11, 11, 11, 11, 11, 11, 11, 11, 11, 11, 11, 11, 11, 11, 11, 11, 11, 11, 11, 11, 11, 11, 11, 11, 11, 11, 11, 11, 11, 11, 11, 11, 11, 11, 11, 11, 11, 11, 11, 11, 11, 11, 11, 11, 11, 11, 11, 11, 11, 11, 11, 11, 11, 11, 11, 12, 12, 12, 12, 12, 12, 12, 12, 12, 12, 12, 12, 12, 12, 12, 12, 13, 13, 13, 13, 13, 13, 13, 13, 13, 13]
[0, 0, 0, 0, 0, 0, 0, 0, 1, 1, 1, 1, 1, 1, 1, 1, 1, 1, 1, 1, 1, 1, 1, 1, 1, 1, 1, 1, 1, 1, 1, 1, 1, 1, 1, 1, 1, 1, 1, 1, 1, 1, 1, 1, 1, 1, 1, 1, 1, 1, 1, 1, 1, 1, 1, 1, 1, 1, 1, 1, 1, 1, 1, 1, 2, 2, 2, 2, 2, 2, 2, 2, 2, 2, 2, 2, 2, 2, 2, 2, 2, 2, 2, 2, 2, 2, 2, 2, 2, 2, 2, 2, 2, 2, 2, 2, 2, 2, 2, 2, 2, 2, 2, 2, 2, 2, 2, 2, 2, 2, 2, 2, 2, 2, 2, 2, 2, 2, 2, 2, 2, 2, 2, 2, 2, 2, 2, 2, 2, 2, 2, 2, 2, 2, 2, 2, 2, 2, 2, 2, 2, 2, 2, 2, 2, 2, 2, 2, 2, 2, 2, 2, 2, 2, 2, 2, 2, 2, 2, 2, 3, 3, 3, 3, 3, 3, 3, 3, 3, 3, 3, 3, 3, 3, 3, 3, 3, 3, 3, 3, 3, 3, 3, 3, 3, 3, 3, 3, 3, 3, 3, 3, 3, 3, 3, 3, 3, 3, 3, 3, 3, 3, 3, 3, 3, 3, 3, 3, 3, 3, 3, 3, 3, 3, 3, 3, 3, 3, 3, 3, 3, 3, 3, 3, 3, 3, 3, 3, 3, 3, 3, 3, 3, 3, 3, 3, 3, 3, 3, 3, 3, 3, 3, 3, 3, 3, 3, 3, 3, 3, 3, 3, 3, 3, 3, 3, 3, 3, 3, 3, 3, 3, 3, 3, 3, 3, 3, 3, 3, 3, 3, 4, 4, 4, 4, 4, 4, 4, 4, 4, 4, 4, 4, 4, 4, 5, 5, 6, 6, 6, 6, 6, 6, 6, 6, 6, 6, 6, 6, 6, 6, 6, 6, 6, 6, 6, 6, 6, 6, 6, 6, 6, 6, 6, 6, 6, 6, 6, 6, 6, 6, 6, 6, 6, 6, 6, 6, 6, 6, 6, 6, 6, 6, 6, 6, 6, 6, 6, 6, 6, 6, 6, 6, 6, 6, 6, 6, 6, 6, 6, 6, 6, 6, 6, 6, 6, 6, 6, 7, 7, 7, 7, 8, 8, 8, 8, 8, 8, 8, 8, 8, 8, 8, 8, 8, 8, 8, 8, 8, 8, 8, 8, 8, 8, 8, 8, 8, 8, 8, 8, 8, 8, 8, 8, 8, 8, 8, 8, 8, 8, 8, 8, 8, 8, 8, 8, 8, 8, 8, 8, 8, 8, 8, 8, 8, 8, 8, 8, 8, 8, 8, 8, 8, 8, 8, 8, 8, 8, 8, 8, 8, 8, 8, 8, 8, 8, 8, 8, 8, 8, 8, 8, 8, 8, 8, 8, 8, 8, 8, 8, 8, 8, 8, 8, 8, 8, 8, 8, 8, 8, 8, 8, 8, 8, 8, 8, 8, 8, 8, 8, 8, 8, 8, 8, 8, 8, 8, 8, 8, 8, 8, 8, 8, 8, 8, 8, 8, 8, 8, 8, 8, 8, 8, 8, 8, 8, 8, 8, 8, 8, 8, 8, 8, 8, 8, 8, 8, 8, 8, 8, 8, 8, 9, 9, 9, 9, 9, 9, 9, 9, 9, 9, 9, 9, 9, 9, 9, 9, 9, 9, 9, 9, 9, 10, 10, 10, 10, 10, 10, 10, 10, 10, 10, 10, 10, 10, 10, 10, 10, 10, 10, 10, 10, 10, 10, 10, 10, 10, 10, 10, 10, 10, 10, 10, 10, 10, 10, 10, 10, 10, 10, 10, 10, 10, 10, 10, 10, 10, 10, 10, 10, 10, 10, 10, 10, 10, 10, 10, 11, 11, 11, 11, 11, 11, 11, 11, 11, 11, 11, 11, 11, 11, 11, 11, 11, 11, 11, 11, 11, 11, 11, 11, 11, 11, 11, 11, 11, 11, 11, 11, 11, 11, 11, 11, 11, 11, 11, 11, 11, 11, 11, 11, 11, 11, 11, 11, 11, 11, 11, 11, 11, 11, 11, 11, 11, 11, 11, 11, 11, 11, 11, 11, 11, 11, 11, 11, 11, 11, 11, 11, 11, 11, 11, 11, 11, 11, 11, 11, 11, 11, 11, 11, 11, 11, 11, 11, 11, 11, 11, 11, 11, 11, 11, 11, 11, 11, 11, 11, 11, 11, 11, 11, 11, 11, 11, 11, 11, 11, 11, 11, 11, 11, 11, 11, 11, 11, 11, 11, 11, 11, 11, 11, 11, 11, 11, 11, 11, 11, 11, 11, 11, 11, 11, 11, 11, 11, 11, 11, 11, 11, 11, 11, 11, 11, 11, 11, 11, 11, 11, 11, 11, 11, 11, 11, 11, 11, 11, 11, 11, 11, 11, 11, 11, 11, 11, 11, 11, 11, 11, 11, 11, 11, 11, 11, 11, 11, 11, 11, 11, 11, 11, 11, 11, 11, 11, 11, 11, 11, 11, 11, 11, 11, 11, 11, 11, 11, 11, 11, 11, 11, 11, 11, 11, 11, 11, 11, 11, 11, 11, 11, 11, 11, 11, 11, 11, 11, 11, 11, 11, 11, 11, 11, 11, 11, 11, 11, 11, 11, 11, 11, 11, 11, 11, 11, 11, 11, 11, 11, 11, 11, 11, 11, 11, 11, 11, 11, 11, 11, 11, 11, 11, 11, 11, 11, 11, 11, 11, 11, 11, 11, 11, 11, 11, 11, 11, 11, 11, 11, 11, 11, 12, 12, 12, 12, 12, 12, 12, 12, 12, 12, 12, 12, 12, 12, 12, 12, 12, 12, 12, 12, 12, 12, 12, 12, 12, 12, 12, 12, 12, 12, 12, 13, 13, 13, 13, 13, 13, 13, 13, 13, 13, 13, 13, 13, 13, 13, 13, 13, 13, 13, 13, 13, 13, 13, 13, 13, 13, 13, 13, 13]
[0, 0, 0, 0, 0, 0, 0, 0, 0, 0, 0, 0, 0, 0, 0, 1, 1, 1, 1, 1, 1, 1, 1, 1, 1, 1, 1, 1, 1, 1, 1, 1, 1, 1, 1, 1, 1, 1, 1, 1, 1, 1, 1, 1, 1, 1, 1, 1, 1, 2, 2, 2, 2, 2, 2, 2, 2, 2, 2, 2, 2, 2, 2, 2, 2, 2, 2, 2, 2, 2, 2, 2, 2, 2, 2, 2, 2, 2, 2, 2, 2, 2, 2, 2, 2, 2, 2, 2, 2, 2, 2, 2, 2, 2, 2, 2, 2, 2, 2, 2, 2, 2, 2, 2, 2, 2, 2, 2, 2, 2, 2, 2, 2, 2, 2, 2, 2, 2, 2, 2, 2, 2, 2, 2, 2, 2, 2, 2, 2, 2, 2, 2, 2, 2, 2, 2, 2, 2, 2, 2, 2, 2, 2, 2, 2, 2, 2, 2, 3, 3, 3, 3, 3, 3, 3, 3, 3, 3, 3, 3, 3, 3, 3, 3, 3, 3, 3, 3, 3, 3, 3, 3, 3, 3, 3, 3, 3, 3, 3, 3, 3, 3, 3, 3, 3, 3, 3, 3, 3, 3, 3, 3, 3, 3, 3, 3, 3, 3, 3, 3, 3, 3, 3, 3, 3, 3, 3, 3, 3, 3, 3, 3, 3, 3, 3, 3, 3, 3, 3, 3, 3, 3, 3, 3, 3, 3, 3, 3, 3, 3, 3, 3, 3, 3, 3, 3, 3, 3, 3, 3, 3, 3, 3, 3, 3, 3, 3, 3, 3, 3, 3, 3, 3, 3, 3, 3, 3, 3, 3, 3, 3, 3, 3, 3, 3, 3, 4, 4, 4, 4, 4, 4, 4, 4, 4, 4, 4, 4, 4, 4, 4, 4, 4, 5, 5, 5, 6, 6, 6, 6, 6, 6, 6, 6, 6, 6, 6, 6, 6, 6, 6, 6, 6, 6, 6, 6, 6, 6, 6, 6, 6, 6, 6, 6, 6, 6, 6, 6, 6, 6, 6, 6, 6, 6, 6, 6, 6, 6, 6, 6, 6, 6, 6, 6, 6, 7, 7, 7, 7, 7, 7, 7, 7, 7, 7, 8, 8, 8, 8, 8, 8, 8, 8, 8, 8, 8, 8, 8, 8, 8, 8, 8, 8, 8, 8, 8, 8, 8, 8, 8, 8, 8, 8, 8, 8, 8, 8, 8, 8, 8, 8, 8, 8, 8, 8, 8, 8, 8, 8, 8, 8, 8, 8, 8, 8, 8, 8, 8, 8, 8, 8, 8, 8, 8, 8, 8, 8, 8, 9, 9, 9, 9, 9, 9, 9, 9, 9, 9, 9, 9, 9, 9, 9, 9, 9, 10, 10, 10, 10, 10, 10, 10, 10, 10, 10, 10, 10, 10, 10, 10, 10, 10, 10, 10, 10, 10, 10, 10, 10, 10, 10, 10, 10, 10, 10, 10, 10, 10, 10, 10, 10, 10, 10, 11, 11, 11, 11, 11, 11, 11, 11, 11, 11, 11, 11, 11, 11, 11, 11, 11, 11, 11, 11, 11, 11, 11, 11, 11, 11, 11, 11, 11, 11, 11, 11, 11, 11, 11, 11, 11, 11, 11, 11, 11, 11, 11, 11, 11, 11, 11, 11, 11, 11, 11, 11, 11, 11, 11, 11, 11, 11, 11, 11, 11, 11, 11, 11, 11, 11, 11, 11, 11, 11, 11, 11, 11, 11, 11, 11, 11, 11, 11, 11, 11, 11, 11, 11, 11, 11, 11, 11, 11, 11, 11, 11, 11, 11, 11, 11, 11, 11, 11, 11, 11, 11, 11, 11, 11, 11, 11, 11, 11, 11, 11, 11, 11, 11, 11, 11, 11, 11, 11, 11, 11, 11, 11, 11, 11, 11, 11, 11, 11, 11, 11, 11, 11, 11, 11, 11, 11, 11, 11, 11, 11, 11, 11, 11, 11, 11, 11, 11, 11, 11, 11, 11, 11, 11, 11, 11, 11, 11, 11, 11, 11, 11, 11, 11, 11, 11, 11, 11, 11, 11, 11, 11, 11, 11, 11, 11, 11, 11, 11, 11, 11, 11, 11, 11, 11, 11, 11, 11, 11, 11, 11, 11, 11, 11, 11, 11, 11, 11, 11, 11, 11, 11, 11, 11, 11, 11, 11, 11, 11, 11, 11, 11, 11, 11, 11, 11, 11, 11, 11, 11, 11, 11, 11, 11, 11, 11, 11, 11, 11, 11, 11, 11, 11, 11, 11, 11, 11, 11, 11, 11, 11, 11, 11, 11, 12, 12, 12, 12, 12, 12, 12, 12, 12, 12, 12, 12, 12, 12, 12, 12, 12, 12, 12, 12, 12, 12, 12, 12, 12, 12, 12, 12, 12, 12, 13, 13, 13, 13, 13, 13, 13, 13, 13, 13, 13, 13]
shapelet initialized!
All 3 clients initialized.
Server device: cuda:0
Client worker groups: [[0], [1], [2]]
Client worker devices: ['cuda:0', 'cuda:0', 'cuda:0']
客户端选择未启用，所有客户端参与聚合
[fedcsl] precomputed client scale scores once in 0.298s
/data/user_lixiongfei/CSL-main/train.py:801: UserWarning: Creating a tensor from a list of numpy.ndarrays is extremely slow. Please consider converting the list to a single numpy.ndarray with numpy.array() before converting to a tensor. (Triggered internally at ../torch/csrc/utils/tensor_new.cpp:278.)
  X = torch.tensor(X, dtype=torch.float)
Classification: train=1.0000 test=0.5827 round=0
[round 0] timing train=138.956s distribution=1.194s agg=0.317s eval=92.131s total=232.650s
Classification: train=1.0000 test=0.5856 round=1
[round 1] timing train=228.006s distribution=0.965s agg=0.095s eval=90.967s total=320.058s
Classification: train=1.0000 test=0.5888 round=2
[round 2] timing train=231.846s distribution=0.801s agg=0.089s eval=93.301s total=326.060s
Classification: train=1.0000 test=0.5904 round=3
[round 3] timing train=199.129s distribution=0.947s agg=0.052s eval=93.816s total=293.957s
Classification: train=1.0000 test=0.5941 round=4
[round 4] timing train=225.040s distribution=0.649s agg=0.038s eval=96.924s total=322.654s
Classification: train=1.0000 test=0.5912 round=5
[round 5] timing train=234.001s distribution=1.011s agg=0.166s eval=97.100s total=332.287s
Classification: train=1.0000 test=0.5888 round=6
[round 6] timing train=230.390s distribution=1.213s agg=0.246s eval=93.030s total=324.913s
Classification: train=1.0000 test=0.5896 round=7
[round 7] timing train=231.389s distribution=1.081s agg=0.180s eval=95.578s total=328.269s
Classification: train=1.0000 test=0.5908 round=8
[round 8] timing train=241.950s distribution=1.000s agg=0.162s eval=99.763s total=342.891s
Classification: train=1.0000 test=0.5904 round=9
[round 9] timing train=239.792s distribution=0.804s agg=0.124s eval=91.345s total=332.089s
Classification: train=1.0000 test=0.5949 round=10
[round 10] timing train=230.789s distribution=0.861s agg=0.282s eval=96.105s total=328.045s
Classification: train=1.0000 test=0.5937 round=11
[round 11] timing train=242.749s distribution=0.656s agg=0.173s eval=92.821s total=336.444s
Classification: train=1.0000 test=0.5933 round=12
[round 12] timing train=248.063s distribution=1.040s agg=0.214s eval=94.796s total=344.130s
Classification: train=1.0000 test=0.5912 round=13
[round 13] timing train=249.757s distribution=0.864s agg=0.219s eval=99.643s total=350.556s
Classification: train=1.0000 test=0.5921 round=14
[round 14] timing train=246.437s distribution=0.838s agg=0.191s eval=101.892s total=349.369s
Classification: train=1.0000 test=0.5896 round=15
[round 15] timing train=247.843s distribution=0.725s agg=0.126s eval=91.991s total=340.739s
Classification: train=1.0000 test=0.5916 round=16
[round 16] timing train=253.163s distribution=1.001s agg=0.315s eval=99.348s total=353.875s
Classification: train=1.0000 test=0.5900 round=17
[round 17] timing train=251.619s distribution=0.926s agg=0.203s eval=101.857s total=354.622s
Classification: train=1.0000 test=0.5921 round=18
[round 18] timing train=252.647s distribution=0.804s agg=0.359s eval=86.268s total=340.095s
Classification: train=1.0000 test=0.5921 round=19
[round 19] timing train=254.353s distribution=1.308s agg=0.242s eval=103.076s total=358.995s
Classification: train=1.0000 test=0.5912 round=20
[round 20] timing train=250.092s distribution=0.931s agg=0.258s eval=98.419s total=349.714s
Classification: train=1.0000 test=0.5908 round=21
[round 21] timing train=243.563s distribution=0.858s agg=0.102s eval=96.034s total=340.612s
Classification: train=1.0000 test=0.5925 round=22
[round 22] timing train=253.842s distribution=0.896s agg=0.087s eval=99.342s total=354.223s
Classification: train=1.0000 test=0.5937 round=23
[round 23] timing train=258.710s distribution=0.612s agg=0.157s eval=88.120s total=347.614s
Classification: train=1.0000 test=0.5900 round=24
[round 24] timing train=246.018s distribution=0.889s agg=0.223s eval=98.502s total=345.646s
Classification: train=1.0000 test=0.5860 round=25
[round 25] timing train=248.339s distribution=0.781s agg=0.239s eval=96.677s total=346.083s
Classification: train=1.0000 test=0.5900 round=26
[round 26] timing train=254.733s distribution=0.887s agg=0.284s eval=97.456s total=353.366s
Classification: train=1.0000 test=0.5908 round=27
[round 27] timing train=253.857s distribution=0.956s agg=0.027s eval=93.095s total=347.965s
Classification: train=1.0000 test=0.5896 round=28
[round 28] timing train=245.674s distribution=0.924s agg=0.304s eval=97.497s total=344.437s
Classification: train=1.0000 test=0.5864 round=29
[round 29] timing train=253.275s distribution=0.957s agg=0.167s eval=98.262s total=352.678s
[fedcsl] checkpoint saved → ./checkpoint/resume/fedcsl_LSST_2026-05-04-14har_fedcsl-onehot_dir10.0.pt (round=30)
Classification: train=1.0000 test=0.5892 round=30
[round 30] timing train=252.282s distribution=1.056s agg=0.138s eval=90.550s total=344.045s
Classification: train=1.0000 test=0.5860 round=31
[round 31] timing train=240.741s distribution=1.025s agg=0.225s eval=96.566s total=338.594s
Classification: train=1.0000 test=0.5904 round=32
[round 32] timing train=255.642s distribution=0.909s agg=0.196s eval=99.705s total=356.490s
Classification: train=1.0000 test=0.5900 round=33
[round 33] timing train=251.972s distribution=0.941s agg=0.245s eval=95.618s total=348.789s
Classification: train=1.0000 test=0.5892 round=34
[round 34] timing train=244.339s distribution=0.872s agg=0.280s eval=94.291s total=339.793s
Classification: train=1.0000 test=0.5896 round=35
[round 35] timing train=252.005s distribution=0.731s agg=0.104s eval=97.348s total=350.203s
Classification: train=1.0000 test=0.5884 round=36
[round 36] timing train=251.647s distribution=0.778s agg=0.162s eval=96.994s total=349.591s
Classification: train=1.0000 test=0.5900 round=37
[round 37] timing train=250.400s distribution=0.819s agg=0.211s eval=104.305s total=355.746s
Classification: train=1.0000 test=0.5904 round=38
[round 38] timing train=263.321s distribution=0.954s agg=0.049s eval=94.348s total=358.698s
Classification: train=1.0000 test=0.5888 round=39
[round 39] timing train=246.386s distribution=0.854s agg=0.299s eval=84.901s total=332.455s
Classification: train=1.0000 test=0.5888 round=40
[round 40] timing train=248.060s distribution=0.895s agg=0.120s eval=101.462s total=350.545s
Classification: train=1.0000 test=0.5876 round=41
[round 41] timing train=249.823s distribution=1.164s agg=0.150s eval=98.504s total=349.659s
Classification: train=1.0000 test=0.5876 round=42
[round 42] timing train=254.894s distribution=0.925s agg=0.176s eval=93.110s total=349.149s
Classification: train=1.0000 test=0.5908 round=43
[round 43] timing train=246.495s distribution=0.712s agg=0.127s eval=102.981s total=350.338s
Classification: train=1.0000 test=0.5900 round=44
[round 44] timing train=229.060s distribution=1.100s agg=0.203s eval=94.573s total=324.946s
Classification: train=1.0000 test=0.5921 round=45
[round 45] timing train=247.444s distribution=0.771s agg=0.149s eval=92.184s total=340.564s
Classification: train=1.0000 test=0.5900 round=46
[round 46] timing train=261.581s distribution=1.071s agg=0.147s eval=100.438s total=363.255s
Classification: train=1.0000 test=0.5904 round=47
[round 47] timing train=234.777s distribution=0.881s agg=0.176s eval=95.501s total=331.378s
Classification: train=1.0000 test=0.5892 round=48
[round 48] timing train=251.469s distribution=0.985s agg=0.171s eval=97.672s total=350.312s
Classification: train=1.0000 test=0.5896 round=49
[round 49] timing train=249.105s distribution=0.939s agg=0.221s eval=96.894s total=347.174s
Classification: train=1.0000 test=0.5872 round=50
[round 50] timing train=244.663s distribution=0.782s agg=0.309s eval=96.136s total=341.925s
Classification: train=1.0000 test=0.5884 round=51
[round 51] timing train=245.257s distribution=0.810s agg=0.303s eval=98.198s total=344.599s
Classification: train=1.0000 test=0.5896 round=52
[round 52] timing train=253.892s distribution=1.023s agg=0.257s eval=95.872s total=351.074s
Classification: train=1.0000 test=0.5880 round=53
[round 53] timing train=245.884s distribution=1.115s agg=0.154s eval=99.418s total=346.603s
Classification: train=1.0000 test=0.5900 round=54
[round 54] timing train=246.372s distribution=0.728s agg=0.256s eval=97.244s total=344.622s
Classification: train=1.0000 test=0.5888 round=55
[round 55] timing train=250.075s distribution=0.784s agg=0.270s eval=100.169s total=351.322s
Classification: train=1.0000 test=0.5876 round=56
[round 56] timing train=251.854s distribution=0.934s agg=0.104s eval=92.035s total=344.965s
Classification: train=1.0000 test=0.5872 round=57
[round 57] timing train=244.993s distribution=0.777s agg=0.133s eval=106.443s total=352.363s
Classification: train=1.0000 test=0.5876 round=58
[round 58] timing train=251.768s distribution=0.925s agg=0.078s eval=91.700s total=344.486s
Classification: train=1.0000 test=0.5868 round=59
[round 59] timing train=240.568s distribution=0.648s agg=0.139s eval=94.593s total=336.017s
[fedcsl] checkpoint saved → ./checkpoint/resume/fedcsl_LSST_2026-05-04-14har_fedcsl-onehot_dir10.0.pt (round=60)
Classification: train=1.0000 test=0.5852 round=60
[round 60] timing train=245.896s distribution=0.632s agg=0.292s eval=83.757s total=330.599s
Classification: train=1.0000 test=0.5868 round=61
[round 61] timing train=238.096s distribution=0.879s agg=0.129s eval=95.752s total=334.871s
Classification: train=1.0000 test=0.5864 round=62
[round 62] timing train=250.725s distribution=0.875s agg=0.147s eval=96.574s total=348.334s
Classification: train=1.0000 test=0.5892 round=63
[round 63] timing train=253.270s distribution=0.826s agg=0.117s eval=100.697s total=354.919s
Classification: train=1.0000 test=0.5843 round=64
[round 64] timing train=250.063s distribution=0.864s agg=0.209s eval=92.465s total=343.647s
Classification: train=1.0000 test=0.5860 round=65
[round 65] timing train=229.980s distribution=1.101s agg=0.190s eval=100.959s total=332.245s
Classification: train=1.0000 test=0.5856 round=66
[round 66] timing train=253.902s distribution=0.865s agg=0.324s eval=100.097s total=355.204s
Classification: train=1.0000 test=0.5868 round=67
[round 67] timing train=252.323s distribution=0.671s agg=0.176s eval=99.340s total=352.568s
Classification: train=1.0000 test=0.5852 round=68
[round 68] timing train=256.088s distribution=0.853s agg=0.222s eval=100.664s total=357.834s
Classification: train=1.0000 test=0.5839 round=69
[round 69] timing train=249.863s distribution=1.135s agg=0.267s eval=103.136s total=354.421s
Classification: train=1.0000 test=0.5848 round=70
[round 70] timing train=261.073s distribution=1.052s agg=0.295s eval=104.215s total=366.649s
Classification: train=1.0000 test=0.5848 round=71
[round 71] timing train=252.858s distribution=0.800s agg=0.153s eval=105.681s total=359.506s
Classification: train=1.0000 test=0.5848 round=72
[round 72] timing train=264.249s distribution=0.975s agg=0.279s eval=100.763s total=366.280s
Classification: train=1.0000 test=0.5835 round=73
[round 73] timing train=255.983s distribution=0.913s agg=0.051s eval=104.421s total=361.375s
Classification: train=1.0000 test=0.5831 round=74
[round 74] timing train=252.032s distribution=0.902s agg=0.236s eval=98.147s total=351.332s
Classification: train=1.0000 test=0.5835 round=75
[round 75] timing train=256.093s distribution=0.879s agg=0.305s eval=110.367s total=367.675s
Classification: train=1.0000 test=0.5811 round=76
[round 76] timing train=259.765s distribution=0.821s agg=0.145s eval=97.622s total=358.366s
Classification: train=1.0000 test=0.5819 round=77
[round 77] timing train=247.653s distribution=0.989s agg=0.265s eval=102.738s total=351.660s
Classification: train=1.0000 test=0.5803 round=78
[round 78] timing train=275.228s distribution=0.799s agg=0.243s eval=105.328s total=381.629s
Classification: train=1.0000 test=0.5807 round=79
[round 79] timing train=248.961s distribution=1.121s agg=0.304s eval=100.849s total=351.250s
Classification: train=1.0000 test=0.5815 round=80
[round 80] timing train=261.341s distribution=0.889s agg=0.312s eval=105.752s total=368.321s
Classification: train=1.0000 test=0.5835 round=81
[round 81] timing train=258.970s distribution=0.928s agg=0.268s eval=101.374s total=361.572s
Classification: train=1.0000 test=0.5815 round=82
[round 82] timing train=221.276s distribution=0.731s agg=0.196s eval=104.453s total=326.681s
Classification: train=1.0000 test=0.5831 round=83
[round 83] timing train=229.893s distribution=0.805s agg=0.161s eval=94.433s total=325.307s
Classification: train=1.0000 test=0.5856 round=84
[round 84] timing train=272.590s distribution=0.897s agg=0.139s eval=106.204s total=379.851s
Classification: train=1.0000 test=0.5864 round=85
[round 85] timing train=263.113s distribution=0.818s agg=0.306s eval=106.655s total=370.932s
Classification: train=1.0000 test=0.5831 round=86
[round 86] timing train=264.619s distribution=1.194s agg=0.371s eval=108.625s total=374.823s
Classification: train=1.0000 test=0.5839 round=87
[round 87] timing train=253.438s distribution=0.945s agg=0.051s eval=105.976s total=360.429s
Classification: train=1.0000 test=0.5839 round=88
[round 88] timing train=254.030s distribution=0.883s agg=0.154s eval=105.614s total=360.737s
Classification: train=1.0000 test=0.5843 round=89
[round 89] timing train=264.487s distribution=0.692s agg=0.160s eval=104.736s total=370.096s
[fedcsl] checkpoint saved → ./checkpoint/resume/fedcsl_LSST_2026-05-04-14har_fedcsl-onehot_dir10.0.pt (round=90)
Classification: train=1.0000 test=0.5819 round=90
[round 90] timing train=260.807s distribution=0.893s agg=0.153s eval=99.681s total=361.552s
Classification: train=1.0000 test=0.5823 round=91
[round 91] timing train=257.487s distribution=0.835s agg=0.089s eval=109.270s total=367.720s
Classification: train=1.0000 test=0.5852 round=92
[round 92] timing train=256.405s distribution=0.947s agg=0.221s eval=101.334s total=358.935s
Classification: train=1.0000 test=0.5856 round=93
[round 93] timing train=255.334s distribution=0.839s agg=0.194s eval=101.815s total=358.196s
Classification: train=1.0000 test=0.5831 round=94
[round 94] timing train=253.643s distribution=1.274s agg=0.196s eval=104.060s total=359.181s
Classification: train=1.0000 test=0.5831 round=95
[round 95] timing train=256.850s distribution=0.941s agg=0.235s eval=102.601s total=360.646s
Classification: train=1.0000 test=0.5831 round=96
[round 96] timing train=253.551s distribution=0.972s agg=0.264s eval=102.882s total=357.685s
Classification: train=1.0000 test=0.5799 round=97
[round 97] timing train=254.718s distribution=1.111s agg=0.142s eval=105.226s total=361.209s
Classification: train=1.0000 test=0.5807 round=98
[round 98] timing train=252.589s distribution=1.022s agg=0.145s eval=98.967s total=352.731s
Classification: train=1.0000 test=0.5787 round=99
[round 99] timing train=248.508s distribution=1.012s agg=0.361s eval=104.545s total=354.440s
Classification: train=1.0000 test=0.5795 round=100
[round 100] timing train=255.953s distribution=1.027s agg=0.409s eval=107.692s total=365.098s
Classification: train=1.0000 test=0.5803 round=101
[round 101] timing train=217.828s distribution=0.845s agg=0.271s eval=85.097s total=304.059s
Classification: train=1.0000 test=0.5791 round=102
[round 102] timing train=252.917s distribution=0.885s agg=0.190s eval=93.063s total=347.082s
Classification: train=1.0000 test=0.5787 round=103
[round 103] timing train=255.111s distribution=1.001s agg=0.134s eval=97.991s total=354.266s
Classification: train=1.0000 test=0.5787 round=104
[round 104] timing train=238.712s distribution=1.024s agg=0.171s eval=98.833s total=338.746s
Classification: train=1.0000 test=0.5791 round=105
[round 105] timing train=245.658s distribution=0.920s agg=0.286s eval=97.035s total=343.912s
Classification: train=1.0000 test=0.5791 round=106
[round 106] timing train=264.882s distribution=0.872s agg=0.196s eval=101.738s total=367.702s
Classification: train=1.0000 test=0.5803 round=107
[round 107] timing train=244.195s distribution=0.840s agg=0.196s eval=96.479s total=341.724s
Classification: train=1.0000 test=0.5815 round=108
[round 108] timing train=241.923s distribution=1.336s agg=0.201s eval=106.632s total=350.100s
Classification: train=1.0000 test=0.5807 round=109
[round 109] timing train=252.972s distribution=1.136s agg=0.311s eval=98.367s total=352.825s
Classification: train=1.0000 test=0.5823 round=110
[round 110] timing train=249.410s distribution=1.023s agg=0.173s eval=97.959s total=348.616s
Classification: train=1.0000 test=0.5799 round=111
[round 111] timing train=257.498s distribution=0.830s agg=0.167s eval=102.172s total=360.681s
Classification: train=1.0000 test=0.5819 round=112
[round 112] timing train=249.342s distribution=0.922s agg=0.197s eval=102.630s total=353.153s
Classification: train=1.0000 test=0.5819 round=113
[round 113] timing train=257.863s distribution=0.827s agg=0.176s eval=100.685s total=359.558s
Classification: train=1.0000 test=0.5819 round=114
[round 114] timing train=244.003s distribution=0.920s agg=0.211s eval=104.552s total=349.697s
Classification: train=1.0000 test=0.5831 round=115
[round 115] timing train=265.324s distribution=1.225s agg=0.298s eval=104.271s total=371.133s
Classification: train=1.0000 test=0.5823 round=116
[round 116] timing train=247.409s distribution=1.149s agg=0.321s eval=96.899s total=345.838s
Classification: train=1.0000 test=0.5819 round=117
[round 117] timing train=252.611s distribution=0.860s agg=0.216s eval=102.515s total=356.254s
Classification: train=1.0000 test=0.5848 round=118
[round 118] timing train=246.621s distribution=0.967s agg=0.131s eval=97.790s total=345.554s
Classification: train=1.0000 test=0.5848 round=119
[round 119] timing train=241.172s distribution=0.798s agg=0.122s eval=100.096s total=342.201s
[fedcsl] checkpoint saved → ./checkpoint/resume/fedcsl_LSST_2026-05-04-14har_fedcsl-onehot_dir10.0.pt (round=120)
Classification: train=1.0000 test=0.5848 round=120
[round 120] timing train=213.188s distribution=0.856s agg=0.219s eval=105.113s total=319.392s
Classification: train=1.0000 test=0.5852 round=121
[round 121] timing train=246.402s distribution=0.934s agg=0.324s eval=105.547s total=353.214s
Classification: train=1.0000 test=0.5831 round=122
[round 122] timing train=245.869s distribution=0.885s agg=0.275s eval=99.998s total=347.044s
Classification: train=1.0000 test=0.5815 round=123
[round 123] timing train=248.327s distribution=0.984s agg=0.287s eval=102.074s total=351.695s
Classification: train=1.0000 test=0.5803 round=124
[round 124] timing train=248.465s distribution=0.816s agg=0.143s eval=100.541s total=349.996s
Classification: train=1.0000 test=0.5819 round=125
[round 125] timing train=235.657s distribution=0.718s agg=0.308s eval=84.792s total=321.538s
Classification: train=1.0000 test=0.5803 round=126
[round 126] timing train=250.088s distribution=1.083s agg=0.167s eval=96.513s total=347.863s
Classification: train=1.0000 test=0.5831 round=127
[round 127] timing train=244.704s distribution=1.060s agg=0.178s eval=99.910s total=345.868s
Classification: train=1.0000 test=0.5819 round=128
[round 128] timing train=238.419s distribution=0.996s agg=0.278s eval=102.253s total=341.984s
Classification: train=1.0000 test=0.5823 round=129
[round 129] timing train=254.103s distribution=0.785s agg=0.243s eval=96.909s total=352.052s
Classification: train=1.0000 test=0.5815 round=130
[round 130] timing train=239.046s distribution=0.517s agg=0.081s eval=94.797s total=334.484s
Classification: train=1.0000 test=0.5860 round=131
[round 131] timing train=246.041s distribution=0.857s agg=0.105s eval=102.483s total=349.492s
Classification: train=1.0000 test=0.5848 round=132
[round 132] timing train=251.665s distribution=0.654s agg=0.316s eval=95.009s total=347.650s
Classification: train=1.0000 test=0.5852 round=133
[round 133] timing train=248.847s distribution=0.968s agg=0.177s eval=99.398s total=349.397s
Classification: train=1.0000 test=0.5827 round=134
[round 134] timing train=242.123s distribution=0.868s agg=0.159s eval=97.516s total=340.698s
Classification: train=1.0000 test=0.5852 round=135
[round 135] timing train=244.548s distribution=0.942s agg=0.124s eval=95.946s total=341.578s
Classification: train=1.0000 test=0.5860 round=136
[round 136] timing train=244.390s distribution=0.910s agg=0.214s eval=93.364s total=338.893s
Classification: train=1.0000 test=0.5843 round=137
[round 137] timing train=253.774s distribution=0.978s agg=0.229s eval=96.071s total=351.064s
Classification: train=1.0000 test=0.5839 round=138
[round 138] timing train=235.432s distribution=0.724s agg=0.078s eval=81.657s total=317.897s
Classification: train=1.0000 test=0.5848 round=139
[round 139] timing train=228.640s distribution=0.978s agg=0.192s eval=99.990s total=329.818s
Classification: train=1.0000 test=0.5835 round=140
[round 140] timing train=244.174s distribution=0.937s agg=0.355s eval=96.526s total=342.006s
Classification: train=1.0000 test=0.5819 round=141
[round 141] timing train=243.450s distribution=0.654s agg=0.050s eval=94.538s total=338.722s
Classification: train=1.0000 test=0.5827 round=142
[round 142] timing train=244.395s distribution=0.880s agg=0.318s eval=97.919s total=343.543s
Classification: train=1.0000 test=0.5823 round=143
[round 143] timing train=249.157s distribution=0.961s agg=0.182s eval=92.107s total=342.423s
Classification: train=1.0000 test=0.5843 round=144
[round 144] timing train=246.340s distribution=1.211s agg=0.208s eval=96.013s total=343.787s
Classification: train=1.0000 test=0.5852 round=145
[round 145] timing train=240.945s distribution=0.953s agg=0.154s eval=95.457s total=337.516s
Classification: train=1.0000 test=0.5835 round=146
[round 146] timing train=226.100s distribution=0.776s agg=0.224s eval=86.088s total=313.211s
Classification: train=1.0000 test=0.5835 round=147
[round 147] timing train=239.782s distribution=0.715s agg=0.136s eval=97.335s total=337.999s
Classification: train=1.0000 test=0.5819 round=148
[round 148] timing train=234.567s distribution=0.716s agg=0.221s eval=98.372s total=333.913s
Classification: train=1.0000 test=0.5807 round=149
[round 149] timing train=245.507s distribution=0.885s agg=0.180s eval=89.970s total=336.580s
[fedcsl] checkpoint saved → ./checkpoint/resume/fedcsl_LSST_2026-05-04-14har_fedcsl-onehot_dir10.0.pt (round=150)
Classification: train=1.0000 test=0.5819 round=150
[round 150] timing train=234.058s distribution=0.934s agg=0.084s eval=95.565s total=330.651s
Classification: train=1.0000 test=0.5819 round=151
[round 151] timing train=240.966s distribution=0.819s agg=0.153s eval=98.495s total=340.461s
Classification: train=1.0000 test=0.5827 round=152
[round 152] timing train=236.055s distribution=1.137s agg=0.145s eval=92.113s total=329.469s
Classification: train=1.0000 test=0.5839 round=153
[round 153] timing train=234.638s distribution=0.724s agg=0.092s eval=91.904s total=327.382s
Classification: train=1.0000 test=0.5839 round=154
[round 154] timing train=235.055s distribution=0.766s agg=0.155s eval=92.234s total=328.239s
Classification: train=1.0000 test=0.5839 round=155
[round 155] timing train=242.734s distribution=0.879s agg=0.151s eval=90.624s total=334.405s
Classification: train=1.0000 test=0.5856 round=156
[round 156] timing train=220.770s distribution=0.730s agg=0.058s eval=75.663s total=297.244s
Classification: train=1.0000 test=0.5819 round=157
[round 157] timing train=237.543s distribution=0.558s agg=0.151s eval=90.814s total=329.072s
Classification: train=1.0000 test=0.5827 round=158
[round 158] timing train=226.348s distribution=0.992s agg=0.260s eval=92.785s total=320.401s
Classification: train=1.0000 test=0.5839 round=159
[round 159] timing train=238.661s distribution=0.833s agg=0.122s eval=85.860s total=325.492s
Classification: train=1.0000 test=0.5815 round=160
[round 160] timing train=240.460s distribution=0.966s agg=0.230s eval=96.054s total=337.726s
Classification: train=1.0000 test=0.5819 round=161
[round 161] timing train=234.066s distribution=0.826s agg=0.125s eval=91.005s total=326.035s
Classification: train=1.0000 test=0.5815 round=162
[round 162] timing train=234.667s distribution=0.807s agg=0.189s eval=95.356s total=331.072s
Classification: train=1.0000 test=0.5819 round=163
[round 163] timing train=239.366s distribution=0.674s agg=0.132s eval=94.827s total=335.029s
Classification: train=1.0000 test=0.5819 round=164
[round 164] timing train=239.046s distribution=0.853s agg=0.096s eval=92.108s total=332.119s
Classification: train=1.0000 test=0.5827 round=165
[round 165] timing train=239.234s distribution=0.987s agg=0.142s eval=94.852s total=335.237s
Classification: train=1.0000 test=0.5848 round=166
[round 166] timing train=237.879s distribution=0.937s agg=0.082s eval=90.407s total=329.317s
Classification: train=1.0000 test=0.5856 round=167
[round 167] timing train=190.751s distribution=0.662s agg=0.166s eval=90.667s total=282.287s
Classification: train=1.0000 test=0.5843 round=168
[round 168] timing train=237.284s distribution=1.056s agg=0.159s eval=94.853s total=333.371s
Classification: train=1.0000 test=0.5827 round=169
[round 169] timing train=235.335s distribution=0.673s agg=0.124s eval=100.352s total=336.492s
Classification: train=1.0000 test=0.5848 round=170
[round 170] timing train=238.586s distribution=0.752s agg=0.127s eval=86.869s total=326.348s
Classification: train=1.0000 test=0.5856 round=171
[round 171] timing train=239.988s distribution=0.963s agg=0.191s eval=90.456s total=331.609s
Classification: train=1.0000 test=0.5815 round=172
[round 172] timing train=236.605s distribution=0.653s agg=0.205s eval=85.124s total=322.599s
Classification: train=1.0000 test=0.5827 round=173
[round 173] timing train=234.968s distribution=1.133s agg=0.109s eval=91.268s total=327.498s
Classification: train=1.0000 test=0.5839 round=174
[round 174] timing train=239.856s distribution=0.836s agg=0.073s eval=86.072s total=326.886s
Classification: train=1.0000 test=0.5860 round=175
[round 175] timing train=205.763s distribution=0.685s agg=0.119s eval=90.275s total=296.852s
Classification: train=1.0000 test=0.5848 round=176
[round 176] timing train=228.804s distribution=0.694s agg=0.101s eval=94.485s total=324.111s
Classification: train=1.0000 test=0.5835 round=177
[round 177] timing train=233.680s distribution=1.028s agg=0.168s eval=82.297s total=317.189s
Classification: train=1.0000 test=0.5848 round=178
[round 178] timing train=232.281s distribution=0.654s agg=0.112s eval=88.570s total=321.631s
Classification: train=1.0000 test=0.5856 round=179
[round 179] timing train=240.180s distribution=1.039s agg=0.189s eval=94.230s total=335.658s
[fedcsl] checkpoint saved → ./checkpoint/resume/fedcsl_LSST_2026-05-04-14har_fedcsl-onehot_dir10.0.pt (round=180)
Classification: train=1.0000 test=0.5848 round=180
[round 180] timing train=231.524s distribution=0.677s agg=0.113s eval=92.977s total=325.297s
Classification: train=1.0000 test=0.5843 round=181
[round 181] timing train=232.582s distribution=0.740s agg=0.192s eval=89.221s total=322.746s
Classification: train=1.0000 test=0.5864 round=182
[round 182] timing train=237.956s distribution=0.967s agg=0.142s eval=94.444s total=333.519s
Classification: train=1.0000 test=0.5860 round=183
[round 183] timing train=233.818s distribution=0.787s agg=0.097s eval=89.537s total=324.282s
Classification: train=1.0000 test=0.5880 round=184
[round 184] timing train=235.973s distribution=0.773s agg=0.151s eval=95.044s total=331.956s
Classification: train=1.0000 test=0.5856 round=185
[round 185] timing train=238.741s distribution=0.811s agg=0.209s eval=88.716s total=328.483s
Classification: train=1.0000 test=0.5864 round=186
[round 186] timing train=230.971s distribution=0.869s agg=0.139s eval=91.437s total=323.432s
Classification: train=1.0000 test=0.5856 round=187
[round 187] timing train=229.075s distribution=0.664s agg=0.092s eval=77.272s total=307.165s
Classification: train=1.0000 test=0.5860 round=188
[round 188] timing train=214.803s distribution=0.950s agg=0.223s eval=87.476s total=303.462s
Classification: train=1.0000 test=0.5856 round=189
[round 189] timing train=238.694s distribution=0.906s agg=0.283s eval=86.924s total=326.838s
Classification: train=1.0000 test=0.5831 round=190
[round 190] timing train=234.116s distribution=0.879s agg=0.147s eval=99.248s total=334.419s
Classification: train=1.0000 test=0.5856 round=191
[round 191] timing train=234.527s distribution=0.792s agg=0.033s eval=88.312s total=323.684s
Classification: train=1.0000 test=0.5843 round=192
[round 192] timing train=243.793s distribution=0.978s agg=0.082s eval=90.197s total=335.076s
Classification: train=1.0000 test=0.5864 round=193
[round 193] timing train=210.245s distribution=0.551s agg=0.088s eval=82.460s total=293.377s
Classification: train=1.0000 test=0.5827 round=194
[round 194] timing train=232.003s distribution=0.748s agg=0.045s eval=91.716s total=324.548s
Classification: train=1.0000 test=0.5856 round=195
[round 195] timing train=236.673s distribution=0.848s agg=0.107s eval=88.880s total=326.540s
Classification: train=1.0000 test=0.5860 round=196
[round 196] timing train=237.564s distribution=0.797s agg=0.062s eval=86.551s total=325.004s
Classification: train=1.0000 test=0.5856 round=197
[round 197] timing train=238.904s distribution=0.627s agg=0.104s eval=89.798s total=329.443s
Classification: train=1.0000 test=0.5856 round=198
[round 198] timing train=233.098s distribution=0.578s agg=0.157s eval=87.391s total=321.247s
Classification: train=1.0000 test=0.5864 round=199
[round 199] timing train=241.448s distribution=0.811s agg=0.310s eval=86.059s total=328.683s
best round is 10, acc is 0.594891
Model saved to ./checkpoint/LSST/2026-05-04-14har_fedcsl-onehot_dir10.0_LSST_model.pt
