# 2026-05-03 20:59:45  har_fedcsl-onehot-splitteacher_dir0.1  GPU=1  cwd=/data/user_lixiongfei/CSL-main
# CMD: python3 -u FedCSL_All.py -dataset HAR --config configFedCSL_OneHot_SplitTeacher.yml --dirichlet-alpha 0.1 --seed 42 --description har_fedcsl-onehot-splitteacher_dir0.1 -dataset LSST

/mnt/data/user_liangzhiyu/envs/fedcsl/lib/python3.8/site-packages/scipy/__init__.py:146: UserWarning: A NumPy version >=1.16.5 and <1.23.0 is required for this version of SciPy (detected version 1.23.5
  warnings.warn(f"A NumPy version >={np_minversion} and <{np_maxversion}"
[config] 'configFedCSL_OneHot_SplitTeacher.yml' 未找到，重定向到 'config/configFedCSL_OneHot_SplitTeacher.yml'
2459
<class 'pandas.core.frame.DataFrame'>
RangeIndex: 2459 entries, 0 to 2458
Data columns (total 7 columns):
 #   Column      Non-Null Count  Dtype 
---  ------      --------------  ----- 
 0   dim_0       2459 non-null   object
 1   dim_1       2459 non-null   object
 2   dim_2       2459 non-null   object
 3   dim_3       2459 non-null   object
 4   dim_4       2459 non-null   object
 5   dim_5       2459 non-null   object
 6   class_vals  2459 non-null   object
dtypes: object(7)
memory usage: 134.6+ KB
None
{36}
<class 'pandas.core.frame.DataFrame'>
RangeIndex: 2459 entries, 0 to 2458
Data columns (total 7 columns):
 #   Column      Non-Null Count  Dtype 
---  ------      --------------  ----- 
 0   dim_0       2459 non-null   object
 1   dim_1       2459 non-null   object
 2   dim_2       2459 non-null   object
 3   dim_3       2459 non-null   object
 4   dim_4       2459 non-null   object
 5   dim_5       2459 non-null   object
 6   class_vals  2459 non-null   object
dtypes: object(7)
memory usage: 134.6+ KB
None
[ 0  0  0 ... 13 13 13]
[  34   35   36   37   38   39   40   41   42   43   44   45   46   47
   48   49   50   51   52   53   54   55   56   57   58   59   60   61
   62   63   64   65   66   67   68   69   70   71   72   73   74   75
   76   77   78   79   80   81   82   83   84   85   86   87   88   89
   90   91   92   93   94   95   96   97   98   99  100  101  102  103
  104  105  106  107  108  109  110  111  112  113  114  115  116  117
  118  119  120  121  122  123  124  125  126  127  128  129  130  131
  132  133  134  135  136  137  138  139  140  141  142  143  144  145
  146  147  148  149  150  151  152  153  154  155  808  809  810  811
  812  813  814  815  816  817  818  819  820  821  822  823  824  825
  826  827  828  829  830  831  832  833  834  835  836  837  838  839
  840  841  842  843  844  845  846  847  848  849  850  851  852  853
  854  855  856  857  858  859  860  861  862  863  864  865  866  867
  877  878  879  880  881  882  883  884  885  886  887  888  889  890
  891  892  893  894  895  896  897  898  899  900  901  902  903  904
  905  906  907  908  909  910  911  912  913  914  915  916  917  918
  919  920  921  922  923  924  925  926  927 1030 1031 1032 1033 1034
 1035 1036 1037 1038 1039 1040 1041 1042 1043 1044 1045 1046 1047 1048
 1049 1050 1051 1053 1054 1055 1056 1057 1058 1059 1060 1061 1062 1063
 1064 1065 1066 1067 1068 1069 1070 1071 1072 1073 1074 1075 1076 1077
 1078 1079 1080 1081 1082 1083 1084 1085 1086 1087 1088 1089 1090 1091
 1092 1093 1094 1095 1096 1097 1098 1099 1100 1101 1102 1103 1104 1105
 1106 1107 1108 1109 1110 1111 1112 1113 1114 1115 1116 1117 1118 1119
 1120 1121 1122 1123 1124 1125 1126 1127 1128 1129 1130 1131 1132 1133
 1134 1135 1136 1137 1138 1139 1140 1141 1142 1143 1144 1145 1146 1147
 1148 1149 1150 1151 1152 1153 1154 1155 1156 1157 1158 1159 1160 1161
 1162 1163 1164 1165 1166 1167 1168 1169 1170 1171 1172 1173 1174 1175
 1176 1177 1178 1179 1180 1181 1182 1183 1184 1185 1186 1187 1188 1189
 1190 1191 1192 1193 1194 1195 1196 1197 1198 1199 1200 1201 1202 1203
 1204 1205 1206 1207 1208 1209 1210 1211 1212 1366 1367 1368 1369 1370
 1371 1372 1373 1374 1375 1376 1377 1378 1379 1380 1381 1382 1383 1384
 1385 1386 1387 1388 1389 1390 1391 1392 1393 1394 1395 1396 1397 1398
 1399 1400 1401 1402 1403 1404 1405 1406 1407 1408 1409 1410 1411 1412
 1413 1414 1434 1435 1436 1437 1438 1439 1440 1441 1442 1443 1444 1445
 1446 1447 1448 1449 1450 1451 1452 1453 1454 1455 1456 1457 1458 1459
 1460 1461 1462 1463 1464 1465 1466 1467 1468 1469 1470 1471 1472 1473
 1474 1475 1476 1477 1478 1479 1480 1481 1482 1483 1484 1485 1486 1487
 1488 1489 1490 1491 1492 1493 1494 1495 1496 1497 1498 1499 1500 1501
 1502 1503 1504 1505 1506 1507 1508 1509 1510 1511 1512 1513 1514 1515
 1516 1517 1518 1519 1520 1521 1522 1523 1524 1525 1526 1527 1528 1529
 1530 1531 1532 1533 1534 1535 1536 1537 2331 2332 2408 2409 2410 2411
 2412 2413 2414 2415 2416 2417 2418 2419 2420 2421 2422 2423 2424 2425
 2426 2427 2428 2429 2430 2431 2432 2433 2434 2435 2436 2437 2438 2439
 2440 2441 2442 2443 2444 2445 2446 2447 2448 2449 2450 2451 2452 2453
 2454 2455 2456 2457]
[1, 1, 1, 1, 1, 1, 1, 1, 1, 1, 1, 1, 1, 1, 1, 1, 1, 1, 1, 1, 1, 1, 1, 1, 1, 1, 1, 1, 1, 1, 1, 1, 1, 1, 1, 1, 1, 1, 1, 1, 1, 1, 1, 1, 1, 1, 1, 1, 1, 1, 1, 1, 1, 1, 1, 1, 1, 1, 1, 1, 1, 1, 1, 1, 1, 1, 1, 1, 1, 1, 1, 1, 1, 1, 1, 1, 1, 1, 1, 1, 1, 1, 1, 1, 1, 1, 1, 1, 1, 1, 1, 1, 1, 1, 1, 1, 1, 1, 1, 1, 1, 1, 1, 1, 1, 1, 1, 1, 1, 1, 1, 1, 1, 1, 1, 1, 1, 1, 1, 1, 1, 1, 4, 4, 4, 4, 4, 4, 4, 4, 4, 4, 4, 4, 4, 4, 4, 4, 4, 4, 4, 4, 4, 4, 4, 4, 4, 4, 4, 4, 4, 4, 4, 4, 4, 4, 4, 4, 4, 4, 4, 4, 4, 4, 4, 4, 4, 4, 4, 4, 4, 4, 4, 4, 4, 4, 4, 4, 4, 4, 4, 4, 6, 6, 6, 6, 6, 6, 6, 6, 6, 6, 6, 6, 6, 6, 6, 6, 6, 6, 6, 6, 6, 6, 6, 6, 6, 6, 6, 6, 6, 6, 6, 6, 6, 6, 6, 6, 6, 6, 6, 6, 6, 6, 6, 6, 6, 6, 6, 6, 6, 6, 6, 7, 7, 7, 7, 7, 7, 7, 7, 7, 7, 7, 7, 7, 7, 7, 7, 7, 7, 7, 7, 7, 7, 8, 8, 8, 8, 8, 8, 8, 8, 8, 8, 8, 8, 8, 8, 8, 8, 8, 8, 8, 8, 8, 8, 8, 8, 8, 8, 8, 8, 8, 8, 8, 8, 8, 8, 8, 8, 8, 8, 8, 8, 8, 8, 8, 8, 8, 8, 8, 8, 8, 8, 8, 8, 8, 8, 8, 8, 8, 8, 8, 8, 8, 8, 8, 8, 8, 8, 8, 8, 8, 8, 8, 8, 8, 8, 8, 8, 8, 8, 8, 8, 8, 8, 8, 8, 8, 8, 8, 8, 8, 8, 8, 8, 8, 8, 8, 8, 8, 8, 8, 8, 8, 8, 8, 8, 8, 8, 8, 8, 8, 8, 8, 8, 8, 8, 8, 8, 8, 8, 8, 8, 8, 8, 8, 8, 8, 8, 8, 8, 8, 8, 8, 8, 8, 8, 8, 8, 8, 8, 8, 8, 8, 8, 8, 8, 8, 8, 8, 8, 8, 8, 8, 8, 8, 8, 8, 8, 8, 8, 8, 8, 9, 9, 9, 9, 9, 9, 9, 9, 9, 9, 9, 9, 9, 9, 9, 9, 9, 9, 9, 9, 9, 9, 9, 9, 9, 9, 9, 9, 9, 9, 9, 9, 9, 9, 9, 9, 9, 9, 9, 9, 9, 9, 9, 9, 9, 9, 9, 9, 9, 10, 10, 10, 10, 10, 10, 10, 10, 10, 10, 10, 10, 10, 10, 10, 10, 10, 10, 10, 10, 10, 10, 10, 10, 10, 10, 10, 10, 10, 10, 10, 10, 10, 10, 10, 10, 10, 10, 10, 10, 10, 10, 10, 10, 10, 10, 10, 10, 10, 10, 10, 10, 10, 10, 10, 10, 10, 10, 10, 10, 10, 10, 10, 10, 10, 10, 10, 10, 10, 10, 10, 10, 10, 10, 10, 10, 10, 10, 10, 10, 10, 10, 10, 10, 10, 10, 10, 10, 10, 10, 10, 10, 10, 10, 10, 10, 10, 10, 10, 10, 10, 10, 10, 10, 12, 12, 13, 13, 13, 13, 13, 13, 13, 13, 13, 13, 13, 13, 13, 13, 13, 13, 13, 13, 13, 13, 13, 13, 13, 13, 13, 13, 13, 13, 13, 13, 13, 13, 13, 13, 13, 13, 13, 13, 13, 13, 13, 13, 13, 13, 13, 13, 13, 13, 13, 13]
[2, 2, 2, 2, 2, 2, 2, 2, 2, 2, 2, 2, 2, 2, 2, 2, 2, 2, 2, 2, 2, 2, 2, 2, 2, 2, 2, 2, 2, 2, 2, 2, 2, 2, 2, 2, 2, 2, 2, 2, 2, 2, 2, 2, 2, 2, 2, 2, 2, 2, 2, 2, 2, 2, 2, 2, 2, 2, 2, 2, 2, 2, 2, 2, 2, 2, 2, 2, 2, 2, 2, 2, 2, 2, 2, 2, 2, 2, 2, 2, 2, 2, 2, 2, 2, 2, 2, 2, 2, 2, 2, 2, 2, 2, 2, 2, 2, 2, 2, 2, 2, 2, 2, 2, 2, 2, 2, 2, 2, 2, 2, 2, 2, 2, 2, 2, 2, 2, 2, 2, 2, 2, 2, 2, 2, 2, 2, 2, 2, 2, 2, 2, 2, 2, 2, 2, 2, 2, 2, 2, 2, 2, 2, 2, 2, 2, 2, 2, 2, 2, 2, 2, 2, 2, 2, 2, 2, 2, 2, 2, 2, 2, 2, 2, 2, 2, 2, 2, 2, 2, 2, 2, 2, 2, 2, 2, 2, 2, 2, 2, 2, 2, 2, 2, 2, 2, 2, 2, 2, 2, 2, 2, 2, 2, 2, 2, 2, 2, 2, 2, 2, 2, 2, 2, 2, 2, 2, 2, 2, 2, 2, 2, 2, 2, 2, 2, 2, 2, 2, 2, 2, 2, 2, 2, 2, 2, 2, 2, 2, 2, 2, 2, 2, 2, 2, 2, 2, 2, 2, 2, 2, 2, 2, 2, 2, 2, 2, 2, 2, 2, 2, 2, 2, 2, 2, 2, 2, 2, 2, 2, 2, 2, 2, 2, 2, 2, 2, 2, 2, 3, 3, 3, 3, 3, 3, 3, 3, 3, 3, 3, 3, 3, 3, 3, 3, 3, 3, 3, 3, 3, 3, 3, 3, 3, 3, 3, 3, 3, 3, 3, 3, 3, 3, 3, 3, 3, 3, 3, 3, 3, 3, 3, 3, 3, 3, 3, 3, 3, 3, 3, 3, 3, 3, 3, 3, 3, 3, 3, 3, 3, 3, 3, 3, 3, 3, 3, 3, 3, 3, 3, 3, 3, 3, 3, 3, 3, 3, 3, 3, 3, 3, 3, 3, 3, 3, 3, 3, 3, 3, 3, 3, 3, 3, 3, 3, 3, 3, 3, 3, 3, 3, 3, 3, 3, 3, 3, 3, 3, 3, 3, 3, 3, 3, 3, 3, 3, 3, 3, 3, 3, 3, 3, 3, 3, 3, 3, 3, 3, 3, 3, 3, 3, 3, 3, 3, 3, 3, 3, 3, 3, 3, 3, 3, 3, 3, 3, 3, 3, 3, 3, 3, 3, 3, 3, 3, 3, 3, 3, 3, 3, 3, 3, 3, 3, 3, 3, 3, 3, 3, 3, 3, 3, 3, 3, 3, 3, 3, 3, 3, 3, 3, 3, 3, 3, 3, 3, 3, 3, 3, 3, 3, 3, 3, 3, 3, 3, 3, 3, 3, 3, 3, 3, 3, 3, 3, 3, 3, 3, 3, 3, 3, 3, 3, 3, 3, 3, 3, 3, 3, 3, 3, 3, 3, 3, 3, 3, 3, 3, 3, 3, 3, 3, 3, 3, 3, 3, 3, 3, 3, 3, 3, 3, 3, 3, 3, 3, 3, 3, 3, 3, 3, 3, 3, 3, 3, 3, 3, 3, 3, 3, 3, 3, 3, 3, 3, 3, 3, 3, 3, 3, 3, 3, 3, 3, 3, 3, 3, 3, 3, 3, 3, 3, 3, 3, 3, 3, 3, 3, 3, 3, 3, 3, 3, 3, 3, 3, 3, 3, 3, 3, 3, 3, 3, 3, 3, 3, 3, 3, 3, 3, 3, 3, 3, 3, 3, 3, 3, 3, 3, 3, 3, 3, 3, 3, 3, 3, 3, 3, 3, 3, 3, 3, 3, 3, 3, 3, 3, 3, 3, 3, 3, 3, 3, 3, 3, 3, 3, 3, 3, 3, 3, 3, 3, 3, 3, 3, 3, 3, 3, 3, 3, 3, 3, 3, 3, 3, 3, 3, 3, 3, 3, 3, 3, 3, 3, 3, 3, 3, 3, 8, 8, 8, 8, 8, 8, 8, 8, 8, 8, 9, 9, 9, 9, 9, 9, 9, 9, 9, 9, 9, 9, 9, 9, 9, 9, 9, 9, 10, 10, 10, 10, 10, 10, 10, 10, 10, 10, 10, 10, 10, 10, 10, 11, 11, 11, 11, 11, 11, 11, 11, 11, 11, 11, 11, 11, 11, 11, 11, 11, 11, 11, 11, 11, 11, 11, 11, 11, 11, 11, 11, 11, 11, 11, 11, 11, 11, 11, 11, 11, 11, 11, 11, 11, 11, 11, 11, 11, 11, 11, 11, 11, 11, 11, 11, 11, 11, 11, 11, 11, 11, 11, 11, 11, 11, 11, 11, 12, 12, 12, 12, 12, 12, 12, 12, 12, 12, 12, 12, 12, 12, 12, 12, 12, 12, 12, 12, 12, 12, 12, 12, 12, 12, 12, 12, 12, 12, 12, 12, 12, 12, 12, 12, 12, 12, 12, 12, 12, 12, 12, 12, 12, 12, 12, 12, 12, 12, 12, 12, 12, 12, 12, 12, 12, 12, 12, 12, 12, 12, 12, 12, 12, 12, 12, 12, 12, 12, 12, 12, 12, 12, 13]
[0, 0, 0, 0, 0, 0, 0, 0, 0, 0, 0, 0, 0, 0, 0, 0, 0, 0, 0, 0, 0, 0, 0, 0, 0, 0, 0, 0, 0, 0, 0, 0, 0, 0, 1, 2, 3, 4, 4, 5, 5, 5, 5, 5, 5, 5, 6, 6, 6, 6, 6, 6, 6, 6, 6, 6, 6, 6, 6, 6, 6, 6, 6, 6, 6, 6, 6, 6, 6, 6, 6, 6, 6, 6, 6, 6, 6, 6, 6, 6, 6, 6, 6, 6, 6, 6, 6, 6, 6, 6, 6, 6, 6, 6, 6, 6, 6, 6, 6, 6, 6, 6, 6, 6, 6, 6, 6, 6, 6, 6, 6, 6, 6, 6, 6, 6, 6, 6, 6, 6, 6, 6, 6, 6, 6, 6, 6, 6, 6, 6, 6, 6, 6, 6, 6, 6, 6, 6, 6, 6, 6, 6, 6, 6, 6, 6, 6, 6, 7, 8, 8, 8, 8, 8, 8, 8, 8, 8, 8, 8, 8, 8, 8, 8, 8, 8, 8, 8, 8, 8, 8, 8, 8, 8, 8, 8, 8, 8, 8, 8, 8, 8, 8, 8, 8, 8, 8, 8, 8, 8, 8, 8, 8, 8, 8, 8, 8, 8, 8, 8, 8, 8, 8, 8, 8, 8, 8, 8, 8, 8, 8, 8, 8, 8, 8, 8, 8, 8, 8, 8, 8, 8, 8, 8, 8, 8, 8, 8, 8, 8, 8, 8, 8, 8, 8, 8, 8, 8, 8, 8, 8, 8, 8, 8, 8, 8, 8, 8, 8, 8, 8, 8, 8, 8, 8, 8, 8, 8, 8, 8, 8, 8, 8, 8, 8, 8, 8, 8, 8, 8, 8, 8, 8, 8, 8, 8, 8, 8, 8, 8, 8, 8, 8, 8, 8, 8, 8, 8, 8, 8, 8, 8, 9, 10, 11, 11, 11, 11, 11, 11, 11, 11, 11, 11, 11, 11, 11, 11, 11, 11, 11, 11, 11, 11, 11, 11, 11, 11, 11, 11, 11, 11, 11, 11, 11, 11, 11, 11, 11, 11, 11, 11, 11, 11, 11, 11, 11, 11, 11, 11, 11, 11, 11, 11, 11, 11, 11, 11, 11, 11, 11, 11, 11, 11, 11, 11, 11, 11, 11, 11, 11, 11, 11, 11, 11, 11, 11, 11, 11, 11, 11, 11, 11, 11, 11, 11, 11, 11, 11, 11, 11, 11, 11, 11, 11, 11, 11, 11, 11, 11, 11, 11, 11, 11, 11, 11, 11, 11, 11, 11, 11, 11, 11, 11, 11, 11, 11, 11, 11, 11, 11, 11, 11, 11, 11, 11, 11, 11, 11, 11, 11, 11, 11, 11, 11, 11, 11, 11, 11, 11, 11, 11, 11, 11, 11, 11, 11, 11, 11, 11, 11, 11, 11, 11, 11, 11, 11, 11, 11, 11, 11, 11, 11, 11, 11, 11, 11, 11, 11, 11, 11, 11, 11, 11, 11, 11, 11, 11, 11, 11, 11, 11, 11, 11, 11, 11, 11, 11, 11, 11, 11, 11, 11, 11, 11, 11, 11, 11, 11, 11, 11, 11, 11, 11, 11, 11, 11, 11, 11, 11, 11, 11, 11, 11, 11, 11, 11, 11, 11, 11, 11, 11, 11, 11, 11, 11, 11, 11, 11, 11, 11, 11, 11, 11, 11, 11, 11, 11, 11, 11, 11, 11, 11, 11, 11, 11, 11, 11, 11, 11, 11, 11, 11, 11, 11, 11, 11, 11, 11, 11, 11, 11, 11, 11, 11, 11, 11, 11, 11, 11, 11, 11, 11, 11, 11, 11, 11, 11, 11, 11, 11, 11, 11, 11, 11, 11, 11, 11, 11, 11, 11, 11, 11, 11, 11, 11, 11, 11, 11, 11, 11, 11, 11, 11, 11, 11, 11, 11, 11, 11, 11, 11, 11, 11, 11, 11, 11, 11, 11, 11, 11, 11, 11, 11, 11, 11, 11, 11, 11, 11, 11, 11, 11, 11, 11, 11, 11, 11, 11, 11, 11, 11, 11, 11, 11, 11, 11, 11, 11, 11, 11, 11, 11, 11, 11, 11, 11, 11, 11, 11, 11, 11, 11, 11, 11, 11, 11, 11, 11, 11, 11, 11, 11, 11, 11, 11, 11, 11, 11, 11, 11, 11, 11, 11, 11, 11, 11, 11, 11, 11, 11, 11, 11, 11, 11, 11, 11, 11, 11, 11, 11, 11, 11, 11, 11, 11, 11, 11, 11, 11, 11, 11, 11, 11, 11, 11, 11, 11, 11, 11, 11, 11, 11, 11, 11, 11, 11, 11, 11, 11, 11, 11, 11, 11, 11, 11, 11, 11, 11, 11, 11, 11, 11, 11, 11, 11, 11, 11, 11, 11, 11, 11, 11, 11, 11, 11, 11, 11, 11, 11, 11, 11, 11, 11, 11, 11, 11, 11, 11, 11, 11, 11, 11, 11, 11, 11, 11, 11, 11, 11, 11, 11, 11, 11, 11, 11, 11, 11, 11, 11, 11, 11, 11, 11, 11, 11, 11, 11, 11, 11, 11, 11, 11, 11, 11, 11, 11, 11, 11, 11, 11, 11, 11, 11, 11, 11, 11, 11, 11, 11, 11, 11, 11, 11, 11, 11, 11, 11, 11, 11, 11, 11, 11, 11, 11, 11, 11, 11, 11, 11, 11, 11, 11, 11, 11, 11, 11, 11, 11, 11, 11, 11, 11, 11, 11, 11, 11, 11, 11, 11, 11, 11, 11, 11, 11, 11, 11, 11, 11, 11, 11, 11, 11, 11, 11, 11, 11, 11, 11, 11, 11, 11, 11, 11, 11, 11, 11, 11, 11, 11, 11, 11, 11, 11, 11, 11, 11, 11, 11, 11, 11, 11, 11, 11, 11, 11, 11, 11, 11, 11, 11, 11, 11, 11, 11, 11, 11, 11, 11, 11, 11, 11, 11, 11, 11, 11, 11, 11, 11, 11, 11, 11, 11, 11, 11, 11, 11, 11, 11, 11, 11, 11, 11, 11, 11, 11, 11, 11, 11, 11, 11, 11, 11, 11, 11, 11, 11, 11, 11, 11, 11, 11, 11, 11, 11, 11, 11, 11, 11, 11, 11, 11, 11, 11, 11, 11, 11, 11, 11, 11, 11, 11, 11, 11, 11, 11, 11, 11, 11, 11, 11, 11, 11, 11, 11, 11, 11, 11, 11, 11, 11, 11, 11, 11, 11, 11, 11, 11, 11, 11, 11, 11, 11, 11, 11, 11, 11, 12]
shapelet initialized!
All 3 clients initialized.
Server device: cuda:0
Client worker groups: [[0], [1], [2]]
Client worker devices: ['cuda:0', 'cuda:0', 'cuda:0']
客户端选择未启用，所有客户端参与聚合
[fedcsl] precomputed client scale scores once in 0.133s; planned scale coverage: [1, 2, 1, 2, 1, 2, 2, 1]
[round 0] reused planned scale coverage: [1, 2, 1, 2, 1, 2, 2, 1]
/data/user_lixiongfei/CSL-main/train.py:801: UserWarning: Creating a tensor from a list of numpy.ndarrays is extremely slow. Please consider converting the list to a single numpy.ndarray with numpy.array() before converting to a tensor. (Triggered internally at ../torch/csrc/utils/tensor_new.cpp:278.)
  X = torch.tensor(X, dtype=torch.float)
Classification: train=1.0000 test=0.5900 round=0
[round 0] timing train=46.274s distribution=0.521s agg=0.020s eval=54.831s total=101.649s
[round 1] reused planned scale coverage: [1, 2, 1, 2, 1, 2, 2, 1]
Classification: train=1.0000 test=0.5868 round=1
[round 1] timing train=75.751s distribution=0.566s agg=0.024s eval=57.827s total=134.172s
[round 2] reused planned scale coverage: [1, 2, 1, 2, 1, 2, 2, 1]
Classification: train=1.0000 test=0.5888 round=2
[round 2] timing train=85.390s distribution=0.412s agg=0.022s eval=55.563s total=141.395s
[round 3] reused planned scale coverage: [1, 2, 1, 2, 1, 2, 2, 1]
Classification: train=1.0000 test=0.5860 round=3
[round 3] timing train=86.347s distribution=0.396s agg=0.021s eval=55.279s total=142.050s
[round 4] reused planned scale coverage: [1, 2, 1, 2, 1, 2, 2, 1]
Classification: train=1.0000 test=0.5868 round=4
[round 4] timing train=87.753s distribution=0.587s agg=0.021s eval=57.323s total=145.707s
[round 5] reused planned scale coverage: [1, 2, 1, 2, 1, 2, 2, 1]
Classification: train=1.0000 test=0.5880 round=5
[round 5] timing train=88.781s distribution=0.407s agg=0.019s eval=58.833s total=148.048s
[round 6] reused planned scale coverage: [1, 2, 1, 2, 1, 2, 2, 1]
Classification: train=1.0000 test=0.5876 round=6
[round 6] timing train=90.339s distribution=0.486s agg=0.009s eval=58.795s total=149.637s
[round 7] reused planned scale coverage: [1, 2, 1, 2, 1, 2, 2, 1]
Classification: train=1.0000 test=0.5900 round=7
[round 7] timing train=88.303s distribution=0.434s agg=0.009s eval=62.369s total=151.120s
[round 8] reused planned scale coverage: [1, 2, 1, 2, 1, 2, 2, 1]
Classification: train=1.0000 test=0.5892 round=8
[round 8] timing train=91.662s distribution=0.533s agg=0.027s eval=58.794s total=151.021s
[round 9] reused planned scale coverage: [1, 2, 1, 2, 1, 2, 2, 1]
Classification: train=1.0000 test=0.5925 round=9
[round 9] timing train=84.908s distribution=0.581s agg=0.010s eval=59.019s total=144.525s
[round 10] reused planned scale coverage: [1, 2, 1, 2, 1, 2, 2, 1]
Classification: train=1.0000 test=0.5937 round=10
[round 10] timing train=91.124s distribution=0.539s agg=0.032s eval=57.422s total=149.119s
[round 11] reused planned scale coverage: [1, 2, 1, 2, 1, 2, 2, 1]
Classification: train=1.0000 test=0.5957 round=11
[round 11] timing train=88.578s distribution=0.404s agg=0.046s eval=59.035s total=148.066s
[round 12] reused planned scale coverage: [1, 2, 1, 2, 1, 2, 2, 1]
Classification: train=1.0000 test=0.5953 round=12
[round 12] timing train=88.811s distribution=0.558s agg=0.009s eval=58.602s total=147.984s
[round 13] reused planned scale coverage: [1, 2, 1, 2, 1, 2, 2, 1]
Classification: train=1.0000 test=0.5945 round=13
[round 13] timing train=88.990s distribution=0.386s agg=0.029s eval=58.032s total=147.442s
[round 14] reused planned scale coverage: [1, 2, 1, 2, 1, 2, 2, 1]
Classification: train=1.0000 test=0.5929 round=14
[round 14] timing train=88.609s distribution=0.521s agg=0.028s eval=60.015s total=149.179s
[round 15] reused planned scale coverage: [1, 2, 1, 2, 1, 2, 2, 1]
Classification: train=1.0000 test=0.5949 round=15
[round 15] timing train=91.966s distribution=0.533s agg=0.026s eval=57.429s total=149.959s
[round 16] reused planned scale coverage: [1, 2, 1, 2, 1, 2, 2, 1]
Classification: train=1.0000 test=0.5953 round=16
[round 16] timing train=95.155s distribution=0.588s agg=0.019s eval=58.597s total=154.364s
[round 17] reused planned scale coverage: [1, 2, 1, 2, 1, 2, 2, 1]
Classification: train=1.0000 test=0.5937 round=17
[round 17] timing train=87.596s distribution=0.458s agg=0.020s eval=63.135s total=151.214s
[round 18] reused planned scale coverage: [1, 2, 1, 2, 1, 2, 2, 1]
Classification: train=1.0000 test=0.5953 round=18
[round 18] timing train=93.476s distribution=0.464s agg=0.020s eval=57.490s total=151.455s
[round 19] reused planned scale coverage: [1, 2, 1, 2, 1, 2, 2, 1]
Classification: train=1.0000 test=0.5985 round=19
[round 19] timing train=91.933s distribution=0.485s agg=0.027s eval=56.401s total=148.851s
[round 20] reused planned scale coverage: [1, 2, 1, 2, 1, 2, 2, 1]
Classification: train=1.0000 test=0.5994 round=20
[round 20] timing train=90.000s distribution=0.575s agg=0.022s eval=60.280s total=150.881s
[round 21] reused planned scale coverage: [1, 2, 1, 2, 1, 2, 2, 1]
Classification: train=1.0000 test=0.5994 round=21
[round 21] timing train=83.561s distribution=0.597s agg=0.046s eval=57.370s total=141.578s
[round 22] reused planned scale coverage: [1, 2, 1, 2, 1, 2, 2, 1]
Classification: train=1.0000 test=0.6014 round=22
[round 22] timing train=92.411s distribution=0.417s agg=0.029s eval=55.712s total=148.574s
[round 23] reused planned scale coverage: [1, 2, 1, 2, 1, 2, 2, 1]
Classification: train=1.0000 test=0.6026 round=23
[round 23] timing train=93.952s distribution=0.594s agg=0.008s eval=56.750s total=151.307s
[round 24] reused planned scale coverage: [1, 2, 1, 2, 1, 2, 2, 1]
Classification: train=1.0000 test=0.6038 round=24
[round 24] timing train=92.482s distribution=0.567s agg=0.029s eval=56.652s total=149.734s
[round 25] reused planned scale coverage: [1, 2, 1, 2, 1, 2, 2, 1]
Classification: train=1.0000 test=0.6022 round=25
[round 25] timing train=94.376s distribution=0.572s agg=0.049s eval=57.511s total=152.512s
[round 26] reused planned scale coverage: [1, 2, 1, 2, 1, 2, 2, 1]
Classification: train=1.0000 test=0.6022 round=26
[round 26] timing train=91.554s distribution=0.828s agg=0.016s eval=53.545s total=145.963s
[round 27] reused planned scale coverage: [1, 2, 1, 2, 1, 2, 2, 1]
Classification: train=1.0000 test=0.6034 round=27
[round 27] timing train=90.489s distribution=0.505s agg=0.026s eval=56.592s total=147.618s
[round 28] reused planned scale coverage: [1, 2, 1, 2, 1, 2, 2, 1]
Classification: train=1.0000 test=0.6050 round=28
[round 28] timing train=91.605s distribution=0.648s agg=0.018s eval=57.568s total=149.847s
[round 29] reused planned scale coverage: [1, 2, 1, 2, 1, 2, 2, 1]
Classification: train=1.0000 test=0.6054 round=29
[round 29] timing train=95.078s distribution=0.640s agg=0.012s eval=54.744s total=150.477s
[fedcsl] checkpoint saved → ./checkpoint/resume/fedcsl_LSST_2026-05-03-20har_fedcsl-onehot-splitteacher_dir0.1.pt (round=30)
[round 30] reused planned scale coverage: [1, 2, 1, 2, 1, 2, 2, 1]
Classification: train=1.0000 test=0.6071 round=30
[round 30] timing train=90.768s distribution=0.502s agg=0.024s eval=58.550s total=149.848s
[round 31] reused planned scale coverage: [1, 2, 1, 2, 1, 2, 2, 1]
Classification: train=1.0000 test=0.6071 round=31
[round 31] timing train=92.451s distribution=0.374s agg=0.016s eval=59.203s total=152.047s
[round 32] reused planned scale coverage: [1, 2, 1, 2, 1, 2, 2, 1]
Classification: train=1.0000 test=0.6054 round=32
[round 32] timing train=82.556s distribution=0.464s agg=0.008s eval=57.470s total=140.504s
[round 33] reused planned scale coverage: [1, 2, 1, 2, 1, 2, 2, 1]
Classification: train=1.0000 test=0.6058 round=33
[round 33] timing train=95.499s distribution=0.372s agg=0.017s eval=55.701s total=151.593s
[round 34] reused planned scale coverage: [1, 2, 1, 2, 1, 2, 2, 1]
Classification: train=1.0000 test=0.6050 round=34
[round 34] timing train=92.176s distribution=0.396s agg=0.020s eval=55.779s total=148.374s
[round 35] reused planned scale coverage: [1, 2, 1, 2, 1, 2, 2, 1]
Classification: train=1.0000 test=0.6042 round=35
[round 35] timing train=93.051s distribution=0.422s agg=0.008s eval=55.880s total=149.378s
[round 36] reused planned scale coverage: [1, 2, 1, 2, 1, 2, 2, 1]
Classification: train=1.0000 test=0.6026 round=36
[round 36] timing train=82.380s distribution=0.527s agg=0.029s eval=56.728s total=139.673s
[round 37] reused planned scale coverage: [1, 2, 1, 2, 1, 2, 2, 1]
Classification: train=1.0000 test=0.6026 round=37
[round 37] timing train=91.424s distribution=0.529s agg=0.053s eval=57.551s total=149.562s
[round 38] reused planned scale coverage: [1, 2, 1, 2, 1, 2, 2, 1]
Classification: train=1.0000 test=0.6026 round=38
[round 38] timing train=92.958s distribution=0.528s agg=0.022s eval=56.994s total=150.507s
[round 39] reused planned scale coverage: [1, 2, 1, 2, 1, 2, 2, 1]
Classification: train=1.0000 test=0.6022 round=39
[round 39] timing train=95.225s distribution=0.528s agg=0.028s eval=57.088s total=152.884s
[round 40] reused planned scale coverage: [1, 2, 1, 2, 1, 2, 2, 1]
Classification: train=1.0000 test=0.6030 round=40
[round 40] timing train=94.055s distribution=0.594s agg=0.045s eval=54.000s total=148.699s
[round 41] reused planned scale coverage: [1, 2, 1, 2, 1, 2, 2, 1]
Classification: train=1.0000 test=0.6022 round=41
[round 41] timing train=81.278s distribution=0.399s agg=0.008s eval=55.403s total=137.107s
[round 42] reused planned scale coverage: [1, 2, 1, 2, 1, 2, 2, 1]
Classification: train=1.0000 test=0.6030 round=42
[round 42] timing train=94.110s distribution=0.443s agg=0.024s eval=56.075s total=150.658s
[round 43] reused planned scale coverage: [1, 2, 1, 2, 1, 2, 2, 1]
Classification: train=1.0000 test=0.6018 round=43
[round 43] timing train=95.702s distribution=0.751s agg=0.039s eval=80.779s total=177.280s
[round 44] reused planned scale coverage: [1, 2, 1, 2, 1, 2, 2, 1]
Classification: train=1.0000 test=0.6034 round=44
[round 44] timing train=111.494s distribution=0.697s agg=0.064s eval=75.166s total=187.430s
[round 45] reused planned scale coverage: [1, 2, 1, 2, 1, 2, 2, 1]
Classification: train=1.0000 test=0.6034 round=45
[round 45] timing train=96.325s distribution=0.691s agg=0.071s eval=75.465s total=172.566s
[round 46] reused planned scale coverage: [1, 2, 1, 2, 1, 2, 2, 1]
Classification: train=1.0000 test=0.6042 round=46
[round 46] timing train=108.151s distribution=0.805s agg=0.091s eval=73.229s total=182.291s
[round 47] reused planned scale coverage: [1, 2, 1, 2, 1, 2, 2, 1]
Classification: train=1.0000 test=0.6050 round=47
[round 47] timing train=107.721s distribution=0.652s agg=0.132s eval=74.441s total=182.961s
[round 48] reused planned scale coverage: [1, 2, 1, 2, 1, 2, 2, 1]
Classification: train=1.0000 test=0.6058 round=48
[round 48] timing train=106.511s distribution=0.670s agg=0.063s eval=75.993s total=183.251s
[round 49] reused planned scale coverage: [1, 2, 1, 2, 1, 2, 2, 1]
Classification: train=1.0000 test=0.6062 round=49
[round 49] timing train=102.962s distribution=0.739s agg=0.137s eval=73.962s total=177.836s
[round 50] reused planned scale coverage: [1, 2, 1, 2, 1, 2, 2, 1]
Classification: train=1.0000 test=0.6079 round=50
[round 50] timing train=108.982s distribution=0.690s agg=0.104s eval=75.144s total=184.938s
[round 51] reused planned scale coverage: [1, 2, 1, 2, 1, 2, 2, 1]
Classification: train=1.0000 test=0.6075 round=51
[round 51] timing train=118.358s distribution=0.765s agg=0.023s eval=88.790s total=207.947s
[round 52] reused planned scale coverage: [1, 2, 1, 2, 1, 2, 2, 1]
Classification: train=1.0000 test=0.6071 round=52
[round 52] timing train=132.308s distribution=0.896s agg=0.024s eval=93.275s total=226.523s
[round 53] reused planned scale coverage: [1, 2, 1, 2, 1, 2, 2, 1]
Classification: train=1.0000 test=0.6071 round=53
[round 53] timing train=131.451s distribution=0.819s agg=0.114s eval=88.672s total=221.070s
[round 54] reused planned scale coverage: [1, 2, 1, 2, 1, 2, 2, 1]
Classification: train=1.0000 test=0.6067 round=54
[round 54] timing train=137.867s distribution=0.976s agg=0.139s eval=93.938s total=232.937s
[round 55] reused planned scale coverage: [1, 2, 1, 2, 1, 2, 2, 1]
Classification: train=1.0000 test=0.6079 round=55
[round 55] timing train=132.940s distribution=0.864s agg=0.062s eval=87.640s total=221.522s
[round 56] reused planned scale coverage: [1, 2, 1, 2, 1, 2, 2, 1]
Classification: train=1.0000 test=0.6095 round=56
[round 56] timing train=138.296s distribution=0.791s agg=0.031s eval=88.071s total=227.219s
[round 57] reused planned scale coverage: [1, 2, 1, 2, 1, 2, 2, 1]
Classification: train=1.0000 test=0.6083 round=57
[round 57] timing train=136.999s distribution=0.667s agg=0.085s eval=89.039s total=226.793s
[round 58] reused planned scale coverage: [1, 2, 1, 2, 1, 2, 2, 1]
Classification: train=1.0000 test=0.6071 round=58
[round 58] timing train=134.101s distribution=0.988s agg=0.176s eval=92.945s total=228.229s
[round 59] reused planned scale coverage: [1, 2, 1, 2, 1, 2, 2, 1]
Classification: train=1.0000 test=0.6083 round=59
[round 59] timing train=138.502s distribution=0.993s agg=0.046s eval=92.890s total=232.441s
[fedcsl] checkpoint saved → ./checkpoint/resume/fedcsl_LSST_2026-05-03-20har_fedcsl-onehot-splitteacher_dir0.1.pt (round=60)
[round 60] reused planned scale coverage: [1, 2, 1, 2, 1, 2, 2, 1]
Classification: train=1.0000 test=0.6087 round=60
[round 60] timing train=138.842s distribution=1.126s agg=0.025s eval=89.889s total=229.893s
[round 61] reused planned scale coverage: [1, 2, 1, 2, 1, 2, 2, 1]
Classification: train=1.0000 test=0.6071 round=61
[round 61] timing train=138.833s distribution=0.932s agg=0.055s eval=89.549s total=229.403s
[round 62] reused planned scale coverage: [1, 2, 1, 2, 1, 2, 2, 1]
Classification: train=1.0000 test=0.6071 round=62
[round 62] timing train=136.731s distribution=1.090s agg=0.167s eval=90.933s total=228.936s
[round 63] reused planned scale coverage: [1, 2, 1, 2, 1, 2, 2, 1]
Classification: train=1.0000 test=0.6075 round=63
[round 63] timing train=139.033s distribution=1.176s agg=0.064s eval=87.261s total=227.577s
[round 64] reused planned scale coverage: [1, 2, 1, 2, 1, 2, 2, 1]
Classification: train=1.0000 test=0.6079 round=64
[round 64] timing train=138.998s distribution=0.926s agg=0.044s eval=89.248s total=229.233s
[round 65] reused planned scale coverage: [1, 2, 1, 2, 1, 2, 2, 1]
Classification: train=1.0000 test=0.6079 round=65
[round 65] timing train=135.459s distribution=0.954s agg=0.160s eval=94.021s total=230.615s
[round 66] reused planned scale coverage: [1, 2, 1, 2, 1, 2, 2, 1]
Classification: train=1.0000 test=0.6083 round=66
[round 66] timing train=133.399s distribution=0.850s agg=0.030s eval=98.768s total=233.061s
[round 67] reused planned scale coverage: [1, 2, 1, 2, 1, 2, 2, 1]
Classification: train=1.0000 test=0.6079 round=67
[round 67] timing train=134.545s distribution=0.610s agg=0.111s eval=93.720s total=229.001s
[round 68] reused planned scale coverage: [1, 2, 1, 2, 1, 2, 2, 1]
Classification: train=1.0000 test=0.6067 round=68
[round 68] timing train=135.454s distribution=0.672s agg=0.016s eval=94.923s total=231.075s
[round 69] reused planned scale coverage: [1, 2, 1, 2, 1, 2, 2, 1]
Classification: train=1.0000 test=0.6071 round=69
[round 69] timing train=138.519s distribution=0.895s agg=0.048s eval=90.425s total=229.895s
[round 70] reused planned scale coverage: [1, 2, 1, 2, 1, 2, 2, 1]
Classification: train=1.0000 test=0.6062 round=70
[round 70] timing train=136.724s distribution=0.713s agg=0.089s eval=88.100s total=225.636s
[round 71] reused planned scale coverage: [1, 2, 1, 2, 1, 2, 2, 1]
Classification: train=1.0000 test=0.6054 round=71
[round 71] timing train=135.065s distribution=0.676s agg=0.029s eval=96.547s total=232.334s
[round 72] reused planned scale coverage: [1, 2, 1, 2, 1, 2, 2, 1]
Classification: train=1.0000 test=0.6062 round=72
[round 72] timing train=136.007s distribution=0.874s agg=0.078s eval=97.845s total=234.854s
[round 73] reused planned scale coverage: [1, 2, 1, 2, 1, 2, 2, 1]
Classification: train=1.0000 test=0.6058 round=73
[round 73] timing train=139.859s distribution=0.750s agg=0.019s eval=93.440s total=234.115s
[round 74] reused planned scale coverage: [1, 2, 1, 2, 1, 2, 2, 1]
Classification: train=1.0000 test=0.6062 round=74
[round 74] timing train=136.200s distribution=0.906s agg=0.085s eval=89.918s total=227.130s
[round 75] reused planned scale coverage: [1, 2, 1, 2, 1, 2, 2, 1]
Classification: train=1.0000 test=0.6067 round=75
[round 75] timing train=132.696s distribution=0.743s agg=0.146s eval=78.011s total=211.607s
[round 76] reused planned scale coverage: [1, 2, 1, 2, 1, 2, 2, 1]
Classification: train=1.0000 test=0.6062 round=76
[round 76] timing train=135.491s distribution=0.816s agg=0.105s eval=86.561s total=222.988s
[round 77] reused planned scale coverage: [1, 2, 1, 2, 1, 2, 2, 1]
Classification: train=1.0000 test=0.6067 round=77
[round 77] timing train=141.291s distribution=0.831s agg=0.061s eval=91.379s total=233.610s
[round 78] reused planned scale coverage: [1, 2, 1, 2, 1, 2, 2, 1]
Classification: train=1.0000 test=0.6067 round=78
[round 78] timing train=141.433s distribution=0.846s agg=0.034s eval=88.881s total=231.213s
[round 79] reused planned scale coverage: [1, 2, 1, 2, 1, 2, 2, 1]
Classification: train=1.0000 test=0.6075 round=79
[round 79] timing train=137.218s distribution=0.814s agg=0.033s eval=86.845s total=224.938s
[round 80] reused planned scale coverage: [1, 2, 1, 2, 1, 2, 2, 1]
Classification: train=1.0000 test=0.6083 round=80
[round 80] timing train=136.617s distribution=0.929s agg=0.098s eval=80.285s total=217.969s
[round 81] reused planned scale coverage: [1, 2, 1, 2, 1, 2, 2, 1]
Classification: train=1.0000 test=0.6083 round=81
[round 81] timing train=123.588s distribution=0.670s agg=0.151s eval=89.244s total=213.660s
[round 82] reused planned scale coverage: [1, 2, 1, 2, 1, 2, 2, 1]
Classification: train=1.0000 test=0.6075 round=82
[round 82] timing train=135.606s distribution=0.779s agg=0.038s eval=88.102s total=224.536s
[round 83] reused planned scale coverage: [1, 2, 1, 2, 1, 2, 2, 1]
Classification: train=1.0000 test=0.6079 round=83
[round 83] timing train=135.791s distribution=0.837s agg=0.055s eval=91.069s total=227.767s
[round 84] reused planned scale coverage: [1, 2, 1, 2, 1, 2, 2, 1]
Classification: train=1.0000 test=0.6079 round=84
[round 84] timing train=137.284s distribution=0.928s agg=0.050s eval=92.950s total=231.242s
[round 85] reused planned scale coverage: [1, 2, 1, 2, 1, 2, 2, 1]
Classification: train=1.0000 test=0.6075 round=85
[round 85] timing train=134.067s distribution=0.693s agg=0.105s eval=89.477s total=224.357s
[round 86] reused planned scale coverage: [1, 2, 1, 2, 1, 2, 2, 1]
Classification: train=1.0000 test=0.6079 round=86
[round 86] timing train=137.788s distribution=0.781s agg=0.071s eval=90.357s total=229.039s
[round 87] reused planned scale coverage: [1, 2, 1, 2, 1, 2, 2, 1]
Classification: train=1.0000 test=0.6067 round=87
[round 87] timing train=132.865s distribution=1.103s agg=0.049s eval=89.311s total=223.346s
[round 88] reused planned scale coverage: [1, 2, 1, 2, 1, 2, 2, 1]
Classification: train=1.0000 test=0.6079 round=88
[round 88] timing train=136.036s distribution=0.800s agg=0.063s eval=94.080s total=230.990s
[round 89] reused planned scale coverage: [1, 2, 1, 2, 1, 2, 2, 1]
Classification: train=1.0000 test=0.6083 round=89
[round 89] timing train=134.816s distribution=0.621s agg=0.134s eval=93.297s total=228.902s
[fedcsl] checkpoint saved → ./checkpoint/resume/fedcsl_LSST_2026-05-03-20har_fedcsl-onehot-splitteacher_dir0.1.pt (round=90)
[round 90] reused planned scale coverage: [1, 2, 1, 2, 1, 2, 2, 1]
Classification: train=1.0000 test=0.6083 round=90
[round 90] timing train=133.181s distribution=1.019s agg=0.149s eval=94.002s total=228.384s
[round 91] reused planned scale coverage: [1, 2, 1, 2, 1, 2, 2, 1]
Classification: train=1.0000 test=0.6079 round=91
[round 91] timing train=136.097s distribution=1.093s agg=0.088s eval=92.784s total=230.103s
[round 92] reused planned scale coverage: [1, 2, 1, 2, 1, 2, 2, 1]
Classification: train=1.0000 test=0.6083 round=92
[round 92] timing train=134.431s distribution=0.785s agg=0.031s eval=93.463s total=228.721s
[round 93] reused planned scale coverage: [1, 2, 1, 2, 1, 2, 2, 1]
Classification: train=1.0000 test=0.6083 round=93
[round 93] timing train=136.916s distribution=0.759s agg=0.019s eval=94.969s total=232.695s
[round 94] reused planned scale coverage: [1, 2, 1, 2, 1, 2, 2, 1]
Classification: train=1.0000 test=0.6071 round=94
[round 94] timing train=138.944s distribution=0.752s agg=0.041s eval=100.729s total=240.495s
[round 95] reused planned scale coverage: [1, 2, 1, 2, 1, 2, 2, 1]
Classification: train=1.0000 test=0.6067 round=95
[round 95] timing train=134.144s distribution=1.212s agg=0.042s eval=89.202s total=224.616s
[round 96] reused planned scale coverage: [1, 2, 1, 2, 1, 2, 2, 1]
Classification: train=1.0000 test=0.6067 round=96
[round 96] timing train=140.595s distribution=0.827s agg=0.050s eval=88.227s total=229.729s
[round 97] reused planned scale coverage: [1, 2, 1, 2, 1, 2, 2, 1]
Classification: train=1.0000 test=0.6062 round=97
[round 97] timing train=136.248s distribution=1.004s agg=0.015s eval=86.843s total=224.123s
[round 98] reused planned scale coverage: [1, 2, 1, 2, 1, 2, 2, 1]
Classification: train=1.0000 test=0.6058 round=98
[round 98] timing train=138.865s distribution=0.964s agg=0.019s eval=89.160s total=229.019s
[round 99] reused planned scale coverage: [1, 2, 1, 2, 1, 2, 2, 1]
Classification: train=1.0000 test=0.6054 round=99
[round 99] timing train=139.526s distribution=0.707s agg=0.041s eval=90.547s total=230.835s
[round 100] reused planned scale coverage: [1, 2, 1, 2, 1, 2, 2, 1]
Classification: train=1.0000 test=0.6058 round=100
[round 100] timing train=141.287s distribution=0.814s agg=0.113s eval=93.081s total=235.305s
[round 101] reused planned scale coverage: [1, 2, 1, 2, 1, 2, 2, 1]
Classification: train=1.0000 test=0.6054 round=101
[round 101] timing train=133.363s distribution=0.829s agg=0.092s eval=91.057s total=225.350s
[round 102] reused planned scale coverage: [1, 2, 1, 2, 1, 2, 2, 1]
Classification: train=1.0000 test=0.6054 round=102
[round 102] timing train=141.085s distribution=0.684s agg=0.118s eval=86.438s total=228.333s
[round 103] reused planned scale coverage: [1, 2, 1, 2, 1, 2, 2, 1]
Classification: train=1.0000 test=0.6050 round=103
[round 103] timing train=140.588s distribution=0.847s agg=0.014s eval=90.266s total=231.722s
[round 104] reused planned scale coverage: [1, 2, 1, 2, 1, 2, 2, 1]
Classification: train=1.0000 test=0.6046 round=104
[round 104] timing train=138.044s distribution=0.689s agg=0.128s eval=88.980s total=227.887s
[round 105] reused planned scale coverage: [1, 2, 1, 2, 1, 2, 2, 1]
Classification: train=1.0000 test=0.6046 round=105
[round 105] timing train=136.927s distribution=0.698s agg=0.118s eval=78.275s total=216.031s
[round 106] reused planned scale coverage: [1, 2, 1, 2, 1, 2, 2, 1]
Classification: train=1.0000 test=0.6034 round=106
[round 106] timing train=130.745s distribution=0.960s agg=0.049s eval=93.614s total=225.377s
[round 107] reused planned scale coverage: [1, 2, 1, 2, 1, 2, 2, 1]
Classification: train=1.0000 test=0.6030 round=107
[round 107] timing train=137.353s distribution=1.132s agg=0.041s eval=94.060s total=232.594s
[round 108] reused planned scale coverage: [1, 2, 1, 2, 1, 2, 2, 1]
Classification: train=1.0000 test=0.6030 round=108
[round 108] timing train=136.998s distribution=0.862s agg=0.069s eval=97.817s total=235.796s
[round 109] reused planned scale coverage: [1, 2, 1, 2, 1, 2, 2, 1]
Classification: train=1.0000 test=0.6034 round=109
[round 109] timing train=133.476s distribution=0.901s agg=0.104s eval=92.191s total=226.686s
[round 110] reused planned scale coverage: [1, 2, 1, 2, 1, 2, 2, 1]
Classification: train=1.0000 test=0.6034 round=110
[round 110] timing train=135.705s distribution=0.899s agg=0.140s eval=94.069s total=230.830s
[round 111] reused planned scale coverage: [1, 2, 1, 2, 1, 2, 2, 1]
Classification: train=1.0000 test=0.6034 round=111
[round 111] timing train=105.902s distribution=0.640s agg=0.039s eval=80.201s total=186.820s
[round 112] reused planned scale coverage: [1, 2, 1, 2, 1, 2, 2, 1]
Classification: train=1.0000 test=0.6034 round=112
[round 112] timing train=140.268s distribution=0.788s agg=0.102s eval=88.682s total=229.869s
[round 113] reused planned scale coverage: [1, 2, 1, 2, 1, 2, 2, 1]
Classification: train=1.0000 test=0.6026 round=113
[round 113] timing train=137.873s distribution=0.591s agg=0.061s eval=83.978s total=222.533s
[round 114] reused planned scale coverage: [1, 2, 1, 2, 1, 2, 2, 1]
Classification: train=1.0000 test=0.6022 round=114
[round 114] timing train=141.242s distribution=0.575s agg=0.017s eval=93.498s total=235.378s
[round 115] reused planned scale coverage: [1, 2, 1, 2, 1, 2, 2, 1]
Classification: train=1.0000 test=0.6014 round=115
[round 115] timing train=137.132s distribution=0.907s agg=0.029s eval=90.124s total=228.200s
[round 116] reused planned scale coverage: [1, 2, 1, 2, 1, 2, 2, 1]
Classification: train=1.0000 test=0.6010 round=116
[round 116] timing train=136.253s distribution=0.975s agg=0.022s eval=89.819s total=227.099s
[round 117] reused planned scale coverage: [1, 2, 1, 2, 1, 2, 2, 1]
Classification: train=1.0000 test=0.6030 round=117
[round 117] timing train=138.738s distribution=0.802s agg=0.048s eval=92.708s total=232.324s
[round 118] reused planned scale coverage: [1, 2, 1, 2, 1, 2, 2, 1]
Classification: train=1.0000 test=0.6026 round=118
[round 118] timing train=140.151s distribution=0.690s agg=0.098s eval=88.260s total=229.248s
[round 119] reused planned scale coverage: [1, 2, 1, 2, 1, 2, 2, 1]
Classification: train=1.0000 test=0.6026 round=119
[round 119] timing train=139.794s distribution=0.669s agg=0.047s eval=87.580s total=228.097s
[fedcsl] checkpoint saved → ./checkpoint/resume/fedcsl_LSST_2026-05-03-20har_fedcsl-onehot-splitteacher_dir0.1.pt (round=120)
[round 120] reused planned scale coverage: [1, 2, 1, 2, 1, 2, 2, 1]
Classification: train=1.0000 test=0.6034 round=120
[round 120] timing train=141.286s distribution=0.778s agg=0.170s eval=87.585s total=229.854s
[round 121] reused planned scale coverage: [1, 2, 1, 2, 1, 2, 2, 1]
Classification: train=1.0000 test=0.6030 round=121
[round 121] timing train=137.124s distribution=1.027s agg=0.081s eval=85.949s total=224.187s
[round 122] reused planned scale coverage: [1, 2, 1, 2, 1, 2, 2, 1]
Classification: train=1.0000 test=0.6030 round=122
[round 122] timing train=138.924s distribution=0.778s agg=0.021s eval=90.999s total=230.729s
[round 123] reused planned scale coverage: [1, 2, 1, 2, 1, 2, 2, 1]
Classification: train=1.0000 test=0.6038 round=123
[round 123] timing train=142.756s distribution=0.847s agg=0.123s eval=86.958s total=230.715s
[round 124] reused planned scale coverage: [1, 2, 1, 2, 1, 2, 2, 1]
Classification: train=1.0000 test=0.6038 round=124
[round 124] timing train=136.088s distribution=0.803s agg=0.149s eval=89.236s total=226.296s
[round 125] reused planned scale coverage: [1, 2, 1, 2, 1, 2, 2, 1]
Classification: train=1.0000 test=0.6042 round=125
[round 125] timing train=140.774s distribution=0.819s agg=0.165s eval=89.351s total=231.140s
[round 126] reused planned scale coverage: [1, 2, 1, 2, 1, 2, 2, 1]
Classification: train=1.0000 test=0.6034 round=126
[round 126] timing train=139.137s distribution=0.786s agg=0.025s eval=86.606s total=226.584s
[round 127] reused planned scale coverage: [1, 2, 1, 2, 1, 2, 2, 1]
Classification: train=1.0000 test=0.6042 round=127
[round 127] timing train=141.928s distribution=0.812s agg=0.040s eval=89.231s total=232.023s
[round 128] reused planned scale coverage: [1, 2, 1, 2, 1, 2, 2, 1]
Classification: train=1.0000 test=0.6042 round=128
[round 128] timing train=141.161s distribution=0.951s agg=0.023s eval=88.958s total=231.130s
[round 129] reused planned scale coverage: [1, 2, 1, 2, 1, 2, 2, 1]
Classification: train=1.0000 test=0.6042 round=129
[round 129] timing train=141.519s distribution=0.937s agg=0.117s eval=89.721s total=232.315s
[round 130] reused planned scale coverage: [1, 2, 1, 2, 1, 2, 2, 1]
Classification: train=1.0000 test=0.6038 round=130
[round 130] timing train=139.438s distribution=0.630s agg=0.044s eval=91.711s total=231.856s
[round 131] reused planned scale coverage: [1, 2, 1, 2, 1, 2, 2, 1]
Classification: train=1.0000 test=0.6034 round=131
[round 131] timing train=139.214s distribution=0.978s agg=0.022s eval=87.648s total=227.899s
[round 132] reused planned scale coverage: [1, 2, 1, 2, 1, 2, 2, 1]
Classification: train=1.0000 test=0.6034 round=132
[round 132] timing train=135.543s distribution=0.859s agg=0.107s eval=89.848s total=226.398s
[round 133] reused planned scale coverage: [1, 2, 1, 2, 1, 2, 2, 1]
Classification: train=1.0000 test=0.6038 round=133
[round 133] timing train=137.110s distribution=0.763s agg=0.116s eval=91.184s total=229.234s
[round 134] reused planned scale coverage: [1, 2, 1, 2, 1, 2, 2, 1]
Classification: train=1.0000 test=0.6034 round=134
[round 134] timing train=135.321s distribution=0.880s agg=0.055s eval=93.775s total=230.039s
[round 135] reused planned scale coverage: [1, 2, 1, 2, 1, 2, 2, 1]
Classification: train=1.0000 test=0.6030 round=135
[round 135] timing train=137.068s distribution=0.995s agg=0.152s eval=86.323s total=224.585s
[round 136] reused planned scale coverage: [1, 2, 1, 2, 1, 2, 2, 1]
Classification: train=1.0000 test=0.6026 round=136
[round 136] timing train=110.510s distribution=0.673s agg=0.031s eval=86.505s total=197.724s
[round 137] reused planned scale coverage: [1, 2, 1, 2, 1, 2, 2, 1]
Classification: train=1.0000 test=0.6022 round=137
[round 137] timing train=141.771s distribution=0.981s agg=0.016s eval=90.982s total=233.759s
[round 138] reused planned scale coverage: [1, 2, 1, 2, 1, 2, 2, 1]
Classification: train=1.0000 test=0.6018 round=138
[round 138] timing train=137.653s distribution=0.830s agg=0.083s eval=88.948s total=227.531s
[round 139] reused planned scale coverage: [1, 2, 1, 2, 1, 2, 2, 1]
Classification: train=1.0000 test=0.6010 round=139
[round 139] timing train=137.370s distribution=0.920s agg=0.148s eval=84.700s total=223.170s
[round 140] reused planned scale coverage: [1, 2, 1, 2, 1, 2, 2, 1]
Classification: train=1.0000 test=0.6010 round=140
[round 140] timing train=135.187s distribution=0.789s agg=0.020s eval=91.604s total=227.637s
[round 141] reused planned scale coverage: [1, 2, 1, 2, 1, 2, 2, 1]
Classification: train=1.0000 test=0.6010 round=141
[round 141] timing train=126.080s distribution=0.740s agg=0.072s eval=77.334s total=204.263s
[round 142] reused planned scale coverage: [1, 2, 1, 2, 1, 2, 2, 1]
Classification: train=1.0000 test=0.6006 round=142
[round 142] timing train=124.449s distribution=0.845s agg=0.131s eval=86.440s total=211.871s
[round 143] reused planned scale coverage: [1, 2, 1, 2, 1, 2, 2, 1]
Classification: train=1.0000 test=0.6010 round=143
[round 143] timing train=135.183s distribution=0.843s agg=0.035s eval=85.974s total=222.077s
[round 144] reused planned scale coverage: [1, 2, 1, 2, 1, 2, 2, 1]
Classification: train=1.0000 test=0.6010 round=144
[round 144] timing train=136.338s distribution=0.639s agg=0.009s eval=87.230s total=224.243s
[round 145] reused planned scale coverage: [1, 2, 1, 2, 1, 2, 2, 1]
Classification: train=1.0000 test=0.6006 round=145
[round 145] timing train=141.811s distribution=0.876s agg=0.023s eval=86.304s total=229.059s
[round 146] reused planned scale coverage: [1, 2, 1, 2, 1, 2, 2, 1]
Classification: train=1.0000 test=0.6006 round=146
[round 146] timing train=140.929s distribution=1.033s agg=0.055s eval=90.530s total=232.577s
[round 147] reused planned scale coverage: [1, 2, 1, 2, 1, 2, 2, 1]
Classification: train=1.0000 test=0.6002 round=147
[round 147] timing train=139.628s distribution=0.809s agg=0.029s eval=87.473s total=227.987s
[round 148] reused planned scale coverage: [1, 2, 1, 2, 1, 2, 2, 1]
Classification: train=1.0000 test=0.6010 round=148
[round 148] timing train=136.835s distribution=0.844s agg=0.068s eval=89.241s total=227.018s
[round 149] reused planned scale coverage: [1, 2, 1, 2, 1, 2, 2, 1]
Classification: train=1.0000 test=0.6022 round=149
[round 149] timing train=139.161s distribution=0.651s agg=0.033s eval=90.788s total=230.667s
[fedcsl] checkpoint saved → ./checkpoint/resume/fedcsl_LSST_2026-05-03-20har_fedcsl-onehot-splitteacher_dir0.1.pt (round=150)
[round 150] reused planned scale coverage: [1, 2, 1, 2, 1, 2, 2, 1]
Classification: train=1.0000 test=0.6014 round=150
[round 150] timing train=135.357s distribution=0.662s agg=0.041s eval=92.085s total=228.164s
[round 151] reused planned scale coverage: [1, 2, 1, 2, 1, 2, 2, 1]
Classification: train=1.0000 test=0.6022 round=151
[round 151] timing train=138.295s distribution=0.820s agg=0.136s eval=88.967s total=228.236s
[round 152] reused planned scale coverage: [1, 2, 1, 2, 1, 2, 2, 1]
Classification: train=1.0000 test=0.6026 round=152
[round 152] timing train=138.894s distribution=0.996s agg=0.070s eval=84.782s total=224.792s
[round 153] reused planned scale coverage: [1, 2, 1, 2, 1, 2, 2, 1]
Classification: train=1.0000 test=0.6026 round=153
[round 153] timing train=138.882s distribution=0.717s agg=0.061s eval=87.482s total=227.158s
[round 154] reused planned scale coverage: [1, 2, 1, 2, 1, 2, 2, 1]
Classification: train=1.0000 test=0.6030 round=154
[round 154] timing train=136.530s distribution=0.880s agg=0.066s eval=84.347s total=221.830s
[round 155] reused planned scale coverage: [1, 2, 1, 2, 1, 2, 2, 1]
Classification: train=1.0000 test=0.6030 round=155
[round 155] timing train=136.821s distribution=0.801s agg=0.031s eval=87.795s total=225.483s
[round 156] reused planned scale coverage: [1, 2, 1, 2, 1, 2, 2, 1]
Classification: train=1.0000 test=0.6026 round=156
[round 156] timing train=132.797s distribution=0.757s agg=0.038s eval=90.767s total=224.370s
[round 157] reused planned scale coverage: [1, 2, 1, 2, 1, 2, 2, 1]
Classification: train=1.0000 test=0.6022 round=157
[round 157] timing train=135.038s distribution=0.682s agg=0.087s eval=88.822s total=224.661s
[round 158] reused planned scale coverage: [1, 2, 1, 2, 1, 2, 2, 1]
Classification: train=1.0000 test=0.6026 round=158
[round 158] timing train=134.291s distribution=0.763s agg=0.129s eval=84.247s total=219.467s
[round 159] reused planned scale coverage: [1, 2, 1, 2, 1, 2, 2, 1]
Classification: train=1.0000 test=0.6030 round=159
[round 159] timing train=142.635s distribution=0.768s agg=0.026s eval=91.859s total=235.303s
[round 160] reused planned scale coverage: [1, 2, 1, 2, 1, 2, 2, 1]
Classification: train=1.0000 test=0.6026 round=160
[round 160] timing train=140.960s distribution=1.036s agg=0.096s eval=85.233s total=227.343s
[round 161] reused planned scale coverage: [1, 2, 1, 2, 1, 2, 2, 1]
Classification: train=1.0000 test=0.6022 round=161
[round 161] timing train=134.440s distribution=0.803s agg=0.112s eval=91.180s total=226.542s
[round 162] reused planned scale coverage: [1, 2, 1, 2, 1, 2, 2, 1]
Classification: train=1.0000 test=0.6022 round=162
[round 162] timing train=137.534s distribution=0.748s agg=0.026s eval=88.774s total=227.100s
[round 163] reused planned scale coverage: [1, 2, 1, 2, 1, 2, 2, 1]
Classification: train=1.0000 test=0.6030 round=163
[round 163] timing train=137.710s distribution=0.994s agg=0.035s eval=94.122s total=232.866s
[round 164] reused planned scale coverage: [1, 2, 1, 2, 1, 2, 2, 1]
Classification: train=1.0000 test=0.6022 round=164
[round 164] timing train=134.410s distribution=0.708s agg=0.041s eval=92.441s total=227.620s
[round 165] reused planned scale coverage: [1, 2, 1, 2, 1, 2, 2, 1]
Classification: train=1.0000 test=0.6014 round=165
[round 165] timing train=131.060s distribution=0.865s agg=0.072s eval=89.814s total=221.817s
[round 166] reused planned scale coverage: [1, 2, 1, 2, 1, 2, 2, 1]
Classification: train=1.0000 test=0.6018 round=166
[round 166] timing train=126.482s distribution=0.784s agg=0.131s eval=84.071s total=211.484s
[round 167] reused planned scale coverage: [1, 2, 1, 2, 1, 2, 2, 1]
Classification: train=1.0000 test=0.6022 round=167
[round 167] timing train=132.841s distribution=0.872s agg=0.041s eval=90.492s total=224.290s
[round 168] reused planned scale coverage: [1, 2, 1, 2, 1, 2, 2, 1]
Classification: train=1.0000 test=0.6022 round=168
[round 168] timing train=135.552s distribution=0.755s agg=0.109s eval=91.687s total=228.110s
[round 169] reused planned scale coverage: [1, 2, 1, 2, 1, 2, 2, 1]
Classification: train=1.0000 test=0.6022 round=169
[round 169] timing train=138.094s distribution=0.680s agg=0.023s eval=97.007s total=235.836s
[round 170] reused planned scale coverage: [1, 2, 1, 2, 1, 2, 2, 1]
Classification: train=1.0000 test=0.6018 round=170
[round 170] timing train=138.862s distribution=0.855s agg=0.121s eval=93.922s total=233.797s
[round 171] reused planned scale coverage: [1, 2, 1, 2, 1, 2, 2, 1]
Classification: train=1.0000 test=0.6026 round=171
[round 171] timing train=128.225s distribution=0.592s agg=0.036s eval=74.284s total=203.176s
[round 172] reused planned scale coverage: [1, 2, 1, 2, 1, 2, 2, 1]
Classification: train=1.0000 test=0.6030 round=172
[round 172] timing train=124.091s distribution=0.763s agg=0.023s eval=89.499s total=214.392s
[round 173] reused planned scale coverage: [1, 2, 1, 2, 1, 2, 2, 1]
Classification: train=1.0000 test=0.6034 round=173
[round 173] timing train=134.432s distribution=0.642s agg=0.066s eval=91.601s total=226.800s
[round 174] reused planned scale coverage: [1, 2, 1, 2, 1, 2, 2, 1]
Classification: train=1.0000 test=0.6038 round=174
[round 174] timing train=127.335s distribution=0.926s agg=0.094s eval=91.300s total=219.704s
[round 175] reused planned scale coverage: [1, 2, 1, 2, 1, 2, 2, 1]
Classification: train=1.0000 test=0.6034 round=175
[round 175] timing train=131.448s distribution=0.852s agg=0.081s eval=84.050s total=216.459s
[round 176] reused planned scale coverage: [1, 2, 1, 2, 1, 2, 2, 1]
Classification: train=1.0000 test=0.6026 round=176
[round 176] timing train=134.669s distribution=0.842s agg=0.035s eval=84.277s total=219.850s
[round 177] reused planned scale coverage: [1, 2, 1, 2, 1, 2, 2, 1]
Classification: train=1.0000 test=0.6034 round=177
[round 177] timing train=135.597s distribution=0.699s agg=0.066s eval=90.694s total=227.082s
[round 178] reused planned scale coverage: [1, 2, 1, 2, 1, 2, 2, 1]
Classification: train=1.0000 test=0.6042 round=178
[round 178] timing train=135.927s distribution=0.708s agg=0.068s eval=82.137s total=218.856s
[round 179] reused planned scale coverage: [1, 2, 1, 2, 1, 2, 2, 1]
Classification: train=1.0000 test=0.6038 round=179
[round 179] timing train=136.602s distribution=0.516s agg=0.051s eval=81.817s total=219.002s
[fedcsl] checkpoint saved → ./checkpoint/resume/fedcsl_LSST_2026-05-03-20har_fedcsl-onehot-splitteacher_dir0.1.pt (round=180)
[round 180] reused planned scale coverage: [1, 2, 1, 2, 1, 2, 2, 1]
Classification: train=1.0000 test=0.6046 round=180
[round 180] timing train=137.770s distribution=0.527s agg=0.020s eval=77.429s total=215.761s
[round 181] reused planned scale coverage: [1, 2, 1, 2, 1, 2, 2, 1]
Classification: train=1.0000 test=0.6050 round=181
[round 181] timing train=140.893s distribution=0.852s agg=0.039s eval=92.031s total=233.858s
[round 182] reused planned scale coverage: [1, 2, 1, 2, 1, 2, 2, 1]
Classification: train=1.0000 test=0.6042 round=182
[round 182] timing train=133.279s distribution=0.978s agg=0.112s eval=81.237s total=215.622s
[round 183] reused planned scale coverage: [1, 2, 1, 2, 1, 2, 2, 1]
Classification: train=1.0000 test=0.6038 round=183
[round 183] timing train=138.297s distribution=0.761s agg=0.027s eval=85.326s total=224.418s
[round 184] reused planned scale coverage: [1, 2, 1, 2, 1, 2, 2, 1]
Classification: train=1.0000 test=0.6050 round=184
[round 184] timing train=134.349s distribution=0.632s agg=0.012s eval=84.104s total=219.116s
[round 185] reused planned scale coverage: [1, 2, 1, 2, 1, 2, 2, 1]
Classification: train=1.0000 test=0.6050 round=185
[round 185] timing train=134.929s distribution=0.835s agg=0.086s eval=83.187s total=219.053s
[round 186] reused planned scale coverage: [1, 2, 1, 2, 1, 2, 2, 1]
Classification: train=1.0000 test=0.6046 round=186
[round 186] timing train=136.190s distribution=0.733s agg=0.111s eval=84.530s total=221.571s
[round 187] reused planned scale coverage: [1, 2, 1, 2, 1, 2, 2, 1]
Classification: train=1.0000 test=0.6058 round=187
[round 187] timing train=136.935s distribution=0.650s agg=0.055s eval=85.045s total=222.693s
[round 188] reused planned scale coverage: [1, 2, 1, 2, 1, 2, 2, 1]
Classification: train=1.0000 test=0.6067 round=188
[round 188] timing train=133.525s distribution=0.988s agg=0.110s eval=83.976s total=218.629s
[round 189] reused planned scale coverage: [1, 2, 1, 2, 1, 2, 2, 1]
Classification: train=1.0000 test=0.6071 round=189
[round 189] timing train=133.449s distribution=0.844s agg=0.071s eval=85.816s total=220.212s
[round 190] reused planned scale coverage: [1, 2, 1, 2, 1, 2, 2, 1]
Classification: train=1.0000 test=0.6079 round=190
[round 190] timing train=131.980s distribution=0.657s agg=0.025s eval=84.749s total=217.430s
[round 191] reused planned scale coverage: [1, 2, 1, 2, 1, 2, 2, 1]
Classification: train=1.0000 test=0.6075 round=191
[round 191] timing train=129.963s distribution=1.162s agg=0.118s eval=88.151s total=219.481s
[round 192] reused planned scale coverage: [1, 2, 1, 2, 1, 2, 2, 1]
Classification: train=1.0000 test=0.6083 round=192
[round 192] timing train=132.983s distribution=0.678s agg=0.038s eval=88.481s total=222.236s
[round 193] reused planned scale coverage: [1, 2, 1, 2, 1, 2, 2, 1]
Classification: train=1.0000 test=0.6071 round=193
[round 193] timing train=142.121s distribution=0.751s agg=0.033s eval=87.752s total=230.669s
[round 194] reused planned scale coverage: [1, 2, 1, 2, 1, 2, 2, 1]
Classification: train=1.0000 test=0.6071 round=194
[round 194] timing train=106.545s distribution=0.607s agg=0.016s eval=86.069s total=193.268s
[round 195] reused planned scale coverage: [1, 2, 1, 2, 1, 2, 2, 1]
Classification: train=1.0000 test=0.6071 round=195
[round 195] timing train=130.492s distribution=0.778s agg=0.017s eval=86.971s total=218.278s
[round 196] reused planned scale coverage: [1, 2, 1, 2, 1, 2, 2, 1]
Classification: train=1.0000 test=0.6071 round=196
[round 196] timing train=137.507s distribution=0.808s agg=0.102s eval=77.841s total=216.275s
[round 197] reused planned scale coverage: [1, 2, 1, 2, 1, 2, 2, 1]
Classification: train=1.0000 test=0.6075 round=197
[round 197] timing train=133.296s distribution=0.774s agg=0.031s eval=83.446s total=217.593s
[round 198] reused planned scale coverage: [1, 2, 1, 2, 1, 2, 2, 1]
Classification: train=1.0000 test=0.6071 round=198
[round 198] timing train=133.063s distribution=0.998s agg=0.132s eval=84.499s total=218.733s
[round 199] reused planned scale coverage: [1, 2, 1, 2, 1, 2, 2, 1]
Classification: train=1.0000 test=0.6062 round=199
[round 199] timing train=139.278s distribution=0.812s agg=0.027s eval=83.293s total=223.441s
best round is 56, acc is 0.609489
Model saved to ./checkpoint/LSST/2026-05-03-20har_fedcsl-onehot-splitteacher_dir0.1_LSST_model.pt
