# 2026-05-03 20:59:14  har_fedcsl-onehot_dir0.1  GPU=0  cwd=/data/user_lixiongfei/CSL-main
# CMD: python3 -u FedCSL_All.py -dataset HAR --config configFedCSL_OneHot.yml --dirichlet-alpha 0.1 --seed 42 --description har_fedcsl-onehot_dir0.1 -dataset LSST

/mnt/data/user_liangzhiyu/envs/fedcsl/lib/python3.8/site-packages/scipy/__init__.py:146: UserWarning: A NumPy version >=1.16.5 and <1.23.0 is required for this version of SciPy (detected version 1.23.5
  warnings.warn(f"A NumPy version >={np_minversion} and <{np_maxversion}"
[config] 'configFedCSL_OneHot.yml' 未找到，重定向到 'config/configFedCSL_OneHot.yml'
2459
<class 'pandas.core.frame.DataFrame'>
RangeIndex: 2459 entries, 0 to 2458
Data columns (total 7 columns):
 #   Column      Non-Null Count  Dtype 
---  ------      --------------  ----- 
 0   dim_0       2459 non-null   object
 1   dim_1       2459 non-null   object
 2   dim_2       2459 non-null   object
 3   dim_3       2459 non-null   object
 4   dim_4       2459 non-null   object
 5   dim_5       2459 non-null   object
 6   class_vals  2459 non-null   object
dtypes: object(7)
memory usage: 134.6+ KB
None
{36}
<class 'pandas.core.frame.DataFrame'>
RangeIndex: 2459 entries, 0 to 2458
Data columns (total 7 columns):
 #   Column      Non-Null Count  Dtype 
---  ------      --------------  ----- 
 0   dim_0       2459 non-null   object
 1   dim_1       2459 non-null   object
 2   dim_2       2459 non-null   object
 3   dim_3       2459 non-null   object
 4   dim_4       2459 non-null   object
 5   dim_5       2459 non-null   object
 6   class_vals  2459 non-null   object
dtypes: object(7)
memory usage: 134.6+ KB
None
[ 0  0  0 ... 13 13 13]
[  34   35   36   37   38   39   40   41   42   43   44   45   46   47
   48   49   50   51   52   53   54   55   56   57   58   59   60   61
   62   63   64   65   66   67   68   69   70   71   72   73   74   75
   76   77   78   79   80   81   82   83   84   85   86   87   88   89
   90   91   92   93   94   95   96   97   98   99  100  101  102  103
  104  105  106  107  108  109  110  111  112  113  114  115  116  117
  118  119  120  121  122  123  124  125  126  127  128  129  130  131
  132  133  134  135  136  137  138  139  140  141  142  143  144  145
  146  147  148  149  150  151  152  153  154  155  808  809  810  811
  812  813  814  815  816  817  818  819  820  821  822  823  824  825
  826  827  828  829  830  831  832  833  834  835  836  837  838  839
  840  841  842  843  844  845  846  847  848  849  850  851  852  853
  854  855  856  857  858  859  860  861  862  863  864  865  866  867
  877  878  879  880  881  882  883  884  885  886  887  888  889  890
  891  892  893  894  895  896  897  898  899  900  901  902  903  904
  905  906  907  908  909  910  911  912  913  914  915  916  917  918
  919  920  921  922  923  924  925  926  927 1030 1031 1032 1033 1034
 1035 1036 1037 1038 1039 1040 1041 1042 1043 1044 1045 1046 1047 1048
 1049 1050 1051 1053 1054 1055 1056 1057 1058 1059 1060 1061 1062 1063
 1064 1065 1066 1067 1068 1069 1070 1071 1072 1073 1074 1075 1076 1077
 1078 1079 1080 1081 1082 1083 1084 1085 1086 1087 1088 1089 1090 1091
 1092 1093 1094 1095 1096 1097 1098 1099 1100 1101 1102 1103 1104 1105
 1106 1107 1108 1109 1110 1111 1112 1113 1114 1115 1116 1117 1118 1119
 1120 1121 1122 1123 1124 1125 1126 1127 1128 1129 1130 1131 1132 1133
 1134 1135 1136 1137 1138 1139 1140 1141 1142 1143 1144 1145 1146 1147
 1148 1149 1150 1151 1152 1153 1154 1155 1156 1157 1158 1159 1160 1161
 1162 1163 1164 1165 1166 1167 1168 1169 1170 1171 1172 1173 1174 1175
 1176 1177 1178 1179 1180 1181 1182 1183 1184 1185 1186 1187 1188 1189
 1190 1191 1192 1193 1194 1195 1196 1197 1198 1199 1200 1201 1202 1203
 1204 1205 1206 1207 1208 1209 1210 1211 1212 1366 1367 1368 1369 1370
 1371 1372 1373 1374 1375 1376 1377 1378 1379 1380 1381 1382 1383 1384
 1385 1386 1387 1388 1389 1390 1391 1392 1393 1394 1395 1396 1397 1398
 1399 1400 1401 1402 1403 1404 1405 1406 1407 1408 1409 1410 1411 1412
 1413 1414 1434 1435 1436 1437 1438 1439 1440 1441 1442 1443 1444 1445
 1446 1447 1448 1449 1450 1451 1452 1453 1454 1455 1456 1457 1458 1459
 1460 1461 1462 1463 1464 1465 1466 1467 1468 1469 1470 1471 1472 1473
 1474 1475 1476 1477 1478 1479 1480 1481 1482 1483 1484 1485 1486 1487
 1488 1489 1490 1491 1492 1493 1494 1495 1496 1497 1498 1499 1500 1501
 1502 1503 1504 1505 1506 1507 1508 1509 1510 1511 1512 1513 1514 1515
 1516 1517 1518 1519 1520 1521 1522 1523 1524 1525 1526 1527 1528 1529
 1530 1531 1532 1533 1534 1535 1536 1537 2331 2332 2408 2409 2410 2411
 2412 2413 2414 2415 2416 2417 2418 2419 2420 2421 2422 2423 2424 2425
 2426 2427 2428 2429 2430 2431 2432 2433 2434 2435 2436 2437 2438 2439
 2440 2441 2442 2443 2444 2445 2446 2447 2448 2449 2450 2451 2452 2453
 2454 2455 2456 2457]
[1, 1, 1, 1, 1, 1, 1, 1, 1, 1, 1, 1, 1, 1, 1, 1, 1, 1, 1, 1, 1, 1, 1, 1, 1, 1, 1, 1, 1, 1, 1, 1, 1, 1, 1, 1, 1, 1, 1, 1, 1, 1, 1, 1, 1, 1, 1, 1, 1, 1, 1, 1, 1, 1, 1, 1, 1, 1, 1, 1, 1, 1, 1, 1, 1, 1, 1, 1, 1, 1, 1, 1, 1, 1, 1, 1, 1, 1, 1, 1, 1, 1, 1, 1, 1, 1, 1, 1, 1, 1, 1, 1, 1, 1, 1, 1, 1, 1, 1, 1, 1, 1, 1, 1, 1, 1, 1, 1, 1, 1, 1, 1, 1, 1, 1, 1, 1, 1, 1, 1, 1, 1, 4, 4, 4, 4, 4, 4, 4, 4, 4, 4, 4, 4, 4, 4, 4, 4, 4, 4, 4, 4, 4, 4, 4, 4, 4, 4, 4, 4, 4, 4, 4, 4, 4, 4, 4, 4, 4, 4, 4, 4, 4, 4, 4, 4, 4, 4, 4, 4, 4, 4, 4, 4, 4, 4, 4, 4, 4, 4, 4, 4, 6, 6, 6, 6, 6, 6, 6, 6, 6, 6, 6, 6, 6, 6, 6, 6, 6, 6, 6, 6, 6, 6, 6, 6, 6, 6, 6, 6, 6, 6, 6, 6, 6, 6, 6, 6, 6, 6, 6, 6, 6, 6, 6, 6, 6, 6, 6, 6, 6, 6, 6, 7, 7, 7, 7, 7, 7, 7, 7, 7, 7, 7, 7, 7, 7, 7, 7, 7, 7, 7, 7, 7, 7, 8, 8, 8, 8, 8, 8, 8, 8, 8, 8, 8, 8, 8, 8, 8, 8, 8, 8, 8, 8, 8, 8, 8, 8, 8, 8, 8, 8, 8, 8, 8, 8, 8, 8, 8, 8, 8, 8, 8, 8, 8, 8, 8, 8, 8, 8, 8, 8, 8, 8, 8, 8, 8, 8, 8, 8, 8, 8, 8, 8, 8, 8, 8, 8, 8, 8, 8, 8, 8, 8, 8, 8, 8, 8, 8, 8, 8, 8, 8, 8, 8, 8, 8, 8, 8, 8, 8, 8, 8, 8, 8, 8, 8, 8, 8, 8, 8, 8, 8, 8, 8, 8, 8, 8, 8, 8, 8, 8, 8, 8, 8, 8, 8, 8, 8, 8, 8, 8, 8, 8, 8, 8, 8, 8, 8, 8, 8, 8, 8, 8, 8, 8, 8, 8, 8, 8, 8, 8, 8, 8, 8, 8, 8, 8, 8, 8, 8, 8, 8, 8, 8, 8, 8, 8, 8, 8, 8, 8, 8, 8, 9, 9, 9, 9, 9, 9, 9, 9, 9, 9, 9, 9, 9, 9, 9, 9, 9, 9, 9, 9, 9, 9, 9, 9, 9, 9, 9, 9, 9, 9, 9, 9, 9, 9, 9, 9, 9, 9, 9, 9, 9, 9, 9, 9, 9, 9, 9, 9, 9, 10, 10, 10, 10, 10, 10, 10, 10, 10, 10, 10, 10, 10, 10, 10, 10, 10, 10, 10, 10, 10, 10, 10, 10, 10, 10, 10, 10, 10, 10, 10, 10, 10, 10, 10, 10, 10, 10, 10, 10, 10, 10, 10, 10, 10, 10, 10, 10, 10, 10, 10, 10, 10, 10, 10, 10, 10, 10, 10, 10, 10, 10, 10, 10, 10, 10, 10, 10, 10, 10, 10, 10, 10, 10, 10, 10, 10, 10, 10, 10, 10, 10, 10, 10, 10, 10, 10, 10, 10, 10, 10, 10, 10, 10, 10, 10, 10, 10, 10, 10, 10, 10, 10, 10, 12, 12, 13, 13, 13, 13, 13, 13, 13, 13, 13, 13, 13, 13, 13, 13, 13, 13, 13, 13, 13, 13, 13, 13, 13, 13, 13, 13, 13, 13, 13, 13, 13, 13, 13, 13, 13, 13, 13, 13, 13, 13, 13, 13, 13, 13, 13, 13, 13, 13, 13, 13]
[2, 2, 2, 2, 2, 2, 2, 2, 2, 2, 2, 2, 2, 2, 2, 2, 2, 2, 2, 2, 2, 2, 2, 2, 2, 2, 2, 2, 2, 2, 2, 2, 2, 2, 2, 2, 2, 2, 2, 2, 2, 2, 2, 2, 2, 2, 2, 2, 2, 2, 2, 2, 2, 2, 2, 2, 2, 2, 2, 2, 2, 2, 2, 2, 2, 2, 2, 2, 2, 2, 2, 2, 2, 2, 2, 2, 2, 2, 2, 2, 2, 2, 2, 2, 2, 2, 2, 2, 2, 2, 2, 2, 2, 2, 2, 2, 2, 2, 2, 2, 2, 2, 2, 2, 2, 2, 2, 2, 2, 2, 2, 2, 2, 2, 2, 2, 2, 2, 2, 2, 2, 2, 2, 2, 2, 2, 2, 2, 2, 2, 2, 2, 2, 2, 2, 2, 2, 2, 2, 2, 2, 2, 2, 2, 2, 2, 2, 2, 2, 2, 2, 2, 2, 2, 2, 2, 2, 2, 2, 2, 2, 2, 2, 2, 2, 2, 2, 2, 2, 2, 2, 2, 2, 2, 2, 2, 2, 2, 2, 2, 2, 2, 2, 2, 2, 2, 2, 2, 2, 2, 2, 2, 2, 2, 2, 2, 2, 2, 2, 2, 2, 2, 2, 2, 2, 2, 2, 2, 2, 2, 2, 2, 2, 2, 2, 2, 2, 2, 2, 2, 2, 2, 2, 2, 2, 2, 2, 2, 2, 2, 2, 2, 2, 2, 2, 2, 2, 2, 2, 2, 2, 2, 2, 2, 2, 2, 2, 2, 2, 2, 2, 2, 2, 2, 2, 2, 2, 2, 2, 2, 2, 2, 2, 2, 2, 2, 2, 2, 2, 3, 3, 3, 3, 3, 3, 3, 3, 3, 3, 3, 3, 3, 3, 3, 3, 3, 3, 3, 3, 3, 3, 3, 3, 3, 3, 3, 3, 3, 3, 3, 3, 3, 3, 3, 3, 3, 3, 3, 3, 3, 3, 3, 3, 3, 3, 3, 3, 3, 3, 3, 3, 3, 3, 3, 3, 3, 3, 3, 3, 3, 3, 3, 3, 3, 3, 3, 3, 3, 3, 3, 3, 3, 3, 3, 3, 3, 3, 3, 3, 3, 3, 3, 3, 3, 3, 3, 3, 3, 3, 3, 3, 3, 3, 3, 3, 3, 3, 3, 3, 3, 3, 3, 3, 3, 3, 3, 3, 3, 3, 3, 3, 3, 3, 3, 3, 3, 3, 3, 3, 3, 3, 3, 3, 3, 3, 3, 3, 3, 3, 3, 3, 3, 3, 3, 3, 3, 3, 3, 3, 3, 3, 3, 3, 3, 3, 3, 3, 3, 3, 3, 3, 3, 3, 3, 3, 3, 3, 3, 3, 3, 3, 3, 3, 3, 3, 3, 3, 3, 3, 3, 3, 3, 3, 3, 3, 3, 3, 3, 3, 3, 3, 3, 3, 3, 3, 3, 3, 3, 3, 3, 3, 3, 3, 3, 3, 3, 3, 3, 3, 3, 3, 3, 3, 3, 3, 3, 3, 3, 3, 3, 3, 3, 3, 3, 3, 3, 3, 3, 3, 3, 3, 3, 3, 3, 3, 3, 3, 3, 3, 3, 3, 3, 3, 3, 3, 3, 3, 3, 3, 3, 3, 3, 3, 3, 3, 3, 3, 3, 3, 3, 3, 3, 3, 3, 3, 3, 3, 3, 3, 3, 3, 3, 3, 3, 3, 3, 3, 3, 3, 3, 3, 3, 3, 3, 3, 3, 3, 3, 3, 3, 3, 3, 3, 3, 3, 3, 3, 3, 3, 3, 3, 3, 3, 3, 3, 3, 3, 3, 3, 3, 3, 3, 3, 3, 3, 3, 3, 3, 3, 3, 3, 3, 3, 3, 3, 3, 3, 3, 3, 3, 3, 3, 3, 3, 3, 3, 3, 3, 3, 3, 3, 3, 3, 3, 3, 3, 3, 3, 3, 3, 3, 3, 3, 3, 3, 3, 3, 3, 3, 3, 3, 3, 3, 3, 3, 3, 3, 3, 3, 3, 3, 3, 3, 3, 3, 3, 3, 3, 3, 3, 3, 3, 3, 3, 3, 3, 3, 3, 3, 8, 8, 8, 8, 8, 8, 8, 8, 8, 8, 9, 9, 9, 9, 9, 9, 9, 9, 9, 9, 9, 9, 9, 9, 9, 9, 9, 9, 10, 10, 10, 10, 10, 10, 10, 10, 10, 10, 10, 10, 10, 10, 10, 11, 11, 11, 11, 11, 11, 11, 11, 11, 11, 11, 11, 11, 11, 11, 11, 11, 11, 11, 11, 11, 11, 11, 11, 11, 11, 11, 11, 11, 11, 11, 11, 11, 11, 11, 11, 11, 11, 11, 11, 11, 11, 11, 11, 11, 11, 11, 11, 11, 11, 11, 11, 11, 11, 11, 11, 11, 11, 11, 11, 11, 11, 11, 11, 12, 12, 12, 12, 12, 12, 12, 12, 12, 12, 12, 12, 12, 12, 12, 12, 12, 12, 12, 12, 12, 12, 12, 12, 12, 12, 12, 12, 12, 12, 12, 12, 12, 12, 12, 12, 12, 12, 12, 12, 12, 12, 12, 12, 12, 12, 12, 12, 12, 12, 12, 12, 12, 12, 12, 12, 12, 12, 12, 12, 12, 12, 12, 12, 12, 12, 12, 12, 12, 12, 12, 12, 12, 12, 13]
[0, 0, 0, 0, 0, 0, 0, 0, 0, 0, 0, 0, 0, 0, 0, 0, 0, 0, 0, 0, 0, 0, 0, 0, 0, 0, 0, 0, 0, 0, 0, 0, 0, 0, 1, 2, 3, 4, 4, 5, 5, 5, 5, 5, 5, 5, 6, 6, 6, 6, 6, 6, 6, 6, 6, 6, 6, 6, 6, 6, 6, 6, 6, 6, 6, 6, 6, 6, 6, 6, 6, 6, 6, 6, 6, 6, 6, 6, 6, 6, 6, 6, 6, 6, 6, 6, 6, 6, 6, 6, 6, 6, 6, 6, 6, 6, 6, 6, 6, 6, 6, 6, 6, 6, 6, 6, 6, 6, 6, 6, 6, 6, 6, 6, 6, 6, 6, 6, 6, 6, 6, 6, 6, 6, 6, 6, 6, 6, 6, 6, 6, 6, 6, 6, 6, 6, 6, 6, 6, 6, 6, 6, 6, 6, 6, 6, 6, 6, 7, 8, 8, 8, 8, 8, 8, 8, 8, 8, 8, 8, 8, 8, 8, 8, 8, 8, 8, 8, 8, 8, 8, 8, 8, 8, 8, 8, 8, 8, 8, 8, 8, 8, 8, 8, 8, 8, 8, 8, 8, 8, 8, 8, 8, 8, 8, 8, 8, 8, 8, 8, 8, 8, 8, 8, 8, 8, 8, 8, 8, 8, 8, 8, 8, 8, 8, 8, 8, 8, 8, 8, 8, 8, 8, 8, 8, 8, 8, 8, 8, 8, 8, 8, 8, 8, 8, 8, 8, 8, 8, 8, 8, 8, 8, 8, 8, 8, 8, 8, 8, 8, 8, 8, 8, 8, 8, 8, 8, 8, 8, 8, 8, 8, 8, 8, 8, 8, 8, 8, 8, 8, 8, 8, 8, 8, 8, 8, 8, 8, 8, 8, 8, 8, 8, 8, 8, 8, 8, 8, 8, 8, 8, 8, 9, 10, 11, 11, 11, 11, 11, 11, 11, 11, 11, 11, 11, 11, 11, 11, 11, 11, 11, 11, 11, 11, 11, 11, 11, 11, 11, 11, 11, 11, 11, 11, 11, 11, 11, 11, 11, 11, 11, 11, 11, 11, 11, 11, 11, 11, 11, 11, 11, 11, 11, 11, 11, 11, 11, 11, 11, 11, 11, 11, 11, 11, 11, 11, 11, 11, 11, 11, 11, 11, 11, 11, 11, 11, 11, 11, 11, 11, 11, 11, 11, 11, 11, 11, 11, 11, 11, 11, 11, 11, 11, 11, 11, 11, 11, 11, 11, 11, 11, 11, 11, 11, 11, 11, 11, 11, 11, 11, 11, 11, 11, 11, 11, 11, 11, 11, 11, 11, 11, 11, 11, 11, 11, 11, 11, 11, 11, 11, 11, 11, 11, 11, 11, 11, 11, 11, 11, 11, 11, 11, 11, 11, 11, 11, 11, 11, 11, 11, 11, 11, 11, 11, 11, 11, 11, 11, 11, 11, 11, 11, 11, 11, 11, 11, 11, 11, 11, 11, 11, 11, 11, 11, 11, 11, 11, 11, 11, 11, 11, 11, 11, 11, 11, 11, 11, 11, 11, 11, 11, 11, 11, 11, 11, 11, 11, 11, 11, 11, 11, 11, 11, 11, 11, 11, 11, 11, 11, 11, 11, 11, 11, 11, 11, 11, 11, 11, 11, 11, 11, 11, 11, 11, 11, 11, 11, 11, 11, 11, 11, 11, 11, 11, 11, 11, 11, 11, 11, 11, 11, 11, 11, 11, 11, 11, 11, 11, 11, 11, 11, 11, 11, 11, 11, 11, 11, 11, 11, 11, 11, 11, 11, 11, 11, 11, 11, 11, 11, 11, 11, 11, 11, 11, 11, 11, 11, 11, 11, 11, 11, 11, 11, 11, 11, 11, 11, 11, 11, 11, 11, 11, 11, 11, 11, 11, 11, 11, 11, 11, 11, 11, 11, 11, 11, 11, 11, 11, 11, 11, 11, 11, 11, 11, 11, 11, 11, 11, 11, 11, 11, 11, 11, 11, 11, 11, 11, 11, 11, 11, 11, 11, 11, 11, 11, 11, 11, 11, 11, 11, 11, 11, 11, 11, 11, 11, 11, 11, 11, 11, 11, 11, 11, 11, 11, 11, 11, 11, 11, 11, 11, 11, 11, 11, 11, 11, 11, 11, 11, 11, 11, 11, 11, 11, 11, 11, 11, 11, 11, 11, 11, 11, 11, 11, 11, 11, 11, 11, 11, 11, 11, 11, 11, 11, 11, 11, 11, 11, 11, 11, 11, 11, 11, 11, 11, 11, 11, 11, 11, 11, 11, 11, 11, 11, 11, 11, 11, 11, 11, 11, 11, 11, 11, 11, 11, 11, 11, 11, 11, 11, 11, 11, 11, 11, 11, 11, 11, 11, 11, 11, 11, 11, 11, 11, 11, 11, 11, 11, 11, 11, 11, 11, 11, 11, 11, 11, 11, 11, 11, 11, 11, 11, 11, 11, 11, 11, 11, 11, 11, 11, 11, 11, 11, 11, 11, 11, 11, 11, 11, 11, 11, 11, 11, 11, 11, 11, 11, 11, 11, 11, 11, 11, 11, 11, 11, 11, 11, 11, 11, 11, 11, 11, 11, 11, 11, 11, 11, 11, 11, 11, 11, 11, 11, 11, 11, 11, 11, 11, 11, 11, 11, 11, 11, 11, 11, 11, 11, 11, 11, 11, 11, 11, 11, 11, 11, 11, 11, 11, 11, 11, 11, 11, 11, 11, 11, 11, 11, 11, 11, 11, 11, 11, 11, 11, 11, 11, 11, 11, 11, 11, 11, 11, 11, 11, 11, 11, 11, 11, 11, 11, 11, 11, 11, 11, 11, 11, 11, 11, 11, 11, 11, 11, 11, 11, 11, 11, 11, 11, 11, 11, 11, 11, 11, 11, 11, 11, 11, 11, 11, 11, 11, 11, 11, 11, 11, 11, 11, 11, 11, 11, 11, 11, 11, 11, 11, 11, 11, 11, 11, 11, 11, 11, 11, 11, 11, 11, 11, 11, 11, 11, 11, 11, 11, 11, 11, 11, 11, 11, 11, 11, 11, 11, 11, 11, 11, 11, 11, 11, 11, 11, 11, 11, 11, 11, 11, 11, 11, 11, 11, 11, 11, 11, 11, 11, 11, 11, 11, 11, 11, 11, 11, 11, 11, 11, 11, 11, 11, 11, 11, 11, 11, 11, 11, 11, 11, 11, 11, 11, 11, 11, 11, 11, 11, 11, 11, 11, 11, 11, 11, 11, 11, 11, 11, 11, 11, 11, 11, 11, 11, 11, 11, 11, 11, 11, 11, 11, 11, 12]
shapelet initialized!
All 3 clients initialized.
Server device: cuda:0
Client worker groups: [[0], [1], [2]]
Client worker devices: ['cuda:0', 'cuda:0', 'cuda:0']
客户端选择未启用，所有客户端参与聚合
[fedcsl] precomputed client scale scores once in 0.160s
/data/user_lixiongfei/CSL-main/train.py:801: UserWarning: Creating a tensor from a list of numpy.ndarrays is extremely slow. Please consider converting the list to a single numpy.ndarray with numpy.array() before converting to a tensor. (Triggered internally at ../torch/csrc/utils/tensor_new.cpp:278.)
  X = torch.tensor(X, dtype=torch.float)
Classification: train=1.0000 test=0.5815 round=0
[round 0] timing train=84.191s distribution=0.542s agg=0.036s eval=54.391s total=139.163s
Classification: train=1.0000 test=0.5852 round=1
[round 1] timing train=142.990s distribution=0.459s agg=0.069s eval=51.463s total=194.985s
Classification: train=1.0000 test=0.5872 round=2
[round 2] timing train=144.724s distribution=0.411s agg=0.024s eval=56.202s total=201.366s
Classification: train=1.0000 test=0.5892 round=3
[round 3] timing train=144.156s distribution=0.423s agg=0.021s eval=55.774s total=200.378s
Classification: train=1.0000 test=0.5880 round=4
[round 4] timing train=152.698s distribution=0.727s agg=0.046s eval=57.903s total=211.377s
Classification: train=1.0000 test=0.5916 round=5
[round 5] timing train=156.206s distribution=0.453s agg=0.043s eval=59.119s total=215.825s
Classification: train=1.0000 test=0.5876 round=6
[round 6] timing train=157.136s distribution=0.444s agg=0.042s eval=58.233s total=215.858s
Classification: train=1.0000 test=0.5872 round=7
[round 7] timing train=161.507s distribution=0.595s agg=0.028s eval=58.473s total=220.608s
Classification: train=1.0000 test=0.5831 round=8
[round 8] timing train=157.331s distribution=0.540s agg=0.025s eval=57.454s total=215.354s
Classification: train=1.0000 test=0.5868 round=9
[round 9] timing train=154.166s distribution=0.542s agg=0.028s eval=60.148s total=214.887s
Classification: train=1.0000 test=0.5880 round=10
[round 10] timing train=146.515s distribution=0.567s agg=0.027s eval=58.463s total=205.578s
Classification: train=1.0000 test=0.5843 round=11
[round 11] timing train=154.040s distribution=0.505s agg=0.043s eval=58.808s total=213.402s
Classification: train=1.0000 test=0.5892 round=12
[round 12] timing train=158.487s distribution=0.407s agg=0.047s eval=59.351s total=218.297s
Classification: train=1.0000 test=0.5819 round=13
[round 13] timing train=154.968s distribution=0.461s agg=0.029s eval=59.039s total=214.504s
Classification: train=1.0000 test=0.5787 round=14
[round 14] timing train=157.298s distribution=0.559s agg=0.089s eval=60.207s total=218.158s
Classification: train=1.0000 test=0.5819 round=15
[round 15] timing train=163.061s distribution=0.505s agg=0.064s eval=59.404s total=223.038s
Classification: train=1.0000 test=0.5827 round=16
[round 16] timing train=161.169s distribution=0.578s agg=0.055s eval=58.135s total=219.941s
Classification: train=1.0000 test=0.5852 round=17
[round 17] timing train=157.468s distribution=0.569s agg=0.052s eval=58.332s total=216.425s
Classification: train=1.0000 test=0.5831 round=18
[round 18] timing train=166.080s distribution=0.510s agg=0.070s eval=56.252s total=222.916s
Classification: train=1.0000 test=0.5860 round=19
[round 19] timing train=161.734s distribution=0.481s agg=0.051s eval=58.309s total=220.578s
Classification: train=1.0000 test=0.5872 round=20
[round 20] timing train=160.722s distribution=0.481s agg=0.057s eval=59.281s total=220.544s
Classification: train=1.0000 test=0.5852 round=21
[round 21] timing train=162.849s distribution=0.558s agg=0.046s eval=58.984s total=222.441s
Classification: train=1.0000 test=0.5843 round=22
[round 22] timing train=159.024s distribution=0.513s agg=0.061s eval=59.210s total=218.812s
Classification: train=1.0000 test=0.5868 round=23
[round 23] timing train=160.787s distribution=0.398s agg=0.052s eval=59.228s total=220.472s
Classification: train=1.0000 test=0.5843 round=24
[round 24] timing train=158.901s distribution=0.563s agg=0.079s eval=58.728s total=218.275s
Classification: train=1.0000 test=0.5827 round=25
[round 25] timing train=163.237s distribution=0.537s agg=0.105s eval=58.299s total=222.182s
Classification: train=1.0000 test=0.5827 round=26
[round 26] timing train=160.718s distribution=0.462s agg=0.087s eval=61.322s total=222.591s
Classification: train=1.0000 test=0.5827 round=27
[round 27] timing train=156.327s distribution=0.516s agg=0.052s eval=59.164s total=216.062s
Classification: train=1.0000 test=0.5823 round=28
[round 28] timing train=155.029s distribution=0.532s agg=0.042s eval=58.737s total=214.349s
Classification: train=1.0000 test=0.5839 round=29
[round 29] timing train=159.932s distribution=0.485s agg=0.040s eval=63.516s total=223.976s
[fedcsl] checkpoint saved → ./checkpoint/resume/fedcsl_LSST_2026-05-03-20har_fedcsl-onehot_dir0.1.pt (round=30)
Classification: train=1.0000 test=0.5848 round=30
[round 30] timing train=191.224s distribution=0.628s agg=0.073s eval=75.366s total=267.297s
Classification: train=1.0000 test=0.5843 round=31
[round 31] timing train=173.354s distribution=0.778s agg=0.138s eval=75.222s total=249.505s
Classification: train=1.0000 test=0.5860 round=32
[round 32] timing train=189.391s distribution=0.806s agg=0.044s eval=75.929s total=266.183s
Classification: train=1.0000 test=0.5815 round=33
[round 33] timing train=190.708s distribution=0.495s agg=0.072s eval=76.470s total=267.749s
Classification: train=1.0000 test=0.5831 round=34
[round 34] timing train=192.103s distribution=0.732s agg=0.080s eval=73.580s total=266.522s
Classification: train=1.0000 test=0.5831 round=35
[round 35] timing train=204.847s distribution=0.802s agg=0.118s eval=90.210s total=295.991s
Classification: train=1.0000 test=0.5839 round=36
[round 36] timing train=224.531s distribution=0.979s agg=0.262s eval=92.070s total=317.889s
Classification: train=1.0000 test=0.5823 round=37
[round 37] timing train=233.333s distribution=1.091s agg=0.109s eval=87.862s total=322.448s
Classification: train=1.0000 test=0.5823 round=38
[round 38] timing train=222.819s distribution=0.856s agg=0.119s eval=92.557s total=316.381s
Classification: train=1.0000 test=0.5852 round=39
[round 39] timing train=222.512s distribution=0.711s agg=0.108s eval=88.116s total=311.459s
Classification: train=1.0000 test=0.5831 round=40
[round 40] timing train=232.754s distribution=0.952s agg=0.244s eval=90.312s total=324.287s
Classification: train=1.0000 test=0.5852 round=41
[round 41] timing train=237.483s distribution=0.917s agg=0.154s eval=88.983s total=327.556s
Classification: train=1.0000 test=0.5856 round=42
[round 42] timing train=233.309s distribution=1.066s agg=0.176s eval=93.537s total=328.092s
Classification: train=1.0000 test=0.5856 round=43
[round 43] timing train=226.139s distribution=0.710s agg=0.095s eval=86.681s total=313.650s
Classification: train=1.0000 test=0.5843 round=44
[round 44] timing train=234.880s distribution=1.005s agg=0.221s eval=88.681s total=324.848s
Classification: train=1.0000 test=0.5852 round=45
[round 45] timing train=229.485s distribution=0.775s agg=0.167s eval=94.948s total=325.379s
Classification: train=1.0000 test=0.5876 round=46
[round 46] timing train=227.096s distribution=0.693s agg=0.094s eval=88.043s total=315.938s
Classification: train=1.0000 test=0.5884 round=47
[round 47] timing train=232.997s distribution=0.918s agg=0.272s eval=91.722s total=325.915s
Classification: train=1.0000 test=0.5864 round=48
[round 48] timing train=233.216s distribution=0.900s agg=0.163s eval=91.742s total=326.037s
Classification: train=1.0000 test=0.5880 round=49
[round 49] timing train=228.454s distribution=1.051s agg=0.188s eval=89.341s total=319.059s
Classification: train=1.0000 test=0.5876 round=50
[round 50] timing train=235.323s distribution=1.165s agg=0.132s eval=94.655s total=331.289s
Classification: train=1.0000 test=0.5876 round=51
[round 51] timing train=237.004s distribution=0.889s agg=0.140s eval=89.891s total=327.927s
Classification: train=1.0000 test=0.5892 round=52
[round 52] timing train=232.679s distribution=0.738s agg=0.086s eval=80.100s total=313.624s
Classification: train=1.0000 test=0.5888 round=53
[round 53] timing train=230.487s distribution=0.989s agg=0.230s eval=96.731s total=328.454s
Classification: train=1.0000 test=0.5884 round=54
[round 54] timing train=235.475s distribution=0.827s agg=0.168s eval=85.481s total=321.954s
Classification: train=1.0000 test=0.5860 round=55
[round 55] timing train=233.065s distribution=0.962s agg=0.180s eval=93.728s total=327.946s
Classification: train=1.0000 test=0.5864 round=56
[round 56] timing train=201.764s distribution=0.689s agg=0.061s eval=84.819s total=287.348s
Classification: train=1.0000 test=0.5868 round=57
[round 57] timing train=227.502s distribution=0.781s agg=0.135s eval=90.743s total=319.165s
Classification: train=1.0000 test=0.5904 round=58
[round 58] timing train=228.643s distribution=0.684s agg=0.031s eval=87.409s total=316.779s
Classification: train=1.0000 test=0.5925 round=59
[round 59] timing train=229.501s distribution=0.881s agg=0.181s eval=84.549s total=315.138s
[fedcsl] checkpoint saved → ./checkpoint/resume/fedcsl_LSST_2026-05-03-20har_fedcsl-onehot_dir0.1.pt (round=60)
Classification: train=1.0000 test=0.5900 round=60
[round 60] timing train=227.375s distribution=0.894s agg=0.129s eval=88.316s total=316.746s
Classification: train=1.0000 test=0.5929 round=61
[round 61] timing train=231.322s distribution=0.880s agg=0.114s eval=85.619s total=317.983s
Classification: train=1.0000 test=0.5912 round=62
[round 62] timing train=226.830s distribution=0.922s agg=0.141s eval=91.420s total=319.316s
Classification: train=1.0000 test=0.5908 round=63
[round 63] timing train=229.113s distribution=0.754s agg=0.065s eval=86.503s total=316.440s
Classification: train=1.0000 test=0.5904 round=64
[round 64] timing train=232.678s distribution=0.652s agg=0.044s eval=93.900s total=327.286s
Classification: train=1.0000 test=0.5904 round=65
[round 65] timing train=234.884s distribution=0.737s agg=0.184s eval=86.936s total=322.771s
Classification: train=1.0000 test=0.5892 round=66
[round 66] timing train=231.541s distribution=0.803s agg=0.122s eval=89.745s total=322.225s
Classification: train=1.0000 test=0.5872 round=67
[round 67] timing train=233.950s distribution=0.934s agg=0.109s eval=88.475s total=323.492s
Classification: train=1.0000 test=0.5876 round=68
[round 68] timing train=236.467s distribution=0.855s agg=0.089s eval=94.504s total=331.929s
Classification: train=1.0000 test=0.5884 round=69
[round 69] timing train=233.041s distribution=1.023s agg=0.209s eval=96.039s total=330.354s
Classification: train=1.0000 test=0.5904 round=70
[round 70] timing train=234.407s distribution=1.113s agg=0.214s eval=92.794s total=328.567s
Classification: train=1.0000 test=0.5916 round=71
[round 71] timing train=233.166s distribution=0.793s agg=0.213s eval=87.646s total=321.851s
Classification: train=1.0000 test=0.5912 round=72
[round 72] timing train=235.434s distribution=1.054s agg=0.240s eval=95.217s total=331.979s
Classification: train=1.0000 test=0.5904 round=73
[round 73] timing train=236.931s distribution=0.735s agg=0.177s eval=90.724s total=328.580s
Classification: train=1.0000 test=0.5904 round=74
[round 74] timing train=207.768s distribution=0.801s agg=0.072s eval=93.916s total=302.586s
Classification: train=1.0000 test=0.5880 round=75
[round 75] timing train=237.081s distribution=0.851s agg=0.119s eval=91.165s total=329.228s
Classification: train=1.0000 test=0.5904 round=76
[round 76] timing train=236.511s distribution=0.802s agg=0.126s eval=94.463s total=331.915s
Classification: train=1.0000 test=0.5900 round=77
[round 77] timing train=236.981s distribution=1.103s agg=0.199s eval=85.467s total=323.763s
Classification: train=1.0000 test=0.5888 round=78
[round 78] timing train=216.859s distribution=0.711s agg=0.056s eval=86.873s total=304.503s
Classification: train=1.0000 test=0.5904 round=79
[round 79] timing train=233.482s distribution=0.864s agg=0.088s eval=90.300s total=324.748s
Classification: train=1.0000 test=0.5896 round=80
[round 80] timing train=231.249s distribution=0.957s agg=0.232s eval=87.847s total=320.300s
Classification: train=1.0000 test=0.5888 round=81
[round 81] timing train=235.252s distribution=0.922s agg=0.190s eval=93.029s total=329.406s
Classification: train=1.0000 test=0.5900 round=82
[round 82] timing train=232.941s distribution=0.663s agg=0.164s eval=92.801s total=326.581s
Classification: train=1.0000 test=0.5908 round=83
[round 83] timing train=231.841s distribution=0.812s agg=0.264s eval=86.216s total=319.155s
Classification: train=1.0000 test=0.5896 round=84
[round 84] timing train=235.051s distribution=0.839s agg=0.214s eval=92.041s total=328.184s
Classification: train=1.0000 test=0.5888 round=85
[round 85] timing train=235.607s distribution=1.069s agg=0.085s eval=91.546s total=328.312s
Classification: train=1.0000 test=0.5916 round=86
[round 86] timing train=232.040s distribution=0.837s agg=0.141s eval=87.286s total=320.340s
Classification: train=1.0000 test=0.5900 round=87
[round 87] timing train=235.914s distribution=0.818s agg=0.119s eval=95.190s total=332.050s
Classification: train=1.0000 test=0.5892 round=88
[round 88] timing train=238.122s distribution=0.830s agg=0.223s eval=94.518s total=333.716s
Classification: train=1.0000 test=0.5908 round=89
[round 89] timing train=238.052s distribution=0.849s agg=0.110s eval=94.444s total=333.465s
[fedcsl] checkpoint saved → ./checkpoint/resume/fedcsl_LSST_2026-05-03-20har_fedcsl-onehot_dir0.1.pt (round=90)
Classification: train=1.0000 test=0.5912 round=90
[round 90] timing train=235.857s distribution=0.895s agg=0.145s eval=87.735s total=324.641s
Classification: train=1.0000 test=0.5900 round=91
[round 91] timing train=235.072s distribution=1.061s agg=0.139s eval=92.420s total=328.703s
Classification: train=1.0000 test=0.5912 round=92
[round 92] timing train=233.795s distribution=0.616s agg=0.185s eval=89.953s total=324.554s
Classification: train=1.0000 test=0.5888 round=93
[round 93] timing train=228.347s distribution=0.924s agg=0.127s eval=93.559s total=322.972s
Classification: train=1.0000 test=0.5904 round=94
[round 94] timing train=230.796s distribution=0.827s agg=0.214s eval=88.676s total=320.542s
Classification: train=1.0000 test=0.5912 round=95
[round 95] timing train=206.397s distribution=0.883s agg=0.195s eval=91.362s total=298.863s
Classification: train=1.0000 test=0.5925 round=96
[round 96] timing train=238.901s distribution=0.844s agg=0.174s eval=88.141s total=328.084s
Classification: train=1.0000 test=0.5912 round=97
[round 97] timing train=234.178s distribution=0.890s agg=0.155s eval=92.462s total=327.698s
Classification: train=1.0000 test=0.5916 round=98
[round 98] timing train=227.755s distribution=1.449s agg=0.179s eval=89.025s total=318.418s
Classification: train=1.0000 test=0.5908 round=99
[round 99] timing train=191.079s distribution=0.939s agg=0.144s eval=90.648s total=282.823s
Classification: train=1.0000 test=0.5888 round=100
[round 100] timing train=236.900s distribution=0.801s agg=0.101s eval=86.335s total=324.141s
Classification: train=1.0000 test=0.5872 round=101
[round 101] timing train=224.993s distribution=0.881s agg=0.108s eval=92.736s total=318.722s
Classification: train=1.0000 test=0.5900 round=102
[round 102] timing train=236.293s distribution=0.920s agg=0.167s eval=87.432s total=324.825s
Classification: train=1.0000 test=0.5900 round=103
[round 103] timing train=237.351s distribution=0.912s agg=0.195s eval=89.129s total=327.615s
Classification: train=1.0000 test=0.5884 round=104
[round 104] timing train=226.658s distribution=0.806s agg=0.151s eval=91.790s total=319.426s
Classification: train=1.0000 test=0.5888 round=105
[round 105] timing train=228.688s distribution=0.789s agg=0.110s eval=91.710s total=321.321s
Classification: train=1.0000 test=0.5896 round=106
[round 106] timing train=238.767s distribution=0.847s agg=0.117s eval=85.863s total=325.618s
Classification: train=1.0000 test=0.5888 round=107
[round 107] timing train=224.954s distribution=0.924s agg=0.090s eval=89.985s total=315.966s
Classification: train=1.0000 test=0.5888 round=108
[round 108] timing train=233.193s distribution=0.877s agg=0.218s eval=85.816s total=320.138s
Classification: train=1.0000 test=0.5888 round=109
[round 109] timing train=231.549s distribution=0.763s agg=0.166s eval=91.373s total=323.876s
Classification: train=1.0000 test=0.5896 round=110
[round 110] timing train=227.101s distribution=0.956s agg=0.174s eval=87.397s total=315.646s
Classification: train=1.0000 test=0.5892 round=111
[round 111] timing train=227.165s distribution=0.854s agg=0.185s eval=85.689s total=313.921s
Classification: train=1.0000 test=0.5860 round=112
[round 112] timing train=239.699s distribution=0.910s agg=0.096s eval=90.104s total=330.821s
Classification: train=1.0000 test=0.5868 round=113
[round 113] timing train=231.011s distribution=0.989s agg=0.143s eval=91.110s total=323.271s
Classification: train=1.0000 test=0.5880 round=114
[round 114] timing train=228.177s distribution=0.736s agg=0.179s eval=100.550s total=329.681s
Classification: train=1.0000 test=0.5876 round=115
[round 115] timing train=226.890s distribution=0.846s agg=0.087s eval=86.861s total=314.703s
Classification: train=1.0000 test=0.5868 round=116
[round 116] timing train=231.124s distribution=0.544s agg=0.141s eval=77.270s total=309.090s
Classification: train=1.0000 test=0.5872 round=117
[round 117] timing train=220.546s distribution=0.951s agg=0.152s eval=93.718s total=315.382s
Classification: train=1.0000 test=0.5864 round=118
[round 118] timing train=236.920s distribution=0.752s agg=0.403s eval=89.855s total=327.943s
Classification: train=1.0000 test=0.5872 round=119
[round 119] timing train=229.682s distribution=1.122s agg=0.118s eval=91.161s total=322.104s
[fedcsl] checkpoint saved → ./checkpoint/resume/fedcsl_LSST_2026-05-03-20har_fedcsl-onehot_dir0.1.pt (round=120)
Classification: train=1.0000 test=0.5900 round=120
[round 120] timing train=199.741s distribution=0.615s agg=0.027s eval=81.226s total=281.618s
Classification: train=1.0000 test=0.5884 round=121
[round 121] timing train=231.243s distribution=0.826s agg=0.125s eval=92.422s total=324.637s
Classification: train=1.0000 test=0.5880 round=122
[round 122] timing train=227.515s distribution=1.072s agg=0.186s eval=89.216s total=318.028s
Classification: train=1.0000 test=0.5884 round=123
[round 123] timing train=231.413s distribution=0.841s agg=0.150s eval=81.894s total=314.307s
Classification: train=1.0000 test=0.5876 round=124
[round 124] timing train=223.487s distribution=0.977s agg=0.132s eval=86.873s total=311.485s
Classification: train=1.0000 test=0.5876 round=125
[round 125] timing train=225.717s distribution=0.706s agg=0.062s eval=86.496s total=312.995s
Classification: train=1.0000 test=0.5884 round=126
[round 126] timing train=229.675s distribution=0.906s agg=0.094s eval=87.924s total=318.612s
Classification: train=1.0000 test=0.5888 round=127
[round 127] timing train=227.914s distribution=0.749s agg=0.074s eval=88.980s total=317.765s
Classification: train=1.0000 test=0.5884 round=128
[round 128] timing train=224.210s distribution=0.933s agg=0.060s eval=86.683s total=311.900s
Classification: train=1.0000 test=0.5872 round=129
[round 129] timing train=221.984s distribution=0.941s agg=0.066s eval=84.674s total=307.670s
Classification: train=1.0000 test=0.5876 round=130
[round 130] timing train=219.873s distribution=0.843s agg=0.133s eval=81.968s total=302.823s
Classification: train=1.0000 test=0.5868 round=131
[round 131] timing train=228.322s distribution=0.893s agg=0.140s eval=86.745s total=316.114s
Classification: train=1.0000 test=0.5872 round=132
[round 132] timing train=223.373s distribution=0.849s agg=0.066s eval=87.633s total=311.934s
Classification: train=1.0000 test=0.5888 round=133
[round 133] timing train=218.451s distribution=0.869s agg=0.107s eval=82.970s total=302.407s
Classification: train=1.0000 test=0.5904 round=134
[round 134] timing train=237.007s distribution=0.661s agg=0.063s eval=89.487s total=327.227s
Classification: train=1.0000 test=0.5908 round=135
[round 135] timing train=228.314s distribution=0.935s agg=0.118s eval=85.623s total=315.021s
Classification: train=1.0000 test=0.5892 round=136
[round 136] timing train=184.575s distribution=0.659s agg=0.146s eval=86.620s total=272.008s
Classification: train=1.0000 test=0.5908 round=137
[round 137] timing train=226.272s distribution=1.083s agg=0.135s eval=92.145s total=319.646s
Classification: train=1.0000 test=0.5912 round=138
[round 138] timing train=226.834s distribution=0.743s agg=0.178s eval=91.073s total=318.855s
Classification: train=1.0000 test=0.5892 round=139
[round 139] timing train=227.453s distribution=0.730s agg=0.099s eval=85.283s total=313.580s
Classification: train=1.0000 test=0.5872 round=140
[round 140] timing train=233.779s distribution=0.913s agg=0.119s eval=86.236s total=321.060s
Classification: train=1.0000 test=0.5892 round=141
[round 141] timing train=237.226s distribution=0.706s agg=0.073s eval=88.073s total=326.103s
Classification: train=1.0000 test=0.5925 round=142
[round 142] timing train=184.889s distribution=0.658s agg=0.037s eval=79.415s total=265.037s
Classification: train=1.0000 test=0.5908 round=143
[round 143] timing train=234.658s distribution=0.982s agg=0.119s eval=90.142s total=325.905s
Classification: train=1.0000 test=0.5900 round=144
[round 144] timing train=217.784s distribution=0.728s agg=0.045s eval=93.131s total=311.715s
Classification: train=1.0000 test=0.5912 round=145
[round 145] timing train=217.071s distribution=0.912s agg=0.082s eval=80.479s total=298.571s
Classification: train=1.0000 test=0.5925 round=146
[round 146] timing train=217.462s distribution=0.976s agg=0.152s eval=79.209s total=297.830s
Classification: train=1.0000 test=0.5900 round=147
[round 147] timing train=219.875s distribution=0.644s agg=0.074s eval=86.775s total=307.397s
Classification: train=1.0000 test=0.5916 round=148
[round 148] timing train=222.255s distribution=0.978s agg=0.188s eval=87.529s total=310.965s
Classification: train=1.0000 test=0.5908 round=149
[round 149] timing train=229.636s distribution=0.875s agg=0.097s eval=91.964s total=322.610s
[fedcsl] checkpoint saved → ./checkpoint/resume/fedcsl_LSST_2026-05-03-20har_fedcsl-onehot_dir0.1.pt (round=150)
Classification: train=1.0000 test=0.5904 round=150
[round 150] timing train=210.728s distribution=0.968s agg=0.044s eval=86.302s total=298.063s
Classification: train=1.0000 test=0.5896 round=151
[round 151] timing train=219.796s distribution=0.925s agg=0.104s eval=84.998s total=305.856s
Classification: train=1.0000 test=0.5900 round=152
[round 152] timing train=220.369s distribution=0.719s agg=0.087s eval=66.517s total=287.700s
Classification: train=1.0000 test=0.5892 round=153
[round 153] timing train=217.198s distribution=1.055s agg=0.189s eval=96.656s total=315.104s
Classification: train=1.0000 test=0.5880 round=154
[round 154] timing train=218.521s distribution=0.564s agg=0.082s eval=82.238s total=301.425s
Classification: train=1.0000 test=0.5892 round=155
[round 155] timing train=222.143s distribution=0.627s agg=0.059s eval=84.324s total=307.177s
Classification: train=1.0000 test=0.5888 round=156
[round 156] timing train=223.432s distribution=0.737s agg=0.130s eval=86.320s total=310.644s
Classification: train=1.0000 test=0.5864 round=157
[round 157] timing train=225.961s distribution=0.837s agg=0.118s eval=85.939s total=312.893s
Classification: train=1.0000 test=0.5872 round=158
[round 158] timing train=217.106s distribution=0.884s agg=0.085s eval=80.557s total=298.645s
Classification: train=1.0000 test=0.5868 round=159
[round 159] timing train=219.729s distribution=0.804s agg=0.098s eval=84.052s total=304.701s
Classification: train=1.0000 test=0.5864 round=160
[round 160] timing train=215.417s distribution=0.825s agg=0.112s eval=67.503s total=283.882s
Classification: train=1.0000 test=0.5892 round=161
[round 161] timing train=208.071s distribution=0.868s agg=0.075s eval=80.234s total=289.253s
Classification: train=1.0000 test=0.5896 round=162
[round 162] timing train=213.364s distribution=0.888s agg=0.113s eval=89.532s total=303.917s
Classification: train=1.0000 test=0.5872 round=163
[round 163] timing train=216.649s distribution=0.802s agg=0.027s eval=83.537s total=301.034s
Classification: train=1.0000 test=0.5896 round=164
[round 164] timing train=217.306s distribution=0.936s agg=0.142s eval=82.380s total=300.808s
Classification: train=1.0000 test=0.5892 round=165
[round 165] timing train=223.033s distribution=0.753s agg=0.144s eval=93.064s total=317.007s
Classification: train=1.0000 test=0.5880 round=166
[round 166] timing train=224.384s distribution=0.745s agg=0.117s eval=91.966s total=317.217s
Classification: train=1.0000 test=0.5880 round=167
[round 167] timing train=243.663s distribution=0.981s agg=0.179s eval=97.804s total=342.639s
Classification: train=1.0000 test=0.5884 round=168
[round 168] timing train=221.821s distribution=0.792s agg=0.173s eval=89.063s total=311.866s
Classification: train=1.0000 test=0.5892 round=169
[round 169] timing train=218.722s distribution=0.801s agg=0.192s eval=80.142s total=299.862s
Classification: train=1.0000 test=0.5888 round=170
[round 170] timing train=236.162s distribution=0.865s agg=0.171s eval=98.130s total=335.365s
Classification: train=1.0000 test=0.5860 round=171
[round 171] timing train=239.580s distribution=0.904s agg=0.182s eval=94.757s total=335.453s
Classification: train=1.0000 test=0.5876 round=172
[round 172] timing train=236.032s distribution=1.318s agg=0.157s eval=93.506s total=331.029s
Classification: train=1.0000 test=0.5884 round=173
[round 173] timing train=234.362s distribution=0.801s agg=0.177s eval=97.024s total=332.404s
Classification: train=1.0000 test=0.5892 round=174
[round 174] timing train=230.997s distribution=0.918s agg=0.056s eval=89.926s total=321.934s
Classification: train=1.0000 test=0.5908 round=175
[round 175] timing train=236.742s distribution=0.980s agg=0.167s eval=89.754s total=327.667s
Classification: train=1.0000 test=0.5921 round=176
[round 176] timing train=226.086s distribution=0.693s agg=0.219s eval=90.574s total=317.600s
Classification: train=1.0000 test=0.5908 round=177
[round 177] timing train=232.025s distribution=0.536s agg=0.036s eval=69.476s total=302.112s
Classification: train=1.0000 test=0.5916 round=178
[round 178] timing train=226.133s distribution=0.535s agg=0.051s eval=92.537s total=319.270s
Classification: train=1.0000 test=0.5884 round=179
[round 179] timing train=246.993s distribution=0.910s agg=0.083s eval=92.812s total=340.811s
[fedcsl] checkpoint saved → ./checkpoint/resume/fedcsl_LSST_2026-05-03-20har_fedcsl-onehot_dir0.1.pt (round=180)
Classification: train=1.0000 test=0.5912 round=180
[round 180] timing train=232.999s distribution=0.730s agg=0.070s eval=91.529s total=325.341s
Classification: train=1.0000 test=0.5900 round=181
[round 181] timing train=228.752s distribution=0.833s agg=0.070s eval=87.595s total=317.257s
Classification: train=1.0000 test=0.5896 round=182
[round 182] timing train=238.899s distribution=0.778s agg=0.171s eval=92.691s total=332.584s
Classification: train=1.0000 test=0.5884 round=183
[round 183] timing train=241.910s distribution=0.737s agg=0.059s eval=91.492s total=334.211s
Classification: train=1.0000 test=0.5880 round=184
[round 184] timing train=225.291s distribution=0.716s agg=0.101s eval=93.169s total=319.341s
Classification: train=1.0000 test=0.5896 round=185
[round 185] timing train=233.261s distribution=0.772s agg=0.146s eval=96.112s total=330.365s
Classification: train=1.0000 test=0.5872 round=186
[round 186] timing train=234.054s distribution=0.797s agg=0.108s eval=90.631s total=325.619s
Classification: train=1.0000 test=0.5880 round=187
[round 187] timing train=227.963s distribution=0.679s agg=0.103s eval=72.766s total=301.547s
Classification: train=1.0000 test=0.5868 round=188
[round 188] timing train=238.803s distribution=0.835s agg=0.164s eval=94.029s total=333.835s
Classification: train=1.0000 test=0.5876 round=189
[round 189] timing train=235.800s distribution=1.027s agg=0.259s eval=94.346s total=331.461s
Classification: train=1.0000 test=0.5892 round=190
[round 190] timing train=226.740s distribution=0.727s agg=0.143s eval=90.094s total=317.751s
Classification: train=1.0000 test=0.5908 round=191
[round 191] timing train=239.058s distribution=0.754s agg=0.120s eval=96.003s total=335.974s
Classification: train=1.0000 test=0.5892 round=192
[round 192] timing train=233.741s distribution=0.985s agg=0.191s eval=101.457s total=336.388s
Classification: train=1.0000 test=0.5864 round=193
[round 193] timing train=224.803s distribution=0.842s agg=0.101s eval=89.260s total=315.037s
Classification: train=1.0000 test=0.5916 round=194
[round 194] timing train=234.698s distribution=0.640s agg=0.102s eval=71.164s total=306.646s
Classification: train=1.0000 test=0.5904 round=195
[round 195] timing train=231.934s distribution=0.763s agg=0.122s eval=89.590s total=322.437s
Classification: train=1.0000 test=0.5884 round=196
[round 196] timing train=230.891s distribution=0.716s agg=0.059s eval=91.462s total=323.141s
Classification: train=1.0000 test=0.5900 round=197
[round 197] timing train=234.297s distribution=0.981s agg=0.116s eval=98.987s total=334.393s
Classification: train=1.0000 test=0.5904 round=198
[round 198] timing train=237.476s distribution=0.952s agg=0.152s eval=89.479s total=328.067s
Classification: train=1.0000 test=0.5896 round=199
[round 199] timing train=228.120s distribution=1.073s agg=0.105s eval=87.505s total=316.831s
best round is 61, acc is 0.592863
Model saved to ./checkpoint/LSST/2026-05-03-20har_fedcsl-onehot_dir0.1_LSST_model.pt
