# 2026-05-04 14:32:34  har_fedcsl_dir10.0  GPU=7  cwd=/data/user_lixiongfei/CSL-main
# CMD: python3 -u FedCSL_All.py -dataset HAR --config configACF.yml --dirichlet-alpha 10.0 --seed 42 --description har_fedcsl_dir10.0 -dataset LSST

/mnt/data/user_liangzhiyu/envs/fedcsl/lib/python3.8/site-packages/scipy/__init__.py:146: UserWarning: A NumPy version >=1.16.5 and <1.23.0 is required for this version of SciPy (detected version 1.23.5
  warnings.warn(f"A NumPy version >={np_minversion} and <{np_maxversion}"
[config] 'configACF.yml' 未找到，重定向到 'config/configACF.yml'
2459
<class 'pandas.core.frame.DataFrame'>
RangeIndex: 2459 entries, 0 to 2458
Data columns (total 7 columns):
 #   Column      Non-Null Count  Dtype 
---  ------      --------------  ----- 
 0   dim_0       2459 non-null   object
 1   dim_1       2459 non-null   object
 2   dim_2       2459 non-null   object
 3   dim_3       2459 non-null   object
 4   dim_4       2459 non-null   object
 5   dim_5       2459 non-null   object
 6   class_vals  2459 non-null   object
dtypes: object(7)
memory usage: 134.6+ KB
None
{36}
<class 'pandas.core.frame.DataFrame'>
RangeIndex: 2459 entries, 0 to 2458
Data columns (total 7 columns):
 #   Column      Non-Null Count  Dtype 
---  ------      --------------  ----- 
 0   dim_0       2459 non-null   object
 1   dim_1       2459 non-null   object
 2   dim_2       2459 non-null   object
 3   dim_3       2459 non-null   object
 4   dim_4       2459 non-null   object
 5   dim_5       2459 non-null   object
 6   class_vals  2459 non-null   object
dtypes: object(7)
memory usage: 134.6+ KB
None
[ 0  0  0 ... 13 13 13]
[   0    1    2    3    4    5    6    7    8    9   10   34   35   36
   37   38   39   40   41   42   43   44   45   46   47   48   49   50
   51   52   53   54   55   56   57   58   59   60   61   62   63   64
   65   66  157  158  159  160  161  162  163  164  165  166  167  168
  169  170  171  172  173  174  175  176  177  178  179  180  181  182
  183  184  185  186  187  188  189  190  191  192  193  194  195  196
  197  198  199  200  201  202  203  204  205  206  207  208  209  210
  211  212  213  214  215  216  217  218  219  220  221  222  223  224
  225  226  227  228  229  230  231  427  428  429  430  431  432  433
  434  435  436  437  438  439  440  441  442  443  444  445  446  447
  448  449  450  451  452  453  454  455  456  457  458  459  460  461
  462  463  464  465  466  467  468  469  470  471  472  473  474  475
  476  477  478  479  480  481  482  483  484  485  486  487  488  489
  490  491  492  493  494  495  496  497  498  499  500  501  502  503
  504  505  506  507  508  509  510  511  512  513  514  515  516  517
  518  519  520  521  522  523  524  525  526  527  528  529  530  531
  532  533  534  535  536  537  538  539  540  541  542  543  544  545
  546  547  548  549  550  551  552  553  554  555  556  557  558  559
  560  561  562  563  564  565  566  567  568  569  570  571  572  573
  574  575  576  577  578  808  809  810  811  812  813  814  815  816
  817  818  819  820  821  822  823  824  825  826  827  828  829  830
  831  832  833  834  835  836  837  838  870  871  877  878  879  880
  881  882  883  884  885  886  887  888  889  890  891  892  893  894
  895  896  897  898  899  900  901  902  903  904  905  906  907  908
  909 1030 1031 1032 1033 1034 1035 1036 1037 1038 1053 1054 1055 1056
 1057 1058 1059 1060 1061 1062 1063 1064 1065 1066 1067 1068 1069 1070
 1071 1072 1073 1074 1075 1076 1077 1078 1079 1080 1081 1082 1083 1084
 1085 1086 1087 1088 1089 1090 1091 1092 1093 1094 1095 1096 1097 1098
 1099 1100 1101 1102 1103 1104 1105 1106 1107 1108 1109 1110 1111 1112
 1113 1114 1115 1116 1117 1118 1119 1120 1121 1122 1123 1124 1125 1126
 1127 1128 1129 1130 1131 1132 1133 1134 1135 1136 1137 1138 1139 1140
 1141 1142 1143 1144 1145 1146 1147 1148 1149 1150 1151 1152 1366 1367
 1368 1369 1370 1371 1372 1373 1374 1375 1376 1377 1378 1379 1380 1381
 1382 1383 1384 1385 1386 1387 1388 1389 1390 1391 1392 1393 1394 1395
 1434 1435 1436 1437 1438 1439 1440 1441 1442 1443 1444 1445 1446 1447
 1448 1449 1450 1451 1452 1453 1454 1455 1456 1457 1458 1459 1460 1554
 1555 1556 1557 1558 1559 1560 1561 1562 1563 1564 1565 1566 1567 1568
 1569 1570 1571 1572 1573 1574 1575 1576 1577 1578 1579 1580 1581 1582
 1583 1584 1585 1586 1587 1588 1589 1590 1591 1592 1593 1594 1595 1596
 1597 1598 1599 1600 1601 1602 1603 1604 1605 1606 1607 1608 1609 1610
 1611 1612 1613 1614 1615 1616 1617 1618 1619 1620 1621 1622 1623 1624
 1625 1626 1627 1628 1629 1630 1631 1632 1633 1634 1635 1636 1637 1638
 1639 1640 1641 1642 1643 1644 1645 1646 1647 1648 1649 1650 1651 1652
 1653 1654 1655 1656 1657 1658 1659 1660 1661 1662 1663 1664 1665 1666
 1667 1668 1669 1670 1671 1672 1673 1674 1675 1676 1677 1678 1679 1680
 1681 1682 1683 1684 1685 1686 1687 1688 1689 1690 1691 1692 1693 1694
 1695 1696 1697 1698 1699 1700 1701 1702 1703 1704 1705 1706 1707 1708
 1709 1710 1711 1712 1713 1714 1715 1716 1717 1718 1719 1720 1721 1722
 1723 1724 1725 1726 1727 1728 1729 1730 1731 1732 1733 1734 1735 1736
 1737 1738 1739 1740 1741 1742 1743 1744 1745 1746 1747 1748 1749 1750
 1751 1752 1753 1754 1755 1756 1757 1758 1759 1760 1761 1762 1763 1764
 1765 1766 1767 1768 1769 1770 1771 1772 1773 1774 1775 1776 1777 1778
 1779 1780 1781 1782 1783 1784 1785 1786 1787 1788 1789 1790 1791 1792
 1793 1794 1795 1796 1797 1798 1799 1800 1801 1802 1803 1804 1805 1806
 1807 1808 1809 1810 1811 1812 1813 1814 2331 2332 2333 2334 2335 2336
 2337 2338 2339 2340 2341 2342 2343 2344 2345 2346 2408 2409 2410 2411
 2412 2413 2414 2415 2416 2417]
[0, 0, 0, 0, 0, 0, 0, 0, 0, 0, 0, 1, 1, 1, 1, 1, 1, 1, 1, 1, 1, 1, 1, 1, 1, 1, 1, 1, 1, 1, 1, 1, 1, 1, 1, 1, 1, 1, 1, 1, 1, 1, 1, 1, 2, 2, 2, 2, 2, 2, 2, 2, 2, 2, 2, 2, 2, 2, 2, 2, 2, 2, 2, 2, 2, 2, 2, 2, 2, 2, 2, 2, 2, 2, 2, 2, 2, 2, 2, 2, 2, 2, 2, 2, 2, 2, 2, 2, 2, 2, 2, 2, 2, 2, 2, 2, 2, 2, 2, 2, 2, 2, 2, 2, 2, 2, 2, 2, 2, 2, 2, 2, 2, 2, 2, 2, 2, 2, 2, 3, 3, 3, 3, 3, 3, 3, 3, 3, 3, 3, 3, 3, 3, 3, 3, 3, 3, 3, 3, 3, 3, 3, 3, 3, 3, 3, 3, 3, 3, 3, 3, 3, 3, 3, 3, 3, 3, 3, 3, 3, 3, 3, 3, 3, 3, 3, 3, 3, 3, 3, 3, 3, 3, 3, 3, 3, 3, 3, 3, 3, 3, 3, 3, 3, 3, 3, 3, 3, 3, 3, 3, 3, 3, 3, 3, 3, 3, 3, 3, 3, 3, 3, 3, 3, 3, 3, 3, 3, 3, 3, 3, 3, 3, 3, 3, 3, 3, 3, 3, 3, 3, 3, 3, 3, 3, 3, 3, 3, 3, 3, 3, 3, 3, 3, 3, 3, 3, 3, 3, 3, 3, 3, 3, 3, 3, 3, 3, 3, 3, 3, 3, 3, 3, 3, 3, 3, 3, 3, 3, 3, 3, 3, 3, 3, 3, 3, 3, 3, 3, 3, 3, 4, 4, 4, 4, 4, 4, 4, 4, 4, 4, 4, 4, 4, 4, 4, 4, 4, 4, 4, 4, 4, 4, 4, 4, 4, 4, 4, 4, 4, 4, 4, 5, 5, 6, 6, 6, 6, 6, 6, 6, 6, 6, 6, 6, 6, 6, 6, 6, 6, 6, 6, 6, 6, 6, 6, 6, 6, 6, 6, 6, 6, 6, 6, 6, 6, 6, 7, 7, 7, 7, 7, 7, 7, 7, 7, 8, 8, 8, 8, 8, 8, 8, 8, 8, 8, 8, 8, 8, 8, 8, 8, 8, 8, 8, 8, 8, 8, 8, 8, 8, 8, 8, 8, 8, 8, 8, 8, 8, 8, 8, 8, 8, 8, 8, 8, 8, 8, 8, 8, 8, 8, 8, 8, 8, 8, 8, 8, 8, 8, 8, 8, 8, 8, 8, 8, 8, 8, 8, 8, 8, 8, 8, 8, 8, 8, 8, 8, 8, 8, 8, 8, 8, 8, 8, 8, 8, 8, 8, 8, 8, 8, 8, 8, 8, 8, 8, 8, 8, 8, 8, 8, 8, 8, 8, 8, 9, 9, 9, 9, 9, 9, 9, 9, 9, 9, 9, 9, 9, 9, 9, 9, 9, 9, 9, 9, 9, 9, 9, 9, 9, 9, 9, 9, 9, 9, 10, 10, 10, 10, 10, 10, 10, 10, 10, 10, 10, 10, 10, 10, 10, 10, 10, 10, 10, 10, 10, 10, 10, 10, 10, 10, 10, 11, 11, 11, 11, 11, 11, 11, 11, 11, 11, 11, 11, 11, 11, 11, 11, 11, 11, 11, 11, 11, 11, 11, 11, 11, 11, 11, 11, 11, 11, 11, 11, 11, 11, 11, 11, 11, 11, 11, 11, 11, 11, 11, 11, 11, 11, 11, 11, 11, 11, 11, 11, 11, 11, 11, 11, 11, 11, 11, 11, 11, 11, 11, 11, 11, 11, 11, 11, 11, 11, 11, 11, 11, 11, 11, 11, 11, 11, 11, 11, 11, 11, 11, 11, 11, 11, 11, 11, 11, 11, 11, 11, 11, 11, 11, 11, 11, 11, 11, 11, 11, 11, 11, 11, 11, 11, 11, 11, 11, 11, 11, 11, 11, 11, 11, 11, 11, 11, 11, 11, 11, 11, 11, 11, 11, 11, 11, 11, 11, 11, 11, 11, 11, 11, 11, 11, 11, 11, 11, 11, 11, 11, 11, 11, 11, 11, 11, 11, 11, 11, 11, 11, 11, 11, 11, 11, 11, 11, 11, 11, 11, 11, 11, 11, 11, 11, 11, 11, 11, 11, 11, 11, 11, 11, 11, 11, 11, 11, 11, 11, 11, 11, 11, 11, 11, 11, 11, 11, 11, 11, 11, 11, 11, 11, 11, 11, 11, 11, 11, 11, 11, 11, 11, 11, 11, 11, 11, 11, 11, 11, 11, 11, 11, 11, 11, 11, 11, 11, 11, 11, 11, 11, 11, 11, 11, 11, 11, 11, 11, 11, 11, 11, 11, 11, 11, 11, 11, 11, 11, 11, 11, 11, 11, 11, 11, 11, 11, 11, 11, 11, 11, 11, 11, 11, 11, 11, 11, 11, 11, 11, 11, 12, 12, 12, 12, 12, 12, 12, 12, 12, 12, 12, 12, 12, 12, 12, 12, 13, 13, 13, 13, 13, 13, 13, 13, 13, 13]
[0, 0, 0, 0, 0, 0, 0, 0, 1, 1, 1, 1, 1, 1, 1, 1, 1, 1, 1, 1, 1, 1, 1, 1, 1, 1, 1, 1, 1, 1, 1, 1, 1, 1, 1, 1, 1, 1, 1, 1, 1, 1, 1, 1, 1, 1, 1, 1, 1, 1, 1, 1, 1, 1, 1, 1, 1, 1, 1, 1, 1, 1, 1, 1, 2, 2, 2, 2, 2, 2, 2, 2, 2, 2, 2, 2, 2, 2, 2, 2, 2, 2, 2, 2, 2, 2, 2, 2, 2, 2, 2, 2, 2, 2, 2, 2, 2, 2, 2, 2, 2, 2, 2, 2, 2, 2, 2, 2, 2, 2, 2, 2, 2, 2, 2, 2, 2, 2, 2, 2, 2, 2, 2, 2, 2, 2, 2, 2, 2, 2, 2, 2, 2, 2, 2, 2, 2, 2, 2, 2, 2, 2, 2, 2, 2, 2, 2, 2, 2, 2, 2, 2, 2, 2, 2, 2, 2, 2, 2, 2, 3, 3, 3, 3, 3, 3, 3, 3, 3, 3, 3, 3, 3, 3, 3, 3, 3, 3, 3, 3, 3, 3, 3, 3, 3, 3, 3, 3, 3, 3, 3, 3, 3, 3, 3, 3, 3, 3, 3, 3, 3, 3, 3, 3, 3, 3, 3, 3, 3, 3, 3, 3, 3, 3, 3, 3, 3, 3, 3, 3, 3, 3, 3, 3, 3, 3, 3, 3, 3, 3, 3, 3, 3, 3, 3, 3, 3, 3, 3, 3, 3, 3, 3, 3, 3, 3, 3, 3, 3, 3, 3, 3, 3, 3, 3, 3, 3, 3, 3, 3, 3, 3, 3, 3, 3, 3, 3, 3, 3, 3, 3, 4, 4, 4, 4, 4, 4, 4, 4, 4, 4, 4, 4, 4, 4, 5, 5, 6, 6, 6, 6, 6, 6, 6, 6, 6, 6, 6, 6, 6, 6, 6, 6, 6, 6, 6, 6, 6, 6, 6, 6, 6, 6, 6, 6, 6, 6, 6, 6, 6, 6, 6, 6, 6, 6, 6, 6, 6, 6, 6, 6, 6, 6, 6, 6, 6, 6, 6, 6, 6, 6, 6, 6, 6, 6, 6, 6, 6, 6, 6, 6, 6, 6, 6, 6, 6, 6, 6, 7, 7, 7, 7, 8, 8, 8, 8, 8, 8, 8, 8, 8, 8, 8, 8, 8, 8, 8, 8, 8, 8, 8, 8, 8, 8, 8, 8, 8, 8, 8, 8, 8, 8, 8, 8, 8, 8, 8, 8, 8, 8, 8, 8, 8, 8, 8, 8, 8, 8, 8, 8, 8, 8, 8, 8, 8, 8, 8, 8, 8, 8, 8, 8, 8, 8, 8, 8, 8, 8, 8, 8, 8, 8, 8, 8, 8, 8, 8, 8, 8, 8, 8, 8, 8, 8, 8, 8, 8, 8, 8, 8, 8, 8, 8, 8, 8, 8, 8, 8, 8, 8, 8, 8, 8, 8, 8, 8, 8, 8, 8, 8, 8, 8, 8, 8, 8, 8, 8, 8, 8, 8, 8, 8, 8, 8, 8, 8, 8, 8, 8, 8, 8, 8, 8, 8, 8, 8, 8, 8, 8, 8, 8, 8, 8, 8, 8, 8, 8, 8, 8, 8, 8, 8, 9, 9, 9, 9, 9, 9, 9, 9, 9, 9, 9, 9, 9, 9, 9, 9, 9, 9, 9, 9, 9, 10, 10, 10, 10, 10, 10, 10, 10, 10, 10, 10, 10, 10, 10, 10, 10, 10, 10, 10, 10, 10, 10, 10, 10, 10, 10, 10, 10, 10, 10, 10, 10, 10, 10, 10, 10, 10, 10, 10, 10, 10, 10, 10, 10, 10, 10, 10, 10, 10, 10, 10, 10, 10, 10, 10, 11, 11, 11, 11, 11, 11, 11, 11, 11, 11, 11, 11, 11, 11, 11, 11, 11, 11, 11, 11, 11, 11, 11, 11, 11, 11, 11, 11, 11, 11, 11, 11, 11, 11, 11, 11, 11, 11, 11, 11, 11, 11, 11, 11, 11, 11, 11, 11, 11, 11, 11, 11, 11, 11, 11, 11, 11, 11, 11, 11, 11, 11, 11, 11, 11, 11, 11, 11, 11, 11, 11, 11, 11, 11, 11, 11, 11, 11, 11, 11, 11, 11, 11, 11, 11, 11, 11, 11, 11, 11, 11, 11, 11, 11, 11, 11, 11, 11, 11, 11, 11, 11, 11, 11, 11, 11, 11, 11, 11, 11, 11, 11, 11, 11, 11, 11, 11, 11, 11, 11, 11, 11, 11, 11, 11, 11, 11, 11, 11, 11, 11, 11, 11, 11, 11, 11, 11, 11, 11, 11, 11, 11, 11, 11, 11, 11, 11, 11, 11, 11, 11, 11, 11, 11, 11, 11, 11, 11, 11, 11, 11, 11, 11, 11, 11, 11, 11, 11, 11, 11, 11, 11, 11, 11, 11, 11, 11, 11, 11, 11, 11, 11, 11, 11, 11, 11, 11, 11, 11, 11, 11, 11, 11, 11, 11, 11, 11, 11, 11, 11, 11, 11, 11, 11, 11, 11, 11, 11, 11, 11, 11, 11, 11, 11, 11, 11, 11, 11, 11, 11, 11, 11, 11, 11, 11, 11, 11, 11, 11, 11, 11, 11, 11, 11, 11, 11, 11, 11, 11, 11, 11, 11, 11, 11, 11, 11, 11, 11, 11, 11, 11, 11, 11, 11, 11, 11, 11, 11, 11, 11, 11, 11, 11, 11, 11, 11, 11, 11, 11, 11, 11, 11, 12, 12, 12, 12, 12, 12, 12, 12, 12, 12, 12, 12, 12, 12, 12, 12, 12, 12, 12, 12, 12, 12, 12, 12, 12, 12, 12, 12, 12, 12, 12, 13, 13, 13, 13, 13, 13, 13, 13, 13, 13, 13, 13, 13, 13, 13, 13, 13, 13, 13, 13, 13, 13, 13, 13, 13, 13, 13, 13, 13]
[0, 0, 0, 0, 0, 0, 0, 0, 0, 0, 0, 0, 0, 0, 0, 1, 1, 1, 1, 1, 1, 1, 1, 1, 1, 1, 1, 1, 1, 1, 1, 1, 1, 1, 1, 1, 1, 1, 1, 1, 1, 1, 1, 1, 1, 1, 1, 1, 1, 2, 2, 2, 2, 2, 2, 2, 2, 2, 2, 2, 2, 2, 2, 2, 2, 2, 2, 2, 2, 2, 2, 2, 2, 2, 2, 2, 2, 2, 2, 2, 2, 2, 2, 2, 2, 2, 2, 2, 2, 2, 2, 2, 2, 2, 2, 2, 2, 2, 2, 2, 2, 2, 2, 2, 2, 2, 2, 2, 2, 2, 2, 2, 2, 2, 2, 2, 2, 2, 2, 2, 2, 2, 2, 2, 2, 2, 2, 2, 2, 2, 2, 2, 2, 2, 2, 2, 2, 2, 2, 2, 2, 2, 2, 2, 2, 2, 2, 2, 3, 3, 3, 3, 3, 3, 3, 3, 3, 3, 3, 3, 3, 3, 3, 3, 3, 3, 3, 3, 3, 3, 3, 3, 3, 3, 3, 3, 3, 3, 3, 3, 3, 3, 3, 3, 3, 3, 3, 3, 3, 3, 3, 3, 3, 3, 3, 3, 3, 3, 3, 3, 3, 3, 3, 3, 3, 3, 3, 3, 3, 3, 3, 3, 3, 3, 3, 3, 3, 3, 3, 3, 3, 3, 3, 3, 3, 3, 3, 3, 3, 3, 3, 3, 3, 3, 3, 3, 3, 3, 3, 3, 3, 3, 3, 3, 3, 3, 3, 3, 3, 3, 3, 3, 3, 3, 3, 3, 3, 3, 3, 3, 3, 3, 3, 3, 3, 3, 4, 4, 4, 4, 4, 4, 4, 4, 4, 4, 4, 4, 4, 4, 4, 4, 4, 5, 5, 5, 6, 6, 6, 6, 6, 6, 6, 6, 6, 6, 6, 6, 6, 6, 6, 6, 6, 6, 6, 6, 6, 6, 6, 6, 6, 6, 6, 6, 6, 6, 6, 6, 6, 6, 6, 6, 6, 6, 6, 6, 6, 6, 6, 6, 6, 6, 6, 6, 6, 7, 7, 7, 7, 7, 7, 7, 7, 7, 7, 8, 8, 8, 8, 8, 8, 8, 8, 8, 8, 8, 8, 8, 8, 8, 8, 8, 8, 8, 8, 8, 8, 8, 8, 8, 8, 8, 8, 8, 8, 8, 8, 8, 8, 8, 8, 8, 8, 8, 8, 8, 8, 8, 8, 8, 8, 8, 8, 8, 8, 8, 8, 8, 8, 8, 8, 8, 8, 8, 8, 8, 8, 8, 9, 9, 9, 9, 9, 9, 9, 9, 9, 9, 9, 9, 9, 9, 9, 9, 9, 10, 10, 10, 10, 10, 10, 10, 10, 10, 10, 10, 10, 10, 10, 10, 10, 10, 10, 10, 10, 10, 10, 10, 10, 10, 10, 10, 10, 10, 10, 10, 10, 10, 10, 10, 10, 10, 10, 11, 11, 11, 11, 11, 11, 11, 11, 11, 11, 11, 11, 11, 11, 11, 11, 11, 11, 11, 11, 11, 11, 11, 11, 11, 11, 11, 11, 11, 11, 11, 11, 11, 11, 11, 11, 11, 11, 11, 11, 11, 11, 11, 11, 11, 11, 11, 11, 11, 11, 11, 11, 11, 11, 11, 11, 11, 11, 11, 11, 11, 11, 11, 11, 11, 11, 11, 11, 11, 11, 11, 11, 11, 11, 11, 11, 11, 11, 11, 11, 11, 11, 11, 11, 11, 11, 11, 11, 11, 11, 11, 11, 11, 11, 11, 11, 11, 11, 11, 11, 11, 11, 11, 11, 11, 11, 11, 11, 11, 11, 11, 11, 11, 11, 11, 11, 11, 11, 11, 11, 11, 11, 11, 11, 11, 11, 11, 11, 11, 11, 11, 11, 11, 11, 11, 11, 11, 11, 11, 11, 11, 11, 11, 11, 11, 11, 11, 11, 11, 11, 11, 11, 11, 11, 11, 11, 11, 11, 11, 11, 11, 11, 11, 11, 11, 11, 11, 11, 11, 11, 11, 11, 11, 11, 11, 11, 11, 11, 11, 11, 11, 11, 11, 11, 11, 11, 11, 11, 11, 11, 11, 11, 11, 11, 11, 11, 11, 11, 11, 11, 11, 11, 11, 11, 11, 11, 11, 11, 11, 11, 11, 11, 11, 11, 11, 11, 11, 11, 11, 11, 11, 11, 11, 11, 11, 11, 11, 11, 11, 11, 11, 11, 11, 11, 11, 11, 11, 11, 11, 11, 11, 11, 11, 11, 12, 12, 12, 12, 12, 12, 12, 12, 12, 12, 12, 12, 12, 12, 12, 12, 12, 12, 12, 12, 12, 12, 12, 12, 12, 12, 12, 12, 12, 12, 13, 13, 13, 13, 13, 13, 13, 13, 13, 13, 13, 13]
shapelet initialized!
All 3 clients initialized.
Server device: cuda:0
Client worker groups: [[0], [1], [2]]
Client worker devices: ['cuda:0', 'cuda:0', 'cuda:0']
客户端选择未启用，所有客户端参与聚合
[fedcsl] precomputed client scale scores once in 0.261s
/data/user_lixiongfei/CSL-main/train.py:801: UserWarning: Creating a tensor from a list of numpy.ndarrays is extremely slow. Please consider converting the list to a single numpy.ndarray with numpy.array() before converting to a tensor. (Triggered internally at ../torch/csrc/utils/tensor_new.cpp:278.)
  X = torch.tensor(X, dtype=torch.float)
Classification: train=1.0000 test=0.5856 round=0
[round 0] timing train=134.281s distribution=0.968s agg=0.121s eval=93.223s total=228.617s
Classification: train=1.0000 test=0.5864 round=1
[round 1] timing train=234.493s distribution=0.986s agg=0.195s eval=85.085s total=320.796s
Classification: train=1.0000 test=0.5884 round=2
[round 2] timing train=239.857s distribution=0.887s agg=0.224s eval=100.692s total=341.695s
Classification: train=1.0000 test=0.5864 round=3
[round 3] timing train=219.708s distribution=1.092s agg=0.223s eval=96.745s total=317.777s
Classification: train=1.0000 test=0.5900 round=4
[round 4] timing train=234.554s distribution=0.926s agg=0.258s eval=91.484s total=327.286s
Classification: train=1.0000 test=0.5929 round=5
[round 5] timing train=249.530s distribution=0.849s agg=0.202s eval=99.388s total=349.988s
Classification: train=1.0000 test=0.5884 round=6
[round 6] timing train=250.413s distribution=1.223s agg=0.160s eval=91.162s total=342.987s
Classification: train=1.0000 test=0.5916 round=7
[round 7] timing train=233.168s distribution=0.876s agg=0.181s eval=93.559s total=327.801s
Classification: train=1.0000 test=0.5916 round=8
[round 8] timing train=244.267s distribution=0.848s agg=0.162s eval=96.957s total=342.267s
Classification: train=1.0000 test=0.5921 round=9
[round 9] timing train=239.211s distribution=1.044s agg=0.213s eval=91.359s total=331.880s
Classification: train=1.0000 test=0.5957 round=10
[round 10] timing train=235.135s distribution=1.089s agg=0.233s eval=92.849s total=329.358s
Classification: train=1.0000 test=0.5953 round=11
[round 11] timing train=248.285s distribution=0.853s agg=0.256s eval=95.137s total=344.545s
Classification: train=1.0000 test=0.5957 round=12
[round 12] timing train=240.604s distribution=0.763s agg=0.147s eval=94.596s total=336.148s
Classification: train=1.0000 test=0.5965 round=13
[round 13] timing train=242.040s distribution=0.920s agg=0.203s eval=99.965s total=343.136s
Classification: train=1.0000 test=0.5969 round=14
[round 14] timing train=251.736s distribution=0.923s agg=0.232s eval=99.765s total=352.674s
Classification: train=1.0000 test=0.5941 round=15
[round 15] timing train=238.107s distribution=1.009s agg=0.185s eval=95.900s total=335.212s
Classification: train=1.0000 test=0.5941 round=16
[round 16] timing train=238.006s distribution=0.979s agg=0.238s eval=90.923s total=330.152s
Classification: train=1.0000 test=0.5961 round=17
[round 17] timing train=255.795s distribution=1.027s agg=0.271s eval=96.847s total=353.956s
Classification: train=1.0000 test=0.5977 round=18
[round 18] timing train=243.619s distribution=0.671s agg=0.098s eval=80.512s total=324.932s
Classification: train=1.0000 test=0.5985 round=19
[round 19] timing train=249.231s distribution=0.717s agg=0.217s eval=97.219s total=347.412s
Classification: train=1.0000 test=0.5953 round=20
[round 20] timing train=252.668s distribution=0.840s agg=0.182s eval=95.491s total=349.211s
Classification: train=1.0000 test=0.5961 round=21
[round 21] timing train=238.710s distribution=0.884s agg=0.179s eval=96.358s total=336.151s
Classification: train=1.0000 test=0.5985 round=22
[round 22] timing train=242.191s distribution=1.067s agg=0.144s eval=92.581s total=335.993s
Classification: train=1.0000 test=0.5998 round=23
[round 23] timing train=240.994s distribution=1.053s agg=0.220s eval=90.541s total=332.827s
Classification: train=1.0000 test=0.5973 round=24
[round 24] timing train=233.878s distribution=0.946s agg=0.174s eval=91.015s total=326.017s
Classification: train=1.0000 test=0.5957 round=25
[round 25] timing train=238.992s distribution=0.771s agg=0.241s eval=94.568s total=334.581s
Classification: train=1.0000 test=0.5965 round=26
[round 26] timing train=253.378s distribution=1.025s agg=0.142s eval=96.556s total=351.144s
Classification: train=1.0000 test=0.5961 round=27
[round 27] timing train=240.612s distribution=0.933s agg=0.138s eval=94.705s total=336.418s
Classification: train=1.0000 test=0.5949 round=28
[round 28] timing train=239.793s distribution=0.848s agg=0.127s eval=95.933s total=336.717s
Classification: train=1.0000 test=0.5957 round=29
[round 29] timing train=250.348s distribution=0.883s agg=0.225s eval=94.034s total=345.508s
[fedcsl] checkpoint saved → ./checkpoint/resume/fedcsl_LSST_2026-05-04-14har_fedcsl_dir10.0.pt (round=30)
Classification: train=1.0000 test=0.5965 round=30
[round 30] timing train=248.857s distribution=0.831s agg=0.155s eval=92.821s total=342.681s
Classification: train=1.0000 test=0.5953 round=31
[round 31] timing train=235.987s distribution=1.086s agg=0.211s eval=91.858s total=329.163s
Classification: train=1.0000 test=0.5961 round=32
[round 32] timing train=253.852s distribution=1.010s agg=0.147s eval=92.287s total=347.323s
Classification: train=1.0000 test=0.5969 round=33
[round 33] timing train=247.958s distribution=0.911s agg=0.092s eval=92.918s total=341.919s
Classification: train=1.0000 test=0.5961 round=34
[round 34] timing train=243.256s distribution=0.930s agg=0.214s eval=90.907s total=335.324s
Classification: train=1.0000 test=0.5969 round=35
[round 35] timing train=249.364s distribution=0.772s agg=0.130s eval=102.475s total=352.755s
Classification: train=1.0000 test=0.5989 round=36
[round 36] timing train=233.513s distribution=0.803s agg=0.091s eval=96.456s total=330.891s
Classification: train=1.0000 test=0.5961 round=37
[round 37] timing train=236.684s distribution=0.780s agg=0.139s eval=93.930s total=331.558s
Classification: train=1.0000 test=0.5965 round=38
[round 38] timing train=240.411s distribution=1.027s agg=0.231s eval=98.644s total=340.327s
Classification: train=1.0000 test=0.5953 round=39
[round 39] timing train=238.856s distribution=0.967s agg=0.253s eval=93.485s total=333.605s
Classification: train=1.0000 test=0.5953 round=40
[round 40] timing train=207.182s distribution=0.870s agg=0.157s eval=104.180s total=312.408s
Classification: train=1.0000 test=0.5945 round=41
[round 41] timing train=247.824s distribution=1.021s agg=0.299s eval=97.861s total=347.027s
Classification: train=1.0000 test=0.5985 round=42
[round 42] timing train=239.666s distribution=1.003s agg=0.161s eval=95.425s total=336.264s
Classification: train=1.0000 test=0.5965 round=43
[round 43] timing train=249.035s distribution=0.903s agg=0.254s eval=93.388s total=343.606s
Classification: train=1.0000 test=0.5953 round=44
[round 44] timing train=243.949s distribution=0.827s agg=0.140s eval=91.713s total=336.651s
Classification: train=1.0000 test=0.5937 round=45
[round 45] timing train=225.110s distribution=0.953s agg=0.177s eval=89.767s total=316.022s
Classification: train=1.0000 test=0.5949 round=46
[round 46] timing train=235.729s distribution=0.906s agg=0.137s eval=95.331s total=332.118s
Classification: train=1.0000 test=0.5957 round=47
[round 47] timing train=252.167s distribution=0.965s agg=0.082s eval=84.899s total=338.120s
Classification: train=1.0000 test=0.5957 round=48
[round 48] timing train=233.089s distribution=0.892s agg=0.133s eval=94.136s total=328.258s
Classification: train=1.0000 test=0.5953 round=49
[round 49] timing train=242.072s distribution=0.893s agg=0.143s eval=93.206s total=336.351s
Classification: train=1.0000 test=0.5965 round=50
[round 50] timing train=245.569s distribution=0.969s agg=0.200s eval=88.650s total=335.396s
Classification: train=1.0000 test=0.5969 round=51
[round 51] timing train=236.691s distribution=0.966s agg=0.200s eval=89.829s total=327.702s
Classification: train=1.0000 test=0.5953 round=52
[round 52] timing train=240.030s distribution=0.810s agg=0.211s eval=93.946s total=335.003s
Classification: train=1.0000 test=0.5953 round=53
[round 53] timing train=247.774s distribution=0.923s agg=0.118s eval=89.533s total=338.385s
Classification: train=1.0000 test=0.5949 round=54
[round 54] timing train=238.687s distribution=1.013s agg=0.190s eval=91.617s total=331.538s
Classification: train=1.0000 test=0.5937 round=55
[round 55] timing train=236.366s distribution=1.165s agg=0.177s eval=93.129s total=330.850s
Classification: train=1.0000 test=0.5949 round=56
[round 56] timing train=236.839s distribution=0.670s agg=0.198s eval=94.737s total=332.476s
Classification: train=1.0000 test=0.5973 round=57
[round 57] timing train=243.379s distribution=0.994s agg=0.111s eval=95.007s total=339.539s
Classification: train=1.0000 test=0.5929 round=58
[round 58] timing train=241.459s distribution=0.849s agg=0.211s eval=95.837s total=338.391s
Classification: train=1.0000 test=0.5957 round=59
[round 59] timing train=247.704s distribution=0.901s agg=0.206s eval=91.543s total=340.416s
[fedcsl] checkpoint saved → ./checkpoint/resume/fedcsl_LSST_2026-05-04-14har_fedcsl_dir10.0.pt (round=60)
Classification: train=1.0000 test=0.5933 round=60
[round 60] timing train=234.530s distribution=1.074s agg=0.234s eval=93.626s total=329.485s
Classification: train=1.0000 test=0.5945 round=61
[round 61] timing train=239.128s distribution=0.966s agg=0.067s eval=93.340s total=333.531s
Classification: train=1.0000 test=0.5965 round=62
[round 62] timing train=237.141s distribution=0.935s agg=0.183s eval=93.719s total=331.998s
Classification: train=1.0000 test=0.5989 round=63
[round 63] timing train=241.502s distribution=1.049s agg=0.189s eval=87.571s total=330.335s
Classification: train=1.0000 test=0.5949 round=64
[round 64] timing train=238.292s distribution=1.074s agg=0.339s eval=94.318s total=334.054s
Classification: train=1.0000 test=0.5953 round=65
[round 65] timing train=255.344s distribution=1.058s agg=0.150s eval=92.508s total=349.082s
Classification: train=1.0000 test=0.5977 round=66
[round 66] timing train=224.048s distribution=0.579s agg=0.110s eval=96.643s total=321.395s
Classification: train=1.0000 test=0.5949 round=67
[round 67] timing train=247.480s distribution=1.010s agg=0.239s eval=96.613s total=345.373s
Classification: train=1.0000 test=0.5957 round=68
[round 68] timing train=248.215s distribution=1.111s agg=0.259s eval=96.423s total=346.029s
Classification: train=1.0000 test=0.5957 round=69
[round 69] timing train=252.901s distribution=1.130s agg=0.214s eval=98.234s total=352.516s
Classification: train=1.0000 test=0.5965 round=70
[round 70] timing train=249.541s distribution=0.817s agg=0.189s eval=97.370s total=347.943s
Classification: train=1.0000 test=0.5969 round=71
[round 71] timing train=256.341s distribution=0.881s agg=0.108s eval=98.482s total=355.827s
Classification: train=1.0000 test=0.5977 round=72
[round 72] timing train=251.274s distribution=0.844s agg=0.191s eval=96.170s total=348.514s
Classification: train=1.0000 test=0.5981 round=73
[round 73] timing train=260.789s distribution=0.991s agg=0.169s eval=96.982s total=358.946s
Classification: train=1.0000 test=0.5977 round=74
[round 74] timing train=261.567s distribution=0.991s agg=0.206s eval=95.028s total=357.799s
Classification: train=1.0000 test=0.5969 round=75
[round 75] timing train=253.935s distribution=1.056s agg=0.155s eval=98.629s total=353.860s
Classification: train=1.0000 test=0.5973 round=76
[round 76] timing train=243.380s distribution=0.965s agg=0.406s eval=99.125s total=343.904s
Classification: train=1.0000 test=0.5981 round=77
[round 77] timing train=261.884s distribution=1.085s agg=0.185s eval=97.171s total=360.356s
Classification: train=1.0000 test=0.5953 round=78
[round 78] timing train=240.197s distribution=1.020s agg=0.252s eval=97.984s total=339.460s
Classification: train=1.0000 test=0.5973 round=79
[round 79] timing train=246.194s distribution=1.111s agg=0.175s eval=100.463s total=347.961s
Classification: train=1.0000 test=0.5969 round=80
[round 80] timing train=249.599s distribution=1.180s agg=0.189s eval=101.647s total=352.648s
Classification: train=1.0000 test=0.5953 round=81
[round 81] timing train=243.919s distribution=0.978s agg=0.121s eval=97.207s total=342.244s
Classification: train=1.0000 test=0.5957 round=82
[round 82] timing train=250.996s distribution=1.279s agg=0.099s eval=101.878s total=354.266s
Classification: train=1.0000 test=0.5949 round=83
[round 83] timing train=251.568s distribution=1.017s agg=0.098s eval=103.957s total=356.690s
Classification: train=1.0000 test=0.5933 round=84
[round 84] timing train=227.392s distribution=0.877s agg=0.138s eval=100.515s total=328.945s
Classification: train=1.0000 test=0.5921 round=85
[round 85] timing train=192.886s distribution=0.838s agg=0.117s eval=101.755s total=295.655s
Classification: train=1.0000 test=0.5929 round=86
[round 86] timing train=248.614s distribution=1.230s agg=0.205s eval=99.820s total=349.887s
Classification: train=1.0000 test=0.5921 round=87
[round 87] timing train=241.647s distribution=1.124s agg=0.219s eval=105.444s total=348.488s
Classification: train=1.0000 test=0.5953 round=88
[round 88] timing train=256.350s distribution=1.304s agg=0.184s eval=101.005s total=358.876s
Classification: train=1.0000 test=0.5945 round=89
[round 89] timing train=246.624s distribution=1.178s agg=0.291s eval=98.453s total=346.560s
[fedcsl] checkpoint saved → ./checkpoint/resume/fedcsl_LSST_2026-05-04-14har_fedcsl_dir10.0.pt (round=90)
Classification: train=1.0000 test=0.5904 round=90
[round 90] timing train=249.516s distribution=0.944s agg=0.245s eval=107.681s total=358.406s
Classification: train=1.0000 test=0.5925 round=91
[round 91] timing train=250.320s distribution=1.012s agg=0.175s eval=99.871s total=351.417s
Classification: train=1.0000 test=0.5912 round=92
[round 92] timing train=241.601s distribution=0.913s agg=0.136s eval=101.923s total=344.590s
Classification: train=1.0000 test=0.5921 round=93
[round 93] timing train=256.179s distribution=1.145s agg=0.199s eval=101.569s total=359.100s
Classification: train=1.0000 test=0.5892 round=94
[round 94] timing train=248.457s distribution=0.861s agg=0.171s eval=98.777s total=348.285s
Classification: train=1.0000 test=0.5900 round=95
[round 95] timing train=249.924s distribution=0.984s agg=0.194s eval=95.181s total=346.296s
Classification: train=1.0000 test=0.5904 round=96
[round 96] timing train=256.287s distribution=0.930s agg=0.207s eval=98.940s total=356.425s
Classification: train=1.0000 test=0.5916 round=97
[round 97] timing train=259.181s distribution=0.907s agg=0.180s eval=97.128s total=357.446s
Classification: train=1.0000 test=0.5945 round=98
[round 98] timing train=248.362s distribution=0.928s agg=0.144s eval=101.644s total=351.089s
Classification: train=1.0000 test=0.5929 round=99
[round 99] timing train=248.069s distribution=1.039s agg=0.176s eval=96.517s total=345.828s
Classification: train=1.0000 test=0.5916 round=100
[round 100] timing train=253.259s distribution=1.086s agg=0.147s eval=96.286s total=350.795s
Classification: train=1.0000 test=0.5908 round=101
[round 101] timing train=237.816s distribution=0.875s agg=0.230s eval=98.192s total=337.120s
Classification: train=1.0000 test=0.5925 round=102
[round 102] timing train=249.582s distribution=1.010s agg=0.141s eval=99.609s total=350.365s
Classification: train=1.0000 test=0.5912 round=103
[round 103] timing train=250.646s distribution=1.022s agg=0.209s eval=97.818s total=349.708s
Classification: train=1.0000 test=0.5912 round=104
[round 104] timing train=232.450s distribution=1.209s agg=0.155s eval=96.659s total=330.485s
Classification: train=1.0000 test=0.5912 round=105
[round 105] timing train=239.400s distribution=1.083s agg=0.110s eval=100.118s total=340.727s
Classification: train=1.0000 test=0.5937 round=106
[round 106] timing train=225.834s distribution=0.741s agg=0.156s eval=84.831s total=311.594s
Classification: train=1.0000 test=0.5904 round=107
[round 107] timing train=249.624s distribution=0.792s agg=0.190s eval=96.101s total=346.719s
Classification: train=1.0000 test=0.5953 round=108
[round 108] timing train=247.999s distribution=0.885s agg=0.153s eval=104.291s total=353.345s
Classification: train=1.0000 test=0.5945 round=109
[round 109] timing train=245.573s distribution=1.060s agg=0.189s eval=91.730s total=338.570s
Classification: train=1.0000 test=0.5949 round=110
[round 110] timing train=242.926s distribution=0.824s agg=0.174s eval=95.952s total=339.891s
Classification: train=1.0000 test=0.5957 round=111
[round 111] timing train=246.321s distribution=1.077s agg=0.167s eval=101.654s total=349.234s
Classification: train=1.0000 test=0.5929 round=112
[round 112] timing train=244.842s distribution=1.008s agg=0.207s eval=94.193s total=340.266s
Classification: train=1.0000 test=0.5941 round=113
[round 113] timing train=246.739s distribution=0.986s agg=0.141s eval=95.091s total=342.962s
Classification: train=1.0000 test=0.5933 round=114
[round 114] timing train=249.305s distribution=1.115s agg=0.140s eval=93.458s total=344.028s
Classification: train=1.0000 test=0.5957 round=115
[round 115] timing train=251.493s distribution=0.876s agg=0.292s eval=95.090s total=347.760s
Classification: train=1.0000 test=0.5953 round=116
[round 116] timing train=244.760s distribution=0.956s agg=0.161s eval=95.157s total=341.055s
Classification: train=1.0000 test=0.5965 round=117
[round 117] timing train=252.877s distribution=0.931s agg=0.240s eval=101.416s total=355.482s
Classification: train=1.0000 test=0.5945 round=118
[round 118] timing train=249.614s distribution=0.970s agg=0.141s eval=97.481s total=348.232s
Classification: train=1.0000 test=0.5941 round=119
[round 119] timing train=250.205s distribution=1.027s agg=0.234s eval=94.061s total=345.534s
[fedcsl] checkpoint saved → ./checkpoint/resume/fedcsl_LSST_2026-05-04-14har_fedcsl_dir10.0.pt (round=120)
Classification: train=1.0000 test=0.5941 round=120
[round 120] timing train=249.449s distribution=1.066s agg=0.048s eval=96.302s total=346.882s
Classification: train=1.0000 test=0.5933 round=121
[round 121] timing train=235.111s distribution=1.205s agg=0.206s eval=92.364s total=328.911s
Classification: train=1.0000 test=0.5933 round=122
[round 122] timing train=236.865s distribution=0.795s agg=0.195s eval=91.552s total=329.435s
Classification: train=1.0000 test=0.5949 round=123
[round 123] timing train=204.101s distribution=1.035s agg=0.151s eval=95.753s total=301.046s
Classification: train=1.0000 test=0.5945 round=124
[round 124] timing train=234.984s distribution=0.903s agg=0.057s eval=95.954s total=331.935s
Classification: train=1.0000 test=0.5941 round=125
[round 125] timing train=238.561s distribution=0.896s agg=0.144s eval=97.054s total=336.665s
Classification: train=1.0000 test=0.5965 round=126
[round 126] timing train=240.537s distribution=0.953s agg=0.276s eval=101.471s total=343.244s
Classification: train=1.0000 test=0.5965 round=127
[round 127] timing train=239.644s distribution=0.840s agg=0.138s eval=98.563s total=339.196s
Classification: train=1.0000 test=0.5969 round=128
[round 128] timing train=236.170s distribution=0.883s agg=0.112s eval=83.975s total=321.154s
Classification: train=1.0000 test=0.5933 round=129
[round 129] timing train=247.017s distribution=0.893s agg=0.155s eval=103.712s total=351.786s
Classification: train=1.0000 test=0.5945 round=130
[round 130] timing train=245.857s distribution=0.935s agg=0.151s eval=99.205s total=346.163s
Classification: train=1.0000 test=0.5957 round=131
[round 131] timing train=234.125s distribution=1.027s agg=0.165s eval=97.187s total=332.544s
Classification: train=1.0000 test=0.5953 round=132
[round 132] timing train=250.413s distribution=0.832s agg=0.152s eval=89.659s total=341.075s
Classification: train=1.0000 test=0.5925 round=133
[round 133] timing train=235.252s distribution=0.999s agg=0.127s eval=92.355s total=328.789s
Classification: train=1.0000 test=0.5933 round=134
[round 134] timing train=234.718s distribution=0.872s agg=0.133s eval=91.777s total=327.515s
Classification: train=1.0000 test=0.5916 round=135
[round 135] timing train=240.559s distribution=0.849s agg=0.193s eval=89.504s total=331.126s
Classification: train=1.0000 test=0.5900 round=136
[round 136] timing train=248.794s distribution=0.893s agg=0.182s eval=91.222s total=341.118s
Classification: train=1.0000 test=0.5900 round=137
[round 137] timing train=227.554s distribution=1.033s agg=0.237s eval=90.456s total=319.294s
Classification: train=1.0000 test=0.5916 round=138
[round 138] timing train=244.406s distribution=0.687s agg=0.132s eval=90.619s total=335.858s
Classification: train=1.0000 test=0.5912 round=139
[round 139] timing train=240.546s distribution=0.818s agg=0.203s eval=91.270s total=332.856s
Classification: train=1.0000 test=0.5921 round=140
[round 140] timing train=231.903s distribution=0.815s agg=0.132s eval=93.116s total=325.992s
Classification: train=1.0000 test=0.5900 round=141
[round 141] timing train=249.880s distribution=0.986s agg=0.194s eval=87.919s total=339.014s
Classification: train=1.0000 test=0.5925 round=142
[round 142] timing train=213.300s distribution=0.488s agg=0.116s eval=81.471s total=295.388s
Classification: train=1.0000 test=0.5925 round=143
[round 143] timing train=227.363s distribution=0.823s agg=0.178s eval=87.663s total=316.052s
Classification: train=1.0000 test=0.5916 round=144
[round 144] timing train=234.637s distribution=0.993s agg=0.163s eval=93.608s total=329.423s
Classification: train=1.0000 test=0.5929 round=145
[round 145] timing train=232.695s distribution=0.827s agg=0.116s eval=92.369s total=326.048s
Classification: train=1.0000 test=0.5957 round=146
[round 146] timing train=233.914s distribution=1.093s agg=0.125s eval=91.886s total=327.056s
Classification: train=1.0000 test=0.5933 round=147
[round 147] timing train=232.642s distribution=0.985s agg=0.236s eval=95.158s total=329.043s
Classification: train=1.0000 test=0.5921 round=148
[round 148] timing train=233.867s distribution=1.189s agg=0.215s eval=93.348s total=328.635s
Classification: train=1.0000 test=0.5949 round=149
[round 149] timing train=227.731s distribution=0.845s agg=0.138s eval=89.763s total=318.485s
[fedcsl] checkpoint saved → ./checkpoint/resume/fedcsl_LSST_2026-05-04-14har_fedcsl_dir10.0.pt (round=150)
Classification: train=1.0000 test=0.5933 round=150
[round 150] timing train=212.682s distribution=0.625s agg=0.146s eval=85.608s total=299.083s
Classification: train=1.0000 test=0.5953 round=151
[round 151] timing train=230.063s distribution=0.930s agg=0.189s eval=90.056s total=321.270s
Classification: train=1.0000 test=0.5965 round=152
[round 152] timing train=222.336s distribution=0.875s agg=0.128s eval=90.039s total=313.417s
Classification: train=1.0000 test=0.5937 round=153
[round 153] timing train=238.385s distribution=0.954s agg=0.181s eval=83.213s total=322.751s
Classification: train=1.0000 test=0.5925 round=154
[round 154] timing train=224.421s distribution=0.935s agg=0.207s eval=88.172s total=313.749s
Classification: train=1.0000 test=0.5949 round=155
[round 155] timing train=238.576s distribution=1.097s agg=0.076s eval=91.488s total=331.252s
Classification: train=1.0000 test=0.5896 round=156
[round 156] timing train=233.975s distribution=0.868s agg=0.123s eval=89.240s total=324.212s
Classification: train=1.0000 test=0.5912 round=157
[round 157] timing train=231.840s distribution=0.807s agg=0.129s eval=89.015s total=321.803s
Classification: train=1.0000 test=0.5908 round=158
[round 158] timing train=227.909s distribution=0.814s agg=0.124s eval=90.661s total=319.531s
Classification: train=1.0000 test=0.5916 round=159
[round 159] timing train=239.358s distribution=0.906s agg=0.144s eval=85.260s total=325.698s
Classification: train=1.0000 test=0.5945 round=160
[round 160] timing train=230.629s distribution=0.986s agg=0.122s eval=75.664s total=307.433s
Classification: train=1.0000 test=0.5937 round=161
[round 161] timing train=203.996s distribution=0.724s agg=0.151s eval=89.039s total=293.934s
Classification: train=1.0000 test=0.5925 round=162
[round 162] timing train=227.292s distribution=1.328s agg=0.202s eval=82.222s total=311.072s
Classification: train=1.0000 test=0.5933 round=163
[round 163] timing train=228.714s distribution=0.712s agg=0.134s eval=90.237s total=319.811s
Classification: train=1.0000 test=0.5921 round=164
[round 164] timing train=235.122s distribution=0.699s agg=0.159s eval=86.581s total=322.567s
Classification: train=1.0000 test=0.5929 round=165
[round 165] timing train=235.836s distribution=0.936s agg=0.145s eval=87.086s total=324.041s
Classification: train=1.0000 test=0.5929 round=166
[round 166] timing train=229.392s distribution=0.853s agg=0.107s eval=90.255s total=320.622s
Classification: train=1.0000 test=0.5908 round=167
[round 167] timing train=228.873s distribution=0.954s agg=0.171s eval=89.280s total=319.297s
Classification: train=1.0000 test=0.5908 round=168
[round 168] timing train=219.780s distribution=1.031s agg=0.170s eval=90.727s total=311.733s
Classification: train=1.0000 test=0.5912 round=169
[round 169] timing train=224.484s distribution=1.022s agg=0.077s eval=88.262s total=313.871s
Classification: train=1.0000 test=0.5925 round=170
[round 170] timing train=222.536s distribution=1.106s agg=0.165s eval=88.498s total=312.324s
Classification: train=1.0000 test=0.5941 round=171
[round 171] timing train=236.679s distribution=0.932s agg=0.203s eval=73.151s total=310.991s
Classification: train=1.0000 test=0.5908 round=172
[round 172] timing train=222.136s distribution=0.962s agg=0.095s eval=85.437s total=308.646s
Classification: train=1.0000 test=0.5912 round=173
[round 173] timing train=241.500s distribution=0.724s agg=0.167s eval=86.257s total=328.680s
Classification: train=1.0000 test=0.5912 round=174
[round 174] timing train=233.221s distribution=1.328s agg=0.270s eval=89.364s total=324.203s
Classification: train=1.0000 test=0.5904 round=175
[round 175] timing train=233.586s distribution=0.861s agg=0.126s eval=86.590s total=321.193s
Classification: train=1.0000 test=0.5912 round=176
[round 176] timing train=223.371s distribution=0.855s agg=0.272s eval=87.469s total=311.977s
Classification: train=1.0000 test=0.5912 round=177
[round 177] timing train=227.171s distribution=0.998s agg=0.161s eval=87.999s total=316.346s
Classification: train=1.0000 test=0.5921 round=178
[round 178] timing train=223.407s distribution=0.802s agg=0.125s eval=94.067s total=318.431s
Classification: train=1.0000 test=0.5908 round=179
[round 179] timing train=225.070s distribution=0.732s agg=0.134s eval=68.529s total=294.514s
[fedcsl] checkpoint saved → ./checkpoint/resume/fedcsl_LSST_2026-05-04-14har_fedcsl_dir10.0.pt (round=180)
Classification: train=1.0000 test=0.5916 round=180
[round 180] timing train=203.181s distribution=0.614s agg=0.064s eval=86.483s total=290.351s
Classification: train=1.0000 test=0.5904 round=181
[round 181] timing train=224.295s distribution=0.738s agg=0.125s eval=89.065s total=314.267s
Classification: train=1.0000 test=0.5900 round=182
[round 182] timing train=233.181s distribution=0.769s agg=0.125s eval=83.552s total=317.641s
Classification: train=1.0000 test=0.5921 round=183
[round 183] timing train=223.981s distribution=0.692s agg=0.084s eval=86.709s total=311.484s
Classification: train=1.0000 test=0.5904 round=184
[round 184] timing train=231.316s distribution=1.252s agg=0.078s eval=93.877s total=326.531s
Classification: train=1.0000 test=0.5921 round=185
[round 185] timing train=232.968s distribution=0.739s agg=0.165s eval=83.719s total=317.598s
Classification: train=1.0000 test=0.5921 round=186
[round 186] timing train=223.207s distribution=0.753s agg=0.170s eval=83.406s total=307.562s
Classification: train=1.0000 test=0.5904 round=187
[round 187] timing train=237.544s distribution=0.860s agg=0.143s eval=93.082s total=331.660s
Classification: train=1.0000 test=0.5916 round=188
[round 188] timing train=225.368s distribution=1.011s agg=0.117s eval=89.943s total=316.459s
Classification: train=1.0000 test=0.5921 round=189
[round 189] timing train=230.944s distribution=0.781s agg=0.102s eval=83.117s total=314.951s
Classification: train=1.0000 test=0.5933 round=190
[round 190] timing train=227.412s distribution=0.708s agg=0.124s eval=88.183s total=316.441s
Classification: train=1.0000 test=0.5941 round=191
[round 191] timing train=228.321s distribution=0.925s agg=0.093s eval=88.052s total=317.397s
Classification: train=1.0000 test=0.5929 round=192
[round 192] timing train=222.167s distribution=0.798s agg=0.210s eval=96.368s total=319.549s
Classification: train=1.0000 test=0.5912 round=193
[round 193] timing train=199.023s distribution=0.964s agg=0.258s eval=85.383s total=285.635s
Classification: train=1.0000 test=0.5925 round=194
[round 194] timing train=218.978s distribution=0.936s agg=0.149s eval=87.416s total=307.487s
Classification: train=1.0000 test=0.5904 round=195
[round 195] timing train=224.003s distribution=0.917s agg=0.175s eval=85.646s total=310.755s
Classification: train=1.0000 test=0.5908 round=196
[round 196] timing train=231.365s distribution=0.773s agg=0.165s eval=87.254s total=319.594s
Classification: train=1.0000 test=0.5904 round=197
[round 197] timing train=230.387s distribution=0.961s agg=0.166s eval=95.170s total=326.718s
Classification: train=1.0000 test=0.5892 round=198
[round 198] timing train=222.507s distribution=1.012s agg=0.175s eval=83.580s total=307.303s
Classification: train=1.0000 test=0.5908 round=199
[round 199] timing train=207.507s distribution=0.891s agg=0.083s eval=83.582s total=292.078s
best round is 23, acc is 0.599757
Model saved to ./checkpoint/LSST/2026-05-04-14har_fedcsl_dir10.0_LSST_model.pt
