# 2026-05-03 20:58:11  har_fedprox_dir0.1  GPU=3  cwd=/data/user_lixiongfei/CSL-main
# CMD: python3 -u FedCSL_All.py -dataset HAR --config configFedProx.yml --dirichlet-alpha 0.1 --seed 42 --description har_fedprox_dir0.1 -dataset LSST

/mnt/data/user_liangzhiyu/envs/fedcsl/lib/python3.8/site-packages/scipy/__init__.py:146: UserWarning: A NumPy version >=1.16.5 and <1.23.0 is required for this version of SciPy (detected version 1.23.5
  warnings.warn(f"A NumPy version >={np_minversion} and <{np_maxversion}"
[config] 'configFedProx.yml' 未找到，重定向到 'config/configFedProx.yml'
2459
<class 'pandas.core.frame.DataFrame'>
RangeIndex: 2459 entries, 0 to 2458
Data columns (total 7 columns):
 #   Column      Non-Null Count  Dtype 
---  ------      --------------  ----- 
 0   dim_0       2459 non-null   object
 1   dim_1       2459 non-null   object
 2   dim_2       2459 non-null   object
 3   dim_3       2459 non-null   object
 4   dim_4       2459 non-null   object
 5   dim_5       2459 non-null   object
 6   class_vals  2459 non-null   object
dtypes: object(7)
memory usage: 134.6+ KB
None
{36}
<class 'pandas.core.frame.DataFrame'>
RangeIndex: 2459 entries, 0 to 2458
Data columns (total 7 columns):
 #   Column      Non-Null Count  Dtype 
---  ------      --------------  ----- 
 0   dim_0       2459 non-null   object
 1   dim_1       2459 non-null   object
 2   dim_2       2459 non-null   object
 3   dim_3       2459 non-null   object
 4   dim_4       2459 non-null   object
 5   dim_5       2459 non-null   object
 6   class_vals  2459 non-null   object
dtypes: object(7)
memory usage: 134.6+ KB
None
[ 0  0  0 ... 13 13 13]
[  34   35   36   37   38   39   40   41   42   43   44   45   46   47
   48   49   50   51   52   53   54   55   56   57   58   59   60   61
   62   63   64   65   66   67   68   69   70   71   72   73   74   75
   76   77   78   79   80   81   82   83   84   85   86   87   88   89
   90   91   92   93   94   95   96   97   98   99  100  101  102  103
  104  105  106  107  108  109  110  111  112  113  114  115  116  117
  118  119  120  121  122  123  124  125  126  127  128  129  130  131
  132  133  134  135  136  137  138  139  140  141  142  143  144  145
  146  147  148  149  150  151  152  153  154  155  808  809  810  811
  812  813  814  815  816  817  818  819  820  821  822  823  824  825
  826  827  828  829  830  831  832  833  834  835  836  837  838  839
  840  841  842  843  844  845  846  847  848  849  850  851  852  853
  854  855  856  857  858  859  860  861  862  863  864  865  866  867
  877  878  879  880  881  882  883  884  885  886  887  888  889  890
  891  892  893  894  895  896  897  898  899  900  901  902  903  904
  905  906  907  908  909  910  911  912  913  914  915  916  917  918
  919  920  921  922  923  924  925  926  927 1030 1031 1032 1033 1034
 1035 1036 1037 1038 1039 1040 1041 1042 1043 1044 1045 1046 1047 1048
 1049 1050 1051 1053 1054 1055 1056 1057 1058 1059 1060 1061 1062 1063
 1064 1065 1066 1067 1068 1069 1070 1071 1072 1073 1074 1075 1076 1077
 1078 1079 1080 1081 1082 1083 1084 1085 1086 1087 1088 1089 1090 1091
 1092 1093 1094 1095 1096 1097 1098 1099 1100 1101 1102 1103 1104 1105
 1106 1107 1108 1109 1110 1111 1112 1113 1114 1115 1116 1117 1118 1119
 1120 1121 1122 1123 1124 1125 1126 1127 1128 1129 1130 1131 1132 1133
 1134 1135 1136 1137 1138 1139 1140 1141 1142 1143 1144 1145 1146 1147
 1148 1149 1150 1151 1152 1153 1154 1155 1156 1157 1158 1159 1160 1161
 1162 1163 1164 1165 1166 1167 1168 1169 1170 1171 1172 1173 1174 1175
 1176 1177 1178 1179 1180 1181 1182 1183 1184 1185 1186 1187 1188 1189
 1190 1191 1192 1193 1194 1195 1196 1197 1198 1199 1200 1201 1202 1203
 1204 1205 1206 1207 1208 1209 1210 1211 1212 1366 1367 1368 1369 1370
 1371 1372 1373 1374 1375 1376 1377 1378 1379 1380 1381 1382 1383 1384
 1385 1386 1387 1388 1389 1390 1391 1392 1393 1394 1395 1396 1397 1398
 1399 1400 1401 1402 1403 1404 1405 1406 1407 1408 1409 1410 1411 1412
 1413 1414 1434 1435 1436 1437 1438 1439 1440 1441 1442 1443 1444 1445
 1446 1447 1448 1449 1450 1451 1452 1453 1454 1455 1456 1457 1458 1459
 1460 1461 1462 1463 1464 1465 1466 1467 1468 1469 1470 1471 1472 1473
 1474 1475 1476 1477 1478 1479 1480 1481 1482 1483 1484 1485 1486 1487
 1488 1489 1490 1491 1492 1493 1494 1495 1496 1497 1498 1499 1500 1501
 1502 1503 1504 1505 1506 1507 1508 1509 1510 1511 1512 1513 1514 1515
 1516 1517 1518 1519 1520 1521 1522 1523 1524 1525 1526 1527 1528 1529
 1530 1531 1532 1533 1534 1535 1536 1537 2331 2332 2408 2409 2410 2411
 2412 2413 2414 2415 2416 2417 2418 2419 2420 2421 2422 2423 2424 2425
 2426 2427 2428 2429 2430 2431 2432 2433 2434 2435 2436 2437 2438 2439
 2440 2441 2442 2443 2444 2445 2446 2447 2448 2449 2450 2451 2452 2453
 2454 2455 2456 2457]
[1, 1, 1, 1, 1, 1, 1, 1, 1, 1, 1, 1, 1, 1, 1, 1, 1, 1, 1, 1, 1, 1, 1, 1, 1, 1, 1, 1, 1, 1, 1, 1, 1, 1, 1, 1, 1, 1, 1, 1, 1, 1, 1, 1, 1, 1, 1, 1, 1, 1, 1, 1, 1, 1, 1, 1, 1, 1, 1, 1, 1, 1, 1, 1, 1, 1, 1, 1, 1, 1, 1, 1, 1, 1, 1, 1, 1, 1, 1, 1, 1, 1, 1, 1, 1, 1, 1, 1, 1, 1, 1, 1, 1, 1, 1, 1, 1, 1, 1, 1, 1, 1, 1, 1, 1, 1, 1, 1, 1, 1, 1, 1, 1, 1, 1, 1, 1, 1, 1, 1, 1, 1, 4, 4, 4, 4, 4, 4, 4, 4, 4, 4, 4, 4, 4, 4, 4, 4, 4, 4, 4, 4, 4, 4, 4, 4, 4, 4, 4, 4, 4, 4, 4, 4, 4, 4, 4, 4, 4, 4, 4, 4, 4, 4, 4, 4, 4, 4, 4, 4, 4, 4, 4, 4, 4, 4, 4, 4, 4, 4, 4, 4, 6, 6, 6, 6, 6, 6, 6, 6, 6, 6, 6, 6, 6, 6, 6, 6, 6, 6, 6, 6, 6, 6, 6, 6, 6, 6, 6, 6, 6, 6, 6, 6, 6, 6, 6, 6, 6, 6, 6, 6, 6, 6, 6, 6, 6, 6, 6, 6, 6, 6, 6, 7, 7, 7, 7, 7, 7, 7, 7, 7, 7, 7, 7, 7, 7, 7, 7, 7, 7, 7, 7, 7, 7, 8, 8, 8, 8, 8, 8, 8, 8, 8, 8, 8, 8, 8, 8, 8, 8, 8, 8, 8, 8, 8, 8, 8, 8, 8, 8, 8, 8, 8, 8, 8, 8, 8, 8, 8, 8, 8, 8, 8, 8, 8, 8, 8, 8, 8, 8, 8, 8, 8, 8, 8, 8, 8, 8, 8, 8, 8, 8, 8, 8, 8, 8, 8, 8, 8, 8, 8, 8, 8, 8, 8, 8, 8, 8, 8, 8, 8, 8, 8, 8, 8, 8, 8, 8, 8, 8, 8, 8, 8, 8, 8, 8, 8, 8, 8, 8, 8, 8, 8, 8, 8, 8, 8, 8, 8, 8, 8, 8, 8, 8, 8, 8, 8, 8, 8, 8, 8, 8, 8, 8, 8, 8, 8, 8, 8, 8, 8, 8, 8, 8, 8, 8, 8, 8, 8, 8, 8, 8, 8, 8, 8, 8, 8, 8, 8, 8, 8, 8, 8, 8, 8, 8, 8, 8, 8, 8, 8, 8, 8, 8, 9, 9, 9, 9, 9, 9, 9, 9, 9, 9, 9, 9, 9, 9, 9, 9, 9, 9, 9, 9, 9, 9, 9, 9, 9, 9, 9, 9, 9, 9, 9, 9, 9, 9, 9, 9, 9, 9, 9, 9, 9, 9, 9, 9, 9, 9, 9, 9, 9, 10, 10, 10, 10, 10, 10, 10, 10, 10, 10, 10, 10, 10, 10, 10, 10, 10, 10, 10, 10, 10, 10, 10, 10, 10, 10, 10, 10, 10, 10, 10, 10, 10, 10, 10, 10, 10, 10, 10, 10, 10, 10, 10, 10, 10, 10, 10, 10, 10, 10, 10, 10, 10, 10, 10, 10, 10, 10, 10, 10, 10, 10, 10, 10, 10, 10, 10, 10, 10, 10, 10, 10, 10, 10, 10, 10, 10, 10, 10, 10, 10, 10, 10, 10, 10, 10, 10, 10, 10, 10, 10, 10, 10, 10, 10, 10, 10, 10, 10, 10, 10, 10, 10, 10, 12, 12, 13, 13, 13, 13, 13, 13, 13, 13, 13, 13, 13, 13, 13, 13, 13, 13, 13, 13, 13, 13, 13, 13, 13, 13, 13, 13, 13, 13, 13, 13, 13, 13, 13, 13, 13, 13, 13, 13, 13, 13, 13, 13, 13, 13, 13, 13, 13, 13, 13, 13]
[2, 2, 2, 2, 2, 2, 2, 2, 2, 2, 2, 2, 2, 2, 2, 2, 2, 2, 2, 2, 2, 2, 2, 2, 2, 2, 2, 2, 2, 2, 2, 2, 2, 2, 2, 2, 2, 2, 2, 2, 2, 2, 2, 2, 2, 2, 2, 2, 2, 2, 2, 2, 2, 2, 2, 2, 2, 2, 2, 2, 2, 2, 2, 2, 2, 2, 2, 2, 2, 2, 2, 2, 2, 2, 2, 2, 2, 2, 2, 2, 2, 2, 2, 2, 2, 2, 2, 2, 2, 2, 2, 2, 2, 2, 2, 2, 2, 2, 2, 2, 2, 2, 2, 2, 2, 2, 2, 2, 2, 2, 2, 2, 2, 2, 2, 2, 2, 2, 2, 2, 2, 2, 2, 2, 2, 2, 2, 2, 2, 2, 2, 2, 2, 2, 2, 2, 2, 2, 2, 2, 2, 2, 2, 2, 2, 2, 2, 2, 2, 2, 2, 2, 2, 2, 2, 2, 2, 2, 2, 2, 2, 2, 2, 2, 2, 2, 2, 2, 2, 2, 2, 2, 2, 2, 2, 2, 2, 2, 2, 2, 2, 2, 2, 2, 2, 2, 2, 2, 2, 2, 2, 2, 2, 2, 2, 2, 2, 2, 2, 2, 2, 2, 2, 2, 2, 2, 2, 2, 2, 2, 2, 2, 2, 2, 2, 2, 2, 2, 2, 2, 2, 2, 2, 2, 2, 2, 2, 2, 2, 2, 2, 2, 2, 2, 2, 2, 2, 2, 2, 2, 2, 2, 2, 2, 2, 2, 2, 2, 2, 2, 2, 2, 2, 2, 2, 2, 2, 2, 2, 2, 2, 2, 2, 2, 2, 2, 2, 2, 2, 3, 3, 3, 3, 3, 3, 3, 3, 3, 3, 3, 3, 3, 3, 3, 3, 3, 3, 3, 3, 3, 3, 3, 3, 3, 3, 3, 3, 3, 3, 3, 3, 3, 3, 3, 3, 3, 3, 3, 3, 3, 3, 3, 3, 3, 3, 3, 3, 3, 3, 3, 3, 3, 3, 3, 3, 3, 3, 3, 3, 3, 3, 3, 3, 3, 3, 3, 3, 3, 3, 3, 3, 3, 3, 3, 3, 3, 3, 3, 3, 3, 3, 3, 3, 3, 3, 3, 3, 3, 3, 3, 3, 3, 3, 3, 3, 3, 3, 3, 3, 3, 3, 3, 3, 3, 3, 3, 3, 3, 3, 3, 3, 3, 3, 3, 3, 3, 3, 3, 3, 3, 3, 3, 3, 3, 3, 3, 3, 3, 3, 3, 3, 3, 3, 3, 3, 3, 3, 3, 3, 3, 3, 3, 3, 3, 3, 3, 3, 3, 3, 3, 3, 3, 3, 3, 3, 3, 3, 3, 3, 3, 3, 3, 3, 3, 3, 3, 3, 3, 3, 3, 3, 3, 3, 3, 3, 3, 3, 3, 3, 3, 3, 3, 3, 3, 3, 3, 3, 3, 3, 3, 3, 3, 3, 3, 3, 3, 3, 3, 3, 3, 3, 3, 3, 3, 3, 3, 3, 3, 3, 3, 3, 3, 3, 3, 3, 3, 3, 3, 3, 3, 3, 3, 3, 3, 3, 3, 3, 3, 3, 3, 3, 3, 3, 3, 3, 3, 3, 3, 3, 3, 3, 3, 3, 3, 3, 3, 3, 3, 3, 3, 3, 3, 3, 3, 3, 3, 3, 3, 3, 3, 3, 3, 3, 3, 3, 3, 3, 3, 3, 3, 3, 3, 3, 3, 3, 3, 3, 3, 3, 3, 3, 3, 3, 3, 3, 3, 3, 3, 3, 3, 3, 3, 3, 3, 3, 3, 3, 3, 3, 3, 3, 3, 3, 3, 3, 3, 3, 3, 3, 3, 3, 3, 3, 3, 3, 3, 3, 3, 3, 3, 3, 3, 3, 3, 3, 3, 3, 3, 3, 3, 3, 3, 3, 3, 3, 3, 3, 3, 3, 3, 3, 3, 3, 3, 3, 3, 3, 3, 3, 3, 3, 3, 3, 3, 3, 3, 3, 3, 3, 3, 3, 3, 3, 3, 3, 3, 3, 3, 3, 3, 3, 3, 3, 3, 3, 3, 3, 3, 3, 8, 8, 8, 8, 8, 8, 8, 8, 8, 8, 9, 9, 9, 9, 9, 9, 9, 9, 9, 9, 9, 9, 9, 9, 9, 9, 9, 9, 10, 10, 10, 10, 10, 10, 10, 10, 10, 10, 10, 10, 10, 10, 10, 11, 11, 11, 11, 11, 11, 11, 11, 11, 11, 11, 11, 11, 11, 11, 11, 11, 11, 11, 11, 11, 11, 11, 11, 11, 11, 11, 11, 11, 11, 11, 11, 11, 11, 11, 11, 11, 11, 11, 11, 11, 11, 11, 11, 11, 11, 11, 11, 11, 11, 11, 11, 11, 11, 11, 11, 11, 11, 11, 11, 11, 11, 11, 11, 12, 12, 12, 12, 12, 12, 12, 12, 12, 12, 12, 12, 12, 12, 12, 12, 12, 12, 12, 12, 12, 12, 12, 12, 12, 12, 12, 12, 12, 12, 12, 12, 12, 12, 12, 12, 12, 12, 12, 12, 12, 12, 12, 12, 12, 12, 12, 12, 12, 12, 12, 12, 12, 12, 12, 12, 12, 12, 12, 12, 12, 12, 12, 12, 12, 12, 12, 12, 12, 12, 12, 12, 12, 12, 13]
[0, 0, 0, 0, 0, 0, 0, 0, 0, 0, 0, 0, 0, 0, 0, 0, 0, 0, 0, 0, 0, 0, 0, 0, 0, 0, 0, 0, 0, 0, 0, 0, 0, 0, 1, 2, 3, 4, 4, 5, 5, 5, 5, 5, 5, 5, 6, 6, 6, 6, 6, 6, 6, 6, 6, 6, 6, 6, 6, 6, 6, 6, 6, 6, 6, 6, 6, 6, 6, 6, 6, 6, 6, 6, 6, 6, 6, 6, 6, 6, 6, 6, 6, 6, 6, 6, 6, 6, 6, 6, 6, 6, 6, 6, 6, 6, 6, 6, 6, 6, 6, 6, 6, 6, 6, 6, 6, 6, 6, 6, 6, 6, 6, 6, 6, 6, 6, 6, 6, 6, 6, 6, 6, 6, 6, 6, 6, 6, 6, 6, 6, 6, 6, 6, 6, 6, 6, 6, 6, 6, 6, 6, 6, 6, 6, 6, 6, 6, 7, 8, 8, 8, 8, 8, 8, 8, 8, 8, 8, 8, 8, 8, 8, 8, 8, 8, 8, 8, 8, 8, 8, 8, 8, 8, 8, 8, 8, 8, 8, 8, 8, 8, 8, 8, 8, 8, 8, 8, 8, 8, 8, 8, 8, 8, 8, 8, 8, 8, 8, 8, 8, 8, 8, 8, 8, 8, 8, 8, 8, 8, 8, 8, 8, 8, 8, 8, 8, 8, 8, 8, 8, 8, 8, 8, 8, 8, 8, 8, 8, 8, 8, 8, 8, 8, 8, 8, 8, 8, 8, 8, 8, 8, 8, 8, 8, 8, 8, 8, 8, 8, 8, 8, 8, 8, 8, 8, 8, 8, 8, 8, 8, 8, 8, 8, 8, 8, 8, 8, 8, 8, 8, 8, 8, 8, 8, 8, 8, 8, 8, 8, 8, 8, 8, 8, 8, 8, 8, 8, 8, 8, 8, 8, 9, 10, 11, 11, 11, 11, 11, 11, 11, 11, 11, 11, 11, 11, 11, 11, 11, 11, 11, 11, 11, 11, 11, 11, 11, 11, 11, 11, 11, 11, 11, 11, 11, 11, 11, 11, 11, 11, 11, 11, 11, 11, 11, 11, 11, 11, 11, 11, 11, 11, 11, 11, 11, 11, 11, 11, 11, 11, 11, 11, 11, 11, 11, 11, 11, 11, 11, 11, 11, 11, 11, 11, 11, 11, 11, 11, 11, 11, 11, 11, 11, 11, 11, 11, 11, 11, 11, 11, 11, 11, 11, 11, 11, 11, 11, 11, 11, 11, 11, 11, 11, 11, 11, 11, 11, 11, 11, 11, 11, 11, 11, 11, 11, 11, 11, 11, 11, 11, 11, 11, 11, 11, 11, 11, 11, 11, 11, 11, 11, 11, 11, 11, 11, 11, 11, 11, 11, 11, 11, 11, 11, 11, 11, 11, 11, 11, 11, 11, 11, 11, 11, 11, 11, 11, 11, 11, 11, 11, 11, 11, 11, 11, 11, 11, 11, 11, 11, 11, 11, 11, 11, 11, 11, 11, 11, 11, 11, 11, 11, 11, 11, 11, 11, 11, 11, 11, 11, 11, 11, 11, 11, 11, 11, 11, 11, 11, 11, 11, 11, 11, 11, 11, 11, 11, 11, 11, 11, 11, 11, 11, 11, 11, 11, 11, 11, 11, 11, 11, 11, 11, 11, 11, 11, 11, 11, 11, 11, 11, 11, 11, 11, 11, 11, 11, 11, 11, 11, 11, 11, 11, 11, 11, 11, 11, 11, 11, 11, 11, 11, 11, 11, 11, 11, 11, 11, 11, 11, 11, 11, 11, 11, 11, 11, 11, 11, 11, 11, 11, 11, 11, 11, 11, 11, 11, 11, 11, 11, 11, 11, 11, 11, 11, 11, 11, 11, 11, 11, 11, 11, 11, 11, 11, 11, 11, 11, 11, 11, 11, 11, 11, 11, 11, 11, 11, 11, 11, 11, 11, 11, 11, 11, 11, 11, 11, 11, 11, 11, 11, 11, 11, 11, 11, 11, 11, 11, 11, 11, 11, 11, 11, 11, 11, 11, 11, 11, 11, 11, 11, 11, 11, 11, 11, 11, 11, 11, 11, 11, 11, 11, 11, 11, 11, 11, 11, 11, 11, 11, 11, 11, 11, 11, 11, 11, 11, 11, 11, 11, 11, 11, 11, 11, 11, 11, 11, 11, 11, 11, 11, 11, 11, 11, 11, 11, 11, 11, 11, 11, 11, 11, 11, 11, 11, 11, 11, 11, 11, 11, 11, 11, 11, 11, 11, 11, 11, 11, 11, 11, 11, 11, 11, 11, 11, 11, 11, 11, 11, 11, 11, 11, 11, 11, 11, 11, 11, 11, 11, 11, 11, 11, 11, 11, 11, 11, 11, 11, 11, 11, 11, 11, 11, 11, 11, 11, 11, 11, 11, 11, 11, 11, 11, 11, 11, 11, 11, 11, 11, 11, 11, 11, 11, 11, 11, 11, 11, 11, 11, 11, 11, 11, 11, 11, 11, 11, 11, 11, 11, 11, 11, 11, 11, 11, 11, 11, 11, 11, 11, 11, 11, 11, 11, 11, 11, 11, 11, 11, 11, 11, 11, 11, 11, 11, 11, 11, 11, 11, 11, 11, 11, 11, 11, 11, 11, 11, 11, 11, 11, 11, 11, 11, 11, 11, 11, 11, 11, 11, 11, 11, 11, 11, 11, 11, 11, 11, 11, 11, 11, 11, 11, 11, 11, 11, 11, 11, 11, 11, 11, 11, 11, 11, 11, 11, 11, 11, 11, 11, 11, 11, 11, 11, 11, 11, 11, 11, 11, 11, 11, 11, 11, 11, 11, 11, 11, 11, 11, 11, 11, 11, 11, 11, 11, 11, 11, 11, 11, 11, 11, 11, 11, 11, 11, 11, 11, 11, 11, 11, 11, 11, 11, 11, 11, 11, 11, 11, 11, 11, 11, 11, 11, 11, 11, 11, 11, 11, 11, 11, 11, 11, 11, 11, 11, 11, 11, 11, 11, 11, 11, 11, 11, 11, 11, 11, 11, 11, 11, 11, 11, 11, 11, 11, 11, 11, 11, 11, 11, 11, 11, 11, 11, 11, 11, 11, 11, 11, 11, 11, 11, 11, 11, 11, 11, 11, 11, 11, 11, 11, 11, 11, 11, 11, 11, 11, 11, 11, 11, 11, 11, 11, 11, 11, 11, 11, 11, 11, 11, 11, 11, 11, 11, 11, 11, 11, 11, 11, 11, 11, 11, 11, 11, 11, 11, 11, 11, 11, 11, 11, 11, 11, 11, 11, 11, 11, 11, 11, 11, 11, 12]
shapelet initialized!
All 3 clients initialized.
Server device: cuda:0
Client worker groups: [[0], [1], [2]]
Client worker devices: ['cuda:0', 'cuda:0', 'cuda:0']
客户端选择未启用，所有客户端参与聚合
/data/user_lixiongfei/CSL-main/train.py:801: UserWarning: Creating a tensor from a list of numpy.ndarrays is extremely slow. Please consider converting the list to a single numpy.ndarray with numpy.array() before converting to a tensor. (Triggered internally at ../torch/csrc/utils/tensor_new.cpp:278.)
  X = torch.tensor(X, dtype=torch.float)
Classification: train=1.0000 test=0.5811 round=0
[round 0] timing train=76.466s distribution=0.482s agg=0.016s eval=55.588s total=132.554s
Classification: train=1.0000 test=0.5811 round=1
[round 1] timing train=89.479s distribution=0.427s agg=0.020s eval=53.601s total=143.531s
Classification: train=1.0000 test=0.5779 round=2
[round 2] timing train=91.265s distribution=0.439s agg=0.023s eval=55.178s total=146.930s
Classification: train=1.0000 test=0.5783 round=3
[round 3] timing train=91.859s distribution=0.510s agg=0.051s eval=54.910s total=147.352s
Classification: train=1.0000 test=0.5779 round=4
[round 4] timing train=93.918s distribution=0.453s agg=0.019s eval=53.551s total=147.963s
Classification: train=1.0000 test=0.5815 round=5
[round 5] timing train=92.571s distribution=0.511s agg=0.031s eval=56.187s total=149.324s
Classification: train=1.0000 test=0.5803 round=6
[round 6] timing train=97.407s distribution=0.445s agg=0.035s eval=58.379s total=156.270s
Classification: train=1.0000 test=0.5819 round=7
[round 7] timing train=97.264s distribution=0.429s agg=0.034s eval=58.098s total=155.832s
Classification: train=1.0000 test=0.5811 round=8
[round 8] timing train=98.098s distribution=0.487s agg=0.043s eval=58.769s total=157.410s
Classification: train=1.0000 test=0.5799 round=9
[round 9] timing train=90.146s distribution=0.576s agg=0.109s eval=58.846s total=149.685s
Classification: train=1.0000 test=0.5795 round=10
[round 10] timing train=95.900s distribution=0.491s agg=0.088s eval=59.047s total=155.548s
Classification: train=1.0000 test=0.5819 round=11
[round 11] timing train=102.496s distribution=0.496s agg=0.058s eval=59.133s total=162.192s
Classification: train=1.0000 test=0.5803 round=12
[round 12] timing train=94.702s distribution=0.470s agg=0.039s eval=57.103s total=152.329s
Classification: train=1.0000 test=0.5839 round=13
[round 13] timing train=97.007s distribution=0.583s agg=0.057s eval=57.948s total=155.605s
Classification: train=1.0000 test=0.5860 round=14
[round 14] timing train=96.151s distribution=0.544s agg=0.093s eval=57.580s total=154.372s
Classification: train=1.0000 test=0.5843 round=15
[round 15] timing train=94.481s distribution=0.535s agg=0.024s eval=58.564s total=153.607s
Classification: train=1.0000 test=0.5868 round=16
[round 16] timing train=102.398s distribution=0.594s agg=0.071s eval=59.144s total=162.214s
Classification: train=1.0000 test=0.5860 round=17
[round 17] timing train=94.083s distribution=0.606s agg=0.051s eval=60.128s total=154.872s
Classification: train=1.0000 test=0.5860 round=18
[round 18] timing train=89.841s distribution=0.543s agg=0.042s eval=57.830s total=148.261s
Classification: train=1.0000 test=0.5843 round=19
[round 19] timing train=101.300s distribution=0.517s agg=0.088s eval=58.878s total=160.789s
Classification: train=1.0000 test=0.5831 round=20
[round 20] timing train=102.349s distribution=0.529s agg=0.067s eval=58.476s total=161.443s
Classification: train=1.0000 test=0.5815 round=21
[round 21] timing train=97.656s distribution=0.543s agg=0.120s eval=58.947s total=157.271s
Classification: train=1.0000 test=0.5815 round=22
[round 22] timing train=99.234s distribution=0.407s agg=0.025s eval=56.102s total=155.774s
Classification: train=1.0000 test=0.5823 round=23
[round 23] timing train=102.997s distribution=0.447s agg=0.029s eval=58.767s total=162.245s
Classification: train=1.0000 test=0.5807 round=24
[round 24] timing train=99.127s distribution=0.568s agg=0.019s eval=55.598s total=155.322s
Classification: train=1.0000 test=0.5754 round=25
[round 25] timing train=100.971s distribution=0.432s agg=0.038s eval=57.715s total=159.160s
Classification: train=1.0000 test=0.5750 round=26
[round 26] timing train=93.063s distribution=0.489s agg=0.051s eval=57.985s total=151.597s
Classification: train=1.0000 test=0.5815 round=27
[round 27] timing train=98.496s distribution=0.409s agg=0.058s eval=57.803s total=156.772s
Classification: train=1.0000 test=0.5799 round=28
[round 28] timing train=93.444s distribution=0.446s agg=0.039s eval=57.928s total=151.871s
Classification: train=1.0000 test=0.5835 round=29
[round 29] timing train=99.996s distribution=0.494s agg=0.059s eval=57.450s total=158.005s
[fedcsl] checkpoint saved → ./checkpoint/resume/fedcsl_LSST_2026-05-03-20har_fedprox_dir0.1.pt (round=30)
Classification: train=1.0000 test=0.5831 round=30
[round 30] timing train=98.922s distribution=0.416s agg=0.082s eval=60.752s total=160.175s
Classification: train=1.0000 test=0.5856 round=31
[round 31] timing train=99.158s distribution=0.615s agg=0.053s eval=59.470s total=159.301s
Classification: train=1.0000 test=0.5852 round=32
[round 32] timing train=102.471s distribution=0.695s agg=0.073s eval=56.901s total=160.155s
Classification: train=1.0000 test=0.5852 round=33
[round 33] timing train=100.873s distribution=0.411s agg=0.031s eval=57.352s total=158.683s
Classification: train=1.0000 test=0.5823 round=34
[round 34] timing train=97.947s distribution=0.664s agg=0.047s eval=56.075s total=154.737s
Classification: train=1.0000 test=0.5815 round=35
[round 35] timing train=97.777s distribution=0.454s agg=0.052s eval=57.886s total=156.175s
Classification: train=1.0000 test=0.5860 round=36
[round 36] timing train=104.435s distribution=0.695s agg=0.052s eval=57.581s total=162.766s
Classification: train=1.0000 test=0.5852 round=37
[round 37] timing train=94.249s distribution=0.616s agg=0.074s eval=58.133s total=153.077s
Classification: train=1.0000 test=0.5904 round=38
[round 38] timing train=96.819s distribution=0.603s agg=0.081s eval=57.124s total=154.632s
Classification: train=1.0000 test=0.5856 round=39
[round 39] timing train=98.840s distribution=0.553s agg=0.067s eval=57.591s total=157.056s
Classification: train=1.0000 test=0.5860 round=40
[round 40] timing train=101.065s distribution=0.527s agg=0.029s eval=57.081s total=158.707s
Classification: train=1.0000 test=0.5864 round=41
[round 41] timing train=94.443s distribution=0.820s agg=0.130s eval=67.157s total=162.555s
Classification: train=1.0000 test=0.5848 round=42
[round 42] timing train=112.946s distribution=0.684s agg=0.079s eval=74.613s total=188.332s
Classification: train=1.0000 test=0.5852 round=43
[round 43] timing train=124.623s distribution=0.374s agg=0.044s eval=63.557s total=188.611s
Classification: train=1.0000 test=0.5884 round=44
[round 44] timing train=123.410s distribution=0.618s agg=0.058s eval=71.438s total=195.536s
Classification: train=1.0000 test=0.5876 round=45
[round 45] timing train=109.551s distribution=0.725s agg=0.089s eval=77.127s total=187.531s
Classification: train=1.0000 test=0.5900 round=46
[round 46] timing train=119.294s distribution=0.694s agg=0.068s eval=78.536s total=198.635s
Classification: train=1.0000 test=0.5864 round=47
[round 47] timing train=121.771s distribution=0.832s agg=0.132s eval=75.056s total=197.799s
Classification: train=1.0000 test=0.5811 round=48
[round 48] timing train=109.891s distribution=0.765s agg=0.100s eval=73.076s total=183.840s
Classification: train=1.0000 test=0.5827 round=49
[round 49] timing train=123.403s distribution=0.826s agg=0.168s eval=86.232s total=210.638s
Classification: train=1.0000 test=0.5856 round=50
[round 50] timing train=140.746s distribution=0.993s agg=0.126s eval=92.217s total=234.094s
Classification: train=1.0000 test=0.5860 round=51
[round 51] timing train=137.130s distribution=1.099s agg=0.098s eval=87.252s total=225.588s
Classification: train=1.0000 test=0.5839 round=52
[round 52] timing train=139.041s distribution=0.811s agg=0.166s eval=90.495s total=230.541s
Classification: train=1.0000 test=0.5843 round=53
[round 53] timing train=137.617s distribution=0.728s agg=0.095s eval=88.273s total=226.729s
Classification: train=1.0000 test=0.5835 round=54
[round 54] timing train=144.387s distribution=0.655s agg=0.127s eval=86.804s total=232.007s
Classification: train=1.0000 test=0.5856 round=55
[round 55] timing train=137.621s distribution=0.785s agg=0.176s eval=89.113s total=227.721s
Classification: train=1.0000 test=0.5868 round=56
[round 56] timing train=141.085s distribution=0.796s agg=0.154s eval=95.395s total=237.438s
Classification: train=1.0000 test=0.5892 round=57
[round 57] timing train=141.524s distribution=0.802s agg=0.181s eval=91.325s total=233.846s
Classification: train=1.0000 test=0.5864 round=58
[round 58] timing train=149.409s distribution=0.872s agg=0.076s eval=90.164s total=240.528s
Classification: train=1.0000 test=0.5852 round=59
[round 59] timing train=143.517s distribution=0.707s agg=0.233s eval=92.957s total=237.447s
[fedcsl] checkpoint saved → ./checkpoint/resume/fedcsl_LSST_2026-05-03-20har_fedprox_dir0.1.pt (round=60)
Classification: train=1.0000 test=0.5860 round=60
[round 60] timing train=149.182s distribution=0.916s agg=0.159s eval=86.144s total=236.417s
Classification: train=1.0000 test=0.5848 round=61
[round 61] timing train=137.966s distribution=0.912s agg=0.163s eval=91.528s total=230.575s
Classification: train=1.0000 test=0.5896 round=62
[round 62] timing train=143.674s distribution=0.983s agg=0.153s eval=86.981s total=231.817s
Classification: train=1.0000 test=0.5856 round=63
[round 63] timing train=148.165s distribution=0.810s agg=0.112s eval=87.484s total=236.584s
Classification: train=1.0000 test=0.5876 round=64
[round 64] timing train=148.164s distribution=1.117s agg=0.209s eval=86.475s total=236.003s
Classification: train=1.0000 test=0.5864 round=65
[round 65] timing train=141.634s distribution=1.008s agg=0.251s eval=88.636s total=231.543s
Classification: train=1.0000 test=0.5856 round=66
[round 66] timing train=144.362s distribution=0.813s agg=0.129s eval=89.350s total=234.663s
Classification: train=1.0000 test=0.5896 round=67
[round 67] timing train=144.801s distribution=1.000s agg=0.204s eval=91.089s total=237.108s
Classification: train=1.0000 test=0.5864 round=68
[round 68] timing train=149.815s distribution=0.846s agg=0.145s eval=89.933s total=240.754s
Classification: train=1.0000 test=0.5876 round=69
[round 69] timing train=147.154s distribution=0.939s agg=0.149s eval=87.701s total=235.973s
Classification: train=1.0000 test=0.5900 round=70
[round 70] timing train=145.327s distribution=0.917s agg=0.117s eval=88.760s total=235.132s
Classification: train=1.0000 test=0.5880 round=71
[round 71] timing train=147.107s distribution=0.729s agg=0.096s eval=88.035s total=235.979s
Classification: train=1.0000 test=0.5888 round=72
[round 72] timing train=148.461s distribution=0.847s agg=0.278s eval=88.570s total=238.191s
Classification: train=1.0000 test=0.5835 round=73
[round 73] timing train=124.119s distribution=0.691s agg=0.120s eval=90.359s total=215.305s
Classification: train=1.0000 test=0.5880 round=74
[round 74] timing train=149.761s distribution=0.883s agg=0.159s eval=90.125s total=240.978s
Classification: train=1.0000 test=0.5852 round=75
[round 75] timing train=144.740s distribution=1.126s agg=0.171s eval=90.410s total=236.454s
Classification: train=1.0000 test=0.5848 round=76
[round 76] timing train=143.352s distribution=1.159s agg=0.221s eval=88.428s total=233.196s
Classification: train=1.0000 test=0.5848 round=77
[round 77] timing train=147.334s distribution=0.902s agg=0.156s eval=88.859s total=237.265s
Classification: train=1.0000 test=0.5860 round=78
[round 78] timing train=122.061s distribution=0.648s agg=0.062s eval=83.890s total=206.692s
Classification: train=1.0000 test=0.5839 round=79
[round 79] timing train=154.492s distribution=0.940s agg=0.149s eval=83.384s total=238.973s
Classification: train=1.0000 test=0.5848 round=80
[round 80] timing train=153.835s distribution=0.905s agg=0.136s eval=87.520s total=242.410s
Classification: train=1.0000 test=0.5856 round=81
[round 81] timing train=140.087s distribution=1.104s agg=0.230s eval=88.740s total=230.189s
Classification: train=1.0000 test=0.5872 round=82
[round 82] timing train=143.107s distribution=0.736s agg=0.157s eval=84.905s total=228.922s
Classification: train=1.0000 test=0.5892 round=83
[round 83] timing train=141.764s distribution=0.812s agg=0.089s eval=88.493s total=231.182s
Classification: train=1.0000 test=0.5904 round=84
[round 84] timing train=150.278s distribution=0.725s agg=0.044s eval=91.951s total=243.012s
Classification: train=1.0000 test=0.5868 round=85
[round 85] timing train=143.583s distribution=0.821s agg=0.146s eval=93.605s total=238.180s
Classification: train=1.0000 test=0.5868 round=86
[round 86] timing train=137.045s distribution=0.946s agg=0.194s eval=91.908s total=230.111s
Classification: train=1.0000 test=0.5876 round=87
[round 87] timing train=138.779s distribution=1.040s agg=0.130s eval=94.685s total=234.640s
Classification: train=1.0000 test=0.5872 round=88
[round 88] timing train=139.709s distribution=1.136s agg=0.181s eval=91.850s total=232.907s
Classification: train=1.0000 test=0.5908 round=89
[round 89] timing train=143.662s distribution=0.832s agg=0.166s eval=88.903s total=233.605s
[fedcsl] checkpoint saved → ./checkpoint/resume/fedcsl_LSST_2026-05-03-20har_fedprox_dir0.1.pt (round=90)
Classification: train=1.0000 test=0.5884 round=90
[round 90] timing train=141.443s distribution=0.889s agg=0.149s eval=89.330s total=231.821s
Classification: train=1.0000 test=0.5916 round=91
[round 91] timing train=147.597s distribution=0.713s agg=0.154s eval=91.200s total=239.671s
Classification: train=1.0000 test=0.5892 round=92
[round 92] timing train=143.422s distribution=0.915s agg=0.093s eval=87.791s total=232.224s
Classification: train=1.0000 test=0.5908 round=93
[round 93] timing train=143.972s distribution=0.874s agg=0.163s eval=87.537s total=232.563s
Classification: train=1.0000 test=0.5912 round=94
[round 94] timing train=145.967s distribution=0.736s agg=0.194s eval=91.741s total=238.657s
Classification: train=1.0000 test=0.5892 round=95
[round 95] timing train=148.763s distribution=0.924s agg=0.149s eval=86.579s total=236.427s
Classification: train=1.0000 test=0.5868 round=96
[round 96] timing train=143.166s distribution=0.871s agg=0.151s eval=87.768s total=231.966s
Classification: train=1.0000 test=0.5864 round=97
[round 97] timing train=140.984s distribution=0.739s agg=0.170s eval=91.624s total=233.530s
Classification: train=1.0000 test=0.5864 round=98
[round 98] timing train=142.311s distribution=0.912s agg=0.268s eval=88.480s total=231.985s
Classification: train=1.0000 test=0.5880 round=99
[round 99] timing train=143.647s distribution=0.850s agg=0.186s eval=95.172s total=239.861s
Classification: train=1.0000 test=0.5892 round=100
[round 100] timing train=141.563s distribution=0.993s agg=0.204s eval=90.994s total=233.790s
Classification: train=1.0000 test=0.5876 round=101
[round 101] timing train=145.833s distribution=0.854s agg=0.141s eval=92.660s total=239.503s
Classification: train=1.0000 test=0.5848 round=102
[round 102] timing train=134.062s distribution=0.753s agg=0.121s eval=74.992s total=209.954s
Classification: train=1.0000 test=0.5880 round=103
[round 103] timing train=139.547s distribution=1.035s agg=0.191s eval=91.455s total=232.235s
Classification: train=1.0000 test=0.5876 round=104
[round 104] timing train=144.249s distribution=0.622s agg=0.083s eval=83.827s total=228.789s
Classification: train=1.0000 test=0.5876 round=105
[round 105] timing train=144.554s distribution=1.084s agg=0.193s eval=88.069s total=233.918s
Classification: train=1.0000 test=0.5884 round=106
[round 106] timing train=142.098s distribution=0.782s agg=0.142s eval=86.256s total=229.301s
Classification: train=1.0000 test=0.5876 round=107
[round 107] timing train=144.827s distribution=0.836s agg=0.196s eval=84.221s total=230.089s
Classification: train=1.0000 test=0.5872 round=108
[round 108] timing train=128.673s distribution=0.840s agg=0.149s eval=88.068s total=217.741s
Classification: train=1.0000 test=0.5868 round=109
[round 109] timing train=142.519s distribution=0.989s agg=0.105s eval=88.210s total=231.842s
Classification: train=1.0000 test=0.5860 round=110
[round 110] timing train=143.299s distribution=1.083s agg=0.199s eval=91.688s total=236.301s
Classification: train=1.0000 test=0.5880 round=111
[round 111] timing train=147.242s distribution=0.824s agg=0.136s eval=90.700s total=238.916s
Classification: train=1.0000 test=0.5864 round=112
[round 112] timing train=149.477s distribution=0.872s agg=0.145s eval=88.726s total=239.231s
Classification: train=1.0000 test=0.5876 round=113
[round 113] timing train=148.203s distribution=0.863s agg=0.230s eval=93.539s total=242.848s
Classification: train=1.0000 test=0.5884 round=114
[round 114] timing train=143.518s distribution=0.871s agg=0.187s eval=91.924s total=236.527s
Classification: train=1.0000 test=0.5831 round=115
[round 115] timing train=148.331s distribution=0.924s agg=0.204s eval=90.522s total=239.995s
Classification: train=1.0000 test=0.5823 round=116
[round 116] timing train=143.011s distribution=0.911s agg=0.100s eval=88.019s total=232.098s
Classification: train=1.0000 test=0.5880 round=117
[round 117] timing train=148.306s distribution=0.926s agg=0.152s eval=88.793s total=238.206s
Classification: train=1.0000 test=0.5876 round=118
[round 118] timing train=144.257s distribution=0.785s agg=0.085s eval=92.237s total=237.379s
Classification: train=1.0000 test=0.5839 round=119
[round 119] timing train=138.108s distribution=0.903s agg=0.090s eval=89.238s total=228.353s
[fedcsl] checkpoint saved → ./checkpoint/resume/fedcsl_LSST_2026-05-03-20har_fedprox_dir0.1.pt (round=120)
Classification: train=1.0000 test=0.5856 round=120
[round 120] timing train=143.889s distribution=0.919s agg=0.082s eval=84.878s total=229.780s
Classification: train=1.0000 test=0.5908 round=121
[round 121] timing train=145.154s distribution=0.952s agg=0.161s eval=93.169s total=239.489s
Classification: train=1.0000 test=0.5835 round=122
[round 122] timing train=149.613s distribution=0.975s agg=0.278s eval=85.719s total=236.599s
Classification: train=1.0000 test=0.5848 round=123
[round 123] timing train=148.813s distribution=0.705s agg=0.063s eval=90.183s total=239.781s
Classification: train=1.0000 test=0.5856 round=124
[round 124] timing train=147.854s distribution=0.891s agg=0.227s eval=92.061s total=241.045s
Classification: train=1.0000 test=0.5835 round=125
[round 125] timing train=149.269s distribution=0.894s agg=0.096s eval=90.117s total=240.384s
Classification: train=1.0000 test=0.5856 round=126
[round 126] timing train=146.753s distribution=1.008s agg=0.149s eval=87.189s total=235.113s
Classification: train=1.0000 test=0.5823 round=127
[round 127] timing train=144.741s distribution=0.888s agg=0.189s eval=89.994s total=235.818s
Classification: train=1.0000 test=0.5872 round=128
[round 128] timing train=142.035s distribution=0.853s agg=0.178s eval=87.265s total=230.358s
Classification: train=1.0000 test=0.5896 round=129
[round 129] timing train=142.636s distribution=0.838s agg=0.182s eval=89.760s total=233.422s
Classification: train=1.0000 test=0.5860 round=130
[round 130] timing train=144.199s distribution=1.008s agg=0.103s eval=87.441s total=232.765s
Classification: train=1.0000 test=0.5896 round=131
[round 131] timing train=143.653s distribution=0.810s agg=0.197s eval=82.296s total=226.962s
Classification: train=1.0000 test=0.5860 round=132
[round 132] timing train=140.824s distribution=1.030s agg=0.097s eval=87.510s total=229.470s
Classification: train=1.0000 test=0.5839 round=133
[round 133] timing train=143.251s distribution=0.813s agg=0.163s eval=86.787s total=231.020s
Classification: train=1.0000 test=0.5831 round=134
[round 134] timing train=143.215s distribution=0.776s agg=0.158s eval=88.619s total=232.774s
Classification: train=1.0000 test=0.5864 round=135
[round 135] timing train=149.869s distribution=1.005s agg=0.090s eval=83.455s total=234.425s
Classification: train=1.0000 test=0.5884 round=136
[round 136] timing train=145.209s distribution=0.799s agg=0.105s eval=85.747s total=231.870s
Classification: train=1.0000 test=0.5904 round=137
[round 137] timing train=110.862s distribution=0.792s agg=0.058s eval=75.183s total=186.924s
Classification: train=1.0000 test=0.5860 round=138
[round 138] timing train=148.198s distribution=0.910s agg=0.166s eval=83.520s total=232.800s
Classification: train=1.0000 test=0.5848 round=139
[round 139] timing train=145.878s distribution=0.757s agg=0.091s eval=87.144s total=233.880s
Classification: train=1.0000 test=0.5876 round=140
[round 140] timing train=142.994s distribution=1.104s agg=0.135s eval=88.956s total=233.212s
Classification: train=1.0000 test=0.5860 round=141
[round 141] timing train=142.303s distribution=0.794s agg=0.138s eval=87.816s total=231.077s
Classification: train=1.0000 test=0.5872 round=142
[round 142] timing train=146.599s distribution=0.868s agg=0.148s eval=88.559s total=236.183s
Classification: train=1.0000 test=0.5900 round=143
[round 143] timing train=142.934s distribution=0.848s agg=0.170s eval=86.548s total=230.506s
Classification: train=1.0000 test=0.5896 round=144
[round 144] timing train=142.509s distribution=0.903s agg=0.145s eval=93.485s total=237.093s
Classification: train=1.0000 test=0.5904 round=145
[round 145] timing train=140.108s distribution=0.930s agg=0.183s eval=89.816s total=231.070s
Classification: train=1.0000 test=0.5908 round=146
[round 146] timing train=145.869s distribution=0.876s agg=0.064s eval=84.434s total=231.248s
Classification: train=1.0000 test=0.5933 round=147
[round 147] timing train=147.905s distribution=0.784s agg=0.161s eval=87.173s total=236.047s
Classification: train=1.0000 test=0.5953 round=148
[round 148] timing train=139.081s distribution=1.042s agg=0.113s eval=93.069s total=233.318s
Classification: train=1.0000 test=0.5896 round=149
[round 149] timing train=141.707s distribution=0.826s agg=0.109s eval=86.677s total=229.322s
[fedcsl] checkpoint saved → ./checkpoint/resume/fedcsl_LSST_2026-05-03-20har_fedprox_dir0.1.pt (round=150)
Classification: train=1.0000 test=0.5900 round=150
[round 150] timing train=141.856s distribution=0.733s agg=0.162s eval=87.393s total=230.153s
Classification: train=1.0000 test=0.5868 round=151
[round 151] timing train=145.002s distribution=0.950s agg=0.249s eval=85.908s total=232.150s
Classification: train=1.0000 test=0.5912 round=152
[round 152] timing train=140.852s distribution=0.815s agg=0.243s eval=87.005s total=228.922s
Classification: train=1.0000 test=0.5900 round=153
[round 153] timing train=150.604s distribution=0.765s agg=0.117s eval=84.310s total=235.834s
Classification: train=1.0000 test=0.5953 round=154
[round 154] timing train=147.514s distribution=0.894s agg=0.074s eval=88.537s total=237.031s
Classification: train=1.0000 test=0.5961 round=155
[round 155] timing train=153.923s distribution=0.803s agg=0.143s eval=89.826s total=244.742s
Classification: train=1.0000 test=0.5953 round=156
[round 156] timing train=144.547s distribution=0.920s agg=0.145s eval=88.302s total=233.934s
Classification: train=1.0000 test=0.5921 round=157
[round 157] timing train=145.467s distribution=0.850s agg=0.131s eval=88.675s total=235.177s
Classification: train=1.0000 test=0.5925 round=158
[round 158] timing train=144.291s distribution=0.818s agg=0.168s eval=90.773s total=236.066s
Classification: train=1.0000 test=0.5941 round=159
[round 159] timing train=138.775s distribution=1.002s agg=0.101s eval=93.411s total=233.314s
Classification: train=1.0000 test=0.5949 round=160
[round 160] timing train=136.381s distribution=0.975s agg=0.155s eval=89.444s total=226.962s
Classification: train=1.0000 test=0.5957 round=161
[round 161] timing train=128.970s distribution=0.660s agg=0.083s eval=72.113s total=201.839s
Classification: train=1.0000 test=0.5989 round=162
[round 162] timing train=145.128s distribution=0.569s agg=0.176s eval=91.500s total=237.380s
Classification: train=1.0000 test=0.5957 round=163
[round 163] timing train=142.004s distribution=0.988s agg=0.109s eval=90.074s total=233.195s
Classification: train=1.0000 test=0.5937 round=164
[round 164] timing train=146.546s distribution=0.902s agg=0.174s eval=90.695s total=238.333s
Classification: train=1.0000 test=0.5921 round=165
[round 165] timing train=142.322s distribution=1.126s agg=0.133s eval=91.898s total=235.493s
Classification: train=1.0000 test=0.5900 round=166
[round 166] timing train=134.812s distribution=0.593s agg=0.106s eval=74.277s total=209.819s
Classification: train=1.0000 test=0.5933 round=167
[round 167] timing train=137.763s distribution=0.589s agg=0.132s eval=89.914s total=228.412s
Classification: train=1.0000 test=0.5945 round=168
[round 168] timing train=141.600s distribution=0.847s agg=0.183s eval=90.658s total=233.321s
Classification: train=1.0000 test=0.5957 round=169
[round 169] timing train=138.187s distribution=0.801s agg=0.135s eval=88.880s total=228.033s
Classification: train=1.0000 test=0.5925 round=170
[round 170] timing train=136.903s distribution=0.786s agg=0.063s eval=88.666s total=226.466s
Classification: train=1.0000 test=0.5904 round=171
[round 171] timing train=137.519s distribution=0.822s agg=0.082s eval=88.202s total=226.633s
Classification: train=1.0000 test=0.5925 round=172
[round 172] timing train=137.164s distribution=1.380s agg=0.104s eval=85.392s total=224.052s
Classification: train=1.0000 test=0.5977 round=173
[round 173] timing train=141.126s distribution=1.015s agg=0.155s eval=83.284s total=225.586s
Classification: train=1.0000 test=0.5937 round=174
[round 174] timing train=136.293s distribution=0.829s agg=0.128s eval=89.425s total=226.701s
Classification: train=1.0000 test=0.5921 round=175
[round 175] timing train=147.449s distribution=1.022s agg=0.178s eval=83.410s total=232.070s
Classification: train=1.0000 test=0.5925 round=176
[round 176] timing train=139.790s distribution=0.932s agg=0.117s eval=93.038s total=233.899s
Classification: train=1.0000 test=0.5929 round=177
[round 177] timing train=135.591s distribution=0.860s agg=0.119s eval=84.506s total=221.099s
Classification: train=1.0000 test=0.5949 round=178
[round 178] timing train=139.456s distribution=0.918s agg=0.130s eval=84.181s total=224.719s
Classification: train=1.0000 test=0.5961 round=179
[round 179] timing train=138.405s distribution=0.932s agg=0.169s eval=86.220s total=225.756s
[fedcsl] checkpoint saved → ./checkpoint/resume/fedcsl_LSST_2026-05-03-20har_fedprox_dir0.1.pt (round=180)
Classification: train=1.0000 test=0.5957 round=180
[round 180] timing train=139.921s distribution=0.913s agg=0.098s eval=86.007s total=226.947s
Classification: train=1.0000 test=0.5945 round=181
[round 181] timing train=140.623s distribution=0.694s agg=0.150s eval=82.464s total=223.936s
Classification: train=1.0000 test=0.5937 round=182
[round 182] timing train=140.299s distribution=0.758s agg=0.114s eval=86.147s total=227.345s
Classification: train=1.0000 test=0.5945 round=183
[round 183] timing train=139.823s distribution=0.792s agg=0.099s eval=83.023s total=223.765s
Classification: train=1.0000 test=0.5929 round=184
[round 184] timing train=142.299s distribution=1.002s agg=0.107s eval=85.572s total=229.006s
Classification: train=1.0000 test=0.5900 round=185
[round 185] timing train=142.194s distribution=0.901s agg=0.119s eval=83.513s total=226.757s
Classification: train=1.0000 test=0.5941 round=186
[round 186] timing train=140.702s distribution=0.967s agg=0.123s eval=85.051s total=226.871s
Classification: train=1.0000 test=0.5937 round=187
[round 187] timing train=136.267s distribution=0.822s agg=0.111s eval=86.623s total=223.831s
Classification: train=1.0000 test=0.5929 round=188
[round 188] timing train=123.889s distribution=0.804s agg=0.057s eval=72.337s total=197.119s
Classification: train=1.0000 test=0.5888 round=189
[round 189] timing train=136.413s distribution=0.817s agg=0.239s eval=86.082s total=223.573s
Classification: train=1.0000 test=0.5912 round=190
[round 190] timing train=143.186s distribution=0.956s agg=0.178s eval=84.120s total=228.462s
Classification: train=1.0000 test=0.5916 round=191
[round 191] timing train=139.859s distribution=0.810s agg=0.173s eval=80.812s total=221.674s
Classification: train=1.0000 test=0.5908 round=192
[round 192] timing train=137.778s distribution=0.799s agg=0.058s eval=87.136s total=225.794s
Classification: train=1.0000 test=0.5908 round=193
[round 193] timing train=139.159s distribution=0.911s agg=0.184s eval=85.015s total=225.306s
Classification: train=1.0000 test=0.5912 round=194
[round 194] timing train=136.266s distribution=1.015s agg=0.136s eval=82.657s total=220.111s
Classification: train=1.0000 test=0.5896 round=195
[round 195] timing train=135.332s distribution=0.870s agg=0.135s eval=84.692s total=221.043s
Classification: train=1.0000 test=0.5921 round=196
[round 196] timing train=138.743s distribution=0.870s agg=0.071s eval=84.220s total=223.918s
Classification: train=1.0000 test=0.5949 round=197
[round 197] timing train=104.578s distribution=0.794s agg=0.074s eval=74.969s total=180.433s
Classification: train=1.0000 test=0.5949 round=198
[round 198] timing train=126.652s distribution=0.780s agg=0.090s eval=84.388s total=211.941s
Classification: train=1.0000 test=0.5916 round=199
[round 199] timing train=143.042s distribution=0.927s agg=0.142s eval=82.821s total=226.940s
best round is 162, acc is 0.598946
Model saved to ./checkpoint/LSST/2026-05-03-20har_fedprox_dir0.1_LSST_model.pt
