Running experiment with dataset: CharacterTrajectories, config: ./result/ablation_study/config_CharacterTrajectories.yml
/mnt/data/user_liangzhiyu/envs/fedcsl/lib/python3.8/site-packages/scipy/__init__.py:146: UserWarning: A NumPy version >=1.16.5 and <1.23.0 is required for this version of SciPy (detected version 1.23.5
  warnings.warn(f"A NumPy version >={np_minversion} and <{np_maxversion}"
/mnt/data/user_liangzhiyu/envs/fedcsl/lib/python3.8/site-packages/tslearn/bases/bases.py:15: UserWarning: h5py not installed, hdf5 features will not be supported.
Install h5py to use hdf5 features: http://docs.h5py.org/
  warn(h5py_msg)
[0.09514033 0.10277917 0.11127909 0.12035814 0.12964186 0.13872091
 0.14722083 0.15485967]
1422
<class 'pandas.core.frame.DataFrame'>
RangeIndex: 1422 entries, 0 to 1421
Data columns (total 4 columns):
 #   Column      Non-Null Count  Dtype 
---  ------      --------------  ----- 
 0   dim_0       1422 non-null   object
 1   dim_1       1422 non-null   object
 2   dim_2       1422 non-null   object
 3   class_vals  1422 non-null   object
dtypes: object(4)
memory usage: 44.6+ KB
None
{61, 62, 63, 64, 65, 66, 67, 68, 69, 70, 71, 72, 73, 74, 75, 76, 77, 78, 79, 80, 81, 82, 83, 84, 85, 86, 87, 88, 89, 90, 91, 92, 93, 94, 95, 96, 97, 98, 99, 100, 101, 102, 103, 104, 105, 106, 107, 108, 109, 110, 111, 112, 113, 114, 115, 116, 117, 118, 119, 120, 121, 122, 123, 124, 125, 126, 127, 128, 129, 130, 131, 132, 133, 134, 135, 136, 137, 138, 139, 140, 141, 142, 143, 144, 145, 146, 147, 148, 149, 150, 151, 152, 153, 154, 155, 156, 157, 158, 159, 160, 161, 162, 163, 164, 165, 168, 169, 174, 175, 178, 182}
Traceback (most recent call last):
  File "FedCSL_All.py", line 318, in <module>
    train(dataset=args.dataset)
  File "FedCSL_All.py", line 123, in train
    X_all, y_all, X_test, y_test, X_fed, y_fed = LoadDataset_UEA(dataset, numClient,dirchlet_alpha=dirichlet_alpha,
  File "/mnt/data/user_liangzhiyu/lixiongfei/CSL-main/dataset_utils.py", line 81, in LoadDataset_UEA
    X_test = reshape_dataframe_to_tensor(X_test)
  File "/mnt/data/user_liangzhiyu/lixiongfei/CSL-main/fedutil.py", line 167, in reshape_dataframe_to_tensor
    tensor[i, j, :] = df.iloc[i, j].values  # 将 Series 转换为数值数组并填入
ValueError: could not broadcast input array from shape (128,) into shape (144,)
Running experiment with dataset: CharacterTrajectories, config: ./result/ablation_study/config_CharacterTrajectories.yml
/mnt/data/user_liangzhiyu/envs/fedcsl/lib/python3.8/site-packages/scipy/__init__.py:146: UserWarning: A NumPy version >=1.16.5 and <1.23.0 is required for this version of SciPy (detected version 1.23.5
  warnings.warn(f"A NumPy version >={np_minversion} and <{np_maxversion}"
/mnt/data/user_liangzhiyu/envs/fedcsl/lib/python3.8/site-packages/tslearn/bases/bases.py:15: UserWarning: h5py not installed, hdf5 features will not be supported.
Install h5py to use hdf5 features: http://docs.h5py.org/
  warn(h5py_msg)
[0.09514033 0.10277917 0.11127909 0.12035814 0.12964186 0.13872091
 0.14722083 0.15485967]
1422
<class 'pandas.core.frame.DataFrame'>
RangeIndex: 1422 entries, 0 to 1421
Data columns (total 4 columns):
 #   Column      Non-Null Count  Dtype 
---  ------      --------------  ----- 
 0   dim_0       1422 non-null   object
 1   dim_1       1422 non-null   object
 2   dim_2       1422 non-null   object
 3   class_vals  1422 non-null   object
dtypes: object(4)
memory usage: 44.6+ KB
None
{61, 62, 63, 64, 65, 66, 67, 68, 69, 70, 71, 72, 73, 74, 75, 76, 77, 78, 79, 80, 81, 82, 83, 84, 85, 86, 87, 88, 89, 90, 91, 92, 93, 94, 95, 96, 97, 98, 99, 100, 101, 102, 103, 104, 105, 106, 107, 108, 109, 110, 111, 112, 113, 114, 115, 116, 117, 118, 119, 120, 121, 122, 123, 124, 125, 126, 127, 128, 129, 130, 131, 132, 133, 134, 135, 136, 137, 138, 139, 140, 141, 142, 143, 144, 145, 146, 147, 148, 149, 150, 151, 152, 153, 154, 155, 156, 157, 158, 159, 160, 161, 162, 163, 164, 165, 168, 169, 174, 175, 178, 182}
Traceback (most recent call last):
  File "FedCSL_All.py", line 335, in <module>
    train(dataset=args.dataset)
  File "FedCSL_All.py", line 123, in train
    X_all, y_all, X_test, y_test, X_fed, y_fed = LoadDataset_UEA(dataset, numClient,dirchlet_alpha=dirichlet_alpha,
  File "/mnt/data/user_liangzhiyu/lixiongfei/CSL-main/dataset_utils.py", line 81, in LoadDataset_UEA
    X_test = reshape_dataframe_to_tensor(X_test)
  File "/mnt/data/user_liangzhiyu/lixiongfei/CSL-main/fedutil.py", line 167, in reshape_dataframe_to_tensor
    tensor[i, j, :] = df.iloc[i, j].values  # 将 Series 转换为数值数组并填入
ValueError: could not broadcast input array from shape (128,) into shape (144,)
Running experiment with dataset: CharacterTrajectories, config: ./result/ablation_study/config_CharacterTrajectories.yml
/mnt/data/user_liangzhiyu/envs/fedcsl/lib/python3.8/site-packages/scipy/__init__.py:146: UserWarning: A NumPy version >=1.16.5 and <1.23.0 is required for this version of SciPy (detected version 1.23.5
  warnings.warn(f"A NumPy version >={np_minversion} and <{np_maxversion}"
/mnt/data/user_liangzhiyu/envs/fedcsl/lib/python3.8/site-packages/tslearn/bases/bases.py:15: UserWarning: h5py not installed, hdf5 features will not be supported.
Install h5py to use hdf5 features: http://docs.h5py.org/
  warn(h5py_msg)
[0.09514033 0.10277917 0.11127909 0.12035814 0.12964186 0.13872091
 0.14722083 0.15485967]
1422
<class 'pandas.core.frame.DataFrame'>
RangeIndex: 1422 entries, 0 to 1421
Data columns (total 4 columns):
 #   Column      Non-Null Count  Dtype 
---  ------      --------------  ----- 
 0   dim_0       1422 non-null   object
 1   dim_1       1422 non-null   object
 2   dim_2       1422 non-null   object
 3   class_vals  1422 non-null   object
dtypes: object(4)
memory usage: 44.6+ KB
None
{61, 62, 63, 64, 65, 66, 67, 68, 69, 70, 71, 72, 73, 74, 75, 76, 77, 78, 79, 80, 81, 82, 83, 84, 85, 86, 87, 88, 89, 90, 91, 92, 93, 94, 95, 96, 97, 98, 99, 100, 101, 102, 103, 104, 105, 106, 107, 108, 109, 110, 111, 112, 113, 114, 115, 116, 117, 118, 119, 120, 121, 122, 123, 124, 125, 126, 127, 128, 129, 130, 131, 132, 133, 134, 135, 136, 137, 138, 139, 140, 141, 142, 143, 144, 145, 146, 147, 148, 149, 150, 151, 152, 153, 154, 155, 156, 157, 158, 159, 160, 161, 162, 163, 164, 165, 168, 169, 174, 175, 178, 182}
Traceback (most recent call last):
  File "FedCSL_All.py", line 341, in <module>
    train(dataset=args.dataset)
  File "FedCSL_All.py", line 129, in train
    X_all, y_all, X_test, y_test, X_fed, y_fed = LoadDataset_UEA(dataset, numClient,dirchlet_alpha=dirichlet_alpha,
  File "/mnt/data/user_liangzhiyu/lixiongfei/CSL-main/dataset_utils.py", line 81, in LoadDataset_UEA
    X_test = reshape_dataframe_to_tensor(X_test)
  File "/mnt/data/user_liangzhiyu/lixiongfei/CSL-main/fedutil.py", line 167, in reshape_dataframe_to_tensor
    tensor[i, j, :] = df.iloc[i, j].values  # 将 Series 转换为数值数组并填入
ValueError: could not broadcast input array from shape (128,) into shape (144,)
Running experiment with dataset: CharacterTrajectories, config: ./result/ablation_study/config_CharacterTrajectories.yml

A module that was compiled using NumPy 1.x cannot be run in
NumPy 2.0.2 as it may crash. To support both 1.x and 2.x
versions of NumPy, modules must be compiled with NumPy 2.0.
Some module may need to rebuild instead e.g. with 'pybind11>=2.12'.

If you are a user of the module, the easiest solution will be to
downgrade to 'numpy<2' or try to upgrade the affected module.
We expect that some modules will need time to support NumPy 2.

Traceback (most recent call last):  File "/mnt/data/user_liangzhiyu/lixiongfei/CSL-main/FedCSL_All.py", line 1, in <module>
    from seaborn import dark_palette
  File "/home/liangzhiyu/miniconda3/lib/python3.9/site-packages/seaborn/__init__.py", line 2, in <module>
    from .rcmod import *  # noqa: F401,F403
  File "/home/liangzhiyu/miniconda3/lib/python3.9/site-packages/seaborn/rcmod.py", line 3, in <module>
    import matplotlib as mpl
  File "/home/liangzhiyu/miniconda3/lib/python3.9/site-packages/matplotlib/__init__.py", line 129, in <module>
    from . import _api, _version, cbook, _docstring, rcsetup
  File "/home/liangzhiyu/miniconda3/lib/python3.9/site-packages/matplotlib/rcsetup.py", line 27, in <module>
    from matplotlib.colors import Colormap, is_color_like
  File "/home/liangzhiyu/miniconda3/lib/python3.9/site-packages/matplotlib/colors.py", line 56, in <module>
    from matplotlib import _api, _cm, cbook, scale
  File "/home/liangzhiyu/miniconda3/lib/python3.9/site-packages/matplotlib/scale.py", line 22, in <module>
    from matplotlib.ticker import (
  File "/home/liangzhiyu/miniconda3/lib/python3.9/site-packages/matplotlib/ticker.py", line 138, in <module>
    from matplotlib import transforms as mtransforms
  File "/home/liangzhiyu/miniconda3/lib/python3.9/site-packages/matplotlib/transforms.py", line 49, in <module>
    from matplotlib._path import (
AttributeError: _ARRAY_API not found
Traceback (most recent call last):
  File "/mnt/data/user_liangzhiyu/lixiongfei/CSL-main/FedCSL_All.py", line 1, in <module>
    from seaborn import dark_palette
  File "/home/liangzhiyu/miniconda3/lib/python3.9/site-packages/seaborn/__init__.py", line 2, in <module>
    from .rcmod import *  # noqa: F401,F403
  File "/home/liangzhiyu/miniconda3/lib/python3.9/site-packages/seaborn/rcmod.py", line 3, in <module>
    import matplotlib as mpl
  File "/home/liangzhiyu/miniconda3/lib/python3.9/site-packages/matplotlib/__init__.py", line 129, in <module>
    from . import _api, _version, cbook, _docstring, rcsetup
  File "/home/liangzhiyu/miniconda3/lib/python3.9/site-packages/matplotlib/rcsetup.py", line 27, in <module>
    from matplotlib.colors import Colormap, is_color_like
  File "/home/liangzhiyu/miniconda3/lib/python3.9/site-packages/matplotlib/colors.py", line 56, in <module>
    from matplotlib import _api, _cm, cbook, scale
  File "/home/liangzhiyu/miniconda3/lib/python3.9/site-packages/matplotlib/scale.py", line 22, in <module>
    from matplotlib.ticker import (
  File "/home/liangzhiyu/miniconda3/lib/python3.9/site-packages/matplotlib/ticker.py", line 138, in <module>
    from matplotlib import transforms as mtransforms
  File "/home/liangzhiyu/miniconda3/lib/python3.9/site-packages/matplotlib/transforms.py", line 49, in <module>
    from matplotlib._path import (
ImportError: numpy.core.multiarray failed to import
Running experiment with dataset: CharacterTrajectories, config: ./result/ablation_study/config_CharacterTrajectories.yml
/mnt/data/user_liangzhiyu/envs/fedcsl/lib/python3.8/site-packages/scipy/__init__.py:146: UserWarning: A NumPy version >=1.16.5 and <1.23.0 is required for this version of SciPy (detected version 1.23.5
  warnings.warn(f"A NumPy version >={np_minversion} and <{np_maxversion}"
/mnt/data/user_liangzhiyu/envs/fedcsl/lib/python3.8/site-packages/tslearn/bases/bases.py:15: UserWarning: h5py not installed, hdf5 features will not be supported.
Install h5py to use hdf5 features: http://docs.h5py.org/
  warn(h5py_msg)
[0.09514033 0.10277917 0.11127909 0.12035814 0.12964186 0.13872091
 0.14722083 0.15485967]
1422
<class 'pandas.core.frame.DataFrame'>
RangeIndex: 1422 entries, 0 to 1421
Data columns (total 4 columns):
 #   Column      Non-Null Count  Dtype 
---  ------      --------------  ----- 
 0   dim_0       1422 non-null   object
 1   dim_1       1422 non-null   object
 2   dim_2       1422 non-null   object
 3   class_vals  1422 non-null   object
dtypes: object(4)
memory usage: 44.6+ KB
None
{61, 62, 63, 64, 65, 66, 67, 68, 69, 70, 71, 72, 73, 74, 75, 76, 77, 78, 79, 80, 81, 82, 83, 84, 85, 86, 87, 88, 89, 90, 91, 92, 93, 94, 95, 96, 97, 98, 99, 100, 101, 102, 103, 104, 105, 106, 107, 108, 109, 110, 111, 112, 113, 114, 115, 116, 117, 118, 119, 120, 121, 122, 123, 124, 125, 126, 127, 128, 129, 130, 131, 132, 133, 134, 135, 136, 137, 138, 139, 140, 141, 142, 143, 144, 145, 146, 147, 148, 149, 150, 151, 152, 153, 154, 155, 156, 157, 158, 159, 160, 161, 162, 163, 164, 165, 168, 169, 174, 175, 178, 182}
Traceback (most recent call last):
  File "FedCSL_All.py", line 341, in <module>
    train(dataset=args.dataset)
  File "FedCSL_All.py", line 129, in train
    X_all, y_all, X_test, y_test, X_fed, y_fed = LoadDataset_UEA(dataset, numClient,dirchlet_alpha=dirichlet_alpha,
  File "/mnt/data/user_liangzhiyu/lixiongfei/CSL-main/dataset_utils.py", line 81, in LoadDataset_UEA
    X_test = reshape_dataframe_to_tensor(X_test)
  File "/mnt/data/user_liangzhiyu/lixiongfei/CSL-main/fedutil.py", line 167, in reshape_dataframe_to_tensor
    tensor[i, j, :] = df.iloc[i, j].values  # 将 Series 转换为数值数组并填入
ValueError: could not broadcast input array from shape (128,) into shape (144,)
Running experiment with dataset: CharacterTrajectories, config: ./result/ablation_study/config_CharacterTrajectories.yml
/mnt/data/user_liangzhiyu/envs/fedcsl/lib/python3.8/site-packages/scipy/__init__.py:146: UserWarning: A NumPy version >=1.16.5 and <1.23.0 is required for this version of SciPy (detected version 1.23.5
  warnings.warn(f"A NumPy version >={np_minversion} and <{np_maxversion}"
/mnt/data/user_liangzhiyu/envs/fedcsl/lib/python3.8/site-packages/tslearn/bases/bases.py:15: UserWarning: h5py not installed, hdf5 features will not be supported.
Install h5py to use hdf5 features: http://docs.h5py.org/
  warn(h5py_msg)
[0.09514033 0.10277917 0.11127909 0.12035814 0.12964186 0.13872091
 0.14722083 0.15485967]
1422
<class 'pandas.core.frame.DataFrame'>
RangeIndex: 1422 entries, 0 to 1421
Data columns (total 4 columns):
 #   Column      Non-Null Count  Dtype 
---  ------      --------------  ----- 
 0   dim_0       1422 non-null   object
 1   dim_1       1422 non-null   object
 2   dim_2       1422 non-null   object
 3   class_vals  1422 non-null   object
dtypes: object(4)
memory usage: 44.6+ KB
None
{61, 62, 63, 64, 65, 66, 67, 68, 69, 70, 71, 72, 73, 74, 75, 76, 77, 78, 79, 80, 81, 82, 83, 84, 85, 86, 87, 88, 89, 90, 91, 92, 93, 94, 95, 96, 97, 98, 99, 100, 101, 102, 103, 104, 105, 106, 107, 108, 109, 110, 111, 112, 113, 114, 115, 116, 117, 118, 119, 120, 121, 122, 123, 124, 125, 126, 127, 128, 129, 130, 131, 132, 133, 134, 135, 136, 137, 138, 139, 140, 141, 142, 143, 144, 145, 146, 147, 148, 149, 150, 151, 152, 153, 154, 155, 156, 157, 158, 159, 160, 161, 162, 163, 164, 165, 168, 169, 174, 175, 178, 182}
Traceback (most recent call last):
  File "FedCSL_All.py", line 331, in <module>
    train(dataset=args.dataset)
  File "FedCSL_All.py", line 130, in train
    X_all, y_all, X_test, y_test, X_fed, y_fed = LoadDataset_UEA(dataset, numClient,dirchlet_alpha=dirichlet_alpha,
  File "/mnt/data/user_liangzhiyu/lixiongfei/CSL-main/dataset_utils.py", line 81, in LoadDataset_UEA
    X_test = reshape_dataframe_to_tensor(X_test)
  File "/mnt/data/user_liangzhiyu/lixiongfei/CSL-main/fedutil.py", line 167, in reshape_dataframe_to_tensor
    tensor[i, j, :] = df.iloc[i, j].values  # 将 Series 转换为数值数组并填入
ValueError: could not broadcast input array from shape (128,) into shape (144,)
