Running experiment with dataset: Heartbeat, config: ./result/ablation_study/config_Heartbeat.yml
/mnt/data/user_liangzhiyu/envs/fedcsl/lib/python3.8/site-packages/scipy/__init__.py:146: UserWarning: A NumPy version >=1.16.5 and <1.23.0 is required for this version of SciPy (detected version 1.23.5
  warnings.warn(f"A NumPy version >={np_minversion} and <{np_maxversion}"
/mnt/data/user_liangzhiyu/envs/fedcsl/lib/python3.8/site-packages/tslearn/bases/bases.py:15: UserWarning: h5py not installed, hdf5 features will not be supported.
Install h5py to use hdf5 features: http://docs.h5py.org/
  warn(h5py_msg)
/mnt/data/user_liangzhiyu/lixiongfei/CSL-main/train.py:392: UserWarning: Creating a tensor from a list of numpy.ndarrays is extremely slow. Please consider converting the list to a single numpy.ndarray with numpy.array() before converting to a tensor. (Triggered internally at /opt/conda/conda-bld/pytorch_1724789259345/work/torch/csrc/utils/tensor_new.cpp:278.)
  X = torch.tensor(X, dtype=torch.float).contiguous()
[0.09514033 0.10277917 0.11127909 0.12035814 0.12964186 0.13872091
 0.14722083 0.15485967]
204
<class 'pandas.core.frame.DataFrame'>
RangeIndex: 204 entries, 0 to 203
Data columns (total 62 columns):
 #   Column      Non-Null Count  Dtype 
---  ------      --------------  ----- 
 0   dim_0       204 non-null    object
 1   dim_1       204 non-null    object
 2   dim_2       204 non-null    object
 3   dim_3       204 non-null    object
 4   dim_4       204 non-null    object
 5   dim_5       204 non-null    object
 6   dim_6       204 non-null    object
 7   dim_7       204 non-null    object
 8   dim_8       204 non-null    object
 9   dim_9       204 non-null    object
 10  dim_10      204 non-null    object
 11  dim_11      204 non-null    object
 12  dim_12      204 non-null    object
 13  dim_13      204 non-null    object
 14  dim_14      204 non-null    object
 15  dim_15      204 non-null    object
 16  dim_16      204 non-null    object
 17  dim_17      204 non-null    object
 18  dim_18      204 non-null    object
 19  dim_19      204 non-null    object
 20  dim_20      204 non-null    object
 21  dim_21      204 non-null    object
 22  dim_22      204 non-null    object
 23  dim_23      204 non-null    object
 24  dim_24      204 non-null    object
 25  dim_25      204 non-null    object
 26  dim_26      204 non-null    object
 27  dim_27      204 non-null    object
 28  dim_28      204 non-null    object
 29  dim_29      204 non-null    object
 30  dim_30      204 non-null    object
 31  dim_31      204 non-null    object
 32  dim_32      204 non-null    object
 33  dim_33      204 non-null    object
 34  dim_34      204 non-null    object
 35  dim_35      204 non-null    object
 36  dim_36      204 non-null    object
 37  dim_37      204 non-null    object
 38  dim_38      204 non-null    object
 39  dim_39      204 non-null    object
 40  dim_40      204 non-null    object
 41  dim_41      204 non-null    object
 42  dim_42      204 non-null    object
 43  dim_43      204 non-null    object
 44  dim_44      204 non-null    object
 45  dim_45      204 non-null    object
 46  dim_46      204 non-null    object
 47  dim_47      204 non-null    object
 48  dim_48      204 non-null    object
 49  dim_49      204 non-null    object
 50  dim_50      204 non-null    object
 51  dim_51      204 non-null    object
 52  dim_52      204 non-null    object
 53  dim_53      204 non-null    object
 54  dim_54      204 non-null    object
 55  dim_55      204 non-null    object
 56  dim_56      204 non-null    object
 57  dim_57      204 non-null    object
 58  dim_58      204 non-null    object
 59  dim_59      204 non-null    object
 60  dim_60      204 non-null    object
 61  class_vals  204 non-null    object
dtypes: object(62)
memory usage: 98.9+ KB
None
{405}
<class 'pandas.core.frame.DataFrame'>
RangeIndex: 204 entries, 0 to 203
Data columns (total 62 columns):
 #   Column      Non-Null Count  Dtype 
---  ------      --------------  ----- 
 0   dim_0       204 non-null    object
 1   dim_1       204 non-null    object
 2   dim_2       204 non-null    object
 3   dim_3       204 non-null    object
 4   dim_4       204 non-null    object
 5   dim_5       204 non-null    object
 6   dim_6       204 non-null    object
 7   dim_7       204 non-null    object
 8   dim_8       204 non-null    object
 9   dim_9       204 non-null    object
 10  dim_10      204 non-null    object
 11  dim_11      204 non-null    object
 12  dim_12      204 non-null    object
 13  dim_13      204 non-null    object
 14  dim_14      204 non-null    object
 15  dim_15      204 non-null    object
 16  dim_16      204 non-null    object
 17  dim_17      204 non-null    object
 18  dim_18      204 non-null    object
 19  dim_19      204 non-null    object
 20  dim_20      204 non-null    object
 21  dim_21      204 non-null    object
 22  dim_22      204 non-null    object
 23  dim_23      204 non-null    object
 24  dim_24      204 non-null    object
 25  dim_25      204 non-null    object
 26  dim_26      204 non-null    object
 27  dim_27      204 non-null    object
 28  dim_28      204 non-null    object
 29  dim_29      204 non-null    object
 30  dim_30      204 non-null    object
 31  dim_31      204 non-null    object
 32  dim_32      204 non-null    object
 33  dim_33      204 non-null    object
 34  dim_34      204 non-null    object
 35  dim_35      204 non-null    object
 36  dim_36      204 non-null    object
 37  dim_37      204 non-null    object
 38  dim_38      204 non-null    object
 39  dim_39      204 non-null    object
 40  dim_40      204 non-null    object
 41  dim_41      204 non-null    object
 42  dim_42      204 non-null    object
 43  dim_43      204 non-null    object
 44  dim_44      204 non-null    object
 45  dim_45      204 non-null    object
 46  dim_46      204 non-null    object
 47  dim_47      204 non-null    object
 48  dim_48      204 non-null    object
 49  dim_49      204 non-null    object
 50  dim_50      204 non-null    object
 51  dim_51      204 non-null    object
 52  dim_52      204 non-null    object
 53  dim_53      204 non-null    object
 54  dim_54      204 non-null    object
 55  dim_55      204 non-null    object
 56  dim_56      204 non-null    object
 57  dim_57      204 non-null    object
 58  dim_58      204 non-null    object
 59  dim_59      204 non-null    object
 60  dim_60      204 non-null    object
 61  class_vals  204 non-null    object
dtypes: object(62)
memory usage: 98.9+ KB
None
[0 0 0 0 0 0 0 0 0 0 0 0 0 0 0 0 0 0 0 0 0 0 0 0 0 0 0 0 0 0 0 0 0 0 0 0 0
 0 0 0 0 0 0 0 0 0 0 0 0 0 0 0 0 0 0 0 0 1 1 1 1 1 1 1 1 1 1 1 1 1 1 1 1 1
 1 1 1 1 1 1 1 1 1 1 1 1 1 1 1 1 1 1 1 1 1 1 1 1 1 1 1 1 1 1 1 1 1 1 1 1 1
 1 1 1 1 1 1 1 1 1 1 1 1 1 1 1 1 1 1 1 1 1 1 1 1 1 1 1 1 1 1 1 1 1 1 1 1 1
 1 1 1 1 1 1 1 1 1 1 1 1 1 1 1 1 1 1 1 1 1 1 1 1 1 1 1 1 1 1 1 1 1 1 1 1 1
 1 1 1 1 1 1 1 1 1 1 1 1 1 1 1 1 1 1 1]
[ 57  58  59  60  61  62  63  64  65  66  67  68  69  70  71  72  73  74
  75  76  77  78  79  80  81  82  83  84  85  86  87  88  89  90  91  92
  93  94  95  96  97  98  99 100 101 102 103 104 105 106 107 108 109 110
 111 112 113 114 115 116 117 118 119 120 121 122 123 124 125 126 127 128
 129 130 131 132 133 134 135 136 137 138 139 140 141 142 143 144 145 146
 147 148 149 150 151 152 153 154 155 156 157 158 159 160 161 162 163 164
 165 166 167 168 169 170 171 172 173 174 175 176 177 178 179 180 181 182
 183 184 185 186 187 188 189 190 191 192 193 194 195 196 197 198 199 200
 201 202]
[1, 1, 1, 1, 1, 1, 1, 1, 1, 1, 1, 1, 1, 1, 1, 1, 1, 1, 1, 1, 1, 1, 1, 1, 1, 1, 1, 1, 1, 1, 1, 1, 1, 1, 1, 1, 1, 1, 1, 1, 1, 1, 1, 1, 1, 1, 1, 1, 1, 1, 1, 1, 1, 1, 1, 1, 1, 1, 1, 1, 1, 1, 1, 1, 1, 1, 1, 1, 1, 1, 1, 1, 1, 1, 1, 1, 1, 1, 1, 1, 1, 1, 1, 1, 1, 1, 1, 1, 1, 1, 1, 1, 1, 1, 1, 1, 1, 1, 1, 1, 1, 1, 1, 1, 1, 1, 1, 1, 1, 1, 1, 1, 1, 1, 1, 1, 1, 1, 1, 1, 1, 1, 1, 1, 1, 1, 1, 1, 1, 1, 1, 1, 1, 1, 1, 1, 1, 1, 1, 1, 1, 1, 1, 1, 1, 1]
[]
[0, 0, 0, 0, 0, 0, 0, 0, 0, 0, 0, 0, 0, 0, 0, 0, 0, 0, 0, 0, 0, 0, 0, 0, 0, 0, 0, 0, 0, 0, 0, 0, 0, 0, 0, 0, 0, 0, 0, 0, 0, 0, 0, 0, 0, 0, 0, 0, 0, 0, 0, 0, 0, 0, 0, 0, 0, 1]
shapelet initialized! 

All 3 clinet initialized! 

Traceback (most recent call last):
  File "FedCSL_All.py", line 318, in <module>
    train(dataset=args.dataset)
  File "FedCSL_All.py", line 247, in train
    losses = c.train(X_fed[idx], epochs=numEpoch, batch_size=batch_size, epoch_idx=-1,lr=lr)
  File "/mnt/data/user_liangzhiyu/lixiongfei/CSL-main/train.py", line 398, in train
    train_dl = torch.utils.data.DataLoader(train_ds, batch_size=batch_size, shuffle=(sampler is None), sampler=sampler, drop_last=True)
  File "/mnt/data/user_liangzhiyu/envs/fedcsl/lib/python3.8/site-packages/torch/utils/data/dataloader.py", line 351, in __init__
    sampler = RandomSampler(dataset, generator=generator)  # type: ignore[arg-type]
  File "/mnt/data/user_liangzhiyu/envs/fedcsl/lib/python3.8/site-packages/torch/utils/data/sampler.py", line 144, in __init__
    raise ValueError(f"num_samples should be a positive integer value, but got num_samples={self.num_samples}")
ValueError: num_samples should be a positive integer value, but got num_samples=0
Running experiment with dataset: Heartbeat, config: ./result/ablation_study/config_Heartbeat.yml

A module that was compiled using NumPy 1.x cannot be run in
NumPy 2.0.2 as it may crash. To support both 1.x and 2.x
versions of NumPy, modules must be compiled with NumPy 2.0.
Some module may need to rebuild instead e.g. with 'pybind11>=2.12'.

If you are a user of the module, the easiest solution will be to
downgrade to 'numpy<2' or try to upgrade the affected module.
We expect that some modules will need time to support NumPy 2.

Traceback (most recent call last):  File "/mnt/data/user_liangzhiyu/lixiongfei/CSL-main/FedCSL_All.py", line 1, in <module>
    from seaborn import dark_palette
  File "/home/liangzhiyu/miniconda3/lib/python3.9/site-packages/seaborn/__init__.py", line 2, in <module>
    from .rcmod import *  # noqa: F401,F403
  File "/home/liangzhiyu/miniconda3/lib/python3.9/site-packages/seaborn/rcmod.py", line 3, in <module>
    import matplotlib as mpl
  File "/home/liangzhiyu/miniconda3/lib/python3.9/site-packages/matplotlib/__init__.py", line 129, in <module>
    from . import _api, _version, cbook, _docstring, rcsetup
  File "/home/liangzhiyu/miniconda3/lib/python3.9/site-packages/matplotlib/rcsetup.py", line 27, in <module>
    from matplotlib.colors import Colormap, is_color_like
  File "/home/liangzhiyu/miniconda3/lib/python3.9/site-packages/matplotlib/colors.py", line 56, in <module>
    from matplotlib import _api, _cm, cbook, scale
  File "/home/liangzhiyu/miniconda3/lib/python3.9/site-packages/matplotlib/scale.py", line 22, in <module>
    from matplotlib.ticker import (
  File "/home/liangzhiyu/miniconda3/lib/python3.9/site-packages/matplotlib/ticker.py", line 138, in <module>
    from matplotlib import transforms as mtransforms
  File "/home/liangzhiyu/miniconda3/lib/python3.9/site-packages/matplotlib/transforms.py", line 49, in <module>
    from matplotlib._path import (
AttributeError: _ARRAY_API not found
Traceback (most recent call last):
  File "/mnt/data/user_liangzhiyu/lixiongfei/CSL-main/FedCSL_All.py", line 1, in <module>
    from seaborn import dark_palette
  File "/home/liangzhiyu/miniconda3/lib/python3.9/site-packages/seaborn/__init__.py", line 2, in <module>
    from .rcmod import *  # noqa: F401,F403
  File "/home/liangzhiyu/miniconda3/lib/python3.9/site-packages/seaborn/rcmod.py", line 3, in <module>
    import matplotlib as mpl
  File "/home/liangzhiyu/miniconda3/lib/python3.9/site-packages/matplotlib/__init__.py", line 129, in <module>
    from . import _api, _version, cbook, _docstring, rcsetup
  File "/home/liangzhiyu/miniconda3/lib/python3.9/site-packages/matplotlib/rcsetup.py", line 27, in <module>
    from matplotlib.colors import Colormap, is_color_like
  File "/home/liangzhiyu/miniconda3/lib/python3.9/site-packages/matplotlib/colors.py", line 56, in <module>
    from matplotlib import _api, _cm, cbook, scale
  File "/home/liangzhiyu/miniconda3/lib/python3.9/site-packages/matplotlib/scale.py", line 22, in <module>
    from matplotlib.ticker import (
  File "/home/liangzhiyu/miniconda3/lib/python3.9/site-packages/matplotlib/ticker.py", line 138, in <module>
    from matplotlib import transforms as mtransforms
  File "/home/liangzhiyu/miniconda3/lib/python3.9/site-packages/matplotlib/transforms.py", line 49, in <module>
    from matplotlib._path import (
ImportError: numpy.core.multiarray failed to import
Running experiment with dataset: Heartbeat, config: ./result/ablation_study/config_Heartbeat.yml
[0.09514033 0.10277917 0.11127909 0.12035814 0.12964186 0.13872091
 0.14722083 0.15485967]
204
<class 'pandas.core.frame.DataFrame'>
RangeIndex: 204 entries, 0 to 203
Data columns (total 62 columns):
 #   Column      Non-Null Count  Dtype 
---  ------      --------------  ----- 
 0   dim_0       204 non-null    object
 1   dim_1       204 non-null    object
 2   dim_2       204 non-null    object
 3   dim_3       204 non-null    object
 4   dim_4       204 non-null    object
 5   dim_5       204 non-null    object
 6   dim_6       204 non-null    object
 7   dim_7       204 non-null    object
 8   dim_8       204 non-null    object
 9   dim_9       204 non-null    object
 10  dim_10      204 non-null    object
 11  dim_11      204 non-null    object
 12  dim_12      204 non-null    object
 13  dim_13      204 non-null    object
 14  dim_14      204 non-null    object
 15  dim_15      204 non-null    object
 16  dim_16      204 non-null    object
 17  dim_17      204 non-null    object
 18  dim_18      204 non-null    object
 19  dim_19      204 non-null    object
 20  dim_20      204 non-null    object
 21  dim_21      204 non-null    object
 22  dim_22      204 non-null    object
 23  dim_23      204 non-null    object
 24  dim_24      204 non-null    object
 25  dim_25      204 non-null    object
 26  dim_26      204 non-null    object
 27  dim_27      204 non-null    object
 28  dim_28      204 non-null    object
 29  dim_29      204 non-null    object
 30  dim_30      204 non-null    object
 31  dim_31      204 non-null    object
 32  dim_32      204 non-null    object
 33  dim_33      204 non-null    object
 34  dim_34      204 non-null    object
 35  dim_35      204 non-null    object
 36  dim_36      204 non-null    object
 37  dim_37      204 non-null    object
 38  dim_38      204 non-null    object
 39  dim_39      204 non-null    object
 40  dim_40      204 non-null    object
 41  dim_41      204 non-null    object
 42  dim_42      204 non-null    object
 43  dim_43      204 non-null    object
 44  dim_44      204 non-null    object
 45  dim_45      204 non-null    object
 46  dim_46      204 non-null    object
 47  dim_47      204 non-null    object
 48  dim_48      204 non-null    object
 49  dim_49      204 non-null    object
 50  dim_50      204 non-null    object
 51  dim_51      204 non-null    object
 52  dim_52      204 non-null    object
 53  dim_53      204 non-null    object
 54  dim_54      204 non-null    object
 55  dim_55      204 non-null    object
 56  dim_56      204 non-null    object
 57  dim_57      204 non-null    object
 58  dim_58      204 non-null    object
 59  dim_59      204 non-null    object
 60  dim_60      204 non-null    object
 61  class_vals  204 non-null    object
dtypes: object(62)
memory usage: 98.9+ KB
None
{405}
<class 'pandas.core.frame.DataFrame'>
RangeIndex: 204 entries, 0 to 203
Data columns (total 62 columns):
 #   Column      Non-Null Count  Dtype 
---  ------      --------------  ----- 
 0   dim_0       204 non-null    object
 1   dim_1       204 non-null    object
 2   dim_2       204 non-null    object
 3   dim_3       204 non-null    object
 4   dim_4       204 non-null    object
 5   dim_5       204 non-null    object
 6   dim_6       204 non-null    object
 7   dim_7       204 non-null    object
 8   dim_8       204 non-null    object
 9   dim_9       204 non-null    object
 10  dim_10      204 non-null    object
 11  dim_11      204 non-null    object
 12  dim_12      204 non-null    object
 13  dim_13      204 non-null    object
 14  dim_14      204 non-null    object
 15  dim_15      204 non-null    object
 16  dim_16      204 non-null    object
 17  dim_17      204 non-null    object
 18  dim_18      204 non-null    object
 19  dim_19      204 non-null    object
 20  dim_20      204 non-null    object
 21  dim_21      204 non-null    object
 22  dim_22      204 non-null    object
 23  dim_23      204 non-null    object
 24  dim_24      204 non-null    object
 25  dim_25      204 non-null    object
 26  dim_26      204 non-null    object
 27  dim_27      204 non-null    object
 28  dim_28      204 non-null    object
 29  dim_29      204 non-null    object
 30  dim_30      204 non-null    object
 31  dim_31      204 non-null    object
 32  dim_32      204 non-null    object
 33  dim_33      204 non-null    object
 34  dim_34      204 non-null    object
 35  dim_35      204 non-null    object
 36  dim_36      204 non-null    object
 37  dim_37      204 non-null    object
 38  dim_38      204 non-null    object
 39  dim_39      204 non-null    object
 40  dim_40      204 non-null    object
 41  dim_41      204 non-null    object
 42  dim_42      204 non-null    object
 43  dim_43      204 non-null    object
 44  dim_44      204 non-null    object
 45  dim_45      204 non-null    object
 46  dim_46      204 non-null    object
 47  dim_47      204 non-null    object
 48  dim_48      204 non-null    object
 49  dim_49      204 non-null    object
 50  dim_50      204 non-null    object
 51  dim_51      204 non-null    object
 52  dim_52      204 non-null    object
 53  dim_53      204 non-null    object
 54  dim_54      204 non-null    object
 55  dim_55      204 non-null    object
 56  dim_56      204 non-null    object
 57  dim_57      204 non-null    object
 58  dim_58      204 non-null    object
 59  dim_59      204 non-null    object
 60  dim_60      204 non-null    object
 61  class_vals  204 non-null    object
dtypes: object(62)
memory usage: 98.9+ KB
None
[0 0 0 0 0 0 0 0 0 0 0 0 0 0 0 0 0 0 0 0 0 0 0 0 0 0 0 0 0 0 0 0 0 0 0 0 0
 0 0 0 0 0 0 0 0 0 0 0 0 0 0 0 0 0 0 0 0 1 1 1 1 1 1 1 1 1 1 1 1 1 1 1 1 1
 1 1 1 1 1 1 1 1 1 1 1 1 1 1 1 1 1 1 1 1 1 1 1 1 1 1 1 1 1 1 1 1 1 1 1 1 1
 1 1 1 1 1 1 1 1 1 1 1 1 1 1 1 1 1 1 1 1 1 1 1 1 1 1 1 1 1 1 1 1 1 1 1 1 1
 1 1 1 1 1 1 1 1 1 1 1 1 1 1 1 1 1 1 1 1 1 1 1 1 1 1 1 1 1 1 1 1 1 1 1 1 1
 1 1 1 1 1 1 1 1 1 1 1 1 1 1 1 1 1 1 1]
[ 0  1  2  3  4 57 58 59 60 61 62 63 64 65 66 67 68 69 70 71]
[0, 0, 0, 0, 0, 1, 1, 1, 1, 1, 1, 1, 1, 1, 1, 1, 1, 1, 1, 1]
[0, 0, 0, 0, 0, 0, 0, 0, 0, 0, 0, 0, 0, 0, 0, 0, 0, 0, 0, 0, 0, 0, 0, 0, 0, 0, 0, 0, 0, 0, 0, 0, 0, 0, 0, 0, 0, 0, 0, 0, 0, 0, 0, 0, 0, 1, 1, 1, 1, 1, 1, 1, 1, 1, 1, 1, 1, 1, 1, 1, 1, 1, 1, 1, 1, 1, 1]
[0, 0, 0, 0, 0, 0, 0, 1, 1, 1, 1, 1, 1, 1, 1, 1, 1, 1, 1, 1, 1, 1, 1, 1, 1, 1, 1, 1, 1, 1, 1, 1, 1, 1, 1, 1, 1, 1, 1, 1, 1, 1, 1, 1, 1, 1, 1, 1, 1, 1, 1, 1, 1, 1, 1, 1, 1, 1, 1, 1, 1, 1, 1, 1, 1, 1, 1, 1, 1, 1, 1, 1, 1, 1, 1, 1, 1, 1, 1, 1, 1, 1, 1, 1, 1, 1, 1, 1, 1, 1, 1, 1, 1, 1, 1, 1, 1, 1, 1, 1, 1, 1, 1, 1, 1, 1, 1, 1, 1, 1, 1, 1, 1, 1, 1, 1, 1]
shapelet initialized! 

All 3 clinet initialized! 

(20, 2)
(67, 2)
(117, 2)
[0.7575298  1.05730258 1.18516762]
Classification: 1.0 0.7219512195121951 0
(20, 2)
(67, 2)
(117, 2)
[0.77831446 1.03009752 1.19158802]
Classification: 1.0 0.7073170731707317 1
(20, 2)
(67, 2)
(117, 2)
[0.77994666 1.11710394 1.10294941]
Classification: 1.0 0.7024390243902439 2
(20, 2)
(67, 2)
(117, 2)
[0.75006572 1.18304733 1.06688695]
Classification: 1.0 0.7121951219512195 3
(20, 2)
(67, 2)
(117, 2)
[0.75378608 1.14097386 1.10524007]
Classification: 1.0 0.7170731707317073 4
(20, 2)
(67, 2)
(117, 2)
[0.79670404 1.14005074 1.06324522]
Classification: 1.0 0.7121951219512195 5
(20, 2)
(67, 2)
(117, 2)
[0.7813581  1.12411723 1.09452468]
Classification: 1.0 0.7121951219512195 6
(20, 2)
(67, 2)
(117, 2)
[0.82210861 1.0707158  1.10717559]
Classification: 1.0 0.7121951219512195 7
(20, 2)
(67, 2)
(117, 2)
[0.79187673 1.06640798 1.1417153 ]
Classification: 1.0 0.7073170731707317 8
(20, 2)
(67, 2)
(117, 2)
[0.77029843 1.07869958 1.15100199]
Classification: 1.0 0.7024390243902439 9
(20, 2)
(67, 2)
(117, 2)
[0.75079301 1.20390918 1.04529781]
Classification: 1.0 0.697560975609756 10
(20, 2)
(67, 2)
(117, 2)
[0.73976527 1.17437418 1.08586054]
Classification: 1.0 0.7024390243902439 11
(20, 2)
(67, 2)
(117, 2)
[0.73413014 1.21380644 1.05206342]
Classification: 1.0 0.7073170731707317 12
(20, 2)
(67, 2)
(117, 2)
[0.70951948 1.21508134 1.07539918]
Classification: 1.0 0.7073170731707317 13
(20, 2)
(67, 2)
(117, 2)
[0.86665597 1.11713358 1.01621045]
Classification: 1.0 0.7170731707317073 14
(20, 2)
(67, 2)
(117, 2)
[0.78820924 1.15638034 1.05541042]
Classification: 1.0 0.7121951219512195 15
(20, 2)
(67, 2)
(117, 2)
[0.82247136 1.05771838 1.11981026]
Classification: 1.0 0.7170731707317073 16
(20, 2)
(67, 2)
(117, 2)
[0.77591407 1.05229332 1.17179261]
Classification: 1.0 0.7121951219512195 17
(20, 2)
(67, 2)
(117, 2)
[0.69419977 1.10187239 1.20392783]
Classification: 1.0 0.7121951219512195 18
(20, 2)
(67, 2)
(117, 2)
[0.65028168 1.20899776 1.14072056]
Classification: 1.0 0.7024390243902439 19
(20, 2)
(67, 2)
(117, 2)
[0.6552236  1.15722383 1.18755257]
Classification: 1.0 0.7073170731707317 20
(20, 2)
(67, 2)
(117, 2)
[0.70207018 1.2439828  1.05394702]
Classification: 1.0 0.7121951219512195 21
(20, 2)
(67, 2)
(117, 2)
[0.7307343 1.1198327 1.149433 ]
Classification: 1.0 0.7219512195121951 22
(20, 2)
(67, 2)
(117, 2)
[0.728513  1.1275153 1.1439717]
Classification: 1.0 0.7121951219512195 23
(20, 2)
(67, 2)
(117, 2)
[0.73197887 1.09400899 1.17401214]
Classification: 1.0 0.7121951219512195 24
(20, 2)
(67, 2)
(117, 2)
[0.65998328 1.14433927 1.19567745]
Classification: 1.0 0.7121951219512195 25
(20, 2)
(67, 2)
(117, 2)
[0.72686821 1.15353065 1.11960114]
Classification: 1.0 0.7121951219512195 26
(20, 2)
(67, 2)
(117, 2)
[0.67030372 1.14886174 1.18083454]
Classification: 1.0 0.7219512195121951 27
(20, 2)
(67, 2)
(117, 2)
[0.68103122 1.14374333 1.17522545]
Classification: 1.0 0.7170731707317073 28
(20, 2)
(67, 2)
(117, 2)
[0.68483896 1.14119942 1.17396162]
Classification: 1.0 0.7317073170731707 29
(20, 2)
(67, 2)
(117, 2)
[0.65198976 1.14003192 1.20797832]
Classification: 1.0 0.7121951219512195 30
(20, 2)
(67, 2)
(117, 2)
[0.56802705 1.16678253 1.26519041]
Classification: 1.0 0.7121951219512195 31
(20, 2)
(67, 2)
(117, 2)
[0.52607688 1.1813264  1.29259672]
Classification: 1.0 0.7121951219512195 32
(20, 2)
(67, 2)
(117, 2)
[0.55584613 1.20863408 1.23551979]
Classification: 1.0 0.7170731707317073 33
(20, 2)
(67, 2)
(117, 2)
[0.56901313 1.24412119 1.18686569]
Classification: 1.0 0.7170731707317073 34
(20, 2)
(67, 2)
(117, 2)
[0.56928928 1.21469755 1.21601317]
Classification: 1.0 0.7219512195121951 35
(20, 2)
(67, 2)
(117, 2)
[0.56647944 1.18872994 1.24479062]
Classification: 1.0 0.7268292682926829 36
(20, 2)
(67, 2)
(117, 2)
[0.59108561 1.18565458 1.22325981]
Classification: 1.0 0.7268292682926829 37
(20, 2)
(67, 2)
(117, 2)
[0.59383559 1.1781352  1.22802922]
Classification: 1.0 0.7219512195121951 38
(20, 2)
(67, 2)
(117, 2)
[0.58957873 1.16448749 1.24593378]
Classification: 1.0 0.7170731707317073 39
(20, 2)
(67, 2)
(117, 2)
[0.58822392 1.15759497 1.25418111]
Classification: 1.0 0.7170731707317073 40
(20, 2)
(67, 2)
(117, 2)
[0.58205542 1.23285118 1.1850934 ]
Classification: 1.0 0.7170731707317073 41
(20, 2)
(67, 2)
(117, 2)
[0.55351751 1.25333866 1.19314383]
Classification: 1.0 0.7219512195121951 42
(20, 2)
(67, 2)
(117, 2)
[0.57981053 1.22702638 1.19316309]
Classification: 1.0 0.7219512195121951 43
(20, 2)
(67, 2)
(117, 2)
[0.55618344 1.24270974 1.20110682]
Classification: 1.0 0.7219512195121951 44
(20, 2)
(67, 2)
(117, 2)
[0.58243776 1.22424664 1.1933156 ]
Classification: 1.0 0.7365853658536585 45
(20, 2)
(67, 2)
(117, 2)
[0.64052043 1.23737208 1.12210749]
Classification: 1.0 0.7268292682926829 46
(20, 2)
(67, 2)
(117, 2)
[0.63620298 1.22220403 1.14159299]
Classification: 1.0 0.7317073170731707 47
(20, 2)
(67, 2)
(117, 2)
[0.67735497 1.21608442 1.1065606 ]
Classification: 1.0 0.7268292682926829 48
(20, 2)
(67, 2)
(117, 2)
[0.71175495 1.20790208 1.08034297]
Classification: 1.0 0.7268292682926829 49
(20, 2)
(67, 2)
(117, 2)
[0.72763376 1.1791972  1.09316904]
Classification: 1.0 0.7268292682926829 50
(20, 2)
(67, 2)
(117, 2)
[0.70494766 1.13284588 1.16220646]
Classification: 1.0 0.7268292682926829 51
(20, 2)
(67, 2)
(117, 2)
[0.71697026 1.06552248 1.21750726]
Classification: 1.0 0.7219512195121951 52
(20, 2)
(67, 2)
(117, 2)
[0.6494817  1.11782452 1.23269378]
Classification: 1.0 0.7219512195121951 53
(20, 2)
(67, 2)
(117, 2)
[0.65386937 1.11020558 1.23592506]
Classification: 1.0 0.7219512195121951 54
(20, 2)
(67, 2)
(117, 2)
[0.67405337 1.06194491 1.26400171]
Classification: 1.0 0.7268292682926829 55
(20, 2)
(67, 2)
(117, 2)
[0.61334517 1.15262401 1.23403082]
Classification: 1.0 0.7268292682926829 56
(20, 2)
(67, 2)
(117, 2)
[0.63307582 1.14139219 1.22553199]
Classification: 1.0 0.7268292682926829 57
(20, 2)
(67, 2)
(117, 2)
[0.66733389 1.14737012 1.18529599]
Classification: 1.0 0.7219512195121951 58
(20, 2)
(67, 2)
(117, 2)
[0.68106479 1.11572638 1.20320883]
Classification: 1.0 0.7170731707317073 59
(20, 2)
(67, 2)
(117, 2)
[0.69158815 1.10724696 1.20116488]
Classification: 1.0 0.7170731707317073 60
(20, 2)
(67, 2)
(117, 2)
[0.70999062 1.09723397 1.19277541]
Classification: 1.0 0.7170731707317073 61
(20, 2)
(67, 2)
(117, 2)
[0.67247876 1.15306207 1.17445917]
Classification: 1.0 0.7219512195121951 62
(20, 2)
(67, 2)
(117, 2)
[0.6809701  1.10097147 1.21805843]
Classification: 1.0 0.7121951219512195 63
(20, 2)
(67, 2)
(117, 2)
[0.71735551 1.15075414 1.13189035]
Classification: 1.0 0.7170731707317073 64
(20, 2)
(67, 2)
(117, 2)
[0.71961915 1.16745904 1.11292182]
Classification: 1.0 0.7121951219512195 65
(20, 2)
(67, 2)
(117, 2)
[0.75183616 1.16182178 1.08634207]
Classification: 1.0 0.7170731707317073 66
(20, 2)
(67, 2)
(117, 2)
[0.72743987 1.17417574 1.09838438]
Classification: 1.0 0.7073170731707317 67
(20, 2)
(67, 2)
(117, 2)
[0.71270081 1.11804222 1.16925697]
Classification: 1.0 0.7073170731707317 68
(20, 2)
(67, 2)
(117, 2)
[0.77428048 1.16290732 1.0628122 ]
Classification: 1.0 0.7170731707317073 69
(20, 2)
(67, 2)
(117, 2)
[0.80124627 1.15738718 1.04136656]
Classification: 1.0 0.7073170731707317 70
(20, 2)
(67, 2)
(117, 2)
[0.79435467 1.06846588 1.13717945]
Classification: 1.0 0.7073170731707317 71
(20, 2)
(67, 2)
(117, 2)
[0.80100553 1.10572565 1.09326881]
Classification: 1.0 0.7121951219512195 72
(20, 2)
(67, 2)
(117, 2)
[0.8006193  1.10255921 1.09682148]
Classification: 1.0 0.7121951219512195 73
(20, 2)
(67, 2)
(117, 2)
[0.80784322 1.05344952 1.13870726]
Classification: 1.0 0.7121951219512195 74
(20, 2)
(67, 2)
(117, 2)
[0.78148663 1.03793997 1.18057341]
Classification: 1.0 0.7121951219512195 75
(20, 2)
(67, 2)
(117, 2)
[0.76174501 1.04330694 1.19494805]
Classification: 1.0 0.7121951219512195 76
(20, 2)
(67, 2)
(117, 2)
[0.71489934 1.11098125 1.17411941]
Classification: 1.0 0.7121951219512195 77
(20, 2)
(67, 2)
(117, 2)
[0.71585297 1.13340529 1.15074174]
Classification: 1.0 0.7121951219512195 78
(20, 2)
(67, 2)
(117, 2)
[0.74677271 1.02926062 1.22396668]
Classification: 1.0 0.7121951219512195 79
(20, 2)
(67, 2)
(117, 2)
[0.72119331 1.03355524 1.24525145]
Classification: 1.0 0.7121951219512195 80
(20, 2)
(67, 2)
(117, 2)
[0.68813142 1.10743204 1.20443654]
Classification: 1.0 0.7121951219512195 81
(20, 2)
(67, 2)
(117, 2)
[0.72370349 1.0859233  1.19037321]
Classification: 1.0 0.7121951219512195 82
(20, 2)
(67, 2)
(117, 2)
[0.69355478 1.07622785 1.23021737]
Classification: 1.0 0.7073170731707317 83
(20, 2)
(67, 2)
(117, 2)
[0.66301707 1.08508732 1.25189562]
Classification: 1.0 0.7073170731707317 84
(20, 2)
(67, 2)
(117, 2)
[0.68635449 1.03811545 1.27553006]
Classification: 1.0 0.7073170731707317 85
(20, 2)
(67, 2)
(117, 2)
[0.68959224 1.09739702 1.21301074]
Classification: 1.0 0.7121951219512195 86
(20, 2)
(67, 2)
(117, 2)
[0.7031954 1.0931141 1.2036905]
Classification: 1.0 0.7073170731707317 87
(20, 2)
(67, 2)
(117, 2)
[0.66884228 1.12028868 1.21086904]
Classification: 1.0 0.7073170731707317 88
(20, 2)
(67, 2)
(117, 2)
[0.6753477  1.14984658 1.17480572]
Classification: 1.0 0.7073170731707317 89
(20, 2)
(67, 2)
(117, 2)
[0.69209149 1.16406521 1.1438433 ]
Classification: 1.0 0.7024390243902439 90
(20, 2)
(67, 2)
(117, 2)
[0.69179038 1.1772065  1.13100312]
Classification: 1.0 0.7073170731707317 91
(20, 2)
(67, 2)
(117, 2)
[0.6712397  1.19593844 1.13282186]
Classification: 1.0 0.7073170731707317 92
(20, 2)
(67, 2)
(117, 2)
[0.65384783 1.19984181 1.14631036]
Classification: 1.0 0.7073170731707317 93
(20, 2)
(67, 2)
(117, 2)
[0.67736299 1.13723669 1.18540032]
Classification: 1.0 0.7073170731707317 94
(20, 2)
(67, 2)
(117, 2)
[0.62652939 1.1464588  1.2270118 ]
Classification: 1.0 0.7024390243902439 95
(20, 2)
(67, 2)
(117, 2)
[0.6612347  1.09212873 1.24663656]
Classification: 1.0 0.7073170731707317 96
(20, 2)
(67, 2)
(117, 2)
[0.65481267 1.16627841 1.17890892]
Classification: 1.0 0.7073170731707317 97
(20, 2)
(67, 2)
(117, 2)
[0.64883085 1.14624531 1.20492385]
Classification: 1.0 0.7073170731707317 98
(20, 2)
(67, 2)
(117, 2)
[0.68035075 1.15356421 1.16608504]
Classification: 1.0 0.7073170731707317 99
(20, 2)
(67, 2)
(117, 2)
[0.67566136 1.19712556 1.12721308]
Classification: 1.0 0.7024390243902439 100
(20, 2)
(67, 2)
(117, 2)
[0.69451235 1.09681922 1.20866843]
Classification: 1.0 0.7073170731707317 101
(20, 2)
(67, 2)
(117, 2)
[0.71526626 1.04679201 1.23794173]
Classification: 1.0 0.7024390243902439 102
(20, 2)
(67, 2)
(117, 2)
[0.67460059 1.04769869 1.27770073]
Classification: 1.0 0.7024390243902439 103
(20, 2)
(67, 2)
(117, 2)
[0.69386158 1.0555758  1.25056261]
Classification: 1.0 0.7024390243902439 104
(20, 2)
(67, 2)
(117, 2)
[0.6993772  1.08270777 1.21791503]
Classification: 1.0 0.7024390243902439 105
(20, 2)
(67, 2)
(117, 2)
[0.69104028 1.08077532 1.2281844 ]
Classification: 1.0 0.7024390243902439 106
(20, 2)
(67, 2)
(117, 2)
[0.71984062 1.02786159 1.25229779]
Classification: 1.0 0.7073170731707317 107
(20, 2)
(67, 2)
(117, 2)
[0.6898427  1.09232924 1.21782806]
Classification: 1.0 0.7024390243902439 108
(20, 2)
(67, 2)
(117, 2)
[0.72815503 1.05789713 1.21394784]
Classification: 1.0 0.7024390243902439 109
(20, 2)
(67, 2)
(117, 2)
[0.68264777 1.02183572 1.29551651]
Classification: 1.0 0.7024390243902439 110
(20, 2)
(67, 2)
(117, 2)
[0.71504858 1.05513367 1.22981774]
Classification: 1.0 0.7121951219512195 111
(20, 2)
(67, 2)
(117, 2)
[0.71711319 1.05226357 1.23062324]
Classification: 1.0 0.7073170731707317 112
(20, 2)
(67, 2)
(117, 2)
[0.73317389 1.11995893 1.14686719]
Classification: 1.0 0.7073170731707317 113
(20, 2)
(67, 2)
(117, 2)
[0.72315674 1.03451386 1.2423294 ]
Classification: 1.0 0.7073170731707317 114
(20, 2)
(67, 2)
(117, 2)
[0.67534174 1.04707855 1.27757971]
Classification: 1.0 0.7073170731707317 115
(20, 2)
(67, 2)
(117, 2)
[0.68603258 1.04541962 1.2685478 ]
Classification: 1.0 0.7073170731707317 116
(20, 2)
(67, 2)
(117, 2)
[0.6887284  1.02343209 1.28783951]
Classification: 1.0 0.7073170731707317 117
(20, 2)
(67, 2)
(117, 2)
[0.69418489 1.04185643 1.26395868]
Classification: 1.0 0.7121951219512195 118
(20, 2)
(67, 2)
(117, 2)
[0.652501   1.00705011 1.34044889]
Classification: 1.0 0.7121951219512195 119
(20, 2)
(67, 2)
(117, 2)
[0.63453179 1.00957298 1.35589523]
Classification: 1.0 0.7121951219512195 120
(20, 2)
(67, 2)
(117, 2)
[0.68470353 1.00763359 1.30766287]
Classification: 1.0 0.7170731707317073 121
(20, 2)
(67, 2)
(117, 2)
[0.69959565 0.98601562 1.31438874]
Classification: 1.0 0.7121951219512195 122
(20, 2)
(67, 2)
(117, 2)
[0.66430028 1.0600573  1.27564242]
Classification: 1.0 0.7121951219512195 123
(20, 2)
(67, 2)
(117, 2)
[0.67082398 1.03624201 1.29293401]
Classification: 1.0 0.7170731707317073 124
(20, 2)
(67, 2)
(117, 2)
[0.69664752 1.04533914 1.25801334]
Classification: 1.0 0.7170731707317073 125
(20, 2)
(67, 2)
(117, 2)
[0.66023958 1.09184426 1.24791616]
Classification: 1.0 0.7170731707317073 126
(20, 2)
(67, 2)
(117, 2)
[0.65645405 1.0488897  1.29465625]
Classification: 1.0 0.7170731707317073 127
(20, 2)
(67, 2)
(117, 2)
[0.6831443  1.00327721 1.3135785 ]
Classification: 1.0 0.7121951219512195 128
(20, 2)
(67, 2)
(117, 2)
[0.67225142 1.02154009 1.30620849]
Classification: 1.0 0.7121951219512195 129
(20, 2)
(67, 2)
(117, 2)
[0.69477296 1.01144055 1.29378649]
Classification: 1.0 0.7170731707317073 130
(20, 2)
(67, 2)
(117, 2)
[0.69789384 1.02296198 1.27914418]
Classification: 1.0 0.7170731707317073 131
(20, 2)
(67, 2)
(117, 2)
[0.71493128 0.97827395 1.30679478]
Classification: 1.0 0.7170731707317073 132
(20, 2)
(67, 2)
(117, 2)
[0.65487222 1.01408606 1.33104171]
Classification: 1.0 0.7170731707317073 133
(20, 2)
(67, 2)
(117, 2)
[0.68075188 1.01002671 1.30922141]
Classification: 1.0 0.7121951219512195 134
(20, 2)
(67, 2)
(117, 2)
[0.70943571 0.9970511  1.29351319]
Classification: 1.0 0.7121951219512195 135
(20, 2)
(67, 2)
(117, 2)
[0.70955234 0.99560579 1.29484187]
Classification: 1.0 0.7170731707317073 136
(20, 2)
(67, 2)
(117, 2)
[0.69628824 1.02018283 1.28352893]
Classification: 1.0 0.7121951219512195 137
(20, 2)
(67, 2)
(117, 2)
[0.69357754 0.98912043 1.31730203]
Classification: 1.0 0.7170731707317073 138
(20, 2)
(67, 2)
(117, 2)
[0.73839056 1.01080794 1.2508015 ]
Classification: 1.0 0.7073170731707317 139
(20, 2)
(67, 2)
(117, 2)
[0.79356247 1.00182229 1.20461524]
Classification: 1.0 0.7121951219512195 140
(20, 2)
(67, 2)
(117, 2)
[0.79449846 0.99947296 1.20602859]
Classification: 1.0 0.7121951219512195 141
(20, 2)
(67, 2)
(117, 2)
[0.777424   1.01800617 1.20456983]
Classification: 1.0 0.7170731707317073 142
(20, 2)
(67, 2)
(117, 2)
[0.77555451 0.99185382 1.23259168]
Classification: 1.0 0.7170731707317073 143
(20, 2)
(67, 2)
(117, 2)
[0.76883235 0.99882844 1.23233921]
Classification: 1.0 0.7170731707317073 144
(20, 2)
(67, 2)
(117, 2)
[0.74862776 0.95447355 1.29689869]
Classification: 1.0 0.7073170731707317 145
(20, 2)
(67, 2)
(117, 2)
[0.71509527 1.0681411  1.21676363]
Classification: 1.0 0.7121951219512195 146
(20, 2)
(67, 2)
(117, 2)
[0.70590823 1.02658035 1.26751142]
Classification: 1.0 0.7170731707317073 147
(20, 2)
(67, 2)
(117, 2)
[0.69467876 1.04496737 1.26035387]
Classification: 1.0 0.7121951219512195 148
(20, 2)
(67, 2)
(117, 2)
[0.72332125 1.11289807 1.16378068]
Classification: 1.0 0.7073170731707317 149
(20, 2)
(67, 2)
(117, 2)
[0.71752329 1.01699606 1.26548065]
Classification: 1.0 0.7073170731707317 150
(20, 2)
(67, 2)
(117, 2)
[0.69349188 1.05128837 1.25521975]
Classification: 1.0 0.7121951219512195 151
(20, 2)
(67, 2)
(117, 2)
[0.71417414 1.07253438 1.21329148]
Classification: 1.0 0.7170731707317073 152
(20, 2)
(67, 2)
(117, 2)
[0.70782813 1.06852059 1.22365128]
Classification: 1.0 0.7170731707317073 153
(20, 2)
(67, 2)
(117, 2)
[0.7123515  1.11910956 1.16853894]
Classification: 1.0 0.7121951219512195 154
(20, 2)
(67, 2)
(117, 2)
[0.70165009 1.06945373 1.22889618]
Classification: 1.0 0.7073170731707317 155
(20, 2)
(67, 2)
(117, 2)
[0.71709506 1.07334658 1.20955836]
Classification: 1.0 0.7121951219512195 156
(20, 2)
(67, 2)
(117, 2)
[0.71501642 1.11485606 1.17012752]
Classification: 1.0 0.7121951219512195 157
(20, 2)
(67, 2)
(117, 2)
[0.73026875 1.05614035 1.21359089]
Classification: 1.0 0.7170731707317073 158
(20, 2)
(67, 2)
(117, 2)
[0.75535633 1.07130458 1.17333909]
Classification: 1.0 0.7121951219512195 159
(20, 2)
(67, 2)
(117, 2)
[0.70927786 1.11358417 1.17713797]
Classification: 1.0 0.7121951219512195 160
(20, 2)
(67, 2)
(117, 2)
[0.71404409 1.08639254 1.19956337]
Classification: 1.0 0.7170731707317073 161
(20, 2)
(67, 2)
(117, 2)
[0.70647202 1.08973361 1.20379437]
Classification: 1.0 0.7170731707317073 162
(20, 2)
(67, 2)
(117, 2)
[0.72530229 1.04398342 1.23071429]
Classification: 1.0 0.7024390243902439 163
(20, 2)
(67, 2)
(117, 2)
[0.67388788 1.04253716 1.28357496]
Classification: 1.0 0.7170731707317073 164
(20, 2)
(67, 2)
(117, 2)
[0.72137642 1.05283046 1.22579313]
Classification: 1.0 0.7121951219512195 165
(20, 2)
(67, 2)
(117, 2)
[0.72841516 1.04184295 1.22974189]
Classification: 1.0 0.7170731707317073 166
(20, 2)
(67, 2)
(117, 2)
[0.70446214 1.02301784 1.27252002]
Classification: 1.0 0.7121951219512195 167
(20, 2)
(67, 2)
(117, 2)
[0.6915     1.06105875 1.24744124]
Classification: 1.0 0.7121951219512195 168
(20, 2)
(67, 2)
(117, 2)
[0.70379675 1.12741741 1.16878584]
Classification: 1.0 0.7170731707317073 169
(20, 2)
(67, 2)
(117, 2)
[0.71644565 1.07553677 1.20801758]
Classification: 1.0 0.7219512195121951 170
(20, 2)
(67, 2)
(117, 2)
[0.72377805 1.04626192 1.22996004]
Classification: 1.0 0.7170731707317073 171
(20, 2)
(67, 2)
(117, 2)
[0.72263946 1.09914085 1.17821969]
Classification: 1.0 0.7170731707317073 172
(20, 2)
(67, 2)
(117, 2)
[0.73219198 1.05724989 1.21055813]
Classification: 1.0 0.7219512195121951 173
(20, 2)
(67, 2)
(117, 2)
[0.72729789 1.08283571 1.1898664 ]
Classification: 1.0 0.7170731707317073 174
(20, 2)
(67, 2)
(117, 2)
[0.74390826 1.06389823 1.19219352]
Classification: 1.0 0.7170731707317073 175
(20, 2)
(67, 2)
(117, 2)
[0.7225878  1.06823846 1.20917374]
Classification: 1.0 0.7170731707317073 176
(20, 2)
(67, 2)
(117, 2)
[0.71722653 1.05223832 1.23053515]
Classification: 1.0 0.7219512195121951 177
(20, 2)
(67, 2)
(117, 2)
[0.73271919 1.06108905 1.20619176]
Classification: 1.0 0.7121951219512195 178
(20, 2)
(67, 2)
(117, 2)
[0.71027663 1.0557902  1.23393317]
Classification: 1.0 0.7170731707317073 179
(20, 2)
(67, 2)
(117, 2)
[0.70050102 1.06452782 1.23497116]
Classification: 1.0 0.7170731707317073 180
(20, 2)
(67, 2)
(117, 2)
[0.68489424 1.07034628 1.24475948]
Classification: 1.0 0.7170731707317073 181
(20, 2)
(67, 2)
(117, 2)
[0.66091815 1.05599028 1.28309157]
Classification: 1.0 0.7073170731707317 182
(20, 2)
(67, 2)
(117, 2)
[0.67042667 1.09406389 1.23550943]
Classification: 1.0 0.7170731707317073 183
(20, 2)
(67, 2)
(117, 2)
[0.7019168  1.08094753 1.21713567]
Classification: 1.0 0.7024390243902439 184
(20, 2)
(67, 2)
(117, 2)
[0.6644261  1.14079304 1.19478086]
Classification: 1.0 0.7024390243902439 185
(20, 2)
(67, 2)
(117, 2)
[0.68783795 1.13233565 1.1798264 ]
Classification: 1.0 0.7024390243902439 186
(20, 2)
(67, 2)
(117, 2)
[0.67501758 1.06906471 1.25591771]
Classification: 1.0 0.7170731707317073 187
(20, 2)
(67, 2)
(117, 2)
[0.68247306 1.11913674 1.1983902 ]
Classification: 1.0 0.7121951219512195 188
(20, 2)
(67, 2)
(117, 2)
[0.67093359 1.14900576 1.18006065]
Classification: 1.0 0.7121951219512195 189
(20, 2)
(67, 2)
(117, 2)
[0.67121993 1.12449293 1.20428714]
Classification: 1.0 0.7121951219512195 190
(20, 2)
(67, 2)
(117, 2)
[0.69908944 1.10913552 1.19177504]
Classification: 1.0 0.7121951219512195 191
(20, 2)
(67, 2)
(117, 2)
[0.69117975 1.10808708 1.20073318]
Classification: 1.0 0.7170731707317073 192
(20, 2)
(67, 2)
(117, 2)
[0.6543742  1.12445744 1.22116835]
Classification: 1.0 0.7121951219512195 193
(20, 2)
(67, 2)
(117, 2)
[0.67372524 1.1015369  1.22473786]
Classification: 1.0 0.7073170731707317 194
(20, 2)
(67, 2)
(117, 2)
[0.65729407 1.12391072 1.21879521]
Classification: 1.0 0.7073170731707317 195
(20, 2)
(67, 2)
(117, 2)
[0.66151049 1.14849468 1.18999483]
Classification: 1.0 0.7121951219512195 196
(20, 2)
(67, 2)
(117, 2)
[0.65979123 1.12200102 1.21820776]
Classification: 1.0 0.7073170731707317 197
(20, 2)
(67, 2)
(117, 2)
[0.71878665 1.0782186  1.20299475]
Classification: 1.0 0.7073170731707317 198
(20, 2)
(67, 2)
(117, 2)
[0.7207155  1.08803311 1.19125139]
Classification: 1.0 0.7073170731707317 199
(20, 2)
(67, 2)
(117, 2)
[0.69537047 1.10082895 1.20380058]
Classification: 1.0 0.7121951219512195 200
(20, 2)
(67, 2)
(117, 2)
[0.71964985 1.1021055  1.17824465]
Classification: 1.0 0.7073170731707317 201
(20, 2)
(67, 2)
(117, 2)
[0.73003333 1.10371855 1.16624813]
Classification: 1.0 0.7073170731707317 202
(20, 2)
(67, 2)
(117, 2)
[0.7403015  1.08544465 1.17425384]
Classification: 1.0 0.697560975609756 203
(20, 2)
(67, 2)
(117, 2)
[0.80328482 1.02432149 1.17239369]
Classification: 1.0 0.7121951219512195 204
(20, 2)
(67, 2)
(117, 2)
[0.75405542 1.01866009 1.22728449]
Classification: 1.0 0.7073170731707317 205
(20, 2)
(67, 2)
(117, 2)
[0.74211213 1.04818175 1.20970611]
Classification: 1.0 0.7073170731707317 206
(20, 2)
(67, 2)
(117, 2)
[0.84001383 1.02326081 1.13672536]
Classification: 1.0 0.7024390243902439 207
(20, 2)
(67, 2)
(117, 2)
[0.76755249 1.07180459 1.16064292]
Classification: 1.0 0.7121951219512195 208
(20, 2)
(67, 2)
(117, 2)
[0.7780019  1.06707603 1.15492207]
Classification: 1.0 0.7073170731707317 209
(20, 2)
(67, 2)
(117, 2)
[0.77556761 1.04085771 1.18357468]
Classification: 1.0 0.7073170731707317 210
(20, 2)
(67, 2)
(117, 2)
[0.75045274 1.05168604 1.19786122]
Classification: 1.0 0.7170731707317073 211
(20, 2)
(67, 2)
(117, 2)
[0.77253043 1.06472033 1.16274925]
Classification: 1.0 0.7121951219512195 212
(20, 2)
(67, 2)
(117, 2)
[0.75072529 1.09987474 1.14939997]
Classification: 1.0 0.7121951219512195 213
(20, 2)
(67, 2)
(117, 2)
[0.76612866 1.09890594 1.13496541]
Classification: 1.0 0.7073170731707317 214
(20, 2)
(67, 2)
(117, 2)
[0.74637002 1.0905878  1.16304218]
Classification: 1.0 0.7073170731707317 215
(20, 2)
(67, 2)
(117, 2)
[0.71190237 1.05051039 1.23758724]
Classification: 1.0 0.697560975609756 216
(20, 2)
(67, 2)
(117, 2)
[0.75294924 1.0953518  1.15169896]
Classification: 1.0 0.7024390243902439 217
(20, 2)
(67, 2)
(117, 2)
[0.751025   1.09483295 1.15414204]
Classification: 1.0 0.7073170731707317 218
(20, 2)
(67, 2)
(117, 2)
[0.71764012 1.08979295 1.19256693]
Classification: 1.0 0.7073170731707317 219
(20, 2)
(67, 2)
(117, 2)
[0.73789003 1.08613748 1.17597248]
Classification: 1.0 0.7073170731707317 220
(20, 2)
(67, 2)
(117, 2)
[0.75100876 1.06316674 1.1858245 ]
Classification: 1.0 0.7024390243902439 221
(20, 2)
(67, 2)
(117, 2)
[0.79773191 1.04227709 1.159991  ]
Classification: 1.0 0.697560975609756 222
(20, 2)
(67, 2)
(117, 2)
[0.831141   1.05096308 1.11789593]
Classification: 1.0 0.7073170731707317 223
(20, 2)
(67, 2)
(117, 2)
[0.78482439 1.08157734 1.13359826]
Classification: 1.0 0.7024390243902439 224
(20, 2)
(67, 2)
(117, 2)
[0.76922277 1.07370104 1.15707618]
Classification: 1.0 0.697560975609756 225
(20, 2)
(67, 2)
(117, 2)
[0.77830275 1.09278587 1.12891138]
Classification: 1.0 0.697560975609756 226
(20, 2)
(67, 2)
(117, 2)
[0.75508588 1.07007176 1.17484237]
Classification: 1.0 0.7121951219512195 227
(20, 2)
(67, 2)
(117, 2)
[0.72395392 1.11913602 1.15691006]
Classification: 1.0 0.7121951219512195 228
(20, 2)
(67, 2)
(117, 2)
[0.71812577 1.10511141 1.17676282]
Classification: 1.0 0.7073170731707317 229
(20, 2)
(67, 2)
(117, 2)
[0.70016315 1.11096306 1.18887378]
Classification: 1.0 0.7121951219512195 230
(20, 2)
(67, 2)
(117, 2)
[0.73725092 1.0455638  1.21718528]
Classification: 1.0 0.7024390243902439 231
(20, 2)
(67, 2)
(117, 2)
[0.71423101 1.10316312 1.18260587]
Classification: 1.0 0.7073170731707317 232
(20, 2)
(67, 2)
(117, 2)
[0.6969893  1.12657944 1.17643126]
Classification: 1.0 0.7073170731707317 233
(20, 2)
(67, 2)
(117, 2)
[0.71357029 1.09593401 1.1904957 ]
Classification: 1.0 0.7073170731707317 234
(20, 2)
(67, 2)
(117, 2)
[0.70442158 1.09535535 1.20022307]
Classification: 1.0 0.7121951219512195 235
(20, 2)
(67, 2)
(117, 2)
[0.70743097 1.10494179 1.18762724]
Classification: 1.0 0.7121951219512195 236
(20, 2)
(67, 2)
(117, 2)
[0.7024245  1.15260453 1.14497097]
Classification: 1.0 0.7073170731707317 237
(20, 2)
(67, 2)
(117, 2)
[0.73922106 1.0718635  1.18891544]
Classification: 1.0 0.7073170731707317 238
(20, 2)
(67, 2)
(117, 2)
[0.73433805 1.04026592 1.22539604]
Classification: 1.0 0.7073170731707317 239
(20, 2)
(67, 2)
(117, 2)
[0.73889012 1.05835029 1.20275959]
Classification: 1.0 0.7121951219512195 240
(20, 2)
(67, 2)
(117, 2)
[0.71503664 1.05922264 1.22574073]
Classification: 1.0 0.7121951219512195 241
(20, 2)
(67, 2)
(117, 2)
[0.73912436 1.05020832 1.21066732]
Classification: 1.0 0.7121951219512195 242
(20, 2)
(67, 2)
(117, 2)
[0.73994434 1.07611446 1.1839412 ]
Classification: 1.0 0.7073170731707317 243
(20, 2)
(67, 2)
(117, 2)
[0.72757364 1.09041205 1.18201431]
Classification: 1.0 0.7024390243902439 244
(20, 2)
(67, 2)
(117, 2)
[0.74433173 1.05484479 1.20082348]
Classification: 1.0 0.7073170731707317 245
(20, 2)
(67, 2)
(117, 2)
[0.7586525  1.02999864 1.21134886]
Classification: 1.0 0.7073170731707317 246
(20, 2)
(67, 2)
(117, 2)
[0.74634422 1.06141278 1.192243  ]
Classification: 1.0 0.7073170731707317 247
(20, 2)
(67, 2)
(117, 2)
[0.72388544 1.07088242 1.20523215]
Classification: 1.0 0.7121951219512195 248
(20, 2)
(67, 2)
(117, 2)
[0.67552171 1.07073175 1.25374653]
Classification: 1.0 0.7024390243902439 249
(20, 2)
(67, 2)
(117, 2)
[0.71976663 1.03583454 1.24439883]
Classification: 1.0 0.7121951219512195 250
(20, 2)
(67, 2)
(117, 2)
[0.75066042 1.04157766 1.20776192]
Classification: 1.0 0.7121951219512195 251
(20, 2)
(67, 2)
(117, 2)
[0.70384352 1.05740679 1.23874969]
Classification: 1.0 0.7121951219512195 252
(20, 2)
(67, 2)
(117, 2)
[0.72603726 1.03770949 1.23625325]
Classification: 1.0 0.7024390243902439 253
(20, 2)
(67, 2)
(117, 2)
[0.72123606 1.02946092 1.24930302]
Classification: 1.0 0.7024390243902439 254
(20, 2)
(67, 2)
(117, 2)
[0.76253628 1.01286577 1.22459795]
Classification: 1.0 0.697560975609756 255
(20, 2)
(67, 2)
(117, 2)
[0.7572274 1.0263226 1.21645  ]
Classification: 1.0 0.7121951219512195 256
(20, 2)
(67, 2)
(117, 2)
[0.70795408 1.03244604 1.25959988]
Classification: 1.0 0.697560975609756 257
(20, 2)
(67, 2)
(117, 2)
[0.70653807 1.03813703 1.2553249 ]
Classification: 1.0 0.7024390243902439 258
(20, 2)
(67, 2)
(117, 2)
[0.69206923 1.08222186 1.22570891]
Classification: 1.0 0.7073170731707317 259
(20, 2)
(67, 2)
(117, 2)
[0.67473234 1.05772393 1.26754373]
Classification: 1.0 0.6926829268292682 260
(20, 2)
(67, 2)
(117, 2)
[0.66722269 1.07761577 1.25516154]
Classification: 1.0 0.7024390243902439 261
(20, 2)
(67, 2)
(117, 2)
[0.69840198 1.04263543 1.25896258]
Classification: 1.0 0.6878048780487804 262
(20, 2)
(67, 2)
(117, 2)
[0.69225705 1.05096407 1.25677888]
Classification: 1.0 0.7024390243902439 263
(20, 2)
(67, 2)
(117, 2)
[0.69168539 1.04531983 1.26299478]
Classification: 1.0 0.7024390243902439 264
(20, 2)
(67, 2)
(117, 2)
[0.68912629 1.09215954 1.21871417]
Classification: 1.0 0.697560975609756 265
(20, 2)
(67, 2)
(117, 2)
[0.67178291 1.12146309 1.206754  ]
Classification: 1.0 0.697560975609756 266
(20, 2)
(67, 2)
(117, 2)
[0.68209328 1.11218553 1.20572119]
Classification: 1.0 0.6878048780487804 267
(20, 2)
(67, 2)
(117, 2)
[0.65542325 1.09181963 1.25275712]
Classification: 1.0 0.6878048780487804 268
(20, 2)
(67, 2)
(117, 2)
[0.61931915 1.14037425 1.2403066 ]
Classification: 1.0 0.6878048780487804 269
(20, 2)
(67, 2)
(117, 2)
[0.62383254 1.15206728 1.22410018]
Classification: 1.0 0.697560975609756 270
(20, 2)
(67, 2)
(117, 2)
[0.63643875 1.12918988 1.23437137]
Classification: 1.0 0.7024390243902439 271
(20, 2)
(67, 2)
(117, 2)
[0.62811414 1.10134502 1.27054084]
Classification: 1.0 0.697560975609756 272
(20, 2)
(67, 2)
(117, 2)
[0.6064249  1.14363408 1.24994103]
Classification: 1.0 0.697560975609756 273
(20, 2)
(67, 2)
(117, 2)
[0.65004077 1.10132254 1.2486367 ]
Classification: 1.0 0.6926829268292682 274
(20, 2)
(67, 2)
(117, 2)
[0.62948921 1.08804237 1.28246842]
Classification: 1.0 0.697560975609756 275
(20, 2)
(67, 2)
(117, 2)
[0.62887447 1.07870296 1.29242256]
Classification: 1.0 0.6926829268292682 276
(20, 2)
(67, 2)
(117, 2)
[0.69276397 1.05786719 1.24936884]
Classification: 1.0 0.697560975609756 277
(20, 2)
(67, 2)
(117, 2)
[0.64854418 1.05440188 1.29705394]
Classification: 1.0 0.7024390243902439 278
(20, 2)
(67, 2)
(117, 2)
[0.62920028 1.10047421 1.27032551]
Classification: 1.0 0.697560975609756 279
(20, 2)
(67, 2)
(117, 2)
[0.6550495  1.05339448 1.29155602]
Classification: 1.0 0.6926829268292682 280
(20, 2)
(67, 2)
(117, 2)
[0.71831097 1.0666404  1.21504863]
Classification: 1.0 0.697560975609756 281
(20, 2)
(67, 2)
(117, 2)
[0.680629   1.07743803 1.24193297]
Classification: 1.0 0.7073170731707317 282
(20, 2)
(67, 2)
(117, 2)
[0.68304342 1.04449278 1.2724638 ]
Classification: 1.0 0.7024390243902439 283
(20, 2)
(67, 2)
(117, 2)
[0.6329604  1.09381978 1.27321983]
Classification: 1.0 0.7121951219512195 284
(20, 2)
(67, 2)
(117, 2)
[0.67568479 1.05896079 1.26535442]
Classification: 1.0 0.6926829268292682 285
(20, 2)
(67, 2)
(117, 2)
[0.68038409 1.0893257  1.23029021]
Classification: 1.0 0.697560975609756 286
(20, 2)
(67, 2)
(117, 2)
[0.68229637 1.08581146 1.23189217]
Classification: 1.0 0.697560975609756 287
(20, 2)
(67, 2)
(117, 2)
[0.70640648 1.10146499 1.19212853]
Classification: 1.0 0.697560975609756 288
(20, 2)
(67, 2)
(117, 2)
[0.65293926 1.07532948 1.27173126]
Classification: 1.0 0.7073170731707317 289
(20, 2)
(67, 2)
(117, 2)
[0.66158656 1.0891519  1.24926154]
Classification: 1.0 0.7024390243902439 290
(20, 2)
(67, 2)
(117, 2)
[0.65206652 1.10165068 1.24628279]
Classification: 1.0 0.697560975609756 291
(20, 2)
(67, 2)
(117, 2)
[0.64085841 1.13181239 1.2273292 ]
Classification: 1.0 0.7121951219512195 292
(20, 2)
(67, 2)
(117, 2)
[0.66036053 1.15923102 1.18040845]
Classification: 1.0 0.7073170731707317 293
(20, 2)
(67, 2)
(117, 2)
[0.65326786 1.14345158 1.20328056]
Classification: 1.0 0.7121951219512195 294
(20, 2)
(67, 2)
(117, 2)
[0.68841797 1.07369213 1.2378899 ]
Classification: 1.0 0.7073170731707317 295
(20, 2)
(67, 2)
(117, 2)
[0.66901251 1.09817957 1.23280792]
Classification: 1.0 0.7024390243902439 296
(20, 2)
(67, 2)
(117, 2)
[0.65714808 1.13477639 1.20807553]
Classification: 1.0 0.7024390243902439 297
(20, 2)
(67, 2)
(117, 2)
[0.67925816 1.07552759 1.24521425]
Classification: 1.0 0.7024390243902439 298
(20, 2)
(67, 2)
(117, 2)
[0.64805013 1.08567885 1.26627102]
Classification: 1.0 0.7024390243902439 299
(20, 2)
(67, 2)
(117, 2)
[0.60410501 1.10765662 1.28823837]
Classification: 1.0 0.7024390243902439 300
(20, 2)
(67, 2)
(117, 2)
[0.63896367 1.10770045 1.25333588]
Classification: 1.0 0.7073170731707317 301
(20, 2)
(67, 2)
(117, 2)
[0.64461399 1.0827909  1.27259512]
Classification: 1.0 0.7073170731707317 302
(20, 2)
(67, 2)
(117, 2)
[0.61900702 1.09305888 1.28793411]
Classification: 1.0 0.7073170731707317 303
(20, 2)
(67, 2)
(117, 2)
[0.59451628 1.11972781 1.28575592]
Classification: 1.0 0.7073170731707317 304
(20, 2)
(67, 2)
(117, 2)
[0.62324662 1.07507774 1.30167564]
Classification: 1.0 0.7073170731707317 305
(20, 2)
(67, 2)
(117, 2)
[0.63801245 1.06870712 1.29328043]
Classification: 1.0 0.7073170731707317 306
(20, 2)
(67, 2)
(117, 2)
[0.61713805 1.04219768 1.34066427]
Classification: 1.0 0.7073170731707317 307
(20, 2)
(67, 2)
(117, 2)
[0.61115907 1.06080773 1.3280332 ]
Classification: 1.0 0.7073170731707317 308
(20, 2)
(67, 2)
(117, 2)
[0.64477146 1.05849245 1.29673609]
Classification: 1.0 0.7121951219512195 309
(20, 2)
(67, 2)
(117, 2)
[0.67979912 1.02682602 1.29337486]
Classification: 1.0 0.7073170731707317 310
(20, 2)
(67, 2)
(117, 2)
[0.65282993 1.02647469 1.32069538]
Classification: 1.0 0.7121951219512195 311
(20, 2)
(67, 2)
(117, 2)
[0.68969508 1.00416253 1.3061424 ]
Classification: 1.0 0.7024390243902439 312
(20, 2)
(67, 2)
(117, 2)
[0.6630622 1.0011623 1.3357755]
Classification: 1.0 0.7073170731707317 313
(20, 2)
(67, 2)
(117, 2)
[0.68248095 0.99138848 1.32613056]
Classification: 1.0 0.6926829268292682 314
(20, 2)
(67, 2)
(117, 2)
[0.66876623 0.99301301 1.33822076]
Classification: 1.0 0.697560975609756 315
(20, 2)
(67, 2)
(117, 2)
[0.67744879 1.01575066 1.30680055]
Classification: 1.0 0.7073170731707317 316
(20, 2)
(67, 2)
(117, 2)
[0.65732456 1.02561546 1.31705998]
Classification: 1.0 0.7024390243902439 317
(20, 2)
(67, 2)
(117, 2)
[0.66069701 1.03228367 1.30701932]
Classification: 1.0 0.7073170731707317 318
(20, 2)
(67, 2)
(117, 2)
[0.62920519 1.03704136 1.33375345]
Classification: 1.0 0.6926829268292682 319
(20, 2)
(67, 2)
(117, 2)
[0.64189817 1.03022096 1.32788087]
Classification: 1.0 0.6926829268292682 320
(20, 2)
(67, 2)
(117, 2)
[0.61282085 1.03420025 1.35297891]
Classification: 1.0 0.7024390243902439 321
(20, 2)
(67, 2)
(117, 2)
[0.63656744 1.04710431 1.31632826]
Classification: 1.0 0.697560975609756 322
(20, 2)
(67, 2)
(117, 2)
[0.67259638 1.00536383 1.32203979]
Classification: 1.0 0.6926829268292682 323
(20, 2)
(67, 2)
(117, 2)
[0.63671091 1.0603659  1.30292319]
Classification: 1.0 0.7024390243902439 324
(20, 2)
(67, 2)
(117, 2)
[0.64062619 1.04052948 1.31884433]
Classification: 1.0 0.7073170731707317 325
(20, 2)
(67, 2)
(117, 2)
[0.62419251 1.0372132  1.33859429]
Classification: 1.0 0.7024390243902439 326
(20, 2)
(67, 2)
(117, 2)
[0.63087137 1.03955313 1.3295755 ]
Classification: 1.0 0.6878048780487804 327
(20, 2)
(67, 2)
(117, 2)
[0.65617964 1.05869892 1.28512143]
Classification: 1.0 0.7024390243902439 328
(20, 2)
(67, 2)
(117, 2)
[0.61596593 1.05297713 1.33105694]
Classification: 1.0 0.7024390243902439 329
(20, 2)
(67, 2)
(117, 2)
[0.60752598 1.05342965 1.33904437]
Classification: 1.0 0.7073170731707317 330
(20, 2)
(67, 2)
(117, 2)
[0.64507882 1.04315133 1.31176985]
Classification: 1.0 0.7024390243902439 331
(20, 2)
(67, 2)
(117, 2)
[0.61249984 1.06803577 1.31946438]
Classification: 1.0 0.7073170731707317 332
(20, 2)
(67, 2)
(117, 2)
[0.60288099 1.0545431  1.34257592]
Classification: 1.0 0.6926829268292682 333
(20, 2)
(67, 2)
(117, 2)
[0.61455161 1.08255725 1.30289114]
Classification: 1.0 0.7073170731707317 334
(20, 2)
(67, 2)
(117, 2)
[0.666549   1.03509469 1.2983563 ]
Classification: 1.0 0.697560975609756 335
(20, 2)
(67, 2)
(117, 2)
[0.66961543 1.05955469 1.27082988]
Classification: 1.0 0.697560975609756 336
(20, 2)
(67, 2)
(117, 2)
[0.67731166 1.05518981 1.26749853]
Classification: 1.0 0.7024390243902439 337
(20, 2)
(67, 2)
(117, 2)
[0.67633523 1.03184643 1.29181834]
Classification: 1.0 0.7024390243902439 338
(20, 2)
(67, 2)
(117, 2)
[0.65503369 1.05519167 1.28977463]
Classification: 1.0 0.6829268292682927 339
(20, 2)
(67, 2)
(117, 2)
[0.67749364 1.00067942 1.32182694]
Classification: 1.0 0.6926829268292682 340
(20, 2)
(67, 2)
(117, 2)
[0.66222248 1.02661945 1.31115807]
Classification: 1.0 0.697560975609756 341
(20, 2)
(67, 2)
(117, 2)
[0.63874188 1.02205376 1.33920436]
Classification: 1.0 0.7073170731707317 342
(20, 2)
(67, 2)
(117, 2)
[0.63909525 1.01660236 1.34430239]
Classification: 1.0 0.7024390243902439 343
(20, 2)
(67, 2)
(117, 2)
[0.63426406 1.02881454 1.3369214 ]
Classification: 1.0 0.697560975609756 344
(20, 2)
(67, 2)
(117, 2)
[0.66808184 1.05110412 1.28081404]
Classification: 1.0 0.7024390243902439 345
(20, 2)
(67, 2)
(117, 2)
[0.67122693 1.02851433 1.30025874]
Classification: 1.0 0.7024390243902439 346
(20, 2)
(67, 2)
(117, 2)
[0.66868357 1.02069904 1.31061739]
Classification: 1.0 0.7024390243902439 347
(20, 2)
(67, 2)
(117, 2)
[0.65978392 1.02417472 1.31604135]
Classification: 1.0 0.7024390243902439 348
(20, 2)
(67, 2)
(117, 2)
[0.64819683 1.02572139 1.32608178]
Classification: 1.0 0.7024390243902439 349
(20, 2)
(67, 2)
(117, 2)
[0.62574724 1.04394746 1.33030529]
Classification: 1.0 0.697560975609756 350
(20, 2)
(67, 2)
(117, 2)
[0.63907587 1.04868354 1.31224059]
Classification: 1.0 0.7024390243902439 351
(20, 2)
(67, 2)
(117, 2)
[0.62499756 1.03519091 1.33981152]
Classification: 1.0 0.697560975609756 352
(20, 2)
(67, 2)
(117, 2)
[0.61474011 1.04413601 1.34112388]
Classification: 1.0 0.7073170731707317 353
(20, 2)
(67, 2)
(117, 2)
[0.65401534 1.03429249 1.31169217]
Classification: 1.0 0.7073170731707317 354
(20, 2)
(67, 2)
(117, 2)
[0.66859107 1.02601777 1.30539116]
Classification: 1.0 0.7073170731707317 355
(20, 2)
(67, 2)
(117, 2)
[0.61638243 1.0935804  1.29003717]
Classification: 1.0 0.7073170731707317 356
(20, 2)
(67, 2)
(117, 2)
[0.68431307 1.01843333 1.29725361]
Classification: 1.0 0.7073170731707317 357
(20, 2)
(67, 2)
(117, 2)
[0.67279662 1.010792   1.31641138]
Classification: 1.0 0.7024390243902439 358
(20, 2)
(67, 2)
(117, 2)
[0.69594708 1.03001163 1.27404128]
Classification: 1.0 0.7073170731707317 359
(20, 2)
(67, 2)
(117, 2)
[0.64948146 1.07019334 1.2803252 ]
Classification: 1.0 0.7024390243902439 360
(20, 2)
(67, 2)
(117, 2)
[0.70155274 1.0248264  1.27362086]
Classification: 1.0 0.7024390243902439 361
(20, 2)
(67, 2)
(117, 2)
[0.69128737 1.02771722 1.28099541]
Classification: 1.0 0.7024390243902439 362
(20, 2)
(67, 2)
(117, 2)
[0.6432755  1.04804703 1.30867747]
Classification: 1.0 0.7073170731707317 363
(20, 2)
(67, 2)
(117, 2)
[0.66304653 1.06791157 1.26904189]
Classification: 1.0 0.7073170731707317 364
(20, 2)
(67, 2)
(117, 2)
[0.69691886 1.03860634 1.2644748 ]
Classification: 1.0 0.697560975609756 365
(20, 2)
(67, 2)
(117, 2)
[0.64970362 1.04425986 1.30603652]
Classification: 1.0 0.7170731707317073 366
(20, 2)
(67, 2)
(117, 2)
[0.65477159 1.05925997 1.28596844]
Classification: 1.0 0.7121951219512195 367
(20, 2)
(67, 2)
(117, 2)
[0.68742734 0.97615102 1.33642164]
Classification: 1.0 0.7073170731707317 368
(20, 2)
(67, 2)
(117, 2)
[0.68828754 0.97287512 1.33883734]
Classification: 1.0 0.7073170731707317 369
(20, 2)
(67, 2)
(117, 2)
[0.68346855 1.00368749 1.31284396]
Classification: 1.0 0.7024390243902439 370
(20, 2)
(67, 2)
(117, 2)
[0.70696329 0.98285528 1.31018143]
Classification: 1.0 0.7024390243902439 371
(20, 2)
(67, 2)
(117, 2)
[0.70751719 0.96016525 1.33231756]
Classification: 1.0 0.697560975609756 372
(20, 2)
(67, 2)
(117, 2)
[0.67524341 0.96043349 1.3643231 ]
Classification: 1.0 0.7024390243902439 373
(20, 2)
(67, 2)
(117, 2)
[0.718183   0.96757299 1.31424401]
Classification: 1.0 0.7024390243902439 374
(20, 2)
(67, 2)
(117, 2)
[0.68685283 0.96958283 1.34356434]
Classification: 1.0 0.7024390243902439 375
(20, 2)
(67, 2)
(117, 2)
[0.69854774 0.95675576 1.3446965 ]
Classification: 1.0 0.7024390243902439 376
(20, 2)
(67, 2)
(117, 2)
[0.69404291 0.9594806  1.34647649]
Classification: 1.0 0.697560975609756 377
(20, 2)
(67, 2)
(117, 2)
[0.66983237 0.94622964 1.38393799]
Classification: 1.0 0.7024390243902439 378
(20, 2)
(67, 2)
(117, 2)
[0.66287712 0.96451737 1.37260551]
Classification: 1.0 0.697560975609756 379
(20, 2)
(67, 2)
(117, 2)
[0.66802839 1.02117722 1.31079439]
Classification: 1.0 0.7024390243902439 380
(20, 2)
(67, 2)
(117, 2)
[0.650522   1.03538206 1.31409594]
Classification: 1.0 0.7073170731707317 381
(20, 2)
(67, 2)
(117, 2)
[0.67050125 1.02478113 1.30471762]
Classification: 1.0 0.7024390243902439 382
(20, 2)
(67, 2)
(117, 2)
[0.64081878 1.03776925 1.32141198]
Classification: 1.0 0.7024390243902439 383
(20, 2)
(67, 2)
(117, 2)
[0.6912574  0.99059785 1.31814475]
Classification: 1.0 0.7024390243902439 384
(20, 2)
(67, 2)
(117, 2)
[0.71272724 0.96652072 1.32075204]
Classification: 1.0 0.697560975609756 385
(20, 2)
(67, 2)
(117, 2)
[0.70222577 0.95009022 1.34768401]
Classification: 1.0 0.6926829268292682 386
(20, 2)
(67, 2)
(117, 2)
[0.70766642 0.97691588 1.3154177 ]
Classification: 1.0 0.7024390243902439 387
(20, 2)
(67, 2)
(117, 2)
[0.70702378 0.97560667 1.31736955]
Classification: 1.0 0.6878048780487804 388
(20, 2)
(67, 2)
(117, 2)
[0.72579848 0.92838188 1.34581964]
Classification: 1.0 0.6926829268292682 389
(20, 2)
(67, 2)
(117, 2)
[0.70013992 0.95236268 1.3474974 ]
Classification: 1.0 0.697560975609756 390
(20, 2)
(67, 2)
(117, 2)
[0.68043343 0.96631534 1.35325123]
Classification: 1.0 0.7024390243902439 391
(20, 2)
(67, 2)
(117, 2)
[0.65708777 0.97482144 1.36809079]
Classification: 1.0 0.697560975609756 392
(20, 2)
(67, 2)
(117, 2)
[0.68640321 1.00764033 1.30595647]
Classification: 1.0 0.697560975609756 393
(20, 2)
(67, 2)
(117, 2)
[0.67889165 1.00016897 1.32093938]
Classification: 1.0 0.6926829268292682 394
(20, 2)
(67, 2)
(117, 2)
[0.68790903 1.01190526 1.30018571]
Classification: 1.0 0.697560975609756 395
(20, 2)
(67, 2)
(117, 2)
[0.69594988 0.99405397 1.30999614]
Classification: 1.0 0.6926829268292682 396
(20, 2)
(67, 2)
(117, 2)
[0.69924154 0.97556116 1.32519729]
Classification: 1.0 0.697560975609756 397
(20, 2)
(67, 2)
(117, 2)
[0.69643141 0.98463032 1.31893827]
Classification: 1.0 0.6878048780487804 398
(20, 2)
(67, 2)
(117, 2)
[0.7167437  0.94978957 1.33346673]
Classification: 1.0 0.6926829268292682 399
(20, 2)
(67, 2)
(117, 2)
[0.69471766 0.97503333 1.33024901]
Classification: 1.0 0.6926829268292682 400
(20, 2)
(67, 2)
(117, 2)
[0.66974579 1.00327464 1.32697957]
Classification: 1.0 0.697560975609756 401
(20, 2)
(67, 2)
(117, 2)
[0.70837918 0.99965325 1.29196757]
Classification: 1.0 0.697560975609756 402
(20, 2)
(67, 2)
(117, 2)
[0.72489771 0.98028242 1.29481987]
Classification: 1.0 0.6926829268292682 403
(20, 2)
(67, 2)
(117, 2)
[0.75879581 0.98760644 1.25359775]
Classification: 1.0 0.697560975609756 404
(20, 2)
(67, 2)
(117, 2)
[0.73096228 0.98740476 1.28163296]
Classification: 1.0 0.6926829268292682 405
(20, 2)
(67, 2)
(117, 2)
[0.72986315 0.98827739 1.28185946]
Classification: 1.0 0.697560975609756 406
(20, 2)
(67, 2)
(117, 2)
[0.7425974  0.99871706 1.25868555]
Classification: 1.0 0.6926829268292682 407
(20, 2)
(67, 2)
(117, 2)
[0.7105887  1.03429926 1.25511204]
Classification: 1.0 0.6926829268292682 408
(20, 2)
(67, 2)
(117, 2)
[0.70195843 1.04103875 1.25700282]
Classification: 1.0 0.6926829268292682 409
(20, 2)
(67, 2)
(117, 2)
[0.72803511 0.99733549 1.2746294 ]
Classification: 1.0 0.697560975609756 410
(20, 2)
(67, 2)
(117, 2)
[0.71070794 1.03554776 1.2537443 ]
Classification: 1.0 0.697560975609756 411
(20, 2)
(67, 2)
(117, 2)
[0.71759977 1.0366958  1.24570443]
Classification: 1.0 0.6878048780487804 412
(20, 2)
(67, 2)
(117, 2)
[0.69954881 0.9917192  1.30873199]
Classification: 1.0 0.6926829268292682 413
(20, 2)
(67, 2)
(117, 2)
[0.72229899 1.02461662 1.25308439]
Classification: 1.0 0.6878048780487804 414
(20, 2)
(67, 2)
(117, 2)
[0.69962831 1.03016001 1.27021168]
Classification: 1.0 0.6926829268292682 415
(20, 2)
(67, 2)
(117, 2)
[0.7182872  0.99489118 1.28682161]
Classification: 1.0 0.6926829268292682 416
(20, 2)
(67, 2)
(117, 2)
[0.67213658 1.03962559 1.28823784]
Classification: 1.0 0.697560975609756 417
(20, 2)
(67, 2)
(117, 2)
[0.67867006 1.01990174 1.3014282 ]
Classification: 1.0 0.697560975609756 418
(20, 2)
(67, 2)
(117, 2)
[0.69399143 1.00860477 1.2974038 ]
Classification: 1.0 0.6878048780487804 419
(20, 2)
(67, 2)
(117, 2)
[0.68751753 1.04434679 1.26813567]
Classification: 1.0 0.697560975609756 420
(20, 2)
(67, 2)
(117, 2)
[0.67200096 1.06308493 1.2649141 ]
Classification: 1.0 0.697560975609756 421
(20, 2)
(67, 2)
(117, 2)
[0.68225251 1.05230937 1.26543812]
Classification: 1.0 0.6878048780487804 422
(20, 2)
(67, 2)
(117, 2)
[0.75953729 0.9857796  1.2546831 ]
Classification: 1.0 0.6926829268292682 423
(20, 2)
(67, 2)
(117, 2)
[0.71254327 1.01584925 1.27160749]
Classification: 1.0 0.6878048780487804 424
(20, 2)
(67, 2)
(117, 2)
[0.71719315 1.01152433 1.27128252]
Classification: 1.0 0.6878048780487804 425
(20, 2)
(67, 2)
(117, 2)
[0.67229022 1.07724895 1.25046083]
Classification: 1.0 0.6926829268292682 426
(20, 2)
(67, 2)
(117, 2)
[0.68430798 1.01781331 1.29787871]
Classification: 1.0 0.6926829268292682 427
(20, 2)
(67, 2)
(117, 2)
[0.73365198 0.981566   1.28478203]
Classification: 1.0 0.6926829268292682 428
(20, 2)
(67, 2)
(117, 2)
[0.78694904 0.99309092 1.21996004]
Classification: 1.0 0.6926829268292682 429
(20, 2)
(67, 2)
(117, 2)
[0.7710242  1.005825   1.22315079]
Classification: 1.0 0.6926829268292682 430
(20, 2)
(67, 2)
(117, 2)
[0.73633952 1.01318944 1.25047103]
Classification: 1.0 0.6878048780487804 431
(20, 2)
(67, 2)
(117, 2)
[0.77355854 1.0315747  1.19486676]
Classification: 1.0 0.6878048780487804 432
(20, 2)
(67, 2)
(117, 2)
[0.7317958  1.07788024 1.19032396]
Classification: 1.0 0.6926829268292682 433
(20, 2)
(67, 2)
(117, 2)
[0.70214278 1.01181055 1.28604668]
Classification: 1.0 0.6926829268292682 434
(20, 2)
(67, 2)
(117, 2)
[0.68450358 1.0564495  1.25904692]
Classification: 1.0 0.6926829268292682 435
(20, 2)
(67, 2)
(117, 2)
[0.72771097 1.05346344 1.21882559]
Classification: 1.0 0.697560975609756 436
(20, 2)
(67, 2)
(117, 2)
[0.69884083 1.05736502 1.24379415]
Classification: 1.0 0.697560975609756 437
(20, 2)
(67, 2)
(117, 2)
[0.76596698 1.02107255 1.21296047]
Classification: 1.0 0.6878048780487804 438
(20, 2)
(67, 2)
(117, 2)
[0.73396663 1.04114833 1.22488504]
Classification: 1.0 0.6926829268292682 439
(20, 2)
(67, 2)
(117, 2)
[0.72163527 1.05657299 1.22179174]
Classification: 1.0 0.6878048780487804 440
(20, 2)
(67, 2)
(117, 2)
[0.69316416 1.04975101 1.25708483]
Classification: 1.0 0.6878048780487804 441
(20, 2)
(67, 2)
(117, 2)
[0.67738455 1.08956429 1.23305116]
Classification: 1.0 0.6878048780487804 442
(20, 2)
(67, 2)
(117, 2)
[0.70053559 1.05153293 1.24793148]
Classification: 1.0 0.6926829268292682 443
(20, 2)
(67, 2)
(117, 2)
[0.67531415 1.01913611 1.30554974]
Classification: 1.0 0.6878048780487804 444
(20, 2)
(67, 2)
(117, 2)
[0.65968428 1.02075457 1.31956114]
Classification: 1.0 0.697560975609756 445
(20, 2)
(67, 2)
(117, 2)
[0.69189896 1.02186371 1.28623733]
Classification: 1.0 0.6878048780487804 446
(20, 2)
(67, 2)
(117, 2)
[0.67782531 1.06867988 1.25349481]
Classification: 1.0 0.6926829268292682 447
(20, 2)
(67, 2)
(117, 2)
[0.69057944 1.0690172  1.24040335]
Classification: 1.0 0.6926829268292682 448
(20, 2)
(67, 2)
(117, 2)
[0.69520703 1.06555358 1.23923938]
Classification: 1.0 0.6926829268292682 449
(20, 2)
(67, 2)
(117, 2)
[0.6931353  1.04109921 1.26576549]
Classification: 1.0 0.697560975609756 450
(20, 2)
(67, 2)
(117, 2)
[0.7226425 1.0106004 1.2667571]
Classification: 1.0 0.697560975609756 451
(20, 2)
(67, 2)
(117, 2)
[0.70969449 1.04815073 1.24215478]
Classification: 1.0 0.7024390243902439 452
(20, 2)
(67, 2)
(117, 2)
[0.70262701 1.05510768 1.24226531]
Classification: 1.0 0.697560975609756 453
(20, 2)
(67, 2)
(117, 2)
[0.67777196 1.02696817 1.29525987]
Classification: 1.0 0.697560975609756 454
(20, 2)
(67, 2)
(117, 2)
[0.69414884 1.02600259 1.27984857]
Classification: 1.0 0.697560975609756 455
(20, 2)
(67, 2)
(117, 2)
[0.69473464 1.03592438 1.26934098]
Classification: 1.0 0.697560975609756 456
(20, 2)
(67, 2)
(117, 2)
[0.70070423 1.00702759 1.29226818]
Classification: 1.0 0.7073170731707317 457
(20, 2)
(67, 2)
(117, 2)
[0.72077975 1.00049061 1.27872964]
Classification: 1.0 0.7024390243902439 458
(20, 2)
(67, 2)
(117, 2)
[0.71992037 0.98921679 1.29086284]
Classification: 1.0 0.7024390243902439 459
(20, 2)
(67, 2)
(117, 2)
[0.75407477 1.01692084 1.22900439]
Classification: 1.0 0.697560975609756 460
(20, 2)
(67, 2)
(117, 2)
[0.75209121 1.02729807 1.22061073]
Classification: 1.0 0.7024390243902439 461
(20, 2)
(67, 2)
(117, 2)
[0.76074459 1.01572666 1.22352875]
Classification: 1.0 0.697560975609756 462
(20, 2)
(67, 2)
(117, 2)
[0.76249892 0.99836917 1.23913191]
Classification: 1.0 0.697560975609756 463
(20, 2)
(67, 2)
(117, 2)
[0.79898943 0.94600078 1.25500979]
Classification: 1.0 0.7024390243902439 464
(20, 2)
(67, 2)
(117, 2)
[0.73433169 1.0243801  1.24128821]
Classification: 1.0 0.6878048780487804 465
(20, 2)
(67, 2)
(117, 2)
[0.74849247 0.93385094 1.3176566 ]
Classification: 1.0 0.7024390243902439 466
(20, 2)
(67, 2)
(117, 2)
[0.77229955 0.96623562 1.26146483]
Classification: 1.0 0.6878048780487804 467
(20, 2)
(67, 2)
(117, 2)
[0.78803215 0.94316088 1.26880697]
Classification: 1.0 0.6926829268292682 468
(20, 2)
(67, 2)
(117, 2)
[0.74739333 0.98041605 1.27219063]
Classification: 1.0 0.6926829268292682 469
(20, 2)
(67, 2)
(117, 2)
[0.74546414 0.97721151 1.27732435]
Classification: 1.0 0.6878048780487804 470
(20, 2)
(67, 2)
(117, 2)
[0.69987695 1.00513055 1.2949925 ]
Classification: 1.0 0.697560975609756 471
(20, 2)
(67, 2)
(117, 2)
[0.728566  1.0346688 1.2367652]
Classification: 1.0 0.697560975609756 472
(20, 2)
(67, 2)
(117, 2)
[0.73531998 1.03073742 1.2339426 ]
Classification: 1.0 0.6878048780487804 473
(20, 2)
(67, 2)
(117, 2)
[0.74695144 1.02336362 1.22968494]
Classification: 1.0 0.6926829268292682 474
(20, 2)
(67, 2)
(117, 2)
[0.732978   1.02987402 1.23714798]
Classification: 1.0 0.697560975609756 475
(20, 2)
(67, 2)
(117, 2)
[0.73630911 1.00322037 1.26047052]
Classification: 1.0 0.6926829268292682 476
(20, 2)
(67, 2)
(117, 2)
[0.71860005 1.05020739 1.23119256]
Classification: 1.0 0.697560975609756 477
(20, 2)
(67, 2)
(117, 2)
[0.70759574 1.0374656  1.25493866]
Classification: 1.0 0.6926829268292682 478
(20, 2)
(67, 2)
(117, 2)
[0.75827322 0.96572016 1.27600662]
Classification: 1.0 0.7024390243902439 479
(20, 2)
(67, 2)
(117, 2)
[0.71918326 1.05215797 1.22865877]
Classification: 1.0 0.697560975609756 480
(20, 2)
(67, 2)
(117, 2)
[0.76146894 0.98011796 1.2584131 ]
Classification: 1.0 0.7073170731707317 481
(20, 2)
(67, 2)
(117, 2)
[0.76766079 1.00810639 1.22423281]
Classification: 1.0 0.6926829268292682 482
(20, 2)
(67, 2)
(117, 2)
[0.77665059 0.9965376  1.22681181]
Classification: 1.0 0.697560975609756 483
(20, 2)
(67, 2)
(117, 2)
[0.76914495 1.03111594 1.1997391 ]
Classification: 1.0 0.697560975609756 484
(20, 2)
(67, 2)
(117, 2)
[0.73239708 1.00716049 1.26044243]
Classification: 1.0 0.7024390243902439 485
(20, 2)
(67, 2)
(117, 2)
[0.75360229 0.98762771 1.25877001]
Classification: 1.0 0.697560975609756 486
(20, 2)
(67, 2)
(117, 2)
[0.75376023 0.99000529 1.25623447]
Classification: 1.0 0.697560975609756 487
(20, 2)
(67, 2)
(117, 2)
[0.72102847 1.05527353 1.223698  ]
Classification: 1.0 0.697560975609756 488
(20, 2)
(67, 2)
(117, 2)
[0.71777316 1.01806446 1.26416238]
Classification: 1.0 0.7024390243902439 489
(20, 2)
(67, 2)
(117, 2)
[0.74281643 0.95689744 1.30028613]
Classification: 1.0 0.7024390243902439 490
(20, 2)
(67, 2)
(117, 2)
[0.72793535 0.96833886 1.30372579]
Classification: 1.0 0.7073170731707317 491
(20, 2)
(67, 2)
(117, 2)
[0.77158703 0.97668132 1.25173165]
Classification: 1.0 0.7024390243902439 492
(20, 2)
(67, 2)
(117, 2)
[0.71776359 1.01995878 1.26227763]
/mnt/data/user_liangzhiyu/envs/fedcsl/lib/python3.8/site-packages/scipy/__init__.py:146: UserWarning: A NumPy version >=1.16.5 and <1.23.0 is required for this version of SciPy (detected version 1.23.5
  warnings.warn(f"A NumPy version >={np_minversion} and <{np_maxversion}"
/mnt/data/user_liangzhiyu/envs/fedcsl/lib/python3.8/site-packages/tslearn/bases/bases.py:15: UserWarning: h5py not installed, hdf5 features will not be supported.
Install h5py to use hdf5 features: http://docs.h5py.org/
  warn(h5py_msg)
/mnt/data/user_liangzhiyu/lixiongfei/CSL-main/train.py:392: UserWarning: Creating a tensor from a list of numpy.ndarrays is extremely slow. Please consider converting the list to a single numpy.ndarray with numpy.array() before converting to a tensor. (Triggered internally at /opt/conda/conda-bld/pytorch_1724789259345/work/torch/csrc/utils/tensor_new.cpp:278.)
  X = torch.tensor(X, dtype=torch.float).contiguous()
Classification: 1.0 0.697560975609756 493
(20, 2)
(67, 2)
(117, 2)
[0.74335447 1.02978814 1.22685739]
Classification: 1.0 0.6829268292682927 494
(20, 2)
(67, 2)
(117, 2)
[0.69048657 1.00878058 1.30073285]
Classification: 1.0 0.6926829268292682 495
(20, 2)
(67, 2)
(117, 2)
[0.73248533 1.00475465 1.26276002]
Classification: 1.0 0.697560975609756 496
(20, 2)
(67, 2)
(117, 2)
[0.72428982 1.0150437  1.26066648]
Classification: 1.0 0.697560975609756 497
(20, 2)
(67, 2)
(117, 2)
[0.69370524 1.03392531 1.27236945]
Classification: 1.0 0.6926829268292682 498
(20, 2)
(67, 2)
(117, 2)
[0.74021019 0.9962246  1.26356521]
Classification: 1.0 0.697560975609756 499
best round is 45, acc is 0.736585
Model saved to ./checkpoint/Heartbeat/2025-03-11-02_Heartbeat_model.pt
Running experiment with dataset: Heartbeat, config: ./result/ablation_study/config_Heartbeat.yml
/mnt/data/user_liangzhiyu/envs/fedcsl/lib/python3.8/site-packages/scipy/__init__.py:146: UserWarning: A NumPy version >=1.16.5 and <1.23.0 is required for this version of SciPy (detected version 1.23.5
  warnings.warn(f"A NumPy version >={np_minversion} and <{np_maxversion}"
/mnt/data/user_liangzhiyu/envs/fedcsl/lib/python3.8/site-packages/tslearn/bases/bases.py:15: UserWarning: h5py not installed, hdf5 features will not be supported.
Install h5py to use hdf5 features: http://docs.h5py.org/
  warn(h5py_msg)
/mnt/data/user_liangzhiyu/lixiongfei/CSL-main/train.py:392: UserWarning: Creating a tensor from a list of numpy.ndarrays is extremely slow. Please consider converting the list to a single numpy.ndarray with numpy.array() before converting to a tensor. (Triggered internally at /opt/conda/conda-bld/pytorch_1724789259345/work/torch/csrc/utils/tensor_new.cpp:278.)
  X = torch.tensor(X, dtype=torch.float).contiguous()
[0.09514033 0.10277917 0.11127909 0.12035814 0.12964186 0.13872091
 0.14722083 0.15485967]
204
<class 'pandas.core.frame.DataFrame'>
RangeIndex: 204 entries, 0 to 203
Data columns (total 62 columns):
 #   Column      Non-Null Count  Dtype 
---  ------      --------------  ----- 
 0   dim_0       204 non-null    object
 1   dim_1       204 non-null    object
 2   dim_2       204 non-null    object
 3   dim_3       204 non-null    object
 4   dim_4       204 non-null    object
 5   dim_5       204 non-null    object
 6   dim_6       204 non-null    object
 7   dim_7       204 non-null    object
 8   dim_8       204 non-null    object
 9   dim_9       204 non-null    object
 10  dim_10      204 non-null    object
 11  dim_11      204 non-null    object
 12  dim_12      204 non-null    object
 13  dim_13      204 non-null    object
 14  dim_14      204 non-null    object
 15  dim_15      204 non-null    object
 16  dim_16      204 non-null    object
 17  dim_17      204 non-null    object
 18  dim_18      204 non-null    object
 19  dim_19      204 non-null    object
 20  dim_20      204 non-null    object
 21  dim_21      204 non-null    object
 22  dim_22      204 non-null    object
 23  dim_23      204 non-null    object
 24  dim_24      204 non-null    object
 25  dim_25      204 non-null    object
 26  dim_26      204 non-null    object
 27  dim_27      204 non-null    object
 28  dim_28      204 non-null    object
 29  dim_29      204 non-null    object
 30  dim_30      204 non-null    object
 31  dim_31      204 non-null    object
 32  dim_32      204 non-null    object
 33  dim_33      204 non-null    object
 34  dim_34      204 non-null    object
 35  dim_35      204 non-null    object
 36  dim_36      204 non-null    object
 37  dim_37      204 non-null    object
 38  dim_38      204 non-null    object
 39  dim_39      204 non-null    object
 40  dim_40      204 non-null    object
 41  dim_41      204 non-null    object
 42  dim_42      204 non-null    object
 43  dim_43      204 non-null    object
 44  dim_44      204 non-null    object
 45  dim_45      204 non-null    object
 46  dim_46      204 non-null    object
 47  dim_47      204 non-null    object
 48  dim_48      204 non-null    object
 49  dim_49      204 non-null    object
 50  dim_50      204 non-null    object
 51  dim_51      204 non-null    object
 52  dim_52      204 non-null    object
 53  dim_53      204 non-null    object
 54  dim_54      204 non-null    object
 55  dim_55      204 non-null    object
 56  dim_56      204 non-null    object
 57  dim_57      204 non-null    object
 58  dim_58      204 non-null    object
 59  dim_59      204 non-null    object
 60  dim_60      204 non-null    object
 61  class_vals  204 non-null    object
dtypes: object(62)
memory usage: 98.9+ KB
None
{405}
<class 'pandas.core.frame.DataFrame'>
RangeIndex: 204 entries, 0 to 203
Data columns (total 62 columns):
 #   Column      Non-Null Count  Dtype 
---  ------      --------------  ----- 
 0   dim_0       204 non-null    object
 1   dim_1       204 non-null    object
 2   dim_2       204 non-null    object
 3   dim_3       204 non-null    object
 4   dim_4       204 non-null    object
 5   dim_5       204 non-null    object
 6   dim_6       204 non-null    object
 7   dim_7       204 non-null    object
 8   dim_8       204 non-null    object
 9   dim_9       204 non-null    object
 10  dim_10      204 non-null    object
 11  dim_11      204 non-null    object
 12  dim_12      204 non-null    object
 13  dim_13      204 non-null    object
 14  dim_14      204 non-null    object
 15  dim_15      204 non-null    object
 16  dim_16      204 non-null    object
 17  dim_17      204 non-null    object
 18  dim_18      204 non-null    object
 19  dim_19      204 non-null    object
 20  dim_20      204 non-null    object
 21  dim_21      204 non-null    object
 22  dim_22      204 non-null    object
 23  dim_23      204 non-null    object
 24  dim_24      204 non-null    object
 25  dim_25      204 non-null    object
 26  dim_26      204 non-null    object
 27  dim_27      204 non-null    object
 28  dim_28      204 non-null    object
 29  dim_29      204 non-null    object
 30  dim_30      204 non-null    object
 31  dim_31      204 non-null    object
 32  dim_32      204 non-null    object
 33  dim_33      204 non-null    object
 34  dim_34      204 non-null    object
 35  dim_35      204 non-null    object
 36  dim_36      204 non-null    object
 37  dim_37      204 non-null    object
 38  dim_38      204 non-null    object
 39  dim_39      204 non-null    object
 40  dim_40      204 non-null    object
 41  dim_41      204 non-null    object
 42  dim_42      204 non-null    object
 43  dim_43      204 non-null    object
 44  dim_44      204 non-null    object
 45  dim_45      204 non-null    object
 46  dim_46      204 non-null    object
 47  dim_47      204 non-null    object
 48  dim_48      204 non-null    object
 49  dim_49      204 non-null    object
 50  dim_50      204 non-null    object
 51  dim_51      204 non-null    object
 52  dim_52      204 non-null    object
 53  dim_53      204 non-null    object
 54  dim_54      204 non-null    object
 55  dim_55      204 non-null    object
 56  dim_56      204 non-null    object
 57  dim_57      204 non-null    object
 58  dim_58      204 non-null    object
 59  dim_59      204 non-null    object
 60  dim_60      204 non-null    object
 61  class_vals  204 non-null    object
dtypes: object(62)
memory usage: 98.9+ KB
None
[0 0 0 0 0 0 0 0 0 0 0 0 0 0 0 0 0 0 0 0 0 0 0 0 0 0 0 0 0 0 0 0 0 0 0 0 0
 0 0 0 0 0 0 0 0 0 0 0 0 0 0 0 0 0 0 0 0 1 1 1 1 1 1 1 1 1 1 1 1 1 1 1 1 1
 1 1 1 1 1 1 1 1 1 1 1 1 1 1 1 1 1 1 1 1 1 1 1 1 1 1 1 1 1 1 1 1 1 1 1 1 1
 1 1 1 1 1 1 1 1 1 1 1 1 1 1 1 1 1 1 1 1 1 1 1 1 1 1 1 1 1 1 1 1 1 1 1 1 1
 1 1 1 1 1 1 1 1 1 1 1 1 1 1 1 1 1 1 1 1 1 1 1 1 1 1 1 1 1 1 1 1 1 1 1 1 1
 1 1 1 1 1 1 1 1 1 1 1 1 1 1 1 1 1 1 1]
[ 0  1  2  3  4 57 58 59 60 61 62 63 64 65 66 67 68 69 70 71]
[0, 0, 0, 0, 0, 1, 1, 1, 1, 1, 1, 1, 1, 1, 1, 1, 1, 1, 1, 1]
[0, 0, 0, 0, 0, 0, 0, 0, 0, 0, 0, 0, 0, 0, 0, 0, 0, 0, 0, 0, 0, 0, 0, 0, 0, 0, 0, 0, 0, 0, 0, 0, 0, 0, 0, 0, 0, 0, 0, 0, 0, 0, 0, 0, 0, 1, 1, 1, 1, 1, 1, 1, 1, 1, 1, 1, 1, 1, 1, 1, 1, 1, 1, 1, 1, 1, 1]
[0, 0, 0, 0, 0, 0, 0, 1, 1, 1, 1, 1, 1, 1, 1, 1, 1, 1, 1, 1, 1, 1, 1, 1, 1, 1, 1, 1, 1, 1, 1, 1, 1, 1, 1, 1, 1, 1, 1, 1, 1, 1, 1, 1, 1, 1, 1, 1, 1, 1, 1, 1, 1, 1, 1, 1, 1, 1, 1, 1, 1, 1, 1, 1, 1, 1, 1, 1, 1, 1, 1, 1, 1, 1, 1, 1, 1, 1, 1, 1, 1, 1, 1, 1, 1, 1, 1, 1, 1, 1, 1, 1, 1, 1, 1, 1, 1, 1, 1, 1, 1, 1, 1, 1, 1, 1, 1, 1, 1, 1, 1, 1, 1, 1, 1, 1, 1]
shapelet initialized! 

All 3 clinet initialized! 

Traceback (most recent call last):
  File "FedCSL_All.py", line 334, in <module>
    train(dataset=args.dataset)
  File "FedCSL_All.py", line 257, in train
    losses = c.train(X_fed[idx], epochs=numEpoch, batch_size=batch_size, epoch_idx=-1,lr=lr)
  File "/mnt/data/user_liangzhiyu/lixiongfei/CSL-main/train.py", line 462, in train
    current_loss_ce, C_accu_q, c_normalising_factor_q, C_accu_k, c_normalising_factor_k = self.update_CL(x, C_accu_q, c_normalising_factor_q, C_accu_k, 
  File "/mnt/data/user_liangzhiyu/lixiongfei/CSL-main/train.py", line 132, in update_CL
    with open('./config.yml', 'r') as f:
FileNotFoundError: [Errno 2] No such file or directory: './config.yml'
