Running experiment with dataset: LSST, config: ./result/ablation_study/config_LSST.yml
[0.09514033 0.10277917 0.11127909 0.12035814 0.12964186 0.13872091
 0.14722083 0.15485967]
2459
<class 'pandas.core.frame.DataFrame'>
RangeIndex: 2459 entries, 0 to 2458
Data columns (total 7 columns):
 #   Column      Non-Null Count  Dtype 
---  ------      --------------  ----- 
 0   dim_0       2459 non-null   object
 1   dim_1       2459 non-null   object
 2   dim_2       2459 non-null   object
 3   dim_3       2459 non-null   object
 4   dim_4       2459 non-null   object
 5   dim_5       2459 non-null   object
 6   class_vals  2459 non-null   object
dtypes: object(7)
memory usage: 134.6+ KB
None
{36}
<class 'pandas.core.frame.DataFrame'>
RangeIndex: 2459 entries, 0 to 2458
Data columns (total 7 columns):
 #   Column      Non-Null Count  Dtype 
---  ------      --------------  ----- 
 0   dim_0       2459 non-null   object
 1   dim_1       2459 non-null   object
 2   dim_2       2459 non-null   object
 3   dim_3       2459 non-null   object
 4   dim_4       2459 non-null   object
 5   dim_5       2459 non-null   object
 6   class_vals  2459 non-null   object
dtypes: object(7)
memory usage: 134.6+ KB
None
[ 0  0  0 ... 13 13 13]
[  34   35   36   37   38   39   40   41   42   43   44   45   46   47
   48   49   50   51   52   53   54   55   56   57   58   59   60   61
   62   63   64   65   66   67   68   69   70   71   72   73   74   75
   76   77   78   79   80   81   82   83   84   85   86   87   88   89
   90   91   92   93   94   95   96   97   98   99  100  101  102  103
  104  105  106  107  108  109  110  111  112  113  114  115  116  117
  118  119  120  121  122  123  124  125  126  127  128  129  130  131
  132  133  134  135  136  137  138  139  140  141  142  143  144  145
  146  147  148  149  150  151  152  153  154  155  808  809  810  811
  812  813  814  815  816  817  818  819  820  821  822  823  824  825
  826  827  828  829  830  831  832  833  834  835  836  837  838  839
  840  841  842  843  844  845  846  847  848  849  850  851  852  853
  854  855  856  857  858  859  860  861  862  863  864  865  866  867
  877  878  879  880  881  882  883  884  885  886  887  888  889  890
  891  892  893  894  895  896  897  898  899  900  901  902  903  904
  905  906  907  908  909  910  911  912  913  914  915  916  917  918
  919  920  921  922  923  924  925  926  927 1030 1031 1032 1033 1034
 1035 1036 1037 1038 1039 1040 1041 1042 1043 1044 1045 1046 1047 1048
 1049 1050 1051 1053 1054 1055 1056 1057 1058 1059 1060 1061 1062 1063
 1064 1065 1066 1067 1068 1069 1070 1071 1072 1073 1074 1075 1076 1077
 1078 1079 1080 1081 1082 1083 1084 1085 1086 1087 1088 1089 1090 1091
 1092 1093 1094 1095 1096 1097 1098 1099 1100 1101 1102 1103 1104 1105
 1106 1107 1108 1109 1110 1111 1112 1113 1114 1115 1116 1117 1118 1119
 1120 1121 1122 1123 1124 1125 1126 1127 1128 1129 1130 1131 1132 1133
 1134 1135 1136 1137 1138 1139 1140 1141 1142 1143 1144 1145 1146 1147
 1148 1149 1150 1151 1152 1153 1154 1155 1156 1157 1158 1159 1160 1161
 1162 1163 1164 1165 1166 1167 1168 1169 1170 1171 1172 1173 1174 1175
 1176 1177 1178 1179 1180 1181 1182 1183 1184 1185 1186 1187 1188 1189
 1190 1191 1192 1193 1194 1195 1196 1197 1198 1199 1200 1201 1202 1203
 1204 1205 1206 1207 1208 1209 1210 1211 1212 1366 1367 1368 1369 1370
 1371 1372 1373 1374 1375 1376 1377 1378 1379 1380 1381 1382 1383 1384
 1385 1386 1387 1388 1389 1390 1391 1392 1393 1394 1395 1396 1397 1398
 1399 1400 1401 1402 1403 1404 1405 1406 1407 1408 1409 1410 1411 1412
 1413 1414 1434 1435 1436 1437 1438 1439 1440 1441 1442 1443 1444 1445
 1446 1447 1448 1449 1450 1451 1452 1453 1454 1455 1456 1457 1458 1459
 1460 1461 1462 1463 1464 1465 1466 1467 1468 1469 1470 1471 1472 1473
 1474 1475 1476 1477 1478 1479 1480 1481 1482 1483 1484 1485 1486 1487
 1488 1489 1490 1491 1492 1493 1494 1495 1496 1497 1498 1499 1500 1501
 1502 1503 1504 1505 1506 1507 1508 1509 1510 1511 1512 1513 1514 1515
 1516 1517 1518 1519 1520 1521 1522 1523 1524 1525 1526 1527 1528 1529
 1530 1531 1532 1533 1534 1535 1536 1537 2331 2332 2408 2409 2410 2411
 2412 2413 2414 2415 2416 2417 2418 2419 2420 2421 2422 2423 2424 2425
 2426 2427 2428 2429 2430 2431 2432 2433 2434 2435 2436 2437 2438 2439
 2440 2441 2442 2443 2444 2445 2446 2447 2448 2449 2450 2451 2452 2453
 2454 2455 2456 2457]
[1, 1, 1, 1, 1, 1, 1, 1, 1, 1, 1, 1, 1, 1, 1, 1, 1, 1, 1, 1, 1, 1, 1, 1, 1, 1, 1, 1, 1, 1, 1, 1, 1, 1, 1, 1, 1, 1, 1, 1, 1, 1, 1, 1, 1, 1, 1, 1, 1, 1, 1, 1, 1, 1, 1, 1, 1, 1, 1, 1, 1, 1, 1, 1, 1, 1, 1, 1, 1, 1, 1, 1, 1, 1, 1, 1, 1, 1, 1, 1, 1, 1, 1, 1, 1, 1, 1, 1, 1, 1, 1, 1, 1, 1, 1, 1, 1, 1, 1, 1, 1, 1, 1, 1, 1, 1, 1, 1, 1, 1, 1, 1, 1, 1, 1, 1, 1, 1, 1, 1, 1, 1, 4, 4, 4, 4, 4, 4, 4, 4, 4, 4, 4, 4, 4, 4, 4, 4, 4, 4, 4, 4, 4, 4, 4, 4, 4, 4, 4, 4, 4, 4, 4, 4, 4, 4, 4, 4, 4, 4, 4, 4, 4, 4, 4, 4, 4, 4, 4, 4, 4, 4, 4, 4, 4, 4, 4, 4, 4, 4, 4, 4, 6, 6, 6, 6, 6, 6, 6, 6, 6, 6, 6, 6, 6, 6, 6, 6, 6, 6, 6, 6, 6, 6, 6, 6, 6, 6, 6, 6, 6, 6, 6, 6, 6, 6, 6, 6, 6, 6, 6, 6, 6, 6, 6, 6, 6, 6, 6, 6, 6, 6, 6, 7, 7, 7, 7, 7, 7, 7, 7, 7, 7, 7, 7, 7, 7, 7, 7, 7, 7, 7, 7, 7, 7, 8, 8, 8, 8, 8, 8, 8, 8, 8, 8, 8, 8, 8, 8, 8, 8, 8, 8, 8, 8, 8, 8, 8, 8, 8, 8, 8, 8, 8, 8, 8, 8, 8, 8, 8, 8, 8, 8, 8, 8, 8, 8, 8, 8, 8, 8, 8, 8, 8, 8, 8, 8, 8, 8, 8, 8, 8, 8, 8, 8, 8, 8, 8, 8, 8, 8, 8, 8, 8, 8, 8, 8, 8, 8, 8, 8, 8, 8, 8, 8, 8, 8, 8, 8, 8, 8, 8, 8, 8, 8, 8, 8, 8, 8, 8, 8, 8, 8, 8, 8, 8, 8, 8, 8, 8, 8, 8, 8, 8, 8, 8, 8, 8, 8, 8, 8, 8, 8, 8, 8, 8, 8, 8, 8, 8, 8, 8, 8, 8, 8, 8, 8, 8, 8, 8, 8, 8, 8, 8, 8, 8, 8, 8, 8, 8, 8, 8, 8, 8, 8, 8, 8, 8, 8, 8, 8, 8, 8, 8, 8, 9, 9, 9, 9, 9, 9, 9, 9, 9, 9, 9, 9, 9, 9, 9, 9, 9, 9, 9, 9, 9, 9, 9, 9, 9, 9, 9, 9, 9, 9, 9, 9, 9, 9, 9, 9, 9, 9, 9, 9, 9, 9, 9, 9, 9, 9, 9, 9, 9, 10, 10, 10, 10, 10, 10, 10, 10, 10, 10, 10, 10, 10, 10, 10, 10, 10, 10, 10, 10, 10, 10, 10, 10, 10, 10, 10, 10, 10, 10, 10, 10, 10, 10, 10, 10, 10, 10, 10, 10, 10, 10, 10, 10, 10, 10, 10, 10, 10, 10, 10, 10, 10, 10, 10, 10, 10, 10, 10, 10, 10, 10, 10, 10, 10, 10, 10, 10, 10, 10, 10, 10, 10, 10, 10, 10, 10, 10, 10, 10, 10, 10, 10, 10, 10, 10, 10, 10, 10, 10, 10, 10, 10, 10, 10, 10, 10, 10, 10, 10, 10, 10, 10, 10, 12, 12, 13, 13, 13, 13, 13, 13, 13, 13, 13, 13, 13, 13, 13, 13, 13, 13, 13, 13, 13, 13, 13, 13, 13, 13, 13, 13, 13, 13, 13, 13, 13, 13, 13, 13, 13, 13, 13, 13, 13, 13, 13, 13, 13, 13, 13, 13, 13, 13, 13, 13]
[2, 2, 2, 2, 2, 2, 2, 2, 2, 2, 2, 2, 2, 2, 2, 2, 2, 2, 2, 2, 2, 2, 2, 2, 2, 2, 2, 2, 2, 2, 2, 2, 2, 2, 2, 2, 2, 2, 2, 2, 2, 2, 2, 2, 2, 2, 2, 2, 2, 2, 2, 2, 2, 2, 2, 2, 2, 2, 2, 2, 2, 2, 2, 2, 2, 2, 2, 2, 2, 2, 2, 2, 2, 2, 2, 2, 2, 2, 2, 2, 2, 2, 2, 2, 2, 2, 2, 2, 2, 2, 2, 2, 2, 2, 2, 2, 2, 2, 2, 2, 2, 2, 2, 2, 2, 2, 2, 2, 2, 2, 2, 2, 2, 2, 2, 2, 2, 2, 2, 2, 2, 2, 2, 2, 2, 2, 2, 2, 2, 2, 2, 2, 2, 2, 2, 2, 2, 2, 2, 2, 2, 2, 2, 2, 2, 2, 2, 2, 2, 2, 2, 2, 2, 2, 2, 2, 2, 2, 2, 2, 2, 2, 2, 2, 2, 2, 2, 2, 2, 2, 2, 2, 2, 2, 2, 2, 2, 2, 2, 2, 2, 2, 2, 2, 2, 2, 2, 2, 2, 2, 2, 2, 2, 2, 2, 2, 2, 2, 2, 2, 2, 2, 2, 2, 2, 2, 2, 2, 2, 2, 2, 2, 2, 2, 2, 2, 2, 2, 2, 2, 2, 2, 2, 2, 2, 2, 2, 2, 2, 2, 2, 2, 2, 2, 2, 2, 2, 2, 2, 2, 2, 2, 2, 2, 2, 2, 2, 2, 2, 2, 2, 2, 2, 2, 2, 2, 2, 2, 2, 2, 2, 2, 2, 2, 2, 2, 2, 2, 2, 3, 3, 3, 3, 3, 3, 3, 3, 3, 3, 3, 3, 3, 3, 3, 3, 3, 3, 3, 3, 3, 3, 3, 3, 3, 3, 3, 3, 3, 3, 3, 3, 3, 3, 3, 3, 3, 3, 3, 3, 3, 3, 3, 3, 3, 3, 3, 3, 3, 3, 3, 3, 3, 3, 3, 3, 3, 3, 3, 3, 3, 3, 3, 3, 3, 3, 3, 3, 3, 3, 3, 3, 3, 3, 3, 3, 3, 3, 3, 3, 3, 3, 3, 3, 3, 3, 3, 3, 3, 3, 3, 3, 3, 3, 3, 3, 3, 3, 3, 3, 3, 3, 3, 3, 3, 3, 3, 3, 3, 3, 3, 3, 3, 3, 3, 3, 3, 3, 3, 3, 3, 3, 3, 3, 3, 3, 3, 3, 3, 3, 3, 3, 3, 3, 3, 3, 3, 3, 3, 3, 3, 3, 3, 3, 3, 3, 3, 3, 3, 3, 3, 3, 3, 3, 3, 3, 3, 3, 3, 3, 3, 3, 3, 3, 3, 3, 3, 3, 3, 3, 3, 3, 3, 3, 3, 3, 3, 3, 3, 3, 3, 3, 3, 3, 3, 3, 3, 3, 3, 3, 3, 3, 3, 3, 3, 3, 3, 3, 3, 3, 3, 3, 3, 3, 3, 3, 3, 3, 3, 3, 3, 3, 3, 3, 3, 3, 3, 3, 3, 3, 3, 3, 3, 3, 3, 3, 3, 3, 3, 3, 3, 3, 3, 3, 3, 3, 3, 3, 3, 3, 3, 3, 3, 3, 3, 3, 3, 3, 3, 3, 3, 3, 3, 3, 3, 3, 3, 3, 3, 3, 3, 3, 3, 3, 3, 3, 3, 3, 3, 3, 3, 3, 3, 3, 3, 3, 3, 3, 3, 3, 3, 3, 3, 3, 3, 3, 3, 3, 3, 3, 3, 3, 3, 3, 3, 3, 3, 3, 3, 3, 3, 3, 3, 3, 3, 3, 3, 3, 3, 3, 3, 3, 3, 3, 3, 3, 3, 3, 3, 3, 3, 3, 3, 3, 3, 3, 3, 3, 3, 3, 3, 3, 3, 3, 3, 3, 3, 3, 3, 3, 3, 3, 3, 3, 3, 3, 3, 3, 3, 3, 3, 3, 3, 3, 3, 3, 3, 3, 3, 3, 3, 3, 3, 3, 3, 3, 3, 3, 3, 3, 3, 3, 3, 3, 3, 3, 3, 3, 3, 3, 8, 8, 8, 8, 8, 8, 8, 8, 8, 8, 9, 9, 9, 9, 9, 9, 9, 9, 9, 9, 9, 9, 9, 9, 9, 9, 9, 9, 10, 10, 10, 10, 10, 10, 10, 10, 10, 10, 10, 10, 10, 10, 10, 11, 11, 11, 11, 11, 11, 11, 11, 11, 11, 11, 11, 11, 11, 11, 11, 11, 11, 11, 11, 11, 11, 11, 11, 11, 11, 11, 11, 11, 11, 11, 11, 11, 11, 11, 11, 11, 11, 11, 11, 11, 11, 11, 11, 11, 11, 11, 11, 11, 11, 11, 11, 11, 11, 11, 11, 11, 11, 11, 11, 11, 11, 11, 11, 12, 12, 12, 12, 12, 12, 12, 12, 12, 12, 12, 12, 12, 12, 12, 12, 12, 12, 12, 12, 12, 12, 12, 12, 12, 12, 12, 12, 12, 12, 12, 12, 12, 12, 12, 12, 12, 12, 12, 12, 12, 12, 12, 12, 12, 12, 12, 12, 12, 12, 12, 12, 12, 12, 12, 12, 12, 12, 12, 12, 12, 12, 12, 12, 12, 12, 12, 12, 12, 12, 12, 12, 12, 12, 13]
[0, 0, 0, 0, 0, 0, 0, 0, 0, 0, 0, 0, 0, 0, 0, 0, 0, 0, 0, 0, 0, 0, 0, 0, 0, 0, 0, 0, 0, 0, 0, 0, 0, 0, 1, 2, 3, 4, 4, 5, 5, 5, 5, 5, 5, 5, 6, 6, 6, 6, 6, 6, 6, 6, 6, 6, 6, 6, 6, 6, 6, 6, 6, 6, 6, 6, 6, 6, 6, 6, 6, 6, 6, 6, 6, 6, 6, 6, 6, 6, 6, 6, 6, 6, 6, 6, 6, 6, 6, 6, 6, 6, 6, 6, 6, 6, 6, 6, 6, 6, 6, 6, 6, 6, 6, 6, 6, 6, 6, 6, 6, 6, 6, 6, 6, 6, 6, 6, 6, 6, 6, 6, 6, 6, 6, 6, 6, 6, 6, 6, 6, 6, 6, 6, 6, 6, 6, 6, 6, 6, 6, 6, 6, 6, 6, 6, 6, 6, 7, 8, 8, 8, 8, 8, 8, 8, 8, 8, 8, 8, 8, 8, 8, 8, 8, 8, 8, 8, 8, 8, 8, 8, 8, 8, 8, 8, 8, 8, 8, 8, 8, 8, 8, 8, 8, 8, 8, 8, 8, 8, 8, 8, 8, 8, 8, 8, 8, 8, 8, 8, 8, 8, 8, 8, 8, 8, 8, 8, 8, 8, 8, 8, 8, 8, 8, 8, 8, 8, 8, 8, 8, 8, 8, 8, 8, 8, 8, 8, 8, 8, 8, 8, 8, 8, 8, 8, 8, 8, 8, 8, 8, 8, 8, 8, 8, 8, 8, 8, 8, 8, 8, 8, 8, 8, 8, 8, 8, 8, 8, 8, 8, 8, 8, 8, 8, 8, 8, 8, 8, 8, 8, 8, 8, 8, 8, 8, 8, 8, 8, 8, 8, 8, 8, 8, 8, 8, 8, 8, 8, 8, 8, 8, 9, 10, 11, 11, 11, 11, 11, 11, 11, 11, 11, 11, 11, 11, 11, 11, 11, 11, 11, 11, 11, 11, 11, 11, 11, 11, 11, 11, 11, 11, 11, 11, 11, 11, 11, 11, 11, 11, 11, 11, 11, 11, 11, 11, 11, 11, 11, 11, 11, 11, 11, 11, 11, 11, 11, 11, 11, 11, 11, 11, 11, 11, 11, 11, 11, 11, 11, 11, 11, 11, 11, 11, 11, 11, 11, 11, 11, 11, 11, 11, 11, 11, 11, 11, 11, 11, 11, 11, 11, 11, 11, 11, 11, 11, 11, 11, 11, 11, 11, 11, 11, 11, 11, 11, 11, 11, 11, 11, 11, 11, 11, 11, 11, 11, 11, 11, 11, 11, 11, 11, 11, 11, 11, 11, 11, 11, 11, 11, 11, 11, 11, 11, 11, 11, 11, 11, 11, 11, 11, 11, 11, 11, 11, 11, 11, 11, 11, 11, 11, 11, 11, 11, 11, 11, 11, 11, 11, 11, 11, 11, 11, 11, 11, 11, 11, 11, 11, 11, 11, 11, 11, 11, 11, 11, 11, 11, 11, 11, 11, 11, 11, 11, 11, 11, 11, 11, 11, 11, 11, 11, 11, 11, 11, 11, 11, 11, 11, 11, 11, 11, 11, 11, 11, 11, 11, 11, 11, 11, 11, 11, 11, 11, 11, 11, 11, 11, 11, 11, 11, 11, 11, 11, 11, 11, 11, 11, 11, 11, 11, 11, 11, 11, 11, 11, 11, 11, 11, 11, 11, 11, 11, 11, 11, 11, 11, 11, 11, 11, 11, 11, 11, 11, 11, 11, 11, 11, 11, 11, 11, 11, 11, 11, 11, 11, 11, 11, 11, 11, 11, 11, 11, 11, 11, 11, 11, 11, 11, 11, 11, 11, 11, 11, 11, 11, 11, 11, 11, 11, 11, 11, 11, 11, 11, 11, 11, 11, 11, 11, 11, 11, 11, 11, 11, 11, 11, 11, 11, 11, 11, 11, 11, 11, 11, 11, 11, 11, 11, 11, 11, 11, 11, 11, 11, 11, 11, 11, 11, 11, 11, 11, 11, 11, 11, 11, 11, 11, 11, 11, 11, 11, 11, 11, 11, 11, 11, 11, 11, 11, 11, 11, 11, 11, 11, 11, 11, 11, 11, 11, 11, 11, 11, 11, 11, 11, 11, 11, 11, 11, 11, 11, 11, 11, 11, 11, 11, 11, 11, 11, 11, 11, 11, 11, 11, 11, 11, 11, 11, 11, 11, 11, 11, 11, 11, 11, 11, 11, 11, 11, 11, 11, 11, 11, 11, 11, 11, 11, 11, 11, 11, 11, 11, 11, 11, 11, 11, 11, 11, 11, 11, 11, 11, 11, 11, 11, 11, 11, 11, 11, 11, 11, 11, 11, 11, 11, 11, 11, 11, 11, 11, 11, 11, 11, 11, 11, 11, 11, 11, 11, 11, 11, 11, 11, 11, 11, 11, 11, 11, 11, 11, 11, 11, 11, 11, 11, 11, 11, 11, 11, 11, 11, 11, 11, 11, 11, 11, 11, 11, 11, 11, 11, 11, 11, 11, 11, 11, 11, 11, 11, 11, 11, 11, 11, 11, 11, 11, 11, 11, 11, 11, 11, 11, 11, 11, 11, 11, 11, 11, 11, 11, 11, 11, 11, 11, 11, 11, 11, 11, 11, 11, 11, 11, 11, 11, 11, 11, 11, 11, 11, 11, 11, 11, 11, 11, 11, 11, 11, 11, 11, 11, 11, 11, 11, 11, 11, 11, 11, 11, 11, 11, 11, 11, 11, 11, 11, 11, 11, 11, 11, 11, 11, 11, 11, 11, 11, 11, 11, 11, 11, 11, 11, 11, 11, 11, 11, 11, 11, 11, 11, 11, 11, 11, 11, 11, 11, 11, 11, 11, 11, 11, 11, 11, 11, 11, 11, 11, 11, 11, 11, 11, 11, 11, 11, 11, 11, 11, 11, 11, 11, 11, 11, 11, 11, 11, 11, 11, 11, 11, 11, 11, 11, 11, 11, 11, 11, 11, 11, 11, 11, 11, 11, 11, 11, 11, 11, 11, 11, 11, 11, 11, 11, 11, 11, 11, 11, 11, 11, 11, 11, 11, 11, 11, 11, 11, 11, 11, 11, 11, 11, 11, 11, 11, 11, 11, 11, 11, 11, 11, 11, 11, 11, 11, 11, 11, 11, 11, 11, 11, 11, 11, 11, 11, 11, 11, 11, 11, 11, 11, 11, 11, 11, 11, 11, 11, 11, 11, 11, 11, 11, 11, 11, 11, 11, 11, 11, 11, 11, 11, 11, 11, 11, 11, 11, 11, 11, 11, 12]
shapelet initialized! 

All 3 clinet initialized! 

(620, 14)
(831, 14)
(1008, 14)
[0.92808046 1.05195945 1.0199601 ]
Classification: 1.0 0.5823195458231955 0
(620, 14)
(831, 14)
(1008, 14)
[0.87038914 1.12167421 1.00793664]
Classification: 1.0 0.5847526358475263 1
(620, 14)
(831, 14)
(1008, 14)
[0.7803337  1.20409947 1.01556684]
Classification: 1.0 0.5847526358475263 2
(620, 14)
(831, 14)
(1008, 14)
[0.82134843 1.16083917 1.01781241]
Classification: 1.0 0.5867802108678021 3
(620, 14)
(831, 14)
(1008, 14)
[0.83574135 1.15304366 1.01121499]
Classification: 1.0 0.5863746958637469 4
(620, 14)
(831, 14)
(1008, 14)
[0.83744757 1.12921338 1.03333905]
Classification: 1.0 0.5859691808596919 5
(620, 14)
(831, 14)
(1008, 14)
[0.90919873 1.11662402 0.97417724]
Classification: 1.0 0.5912408759124088 6
(620, 14)
(831, 14)
(1008, 14)
[0.95433975 1.07956389 0.96609636]
Classification: 1.0 0.5916463909164639 7
(620, 14)
(831, 14)
(1008, 14)
[0.83358363 1.16579106 1.00062531]
Classification: 1.0 0.5928629359286294 8
(620, 14)
(831, 14)
(1008, 14)
[0.83240072 1.12937121 1.03822807]
Classification: 1.0 0.5924574209245742 9
(620, 14)
(831, 14)
(1008, 14)
[0.85647786 1.119669   1.02385314]
Classification: 1.0 0.5896188158961881 10
(620, 14)
(831, 14)
(1008, 14)
[0.85311686 1.14740209 0.99948105]
Classification: 1.0 0.5896188158961881 11
(620, 14)
(831, 14)
(1008, 14)
[0.89033032 1.1199005  0.98976918]
Classification: 1.0 0.5904298459042985 12
(620, 14)
(831, 14)
(1008, 14)
[0.86477441 1.13516428 1.00006131]
Classification: 1.0 0.5896188158961881 13
(620, 14)
(831, 14)
(1008, 14)
[0.83277619 1.10893669 1.05828712]
Classification: 1.0 0.5888077858880778 14
(620, 14)
(831, 14)
(1008, 14)
[0.8641529  1.14708338 0.98876372]
Classification: 1.0 0.5908353609083536 15
(620, 14)
(831, 14)
(1008, 14)
[0.83521687 1.09813727 1.06664586]
Classification: 1.0 0.5896188158961881 16
(620, 14)
(831, 14)
(1008, 14)
[0.83820311 1.09554783 1.06624906]
Classification: 1.0 0.5859691808596919 17
(620, 14)
(831, 14)
(1008, 14)
[0.84005848 1.12883702 1.0311045 ]
Classification: 1.0 0.5871857258718572 18
(620, 14)
(831, 14)
(1008, 14)
[0.89516025 1.07845359 1.02638616]
Classification: 1.0 0.5843471208434712 19
(620, 14)
(831, 14)
(1008, 14)
[0.88848162 1.12315014 0.98836824]
Classification: 1.0 0.583941605839416 20
(620, 14)
(831, 14)
(1008, 14)
[0.84496009 1.12644698 1.02859293]
Classification: 1.0 0.5875912408759124 21
(620, 14)
(831, 14)
(1008, 14)
[0.90716173 1.18844588 0.9043924 ]
Classification: 1.0 0.589213300892133 22
(620, 14)
(831, 14)
(1008, 14)
[0.86200697 1.17629637 0.96169665]
Classification: 1.0 0.5896188158961881 23
(620, 14)
(831, 14)
(1008, 14)
[0.90526452 1.14508448 0.949651  ]
Classification: 1.0 0.5875912408759124 24
(620, 14)
(831, 14)
(1008, 14)
[0.88327585 1.1568468  0.95987736]
Classification: 1.0 0.5879967558799676 25
(620, 14)
(831, 14)
(1008, 14)
[0.90411904 1.17830702 0.91757394]
Classification: 1.0 0.589213300892133 26
(620, 14)
(831, 14)
(1008, 14)
[0.91318834 1.17499013 0.91182153]
Classification: 1.0 0.589213300892133 27
(620, 14)
(831, 14)
(1008, 14)
[0.91481325 1.18150403 0.90368272]
Classification: 1.0 0.5888077858880778 28
(620, 14)
(831, 14)
(1008, 14)
[0.87785352 1.18570915 0.93643733]
Classification: 1.0 0.5879967558799676 29
(620, 14)
(831, 14)
(1008, 14)
[0.93995585 1.14180501 0.91823914]
Classification: 1.0 0.5879967558799676 30
(620, 14)
(831, 14)
(1008, 14)
[0.97833566 1.10191385 0.9197505 ]
Classification: 1.0 0.5896188158961881 31
(620, 14)
(831, 14)
(1008, 14)
[0.94179221 1.18890869 0.8692991 ]
Classification: 1.0 0.589213300892133 32
(620, 14)
(831, 14)
(1008, 14)
[0.96705938 1.16593209 0.86700852]
Classification: 1.0 0.5884022708840227 33
(620, 14)
(831, 14)
(1008, 14)
[0.9494412 1.1958621 0.8546967]
Classification: 1.0 0.5879967558799676 34
(620, 14)
(831, 14)
(1008, 14)
[0.91162421 1.20118854 0.88718725]
Classification: 1.0 0.5896188158961881 35
(620, 14)
(831, 14)
(1008, 14)
[0.98998002 1.13855714 0.87146284]
Classification: 1.0 0.5924574209245742 36
(620, 14)
(831, 14)
(1008, 14)
[0.94085846 1.16851028 0.89063126]
Classification: 1.0 0.5896188158961881 37
(620, 14)
(831, 14)
(1008, 14)
[1.00964258 1.10675321 0.88360421]
Classification: 1.0 0.5908353609083536 38
(620, 14)
(831, 14)
(1008, 14)
[0.91003142 1.12596064 0.96400794]
Classification: 1.0 0.5896188158961881 39
(620, 14)
(831, 14)
(1008, 14)
[0.99176308 1.09394923 0.91428769]
Classification: 1.0 0.5871857258718572 40
(620, 14)
(831, 14)
(1008, 14)
[0.93036014 1.14427918 0.92536067]
Classification: 1.0 0.5900243309002433 41
(620, 14)
(831, 14)
(1008, 14)
[0.97422656 1.11406165 0.9117118 ]
Classification: 1.0 0.5879967558799676 42
(620, 14)
(831, 14)
(1008, 14)
[0.9921531  1.13331873 0.87452818]
Classification: 1.0 0.5896188158961881 43
(620, 14)
(831, 14)
(1008, 14)
[1.01274268 1.18023328 0.80702404]
Classification: 1.0 0.5875912408759124 44
(620, 14)
(831, 14)
(1008, 14)
[0.97605658 1.1726145  0.85132892]
Classification: 1.0 0.5867802108678021 45
(620, 14)
(831, 14)
(1008, 14)
[0.92055357 1.16854907 0.91089737]
Classification: 1.0 0.5884022708840227 46
(620, 14)
(831, 14)
(1008, 14)
[0.94432349 1.18050964 0.87516687]
Classification: 1.0 0.5884022708840227 47
(620, 14)
(831, 14)
(1008, 14)
[1.00012143 1.08540572 0.91447284]
Classification: 1.0 0.5904298459042985 48
(620, 14)
(831, 14)
(1008, 14)
[0.96987956 1.13660826 0.89351218]
Classification: 1.0 0.5888077858880778 49
(620, 14)
(831, 14)
(1008, 14)
[1.01307109 1.15852152 0.82840738]
Classification: 1.0 0.589213300892133 50
(620, 14)
(831, 14)
(1008, 14)
[1.02594254 1.10139854 0.87265891]
Classification: 1.0 0.5904298459042985 51
(620, 14)
(831, 14)
(1008, 14)
[0.95614791 1.09624098 0.94761111]
Classification: 1.0 0.589213300892133 52
(620, 14)
(831, 14)
(1008, 14)
[1.00823591 1.08903141 0.90273269]
Classification: 1.0 0.592051905920519 53
(620, 14)
(831, 14)
(1008, 14)
[1.04074574 1.02109125 0.93816301]
Classification: 1.0 0.5900243309002433 54
(620, 14)
(831, 14)
(1008, 14)
[0.94468056 1.15768088 0.89763856]
Classification: 1.0 0.5924574209245742 55
(620, 14)
(831, 14)
(1008, 14)
[0.97567091 1.11991087 0.90441822]
Classification: 1.0 0.5912408759124088 56
(620, 14)
(831, 14)
(1008, 14)
[0.98281976 1.15082009 0.86636015]
Classification: 1.0 0.589213300892133 57
(620, 14)
(831, 14)
(1008, 14)
[0.95949713 1.1022752  0.93822767]
Classification: 1.0 0.5900243309002433 58
(620, 14)
(831, 14)
(1008, 14)
[1.00335316 1.16251054 0.8341363 ]
Classification: 1.0 0.592051905920519 59
(620, 14)
(831, 14)
(1008, 14)
[1.00638874 1.09265772 0.90095355]
Classification: 1.0 0.5928629359286294 60
(620, 14)
(831, 14)
(1008, 14)
[1.00505679 1.12970274 0.86524047]
Classification: 1.0 0.5900243309002433 61
(620, 14)
(831, 14)
(1008, 14)
[0.9870588  1.227837   0.78510421]
Classification: 1.0 0.5916463909164639 62
(620, 14)
(831, 14)
(1008, 14)
[0.91381969 1.27346281 0.8127175 ]
Classification: 1.0 0.5896188158961881 63
(620, 14)
(831, 14)
(1008, 14)
[0.97753549 1.16678076 0.85568374]
Classification: 1.0 0.5900243309002433 64
(620, 14)
(831, 14)
(1008, 14)
[0.96882358 1.11978407 0.91139235]
Classification: 1.0 0.5916463909164639 65
(620, 14)
(831, 14)
(1008, 14)
[1.04849162 1.16688439 0.78462399]
Classification: 1.0 0.5928629359286294 66
(620, 14)
(831, 14)
(1008, 14)
[1.00012356 1.11122468 0.88865176]
Classification: 1.0 0.5916463909164639 67
(620, 14)
(831, 14)
(1008, 14)
[0.95612325 1.18564387 0.85823288]
Classification: 1.0 0.5904298459042985 68
(620, 14)
(831, 14)
(1008, 14)
[0.98222248 1.16450421 0.85327332]
Classification: 1.0 0.5916463909164639 69
(620, 14)
(831, 14)
(1008, 14)
[0.94192255 1.16314539 0.89493206]
Classification: 1.0 0.5896188158961881 70
(620, 14)
(831, 14)
(1008, 14)
[0.96072076 1.22869472 0.81058452]
Classification: 1.0 0.5908353609083536 71
(620, 14)
(831, 14)
(1008, 14)
[0.97098152 1.15043082 0.87858766]
Classification: 1.0 0.5904298459042985 72
(620, 14)
(831, 14)
(1008, 14)
[0.96041464 1.18607686 0.8535085 ]
Classification: 1.0 0.5912408759124088 73
(620, 14)
(831, 14)
(1008, 14)
[1.00669855 1.09072508 0.90257638]
Classification: 1.0 0.5900243309002433 74
(620, 14)
(831, 14)
(1008, 14)
[0.93511982 1.18105173 0.88382845]
Classification: 1.0 0.5912408759124088 75
(620, 14)
(831, 14)
(1008, 14)
[0.94179286 1.23174734 0.82645979]
Classification: 1.0 0.5936739659367397 76
(620, 14)
(831, 14)
(1008, 14)
[0.93448143 1.15044285 0.91507572]
Classification: 1.0 0.592051905920519 77
(620, 14)
(831, 14)
(1008, 14)
[0.88958009 1.11853038 0.99188953]
Classification: 1.0 0.5904298459042985 78
(620, 14)
(831, 14)
(1008, 14)
[0.9264411  1.12777779 0.94578111]
Classification: 1.0 0.5952960259529603 79
(620, 14)
(831, 14)
(1008, 14)
[0.92286943 1.18866843 0.88846213]
Classification: 1.0 0.5936739659367397 80
(620, 14)
(831, 14)
(1008, 14)
[1.06688025 1.13099071 0.80212903]
Classification: 1.0 0.5916463909164639 81
(620, 14)
(831, 14)
(1008, 14)
[0.95180471 1.17735656 0.87083872]
Classification: 1.0 0.5900243309002433 82
(620, 14)
(831, 14)
(1008, 14)
[1.00403993 1.15720314 0.83875693]
Classification: 1.0 0.5924574209245742 83
(620, 14)
(831, 14)
(1008, 14)
[0.95789348 1.1132142  0.92889232]
Classification: 1.0 0.5916463909164639 84
(620, 14)
(831, 14)
(1008, 14)
[0.96093598 1.16959372 0.86947029]
Classification: 1.0 0.5900243309002433 85
(620, 14)
(831, 14)
(1008, 14)
[0.98527599 1.09131825 0.92340576]
Classification: 1.0 0.5908353609083536 86
(620, 14)
(831, 14)
(1008, 14)
[0.98348907 1.06372085 0.95279008]
Classification: 1.0 0.592051905920519 87
(620, 14)
(831, 14)
(1008, 14)
[1.00202609 1.17400822 0.8239657 ]
Classification: 1.0 0.5932684509326845 88
(620, 14)
(831, 14)
(1008, 14)
[0.99510733 1.10374697 0.90114571]
Classification: 1.0 0.5940794809407948 89
(620, 14)
(831, 14)
(1008, 14)
[1.01136839 1.11740246 0.87122915]
Classification: 1.0 0.5928629359286294 90
(620, 14)
(831, 14)
(1008, 14)
[1.0472318  1.05352472 0.89924348]
Classification: 1.0 0.5936739659367397 91
(620, 14)
(831, 14)
(1008, 14)Running experiment with dataset: LSST, config: ./result/ablation_study/config_LSST.yml
[0.09514033 0.10277917 0.11127909 0.12035814 0.12964186 0.13872091
 0.14722083 0.15485967]
2459
<class 'pandas.core.frame.DataFrame'>
RangeIndex: 2459 entries, 0 to 2458
Data columns (total 7 columns):
 #   Column      Non-Null Count  Dtype 
---  ------      --------------  ----- 
 0   dim_0       2459 non-null   object
 1   dim_1       2459 non-null   object
 2   dim_2       2459 non-null   object
 3   dim_3       2459 non-null   object
 4   dim_4       2459 non-null   object
 5   dim_5       2459 non-null   object
 6   class_vals  2459 non-null   object
dtypes: object(7)
memory usage: 134.6+ KB
None
{36}
<class 'pandas.core.frame.DataFrame'>
RangeIndex: 2459 entries, 0 to 2458
Data columns (total 7 columns):
 #   Column      Non-Null Count  Dtype 
---  ------      --------------  ----- 
 0   dim_0       2459 non-null   object
 1   dim_1       2459 non-null   object
 2   dim_2       2459 non-null   object
 3   dim_3       2459 non-null   object
 4   dim_4       2459 non-null   object
 5   dim_5       2459 non-null   object
 6   class_vals  2459 non-null   object
dtypes: object(7)
memory usage: 134.6+ KB
None
[ 0  0  0 ... 13 13 13]
[  34   35   36   37   38   39   40   41   42   43   44   45   46   47
   48   49   50   51   52   53   54   55   56   57   58   59   60   61
   62   63   64   65   66   67   68   69   70   71   72   73   74   75
   76   77   78   79   80   81   82   83   84   85   86   87   88   89
   90   91   92   93   94   95   96   97   98   99  100  101  102  103
  104  105  106  107  108  109  110  111  112  113  114  115  116  117
  118  119  120  121  122  123  124  125  126  127  128  129  130  131
  132  133  134  135  136  137  138  139  140  141  142  143  144  145
  146  147  148  149  150  151  152  153  154  155  808  809  810  811
  812  813  814  815  816  817  818  819  820  821  822  823  824  825
  826  827  828  829  830  831  832  833  834  835  836  837  838  839
  840  841  842  843  844  845  846  847  848  849  850  851  852  853
  854  855  856  857  858  859  860  861  862  863  864  865  866  867
  877  878  879  880  881  882  883  884  885  886  887  888  889  890
  891  892  893  894  895  896  897  898  899  900  901  902  903  904
  905  906  907  908  909  910  911  912  913  914  915  916  917  918
  919  920  921  922  923  924  925  926  927 1030 1031 1032 1033 1034
 1035 1036 1037 1038 1039 1040 1041 1042 1043 1044 1045 1046 1047 1048
 1049 1050 1051 1053 1054 1055 1056 1057 1058 1059 1060 1061 1062 1063
 1064 1065 1066 1067 1068 1069 1070 1071 1072 1073 1074 1075 1076 1077
 1078 1079 1080 1081 1082 1083 1084 1085 1086 1087 1088 1089 1090 1091
 1092 1093 1094 1095 1096 1097 1098 1099 1100 1101 1102 1103 1104 1105
 1106 1107 1108 1109 1110 1111 1112 1113 1114 1115 1116 1117 1118 1119
 1120 1121 1122 1123 1124 1125 1126 1127 1128 1129 1130 1131 1132 1133
 1134 1135 1136 1137 1138 1139 1140 1141 1142 1143 1144 1145 1146 1147
 1148 1149 1150 1151 1152 1153 1154 1155 1156 1157 1158 1159 1160 1161
 1162 1163 1164 1165 1166 1167 1168 1169 1170 1171 1172 1173 1174 1175
 1176 1177 1178 1179 1180 1181 1182 1183 1184 1185 1186 1187 1188 1189
 1190 1191 1192 1193 1194 1195 1196 1197 1198 1199 1200 1201 1202 1203
 1204 1205 1206 1207 1208 1209 1210 1211 1212 1366 1367 1368 1369 1370
 1371 1372 1373 1374 1375 1376 1377 1378 1379 1380 1381 1382 1383 1384
 1385 1386 1387 1388 1389 1390 1391 1392 1393 1394 1395 1396 1397 1398
 1399 1400 1401 1402 1403 1404 1405 1406 1407 1408 1409 1410 1411 1412
 1413 1414 1434 1435 1436 1437 1438 1439 1440 1441 1442 1443 1444 1445
 1446 1447 1448 1449 1450 1451 1452 1453 1454 1455 1456 1457 1458 1459
 1460 1461 1462 1463 1464 1465 1466 1467 1468 1469 1470 1471 1472 1473
 1474 1475 1476 1477 1478 1479 1480 1481 1482 1483 1484 1485 1486 1487
 1488 1489 1490 1491 1492 1493 1494 1495 1496 1497 1498 1499 1500 1501
 1502 1503 1504 1505 1506 1507 1508 1509 1510 1511 1512 1513 1514 1515
 1516 1517 1518 1519 1520 1521 1522 1523 1524 1525 1526 1527 1528 1529
 1530 1531 1532 1533 1534 1535 1536 1537 2331 2332 2408 2409 2410 2411
 2412 2413 2414 2415 2416 2417 2418 2419 2420 2421 2422 2423 2424 2425
 2426 2427 2428 2429 2430 2431 2432 2433 2434 2435 2436 2437 2438 2439
 2440 2441 2442 2443 2444 2445 2446 2447 2448 2449 2450 2451 2452 2453
 2454 2455 2456 2457]
[1, 1, 1, 1, 1, 1, 1, 1, 1, 1, 1, 1, 1, 1, 1, 1, 1, 1, 1, 1, 1, 1, 1, 1, 1, 1, 1, 1, 1, 1, 1, 1, 1, 1, 1, 1, 1, 1, 1, 1, 1, 1, 1, 1, 1, 1, 1, 1, 1, 1, 1, 1, 1, 1, 1, 1, 1, 1, 1, 1, 1, 1, 1, 1, 1, 1, 1, 1, 1, 1, 1, 1, 1, 1, 1, 1, 1, 1, 1, 1, 1, 1, 1, 1, 1, 1, 1, 1, 1, 1, 1, 1, 1, 1, 1, 1, 1, 1, 1, 1, 1, 1, 1, 1, 1, 1, 1, 1, 1, 1, 1, 1, 1, 1, 1, 1, 1, 1, 1, 1, 1, 1, 4, 4, 4, 4, 4, 4, 4, 4, 4, 4, 4, 4, 4, 4, 4, 4, 4, 4, 4, 4, 4, 4, 4, 4, 4, 4, 4, 4, 4, 4, 4, 4, 4, 4, 4, 4, 4, 4, 4, 4, 4, 4, 4, 4, 4, 4, 4, 4, 4, 4, 4, 4, 4, 4, 4, 4, 4, 4, 4, 4, 6, 6, 6, 6, 6, 6, 6, 6, 6, 6, 6, 6, 6, 6, 6, 6, 6, 6, 6, 6, 6, 6, 6, 6, 6, 6, 6, 6, 6, 6, 6, 6, 6, 6, 6, 6, 6, 6, 6, 6, 6, 6, 6, 6, 6, 6, 6, 6, 6, 6, 6, 7, 7, 7, 7, 7, 7, 7, 7, 7, 7, 7, 7, 7, 7, 7, 7, 7, 7, 7, 7, 7, 7, 8, 8, 8, 8, 8, 8, 8, 8, 8, 8, 8, 8, 8, 8, 8, 8, 8, 8, 8, 8, 8, 8, 8, 8, 8, 8, 8, 8, 8, 8, 8, 8, 8, 8, 8, 8, 8, 8, 8, 8, 8, 8, 8, 8, 8, 8, 8, 8, 8, 8, 8, 8, 8, 8, 8, 8, 8, 8, 8, 8, 8, 8, 8, 8, 8, 8, 8, 8, 8, 8, 8, 8, 8, 8, 8, 8, 8, 8, 8, 8, 8, 8, 8, 8, 8, 8, 8, 8, 8, 8, 8, 8, 8, 8, 8, 8, 8, 8, 8, 8, 8, 8, 8, 8, 8, 8, 8, 8, 8, 8, 8, 8, 8, 8, 8, 8, 8, 8, 8, 8, 8, 8, 8, 8, 8, 8, 8, 8, 8, 8, 8, 8, 8, 8, 8, 8, 8, 8, 8, 8, 8, 8, 8, 8, 8, 8, 8, 8, 8, 8, 8, 8, 8, 8, 8, 8, 8, 8, 8, 8, 9, 9, 9, 9, 9, 9, 9, 9, 9, 9, 9, 9, 9, 9, 9, 9, 9, 9, 9, 9, 9, 9, 9, 9, 9, 9, 9, 9, 9, 9, 9, 9, 9, 9, 9, 9, 9, 9, 9, 9, 9, 9, 9, 9, 9, 9, 9, 9, 9, 10, 10, 10, 10, 10, 10, 10, 10, 10, 10, 10, 10, 10, 10, 10, 10, 10, 10, 10, 10, 10, 10, 10, 10, 10, 10, 10, 10, 10, 10, 10, 10, 10, 10, 10, 10, 10, 10, 10, 10, 10, 10, 10, 10, 10, 10, 10, 10, 10, 10, 10, 10, 10, 10, 10, 10, 10, 10, 10, 10, 10, 10, 10, 10, 10, 10, 10, 10, 10, 10, 10, 10, 10, 10, 10, 10, 10, 10, 10, 10, 10, 10, 10, 10, 10, 10, 10, 10, 10, 10, 10, 10, 10, 10, 10, 10, 10, 10, 10, 10, 10, 10, 10, 10, 12, 12, 13, 13, 13, 13, 13, 13, 13, 13, 13, 13, 13, 13, 13, 13, 13, 13, 13, 13, 13, 13, 13, 13, 13, 13, 13, 13, 13, 13, 13, 13, 13, 13, 13, 13, 13, 13, 13, 13, 13, 13, 13, 13, 13, 13, 13, 13, 13, 13, 13, 13]
[2, 2, 2, 2, 2, 2, 2, 2, 2, 2, 2, 2, 2, 2, 2, 2, 2, 2, 2, 2, 2, 2, 2, 2, 2, 2, 2, 2, 2, 2, 2, 2, 2, 2, 2, 2, 2, 2, 2, 2, 2, 2, 2, 2, 2, 2, 2, 2, 2, 2, 2, 2, 2, 2, 2, 2, 2, 2, 2, 2, 2, 2, 2, 2, 2, 2, 2, 2, 2, 2, 2, 2, 2, 2, 2, 2, 2, 2, 2, 2, 2, 2, 2, 2, 2, 2, 2, 2, 2, 2, 2, 2, 2, 2, 2, 2, 2, 2, 2, 2, 2, 2, 2, 2, 2, 2, 2, 2, 2, 2, 2, 2, 2, 2, 2, 2, 2, 2, 2, 2, 2, 2, 2, 2, 2, 2, 2, 2, 2, 2, 2, 2, 2, 2, 2, 2, 2, 2, 2, 2, 2, 2, 2, 2, 2, 2, 2, 2, 2, 2, 2, 2, 2, 2, 2, 2, 2, 2, 2, 2, 2, 2, 2, 2, 2, 2, 2, 2, 2, 2, 2, 2, 2, 2, 2, 2, 2, 2, 2, 2, 2, 2, 2, 2, 2, 2, 2, 2, 2, 2, 2, 2, 2, 2, 2, 2, 2, 2, 2, 2, 2, 2, 2, 2, 2, 2, 2, 2, 2, 2, 2, 2, 2, 2, 2, 2, 2, 2, 2, 2, 2, 2, 2, 2, 2, 2, 2, 2, 2, 2, 2, 2, 2, 2, 2, 2, 2, 2, 2, 2, 2, 2, 2, 2, 2, 2, 2, 2, 2, 2, 2, 2, 2, 2, 2, 2, 2, 2, 2, 2, 2, 2, 2, 2, 2, 2, 2, 2, 2, 3, 3, 3, 3, 3, 3, 3, 3, 3, 3, 3, 3, 3, 3, 3, 3, 3, 3, 3, 3, 3, 3, 3, 3, 3, 3, 3, 3, 3, 3, 3, 3, 3, 3, 3, 3, 3, 3, 3, 3, 3, 3, 3, 3, 3, 3, 3, 3, 3, 3, 3, 3, 3, 3, 3, 3, 3, 3, 3, 3, 3, 3, 3, 3, 3, 3, 3, 3, 3, 3, 3, 3, 3, 3, 3, 3, 3, 3, 3, 3, 3, 3, 3, 3, 3, 3, 3, 3, 3, 3, 3, 3, 3, 3, 3, 3, 3, 3, 3, 3, 3, 3, 3, 3, 3, 3, 3, 3, 3, 3, 3, 3, 3, 3, 3, 3, 3, 3, 3, 3, 3, 3, 3, 3, 3, 3, 3, 3, 3, 3, 3, 3, 3, 3, 3, 3, 3, 3, 3, 3, 3, 3, 3, 3, 3, 3, 3, 3, 3, 3, 3, 3, 3, 3, 3, 3, 3, 3, 3, 3, 3, 3, 3, 3, 3, 3, 3, 3, 3, 3, 3, 3, 3, 3, 3, 3, 3, 3, 3, 3, 3, 3, 3, 3, 3, 3, 3, 3, 3, 3, 3, 3, 3, 3, 3, 3, 3, 3, 3, 3, 3, 3, 3, 3, 3, 3, 3, 3, 3, 3, 3, 3, 3, 3, 3, 3, 3, 3, 3, 3, 3, 3, 3, 3, 3, 3, 3, 3, 3, 3, 3, 3, 3, 3, 3, 3, 3, 3, 3, 3, 3, 3, 3, 3, 3, 3, 3, 3, 3, 3, 3, 3, 3, 3, 3, 3, 3, 3, 3, 3, 3, 3, 3, 3, 3, 3, 3, 3, 3, 3, 3, 3, 3, 3, 3, 3, 3, 3, 3, 3, 3, 3, 3, 3, 3, 3, 3, 3, 3, 3, 3, 3, 3, 3, 3, 3, 3, 3, 3, 3, 3, 3, 3, 3, 3, 3, 3, 3, 3, 3, 3, 3, 3, 3, 3, 3, 3, 3, 3, 3, 3, 3, 3, 3, 3, 3, 3, 3, 3, 3, 3, 3, 3, 3, 3, 3, 3, 3, 3, 3, 3, 3, 3, 3, 3, 3, 3, 3, 3, 3, 3, 3, 3, 3, 3, 3, 3, 3, 3, 3, 3, 3, 3, 3, 3, 3, 3, 3, 3, 3, 3, 3, 3, 3, 3, 3, 3, 3, 3, 3, 8, 8, 8, 8, 8, 8, 8, 8, 8, 8, 9, 9, 9, 9, 9, 9, 9, 9, 9, 9, 9, 9, 9, 9, 9, 9, 9, 9, 10, 10, 10, 10, 10, 10, 10, 10, 10, 10, 10, 10, 10, 10, 10, 11, 11, 11, 11, 11, 11, 11, 11, 11, 11, 11, 11, 11, 11, 11, 11, 11, 11, 11, 11, 11, 11, 11, 11, 11, 11, 11, 11, 11, 11, 11, 11, 11, 11, 11, 11, 11, 11, 11, 11, 11, 11, 11, 11, 11, 11, 11, 11, 11, 11, 11, 11, 11, 11, 11, 11, 11, 11, 11, 11, 11, 11, 11, 11, 12, 12, 12, 12, 12, 12, 12, 12, 12, 12, 12, 12, 12, 12, 12, 12, 12, 12, 12, 12, 12, 12, 12, 12, 12, 12, 12, 12, 12, 12, 12, 12, 12, 12, 12, 12, 12, 12, 12, 12, 12, 12, 12, 12, 12, 12, 12, 12, 12, 12, 12, 12, 12, 12, 12, 12, 12, 12, 12, 12, 12, 12, 12, 12, 12, 12, 12, 12, 12, 12, 12, 12, 12, 12, 13]
[0, 0, 0, 0, 0, 0, 0, 0, 0, 0, 0, 0, 0, 0, 0, 0, 0, 0, 0, 0, 0, 0, 0, 0, 0, 0, 0, 0, 0, 0, 0, 0, 0, 0, 1, 2, 3, 4, 4, 5, 5, 5, 5, 5, 5, 5, 6, 6, 6, 6, 6, 6, 6, 6, 6, 6, 6, 6, 6, 6, 6, 6, 6, 6, 6, 6, 6, 6, 6, 6, 6, 6, 6, 6, 6, 6, 6, 6, 6, 6, 6, 6, 6, 6, 6, 6, 6, 6, 6, 6, 6, 6, 6, 6, 6, 6, 6, 6, 6, 6, 6, 6, 6, 6, 6, 6, 6, 6, 6, 6, 6, 6, 6, 6, 6, 6, 6, 6, 6, 6, 6, 6, 6, 6, 6, 6, 6, 6, 6, 6, 6, 6, 6, 6, 6, 6, 6, 6, 6, 6, 6, 6, 6, 6, 6, 6, 6, 6, 7, 8, 8, 8, 8, 8, 8, 8, 8, 8, 8, 8, 8, 8, 8, 8, 8, 8, 8, 8, 8, 8, 8, 8, 8, 8, 8, 8, 8, 8, 8, 8, 8, 8, 8, 8, 8, 8, 8, 8, 8, 8, 8, 8, 8, 8, 8, 8, 8, 8, 8, 8, 8, 8, 8, 8, 8, 8, 8, 8, 8, 8, 8, 8, 8, 8, 8, 8, 8, 8, 8, 8, 8, 8, 8, 8, 8, 8, 8, 8, 8, 8, 8, 8, 8, 8, 8, 8, 8, 8, 8, 8, 8, 8, 8, 8, 8, 8, 8, 8, 8, 8, 8, 8, 8, 8, 8, 8, 8, 8, 8, 8, 8, 8, 8, 8, 8, 8, 8, 8, 8, 8, 8, 8, 8, 8, 8, 8, 8, 8, 8, 8, 8, 8, 8, 8, 8, 8, 8, 8, 8, 8, 8, 8, 9, 10, 11, 11, 11, 11, 11, 11, 11, 11, 11, 11, 11, 11, 11, 11, 11, 11, 11, 11, 11, 11, 11, 11, 11, 11, 11, 11, 11, 11, 11, 11, 11, 11, 11, 11, 11, 11, 11, 11, 11, 11, 11, 11, 11, 11, 11, 11, 11, 11, 11, 11, 11, 11, 11, 11, 11, 11, 11, 11, 11, 11, 11, 11, 11, 11, 11, 11, 11, 11, 11, 11, 11, 11, 11, 11, 11, 11, 11, 11, 11, 11, 11, 11, 11, 11, 11, 11, 11, 11, 11, 11, 11, 11, 11, 11, 11, 11, 11, 11, 11, 11, 11, 11, 11, 11, 11, 11, 11, 11, 11, 11, 11, 11, 11, 11, 11, 11, 11, 11, 11, 11, 11, 11, 11, 11, 11, 11, 11, 11, 11, 11, 11, 11, 11, 11, 11, 11, 11, 11, 11, 11, 11, 11, 11, 11, 11, 11, 11, 11, 11, 11, 11, 11, 11, 11, 11, 11, 11, 11, 11, 11, 11, 11, 11, 11, 11, 11, 11, 11, 11, 11, 11, 11, 11, 11, 11, 11, 11, 11, 11, 11, 11, 11, 11, 11, 11, 11, 11, 11, 11, 11, 11, 11, 11, 11, 11, 11, 11, 11, 11, 11, 11, 11, 11, 11, 11, 11, 11, 11, 11, 11, 11, 11, 11, 11, 11, 11, 11, 11, 11, 11, 11, 11, 11, 11, 11, 11, 11, 11, 11, 11, 11, 11, 11, 11, 11, 11, 11, 11, 11, 11, 11, 11, 11, 11, 11, 11, 11, 11, 11, 11, 11, 11, 11, 11, 11, 11, 11, 11, 11, 11, 11, 11, 11, 11, 11, 11, 11, 11, 11, 11, 11, 11, 11, 11, 11, 11, 11, 11, 11, 11, 11, 11, 11, 11, 11, 11, 11, 11, 11, 11, 11, 11, 11, 11, 11, 11, 11, 11, 11, 11, 11, 11, 11, 11, 11, 11, 11, 11, 11, 11, 11, 11, 11, 11, 11, 11, 11, 11, 11, 11, 11, 11, 11, 11, 11, 11, 11, 11, 11, 11, 11, 11, 11, 11, 11, 11, 11, 11, 11, 11, 11, 11, 11, 11, 11, 11, 11, 11, 11, 11, 11, 11, 11, 11, 11, 11, 11, 11, 11, 11, 11, 11, 11, 11, 11, 11, 11, 11, 11, 11, 11, 11, 11, 11, 11, 11, 11, 11, 11, 11, 11, 11, 11, 11, 11, 11, 11, 11, 11, 11, 11, 11, 11, 11, 11, 11, 11, 11, 11, 11, 11, 11, 11, 11, 11, 11, 11, 11, 11, 11, 11, 11, 11, 11, 11, 11, 11, 11, 11, 11, 11, 11, 11, 11, 11, 11, 11, 11, 11, 11, 11, 11, 11, 11, 11, 11, 11, 11, 11, 11, 11, 11, 11, 11, 11, 11, 11, 11, 11, 11, 11, 11, 11, 11, 11, 11, 11, 11, 11, 11, 11, 11, 11, 11, 11, 11, 11, 11, 11, 11, 11, 11, 11, 11, 11, 11, 11, 11, 11, 11, 11, 11, 11, 11, 11, 11, 11, 11, 11, 11, 11, 11, 11, 11, 11, 11, 11, 11, 11, 11, 11, 11, 11, 11, 11, 11, 11, 11, 11, 11, 11, 11, 11, 11, 11, 11, 11, 11, 11, 11, 11, 11, 11, 11, 11, 11, 11, 11, 11, 11, 11, 11, 11, 11, 11, 11, 11, 11, 11, 11, 11, 11, 11, 11, 11, 11, 11, 11, 11, 11, 11, 11, 11, 11, 11, 11, 11, 11, 11, 11, 11, 11, 11, 11, 11, 11, 11, 11, 11, 11, 11, 11, 11, 11, 11, 11, 11, 11, 11, 11, 11, 11, 11, 11, 11, 11, 11, 11, 11, 11, 11, 11, 11, 11, 11, 11, 11, 11, 11, 11, 11, 11, 11, 11, 11, 11, 11, 11, 11, 11, 11, 11, 11, 11, 11, 11, 11, 11, 11, 11, 11, 11, 11, 11, 11, 11, 11, 11, 11, 11, 11, 11, 11, 11, 11, 11, 11, 11, 11, 11, 11, 11, 11, 11, 11, 11, 11, 11, 11, 11, 11, 11, 11, 11, 11, 11, 11, 11, 11, 11, 11, 11, 11, 11, 11, 11, 11, 11, 11, 11, 11, 11, 11, 11, 11, 11, 11, 11, 11, 11, 11, 11, 11, 11, 11, 11, 11, 11, 11, 11, 11, 11, 11, 11, 11, 11, 11, 11, 11, 11, 11, 11, 11, 11, 11, 11, 11, 11, 11, 11, 11, 11, 11, 12]
shapelet initialized! 

All 3 clinet initialized! 

(620, 14)
(831, 14)
(1008, 14)
[0.92808046 1.05195945 1.0199601 ]
Classification: 1.0 0.5823195458231955 0
(620, 14)
(831, 14)
(1008, 14)
[0.87038914 1.12167421 1.00793664]
Classification: 1.0 0.5847526358475263 1
(620, 14)
(831, 14)
(1008, 14)
[0.7803337  1.20409947 1.01556684]
Classification: 1.0 0.5847526358475263 2
(620, 14)
(831, 14)
(1008, 14)
[0.82134843 1.16083917 1.01781241]
Classification: 1.0 0.5867802108678021 3
(620, 14)
(831, 14)
(1008, 14)
[0.83574135 1.15304366 1.01121499]
Classification: 1.0 0.5863746958637469 4
(620, 14)
(831, 14)
(1008, 14)
[0.83744757 1.12921338 1.03333905]
Classification: 1.0 0.5859691808596919 5
(620, 14)
(831, 14)
(1008, 14)
[0.90919873 1.11662402 0.97417724]
Classification: 1.0 0.5912408759124088 6
(620, 14)
(831, 14)
(1008, 14)
[0.95433975 1.07956389 0.96609636]
Classification: 1.0 0.5916463909164639 7
(620, 14)
(831, 14)
(1008, 14)
[0.83358363 1.16579106 1.00062531]
Classification: 1.0 0.5928629359286294 8
(620, 14)
(831, 14)
(1008, 14)
[0.83240072 1.12937121 1.03822807]
Classification: 1.0 0.5924574209245742 9
(620, 14)
(831, 14)
(1008, 14)
[0.85647786 1.119669   1.02385314]
Classification: 1.0 0.5896188158961881 10
(620, 14)
(831, 14)
(1008, 14)
[0.85311686 1.14740209 0.99948105]
Classification: 1.0 0.5896188158961881 11
(620, 14)
(831, 14)
(1008, 14)
[0.89033032 1.1199005  0.98976918]
Classification: 1.0 0.5904298459042985 12
(620, 14)
(831, 14)
(1008, 14)
[0.86477441 1.13516428 1.00006131]
Classification: 1.0 0.5896188158961881 13
(620, 14)
(831, 14)
(1008, 14)
[0.83277619 1.10893669 1.05828712]
Classification: 1.0 0.5888077858880778 14
(620, 14)
(831, 14)
(1008, 14)
[0.8641529  1.14708338 0.98876372]
Classification: 1.0 0.5908353609083536 15
(620, 14)
(831, 14)
(1008, 14)
/mnt/data/user_liangzhiyu/envs/fedcsl/lib/python3.8/site-packages/scipy/__init__.py:146: UserWarning: A NumPy version >=1.16.5 and <1.23.0 is required for this version of SciPy (detected version 1.23.5
  warnings.warn(f"A NumPy version >={np_minversion} and <{np_maxversion}"
/mnt/data/user_liangzhiyu/envs/fedcsl/lib/python3.8/site-packages/tslearn/bases/bases.py:15: UserWarning: h5py not installed, hdf5 features will not be supported.
Install h5py to use hdf5 features: http://docs.h5py.org/
  warn(h5py_msg)
/mnt/data/user_liangzhiyu/lixiongfei/CSL-main/train.py:392: UserWarning: Creating a tensor from a list of numpy.ndarrays is extremely slow. Please consider converting the list to a single numpy.ndarray with numpy.array() before converting to a tensor. (Triggered internally at /opt/conda/conda-bld/pytorch_1724789259345/work/torch/csrc/utils/tensor_new.cpp:278.)
  X = torch.tensor(X, dtype=torch.float).contiguous()

[1.00838511 1.14213194 0.84948295]
Classification: 1.0 0.5908353609083536 92
(620, 14)
(831, 14)
(1008, 14)
[1.04852543 1.0867717  0.86470288]
Classification: 1.0 0.592051905920519 93
(620, 14)
(831, 14)
(1008, 14)
[0.98929876 1.09497298 0.91572826]
Classification: 1.0 0.5936739659367397 94
(620, 14)
(831, 14)
(1008, 14)
[1.00131714 1.11727941 0.88140345]
Classification: 1.0 0.5912408759124088 95
(620, 14)
(831, 14)
(1008, 14)
[1.03388667 1.05950059 0.90661274]
Classification: 1.0 0.5940794809407948 96
(620, 14)
(831, 14)
(1008, 14)
[1.00758536 1.06933722 0.92307742]
Classification: 1.0 0.5936739659367397 97
(620, 14)
(831, 14)
(1008, 14)
[1.027567   1.09145684 0.88097615]
Classification: 1.0 0.5932684509326845 98
(620, 14)
(831, 14)
(1008, 14)
[1.01444879 1.07969437 0.90585684]
Classification: 1.0 0.5928629359286294 99
(620, 14)
(831, 14)
(1008, 14)
[1.01449958 1.12527321 0.86022722]
Classification: 1.0 0.5957015409570154 100
(620, 14)
(831, 14)
(1008, 14)
[0.98273011 1.11674691 0.90052298]
Classification: 1.0 0.5948905109489051 101
(620, 14)
(831, 14)
(1008, 14)
[1.0256912 1.1100609 0.8642479]
Classification: 1.0 0.5952960259529603 102
(620, 14)
(831, 14)
(1008, 14)
[0.99945947 1.07643246 0.92410807]
Classification: 1.0 0.5924574209245742 103
(620, 14)
(831, 14)
(1008, 14)
[1.00406824 1.13059303 0.86533873]
Classification: 1.0 0.5916463909164639 104
(620, 14)
(831, 14)
(1008, 14)
[0.97531483 1.09447096 0.93021421]
Classification: 1.0 0.5900243309002433 105
(620, 14)
(831, 14)
(1008, 14)
[0.96471899 1.1954195  0.83986151]
Classification: 1.0 0.5896188158961881 106
(620, 14)
(831, 14)
(1008, 14)
[1.04362915 1.10600511 0.85036573]
Classification: 1.0 0.5916463909164639 107
(620, 14)
(831, 14)
(1008, 14)
[0.95728539 1.09443519 0.94827942]
Classification: 1.0 0.5896188158961881 108
(620, 14)
(831, 14)
(1008, 14)
[0.95243424 1.0943158  0.95324995]
Classification: 1.0 0.5908353609083536 109
(620, 14)
(831, 14)
(1008, 14)
[1.03338701 1.07176838 0.89484461]
Classification: 1.0 0.5940794809407948 110
(620, 14)
(831, 14)
(1008, 14)
[1.0097737  1.12469019 0.86553611]
Classification: 1.0 0.5965125709651257 111
(620, 14)
(831, 14)
(1008, 14)
[0.99924338 1.11637771 0.8843789 ]
Classification: 1.0 0.5916463909164639 112
(620, 14)
(831, 14)
(1008, 14)
[1.04463226 1.05923273 0.89613501]
Classification: 1.0 0.5924574209245742 113
(620, 14)
(831, 14)
(1008, 14)
[0.97482454 1.10066246 0.924513  ]
Classification: 1.0 0.5908353609083536 114
(620, 14)
(831, 14)
(1008, 14)
[1.00143109 1.09127138 0.90729753]
Classification: 1.0 0.5912408759124088 115
(620, 14)
(831, 14)
(1008, 14)
[0.96004334 1.12965928 0.91029738]
Classification: 1.0 0.5924574209245742 116
(620, 14)
(831, 14)
(1008, 14)
[1.01981265 1.07969738 0.90048998]
Classification: 1.0 0.5912408759124088 117
(620, 14)
(831, 14)
(1008, 14)
[0.98129367 1.08357738 0.93512895]
Classification: 1.0 0.5904298459042985 118
(620, 14)
(831, 14)
(1008, 14)
[1.01085816 1.12459723 0.86454461]
Classification: 1.0 0.5904298459042985 119
(620, 14)
(831, 14)
(1008, 14)
[0.96268921 1.1207138  0.91659698]
Classification: 1.0 0.592051905920519 120
(620, 14)
(831, 14)
(1008, 14)
[0.98758344 1.09078101 0.92163555]
Classification: 1.0 0.592051905920519 121
(620, 14)
(831, 14)
(1008, 14)
[0.95414019 1.16314341 0.88271639]
Classification: 1.0 0.5912408759124088 122
(620, 14)
(831, 14)
(1008, 14)
[0.96336007 1.14123953 0.8954004 ]
Classification: 1.0 0.592051905920519 123
(620, 14)
(831, 14)
(1008, 14)
[0.96169769 1.11456851 0.9237338 ]
Classification: 1.0 0.5896188158961881 124
(620, 14)
(831, 14)
(1008, 14)
[0.89718062 1.19924126 0.90357812]
Classification: 1.0 0.5936739659367397 125
(620, 14)
(831, 14)
(1008, 14)
[0.98498573 1.11503108 0.89998319]
Classification: 1.0 0.5932684509326845 126
(620, 14)
(831, 14)
(1008, 14)
[1.00063302 1.02492583 0.97444115]
Classification: 1.0 0.5944849959448499 127
(620, 14)
(831, 14)
(1008, 14)
[0.89725292 1.12914372 0.97360336]
Classification: 1.0 0.5924574209245742 128
(620, 14)
(831, 14)
(1008, 14)
[0.96787385 1.15553076 0.87659538]
Classification: 1.0 0.5904298459042985 129
(620, 14)
(831, 14)
(1008, 14)
[0.94908857 1.15338321 0.89752822]
Classification: 1.0 0.5908353609083536 130
(620, 14)
(831, 14)
(1008, 14)
[0.96624372 1.13776008 0.89599619]
Classification: 1.0 0.592051905920519 131
(620, 14)
(831, 14)
(1008, 14)
[0.99795291 1.15425829 0.8477888 ]
Classification: 1.0 0.5928629359286294 132
(620, 14)
(831, 14)
(1008, 14)
[1.03851906 1.08829797 0.87318297]
Classification: 1.0 0.5916463909164639 133
(620, 14)
(831, 14)
(1008, 14)
[0.90634616 1.19527466 0.89837918]
Classification: 1.0 0.5908353609083536 134
(620, 14)
(831, 14)
(1008, 14)
[0.98582662 1.16449634 0.84967704]
Classification: 1.0 0.5916463909164639 135
(620, 14)
(831, 14)
(1008, 14)
[0.97959077 1.11403353 0.90637571]
Classification: 1.0 0.5928629359286294 136
(620, 14)
(831, 14)
(1008, 14)
[0.9160737  1.16993792 0.91398838]
Classification: 1.0 0.592051905920519 137
(620, 14)
(831, 14)
(1008, 14)
[0.92965214 1.1857263  0.88462156]
Classification: 1.0 0.5932684509326845 138
(620, 14)
(831, 14)
(1008, 14)
[0.9302837  1.19472623 0.87499007]
Classification: 1.0 0.592051905920519 139
(620, 14)
(831, 14)
(1008, 14)
[0.94695643 1.17336585 0.87967772]
Classification: 1.0 0.5932684509326845 140
(620, 14)
(831, 14)
(1008, 14)
[0.96478708 1.14357056 0.89164237]
Classification: 1.0 0.5948905109489051 141
(620, 14)
(831, 14)
(1008, 14)
[0.96113693 1.18652981 0.85233326]
Classification: 1.0 0.5924574209245742 142
(620, 14)
(831, 14)
(1008, 14)
[0.91529625 1.2002064  0.88449735]
Classification: 1.0 0.5928629359286294 143
(620, 14)
(831, 14)
(1008, 14)
[0.95517903 1.16963202 0.87518895]
Classification: 1.0 0.5944849959448499 144
(620, 14)
(831, 14)
(1008, 14)
[1.01187248 1.19618284 0.79194468]
Classification: 1.0 0.5936739659367397 145
(620, 14)
(831, 14)
(1008, 14)
[0.9954506 1.1196175 0.8849319]
Classification: 1.0 0.5924574209245742 146
(620, 14)
(831, 14)
(1008, 14)
[0.98280941 1.12181745 0.89537314]
Classification: 1.0 0.5940794809407948 147
(620, 14)
(831, 14)
(1008, 14)
[0.89936181 1.22290041 0.87773778]
Classification: 1.0 0.5944849959448499 148
(620, 14)
(831, 14)
(1008, 14)
[0.89872471 1.19433215 0.90694315]
Classification: 1.0 0.5924574209245742 149
(620, 14)
(831, 14)
(1008, 14)
[0.89719176 1.1157727  0.98703555]
Classification: 1.0 0.5924574209245742 150
(620, 14)
(831, 14)
(1008, 14)
[0.95393985 1.11586454 0.93019561]
Classification: 1.0 0.5936739659367397 151
(620, 14)
(831, 14)
(1008, 14)
[0.98863244 1.15133799 0.86002956]
Classification: 1.0 0.5948905109489051 152
(620, 14)
(831, 14)
(1008, 14)
[0.93426139 1.09692618 0.96881244]
Classification: 1.0 0.5916463909164639 153
(620, 14)
(831, 14)
(1008, 14)
[0.92720198 1.19842001 0.87437801]
Classification: 1.0 0.5952960259529603 154
(620, 14)
(831, 14)
(1008, 14)
[0.91797634 1.20046389 0.88155977]
Classification: 1.0 0.5952960259529603 155
(620, 14)
(831, 14)
(1008, 14)
[1.01110683 1.0811568  0.90773636]
Classification: 1.0 0.5952960259529603 156
(620, 14)
(831, 14)
(1008, 14)
[0.9574922  1.20344694 0.83906086]
Classification: 1.0 0.5952960259529603 157
(620, 14)
(831, 14)
(1008, 14)
[0.89586153 1.21934724 0.88479122]
Classification: 1.0 0.5944849959448499 158
(620, 14)
(831, 14)
(1008, 14)
[0.97727967 1.18430452 0.83841581]
Classification: 1.0 0.5932684509326845 159
(620, 14)
(831, 14)
(1008, 14)
[0.91229381 1.25868167 0.82902452]
Classification: 1.0 0.5940794809407948 160
(620, 14)
(831, 14)
(1008, 14)
[0.97438813 1.19899397 0.8266179 ]
Classification: 1.0 0.5957015409570154 161
(620, 14)
(831, 14)
(1008, 14)
[0.95541995 1.25092635 0.7936537 ]
Classification: 1.0 0.5957015409570154 162
Traceback (most recent call last):
  File "FedCSL_All.py", line 318, in <module>
    train(dataset=args.dataset)
  File "FedCSL_All.py", line 247, in train
    losses = c.train(X_fed[idx], epochs=numEpoch, batch_size=batch_size, epoch_idx=-1,lr=lr)
  File "/mnt/data/user_liangzhiyu/lixiongfei/CSL-main/train.py", line 462, in train
    current_loss_ce, C_accu_q, c_normalising_factor_q, C_accu_k, c_normalising_factor_k = self.update_CL(x, C_accu_q, c_normalising_factor_q, C_accu_k, 
  File "/mnt/data/user_liangzhiyu/lixiongfei/CSL-main/train.py", line 334, in update_CL
    loss.backward()
  File "/mnt/data/user_liangzhiyu/envs/fedcsl/lib/python3.8/site-packages/torch/_tensor.py", line 521, in backward
    torch.autograd.backward(
  File "/mnt/data/user_liangzhiyu/envs/fedcsl/lib/python3.8/site-packages/torch/autograd/__init__.py", line 289, in backward
    _engine_run_backward(
  File "/mnt/data/user_liangzhiyu/envs/fedcsl/lib/python3.8/site-packages/torch/autograd/graph.py", line 769, in _engine_run_backward
    return Variable._execution_engine.run_backward(  # Calls into the C++ engine to run the backward pass
KeyboardInterrupt
/mnt/data/user_liangzhiyu/envs/fedcsl/lib/python3.8/site-packages/scipy/__init__.py:146: UserWarning: A NumPy version >=1.16.5 and <1.23.0 is required for this version of SciPy (detected version 1.23.5
  warnings.warn(f"A NumPy version >={np_minversion} and <{np_maxversion}"
/mnt/data/user_liangzhiyu/envs/fedcsl/lib/python3.8/site-packages/tslearn/bases/bases.py:15: UserWarning: h5py not installed, hdf5 features will not be supported.
Install h5py to use hdf5 features: http://docs.h5py.org/
  warn(h5py_msg)
/mnt/data/user_liangzhiyu/lixiongfei/CSL-main/train.py:392: UserWarning: Creating a tensor from a list of numpy.ndarrays is extremely slow. Please consider converting the list to a single numpy.ndarray with numpy.array() before converting to a tensor. (Triggered internally at /opt/conda/conda-bld/pytorch_1724789259345/work/torch/csrc/utils/tensor_new.cpp:278.)
  X = torch.tensor(X, dtype=torch.float).contiguous()
[0.83521687 1.09813727 1.06664586]
Classification: 1.0 0.5896188158961881 16
(620, 14)
(831, 14)
(1008, 14)
[0.83820311 1.09554783 1.06624906]
Classification: 1.0 0.5859691808596919 17
(620, 14)
(831, 14)
(1008, 14)
[0.84005848 1.12883702 1.0311045 ]
Classification: 1.0 0.5871857258718572 18
(620, 14)
(831, 14)
(1008, 14)
[0.89516025 1.07845359 1.02638616]
Classification: 1.0 0.5843471208434712 19
(620, 14)
(831, 14)
(1008, 14)
[0.88848162 1.12315014 0.98836824]
Classification: 1.0 0.583941605839416 20
(620, 14)
(831, 14)
(1008, 14)
[0.84496009 1.12644698 1.02859293]
Classification: 1.0 0.5875912408759124 21
(620, 14)
(831, 14)
(1008, 14)
[0.90716173 1.18844588 0.9043924 ]
Classification: 1.0 0.589213300892133 22
(620, 14)
(831, 14)
(1008, 14)
[0.86200697 1.17629637 0.96169665]
Classification: 1.0 0.5896188158961881 23
(620, 14)
(831, 14)
(1008, 14)
[0.90526452 1.14508448 0.949651  ]
Classification: 1.0 0.5875912408759124 24
(620, 14)
(831, 14)
(1008, 14)
[0.88327585 1.1568468  0.95987736]
Classification: 1.0 0.5879967558799676 25
(620, 14)
(831, 14)
(1008, 14)
[0.90411904 1.17830702 0.91757394]
Classification: 1.0 0.589213300892133 26
(620, 14)
(831, 14)
(1008, 14)
[0.91318834 1.17499013 0.91182153]
Classification: 1.0 0.589213300892133 27
(620, 14)
(831, 14)
(1008, 14)
[0.91481325 1.18150403 0.90368272]
Classification: 1.0 0.5888077858880778 28
(620, 14)
(831, 14)
(1008, 14)
[0.87785352 1.18570915 0.93643733]
Classification: 1.0 0.5879967558799676 29
(620, 14)
(831, 14)
(1008, 14)
[0.93995585 1.14180501 0.91823914]
Classification: 1.0 0.5879967558799676 30
(620, 14)
(831, 14)
(1008, 14)
[0.97833566 1.10191385 0.9197505 ]
Classification: 1.0 0.5896188158961881 31
(620, 14)
(831, 14)
(1008, 14)
[0.94179221 1.18890869 0.8692991 ]
Classification: 1.0 0.589213300892133 32
(620, 14)
(831, 14)
(1008, 14)
[0.96705938 1.16593209 0.86700852]
Classification: 1.0 0.5884022708840227 33
(620, 14)
(831, 14)
(1008, 14)
[0.9494412 1.1958621 0.8546967]
Classification: 1.0 0.5879967558799676 34
(620, 14)
(831, 14)
(1008, 14)
[0.91162421 1.20118854 0.88718725]
Classification: 1.0 0.5896188158961881 35
(620, 14)
(831, 14)
(1008, 14)
[0.98998002 1.13855714 0.87146284]
Classification: 1.0 0.5924574209245742 36
(620, 14)
(831, 14)
(1008, 14)
[0.94085846 1.16851028 0.89063126]
Classification: 1.0 0.5896188158961881 37
(620, 14)
(831, 14)
(1008, 14)
[1.00964258 1.10675321 0.88360421]
Classification: 1.0 0.5908353609083536 38
(620, 14)
(831, 14)
(1008, 14)
[0.91003142 1.12596064 0.96400794]
Classification: 1.0 0.5896188158961881 39
(620, 14)
(831, 14)
(1008, 14)
[0.99176308 1.09394923 0.91428769]
Classification: 1.0 0.5871857258718572 40
(620, 14)
(831, 14)
(1008, 14)
[0.93036014 1.14427918 0.92536067]
Classification: 1.0 0.5900243309002433 41
(620, 14)
(831, 14)
(1008, 14)
[0.97422656 1.11406165 0.9117118 ]
Classification: 1.0 0.5879967558799676 42
(620, 14)
(831, 14)
(1008, 14)
[0.9921531  1.13331873 0.87452818]
Classification: 1.0 0.5896188158961881 43
(620, 14)
(831, 14)
(1008, 14)
[1.01274268 1.18023328 0.80702404]
Classification: 1.0 0.5875912408759124 44
(620, 14)
(831, 14)
(1008, 14)
[0.97605658 1.1726145  0.85132892]
Classification: 1.0 0.5867802108678021 45
(620, 14)
(831, 14)
(1008, 14)
[0.92055357 1.16854907 0.91089737]
Classification: 1.0 0.5884022708840227 46
(620, 14)
(831, 14)
(1008, 14)
[0.94432349 1.18050964 0.87516687]
Classification: 1.0 0.5884022708840227 47
(620, 14)
(831, 14)
(1008, 14)
[1.00012143 1.08540572 0.91447284]
Classification: 1.0 0.5904298459042985 48
(620, 14)
(831, 14)
(1008, 14)
[0.96987956 1.13660826 0.89351218]
Classification: 1.0 0.5888077858880778 49
(620, 14)
(831, 14)
(1008, 14)
[1.01307109 1.15852152 0.82840738]
Classification: 1.0 0.589213300892133 50
(620, 14)
(831, 14)
(1008, 14)
[1.02594254 1.10139854 0.87265891]
Classification: 1.0 0.5904298459042985 51
(620, 14)
(831, 14)
(1008, 14)
[0.95614791 1.09624098 0.94761111]
Classification: 1.0 0.589213300892133 52
(620, 14)
(831, 14)
(1008, 14)
[1.00823591 1.08903141 0.90273269]
Classification: 1.0 0.592051905920519 53
(620, 14)
(831, 14)
(1008, 14)
[1.04074574 1.02109125 0.93816301]
Classification: 1.0 0.5900243309002433 54
(620, 14)
(831, 14)
(1008, 14)
[0.94468056 1.15768088 0.89763856]
Classification: 1.0 0.5924574209245742 55
(620, 14)
(831, 14)
(1008, 14)
[0.97567091 1.11991087 0.90441822]
Classification: 1.0 0.5912408759124088 56
(620, 14)
(831, 14)
(1008, 14)
[0.98281976 1.15082009 0.86636015]
Classification: 1.0 0.589213300892133 57
(620, 14)
(831, 14)
(1008, 14)
[0.95949713 1.1022752  0.93822767]
Classification: 1.0 0.5900243309002433 58
(620, 14)
(831, 14)
(1008, 14)
[1.00335316 1.16251054 0.8341363 ]
Traceback (most recent call last):
  File "FedCSL_All.py", line 318, in <module>
    train(dataset=args.dataset)
  File "FedCSL_All.py", line 298, in train
    train_acc, test_acc =  eval(transformation,transformation_test,y_train=y_all,y_test=y_test) #验证训练集是全局训练集， 测试集为全集测试集
  File "FedCSL_All.py", line 64, in eval
    acc_i = cross_val_score(clf, transformation, y_train, cv=5)
  File "/mnt/data/user_liangzhiyu/envs/fedcsl/lib/python3.8/site-packages/sklearn/utils/validation.py", line 63, in inner_f
    return f(*args, **kwargs)
  File "/mnt/data/user_liangzhiyu/envs/fedcsl/lib/python3.8/site-packages/sklearn/model_selection/_validation.py", line 445, in cross_val_score
    cv_results = cross_validate(estimator=estimator, X=X, y=y, groups=groups,
  File "/mnt/data/user_liangzhiyu/envs/fedcsl/lib/python3.8/site-packages/sklearn/utils/validation.py", line 63, in inner_f
    return f(*args, **kwargs)
  File "/mnt/data/user_liangzhiyu/envs/fedcsl/lib/python3.8/site-packages/sklearn/model_selection/_validation.py", line 250, in cross_validate
    results = parallel(
  File "/mnt/data/user_liangzhiyu/envs/fedcsl/lib/python3.8/site-packages/joblib/parallel.py", line 1918, in __call__
    return output if self.return_generator else list(output)
  File "/mnt/data/user_liangzhiyu/envs/fedcsl/lib/python3.8/site-packages/joblib/parallel.py", line 1847, in _get_sequential_output
    res = func(*args, **kwargs)
  File "/mnt/data/user_liangzhiyu/envs/fedcsl/lib/python3.8/site-packages/sklearn/utils/fixes.py", line 222, in __call__
    return self.function(*args, **kwargs)
  File "/mnt/data/user_liangzhiyu/envs/fedcsl/lib/python3.8/site-packages/sklearn/model_selection/_validation.py", line 598, in _fit_and_score
    estimator.fit(X_train, y_train, **fit_params)
  File "/mnt/data/user_liangzhiyu/envs/fedcsl/lib/python3.8/site-packages/sklearn/svm/_base.py", line 226, in fit
    fit(X, y, sample_weight, solver_type, kernel, random_seed=seed)
  File "/mnt/data/user_liangzhiyu/envs/fedcsl/lib/python3.8/site-packages/sklearn/svm/_base.py", line 277, in _dense_fit
    self._probB, self.fit_status_ = libsvm.fit(
KeyboardInterrupt
Running experiment with dataset: LSST, config: ./result/ablation_study/config_LSST.yml

A module that was compiled using NumPy 1.x cannot be run in
NumPy 2.0.2 as it may crash. To support both 1.x and 2.x
versions of NumPy, modules must be compiled with NumPy 2.0.
Some module may need to rebuild instead e.g. with 'pybind11>=2.12'.

If you are a user of the module, the easiest solution will be to
downgrade to 'numpy<2' or try to upgrade the affected module.
We expect that some modules will need time to support NumPy 2.

Traceback (most recent call last):  File "/mnt/data/user_liangzhiyu/lixiongfei/CSL-main/FedCSL_All.py", line 1, in <module>
    from seaborn import dark_palette
  File "/home/liangzhiyu/miniconda3/lib/python3.9/site-packages/seaborn/__init__.py", line 2, in <module>
    from .rcmod import *  # noqa: F401,F403
  File "/home/liangzhiyu/miniconda3/lib/python3.9/site-packages/seaborn/rcmod.py", line 3, in <module>
    import matplotlib as mpl
  File "/home/liangzhiyu/miniconda3/lib/python3.9/site-packages/matplotlib/__init__.py", line 129, in <module>
    from . import _api, _version, cbook, _docstring, rcsetup
  File "/home/liangzhiyu/miniconda3/lib/python3.9/site-packages/matplotlib/rcsetup.py", line 27, in <module>
    from matplotlib.colors import Colormap, is_color_like
  File "/home/liangzhiyu/miniconda3/lib/python3.9/site-packages/matplotlib/colors.py", line 56, in <module>
    from matplotlib import _api, _cm, cbook, scale
  File "/home/liangzhiyu/miniconda3/lib/python3.9/site-packages/matplotlib/scale.py", line 22, in <module>
    from matplotlib.ticker import (
  File "/home/liangzhiyu/miniconda3/lib/python3.9/site-packages/matplotlib/ticker.py", line 138, in <module>
    from matplotlib import transforms as mtransforms
  File "/home/liangzhiyu/miniconda3/lib/python3.9/site-packages/matplotlib/transforms.py", line 49, in <module>
    from matplotlib._path import (
AttributeError: _ARRAY_API not found
Traceback (most recent call last):
  File "/mnt/data/user_liangzhiyu/lixiongfei/CSL-main/FedCSL_All.py", line 1, in <module>
    from seaborn import dark_palette
  File "/home/liangzhiyu/miniconda3/lib/python3.9/site-packages/seaborn/__init__.py", line 2, in <module>
    from .rcmod import *  # noqa: F401,F403
  File "/home/liangzhiyu/miniconda3/lib/python3.9/site-packages/seaborn/rcmod.py", line 3, in <module>
    import matplotlib as mpl
  File "/home/liangzhiyu/miniconda3/lib/python3.9/site-packages/matplotlib/__init__.py", line 129, in <module>
    from . import _api, _version, cbook, _docstring, rcsetup
  File "/home/liangzhiyu/miniconda3/lib/python3.9/site-packages/matplotlib/rcsetup.py", line 27, in <module>
    from matplotlib.colors import Colormap, is_color_like
  File "/home/liangzhiyu/miniconda3/lib/python3.9/site-packages/matplotlib/colors.py", line 56, in <module>
    from matplotlib import _api, _cm, cbook, scale
  File "/home/liangzhiyu/miniconda3/lib/python3.9/site-packages/matplotlib/scale.py", line 22, in <module>
    from matplotlib.ticker import (
  File "/home/liangzhiyu/miniconda3/lib/python3.9/site-packages/matplotlib/ticker.py", line 138, in <module>
    from matplotlib import transforms as mtransforms
  File "/home/liangzhiyu/miniconda3/lib/python3.9/site-packages/matplotlib/transforms.py", line 49, in <module>
    from matplotlib._path import (
ImportError: numpy.core.multiarray failed to import
Running experiment with dataset: LSST, config: ./result/ablation_study/config_LSST.yml
[0.09514033 0.10277917 0.11127909 0.12035814 0.12964186 0.13872091
 0.14722083 0.15485967]
2459
<class 'pandas.core.frame.DataFrame'>
RangeIndex: 2459 entries, 0 to 2458
Data columns (total 7 columns):
 #   Column      Non-Null Count  Dtype 
---  ------      --------------  ----- 
 0   dim_0       2459 non-null   object
 1   dim_1       2459 non-null   object
 2   dim_2       2459 non-null   object
 3   dim_3       2459 non-null   object
 4   dim_4       2459 non-null   object
 5   dim_5       2459 non-null   object
 6   class_vals  2459 non-null   object
dtypes: object(7)
memory usage: 134.6+ KB
None
{36}
<class 'pandas.core.frame.DataFrame'>
RangeIndex: 2459 entries, 0 to 2458
Data columns (total 7 columns):
 #   Column      Non-Null Count  Dtype 
---  ------      --------------  ----- 
 0   dim_0       2459 non-null   object
 1   dim_1       2459 non-null   object
 2   dim_2       2459 non-null   object
 3   dim_3       2459 non-null   object
 4   dim_4       2459 non-null   object
 5   dim_5       2459 non-null   object
 6   class_vals  2459 non-null   object
dtypes: object(7)
memory usage: 134.6+ KB
None
[ 0  0  0 ... 13 13 13]
[   0    1    2   34   35   36   37   38   39   40   41   42   43   44
   45  157  158  159  160  161  162  163  164  165  166  167  168  169
  170  171  172  173  174  175  176  177  178  179  180  181  182  183
  184  185  186  187  188  189  190  191  192  193  194  195  196  197
  198  199  200  201  202  203  204  205  206  207  208  209  210  211
  212  213  214  215  216  217  218  219  220  221  222  223  224  225
  226  227  228  229  230  231  232  233  234  235  236  237  238  239
  240  241  242  243  244  245  246  247  248  249  250  251  252  253
  254  255  256  257  258  259  260  261  262  263  264  265  266  267
  268  269  270  271  272  273  274  275  276  277  278  279  280  281
  282  283  284  285  286  287  288  289  290  291  292  293  294  295
  296  297  298  299  300  301  302  303  304  305  306  307  308  309
  310  311  427  428  429  430  431  432  433  434  435  436  437  438
  439  440  441  442  443  444  445  446  447  448  449  450  451  452
  453  454  455  456  457  458  459  460  461  462  463  464  465  466
  467  468  469  470  471  472  473  474  475  476  477  478  479  480
  481  482  483  484  485  486  487  488  489  490  491  492  493  494
  495  496  497  498  499  500  501  502  503  504  505  506  507  508
  509  510  511  512  513  514  515  516  517  518  519  520  521  522
  523  524  525  526  527  528  529  530  531  532  533  534  535  536
  537  538  539  540  541  542  543  544  545  546  547  548  549  550
  551  552  553  554  555  556  557  558  559  560  561  562  563  564
  565  566  567  568  569  570  571  572  808  809  810  811  812  813
  814  870  877  878  879 1030 1031 1032 1033 1034 1035 1036 1037 1038
 1039 1040 1053 1054 1055 1056 1057 1058 1059 1060 1061 1062 1063 1064
 1065 1066 1067 1068 1069 1070 1071 1072 1073 1074 1075 1076 1077 1078
 1079 1080 1081 1082 1083 1084 1085 1086 1087 1088 1089 1090 1091 1092
 1093 1094 1095 1096 1097 1098 1099 1100 1101 1102 1103 1104 1105 1106
 1107 1108 1109 1110 1111 1112 1113 1114 1115 1116 1117 1118 1119 1120
 1121 1122 1123 1124 1125 1126 1127 1128 1129 1130 1131 1132 1133 1134
 1135 1136 1137 1138 1139 1140 1141 1142 1143 1144 1145 1146 1147 1148
 1149 1150 1151 1152 1153 1154 1155 1366 1367 1368 1369 1370 1371 1372
 1373 1374 1375 1376 1377 1378 1379 1380 1381 1382 1383 1384 1385 1386
 1387 1388 1389 1390 1391 1392 1393 1394 1395 1396 1397 1398 1399 1400
 1401 1402 1403 1404 1405 1406 1407 1408 1409 1410 1411 1412 1413 1414
 1415 1416 1417 1554 1555 1556 1557 1558 1559 1560 1561 1562 1563 1564
 1565 1566 1567 1568 1569 1570 1571 1572 1573 1574 1575 1576 1577 1578
 1579 1580 1581 1582 1583 1584 1585 1586 1587 1588 1589 1590 1591 1592
 1593 1594 1595 1596 1597 1598 1599 1600 1601 1602 1603 1604 1605 1606
 1607 1608 1609 1610 1611 1612 1613 1614 1615 1616 1617 1618 1619 1620
 1621 1622 1623 1624 1625 1626 1627 1628 1629 1630 1631 1632 1633 1634
 1635 1636 1637 1638 1639 1640 1641 1642 1643 1644 1645 1646 1647 1648
 1649 1650 1651 1652 1653 1654 1655 1656 1657 1658 1659 1660 1661 2331
 2332 2333 2334 2335 2336 2337 2338 2339 2340 2341 2342 2343 2344 2345
 2346 2347 2348 2349 2350 2351 2352 2353 2354 2355 2356 2357 2358 2359
 2360 2361 2362 2363 2364 2365 2366 2367 2368 2369 2370 2371 2372 2373
 2374 2375 2376 2377 2378 2379 2380 2381 2382 2383 2384 2385 2386 2408
 2409]
[0, 0, 0, 1, 1, 1, 1, 1, 1, 1, 1, 1, 1, 1, 1, 2, 2, 2, 2, 2, 2, 2, 2, 2, 2, 2, 2, 2, 2, 2, 2, 2, 2, 2, 2, 2, 2, 2, 2, 2, 2, 2, 2, 2, 2, 2, 2, 2, 2, 2, 2, 2, 2, 2, 2, 2, 2, 2, 2, 2, 2, 2, 2, 2, 2, 2, 2, 2, 2, 2, 2, 2, 2, 2, 2, 2, 2, 2, 2, 2, 2, 2, 2, 2, 2, 2, 2, 2, 2, 2, 2, 2, 2, 2, 2, 2, 2, 2, 2, 2, 2, 2, 2, 2, 2, 2, 2, 2, 2, 2, 2, 2, 2, 2, 2, 2, 2, 2, 2, 2, 2, 2, 2, 2, 2, 2, 2, 2, 2, 2, 2, 2, 2, 2, 2, 2, 2, 2, 2, 2, 2, 2, 2, 2, 2, 2, 2, 2, 2, 2, 2, 2, 2, 2, 2, 2, 2, 2, 2, 2, 2, 2, 2, 2, 2, 2, 2, 2, 2, 2, 3, 3, 3, 3, 3, 3, 3, 3, 3, 3, 3, 3, 3, 3, 3, 3, 3, 3, 3, 3, 3, 3, 3, 3, 3, 3, 3, 3, 3, 3, 3, 3, 3, 3, 3, 3, 3, 3, 3, 3, 3, 3, 3, 3, 3, 3, 3, 3, 3, 3, 3, 3, 3, 3, 3, 3, 3, 3, 3, 3, 3, 3, 3, 3, 3, 3, 3, 3, 3, 3, 3, 3, 3, 3, 3, 3, 3, 3, 3, 3, 3, 3, 3, 3, 3, 3, 3, 3, 3, 3, 3, 3, 3, 3, 3, 3, 3, 3, 3, 3, 3, 3, 3, 3, 3, 3, 3, 3, 3, 3, 3, 3, 3, 3, 3, 3, 3, 3, 3, 3, 3, 3, 3, 3, 3, 3, 3, 3, 3, 3, 3, 3, 3, 3, 3, 3, 3, 3, 3, 3, 3, 3, 3, 3, 3, 3, 4, 4, 4, 4, 4, 4, 4, 5, 6, 6, 6, 7, 7, 7, 7, 7, 7, 7, 7, 7, 7, 7, 8, 8, 8, 8, 8, 8, 8, 8, 8, 8, 8, 8, 8, 8, 8, 8, 8, 8, 8, 8, 8, 8, 8, 8, 8, 8, 8, 8, 8, 8, 8, 8, 8, 8, 8, 8, 8, 8, 8, 8, 8, 8, 8, 8, 8, 8, 8, 8, 8, 8, 8, 8, 8, 8, 8, 8, 8, 8, 8, 8, 8, 8, 8, 8, 8, 8, 8, 8, 8, 8, 8, 8, 8, 8, 8, 8, 8, 8, 8, 8, 8, 8, 8, 8, 8, 8, 8, 8, 8, 8, 8, 8, 8, 8, 8, 8, 8, 8, 8, 8, 8, 8, 8, 9, 9, 9, 9, 9, 9, 9, 9, 9, 9, 9, 9, 9, 9, 9, 9, 9, 9, 9, 9, 9, 9, 9, 9, 9, 9, 9, 9, 9, 9, 9, 9, 9, 9, 9, 9, 9, 9, 9, 9, 9, 9, 9, 9, 9, 9, 9, 9, 9, 9, 9, 9, 11, 11, 11, 11, 11, 11, 11, 11, 11, 11, 11, 11, 11, 11, 11, 11, 11, 11, 11, 11, 11, 11, 11, 11, 11, 11, 11, 11, 11, 11, 11, 11, 11, 11, 11, 11, 11, 11, 11, 11, 11, 11, 11, 11, 11, 11, 11, 11, 11, 11, 11, 11, 11, 11, 11, 11, 11, 11, 11, 11, 11, 11, 11, 11, 11, 11, 11, 11, 11, 11, 11, 11, 11, 11, 11, 11, 11, 11, 11, 11, 11, 11, 11, 11, 11, 11, 11, 11, 11, 11, 11, 11, 11, 11, 11, 11, 11, 11, 11, 11, 11, 11, 11, 11, 11, 11, 11, 11, 12, 12, 12, 12, 12, 12, 12, 12, 12, 12, 12, 12, 12, 12, 12, 12, 12, 12, 12, 12, 12, 12, 12, 12, 12, 12, 12, 12, 12, 12, 12, 12, 12, 12, 12, 12, 12, 12, 12, 12, 12, 12, 12, 12, 12, 12, 12, 12, 12, 12, 12, 12, 12, 12, 12, 12, 13, 13]
/mnt/data/user_liangzhiyu/envs/fedcsl/lib/python3.8/site-packages/scipy/__init__.py:146: UserWarning: A NumPy version >=1.16.5 and <1.23.0 is required for this version of SciPy (detected version 1.23.5
  warnings.warn(f"A NumPy version >={np_minversion} and <{np_maxversion}"
/mnt/data/user_liangzhiyu/envs/fedcsl/lib/python3.8/site-packages/tslearn/bases/bases.py:15: UserWarning: h5py not installed, hdf5 features will not be supported.
Install h5py to use hdf5 features: http://docs.h5py.org/
  warn(h5py_msg)
/mnt/data/user_liangzhiyu/lixiongfei/CSL-main/train.py:392: UserWarning: Creating a tensor from a list of numpy.ndarrays is extremely slow. Please consider converting the list to a single numpy.ndarray with numpy.array() before converting to a tensor. (Triggered internally at /opt/conda/conda-bld/pytorch_1724789259345/work/torch/csrc/utils/tensor_new.cpp:278.)
  X = torch.tensor(X, dtype=torch.float).contiguous()
[0, 0, 0, 0, 0, 0, 0, 0, 0, 0, 0, 0, 0, 0, 0, 0, 0, 0, 0, 0, 0, 0, 0, 0, 0, 0, 1, 1, 1, 1, 1, 1, 1, 1, 1, 1, 1, 1, 1, 1, 1, 1, 1, 1, 1, 2, 2, 2, 2, 2, 2, 2, 2, 2, 2, 2, 2, 2, 2, 2, 2, 2, 2, 2, 2, 2, 2, 2, 2, 2, 2, 2, 2, 2, 2, 2, 2, 2, 2, 2, 2, 2, 2, 2, 2, 2, 2, 2, 2, 2, 2, 2, 2, 2, 2, 2, 2, 2, 2, 2, 2, 2, 2, 2, 2, 2, 2, 2, 2, 2, 2, 2, 2, 2, 2, 2, 2, 2, 2, 2, 2, 2, 2, 2, 2, 2, 2, 2, 2, 2, 2, 2, 2, 2, 2, 2, 2, 2, 2, 2, 2, 2, 2, 2, 2, 2, 2, 2, 2, 2, 2, 2, 2, 2, 2, 3, 3, 3, 3, 3, 3, 3, 3, 3, 3, 3, 3, 3, 3, 3, 3, 3, 3, 3, 3, 3, 3, 3, 3, 3, 3, 3, 3, 3, 3, 3, 3, 3, 3, 3, 3, 3, 3, 3, 3, 3, 3, 3, 3, 3, 3, 3, 3, 3, 3, 3, 3, 3, 3, 3, 4, 4, 5, 5, 5, 6, 6, 6, 6, 6, 6, 6, 6, 6, 6, 6, 6, 6, 6, 6, 6, 6, 6, 6, 6, 6, 6, 6, 6, 6, 6, 6, 6, 6, 6, 6, 6, 6, 6, 6, 6, 6, 6, 6, 6, 6, 6, 6, 6, 6, 6, 6, 6, 6, 6, 6, 6, 6, 6, 6, 6, 6, 6, 6, 6, 6, 6, 6, 6, 6, 6, 6, 6, 6, 6, 6, 6, 6, 6, 7, 7, 8, 8, 8, 8, 8, 8, 8, 8, 8, 8, 8, 8, 8, 8, 8, 8, 8, 8, 8, 8, 8, 8, 8, 8, 8, 8, 8, 8, 8, 8, 8, 8, 8, 8, 8, 8, 8, 8, 8, 8, 8, 8, 8, 8, 8, 8, 8, 8, 8, 8, 8, 8, 8, 8, 8, 8, 8, 8, 8, 8, 8, 8, 8, 8, 8, 8, 8, 8, 8, 8, 8, 8, 8, 8, 8, 8, 8, 8, 8, 8, 8, 8, 8, 8, 8, 8, 8, 8, 8, 8, 8, 8, 8, 8, 8, 8, 8, 8, 8, 8, 8, 8, 8, 8, 8, 8, 8, 8, 8, 8, 8, 8, 8, 8, 8, 8, 8, 8, 8, 8, 8, 8, 8, 8, 8, 8, 8, 8, 8, 8, 8, 8, 8, 8, 8, 8, 8, 8, 8, 8, 8, 8, 8, 8, 8, 8, 8, 8, 8, 8, 8, 8, 8, 8, 8, 8, 8, 8, 8, 8, 8, 8, 8, 8, 8, 8, 8, 8, 8, 8, 8, 8, 8, 8, 8, 8, 8, 8, 8, 8, 8, 8, 8, 8, 8, 8, 8, 8, 8, 8, 8, 8, 8, 8, 9, 9, 9, 9, 9, 9, 9, 9, 10, 10, 10, 10, 10, 10, 10, 10, 10, 10, 10, 10, 10, 10, 10, 10, 10, 10, 10, 10, 10, 10, 10, 10, 10, 10, 10, 10, 10, 10, 10, 10, 10, 10, 10, 10, 10, 10, 10, 10, 10, 10, 10, 10, 10, 10, 10, 10, 10, 10, 10, 10, 10, 10, 10, 10, 10, 10, 10, 10, 10, 10, 10, 10, 10, 11, 11, 11, 11, 11, 11, 11, 11, 11, 11, 11, 11, 11, 11, 11, 11, 11, 11, 11, 11, 11, 11, 11, 11, 11, 11, 11, 11, 11, 11, 11, 11, 11, 11, 11, 11, 11, 11, 11, 11, 11, 11, 11, 11, 11, 11, 11, 11, 11, 11, 11, 11, 11, 11, 11, 11, 11, 11, 11, 11, 11, 11, 11, 11, 11, 11, 11, 11, 11, 11, 11, 11, 11, 11, 11, 11, 11, 11, 11, 11, 11, 11, 11, 11, 11, 11, 11, 11, 11, 11, 11, 11, 11, 11, 11, 11, 11, 11, 11, 11, 11, 11, 11, 11, 11, 11, 11, 11, 11, 11, 11, 11, 11, 11, 11, 11, 11, 11, 11, 11, 11, 11, 11, 11, 11, 11, 11, 11, 11, 11, 11, 11, 11, 11, 11, 11, 11, 11, 11, 11, 11, 11, 11, 11, 11, 11, 11, 11, 11, 11, 11, 11, 11, 11, 11, 11, 11, 11, 11, 11, 11, 11, 11, 11, 11, 11, 11, 11, 11, 11, 11, 11, 11, 11, 11, 11, 11, 11, 11, 11, 11, 11, 11, 11, 11, 11, 11, 11, 11, 11, 11, 11, 11, 11, 11, 11, 11, 11, 11, 11, 11, 11, 11, 11, 11, 11, 11, 11, 11, 11, 11, 11, 11, 11, 11, 11, 11, 11, 11, 11, 11, 11, 11, 11, 11, 11, 11, 11, 11, 11, 11, 11, 11, 11, 11, 11, 11, 11, 11, 11, 11, 11, 11, 11, 11, 11, 11, 11, 11, 11, 11, 11, 11, 11, 11, 11, 11, 11, 11, 11, 11, 11, 11, 11, 11, 11, 11, 11, 11, 11, 11, 11, 11, 11, 11, 11, 11, 11, 11, 11, 11, 11, 11, 11, 11, 11, 11, 11, 11, 11, 11, 11, 11, 11, 11, 11, 11, 11, 11, 11, 11, 11, 11, 11, 11, 11, 11, 11, 11, 11, 11, 11, 11, 11, 11, 11, 11, 11, 11, 11, 11, 11, 11, 11, 11, 11, 11, 11, 11, 11, 11, 11, 11, 11, 11, 11, 11, 11, 11, 11, 11, 11, 11, 11, 11, 11, 11, 11, 11, 11, 11, 11, 11, 11, 11, 11, 11, 11, 11, 11, 11, 11, 11, 11, 11, 11, 11, 11, 11, 11, 11, 11, 11, 11, 11, 11, 11, 11, 11, 11, 11, 11, 11, 11, 11, 11, 11, 11, 11, 11, 11, 11, 11, 11, 11, 11, 11, 11, 11, 11, 11, 11, 11, 11, 11, 11, 11, 11, 11, 11, 11, 12, 12, 12, 12, 12, 12, 12, 12, 12, 12, 12, 12, 12, 12, 12, 12, 12, 12, 13, 13, 13, 13, 13, 13, 13, 13, 13, 13, 13, 13, 13, 13, 13, 13, 13, 13, 13, 13, 13, 13, 13, 13, 13, 13, 13, 13, 13, 13, 13, 13, 13, 13, 13, 13, 13, 13, 13, 13, 13]
[0, 0, 0, 0, 0, 1, 1, 1, 1, 1, 1, 1, 1, 1, 1, 1, 1, 1, 1, 1, 1, 1, 1, 1, 1, 1, 1, 1, 1, 1, 1, 1, 1, 1, 1, 1, 1, 1, 1, 1, 1, 1, 1, 1, 1, 1, 1, 1, 1, 1, 1, 1, 1, 1, 1, 1, 1, 1, 1, 1, 1, 1, 1, 1, 1, 1, 1, 1, 1, 1, 1, 1, 1, 1, 1, 1, 1, 1, 1, 1, 1, 1, 1, 1, 1, 1, 1, 1, 1, 1, 1, 1, 1, 1, 1, 1, 1, 2, 2, 2, 2, 2, 3, 3, 3, 3, 3, 3, 3, 3, 3, 3, 3, 3, 3, 3, 3, 3, 3, 3, 3, 3, 3, 3, 3, 3, 3, 3, 3, 3, 3, 3, 3, 3, 3, 3, 3, 3, 3, 3, 3, 3, 3, 3, 3, 3, 3, 3, 3, 3, 3, 3, 3, 3, 3, 3, 3, 3, 3, 3, 3, 3, 3, 3, 3, 3, 3, 3, 3, 3, 3, 3, 3, 3, 3, 3, 3, 3, 3, 3, 3, 3, 3, 3, 3, 3, 3, 3, 3, 3, 3, 3, 3, 3, 3, 3, 3, 3, 3, 3, 3, 3, 3, 3, 3, 3, 3, 3, 3, 3, 3, 3, 3, 3, 3, 3, 3, 3, 3, 3, 3, 3, 3, 3, 3, 3, 3, 3, 3, 3, 3, 3, 3, 3, 3, 3, 3, 3, 3, 3, 3, 3, 3, 3, 3, 3, 3, 3, 3, 3, 3, 3, 3, 3, 3, 3, 3, 3, 3, 3, 3, 3, 3, 3, 3, 3, 3, 3, 3, 3, 3, 3, 3, 3, 3, 3, 3, 3, 3, 3, 3, 3, 4, 4, 4, 4, 4, 4, 4, 4, 4, 4, 4, 4, 4, 4, 4, 4, 4, 4, 4, 4, 4, 4, 4, 4, 4, 4, 4, 4, 4, 4, 4, 4, 4, 4, 4, 4, 4, 4, 4, 4, 4, 4, 4, 4, 4, 4, 4, 4, 4, 4, 4, 4, 4, 5, 5, 5, 6, 6, 6, 6, 6, 6, 6, 6, 6, 6, 6, 6, 6, 6, 6, 6, 6, 6, 6, 6, 6, 6, 6, 6, 6, 6, 6, 6, 6, 6, 6, 6, 6, 6, 6, 6, 6, 6, 6, 6, 6, 6, 6, 6, 6, 6, 6, 6, 6, 6, 6, 6, 6, 6, 6, 6, 6, 6, 6, 6, 6, 6, 6, 6, 6, 6, 6, 6, 6, 6, 6, 6, 6, 6, 6, 6, 7, 7, 7, 7, 7, 7, 7, 7, 7, 7, 8, 8, 8, 8, 8, 8, 8, 8, 8, 8, 8, 8, 8, 8, 8, 8, 9, 9, 9, 9, 9, 9, 9, 9, 10, 10, 10, 10, 10, 10, 10, 10, 10, 10, 10, 10, 10, 10, 10, 10, 10, 10, 10, 10, 10, 10, 10, 10, 10, 10, 10, 10, 10, 10, 10, 10, 10, 10, 10, 10, 10, 10, 10, 10, 10, 10, 10, 10, 10, 10, 10, 10, 10, 10, 10, 10, 10, 10, 10, 11, 11, 11, 11, 11, 11, 11, 11, 11, 11, 11, 11, 11, 11, 11, 11, 11, 11, 11, 11, 11, 11, 11, 11, 11, 11, 11, 11, 11, 11, 11, 11, 11, 11, 11, 11, 11, 11, 11, 11, 11, 11, 11, 11, 11, 11, 11, 11, 11, 11, 11, 11, 11, 11, 11, 11, 11, 11, 11, 11, 11, 11, 11, 11, 11, 11, 11, 11, 11, 11, 11, 11, 11, 11, 11, 11, 11, 11, 11, 11, 11, 11, 11, 11, 11, 11, 11, 11, 11, 11, 11, 11, 11, 11, 11, 11, 11, 11, 11, 11, 11, 11, 11, 11, 11, 11, 11, 11, 11, 11, 11, 11, 11, 11, 11, 11, 11, 11, 11, 11, 11, 11, 11, 11, 11, 11, 11, 11, 11, 11, 11, 11, 11, 11, 11, 11, 11, 11, 11, 11, 11, 11, 11, 11, 11, 11, 11, 11, 11, 11, 11, 11, 11, 11, 11, 11, 11, 11, 11, 11, 11, 11, 11, 11, 11, 11, 11, 11, 11, 11, 11, 11, 11, 11, 11, 11, 11, 11, 11, 11, 11, 11, 11, 11, 11, 11, 11, 11, 11, 11, 11, 11, 11, 11, 11, 11, 11, 11, 11, 11, 11, 11, 11, 11, 11, 11, 11, 11, 11, 11, 11, 11, 11, 11, 11, 11, 11, 11, 11, 11, 11, 11, 11, 11, 11, 11, 11, 11, 11, 11, 11, 11, 11, 11, 11, 11, 11, 11, 11, 11, 11, 11, 11, 11, 11, 11, 11, 11, 11, 11, 11, 11, 11, 11, 11, 11, 11, 11, 12, 12, 12, 13, 13, 13, 13, 13, 13, 13, 13]
shapelet initialized! 

All 3 clinet initialized! 

(659, 14)
(1028, 14)
(772, 14)
[0.96743535 1.0576924  0.97487225]
Classification: 1.0 0.5847526358475263 0
(659, 14)
(1028, 14)
(772, 14)
[1.11618496 1.0839588  0.79985624]
Classification: 1.0 0.5900243309002433 1
