Running experiment with dataset: MotorImagery, config: ./result/ablation_study/config_MotorImagery.yml

A module that was compiled using NumPy 1.x cannot be run in
NumPy 2.0.2 as it may crash. To support both 1.x and 2.x
versions of NumPy, modules must be compiled with NumPy 2.0.
Some module may need to rebuild instead e.g. with 'pybind11>=2.12'.

If you are a user of the module, the easiest solution will be to
downgrade to 'numpy<2' or try to upgrade the affected module.
We expect that some modules will need time to support NumPy 2.

Traceback (most recent call last):  File "/mnt/data/user_liangzhiyu/lixiongfei/CSL-main/FedCSL_All.py", line 1, in <module>
    from seaborn import dark_palette
  File "/home/liangzhiyu/miniconda3/lib/python3.9/site-packages/seaborn/__init__.py", line 2, in <module>
    from .rcmod import *  # noqa: F401,F403
  File "/home/liangzhiyu/miniconda3/lib/python3.9/site-packages/seaborn/rcmod.py", line 3, in <module>
    import matplotlib as mpl
  File "/home/liangzhiyu/miniconda3/lib/python3.9/site-packages/matplotlib/__init__.py", line 129, in <module>
    from . import _api, _version, cbook, _docstring, rcsetup
  File "/home/liangzhiyu/miniconda3/lib/python3.9/site-packages/matplotlib/rcsetup.py", line 27, in <module>
    from matplotlib.colors import Colormap, is_color_like
  File "/home/liangzhiyu/miniconda3/lib/python3.9/site-packages/matplotlib/colors.py", line 56, in <module>
    from matplotlib import _api, _cm, cbook, scale
  File "/home/liangzhiyu/miniconda3/lib/python3.9/site-packages/matplotlib/scale.py", line 22, in <module>
    from matplotlib.ticker import (
  File "/home/liangzhiyu/miniconda3/lib/python3.9/site-packages/matplotlib/ticker.py", line 138, in <module>
    from matplotlib import transforms as mtransforms
  File "/home/liangzhiyu/miniconda3/lib/python3.9/site-packages/matplotlib/transforms.py", line 49, in <module>
    from matplotlib._path import (
AttributeError: _ARRAY_API not found
Traceback (most recent call last):
  File "/mnt/data/user_liangzhiyu/lixiongfei/CSL-main/FedCSL_All.py", line 1, in <module>
    from seaborn import dark_palette
  File "/home/liangzhiyu/miniconda3/lib/python3.9/site-packages/seaborn/__init__.py", line 2, in <module>
    from .rcmod import *  # noqa: F401,F403
  File "/home/liangzhiyu/miniconda3/lib/python3.9/site-packages/seaborn/rcmod.py", line 3, in <module>
    import matplotlib as mpl
  File "/home/liangzhiyu/miniconda3/lib/python3.9/site-packages/matplotlib/__init__.py", line 129, in <module>
    from . import _api, _version, cbook, _docstring, rcsetup
  File "/home/liangzhiyu/miniconda3/lib/python3.9/site-packages/matplotlib/rcsetup.py", line 27, in <module>
    from matplotlib.colors import Colormap, is_color_like
  File "/home/liangzhiyu/miniconda3/lib/python3.9/site-packages/matplotlib/colors.py", line 56, in <module>
    from matplotlib import _api, _cm, cbook, scale
  File "/home/liangzhiyu/miniconda3/lib/python3.9/site-packages/matplotlib/scale.py", line 22, in <module>
    from matplotlib.ticker import (
  File "/home/liangzhiyu/miniconda3/lib/python3.9/site-packages/matplotlib/ticker.py", line 138, in <module>
    from matplotlib import transforms as mtransforms
  File "/home/liangzhiyu/miniconda3/lib/python3.9/site-packages/matplotlib/transforms.py", line 49, in <module>
    from matplotlib._path import (
ImportError: numpy.core.multiarray failed to import
Running experiment with dataset: MotorImagery, config: ./result/ablation_study/config_MotorImagery.yml
/mnt/data/user_liangzhiyu/envs/fedcsl/lib/python3.8/site-packages/scipy/__init__.py:146: UserWarning: A NumPy version >=1.16.5 and <1.23.0 is required for this version of SciPy (detected version 1.23.5
  warnings.warn(f"A NumPy version >={np_minversion} and <{np_maxversion}"
/mnt/data/user_liangzhiyu/envs/fedcsl/lib/python3.8/site-packages/tslearn/bases/bases.py:15: UserWarning: h5py not installed, hdf5 features will not be supported.
Install h5py to use hdf5 features: http://docs.h5py.org/
  warn(h5py_msg)
/mnt/data/user_liangzhiyu/lixiongfei/CSL-main/train.py:392: UserWarning: Creating a tensor from a list of numpy.ndarrays is extremely slow. Please consider converting the list to a single numpy.ndarray with numpy.array() before converting to a tensor. (Triggered internally at /opt/conda/conda-bld/pytorch_1724789259345/work/torch/csrc/utils/tensor_new.cpp:278.)
  X = torch.tensor(X, dtype=torch.float).contiguous()
[0.09514033 0.10277917 0.11127909 0.12035814 0.12964186 0.13872091
 0.14722083 0.15485967]
278
<class 'pandas.core.frame.DataFrame'>
RangeIndex: 278 entries, 0 to 277
Data columns (total 65 columns):
 #   Column      Non-Null Count  Dtype 
---  ------      --------------  ----- 
 0   dim_0       278 non-null    object
 1   dim_1       278 non-null    object
 2   dim_2       278 non-null    object
 3   dim_3       278 non-null    object
 4   dim_4       278 non-null    object
 5   dim_5       278 non-null    object
 6   dim_6       278 non-null    object
 7   dim_7       278 non-null    object
 8   dim_8       278 non-null    object
 9   dim_9       278 non-null    object
 10  dim_10      278 non-null    object
 11  dim_11      278 non-null    object
 12  dim_12      278 non-null    object
 13  dim_13      278 non-null    object
 14  dim_14      278 non-null    object
 15  dim_15      278 non-null    object
 16  dim_16      278 non-null    object
 17  dim_17      278 non-null    object
 18  dim_18      278 non-null    object
 19  dim_19      278 non-null    object
 20  dim_20      278 non-null    object
 21  dim_21      278 non-null    object
 22  dim_22      278 non-null    object
 23  dim_23      278 non-null    object
 24  dim_24      278 non-null    object
 25  dim_25      278 non-null    object
 26  dim_26      278 non-null    object
 27  dim_27      278 non-null    object
 28  dim_28      278 non-null    object
 29  dim_29      278 non-null    object
 30  dim_30      278 non-null    object
 31  dim_31      278 non-null    object
 32  dim_32      278 non-null    object
 33  dim_33      278 non-null    object
 34  dim_34      278 non-null    object
 35  dim_35      278 non-null    object
 36  dim_36      278 non-null    object
 37  dim_37      278 non-null    object
 38  dim_38      278 non-null    object
 39  dim_39      278 non-null    object
 40  dim_40      278 non-null    object
 41  dim_41      278 non-null    object
 42  dim_42      278 non-null    object
 43  dim_43      278 non-null    object
 44  dim_44      278 non-null    object
 45  dim_45      278 non-null    object
 46  dim_46      278 non-null    object
 47  dim_47      278 non-null    object
 48  dim_48      278 non-null    object
 49  dim_49      278 non-null    object
 50  dim_50      278 non-null    object
 51  dim_51      278 non-null    object
 52  dim_52      278 non-null    object
 53  dim_53      278 non-null    object
 54  dim_54      278 non-null    object
 55  dim_55      278 non-null    object
 56  dim_56      278 non-null    object
 57  dim_57      278 non-null    object
 58  dim_58      278 non-null    object
 59  dim_59      278 non-null    object
 60  dim_60      278 non-null    object
 61  dim_61      278 non-null    object
 62  dim_62      278 non-null    object
 63  dim_63      278 non-null    object
 64  class_vals  278 non-null    object
dtypes: object(65)
memory usage: 141.3+ KB
None
{3000}
<class 'pandas.core.frame.DataFrame'>
RangeIndex: 278 entries, 0 to 277
Data columns (total 65 columns):
 #   Column      Non-Null Count  Dtype 
---  ------      --------------  ----- 
 0   dim_0       278 non-null    object
 1   dim_1       278 non-null    object
 2   dim_2       278 non-null    object
 3   dim_3       278 non-null    object
 4   dim_4       278 non-null    object
 5   dim_5       278 non-null    object
 6   dim_6       278 non-null    object
 7   dim_7       278 non-null    object
 8   dim_8       278 non-null    object
 9   dim_9       278 non-null    object
 10  dim_10      278 non-null    object
 11  dim_11      278 non-null    object
 12  dim_12      278 non-null    object
 13  dim_13      278 non-null    object
 14  dim_14      278 non-null    object
 15  dim_15      278 non-null    object
 16  dim_16      278 non-null    object
 17  dim_17      278 non-null    object
 18  dim_18      278 non-null    object
 19  dim_19      278 non-null    object
 20  dim_20      278 non-null    object
 21  dim_21      278 non-null    object
 22  dim_22      278 non-null    object
 23  dim_23      278 non-null    object
 24  dim_24      278 non-null    object
 25  dim_25      278 non-null    object
 26  dim_26      278 non-null    object
 27  dim_27      278 non-null    object
 28  dim_28      278 non-null    object
 29  dim_29      278 non-null    object
 30  dim_30      278 non-null    object
 31  dim_31      278 non-null    object
 32  dim_32      278 non-null    object
 33  dim_33      278 non-null    object
 34  dim_34      278 non-null    object
 35  dim_35      278 non-null    object
 36  dim_36      278 non-null    object
 37  dim_37      278 non-null    object
 38  dim_38      278 non-null    object
 39  dim_39      278 non-null    object
 40  dim_40      278 non-null    object
 41  dim_41      278 non-null    object
 42  dim_42      278 non-null    object
 43  dim_43      278 non-null    object
 44  dim_44      278 non-null    object
 45  dim_45      278 non-null    object
 46  dim_46      278 non-null    object
 47  dim_47      278 non-null    object
 48  dim_48      278 non-null    object
 49  dim_49      278 non-null    object
 50  dim_50      278 non-null    object
 51  dim_51      278 non-null    object
 52  dim_52      278 non-null    object
 53  dim_53      278 non-null    object
 54  dim_54      278 non-null    object
 55  dim_55      278 non-null    object
 56  dim_56      278 non-null    object
 57  dim_57      278 non-null    object
 58  dim_58      278 non-null    object
 59  dim_59      278 non-null    object
 60  dim_60      278 non-null    object
 61  dim_61      278 non-null    object
 62  dim_62      278 non-null    object
 63  dim_63      278 non-null    object
 64  class_vals  278 non-null    object
dtypes: object(65)
memory usage: 141.3+ KB
None
[0 1 0 0 1 1 1 0 1 0 0 0 1 0 1 0 1 1 0 1 0 0 1 0 0 1 1 1 0 0 0 0 1 0 1 0 1
 1 0 0 0 0 1 0 1 1 0 0 1 1 1 0 0 0 1 0 1 0 1 0 0 1 1 0 0 1 1 0 0 1 0 0 1 1
 0 0 0 0 1 1 0 1 1 1 0 1 1 0 1 1 1 0 1 0 1 1 1 1 0 0 0 0 1 0 0 1 1 0 0 1 1
 1 0 0 0 0 0 1 1 1 1 0 0 1 0 1 0 0 1 1 0 1 0 1 1 0 1 1 0 1 1 1 1 1 1 0 0 1
 0 0 0 0 1 1 1 0 0 1 1 1 0 1 1 1 1 1 0 1 0 1 1 1 0 1 0 1 1 0 0 0 0 0 0 1 0
 1 1 0 1 1 1 0 0 0 0 1 0 0 1 1 0 0 0 0 1 0 0 0 0 0 1 0 1 0 1 1 0 1 1 1 0 0
 1 1 1 1 1 1 0 0 1 1 1 0 1 0 0 0 1 1 1 0 0 1 1 0 0 1 0 1 0 1 1 0 1 1 1 1 0
 1 0 1 0 1 0 1 0 0 0 0 0 0 0 0 1 0 1 0]
[ 0  2  3  7  9 10 11 13 15 18 20 21 23 24  1  4  5  6  8 12 14 16 17 19
 22 25 26 27]
[0, 0, 0, 0, 0, 0, 0, 0, 0, 0, 0, 0, 0, 0, 1, 1, 1, 1, 1, 1, 1, 1, 1, 1, 1, 1, 1, 1]
[0, 0, 0, 0, 0, 0, 0, 0, 0, 0, 0, 0, 0, 0, 0, 0, 0, 0, 0, 0, 0, 0, 0, 0, 0, 0, 0, 0, 0, 0, 0, 0, 0, 0, 0, 0, 0, 0, 0, 0, 0, 0, 0, 0, 0, 0, 0, 0, 0, 0, 0, 0, 0, 0, 0, 0, 0, 0, 0, 0, 0, 0, 0, 0, 0, 0, 0, 0, 0, 0, 0, 0, 0, 0, 0, 0, 0, 0, 0, 0, 0, 0, 0, 0, 0, 0, 0, 0, 0, 0, 0, 0, 0, 0, 0, 0, 0, 0, 0, 0, 0, 0, 0, 0, 0, 0, 0, 0, 1, 1, 1, 1, 1, 1, 1, 1, 1, 1, 1, 1, 1, 1, 1, 1, 1, 1, 1, 1, 1]
[0, 0, 0, 0, 0, 0, 0, 0, 0, 0, 0, 0, 0, 0, 0, 0, 0, 1, 1, 1, 1, 1, 1, 1, 1, 1, 1, 1, 1, 1, 1, 1, 1, 1, 1, 1, 1, 1, 1, 1, 1, 1, 1, 1, 1, 1, 1, 1, 1, 1, 1, 1, 1, 1, 1, 1, 1, 1, 1, 1, 1, 1, 1, 1, 1, 1, 1, 1, 1, 1, 1, 1, 1, 1, 1, 1, 1, 1, 1, 1, 1, 1, 1, 1, 1, 1, 1, 1, 1, 1, 1, 1, 1, 1, 1, 1, 1, 1, 1, 1, 1, 1, 1, 1, 1, 1, 1, 1, 1, 1, 1, 1, 1, 1, 1, 1, 1, 1, 1, 1, 1]
shapelet initialized! 

All 3 clinet initialized! 

Traceback (most recent call last):
  File "FedCSL_All.py", line 331, in <module>
    train(dataset=args.dataset)
  File "FedCSL_All.py", line 254, in train
    losses = c.train(X_fed[idx], epochs=numEpoch, batch_size=batch_size, epoch_idx=-1,lr=lr)
  File "/mnt/data/user_liangzhiyu/lixiongfei/CSL-main/train.py", line 462, in train
    current_loss_ce, C_accu_q, c_normalising_factor_q, C_accu_k, c_normalising_factor_k = self.update_CL(x, C_accu_q, c_normalising_factor_q, C_accu_k, 
  File "/mnt/data/user_liangzhiyu/lixiongfei/CSL-main/train.py", line 182, in update_CL
    q = self.model(x_q, optimize=None, masking=False)
  File "/mnt/data/user_liangzhiyu/envs/fedcsl/lib/python3.8/site-packages/torch/nn/modules/module.py", line 1553, in _wrapped_call_impl
    return self._call_impl(*args, **kwargs)
  File "/mnt/data/user_liangzhiyu/envs/fedcsl/lib/python3.8/site-packages/torch/nn/modules/module.py", line 1562, in _call_impl
    return forward_call(*args, **kwargs)
  File "/mnt/data/user_liangzhiyu/lixiongfei/CSL-main/blocks.py", line 277, in forward
    x = self.shapelets_blocks(x, masking) # 
  File "/mnt/data/user_liangzhiyu/envs/fedcsl/lib/python3.8/site-packages/torch/nn/modules/module.py", line 1553, in _wrapped_call_impl
    return self._call_impl(*args, **kwargs)
  File "/mnt/data/user_liangzhiyu/envs/fedcsl/lib/python3.8/site-packages/torch/nn/modules/module.py", line 1562, in _call_impl
    return forward_call(*args, **kwargs)
  File "/mnt/data/user_liangzhiyu/lixiongfei/CSL-main/blocks.py", line 225, in forward
    out = torch.cat((out, block(x, masking)), dim=2)
  File "/mnt/data/user_liangzhiyu/envs/fedcsl/lib/python3.8/site-packages/torch/nn/modules/module.py", line 1553, in _wrapped_call_impl
    return self._call_impl(*args, **kwargs)
  File "/mnt/data/user_liangzhiyu/envs/fedcsl/lib/python3.8/site-packages/torch/nn/modules/module.py", line 1562, in _call_impl
    return forward_call(*args, **kwargs)
  File "/mnt/data/user_liangzhiyu/lixiongfei/CSL-main/blocks.py", line 123, in forward
    x = x / x.norm(p=2, dim=3, keepdim=True).clamp(min=1e-8)
torch.OutOfMemoryError: CUDA out of memory. Tried to allocate 4.18 GiB. GPU 0 has a total capacity of 23.69 GiB of which 4.15 GiB is free. Including non-PyTorch memory, this process has 19.53 GiB memory in use. Of the allocated memory 19.09 GiB is allocated by PyTorch, and 148.68 MiB is reserved by PyTorch but unallocated. If reserved but unallocated memory is large try setting PYTORCH_CUDA_ALLOC_CONF=expandable_segments:True to avoid fragmentation.  See documentation for Memory Management  (https://pytorch.org/docs/stable/notes/cuda.html#environment-variables)
