Running experiment with dataset: NATOPS, config: ./result/ablation_study/config_NATOPS.yml

A module that was compiled using NumPy 1.x cannot be run in
NumPy 2.0.2 as it may crash. To support both 1.x and 2.x
versions of NumPy, modules must be compiled with NumPy 2.0.
Some module may need to rebuild instead e.g. with 'pybind11>=2.12'.

If you are a user of the module, the easiest solution will be to
downgrade to 'numpy<2' or try to upgrade the affected module.
We expect that some modules will need time to support NumPy 2.

Traceback (most recent call last):  File "/mnt/data/user_liangzhiyu/lixiongfei/CSL-main/FedCSL_All.py", line 1, in <module>
    from seaborn import dark_palette
  File "/home/liangzhiyu/miniconda3/lib/python3.9/site-packages/seaborn/__init__.py", line 2, in <module>
    from .rcmod import *  # noqa: F401,F403
  File "/home/liangzhiyu/miniconda3/lib/python3.9/site-packages/seaborn/rcmod.py", line 3, in <module>
    import matplotlib as mpl
  File "/home/liangzhiyu/miniconda3/lib/python3.9/site-packages/matplotlib/__init__.py", line 129, in <module>
    from . import _api, _version, cbook, _docstring, rcsetup
  File "/home/liangzhiyu/miniconda3/lib/python3.9/site-packages/matplotlib/rcsetup.py", line 27, in <module>
    from matplotlib.colors import Colormap, is_color_like
  File "/home/liangzhiyu/miniconda3/lib/python3.9/site-packages/matplotlib/colors.py", line 56, in <module>
    from matplotlib import _api, _cm, cbook, scale
  File "/home/liangzhiyu/miniconda3/lib/python3.9/site-packages/matplotlib/scale.py", line 22, in <module>
    from matplotlib.ticker import (
  File "/home/liangzhiyu/miniconda3/lib/python3.9/site-packages/matplotlib/ticker.py", line 138, in <module>
    from matplotlib import transforms as mtransforms
  File "/home/liangzhiyu/miniconda3/lib/python3.9/site-packages/matplotlib/transforms.py", line 49, in <module>
    from matplotlib._path import (
AttributeError: _ARRAY_API not found
Traceback (most recent call last):
  File "/mnt/data/user_liangzhiyu/lixiongfei/CSL-main/FedCSL_All.py", line 1, in <module>
    from seaborn import dark_palette
  File "/home/liangzhiyu/miniconda3/lib/python3.9/site-packages/seaborn/__init__.py", line 2, in <module>
    from .rcmod import *  # noqa: F401,F403
  File "/home/liangzhiyu/miniconda3/lib/python3.9/site-packages/seaborn/rcmod.py", line 3, in <module>
    import matplotlib as mpl
  File "/home/liangzhiyu/miniconda3/lib/python3.9/site-packages/matplotlib/__init__.py", line 129, in <module>
    from . import _api, _version, cbook, _docstring, rcsetup
  File "/home/liangzhiyu/miniconda3/lib/python3.9/site-packages/matplotlib/rcsetup.py", line 27, in <module>
    from matplotlib.colors import Colormap, is_color_like
  File "/home/liangzhiyu/miniconda3/lib/python3.9/site-packages/matplotlib/colors.py", line 56, in <module>
    from matplotlib import _api, _cm, cbook, scale
  File "/home/liangzhiyu/miniconda3/lib/python3.9/site-packages/matplotlib/scale.py", line 22, in <module>
    from matplotlib.ticker import (
  File "/home/liangzhiyu/miniconda3/lib/python3.9/site-packages/matplotlib/ticker.py", line 138, in <module>
    from matplotlib import transforms as mtransforms
  File "/home/liangzhiyu/miniconda3/lib/python3.9/site-packages/matplotlib/transforms.py", line 49, in <module>
    from matplotlib._path import (
ImportError: numpy.core.multiarray failed to import
Running experiment with dataset: NATOPS, config: ./result/ablation_study/config_NATOPS.yml
[0.09514033 0.10277917 0.11127909 0.12035814 0.12964186 0.13872091
 0.14722083 0.15485967]
180
<class 'pandas.core.frame.DataFrame'>
RangeIndex: 180 entries, 0 to 179
Data columns (total 25 columns):
 #   Column      Non-Null Count  Dtype 
---  ------      --------------  ----- 
 0   dim_0       180 non-null    object
 1   dim_1       180 non-null    object
 2   dim_2       180 non-null    object
 3   dim_3       180 non-null    object
 4   dim_4       180 non-null    object
 5   dim_5       180 non-null    object
 6   dim_6       180 non-null    object
 7   dim_7       180 non-null    object
 8   dim_8       180 non-null    object
 9   dim_9       180 non-null    object
 10  dim_10      180 non-null    object
 11  dim_11      180 non-null    object
 12  dim_12      180 non-null    object
 13  dim_13      180 non-null    object
 14  dim_14      180 non-null    object
 15  dim_15      180 non-null    object
 16  dim_16      180 non-null    object
 17  dim_17      180 non-null    object
 18  dim_18      180 non-null    object
 19  dim_19      180 non-null    object
 20  dim_20      180 non-null    object
 21  dim_21      180 non-null    object
 22  dim_22      180 non-null    object
 23  dim_23      180 non-null    object
 24  class_vals  180 non-null    object
dtypes: object(25)
memory usage: 35.3+ KB
None
{51}
<class 'pandas.core.frame.DataFrame'>
RangeIndex: 180 entries, 0 to 179
Data columns (total 25 columns):
 #   Column      Non-Null Count  Dtype 
---  ------      --------------  ----- 
 0   dim_0       180 non-null    object
 1   dim_1       180 non-null    object
 2   dim_2       180 non-null    object
 3   dim_3       180 non-null    object
 4   dim_4       180 non-null    object
 5   dim_5       180 non-null    object
 6   dim_6       180 non-null    object
 7   dim_7       180 non-null    object
 8   dim_8       180 non-null    object
 9   dim_9       180 non-null    object
 10  dim_10      180 non-null    object
 11  dim_11      180 non-null    object
 12  dim_12      180 non-null    object
 13  dim_13      180 non-null    object
 14  dim_14      180 non-null    object
 15  dim_15      180 non-null    object
 16  dim_16      180 non-null    object
 17  dim_17      180 non-null    object
 18  dim_18      180 non-null    object
 19  dim_19      180 non-null    object
 20  dim_20      180 non-null    object
 21  dim_21      180 non-null    object
 22  dim_22      180 non-null    object
 23  dim_23      180 non-null    object
 24  class_vals  180 non-null    object
dtypes: object(25)
memory usage: 35.3+ KB
None
[3 2 2 3 2 4 0 5 2 1 5 0 3 5 2 1 2 1 1 5 3 2 4 3 0 5 2 4 4 4 2 4 2 4 3 4 2
 0 3 5 2 3 3 5 0 5 1 0 0 5 3 0 2 2 1 0 4 0 1 4 3 4 1 4 0 5 2 0 1 0 2 3 3 2
 4 1 1 2 2 5 5 0 1 4 1 1 3 4 5 3 1 2 0 2 0 4 5 5 4 4 5 3 1 0 1 1 1 5 4 3 2
 3 0 2 4 4 4 3 2 5 2 0 2 3 0 5 1 0 5 3 0 1 4 5 5 0 5 3 5 1 0 0 0 3 0 5 5 2
 1 5 5 2 4 4 0 1 1 4 1 2 2 4 1 3 5 3 4 1 1 4 3 0 5 1 3 3 4 0 3 3]
[ 6 11 24  9 15 17  1  2  4  8 14 16 21 26 30 32 36 40 52 53 66 70 73  0
  3 12 20 23 34 38 41 42 50 60  5 22 27  7 10 13 19 25 39]
[0, 0, 0, 1, 1, 1, 2, 2, 2, 2, 2, 2, 2, 2, 2, 2, 2, 2, 2, 2, 2, 2, 2, 3, 3, 3, 3, 3, 3, 3, 3, 3, 3, 3, 4, 4, 4, 5, 5, 5, 5, 5, 5]
[0, 0, 0, 0, 0, 0, 0, 0, 0, 0, 0, 0, 0, 0, 0, 0, 0, 0, 0, 0, 0, 0, 0, 1, 1, 1, 1, 2, 2, 2, 2, 2, 2, 2, 2, 2, 2, 2, 2, 3, 3, 3, 3, 4, 5, 5, 5, 5, 5, 5, 5, 5, 5, 5, 5, 5, 5, 5]
[0, 0, 0, 0, 1, 1, 1, 1, 1, 1, 1, 1, 1, 1, 1, 1, 1, 1, 1, 1, 1, 1, 1, 1, 1, 1, 1, 2, 3, 3, 3, 3, 3, 3, 3, 3, 3, 3, 3, 3, 3, 3, 3, 4, 4, 4, 4, 4, 4, 4, 4, 4, 4, 4, 4, 4, 4, 4, 4, 4, 4, 4, 4, 4, 4, 4, 4, 4, 4, 5, 5, 5, 5, 5, 5, 5, 5, 5, 5]
shapelet initialized! 

All 3 clinet initialized! 

(43, 6)
(58, 6)
(79, 6)
[1.09524123 0.82086821 1.08389056]
Classification: 1.0 0.8055555555555556 0
(43, 6)
(58, 6)
(79, 6)
[0.97046718 0.88064642 1.1488864 ]
Classification: 1.0 0.8111111111111111 1
(43, 6)
(58, 6)
(79, 6)
[0.98908731 0.88485325 1.12605944]
Classification: 1.0 0.8111111111111111 2
(43, 6)
(58, 6)
(79, 6)
[0.99558062 0.91598885 1.08843053]
Classification: 1.0 0.8111111111111111 3
(43, 6)
(58, 6)
(79, 6)
[0.94046126 0.93303307 1.12650567]
Classification: 1.0 0.8111111111111111 4
(43, 6)
(58, 6)
(79, 6)
[0.96496164 0.86374286 1.17129551]
Classification: 1.0 0.8166666666666667 5
(43, 6)
(58, 6)
(79, 6)
[0.97998623 0.85413427 1.1658795 ]
Classification: 1.0 0.8166666666666667 6
(43, 6)
(58, 6)
(79, 6)
[1.00261821 0.78922294 1.20815885]
Classification: 1.0 0.8166666666666667 7
(43, 6)
(58, 6)
(79, 6)
[0.96343022 0.84713877 1.189431  ]
Classification: 1.0 0.8166666666666667 8
(43, 6)
(58, 6)
(79, 6)
[1.03938082 0.78705673 1.17356245]
Classification: 1.0 0.8111111111111111 9
(43, 6)
(58, 6)
(79, 6)
[0.95399218 0.83907804 1.20692977]
Classification: 1.0 0.8055555555555556 10
(43, 6)
(58, 6)
(79, 6)
[0.97901435 0.79712807 1.22385757]
Classification: 1.0 0.8111111111111111 11
(43, 6)
(58, 6)
(79, 6)
[1.01637222 0.78882661 1.19480117]
Classification: 1.0 0.8111111111111111 12
(43, 6)
(58, 6)
(79, 6)
[0.95697254 0.88008341 1.16294405]
Classification: 1.0 0.8111111111111111 13
(43, 6)
(58, 6)
(79, 6)
[1.01860685 0.81428671 1.16710643]
Classification: 1.0 0.8111111111111111 14
(43, 6)
(58, 6)
(79, 6)
[1.01611389 0.78364685 1.20023926]
Classification: 1.0 0.8111111111111111 15
(43, 6)
(58, 6)
(79, 6)
[0.94366285 0.86807286 1.18826429]
Classification: 1.0 0.8111111111111111 16
(43, 6)
(58, 6)
(79, 6)
[0.93833893 0.87997048 1.18169059]
Classification: 1.0 0.8055555555555556 17
(43, 6)
(58, 6)
(79, 6)
[0.99218598 0.83076724 1.17704678]
Classification: 1.0 0.8111111111111111 18
(43, 6)
(58, 6)
(79, 6)
[0.91300396 0.85619121 1.23080483]
Classification: 1.0 0.8055555555555556 19
(43, 6)
(58, 6)
(79, 6)
[0.93993743 0.9028861  1.15717647]
Classification: 1.0 0.8 20
(43, 6)
(58, 6)
(79, 6)
[0.93809    0.8824488  1.17946119]
Classification: 1.0 0.8055555555555556 21
(43, 6)
(58, 6)
(79, 6)
[0.93682231 0.8495297  1.21364799]
Classification: 1.0 0.8055555555555556 22
(43, 6)
(58, 6)
(79, 6)
[0.99515479 0.83756431 1.1672809 ]
Classification: 1.0 0.8166666666666667 23
(43, 6)
(58, 6)
(79, 6)
[0.92170039 0.91496153 1.16333808]
Classification: 1.0 0.8111111111111111 24
(43, 6)
(58, 6)
(79, 6)
[0.92959509 0.86286911 1.2075358 ]
Classification: 1.0 0.8055555555555556 25
(43, 6)
(58, 6)
(79, 6)
[1.00268553 0.88423921 1.11307526]
Classification: 1.0 0.8166666666666667 26
(43, 6)
(58, 6)
(79, 6)
[0.98746562 0.85880915 1.15372523]
Classification: 1.0 0.8111111111111111 27
(43, 6)
(58, 6)
(79, 6)
[1.00523153 0.8560473  1.13872117]
Classification: 1.0 0.8166666666666667 28
(43, 6)
(58, 6)
(79, 6)
[0.98003311 0.93693245 1.08303445]
Classification: 1.0 0.8166666666666667 29
(43, 6)
(58, 6)
(79, 6)
[0.99920832 0.91657453 1.08421715]
Classification: 1.0 0.8277777777777777 30
(43, 6)
(58, 6)
(79, 6)
[0.97462462 0.92924319 1.09613219]
Classification: 1.0 0.8222222222222222 31
(43, 6)
(58, 6)
(79, 6)
[0.96255772 0.9588201  1.07862219]
Classification: 1.0 0.8277777777777777 32
(43, 6)
(58, 6)
(79, 6)
[1.05293462 0.8808884  1.06617698]
Classification: 1.0 0.8277777777777777 33
(43, 6)
(58, 6)
(79, 6)
[1.01784912 0.92654156 1.05560933]
Classification: 1.0 0.8277777777777777 34
(43, 6)
(58, 6)
(79, 6)
[0.97485238 0.8877773  1.13737032]
Classification: 1.0 0.8277777777777777 35
(43, 6)
(58, 6)
(79, 6)
[0.96427102 0.87772974 1.15799924]
Classification: 1.0 0.8277777777777777 36
(43, 6)
(58, 6)
(79, 6)
[0.97416008 0.95037987 1.07546005]
Classification: 1.0 0.8277777777777777 37
(43, 6)
(58, 6)
(79, 6)
[1.03663416 0.89452195 1.06884389]
Classification: 1.0 0.8277777777777777 38
(43, 6)
(58, 6)
(79, 6)
[1.0378752  0.90802304 1.05410176]
Classification: 1.0 0.8277777777777777 39
(43, 6)
(58, 6)
(79, 6)
[1.01595575 0.92901869 1.05502556]
Classification: 1.0 0.8277777777777777 40
(43, 6)
(58, 6)
(79, 6)
[1.03359393 0.94873008 1.01767599]
Classification: 1.0 0.8277777777777777 41
(43, 6)
(58, 6)
(79, 6)
[1.09396688 0.88918395 1.01684917]
Classification: 1.0 0.8277777777777777 42
(43, 6)
(58, 6)
(79, 6)
[1.00820116 0.97506005 1.01673878]
Classification: 1.0 0.8277777777777777 43
(43, 6)
(58, 6)
(79, 6)
[1.09528815 0.87378675 1.0309251 ]
Classification: 1.0 0.8277777777777777 44
(43, 6)
(58, 6)
(79, 6)
[1.04052097 0.91888129 1.04059775]
Classification: 1.0 0.8277777777777777 45
(43, 6)
(58, 6)
(79, 6)
[0.97370618 1.01468498 1.01160884]
Classification: 1.0 0.8277777777777777 46
(43, 6)
(58, 6)
(79, 6)
[1.03292309 0.93417284 1.03290407]
Classification: 1.0 0.8277777777777777 47
(43, 6)
(58, 6)
(79, 6)
[1.02077072 0.94207659 1.03715269]
Classification: 1.0 0.8277777777777777 48
(43, 6)
(58, 6)
(79, 6)
[1.02139192 0.99565062 0.98295746]
Classification: 1.0 0.8277777777777777 49
(43, 6)
(58, 6)
(79, 6)
[0.99038445 0.98317052 1.02644503]
Classification: 1.0 0.8277777777777777 50
(43, 6)
(58, 6)
(79, 6)
[1.04361477 0.91768313 1.0387021 ]
Classification: 1.0 0.8277777777777777 51
(43, 6)
(58, 6)
(79, 6)
[1.00121422 0.96052404 1.03826173]
Classification: 1.0 0.8277777777777777 52
(43, 6)
(58, 6)
(79, 6)
[0.97921284 0.99778228 1.02300488]
Classification: 1.0 0.8277777777777777 53
(43, 6)
(58, 6)
(79, 6)
[0.99593116 0.96218349 1.04188535]
Classification: 1.0 0.8277777777777777 54
(43, 6)
(58, 6)
(79, 6)
[1.04547602 0.94877049 1.00575349]
Classification: 1.0 0.8277777777777777 55
(43, 6)
(58, 6)
(79, 6)
[0.90464752 1.00420793 1.09114454]
Classification: 1.0 0.8277777777777777 56
(43, 6)
(58, 6)
(79, 6)
[0.96692252 1.01900047 1.01407701]
Classification: 1.0 0.8277777777777777 57
(43, 6)
(58, 6)
(79, 6)
[1.0237041  0.97242798 1.00386792]
Classification: 1.0 0.8277777777777777 58
(43, 6)
(58, 6)
(79, 6)
[0.93871244 1.03048812 1.03079943]
Classification: 1.0 0.8277777777777777 59
(43, 6)
(58, 6)
(79, 6)
[0.94852409 1.01623545 1.03524046]
Classification: 1.0 0.8277777777777777 60
(43, 6)
(58, 6)
(79, 6)
[0.93596017 1.07356546 0.99047437]
Classification: 1.0 0.8277777777777777 61
(43, 6)
(58, 6)
(79, 6)
[0.90014003 1.06184056 1.03801942]
Classification: 1.0 0.8277777777777777 62
(43, 6)
(58, 6)
(79, 6)
[0.96930499 1.06008646 0.97060855]
Classification: 1.0 0.8277777777777777 63
(43, 6)
(58, 6)
(79, 6)
[0.91778297 1.06744449 1.01477254]
Classification: 1.0 0.8277777777777777 64
(43, 6)
(58, 6)
(79, 6)
[0.91932272 1.05821197 1.02246531]
Classification: 1.0 0.8277777777777777 65
(43, 6)
(58, 6)
(79, 6)
[0.91612805 1.10116045 0.9827115 ]
Classification: 1.0 0.8277777777777777 66
(43, 6)
(58, 6)
(79, 6)
[0.88412609 1.09417836 1.02169555]
Classification: 1.0 0.8277777777777777 67
(43, 6)
(58, 6)
(79, 6)
[0.83410597 1.12100939 1.04488464]
Classification: 1.0 0.8277777777777777 68
(43, 6)
(58, 6)
(79, 6)
[0.93917163 1.0596838  1.00114457]
Classification: 1.0 0.8277777777777777 69
(43, 6)
(58, 6)
(79, 6)
[0.89939921 1.11874283 0.98185796]
Classification: 1.0 0.8277777777777777 70
(43, 6)
(58, 6)
(79, 6)
[0.87230732 1.15904859 0.96864409]
Classification: 1.0 0.8277777777777777 71
(43, 6)
(58, 6)
(79, 6)
[0.86932689 1.06567405 1.06499907]
Classification: 1.0 0.8277777777777777 72
(43, 6)
(58, 6)
(79, 6)
[0.90208284 1.09444733 1.00346984]
Classification: 1.0 0.8277777777777777 73
(43, 6)
(58, 6)
(79, 6)
[0.88434821 1.08160686 1.03404493]
Classification: 1.0 0.8277777777777777 74
(43, 6)
(58, 6)
(79, 6)
[0.82280823 1.15920168 1.01799009]
Classification: 1.0 0.8277777777777777 75
(43, 6)
(58, 6)
(79, 6)
[0.84784538 1.18057425 0.97158038]
Classification: 1.0 0.8277777777777777 76
(43, 6)
(58, 6)
(79, 6)
[0.85583132 1.14717364 0.99699503]
Classification: 1.0 0.8277777777777777 77
(43, 6)
(58, 6)
(79, 6)
[0.89077455 1.09454295 1.01468249]
Classification: 1.0 0.8277777777777777 78
(43, 6)
(58, 6)
(79, 6)
[0.82188702 1.09720142 1.08091156]
Classification: 1.0 0.8277777777777777 79
(43, 6)
(58, 6)
(79, 6)
[0.85915962 1.12568858 1.01515181]
Classification: 1.0 0.8277777777777777 80
(43, 6)
(58, 6)
(79, 6)
[0.87737698 1.15036778 0.97225524]
Classification: 1.0 0.8277777777777777 81
(43, 6)
(58, 6)
(79, 6)
[0.89398431 1.08420235 1.02181334]
Classification: 1.0 0.8277777777777777 82
(43, 6)
(58, 6)
(79, 6)
[0.84280728 1.13201636 1.02517636]
Classification: 1.0 0.8277777777777777 83
(43, 6)
(58, 6)
(79, 6)
[0.90607755 1.13635978 0.95756266]
Classification: 1.0 0.8277777777777777 84
(43, 6)
(58, 6)
(79, 6)
[0.89114208 1.13309677 0.97576116]
Classification: 1.0 0.8277777777777777 85
(43, 6)
(58, 6)
(79, 6)
[0.8428096  1.16781069 0.98937971]
Classification: 1.0 0.8277777777777777 86
(43, 6)
(58, 6)
(79, 6)
[0.87238568 1.14714517 0.98046915]
Classification: 1.0 0.8277777777777777 87
(43, 6)
(58, 6)
(79, 6)
[0.86771952 1.14999297 0.98228751]
Classification: 1.0 0.8277777777777777 88
(43, 6)
(58, 6)
(79, 6)
[0.83491169 1.13848254 1.02660578]
Classification: 1.0 0.8277777777777777 89
(43, 6)
(58, 6)
(79, 6)
[0.83367862 1.16467039 1.00165098]
Classification: 1.0 0.8277777777777777 90
(43, 6)
(58, 6)
(79, 6)
[0.85084375 1.15707911 0.99207715]
Classification: 1.0 0.8277777777777777 91
(43, 6)
(58, 6)
(79, 6)
[0.78815832 1.20683665 1.00500503]
Classification: 1.0 0.8277777777777777 92
(43, 6)
(58, 6)
(79, 6)
[0.82201249 1.21966081 0.9583267 ]
Classification: 1.0 0.8277777777777777 93
(43, 6)
(58, 6)
(79, 6)
[0.82604355 1.17691908 0.99703737]
Classification: 1.0 0.8277777777777777 94
(43, 6)
(58, 6)
(79, 6)
[0.80548043 1.19662723 0.99789233]
Classification: 1.0 0.8277777777777777 95
(43, 6)
(58, 6)
(79, 6)
[0.7920396  1.24982775 0.95813265]
Classification: 1.0 0.8277777777777777 96
(43, 6)
(58, 6)
(79, 6)
[0.80225718 1.19003478 1.00770804]
Classification: 1.0 0.8277777777777777 97
(43, 6)
(58, 6)
(79, 6)
[0.774271   1.24301373 0.98271528]
Classification: 1.0 0.8277777777777777 98
(43, 6)
(58, 6)
(79, 6)
[0.82538139 1.20544555 0.96917306]
Classification: 1.0 0.8277777777777777 99
(43, 6)
(58, 6)
(79, 6)
[0.76063294 1.27190798 0.96745908]
Classification: 1.0 0.8222222222222222 100
(43, 6)
(58, 6)
(79, 6)
[0.75027884 1.30223387 0.94748729]
Classification: 1.0 0.8277777777777777 101
(43, 6)
(58, 6)
(79, 6)
[0.74765251 1.25857245 0.99377505]
Classification: 1.0 0.8277777777777777 102
(43, 6)
(58, 6)
(79, 6)
[0.76370813 1.2537759  0.98251597]
Classification: 1.0 0.8222222222222222 103
(43, 6)
(58, 6)
(79, 6)
[0.73843902 1.2700465  0.99151448]
Classification: 1.0 0.8277777777777777 104
(43, 6)
(58, 6)
(79, 6)
[0.76721977 1.26099067 0.97178957]
Classification: 1.0 0.8277777777777777 105
(43, 6)
(58, 6)
(79, 6)
[0.74888344 1.29842638 0.95269018]
Classification: 1.0 0.8277777777777777 106
(43, 6)
(58, 6)
(79, 6)
[0.71070483 1.3463933  0.94290187]
Classification: 1.0 0.8277777777777777 107
(43, 6)
(58, 6)
(79, 6)
[0.74560187 1.33084889 0.92354923]
Classification: 1.0 0.8277777777777777 108
(43, 6)
(58, 6)
(79, 6)
[0.73489964 1.35404227 0.91105809]
Classification: 1.0 0.8277777777777777 109
(43, 6)
(58, 6)
(79, 6)
[0.76795824 1.27703979 0.95500197]
Classification: 1.0 0.8222222222222222 110
(43, 6)
(58, 6)
(79, 6)
[0.76294458 1.3132731  0.92378232]
Classification: 1.0 0.8222222222222222 111
(43, 6)
(58, 6)
(79, 6)
[0.72912888 1.30910195 0.96176917]
Classification: 1.0 0.8222222222222222 112
(43, 6)
(58, 6)
(79, 6)
[0.76368682 1.23562628 1.0006869 ]
Classification: 1.0 0.8333333333333334 113
(43, 6)
(58, 6)
(79, 6)
[0.76500123 1.24672247 0.9882763 ]
Classification: 1.0 0.8222222222222222 114
(43, 6)
(58, 6)
(79, 6)
[0.71970871 1.27360057 1.00669072]
Classification: 1.0 0.8277777777777777 115
(43, 6)
(58, 6)
(79, 6)
[0.75958124 1.26651276 0.97390601]
Classification: 1.0 0.8333333333333334 116
(43, 6)
(58, 6)
(79, 6)
[0.76715536 1.2135649  1.01927975]
Classification: 1.0 0.8333333333333334 117
(43, 6)
(58, 6)
(79, 6)
[0.71348904 1.28569539 1.00081557]
Classification: 1.0 0.8277777777777777 118
(43, 6)
(58, 6)
(79, 6)
[0.73355653 1.26642857 1.0000149 ]
Classification: 1.0 0.8277777777777777 119
(43, 6)
(58, 6)
(79, 6)
[0.72465464 1.37813021 0.89721515]
Classification: 1.0 0.8277777777777777 120
(43, 6)
(58, 6)
(79, 6)
[0.69326227 1.32234122 0.98439651]
Classification: 1.0 0.8277777777777777 121
(43, 6)
(58, 6)
(79, 6)
[0.77989862 1.28912636 0.93097502]
Classification: 1.0 0.8277777777777777 122
(43, 6)
(58, 6)
(79, 6)
[0.75015517 1.29332828 0.95651655]
Classification: 1.0 0.8277777777777777 123
(43, 6)
(58, 6)
(79, 6)
[0.72875501 1.32369397 0.94755102]
Classification: 1.0 0.8277777777777777 124
(43, 6)
(58, 6)
(79, 6)
[0.73036511 1.32396487 0.94567002]
Classification: 1.0 0.8277777777777777 125
/mnt/data/user_liangzhiyu/envs/fedcsl/lib/python3.8/site-packages/scipy/__init__.py:146: UserWarning: A NumPy version >=1.16.5 and <1.23.0 is required for this version of SciPy (detected version 1.23.5
  warnings.warn(f"A NumPy version >={np_minversion} and <{np_maxversion}"
/mnt/data/user_liangzhiyu/envs/fedcsl/lib/python3.8/site-packages/tslearn/bases/bases.py:15: UserWarning: h5py not installed, hdf5 features will not be supported.
Install h5py to use hdf5 features: http://docs.h5py.org/
  warn(h5py_msg)
/mnt/data/user_liangzhiyu/lixiongfei/CSL-main/train.py:392: UserWarning: Creating a tensor from a list of numpy.ndarrays is extremely slow. Please consider converting the list to a single numpy.ndarray with numpy.array() before converting to a tensor. (Triggered internally at /opt/conda/conda-bld/pytorch_1724789259345/work/torch/csrc/utils/tensor_new.cpp:278.)
  X = torch.tensor(X, dtype=torch.float).contiguous()
(43, 6)
(58, 6)
(79, 6)
[0.72514934 1.23684583 1.03800484]
Classification: 1.0 0.8277777777777777 126
(43, 6)
(58, 6)
(79, 6)
[0.79196051 1.2294697  0.97856979]
Classification: 1.0 0.8277777777777777 127
(43, 6)
(58, 6)
(79, 6)
[0.75188929 1.24773768 1.00037303]
Classification: 1.0 0.8277777777777777 128
(43, 6)
(58, 6)
(79, 6)
[0.75055707 1.27853857 0.97090437]
Classification: 1.0 0.8277777777777777 129
(43, 6)
(58, 6)
(79, 6)
[0.69063414 1.30025103 1.00911482]
Classification: 1.0 0.8277777777777777 130
(43, 6)
(58, 6)
(79, 6)
[0.75324962 1.2636801  0.98307027]
Classification: 1.0 0.8277777777777777 131
(43, 6)
(58, 6)
(79, 6)
[0.75132963 1.27035715 0.97831321]
Classification: 1.0 0.8277777777777777 132
(43, 6)
(58, 6)
(79, 6)
[0.75301552 1.27031431 0.97667017]
Classification: 1.0 0.8277777777777777 133
(43, 6)
(58, 6)
(79, 6)
[0.70226523 1.28016168 1.01757309]
Classification: 1.0 0.8222222222222222 134
(43, 6)
(58, 6)
(79, 6)
[0.69435296 1.30090143 1.00474561]
Classification: 1.0 0.8277777777777777 135
(43, 6)
(58, 6)
(79, 6)
[0.70846494 1.31437696 0.9771581 ]
Classification: 1.0 0.8277777777777777 136
(43, 6)
(58, 6)
(79, 6)
[0.7158087  1.31844577 0.96574554]
Classification: 1.0 0.8277777777777777 137
(43, 6)
(58, 6)
(79, 6)
[0.71480742 1.26652205 1.01867053]
Classification: 1.0 0.8277777777777777 138
(43, 6)
(58, 6)
(79, 6)
[0.71476466 1.23495989 1.05027545]
Classification: 1.0 0.8277777777777777 139
(43, 6)
(58, 6)
(79, 6)
[0.73675988 1.25563636 1.00760377]
Classification: 1.0 0.8277777777777777 140
(43, 6)
(58, 6)
(79, 6)
[0.73280912 1.27935155 0.98783933]
Classification: 1.0 0.8277777777777777 141
(43, 6)
(58, 6)
(79, 6)
[0.79998659 1.24110775 0.95890567]
Classification: 1.0 0.8277777777777777 142
(43, 6)
(58, 6)
(79, 6)
[0.76439077 1.26659847 0.96901076]
Classification: 1.0 0.8277777777777777 143
(43, 6)
(58, 6)
(79, 6)
[0.73578746 1.27487107 0.98934147]
Classification: 1.0 0.8277777777777777 144
(43, 6)
(58, 6)
(79, 6)
[0.77374423 1.22461897 1.00163679]
Classification: 1.0 0.8277777777777777 145
(43, 6)
(58, 6)
(79, 6)
[0.80960676 1.17682082 1.01357241]
Classification: 1.0 0.8277777777777777 146
(43, 6)
(58, 6)
(79, 6)
[0.77096313 1.24310608 0.98593079]
Classification: 1.0 0.8277777777777777 147
(43, 6)
(58, 6)
(79, 6)
[0.75618051 1.26499543 0.97882406]
Classification: 1.0 0.8277777777777777 148
(43, 6)
(58, 6)
(79, 6)
[0.76124235 1.23087503 1.00788261]
Classification: 1.0 0.8277777777777777 149
(43, 6)
(58, 6)
(79, 6)
[0.80817115 1.23720373 0.95462512]
Classification: 1.0 0.8277777777777777 150
(43, 6)
(58, 6)
(79, 6)
[0.77270489 1.19592836 1.03136675]
Classification: 1.0 0.8277777777777777 151
(43, 6)
(58, 6)
(79, 6)
[0.85479391 1.17267999 0.9725261 ]
Classification: 1.0 0.8222222222222222 152
(43, 6)
(58, 6)
(79, 6)
[0.84928373 1.16268219 0.98803409]
Classification: 1.0 0.8222222222222222 153
(43, 6)
(58, 6)
(79, 6)
[0.80336728 1.23115212 0.9654806 ]
Classification: 1.0 0.8277777777777777 154
(43, 6)
(58, 6)
(79, 6)
[0.82749489 1.16448381 1.0080213 ]
Classification: 1.0 0.8222222222222222 155
(43, 6)
(58, 6)
(79, 6)
[0.75755695 1.2645945  0.97784855]
Classification: 1.0 0.8222222222222222 156
(43, 6)
(58, 6)
(79, 6)
[0.78913683 1.17402353 1.03683964]
Classification: 1.0 0.8222222222222222 157
(43, 6)
(58, 6)
(79, 6)
[0.82096571 1.20775433 0.97127996]
Classification: 1.0 0.8277777777777777 158
(43, 6)
(58, 6)
(79, 6)
[0.75142297 1.26792489 0.98065215]
Classification: 1.0 0.8277777777777777 159
(43, 6)
(58, 6)
(79, 6)
[0.73731961 1.26593379 0.9967466 ]
Classification: 1.0 0.8277777777777777 160
(43, 6)
(58, 6)
(79, 6)
[0.75216079 1.21834242 1.02949679]
Classification: 1.0 0.8277777777777777 161
Traceback (most recent call last):
  File "FedCSL_All.py", line 341, in <module>
  File "FedCSL_All.py", line 254, in train
    losses = c.train(X_fed[idx], epochs=numEpoch, batch_size=batch_size, epoch_idx=-1,lr=lr)
  File "/mnt/data/user_liangzhiyu/lixiongfei/CSL-main/train.py", line 462, in train
    current_loss_ce, C_accu_q, c_normalising_factor_q, C_accu_k, c_normalising_factor_k = self.update_CL(x, C_accu_q, c_normalising_factor_q, C_accu_k, 
  File "/mnt/data/user_liangzhiyu/lixiongfei/CSL-main/train.py", line 215, in update_CL
    loss += direct_kl_loss(q,q_g)*0.5 + direct_kl_loss(k,k_g) *0.5
  File "/mnt/data/user_liangzhiyu/lixiongfei/CSL-main/utils.py", line 257, in direct_kl_loss
    kl_loss = F.kl_div(log_prob_x1, prob_x2, reduction="batchmean")
  File "/mnt/data/user_liangzhiyu/envs/fedcsl/lib/python3.8/site-packages/torch/nn/functional.py", line 3006, in kl_div
    reduced = torch.kl_div(input, target, reduction_enum, log_target=log_target)
  File "/mnt/data/user_liangzhiyu/envs/fedcsl/lib/python3.8/site-packages/torch/fx/traceback.py", line 72, in format_stack
    return traceback.format_list(traceback.extract_stack()[:-1])
  File "/mnt/data/user_liangzhiyu/envs/fedcsl/lib/python3.8/traceback.py", line 211, in extract_stack
    stack = StackSummary.extract(walk_stack(f), limit=limit)
  File "/mnt/data/user_liangzhiyu/envs/fedcsl/lib/python3.8/traceback.py", line 362, in extract
    linecache.checkcache(filename)
  File "/mnt/data/user_liangzhiyu/envs/fedcsl/lib/python3.8/linecache.py", line 74, in checkcache
    stat = os.stat(fullname)
KeyboardInterrupt
Running experiment with dataset: NATOPS, config: ./result/ablation_study/config_NATOPS.yml
[0.09514033 0.10277917 0.11127909 0.12035814 0.12964186 0.13872091
 0.14722083 0.15485967]
180
<class 'pandas.core.frame.DataFrame'>
RangeIndex: 180 entries, 0 to 179
Data columns (total 25 columns):
 #   Column      Non-Null Count  Dtype 
---  ------      --------------  ----- 
 0   dim_0       180 non-null    object
 1   dim_1       180 non-null    object
 2   dim_2       180 non-null    object
 3   dim_3       180 non-null    object
 4   dim_4       180 non-null    object
 5   dim_5       180 non-null    object
 6   dim_6       180 non-null    object
 7   dim_7       180 non-null    object
 8   dim_8       180 non-null    object
 9   dim_9       180 non-null    object
 10  dim_10      180 non-null    object
 11  dim_11      180 non-null    object
 12  dim_12      180 non-null    object
 13  dim_13      180 non-null    object
 14  dim_14      180 non-null    object
 15  dim_15      180 non-null    object
 16  dim_16      180 non-null    object
 17  dim_17      180 non-null    object
 18  dim_18      180 non-null    object
 19  dim_19      180 non-null    object
 20  dim_20      180 non-null    object
 21  dim_21      180 non-null    object
 22  dim_22      180 non-null    object
 23  dim_23      180 non-null    object
 24  class_vals  180 non-null    object
dtypes: object(25)
memory usage: 35.3+ KB
None
{51}
<class 'pandas.core.frame.DataFrame'>
RangeIndex: 180 entries, 0 to 179
Data columns (total 25 columns):
 #   Column      Non-Null Count  Dtype 
---  ------      --------------  ----- 
 0   dim_0       180 non-null    object
 1   dim_1       180 non-null    object
 2   dim_2       180 non-null    object
 3   dim_3       180 non-null    object
 4   dim_4       180 non-null    object
 5   dim_5       180 non-null    object
 6   dim_6       180 non-null    object
 7   dim_7       180 non-null    object
 8   dim_8       180 non-null    object
 9   dim_9       180 non-null    object
 10  dim_10      180 non-null    object
 11  dim_11      180 non-null    object
 12  dim_12      180 non-null    object
 13  dim_13      180 non-null    object
 14  dim_14      180 non-null    object
 15  dim_15      180 non-null    object
 16  dim_16      180 non-null    object
 17  dim_17      180 non-null    object
 18  dim_18      180 non-null    object
 19  dim_19      180 non-null    object
 20  dim_20      180 non-null    object
 21  dim_21      180 non-null    object
 22  dim_22      180 non-null    object
 23  dim_23      180 non-null    object
 24  class_vals  180 non-null    object
dtypes: object(25)
memory usage: 35.3+ KB
None
[3 2 2 3 2 4 0 5 2 1 5 0 3 5 2 1 2 1 1 5 3 2 4 3 0 5 2 4 4 4 2 4 2 4 3 4 2
 0 3 5 2 3 3 5 0 5 1 0 0 5 3 0 2 2 1 0 4 0 1 4 3 4 1 4 0 5 2 0 1 0 2 3 3 2
 4 1 1 2 2 5 5 0 1 4 1 1 3 4 5 3 1 2 0 2 0 4 5 5 4 4 5 3 1 0 1 1 1 5 4 3 2
 3 0 2 4 4 4 3 2 5 2 0 2 3 0 5 1 0 5 3 0 1 4 5 5 0 5 3 5 1 0 0 0 3 0 5 5 2
 1 5 5 2 4 4 0 1 1 4 1 2 2 4 1 3 5 3 4 1 1 4 3 0 5 1 3 3 4 0 3 3]
[ 6 11 24  9 15 17  1  2  4  8 14 16 21 26 30 32 36 40 52 53 66 70 73  0
  3 12 20 23 34 38 41 42 50 60  5 22 27  7 10 13 19 25 39]
[0, 0, 0, 1, 1, 1, 2, 2, 2, 2, 2, 2, 2, 2, 2, 2, 2, 2, 2, 2, 2, 2, 2, 3, 3, 3, 3, 3, 3, 3, 3, 3, 3, 3, 4, 4, 4, 5, 5, 5, 5, 5, 5]
[0, 0, 0, 0, 0, 0, 0, 0, 0, 0, 0, 0, 0, 0, 0, 0, 0, 0, 0, 0, 0, 0, 0, 1, 1, 1, 1, 2, 2, 2, 2, 2, 2, 2, 2, 2, 2, 2, 2, 3, 3, 3, 3, 4, 5, 5, 5, 5, 5, 5, 5, 5, 5, 5, 5, 5, 5, 5]
[0, 0, 0, 0, 1, 1, 1, 1, 1, 1, 1, 1, 1, 1, 1, 1, 1, 1, 1, 1, 1, 1, 1, 1, 1, 1, 1, 2, 3, 3, 3, 3, 3, 3, 3, 3, 3, 3, 3, 3, 3, 3, 3, 4, 4, 4, 4, 4, 4, 4, 4, 4, 4, 4, 4, 4, 4, 4, 4, 4, 4, 4, 4, 4, 4, 4, 4, 4, 4, 5, 5, 5, 5, 5, 5, 5, 5, 5, 5]
shapelet initialized! 

All 3 clinet initialized! 

(43, 6)
(58, 6)
(79, 6)
[1.07465761 0.83087264 1.09446975]
Classification: 1.0 0.8055555555555556 0
(43, 6)
(58, 6)
(79, 6)
[1.04428386 0.80529838 1.15041776]
Classification: 1.0 0.8 1
(43, 6)
(58, 6)
(79, 6)
[1.00415408 0.89701944 1.09882648]
Classification: 1.0 0.8055555555555556 2
(43, 6)
(58, 6)
(79, 6)
[0.92512024 0.85066132 1.22421845]
Classification: 1.0 0.8055555555555556 3
(43, 6)
(58, 6)
(79, 6)
[0.94604999 0.91026313 1.14368687]
Classification: 1.0 0.8055555555555556 4
(43, 6)
(58, 6)
(79, 6)
[0.96424167 0.77744359 1.25831474]
Classification: 1.0 0.8055555555555556 5
(43, 6)
(58, 6)
(79, 6)
[0.90725855 0.84018794 1.25255351]
Classification: 1.0 0.8055555555555556 6
(43, 6)
(58, 6)
(79, 6)
[0.92813249 0.78459391 1.28727361]
Classification: 1.0 0.8055555555555556 7
(43, 6)
(58, 6)
(79, 6)
[0.91189743 0.83860551 1.24949706]
Classification: 1.0 0.8222222222222222 8
(43, 6)
(58, 6)
(79, 6)
[0.8676424  0.82296378 1.30939382]
Classification: 1.0 0.8222222222222222 9
(43, 6)
(58, 6)
(79, 6)
[0.86045363 0.83146379 1.30808258]
Classification: 1.0 0.8222222222222222 10
(43, 6)
(58, 6)
(79, 6)
[0.81961375 0.74880656 1.43157969]
Classification: 1.0 0.8222222222222222 11
(43, 6)
(58, 6)
(79, 6)
[0.83120523 0.79629023 1.37250454]
Classification: 1.0 0.8277777777777777 12
(43, 6)
(58, 6)
(79, 6)
[0.7067252  0.99666548 1.29660932]
Classification: 1.0 0.8277777777777777 13
(43, 6)
(58, 6)
(79, 6)
[0.79838668 0.87103777 1.33057555]
Classification: 1.0 0.8277777777777777 14
(43, 6)
(58, 6)
(79, 6)
[0.7257515  1.00788921 1.26635929]
Classification: 1.0 0.8333333333333334 15
(43, 6)
(58, 6)
(79, 6)
[0.77692644 0.93264821 1.29042535]
Classification: 1.0 0.8277777777777777 16
(43, 6)
(58, 6)
(79, 6)
[0.74272311 0.97062823 1.28664867]
Classification: 1.0 0.8333333333333334 17
(43, 6)
(58, 6)
(79, 6)
[0.81962792 0.9639887  1.21638337]
Classification: 1.0 0.8277777777777777 18
(43, 6)
(58, 6)
(79, 6)
[0.84861602 0.99042915 1.16095484]
Classification: 1.0 0.8277777777777777 19
(43, 6)
(58, 6)
(79, 6)
[0.78304186 0.95339051 1.26356763]
Classification: 1.0 0.8333333333333334 20
(43, 6)
(58, 6)
(79, 6)
[0.90068581 0.93079784 1.16851635]
Classification: 1.0 0.8333333333333334 21
(43, 6)
(58, 6)
(79, 6)
[0.98943036 0.87912484 1.1314448 ]
Classification: 1.0 0.8277777777777777 22
(43, 6)
(58, 6)
(79, 6)
[0.97317627 0.90916406 1.11765967]
Classification: 1.0 0.8277777777777777 23
(43, 6)
(58, 6)
(79, 6)
[0.89789192 0.9833817  1.11872638]
Classification: 1.0 0.8277777777777777 24
(43, 6)
(58, 6)
(79, 6)
[0.87408836 0.90487662 1.22103502]
Classification: 1.0 0.8277777777777777 25
(43, 6)
(58, 6)
(79, 6)
[0.88186473 0.97586811 1.14226716]
Classification: 1.0 0.8277777777777777 26
(43, 6)
(58, 6)
(79, 6)
[0.9267453  0.95519371 1.11806099]
Classification: 1.0 0.8277777777777777 27
(43, 6)
(58, 6)
(79, 6)
[0.86247207 0.89320913 1.2443188 ]
Classification: 1.0 0.8333333333333334 28
(43, 6)
(58, 6)
(79, 6)
[0.91519548 0.95835639 1.12644813]
Classification: 1.0 0.8277777777777777 29
(43, 6)
(58, 6)
(79, 6)
[0.91093875 0.97250507 1.11655617]
Classification: 1.0 0.8277777777777777 30
(43, 6)
(58, 6)
(79, 6)
[0.90340015 0.9723119  1.12428795]
Classification: 1.0 0.8333333333333334 31
(43, 6)
(58, 6)
(79, 6)
[0.85975597 1.01572138 1.12452265]
Classification: 1.0 0.8333333333333334 32
(43, 6)
(58, 6)
(79, 6)
[0.91174933 0.93564808 1.15260259]
Classification: 1.0 0.8333333333333334 33
(43, 6)
(58, 6)
(79, 6)
[0.88424488 0.95467958 1.16107553]
Classification: 1.0 0.8333333333333334 34
(43, 6)
(58, 6)
(79, 6)
[0.88052779 0.96973591 1.14973631]
Classification: 1.0 0.8333333333333334 35
(43, 6)
(58, 6)
(79, 6)
[0.88220459 0.94707093 1.17072448]
Classification: 1.0 0.8333333333333334 36
(43, 6)
(58, 6)
(79, 6)
[0.89316551 1.05024339 1.0565911 ]
Classification: 1.0 0.8388888888888889 37
(43, 6)
(58, 6)
(79, 6)
[0.90175596 1.01582961 1.08241443]
Classification: 1.0 0.8333333333333334 38
(43, 6)
(58, 6)
(79, 6)
[0.9013201  1.06381013 1.03486977]
Classification: 1.0 0.8388888888888889 39
(43, 6)
(58, 6)
(79, 6)
[0.94274679 1.06232379 0.99492942]
Classification: 1.0 0.8388888888888889 40
(43, 6)
(58, 6)
(79, 6)
[0.93776641 1.07107134 0.99116225]
Classification: 1.0 0.8444444444444444 41
(43, 6)
(58, 6)
(79, 6)
[0.97246634 1.04270317 0.98483049]
Classification: 1.0 0.8388888888888889 42
(43, 6)
(58, 6)
(79, 6)
[0.98744901 1.05667385 0.95587714]
Classification: 1.0 0.8388888888888889 43
(43, 6)
(58, 6)
(79, 6)
[0.99672533 0.95802537 1.0452493 ]
Classification: 1.0 0.8388888888888889 44
(43, 6)
(58, 6)
(79, 6)
[0.98611374 1.06251792 0.95136834]
Classification: 1.0 0.8388888888888889 45
(43, 6)
(58, 6)
(79, 6)
[0.96953065 1.08377861 0.94669074]
Classification: 1.0 0.8388888888888889 46
(43, 6)
(58, 6)
(79, 6)
[1.0094484  0.96956558 1.02098602]
Classification: 1.0 0.8388888888888889 47
(43, 6)
(58, 6)
(79, 6)
[1.03061883 0.96986263 0.99951854]
Classification: 1.0 0.8388888888888889 48
(43, 6)
(58, 6)
(79, 6)
[0.98511416 1.05664357 0.95824227]
Classification: 1.0 0.8388888888888889 49
(43, 6)
(58, 6)
(79, 6)
[1.01280186 1.01974274 0.9674554 ]
Classification: 1.0 0.8388888888888889 50
(43, 6)
(58, 6)
(79, 6)
[1.03030238 1.0394503  0.93024732]
Classification: 1.0 0.8388888888888889 51
(43, 6)
(58, 6)
(79, 6)
[0.99110501 1.023058   0.98583699]
Classification: 1.0 0.8388888888888889 52
(43, 6)
(58, 6)
(79, 6)
[0.9570472  1.09321238 0.94974042]
Classification: 1.0 0.8388888888888889 53
(43, 6)
(58, 6)
(79, 6)
[0.96457141 1.02846655 1.00696204]
Classification: 1.0 0.8333333333333334 54
(43, 6)
(58, 6)
(79, 6)
[0.9387273  1.03234458 1.02892812]
Classification: 1.0 0.8333333333333334 55
(43, 6)
(58, 6)
(79, 6)
[0.93598356 1.04133628 1.02268016]
Classification: 1.0 0.8333333333333334 56
(43, 6)
(58, 6)
(79, 6)
[1.00137297 1.01154969 0.98707734]
Classification: 1.0 0.8333333333333334 57
(43, 6)
(58, 6)
(79, 6)
[1.02452215 1.01106602 0.96441184]
Classification: 1.0 0.8333333333333334 58
(43, 6)
(58, 6)
(79, 6)
[0.989571   0.96861319 1.0418158 ]
Classification: 1.0 0.8333333333333334 59
(43, 6)
(58, 6)
(79, 6)
[0.95527411 1.01528277 1.02944312]
Classification: 1.0 0.8333333333333334 60
(43, 6)
(58, 6)
(79, 6)
[0.96080663 1.05375201 0.98544136]
Classification: 1.0 0.8333333333333334 61
(43, 6)
(58, 6)
(79, 6)
[0.96981561 1.01881218 1.01137222]
Classification: 1.0 0.8333333333333334 62
(43, 6)
(58, 6)
(79, 6)
[0.9878246  1.00155226 1.01062314]
Classification: 1.0 0.8333333333333334 63
(43, 6)
(58, 6)
(79, 6)
[0.95444099 0.92104923 1.12450978]
Classification: 1.0 0.8277777777777777 64
(43, 6)
(58, 6)
(79, 6)
[0.89722072 1.00804366 1.09473562]
Classification: 1.0 0.8333333333333334 65
(43, 6)
(58, 6)
(79, 6)
[0.90365019 1.02375071 1.0725991 ]
Classification: 1.0 0.8333333333333334 66
(43, 6)
(58, 6)
(79, 6)
[0.90270737 0.98127989 1.11601273]
Classification: 1.0 0.8388888888888889 67
(43, 6)
(58, 6)
(79, 6)
[0.90138609 1.03125221 1.0673617 ]
Classification: 1.0 0.8333333333333334 68
(43, 6)
(58, 6)
(79, 6)
[0.99102711 0.98241405 1.02655884]
Classification: 1.0 0.8333333333333334 69
(43, 6)
(58, 6)
(79, 6)
[0.9809957  1.07832119 0.94068311]
Classification: 1.0 0.8444444444444444 70
(43, 6)
(58, 6)
(79, 6)
[1.01485663 1.07453884 0.91060453]
Classification: 1.0 0.8388888888888889 71
(43, 6)
(58, 6)
(79, 6)
[0.93867232 1.02777812 1.03354956]
Classification: 1.0 0.8333333333333334 72
(43, 6)
(58, 6)
(79, 6)
[0.95743286 1.02996692 1.01260022]
Classification: 1.0 0.8388888888888889 73
(43, 6)
(58, 6)
(79, 6)
[0.9893393  1.08049116 0.93016955]
Classification: 1.0 0.8333333333333334 74
(43, 6)
(58, 6)
(79, 6)
[0.96503105 1.04985317 0.98511578]
Classification: 1.0 0.8333333333333334 75
(43, 6)
(58, 6)
(79, 6)
[0.9806408  1.07574569 0.94361351]
Classification: 1.0 0.8388888888888889 76
(43, 6)
(58, 6)
(79, 6)
[0.90822525 1.10928242 0.98249233]
Classification: 1.0 0.8333333333333334 77
(43, 6)
(58, 6)
(79, 6)
[0.99384378 1.04258082 0.96357539]
Classification: 1.0 0.8444444444444444 78
(43, 6)
(58, 6)
(79, 6)
[0.89293331 1.08911578 1.01795091]
Classification: 1.0 0.8388888888888889 79
(43, 6)
(58, 6)
(79, 6)
[0.84507303 1.11527123 1.03965575]
Classification: 1.0 0.8388888888888889 80
(43, 6)
(58, 6)
(79, 6)
[0.93734233 1.09338269 0.96927498]
Classification: 1.0 0.8388888888888889 81
(43, 6)
(58, 6)
(79, 6)
[0.85722224 1.06448531 1.07829245]
Classification: 1.0 0.8388888888888889 82
(43, 6)
(58, 6)
(79, 6)
[0.94553054 1.00388948 1.05057999]
Classification: 1.0 0.8333333333333334 83
(43, 6)
(58, 6)
(79, 6)
[1.04758112 0.99063631 0.96178257]
Classification: 1.0 0.8333333333333334 84
(43, 6)
(58, 6)
(79, 6)
[0.96255507 1.04361434 0.99383059]
Classification: 1.0 0.8333333333333334 85
(43, 6)
(58, 6)
(79, 6)
[0.91494909 1.07596465 1.00908626]
Classification: 1.0 0.8388888888888889 86
(43, 6)
(58, 6)
(79, 6)
[0.96171569 1.03408318 1.00420113]
Classification: 1.0 0.8333333333333334 87
(43, 6)
(58, 6)
(79, 6)
[0.97720111 1.03786129 0.9849376 ]
Classification: 1.0 0.8333333333333334 88
(43, 6)
(58, 6)
(79, 6)
[0.97817455 1.05026521 0.97156025]
Classification: 1.0 0.8444444444444444 89
(43, 6)
(58, 6)
(79, 6)
[1.04542535 1.03295608 0.92161857]
Classification: 1.0 0.8444444444444444 90
(43, 6)
(58, 6)
(79, 6)
[1.00042409 1.01903311 0.9805428 ]
Classification: 1.0 0.8444444444444444 91
(43, 6)
(58, 6)
(79, 6)
[0.86041312 1.0656654  1.07392147]
Classification: 1.0 0.8444444444444444 92
(43, 6)
(58, 6)
(79, 6)
[0.88823498 1.10368829 1.00807673]
Classification: 1.0 0.8333333333333334 93
(43, 6)
(58, 6)
(79, 6)
[0.87471835 1.08939946 1.03588219]
Classification: 1.0 0.8388888888888889 94
(43, 6)
(58, 6)
(79, 6)
[0.8232064  1.09630578 1.08048782]
Classification: 1.0 0.8444444444444444 95
(43, 6)
(58, 6)
(79, 6)
[0.84372145 1.1230147  1.03326386]
Classification: 1.0 0.8388888888888889 96
(43, 6)
(58, 6)
(79, 6)
[0.83762617 1.15771665 1.00465718]
Classification: 1.0 0.8388888888888889 97
(43, 6)
(58, 6)
(79, 6)
[0.82763293 1.11228711 1.06007996]
Classification: 1.0 0.8444444444444444 98
(43, 6)
(58, 6)
(79, 6)
[0.82526873 1.13129371 1.04343756]
Classification: 1.0 0.8444444444444444 99
(43, 6)
(58, 6)
(79, 6)
[0.79656733 1.1723368  1.03109587]
Classification: 1.0 0.8444444444444444 100
(43, 6)
(58, 6)
(79, 6)
[0.76411998 1.20300101 1.03287901]
Classification: 1.0 0.8444444444444444 101
(43, 6)
(58, 6)
(79, 6)
[0.76176302 1.22632108 1.0119159 ]
Classification: 1.0 0.8388888888888889 102
(43, 6)
(58, 6)
(79, 6)
[0.73648014 1.20162958 1.06189028]
Classification: 1.0 0.8277777777777777 103
(43, 6)
(58, 6)
(79, 6)
[0.76326447 1.17066299 1.06607255]
Classification: 1.0 0.8333333333333334 104
(43, 6)
(58, 6)
(79, 6)
[0.81328059 1.15609852 1.03062089]
Classification: 1.0 0.8333333333333334 105
(43, 6)
(58, 6)
(79, 6)
[0.84406639 1.09629457 1.05963904]
Classification: 1.0 0.8333333333333334 106
(43, 6)
(58, 6)
(79, 6)
[0.77237726 1.21306014 1.0145626 ]
Classification: 1.0 0.8333333333333334 107
(43, 6)
(58, 6)
(79, 6)
[0.80448139 1.14439675 1.05112186]
Classification: 1.0 0.8333333333333334 108
(43, 6)
(58, 6)
(79, 6)
[0.86787169 1.1690813  0.96304701]
Classification: 1.0 0.8333333333333334 109
(43, 6)
(58, 6)
(79, 6)
[0.84223252 1.13979232 1.01797516]
Classification: 1.0 0.8388888888888889 110
(43, 6)
(58, 6)
(79, 6)
[0.86778091 1.14500494 0.98721415]
Classification: 1.0 0.8333333333333334 111
(43, 6)
(58, 6)
(79, 6)
[0.79700894 1.14140431 1.06158675]
Classification: 1.0 0.8333333333333334 112
(43, 6)
(58, 6)
(79, 6)
[0.856032   1.07215789 1.07181011]
Classification: 1.0 0.8388888888888889 113
(43, 6)
(58, 6)
(79, 6)
[0.81462267 1.17903736 1.00633997]
Classification: 1.0 0.8388888888888889 114
(43, 6)
(58, 6)
(79, 6)
[0.82356865 1.07727958 1.09915177]
Classification: 1.0 0.8333333333333334 115
(43, 6)
(58, 6)
(79, 6)
[0.77487313 1.08368008 1.14144679]
Classification: 1.0 0.8333333333333334 116
(43, 6)
(58, 6)
(79, 6)
[0.80346709 1.09035978 1.10617313]
Classification: 1.0 0.8333333333333334 117
(43, 6)
(58, 6)
(79, 6)
[0.76723342 1.17698008 1.05578649]
Classification: 1.0 0.8333333333333334 118
(43, 6)
(58, 6)
(79, 6)
[0.75945277 1.19425149 1.04629575]
Classification: 1.0 0.8277777777777777 119
(43, 6)
(58, 6)
(79, 6)
[0.73952139 1.23770377 1.02277484]
Classification: 1.0 0.8333333333333334 120
(43, 6)
(58, 6)
(79, 6)
[0.73504168 1.16597231 1.098986  ]
Classification: 1.0 0.8277777777777777 121
(43, 6)
(58, 6)
(79, 6)
[0.70697381 1.21347192 1.07955427]
Classification: 1.0 0.8277777777777777 122
(43, 6)
(58, 6)
(79, 6)
[0.72356223 1.18029463 1.09614314]
Classification: 1.0 0.8277777777777777 123
(43, 6)
(58, 6)
(79, 6)
[0.78052779 1.18118624 1.03828596]
Classification: 1.0 0.8277777777777777 124
(43, 6)
(58, 6)
(79, 6)
[0.70723078 1.22383941 1.06892981]
Classification: 1.0 0.8333333333333334 125
(43, 6)
(58, 6)
(79, 6)
[0.68120668 1.1794759  1.13931742]
Classification: 1.0 0.8333333333333334 126
(43, 6)
(58, 6)
(79, 6)
[0.78102438 1.12565694 1.09331868]
Classification: 1.0 0.8333333333333334 127
(43, 6)
(58, 6)
(79, 6)
[0.72726557 1.17864706 1.09408737]
Classification: 1.0 0.8333333333333334 128
(43, 6)
(58, 6)
(79, 6)
[0.7591016  1.18603262 1.05486579]
Classification: 1.0 0.8333333333333334 129
(43, 6)
(58, 6)
(79, 6)
[0.71937432 1.17819835 1.10242734]
Classification: 1.0 0.8333333333333334 130
(43, 6)
(58, 6)
(79, 6)
[0.76677637 1.12130052 1.11192311]
Classification: 1.0 0.8333333333333334 131
(43, 6)
(58, 6)
(79, 6)
[0.7480345  1.18239194 1.06957356]
Classification: 1.0 0.8333333333333334 132
(43, 6)
(58, 6)
(79, 6)
[0.75465498 1.04894713 1.19639789]
Classification: 1.0 0.8277777777777777 133
(43, 6)
(58, 6)
(79, 6)
[0.76480367 1.05473781 1.18045852]
Classification: 1.0 0.8277777777777777 134
(43, 6)
(58, 6)
(79, 6)
[0.77341715 1.11746448 1.10911838]
Classification: 1.0 0.8277777777777777 135
(43, 6)
(58, 6)
(79, 6)
[0.79193185 1.10915803 1.09891012]
Classification: 1.0 0.8277777777777777 136
(43, 6)
(58, 6)
(79, 6)
[0.77602445 1.09026043 1.13371512]
Classification: 1.0 0.8277777777777777 137
(43, 6)
(58, 6)
(79, 6)
[0.82063709 1.05638653 1.12297637]
Classification: 1.0 0.8333333333333334 138
(43, 6)
(58, 6)
(79, 6)
[0.80656471 1.03710948 1.1563258 ]
Classification: 1.0 0.8277777777777777 139
(43, 6)
(58, 6)
(79, 6)
[0.85042105 1.02213692 1.12744203]
Classification: 1.0 0.8277777777777777 140
(43, 6)
(58, 6)
(79, 6)
[0.80200418 0.9644925  1.23350332]
Classification: 1.0 0.8333333333333334 141
(43, 6)
(58, 6)
(79, 6)
[0.89247616 1.01412093 1.0934029 ]
Classification: 1.0 0.8277777777777777 142
(43, 6)
(58, 6)
(79, 6)
[0.7830706  1.09883358 1.11809582]
Classification: 1.0 0.8277777777777777 143
(43, 6)
(58, 6)
(79, 6)
[0.81113991 1.09057448 1.09828561]
Classification: 1.0 0.8277777777777777 144
(43, 6)
(58, 6)
(79, 6)
[0.88557158 1.01751876 1.09690966]
Classification: 1.0 0.8222222222222222 145
(43, 6)
(58, 6)
(79, 6)
[0.9005324  1.03076808 1.06869952]
Classification: 1.0 0.8222222222222222 146
(43, 6)
(58, 6)
(79, 6)
[0.77214996 1.07011857 1.15773147]
Classification: 1.0 0.8333333333333334 147
(43, 6)
(58, 6)
(79, 6)
[0.86244106 1.02070748 1.11685146]
Classification: 1.0 0.8333333333333334 148
(43, 6)
(58, 6)
(79, 6)
[0.90487306 1.03601969 1.05910724]
Classification: 1.0 0.8333333333333334 149
(43, 6)
(58, 6)
(79, 6)
[0.94707226 0.97658926 1.07633848]
Classification: 1.0 0.8333333333333334 150
(43, 6)
(58, 6)
(79, 6)
[0.87110405 1.02141461 1.10748134]
Classification: 1.0 0.8277777777777777 151
(43, 6)
(58, 6)
(79, 6)
[0.93535655 1.03642626 1.02821719]
Classification: 1.0 0.8333333333333334 152
(43, 6)
(58, 6)
(79, 6)
[0.86717081 1.06301392 1.06981527]
Classification: 1.0 0.8277777777777777 153
(43, 6)
(58, 6)
(79, 6)
[0.84818287 1.06576543 1.0860517 ]
Classification: 1.0 0.8333333333333334 154
(43, 6)
(58, 6)
(79, 6)
[0.86704432 1.08622826 1.04672742]
Classification: 1.0 0.8277777777777777 155
(43, 6)
(58, 6)
(79, 6)
[0.80922874 1.16815818 1.02261308]
Classification: 1.0 0.8277777777777777 156
(43, 6)
(58, 6)
(79, 6)
[0.90231853 1.09393576 1.00374571]
Classification: 1.0 0.8277777777777777 157
(43, 6)
(58, 6)
(79, 6)
[0.791384   1.07855082 1.13006518]
Classification: 1.0 0.8277777777777777 158
(43, 6)
(58, 6)
(79, 6)
[0.79353853 1.15282809 1.05363337]
Classification: 1.0 0.8277777777777777 159
(43, 6)
(58, 6)
(79, 6)
[0.81115487 1.05698998 1.13185515]
Classification: 1.0 0.8277777777777777 160
(43, 6)
(58, 6)
(79, 6)
[0.79100302 1.06400138 1.1449956 ]
Classification: 1.0 0.8222222222222222 161
(43, 6)
(58, 6)
(79, 6)
[0.86142315 1.05605043 1.08252642]
Classification: 1.0 0.8277777777777777 162
(43, 6)
(58, 6)
(79, 6)
[0.83801198 1.10787539 1.05411263]
Classification: 1.0 0.8222222222222222 163
(43, 6)
(58, 6)
(79, 6)
[0.88169034 1.03458077 1.08372889]
Classification: 1.0 0.8277777777777777 164
(43, 6)
(58, 6)
(79, 6)
[0.83468609 1.09113829 1.07417561]
Classification: 1.0 0.8277777777777777 165
(43, 6)
(58, 6)
(79, 6)
[0.82209828 1.06664454 1.11125718]
Classification: 1.0 0.8277777777777777 166
(43, 6)
(58, 6)
(79, 6)
[0.77761618 1.12037348 1.10201034]
Classification: 1.0 0.8277777777777777 167
(43, 6)
(58, 6)
(79, 6)
[0.82827821 1.1057826  1.0659392 ]
Classification: 1.0 0.8277777777777777 168
(43, 6)
(58, 6)
(79, 6)
[0.88477413 1.01882082 1.09640505]
Classification: 1.0 0.8277777777777777 169
(43, 6)
(58, 6)
(79, 6)
[0.81070662 1.17945848 1.0098349 ]
Classification: 1.0 0.8277777777777777 170
(43, 6)
(58, 6)
(79, 6)
[0.75094937 1.22299052 1.02606011]
Classification: 1.0 0.8277777777777777 171
(43, 6)
(58, 6)
(79, 6)
[0.75928616 1.16901713 1.07169671]
Classification: 1.0 0.8277777777777777 172
(43, 6)
(58, 6)
(79, 6)
[0.71884552 1.19231584 1.08883864]
Classification: 1.0 0.8277777777777777 173
(43, 6)
(58, 6)
(79, 6)
[0.76144997 1.18229829 1.05625174]
Classification: 1.0 0.8277777777777777 174
(43, 6)
(58, 6)
(79, 6)
[0.77577962 1.18434327 1.03987711]
Classification: 1.0 0.8277777777777777 175
(43, 6)
(58, 6)
(79, 6)
[0.77520276 1.13108485 1.0937124 ]
Classification: 1.0 0.8277777777777777 176
(43, 6)
(58, 6)
(79, 6)
[0.72341082 1.16348612 1.11310306]
Classification: 1.0 0.8333333333333334 177
(43, 6)
(58, 6)
(79, 6)
[0.78653106 1.18558799 1.02788095]
Classification: 1.0 0.8277777777777777 178
(43, 6)
(58, 6)
(79, 6)
[0.75541225 1.22900678 1.01558097]
Classification: 1.0 0.8277777777777777 179
(43, 6)
(58, 6)
(79, 6)
[0.8746596  1.1795081  0.94583231]
Classification: 1.0 0.8277777777777777 180
(43, 6)
(58, 6)
(79, 6)
[0.77635293 1.15799755 1.06564952]
Classification: 1.0 0.8277777777777777 181
(43, 6)
(58, 6)
(79, 6)
[0.84489189 1.16531113 0.98979698]
Classification: 1.0 0.8277777777777777 182
(43, 6)
(58, 6)
(79, 6)
[0.7823967  1.0928665  1.12473679]
Classification: 1.0 0.8333333333333334 183
(43, 6)
(58, 6)
(79, 6)
[0.84715132 1.16755483 0.98529385]
Classification: 1.0 0.8333333333333334 184
(43, 6)
(58, 6)
(79, 6)
[0.80251674 1.16226991 1.03521335]
Classification: 1.0 0.8277777777777777 185
(43, 6)
(58, 6)
(79, 6)
[0.80178645 1.16979909 1.02841447]
Classification: 1.0 0.8277777777777777 186
(43, 6)
(58, 6)
(79, 6)
[0.86184471 1.08474166 1.05341364]
Classification: 1.0 0.8333333333333334 187
(43, 6)
(58, 6)
(79, 6)
[0.8496245  1.15127522 0.99910028]
Classification: 1.0 0.8166666666666667 188
(43, 6)
(58, 6)
(79, 6)
[0.83679874 1.11062908 1.05257218]
Classification: 1.0 0.8277777777777777 189
(43, 6)
(58, 6)
(79, 6)
[0.89137857 1.11647774 0.99214369]
Classification: 1.0 0.8333333333333334 190
(43, 6)
(58, 6)
(79, 6)
[0.9141533  1.14689719 0.93894951]
Classification: 1.0 0.8277777777777777 191
(43, 6)
(58, 6)
(79, 6)
[0.91974787 1.09263919 0.98761294]
Classification: 1.0 0.8277777777777777 192
(43, 6)
(58, 6)
(79, 6)
[0.84982406 1.07549845 1.07467749]
Classification: 1.0 0.8333333333333334 193
(43, 6)
(58, 6)
(79, 6)
[0.84176672 1.07557909 1.08265418]
Classification: 1.0 0.8333333333333334 194
(43, 6)
(58, 6)
(79, 6)
[0.80189938 1.08551699 1.11258364]
Classification: 1.0 0.8333333333333334 195
(43, 6)
(58, 6)
(79, 6)
[0.87100843 1.10052437 1.0284672 ]
Classification: 1.0 0.8388888888888889 196
(43, 6)
(58, 6)
(79, 6)
[0.83971481 1.06398396 1.09630123]
Classification: 1.0 0.8333333333333334 197
(43, 6)
(58, 6)
(79, 6)
[0.85730181 1.07357519 1.06912299]
Classification: 1.0 0.8333333333333334 198
(43, 6)
(58, 6)
(79, 6)
[0.78573482 1.13557898 1.0786862 ]
Classification: 1.0 0.8333333333333334 199
(43, 6)
(58, 6)
(79, 6)
[0.81423832 1.0865763  1.09918538]
Classification: 1.0 0.8333333333333334 200
(43, 6)
(58, 6)
(79, 6)
[0.80860516 1.10718273 1.08421211]
Classification: 1.0 0.8333333333333334 201
(43, 6)
(58, 6)
(79, 6)
[0.89248485 1.11772282 0.98979234]
Classification: 1.0 0.8333333333333334 202
(43, 6)
(58, 6)
(79, 6)
[0.80843102 1.05751102 1.13405796]
Classification: 1.0 0.8333333333333334 203
(43, 6)
(58, 6)
(79, 6)
[0.82148516 1.08831985 1.09019498]
Classification: 1.0 0.8388888888888889 204
(43, 6)
(58, 6)
(79, 6)
[0.78390669 1.13056598 1.08552733]
Classification: 1.0 0.8333333333333334 205
(43, 6)
(58, 6)
(79, 6)
[0.79857675 1.1382329  1.06319035]
Classification: 1.0 0.8333333333333334 206
(43, 6)
(58, 6)
(79, 6)
[0.8202097  1.12523188 1.05455843]
Classification: 1.0 0.8333333333333334 207
(43, 6)
(58, 6)
(79, 6)
[0.83414807 1.12194195 1.04390998]
Classification: 1.0 0.8333333333333334 208
(43, 6)
(58, 6)
(79, 6)
[0.81659251 1.19377839 0.9896291 ]
Classification: 1.0 0.8333333333333334 209
(43, 6)
(58, 6)
(79, 6)
[0.85580915 1.17709904 0.96709182]
Classification: 1.0 0.8388888888888889 210
(43, 6)
(58, 6)
(79, 6)
[0.8112888  1.15197459 1.0367366 ]
Classification: 1.0 0.8388888888888889 211
(43, 6)
(58, 6)
(79, 6)
[0.85971835 1.14846954 0.99181211]
Classification: 1.0 0.8388888888888889 212
(43, 6)
(58, 6)
(79, 6)
[0.81727083 1.18104712 1.00168205]
Classification: 1.0 0.8388888888888889 213
(43, 6)
(58, 6)
(79, 6)
[0.79441232 1.14930865 1.05627903]
Classification: 1.0 0.8388888888888889 214
(43, 6)
(58, 6)
(79, 6)
[0.78498828 1.09065393 1.12435779]
Classification: 1.0 0.8388888888888889 215
(43, 6)
(58, 6)
(79, 6)
[0.78958129 1.1234539  1.08696481]
Classification: 1.0 0.8388888888888889 216
(43, 6)
(58, 6)
(79, 6)
[0.78752033 1.06392132 1.14855835]
Classification: 1.0 0.8388888888888889 217
(43, 6)
(58, 6)
(79, 6)
[0.71302325 1.11481576 1.17216098]
Classification: 1.0 0.8388888888888889 218
(43, 6)
(58, 6)
(79, 6)
[0.82569701 1.09794274 1.07636025]
Classification: 1.0 0.8388888888888889 219
(43, 6)
(58, 6)
(79, 6)
[0.77211781 1.16275806 1.06512413]
Classification: 1.0 0.8388888888888889 220
(43, 6)
(58, 6)
(79, 6)
[0.73194786 1.13132125 1.13673089]
Classification: 1.0 0.8388888888888889 221
(43, 6)
(58, 6)
(79, 6)
[0.83124536 1.14751926 1.02123539]
Classification: 1.0 0.8388888888888889 222
(43, 6)
(58, 6)
(79, 6)
[0.85449025 1.14831249 0.99719726]
Classification: 1.0 0.8388888888888889 223
(43, 6)
(58, 6)
(79, 6)
[0.82502561 1.17212489 1.0028495 ]
Classification: 1.0 0.8388888888888889 224
(43, 6)
(58, 6)
(79, 6)
[0.82429786 1.21428335 0.96141879]
Classification: 1.0 0.8333333333333334 225
(43, 6)
(58, 6)
(79, 6)
[0.85067853 1.17997747 0.969344  ]
Classification: 1.0 0.8388888888888889 226
(43, 6)
(58, 6)
(79, 6)
[0.92302873 1.17053127 0.90644   ]
Classification: 1.0 0.8333333333333334 227
(43, 6)
(58, 6)
(79, 6)
[0.87778613 1.11287558 1.00933829]
Classification: 1.0 0.8388888888888889 228
(43, 6)
(58, 6)
(79, 6)
[0.85388434 1.20226209 0.94385358]
Classification: 1.0 0.8388888888888889 229
(43, 6)
(58, 6)
(79, 6)
[0.84192298 1.19948166 0.95859536]
Classification: 1.0 0.8388888888888889 230
(43, 6)
(58, 6)
(79, 6)
[0.88759948 1.17994333 0.9324572 ]
Classification: 1.0 0.8388888888888889 231
(43, 6)
(58, 6)
(79, 6)
[0.83049105 1.17708112 0.99242783]
Classification: 1.0 0.8388888888888889 232
(43, 6)
(58, 6)
(79, 6)
[0.86137357 1.17890668 0.95971975]
Classification: 1.0 0.8388888888888889 233
(43, 6)
(58, 6)
(79, 6)
[0.83644981 1.22166241 0.94188779]
Classification: 1.0 0.8388888888888889 234
(43, 6)
(58, 6)
(79, 6)
[0.89138648 1.23626672 0.8723468 ]
Classification: 1.0 0.8388888888888889 235
(43, 6)
(58, 6)
(79, 6)
[0.82212216 1.17676089 1.00111695]
Classification: 1.0 0.8388888888888889 236
(43, 6)
(58, 6)
(79, 6)
[0.8229597  1.23098665 0.94605365]
Classification: 1.0 0.8388888888888889 237
(43, 6)
(58, 6)
(79, 6)
[0.81517519 1.25320352 0.93162129]
Classification: 1.0 0.8388888888888889 238
(43, 6)
(58, 6)
(79, 6)
[0.88404324 1.21206868 0.90388808]
Classification: 1.0 0.8388888888888889 239
(43, 6)
(58, 6)
(79, 6)
[0.88452994 1.2073351  0.90813496]
Classification: 1.0 0.8388888888888889 240
(43, 6)
(58, 6)
(79, 6)
[0.90877784 1.2337256  0.85749655]
Classification: 1.0 0.8388888888888889 241
(43, 6)
(58, 6)
(79, 6)
[0.95319899 1.14416144 0.90263957]
Classification: 1.0 0.8388888888888889 242
(43, 6)
(58, 6)
(79, 6)
[0.95895629 1.18111299 0.85993072]
Classification: 1.0 0.8388888888888889 243
(43, 6)
(58, 6)
(79, 6)
[0.91130152 1.16151067 0.92718781]
Classification: 1.0 0.8388888888888889 244
(43, 6)
(58, 6)
(79, 6)
[0.95401788 1.13314379 0.91283833]
Classification: 1.0 0.8388888888888889 245
(43, 6)
(58, 6)
(79, 6)
[0.93700253 1.19318459 0.86981288]
Classification: 1.0 0.8388888888888889 246
(43, 6)
(58, 6)
(79, 6)
[0.8905302  1.16387806 0.94559174]
Classification: 1.0 0.8388888888888889 247
(43, 6)
(58, 6)
(79, 6)
[0.87590722 1.08141508 1.0426777 ]
Classification: 1.0 0.8388888888888889 248
(43, 6)
(58, 6)
(79, 6)
[0.87204844 1.08429094 1.04366061]
Classification: 1.0 0.8388888888888889 249
(43, 6)
(58, 6)
(79, 6)
[0.90235461 1.1430067  0.95463868]
Classification: 1.0 0.8388888888888889 250
(43, 6)
(58, 6)
(79, 6)
[0.89574327 1.09228886 1.01196787]
Classification: 1.0 0.8388888888888889 251
(43, 6)
(58, 6)
(79, 6)
[0.90670679 1.06120838 1.03208483]
Classification: 1.0 0.8388888888888889 252
(43, 6)
(58, 6)
(79, 6)
[0.83691559 1.1906531  0.9724313 ]
Classification: 1.0 0.8388888888888889 253
(43, 6)
(58, 6)
(79, 6)
[0.87117079 1.07301322 1.05581599]
Classification: 1.0 0.8388888888888889 254
(43, 6)
(58, 6)
(79, 6)
[0.87602886 1.12038258 1.00358856]
Classification: 1.0 0.8388888888888889 255
(43, 6)
(58, 6)
(79, 6)
[0.89000554 1.11024596 0.99974849]
Classification: 1.0 0.8388888888888889 256
(43, 6)
(58, 6)
(79, 6)
[0.85729825 1.20448268 0.93821907]
Classification: 1.0 0.8388888888888889 257
(43, 6)
(58, 6)
(79, 6)
[0.89974484 1.14301133 0.95724383]
Classification: 1.0 0.8388888888888889 258
(43, 6)
(58, 6)
(79, 6)
[0.95441533 1.2085589  0.83702578]
Classification: 1.0 0.8388888888888889 259
(43, 6)
(58, 6)
(79, 6)
[0.9251613  1.11533138 0.95950732]
Classification: 1.0 0.8388888888888889 260
(43, 6)
(58, 6)
(79, 6)
[0.92179902 1.25391717 0.82428381]
Classification: 1.0 0.8388888888888889 261
(43, 6)
(58, 6)
(79, 6)
[0.87287903 1.23099735 0.89612362]
Classification: 1.0 0.8388888888888889 262
(43, 6)
(58, 6)
(79, 6)
[0.8687536  1.15123494 0.98001147]
Classification: 1.0 0.8388888888888889 263
(43, 6)
(58, 6)
(79, 6)
[0.830285   1.23971619 0.92999881]
Classification: 1.0 0.8388888888888889 264
(43, 6)
(58, 6)
(79, 6)
[0.86196718 1.22025705 0.91777577]
Classification: 1.0 0.8388888888888889 265
(43, 6)
(58, 6)
(79, 6)
[0.81559268 1.1399602  1.04444712]
Classification: 1.0 0.8388888888888889 266
(43, 6)
(58, 6)
(79, 6)
[0.90011591 1.11551189 0.9843722 ]
Classification: 1.0 0.8388888888888889 267
(43, 6)
(58, 6)
(79, 6)
[0.86727633 1.11078909 1.02193459]
Classification: 1.0 0.8388888888888889 268
(43, 6)
(58, 6)
(79, 6)
[0.91219435 1.13559024 0.95221541]
Classification: 1.0 0.8388888888888889 269
(43, 6)
(58, 6)
(79, 6)
[0.87929663 1.0971852  1.02351816]
Classification: 1.0 0.8388888888888889 270
(43, 6)
(58, 6)
(79, 6)
[0.95223517 1.10327294 0.94449189]
Classification: 1.0 0.8388888888888889 271
(43, 6)
(58, 6)
(79, 6)
[0.87179929 1.15629351 0.9719072 ]
Classification: 1.0 0.8388888888888889 272
(43, 6)
(58, 6)
(79, 6)
[0.87366861 1.11305628 1.01327511]
Classification: 1.0 0.8388888888888889 273
(43, 6)
(58, 6)
(79, 6)
[0.87816686 1.12956056 0.99227259]
Classification: 1.0 0.8388888888888889 274
(43, 6)
(58, 6)
(79, 6)
[0.87500314 1.13991816 0.9850787 ]
Classification: 1.0 0.8388888888888889 275
(43, 6)
(58, 6)
(79, 6)
[0.82306248 1.22621183 0.95072569]
Classification: 1.0 0.8388888888888889 276
(43, 6)
(58, 6)
(79, 6)
[0.87188631 1.14389239 0.9842213 ]
Classification: 1.0 0.8388888888888889 277
(43, 6)
(58, 6)
(79, 6)
[0.84689352 1.14593297 1.00717351]
Classification: 1.0 0.8388888888888889 278
(43, 6)
(58, 6)
(79, 6)
[0.88579459 1.113382   1.00082341]
Classification: 1.0 0.8388888888888889 279
(43, 6)
(58, 6)
(79, 6)
[0.8624981  1.19469494 0.94280696]
Classification: 1.0 0.8388888888888889 280
(43, 6)
(58, 6)
(79, 6)
[0.85814292 1.15737478 0.9844823 ]
Classification: 1.0 0.8388888888888889 281
(43, 6)
(58, 6)
(79, 6)
[0.86518914 1.11282835 1.02198251]
Classification: 1.0 0.8388888888888889 282
(43, 6)
(58, 6)
(79, 6)
[0.83909088 1.17161124 0.98929789]
Classification: 1.0 0.8388888888888889 283
(43, 6)
(58, 6)
(79, 6)
[0.9169995  1.19236899 0.89063151]
Classification: 1.0 0.8388888888888889 284
(43, 6)
(58, 6)
(79, 6)
[0.89373149 1.19613536 0.91013315]
Classification: 1.0 0.8388888888888889 285
(43, 6)
(58, 6)
(79, 6)
[0.8475026  1.19943728 0.95306012]
Classification: 1.0 0.8388888888888889 286
(43, 6)
(58, 6)
(79, 6)
[0.82534902 1.19405861 0.98059237]
Classification: 1.0 0.8388888888888889 287
(43, 6)
(58, 6)
(79, 6)
[0.84656562 1.17887224 0.97456213]
Classification: 1.0 0.8333333333333334 288
(43, 6)
(58, 6)
(79, 6)
[0.8115306  1.22267461 0.96579479]
Classification: 1.0 0.8388888888888889 289
(43, 6)
(58, 6)
(79, 6)
[0.88278989 1.15025132 0.96695879]
Classification: 1.0 0.8388888888888889 290
(43, 6)
(58, 6)
(79, 6)
[0.91635579 1.16530731 0.9183369 ]
Classification: 1.0 0.8388888888888889 291
(43, 6)
(58, 6)
(79, 6)
[0.85714451 1.23566601 0.90718949]
Classification: 1.0 0.8388888888888889 292
(43, 6)
(58, 6)
(79, 6)
[0.83761477 1.1375291  1.02485613]
Classification: 1.0 0.8388888888888889 293
(43, 6)
(58, 6)
(79, 6)
[0.8424267  1.17011534 0.98745795]
Classification: 1.0 0.8388888888888889 294
(43, 6)
(58, 6)
(79, 6)
[0.80374047 1.21800782 0.97825171]
Classification: 1.0 0.8388888888888889 295
(43, 6)
(58, 6)
(79, 6)
[0.82243052 1.20486935 0.97270012]
Classification: 1.0 0.8388888888888889 296
(43, 6)
(58, 6)
(79, 6)
[0.86389888 1.12984988 1.00625124]
Classification: 1.0 0.8388888888888889 297
(43, 6)
(58, 6)
(79, 6)
[0.85827057 1.11263432 1.0290951 ]
Classification: 1.0 0.8388888888888889 298
(43, 6)
(58, 6)
(79, 6)
[0.86487204 1.18653428 0.94859368]
Classification: 1.0 0.8388888888888889 299
(43, 6)
(58, 6)
(79, 6)
[0.85678033 1.13299747 1.0102222 ]
Classification: 1.0 0.8388888888888889 300
(43, 6)
(58, 6)
(79, 6)
[0.86644144 1.16713698 0.96642158]
Classification: 1.0 0.8388888888888889 301
(43, 6)
(58, 6)
(79, 6)
[0.84364189 1.14657756 1.00978055]
Classification: 1.0 0.8388888888888889 302
(43, 6)
(58, 6)
(79, 6)
[0.83494512 1.23442302 0.93063186]
Classification: 1.0 0.8388888888888889 303
(43, 6)
(58, 6)
(79, 6)
[0.82878589 1.2062171  0.96499702]
Classification: 1.0 0.8388888888888889 304
(43, 6)
(58, 6)
(79, 6)
[0.83663192 1.22487784 0.93849024]
Classification: 1.0 0.8388888888888889 305
(43, 6)
(58, 6)
(79, 6)
[0.8625601  1.21295118 0.92448872]
Classification: 1.0 0.8388888888888889 306
(43, 6)
(58, 6)
(79, 6)
[0.81323065 1.25768937 0.92907998]
Classification: 1.0 0.8388888888888889 307
(43, 6)
(58, 6)
(79, 6)
[0.86834452 1.13132272 1.00033276]
Classification: 1.0 0.8388888888888889 308
(43, 6)
(58, 6)
(79, 6)
[0.84432201 1.23726029 0.9184177 ]
Classification: 1.0 0.8388888888888889 309
(43, 6)
(58, 6)
(79, 6)
[0.89002846 1.19485883 0.91511271]
Classification: 1.0 0.8388888888888889 310
(43, 6)
(58, 6)
(79, 6)
[0.77175179 1.28109897 0.94714924]
Classification: 1.0 0.8388888888888889 311
(43, 6)
(58, 6)
(79, 6)
[0.82848833 1.20555411 0.96595756]
Classification: 1.0 0.8388888888888889 312
(43, 6)
(58, 6)
(79, 6)
[0.8251691 1.2341809 0.94065  ]
Classification: 1.0 0.8388888888888889 313
(43, 6)
(58, 6)
(79, 6)
[0.83589477 1.28383103 0.88027421]
Classification: 1.0 0.8388888888888889 314
(43, 6)
(58, 6)
(79, 6)
[0.87204537 1.24666901 0.88128562]
Classification: 1.0 0.8388888888888889 315
(43, 6)
(58, 6)
(79, 6)
[0.88277612 1.15694228 0.9602816 ]
Classification: 1.0 0.8388888888888889 316
(43, 6)
(58, 6)
(79, 6)
[0.83869011 1.19997153 0.96133835]
Classification: 1.0 0.8388888888888889 317
(43, 6)
(58, 6)
(79, 6)
[0.8273154  1.07100188 1.10168272]
Classification: 1.0 0.8388888888888889 318
(43, 6)
(58, 6)
(79, 6)
[0.80614667 1.17855713 1.01529619]
Classification: 1.0 0.8388888888888889 319
(43, 6)
(58, 6)
(79, 6)
[0.83356556 1.10994015 1.05649429]
Classification: 1.0 0.8388888888888889 320
(43, 6)
(58, 6)
(79, 6)
[0.87398432 1.19621335 0.92980233]
Classification: 1.0 0.8388888888888889 321
(43, 6)
(58, 6)
(79, 6)
[0.82626088 1.15313751 1.02060161]
Classification: 1.0 0.8388888888888889 322
(43, 6)
(58, 6)
(79, 6)
[0.79620356 1.12048773 1.08330871]
Classification: 1.0 0.8388888888888889 323
(43, 6)
(58, 6)
(79, 6)
[0.83077533 1.10057233 1.06865235]
Classification: 1.0 0.8388888888888889 324
(43, 6)
(58, 6)
(79, 6)
[0.78391247 1.20556412 1.01052341]
Classification: 1.0 0.8388888888888889 325
(43, 6)
(58, 6)
(79, 6)
[0.84891127 1.15804963 0.9930391 ]
Classification: 1.0 0.8388888888888889 326
(43, 6)
(58, 6)
(79, 6)
[0.81497884 1.19704619 0.98797496]
Classification: 1.0 0.8388888888888889 327
(43, 6)
(58, 6)
(79, 6)
[0.8383135  1.18343562 0.97825089]
Classification: 1.0 0.8388888888888889 328
(43, 6)
(58, 6)
(79, 6)
[0.81716895 1.21930925 0.9635218 ]
Classification: 1.0 0.8388888888888889 329
(43, 6)
(58, 6)
(79, 6)
[0.86254749 1.14428141 0.9931711 ]
Classification: 1.0 0.8388888888888889 330
(43, 6)
(58, 6)
(79, 6)
[0.88528269 1.10602977 1.00868753]
Classification: 1.0 0.8388888888888889 331
(43, 6)
(58, 6)
(79, 6)
[0.79500437 1.15323438 1.05176125]
Classification: 1.0 0.8388888888888889 332
(43, 6)
(58, 6)
(79, 6)
[0.80103333 1.20104966 0.99791701]
Classification: 1.0 0.8388888888888889 333
(43, 6)
(58, 6)
(79, 6)
[0.8147506  1.25139748 0.93385192]
Classification: 1.0 0.8388888888888889 334
(43, 6)
(58, 6)
(79, 6)
[0.84906262 1.23782878 0.9131086 ]
Classification: 1.0 0.8388888888888889 335
(43, 6)
(58, 6)
(79, 6)
[0.82074222 1.08463285 1.09462493]
Classification: 1.0 0.8388888888888889 336
(43, 6)
(58, 6)
(79, 6)
[0.79893515 1.18939343 1.01167142]
Classification: 1.0 0.8388888888888889 337
(43, 6)
(58, 6)
(79, 6)
[0.84000827 1.13681916 1.02317256]
Classification: 1.0 0.8388888888888889 338
(43, 6)
(58, 6)
(79, 6)
[0.86531849 1.12855651 1.006125  ]
Classification: 1.0 0.8388888888888889 339
(43, 6)
(58, 6)
(79, 6)
[0.84566159 1.18400736 0.97033106]
Classification: 1.0 0.8388888888888889 340
(43, 6)
(58, 6)
(79, 6)
[0.83907771 1.24620765 0.91471464]
Classification: 1.0 0.8388888888888889 341
(43, 6)
(58, 6)
(79, 6)
[0.86080274 1.11516629 1.02403097]
Classification: 1.0 0.8388888888888889 342
(43, 6)
(58, 6)
(79, 6)
[0.83087459 1.25670042 0.91242499]
Classification: 1.0 0.8388888888888889 343
(43, 6)
(58, 6)
(79, 6)
[0.84287198 1.18858139 0.96854664]
Classification: 1.0 0.8388888888888889 344
(43, 6)
(58, 6)
(79, 6)
[0.81361676 1.19406921 0.99231403]
Classification: 1.0 0.8388888888888889 345
(43, 6)
(58, 6)
(79, 6)
[0.84271906 1.22586862 0.93141232]
Classification: 1.0 0.8388888888888889 346
(43, 6)
(58, 6)
(79, 6)
[0.84964577 1.22596409 0.92439014]
Classification: 1.0 0.8388888888888889 347
(43, 6)
(58, 6)
(79, 6)
[0.80704701 1.19547404 0.99747895]
Classification: 1.0 0.8388888888888889 348
(43, 6)
(58, 6)
(79, 6)
[0.85659049 1.17611297 0.96729654]
Classification: 1.0 0.8388888888888889 349
(43, 6)
(58, 6)
(79, 6)
[0.82991946 1.21557066 0.95450988]
Classification: 1.0 0.8388888888888889 350
(43, 6)
(58, 6)
(79, 6)
[0.81169848 1.17916163 1.00913988]
Classification: 1.0 0.8388888888888889 351
(43, 6)
(58, 6)
(79, 6)
[0.85315101 1.22679416 0.92005483]
Classification: 1.0 0.8388888888888889 352
(43, 6)
(58, 6)
(79, 6)
[0.8592161  1.24219825 0.89858565]
Classification: 1.0 0.8388888888888889 353
(43, 6)
(58, 6)
(79, 6)
[0.76539179 1.26928161 0.9653266 ]
Classification: 1.0 0.8388888888888889 354
(43, 6)
(58, 6)
(79, 6)
[0.83393188 1.24872139 0.91734674]
Classification: 1.0 0.8388888888888889 355
(43, 6)
(58, 6)
(79, 6)
[0.78458151 1.31105067 0.90436782]
Classification: 1.0 0.8388888888888889 356
(43, 6)
(58, 6)
(79, 6)
[0.80811273 1.19541497 0.99647229]
Classification: 1.0 0.8333333333333334 357
(43, 6)
(58, 6)
(79, 6)
[0.77252638 1.2926991  0.93477453]
Classification: 1.0 0.8388888888888889 358
(43, 6)
(58, 6)
(79, 6)
[0.79460939 1.27364723 0.93174337]
Classification: 1.0 0.8388888888888889 359
(43, 6)
(58, 6)
(79, 6)
[0.81999962 1.18786538 0.992135  ]
Classification: 1.0 0.8388888888888889 360
(43, 6)
(58, 6)
(79, 6)
[0.77331245 1.19945965 1.02722789]
Classification: 1.0 0.8388888888888889 361
(43, 6)
(58, 6)
(79, 6)
[0.81289993 1.24101931 0.94608076]
Classification: 1.0 0.8388888888888889 362
(43, 6)
(58, 6)
(79, 6)
[0.81345475 1.25229266 0.93425259]
Classification: 1.0 0.8388888888888889 363
(43, 6)
(58, 6)
(79, 6)
[0.81576457 1.28534867 0.89888677]
Classification: 1.0 0.8388888888888889 364
(43, 6)
(58, 6)
(79, 6)
[0.83810568 1.21709882 0.9447955 ]
Classification: 1.0 0.8333333333333334 365
(43, 6)
(58, 6)
(79, 6)
[0.79310635 1.27925727 0.92763637]
Classification: 1.0 0.8388888888888889 366
(43, 6)
(58, 6)
(79, 6)
[0.80194071 1.30291624 0.89514305]
Classification: 1.0 0.8388888888888889 367
(43, 6)
(58, 6)
(79, 6)
[0.85909415 1.19856857 0.94233728]
Classification: 1.0 0.8388888888888889 368
(43, 6)
(58, 6)
(79, 6)
[0.88920257 1.20564237 0.90515505]
Classification: 1.0 0.8388888888888889 369
(43, 6)
(58, 6)
(79, 6)
[0.88026626 1.19560127 0.92413246]
Classification: 1.0 0.8388888888888889 370
(43, 6)
(58, 6)
(79, 6)
[0.8805178  1.16289174 0.95659046]
Classification: 1.0 0.8388888888888889 371
(43, 6)
(58, 6)
(79, 6)
[0.87297714 1.24645904 0.88056381]
Classification: 1.0 0.8388888888888889 372
(43, 6)
(58, 6)
(79, 6)
[0.89597635 1.22873477 0.87528888]
Classification: 1.0 0.8388888888888889 373
(43, 6)
(58, 6)
(79, 6)
[0.87285431 1.22737512 0.89977056]
Classification: 1.0 0.8388888888888889 374
(43, 6)
(58, 6)
(79, 6)
[0.83300539 1.11437933 1.05261528]
Classification: 1.0 0.8388888888888889 375
(43, 6)
(58, 6)
(79, 6)
[0.87395323 1.24679261 0.87925416]
Classification: 1.0 0.8333333333333334 376
(43, 6)
(58, 6)
(79, 6)
[0.8676938  1.23224528 0.90006092]
Classification: 1.0 0.8388888888888889 377
(43, 6)
(58, 6)
(79, 6)
[0.84834012 1.17059326 0.98106662]
Classification: 1.0 0.8388888888888889 378
(43, 6)
(58, 6)
(79, 6)
[0.8779572  1.22154589 0.9004969 ]
Classification: 1.0 0.8388888888888889 379
(43, 6)
(58, 6)
(79, 6)
[0.90483627 1.17529207 0.91987166]
Classification: 1.0 0.8388888888888889 380
(43, 6)
(58, 6)
(79, 6)
[0.81952597 1.27374352 0.90673051]
Classification: 1.0 0.8388888888888889 381
(43, 6)
(58, 6)
(79, 6)
[0.87096809 1.19871129 0.93032062]
Classification: 1.0 0.8388888888888889 382
(43, 6)
(58, 6)
(79, 6)
[0.87479622 1.20438142 0.92082236]
Classification: 1.0 0.8388888888888889 383
(43, 6)
(58, 6)
(79, 6)
[0.88574092 1.22439363 0.88986545]
Classification: 1.0 0.8388888888888889 384
(43, 6)
(58, 6)
(79, 6)
[0.9014117 1.1878969 0.9106914]
Classification: 1.0 0.8388888888888889 385
(43, 6)
(58, 6)
(79, 6)
[0.8789354  1.24091218 0.88015242]
Classification: 1.0 0.8388888888888889 386
(43, 6)
(58, 6)
(79, 6)
[0.83139807 1.20544778 0.96315414]
Classification: 1.0 0.8388888888888889 387
(43, 6)
(58, 6)
(79, 6)
[0.87006444 1.23175159 0.89818397]
Classification: 1.0 0.8444444444444444 388
(43, 6)
(58, 6)
(79, 6)
[0.85445805 1.19893534 0.9466066 ]
Classification: 1.0 0.8388888888888889 389
(43, 6)
(58, 6)
(79, 6)
[0.86637621 1.20145889 0.9321649 ]
Classification: 1.0 0.8388888888888889 390
(43, 6)
(58, 6)
(79, 6)
[0.8598794  1.20584552 0.93427508]
Classification: 1.0 0.8388888888888889 391
(43, 6)
(58, 6)
(79, 6)
[0.83382364 1.19244037 0.97373599]
Classification: 1.0 0.8388888888888889 392
(43, 6)
(58, 6)
(79, 6)
[0.82823541 1.21109818 0.96066641]
Classification: 1.0 0.8388888888888889 393
(43, 6)
(58, 6)
(79, 6)
[0.89464973 1.19403038 0.91131989]
Classification: 1.0 0.8388888888888889 394
(43, 6)
(58, 6)
(79, 6)
[0.8713858  1.21768506 0.91092915]
Classification: 1.0 0.8388888888888889 395
(43, 6)
(58, 6)
(79, 6)
[0.88111989 1.12751488 0.99136523]
Classification: 1.0 0.8388888888888889 396
(43, 6)
(58, 6)
(79, 6)
[0.87218852 1.20511806 0.92269343]
Classification: 1.0 0.8388888888888889 397
(43, 6)
(58, 6)
(79, 6)
[0.78447046 1.20561352 1.00991603]
Classification: 1.0 0.8388888888888889 398
(43, 6)
(58, 6)
(79, 6)
[0.84801147 1.15807862 0.99390991]
Classification: 1.0 0.8388888888888889 399
(43, 6)
(58, 6)
(79, 6)
[0.83658254 1.21567774 0.94773972]
Classification: 1.0 0.8388888888888889 400
(43, 6)
(58, 6)
(79, 6)
[0.88718169 1.11540829 0.99741001]
Classification: 1.0 0.8388888888888889 401
(43, 6)
(58, 6)
(79, 6)
[0.90358238 1.18931418 0.90710344]
Classification: 1.0 0.8388888888888889 402
(43, 6)
(58, 6)
(79, 6)
[0.87400312 1.12651857 0.99947831]
Classification: 1.0 0.8388888888888889 403
(43, 6)
(58, 6)
(79, 6)
[0.83062864 1.18056828 0.98880308]
Classification: 1.0 0.8388888888888889 404
(43, 6)
(58, 6)
(79, 6)
[0.80757596 1.21934621 0.97307783]
Classification: 1.0 0.8388888888888889 405
(43, 6)
(58, 6)
(79, 6)
[0.87330418 1.19844405 0.92825177]
Classification: 1.0 0.8388888888888889 406
(43, 6)
(58, 6)
(79, 6)
[0.83667697 1.16420353 0.99911951]
Classification: 1.0 0.8388888888888889 407
(43, 6)
(58, 6)
(79, 6)
[0.83086197 1.23466353 0.9344745 ]
Classification: 1.0 0.8388888888888889 408
(43, 6)
(58, 6)
(79, 6)
[0.83407855 1.17982021 0.98610124]
Classification: 1.0 0.8388888888888889 409
(43, 6)
(58, 6)
(79, 6)
[0.83241257 1.27174991 0.89583752]
Classification: 1.0 0.8388888888888889 410
(43, 6)
(58, 6)
(79, 6)
[0.82610554 1.27032141 0.90357305]
Classification: 1.0 0.8388888888888889 411
(43, 6)
(58, 6)
(79, 6)
[0.84649536 1.13868303 1.01482161]
Classification: 1.0 0.8388888888888889 412
(43, 6)
(58, 6)
(79, 6)
[0.83449777 1.24075077 0.92475146]
Classification: 1.0 0.8388888888888889 413
(43, 6)
(58, 6)
(79, 6)
[0.84497994 1.15425657 1.00076349]
Classification: 1.0 0.8388888888888889 414
(43, 6)
(58, 6)
(79, 6)
[0.93444511 1.12477357 0.94078133]
Classification: 1.0 0.8333333333333334 415
(43, 6)
(58, 6)
(79, 6)
[0.89743157 1.19372442 0.90884401]
Classification: 1.0 0.8444444444444444 416
(43, 6)
(58, 6)
(79, 6)
[0.88111453 1.11171437 1.00717111]
Classification: 1.0 0.8388888888888889 417
(43, 6)
(58, 6)
(79, 6)
[0.85707302 1.13128461 1.01164237]
Classification: 1.0 0.8388888888888889 418
(43, 6)
(58, 6)
(79, 6)
[0.83624391 1.15638067 1.00737541]
Classification: 1.0 0.8388888888888889 419
(43, 6)
(58, 6)
(79, 6)
[0.89823736 1.16655008 0.93521256]
Classification: 1.0 0.8388888888888889 420
(43, 6)
(58, 6)
(79, 6)
[0.86100472 1.1678792  0.97111607]
Classification: 1.0 0.8388888888888889 421
(43, 6)
(58, 6)
(79, 6)
[0.83501318 1.17867801 0.98630882]
Classification: 1.0 0.8388888888888889 422
(43, 6)
(58, 6)
(79, 6)
[0.78724242 1.23110739 0.98165019]
Classification: 1.0 0.8388888888888889 423
(43, 6)
(58, 6)
(79, 6)
[0.92296743 1.11258687 0.9644457 ]
Classification: 1.0 0.8388888888888889 424
(43, 6)
(58, 6)
(79, 6)
[0.8875727  1.09596288 1.01646442]
Classification: 1.0 0.8388888888888889 425
(43, 6)
(58, 6)
(79, 6)
[0.82617305 1.20014482 0.97368212]
Classification: 1.0 0.8388888888888889 426
(43, 6)
(58, 6)
(79, 6)
[0.88515587 1.1619929  0.95285123]
Classification: 1.0 0.8388888888888889 427
(43, 6)
(58, 6)
(79, 6)
[0.86100398 1.18295034 0.95604568]
Classification: 1.0 0.8388888888888889 428
(43, 6)
(58, 6)
(79, 6)
[0.87935019 1.19791263 0.92273718]
Classification: 1.0 0.8388888888888889 429
(43, 6)
(58, 6)
(79, 6)
[0.85340246 1.25156037 0.89503717]
Classification: 1.0 0.8444444444444444 430
(43, 6)
(58, 6)
(79, 6)
[0.87046528 1.18837128 0.94116344]
Classification: 1.0 0.8388888888888889 431
(43, 6)
(58, 6)
(79, 6)
[0.89589904 1.17459137 0.92950958]
Classification: 1.0 0.8388888888888889 432
(43, 6)
(58, 6)
(79, 6)
[0.80773026 1.16372532 1.02854443]
Classification: 1.0 0.8388888888888889 433
(43, 6)
(58, 6)
(79, 6)
[0.85464543 1.21689695 0.92845762]
Classification: 1.0 0.8388888888888889 434
(43, 6)
(58, 6)
(79, 6)
[0.864891   1.22517227 0.90993673]
Classification: 1.0 0.8388888888888889 435
(43, 6)
(58, 6)
(79, 6)
[0.8723642  1.17632261 0.95131319]
Classification: 1.0 0.8444444444444444 436
(43, 6)
(58, 6)
(79, 6)
[0.90616137 1.19967476 0.89416387]
Classification: 1.0 0.8388888888888889 437
(43, 6)
(58, 6)
(79, 6)
[0.84486964 1.1833745  0.97175585]
Classification: 1.0 0.8388888888888889 438
(43, 6)
(58, 6)
(79, 6)
[0.88342672 1.19499559 0.9215777 ]
Classification: 1.0 0.8388888888888889 439
(43, 6)
(58, 6)
(79, 6)
[0.8588064  1.11036368 1.03082991]
Classification: 1.0 0.8388888888888889 440
(43, 6)
(58, 6)
(79, 6)
[0.86398845 1.14487324 0.99113831]
Classification: 1.0 0.8388888888888889 441
(43, 6)
(58, 6)
(79, 6)
[0.85636562 1.14208309 1.00155128]
Classification: 1.0 0.8388888888888889 442
(43, 6)
(58, 6)
(79, 6)
[0.82632727 1.24079548 0.93287726]
Classification: 1.0 0.8388888888888889 443
(43, 6)
(58, 6)
(79, 6)
[0.82548224 1.20723872 0.96727905]
Classification: 1.0 0.8388888888888889 444
(43, 6)
(58, 6)
(79, 6)
[0.8356533  1.23464908 0.92969763]
Classification: 1.0 0.8444444444444444 445
(43, 6)
(58, 6)
(79, 6)
[0.88252305 1.22629552 0.89118143]
Classification: 1.0 /mnt/data/user_liangzhiyu/envs/fedcsl/lib/python3.8/site-packages/scipy/__init__.py:146: UserWarning: A NumPy version >=1.16.5 and <1.23.0 is required for this version of SciPy (detected version 1.23.5
  warnings.warn(f"A NumPy version >={np_minversion} and <{np_maxversion}"
/mnt/data/user_liangzhiyu/envs/fedcsl/lib/python3.8/site-packages/tslearn/bases/bases.py:15: UserWarning: h5py not installed, hdf5 features will not be supported.
Install h5py to use hdf5 features: http://docs.h5py.org/
  warn(h5py_msg)
/mnt/data/user_liangzhiyu/lixiongfei/CSL-main/train.py:392: UserWarning: Creating a tensor from a list of numpy.ndarrays is extremely slow. Please consider converting the list to a single numpy.ndarray with numpy.array() before converting to a tensor. (Triggered internally at /opt/conda/conda-bld/pytorch_1724789259345/work/torch/csrc/utils/tensor_new.cpp:278.)
  X = torch.tensor(X, dtype=torch.float).contiguous()
0.8444444444444444 446
(43, 6)
(58, 6)
(79, 6)
[0.89653147 1.18070626 0.92276227]
Classification: 1.0 0.8388888888888889 447
(43, 6)
(58, 6)
(79, 6)
[0.82467614 1.20110676 0.97421711]
Classification: 1.0 0.8444444444444444 448
(43, 6)
(58, 6)
(79, 6)
[0.8575945  1.21676566 0.92563984]
Classification: 1.0 0.8388888888888889 449
(43, 6)
(58, 6)
(79, 6)
[0.84832042 1.21466683 0.93701275]
Classification: 1.0 0.8388888888888889 450
(43, 6)
(58, 6)
(79, 6)
[0.89793587 1.17005981 0.93200431]
Classification: 1.0 0.8444444444444444 451
(43, 6)
(58, 6)
(79, 6)
[0.81480715 1.22035532 0.96483752]
Classification: 1.0 0.8444444444444444 452
(43, 6)
(58, 6)
(79, 6)
[0.86202387 1.18537231 0.95260382]
Classification: 1.0 0.8388888888888889 453
(43, 6)
(58, 6)
(79, 6)
[0.90588808 1.18928239 0.90482953]
Classification: 1.0 0.8444444444444444 454
(43, 6)
(58, 6)
(79, 6)
[0.85189331 1.19828962 0.94981706]
Classification: 1.0 0.8444444444444444 455
(43, 6)
(58, 6)
(79, 6)
[0.88329392 1.16509767 0.95160841]
Classification: 1.0 0.8444444444444444 456
(43, 6)
(58, 6)
(79, 6)
[0.8648276  1.11912001 1.01605239]
Classification: 1.0 0.8444444444444444 457
(43, 6)
(58, 6)
(79, 6)
[0.85396876 1.16655599 0.97947525]
Classification: 1.0 0.85 458
(43, 6)
(58, 6)
(79, 6)
[0.84682617 1.22293204 0.9302418 ]
Classification: 1.0 0.8388888888888889 459
(43, 6)
(58, 6)
(79, 6)
[0.86521466 1.14832211 0.98646322]
Classification: 1.0 0.8444444444444444 460
(43, 6)
(58, 6)
(79, 6)
[0.86089274 1.20834553 0.93076173]
Classification: 1.0 0.85 461
(43, 6)
(58, 6)
(79, 6)
[0.90082549 1.1337132  0.96546132]
Classification: 1.0 0.8444444444444444 462
(43, 6)
(58, 6)
(79, 6)
[0.85744615 1.20803505 0.9345188 ]
Classification: 1.0 0.8444444444444444 463
(43, 6)
(58, 6)
(79, 6)
[0.91552584 1.19836181 0.88611235]
Classification: 1.0 0.85 464
(43, 6)
(58, 6)
(79, 6)
[0.84713452 1.20098656 0.95187892]
Classification: 1.0 0.8444444444444444 465
(43, 6)
(58, 6)
(79, 6)
[0.88981002 1.10747938 1.0027106 ]
Classification: 1.0 0.8444444444444444 466
(43, 6)
(58, 6)
(79, 6)
[0.900376   1.15404275 0.94558125]
Classification: 1.0 0.8444444444444444 467
(43, 6)
(58, 6)
(79, 6)
[0.89757069 1.11138929 0.99104001]
Classification: 1.0 0.85 468
(43, 6)
(58, 6)
(79, 6)
[0.89882771 1.19462593 0.90654635]
Classification: 1.0 0.8388888888888889 469
(43, 6)
(58, 6)
(79, 6)
[0.91325419 1.18606071 0.9006851 ]
Classification: 1.0 0.8444444444444444 470
(43, 6)
(58, 6)
(79, 6)
[0.90028861 1.20098502 0.89872637]
Classification: 1.0 0.8388888888888889 471
(43, 6)
(58, 6)
(79, 6)
[0.89473844 1.19903757 0.90622399]
Classification: 1.0 0.8388888888888889 472
(43, 6)
(58, 6)
(79, 6)
[0.89095989 1.16645341 0.9425867 ]
Classification: 1.0 0.8388888888888889 473
(43, 6)
(58, 6)
(79, 6)
[0.85357303 1.16195515 0.98447182]
Classification: 1.0 0.8388888888888889 474
(43, 6)
(58, 6)
(79, 6)
[0.81904962 1.11953829 1.06141209]
Classification: 1.0 0.8388888888888889 475
(43, 6)
(58, 6)
(79, 6)
[0.8109438 1.1309014 1.0581548]
Classification: 1.0 0.8388888888888889 476
(43, 6)
(58, 6)
(79, 6)
[0.81687858 1.17272194 1.01039948]
Classification: 1.0 0.8444444444444444 477
(43, 6)
(58, 6)
(79, 6)
[0.8300025  1.12914164 1.04085586]
Classification: 1.0 0.8388888888888889 478
(43, 6)
(58, 6)
(79, 6)
[0.79645478 1.16588364 1.03766157]
Classification: 1.0 0.8388888888888889 479
(43, 6)
(58, 6)
(79, 6)
[0.77804748 1.11203876 1.10991376]
Classification: 1.0 0.8444444444444444 480
(43, 6)
(58, 6)
(79, 6)
[0.84407557 1.20153907 0.95438536]
Classification: 1.0 0.8444444444444444 481
(43, 6)
(58, 6)
(79, 6)
[0.81339872 1.24008554 0.94651574]
Classification: 1.0 0.8388888888888889 482
(43, 6)
(58, 6)
(79, 6)
[0.84009394 1.1498058  1.01010026]
Classification: 1.0 0.8388888888888889 483
(43, 6)
(58, 6)
(79, 6)
[0.87874099 1.13741059 0.98384842]
Classification: 1.0 0.8388888888888889 484
(43, 6)
(58, 6)
(79, 6)
[0.8165133 1.2017962 0.9816905]
Classification: 1.0 0.8444444444444444 485
(43, 6)
(58, 6)
(79, 6)
[0.85191824 1.19795201 0.95012975]
Classification: 1.0 0.8388888888888889 486
(43, 6)
(58, 6)
(79, 6)
[0.815756   1.24219975 0.94204426]
Classification: 1.0 0.8444444444444444 487
(43, 6)
(58, 6)
(79, 6)
[0.83566968 1.16487794 0.99945238]
Classification: 1.0 0.8388888888888889 488
(43, 6)
(58, 6)
(79, 6)
[0.84454683 1.18404487 0.9714083 ]
Classification: 1.0 0.8388888888888889 489
(43, 6)
(58, 6)
(79, 6)
[0.83042162 1.31880295 0.85077543]
Classification: 1.0 0.8444444444444444 490
(43, 6)
(58, 6)
(79, 6)
[0.8460111  1.26354898 0.89043992]
Classification: 1.0 0.8388888888888889 491
(43, 6)
(58, 6)
(79, 6)
[0.811026   1.2213478  0.96762619]
Classification: 1.0 0.8388888888888889 492
(43, 6)
(58, 6)
(79, 6)
[0.86050571 1.23702603 0.90246826]
Classification: 1.0 0.8388888888888889 493
(43, 6)
(58, 6)
(79, 6)
[0.87601338 1.17602975 0.94795687]
Classification: 1.0 0.8333333333333334 494
(43, 6)
(58, 6)
(79, 6)
[0.92055703 1.27404135 0.80540163]
Classification: 1.0 0.8388888888888889 495
(43, 6)
(58, 6)
(79, 6)
[0.82814738 1.27127677 0.90057585]
Classification: 1.0 0.8388888888888889 496
(43, 6)
(58, 6)
(79, 6)
[0.91765836 1.22968733 0.85265432]
Classification: 1.0 0.8388888888888889 497
(43, 6)
(58, 6)
(79, 6)
[0.88703344 1.31407498 0.79889158]
Classification: 1.0 0.8388888888888889 498
(43, 6)
(58, 6)
(79, 6)
[0.91038355 1.27848416 0.81113228]
Classification: 1.0 0.8444444444444444 499
best round is 458, acc is 0.850000
Model saved to ./checkpoint/NATOPS/2025-03-11-06_NATOPS_model.pt
