Running experiment with dataset: SpokenArabicDigits, config: ./result/ablation_study/config_SpokenArabicDigits.yml
/mnt/data/user_liangzhiyu/envs/fedcsl/lib/python3.8/site-packages/scipy/__init__.py:146: UserWarning: A NumPy version >=1.16.5 and <1.23.0 is required for this version of SciPy (detected version 1.23.5
  warnings.warn(f"A NumPy version >={np_minversion} and <{np_maxversion}"
/mnt/data/user_liangzhiyu/envs/fedcsl/lib/python3.8/site-packages/tslearn/bases/bases.py:15: UserWarning: h5py not installed, hdf5 features will not be supported.
Install h5py to use hdf5 features: http://docs.h5py.org/
  warn(h5py_msg)
[0.09514033 0.10277917 0.11127909 0.12035814 0.12964186 0.13872091
 0.14722083 0.15485967]
6599
<class 'pandas.core.frame.DataFrame'>
RangeIndex: 6599 entries, 0 to 6598
Data columns (total 14 columns):
 #   Column      Non-Null Count  Dtype 
---  ------      --------------  ----- 
 0   dim_0       6599 non-null   object
 1   dim_1       6599 non-null   object
 2   dim_2       6599 non-null   object
 3   dim_3       6599 non-null   object
 4   dim_4       6599 non-null   object
 5   dim_5       6599 non-null   object
 6   dim_6       6599 non-null   object
 7   dim_7       6599 non-null   object
 8   dim_8       6599 non-null   object
 9   dim_9       6599 non-null   object
 10  dim_10      6599 non-null   object
 11  dim_11      6599 non-null   object
 12  dim_12      6599 non-null   object
 13  class_vals  6599 non-null   object
dtypes: object(14)
memory usage: 721.9+ KB
None
{7, 9, 13, 15, 16, 17, 18, 20, 21, 22, 23, 24, 25, 26, 27, 28, 29, 30, 31, 32, 33, 34, 35, 36, 37, 38, 39, 40, 41, 42, 43, 44, 45, 46, 47, 48, 49, 50, 51, 52, 53, 54, 55, 56, 57, 58, 59, 60, 61, 62, 63, 64, 74, 76, 77, 79, 83}
Traceback (most recent call last):
  File "FedCSL_All.py", line 318, in <module>
    train(dataset=args.dataset)
  File "FedCSL_All.py", line 123, in train
    X_all, y_all, X_test, y_test, X_fed, y_fed = LoadDataset_UEA(dataset, numClient,dirchlet_alpha=dirichlet_alpha,
  File "/mnt/data/user_liangzhiyu/lixiongfei/CSL-main/dataset_utils.py", line 81, in LoadDataset_UEA
    X_test = reshape_dataframe_to_tensor(X_test)
  File "/mnt/data/user_liangzhiyu/lixiongfei/CSL-main/fedutil.py", line 167, in reshape_dataframe_to_tensor
    tensor[i, j, :] = df.iloc[i, j].values  # 将 Series 转换为数值数组并填入
ValueError: could not broadcast input array from shape (34,) into shape (28,)
Running experiment with dataset: SpokenArabicDigits, config: ./result/ablation_study/config_SpokenArabicDigits.yml
/mnt/data/user_liangzhiyu/envs/fedcsl/lib/python3.8/site-packages/scipy/__init__.py:146: UserWarning: A NumPy version >=1.16.5 and <1.23.0 is required for this version of SciPy (detected version 1.23.5
  warnings.warn(f"A NumPy version >={np_minversion} and <{np_maxversion}"
/mnt/data/user_liangzhiyu/envs/fedcsl/lib/python3.8/site-packages/tslearn/bases/bases.py:15: UserWarning: h5py not installed, hdf5 features will not be supported.
Install h5py to use hdf5 features: http://docs.h5py.org/
  warn(h5py_msg)
[0.09514033 0.10277917 0.11127909 0.12035814 0.12964186 0.13872091
 0.14722083 0.15485967]
Traceback (most recent call last):
  File "/mnt/data/user_liangzhiyu/envs/fedcsl/lib/python3.8/site-packages/pandas/core/generic.py", line 6001, in __setattr__
    object.__getattribute__(self, name)
  File "/mnt/data/user_liangzhiyu/envs/fedcsl/lib/python3.8/site-packages/pandas/core/series.py", line 669, in name
    return self._name
  File "/mnt/data/user_liangzhiyu/envs/fedcsl/lib/python3.8/site-packages/pandas/core/generic.py", line 5989, in __getattr__
    return object.__getattribute__(self, name)
AttributeError: 'Series' object has no attribute '_name'

During handling of the above exception, another exception occurred:

Traceback (most recent call last):
  File "FedCSL_All.py", line 318, in <module>
    train(dataset=args.dataset)
  File "FedCSL_All.py", line 123, in train
    X_all, y_all, X_test, y_test, X_fed, y_fed = LoadDataset_UEA(dataset, numClient,dirchlet_alpha=dirichlet_alpha,
  File "/mnt/data/user_liangzhiyu/lixiongfei/CSL-main/dataset_utils.py", line 71, in LoadDataset_UEA
    X2 = load_from_tsfile_to_dataframe(
  File "/mnt/data/user_liangzhiyu/envs/fedcsl/lib/python3.8/site-packages/sktime/datasets/_readers_writers/ts.py", line 578, in load_from_tsfile_to_dataframe
    instance_list[dim].append(pd.Series(data_series))
  File "/mnt/data/user_liangzhiyu/envs/fedcsl/lib/python3.8/site-packages/pandas/core/series.py", line 518, in __init__
    self.name = name
  File "/mnt/data/user_liangzhiyu/envs/fedcsl/lib/python3.8/site-packages/pandas/core/generic.py", line 6001, in __setattr__
    object.__getattribute__(self, name)
KeyboardInterrupt
Running experiment with dataset: SpokenArabicDigits, config: ./result/ablation_study/config_SpokenArabicDigits.yml
/mnt/data/user_liangzhiyu/envs/fedcsl/lib/python3.8/site-packages/scipy/__init__.py:146: UserWarning: A NumPy version >=1.16.5 and <1.23.0 is required for this version of SciPy (detected version 1.23.5
  warnings.warn(f"A NumPy version >={np_minversion} and <{np_maxversion}"
/mnt/data/user_liangzhiyu/envs/fedcsl/lib/python3.8/site-packages/tslearn/bases/bases.py:15: UserWarning: h5py not installed, hdf5 features will not be supported.
Install h5py to use hdf5 features: http://docs.h5py.org/
  warn(h5py_msg)
[0.09514033 0.10277917 0.11127909 0.12035814 0.12964186 0.13872091
 0.14722083 0.15485967]
6599
<class 'pandas.core.frame.DataFrame'>
RangeIndex: 6599 entries, 0 to 6598
Data columns (total 14 columns):
 #   Column      Non-Null Count  Dtype 
---  ------      --------------  ----- 
 0   dim_0       6599 non-null   object
 1   dim_1       6599 non-null   object
 2   dim_2       6599 non-null   object
 3   dim_3       6599 non-null   object
 4   dim_4       6599 non-null   object
 5   dim_5       6599 non-null   object
 6   dim_6       6599 non-null   object
 7   dim_7       6599 non-null   object
 8   dim_8       6599 non-null   object
 9   dim_9       6599 non-null   object
 10  dim_10      6599 non-null   object
 11  dim_11      6599 non-null   object
 12  dim_12      6599 non-null   object
 13  class_vals  6599 non-null   object
dtypes: object(14)
memory usage: 721.9+ KB
None
{7, 9, 13, 15, 16, 17, 18, 20, 21, 22, 23, 24, 25, 26, 27, 28, 29, 30, 31, 32, 33, 34, 35, 36, 37, 38, 39, 40, 41, 42, 43, 44, 45, 46, 47, 48, 49, 50, 51, 52, 53, 54, 55, 56, 57, 58, 59, 60, 61, 62, 63, 64, 74, 76, 77, 79, 83}
Traceback (most recent call last):
  File "FedCSL_All.py", line 335, in <module>
    train(dataset=args.dataset)
  File "FedCSL_All.py", line 123, in train
    X_all, y_all, X_test, y_test, X_fed, y_fed = LoadDataset_UEA(dataset, numClient,dirchlet_alpha=dirichlet_alpha,
  File "/mnt/data/user_liangzhiyu/lixiongfei/CSL-main/dataset_utils.py", line 81, in LoadDataset_UEA
    X_test = reshape_dataframe_to_tensor(X_test)
  File "/mnt/data/user_liangzhiyu/lixiongfei/CSL-main/fedutil.py", line 167, in reshape_dataframe_to_tensor
    tensor[i, j, :] = df.iloc[i, j].values  # 将 Series 转换为数值数组并填入
ValueError: could not broadcast input array from shape (34,) into shape (28,)
Running experiment with dataset: SpokenArabicDigits, config: ./result/ablation_study/config_SpokenArabicDigits.yml

A module that was compiled using NumPy 1.x cannot be run in
NumPy 2.0.2 as it may crash. To support both 1.x and 2.x
versions of NumPy, modules must be compiled with NumPy 2.0.
Some module may need to rebuild instead e.g. with 'pybind11>=2.12'.

If you are a user of the module, the easiest solution will be to
downgrade to 'numpy<2' or try to upgrade the affected module.
We expect that some modules will need time to support NumPy 2.

Traceback (most recent call last):  File "/mnt/data/user_liangzhiyu/lixiongfei/CSL-main/FedCSL_All.py", line 1, in <module>
    from seaborn import dark_palette
  File "/home/liangzhiyu/miniconda3/lib/python3.9/site-packages/seaborn/__init__.py", line 2, in <module>
    from .rcmod import *  # noqa: F401,F403
  File "/home/liangzhiyu/miniconda3/lib/python3.9/site-packages/seaborn/rcmod.py", line 3, in <module>
    import matplotlib as mpl
  File "/home/liangzhiyu/miniconda3/lib/python3.9/site-packages/matplotlib/__init__.py", line 129, in <module>
    from . import _api, _version, cbook, _docstring, rcsetup
  File "/home/liangzhiyu/miniconda3/lib/python3.9/site-packages/matplotlib/rcsetup.py", line 27, in <module>
    from matplotlib.colors import Colormap, is_color_like
  File "/home/liangzhiyu/miniconda3/lib/python3.9/site-packages/matplotlib/colors.py", line 56, in <module>
    from matplotlib import _api, _cm, cbook, scale
  File "/home/liangzhiyu/miniconda3/lib/python3.9/site-packages/matplotlib/scale.py", line 22, in <module>
    from matplotlib.ticker import (
  File "/home/liangzhiyu/miniconda3/lib/python3.9/site-packages/matplotlib/ticker.py", line 138, in <module>
    from matplotlib import transforms as mtransforms
  File "/home/liangzhiyu/miniconda3/lib/python3.9/site-packages/matplotlib/transforms.py", line 49, in <module>
    from matplotlib._path import (
AttributeError: _ARRAY_API not found
Traceback (most recent call last):
  File "/mnt/data/user_liangzhiyu/lixiongfei/CSL-main/FedCSL_All.py", line 1, in <module>
    from seaborn import dark_palette
  File "/home/liangzhiyu/miniconda3/lib/python3.9/site-packages/seaborn/__init__.py", line 2, in <module>
    from .rcmod import *  # noqa: F401,F403
  File "/home/liangzhiyu/miniconda3/lib/python3.9/site-packages/seaborn/rcmod.py", line 3, in <module>
    import matplotlib as mpl
  File "/home/liangzhiyu/miniconda3/lib/python3.9/site-packages/matplotlib/__init__.py", line 129, in <module>
    from . import _api, _version, cbook, _docstring, rcsetup
  File "/home/liangzhiyu/miniconda3/lib/python3.9/site-packages/matplotlib/rcsetup.py", line 27, in <module>
    from matplotlib.colors import Colormap, is_color_like
  File "/home/liangzhiyu/miniconda3/lib/python3.9/site-packages/matplotlib/colors.py", line 56, in <module>
    from matplotlib import _api, _cm, cbook, scale
  File "/home/liangzhiyu/miniconda3/lib/python3.9/site-packages/matplotlib/scale.py", line 22, in <module>
    from matplotlib.ticker import (
  File "/home/liangzhiyu/miniconda3/lib/python3.9/site-packages/matplotlib/ticker.py", line 138, in <module>
    from matplotlib import transforms as mtransforms
  File "/home/liangzhiyu/miniconda3/lib/python3.9/site-packages/matplotlib/transforms.py", line 49, in <module>
    from matplotlib._path import (
ImportError: numpy.core.multiarray failed to import
Running experiment with dataset: SpokenArabicDigits, config: ./result/ablation_study/config_SpokenArabicDigits.yml
/mnt/data/user_liangzhiyu/envs/fedcsl/lib/python3.8/site-packages/scipy/__init__.py:146: UserWarning: A NumPy version >=1.16.5 and <1.23.0 is required for this version of SciPy (detected version 1.23.5
  warnings.warn(f"A NumPy version >={np_minversion} and <{np_maxversion}"
/mnt/data/user_liangzhiyu/envs/fedcsl/lib/python3.8/site-packages/tslearn/bases/bases.py:15: UserWarning: h5py not installed, hdf5 features will not be supported.
Install h5py to use hdf5 features: http://docs.h5py.org/
  warn(h5py_msg)
[0.09514033 0.10277917 0.11127909 0.12035814 0.12964186 0.13872091
 0.14722083 0.15485967]
6599
<class 'pandas.core.frame.DataFrame'>
RangeIndex: 6599 entries, 0 to 6598
Data columns (total 14 columns):
 #   Column      Non-Null Count  Dtype 
---  ------      --------------  ----- 
 0   dim_0       6599 non-null   object
 1   dim_1       6599 non-null   object
 2   dim_2       6599 non-null   object
 3   dim_3       6599 non-null   object
 4   dim_4       6599 non-null   object
 5   dim_5       6599 non-null   object
 6   dim_6       6599 non-null   object
 7   dim_7       6599 non-null   object
 8   dim_8       6599 non-null   object
 9   dim_9       6599 non-null   object
 10  dim_10      6599 non-null   object
 11  dim_11      6599 non-null   object
 12  dim_12      6599 non-null   object
 13  class_vals  6599 non-null   object
dtypes: object(14)
memory usage: 721.9+ KB
None
{7, 9, 13, 15, 16, 17, 18, 20, 21, 22, 23, 24, 25, 26, 27, 28, 29, 30, 31, 32, 33, 34, 35, 36, 37, 38, 39, 40, 41, 42, 43, 44, 45, 46, 47, 48, 49, 50, 51, 52, 53, 54, 55, 56, 57, 58, 59, 60, 61, 62, 63, 64, 74, 76, 77, 79, 83}
Traceback (most recent call last):
  File "FedCSL_All.py", line 331, in <module>
    train(dataset=args.dataset)
  File "FedCSL_All.py", line 130, in train
    X_all, y_all, X_test, y_test, X_fed, y_fed = LoadDataset_UEA(dataset, numClient,dirchlet_alpha=dirichlet_alpha,
  File "/mnt/data/user_liangzhiyu/lixiongfei/CSL-main/dataset_utils.py", line 81, in LoadDataset_UEA
    X_test = reshape_dataframe_to_tensor(X_test)
  File "/mnt/data/user_liangzhiyu/lixiongfei/CSL-main/fedutil.py", line 167, in reshape_dataframe_to_tensor
    tensor[i, j, :] = df.iloc[i, j].values  # 将 Series 转换为数值数组并填入
ValueError: could not broadcast input array from shape (34,) into shape (28,)
Running experiment with dataset: SpokenArabicDigits, config: ./result/ablation_study/config_SpokenArabicDigits.yml
/mnt/data/user_liangzhiyu/envs/fedcsl/lib/python3.8/site-packages/scipy/__init__.py:146: UserWarning: A NumPy version >=1.16.5 and <1.23.0 is required for this version of SciPy (detected version 1.23.5
  warnings.warn(f"A NumPy version >={np_minversion} and <{np_maxversion}"
/mnt/data/user_liangzhiyu/envs/fedcsl/lib/python3.8/site-packages/tslearn/bases/bases.py:15: UserWarning: h5py not installed, hdf5 features will not be supported.
Install h5py to use hdf5 features: http://docs.h5py.org/
  warn(h5py_msg)
[0.09514033 0.10277917 0.11127909 0.12035814 0.12964186 0.13872091
 0.14722083 0.15485967]
6599
<class 'pandas.core.frame.DataFrame'>
RangeIndex: 6599 entries, 0 to 6598
Data columns (total 14 columns):
 #   Column      Non-Null Count  Dtype 
---  ------      --------------  ----- 
 0   dim_0       6599 non-null   object
 1   dim_1       6599 non-null   object
 2   dim_2       6599 non-null   object
 3   dim_3       6599 non-null   object
 4   dim_4       6599 non-null   object
 5   dim_5       6599 non-null   object
 6   dim_6       6599 non-null   object
 7   dim_7       6599 non-null   object
 8   dim_8       6599 non-null   object
 9   dim_9       6599 non-null   object
 10  dim_10      6599 non-null   object
 11  dim_11      6599 non-null   object
 12  dim_12      6599 non-null   object
 13  class_vals  6599 non-null   object
dtypes: object(14)
memory usage: 721.9+ KB
None
{7, 9, 13, 15, 16, 17, 18, 20, 21, 22, 23, 24, 25, 26, 27, 28, 29, 30, 31, 32, 33, 34, 35, 36, 37, 38, 39, 40, 41, 42, 43, 44, 45, 46, 47, 48, 49, 50, 51, 52, 53, 54, 55, 56, 57, 58, 59, 60, 61, 62, 63, 64, 74, 76, 77, 79, 83}
Traceback (most recent call last):
  File "FedCSL_All.py", line 331, in <module>
    train(dataset=args.dataset)
  File "FedCSL_All.py", line 130, in train
    X_all, y_all, X_test, y_test, X_fed, y_fed = LoadDataset_UEA(dataset, numClient,dirchlet_alpha=dirichlet_alpha,
  File "/mnt/data/user_liangzhiyu/lixiongfei/CSL-main/dataset_utils.py", line 81, in LoadDataset_UEA
    X_test = reshape_dataframe_to_tensor(X_test)
  File "/mnt/data/user_liangzhiyu/lixiongfei/CSL-main/fedutil.py", line 167, in reshape_dataframe_to_tensor
    tensor[i, j, :] = df.iloc[i, j].values  # 将 Series 转换为数值数组并填入
ValueError: could not broadcast input array from shape (34,) into shape (28,)
Running experiment with dataset: SpokenArabicDigits, config: ./result/ablation_study/config_SpokenArabicDigits.yml
/mnt/data/user_liangzhiyu/envs/fedcsl/lib/python3.8/site-packages/scipy/__init__.py:146: UserWarning: A NumPy version >=1.16.5 and <1.23.0 is required for this version of SciPy (detected version 1.23.5
  warnings.warn(f"A NumPy version >={np_minversion} and <{np_maxversion}"
/mnt/data/user_liangzhiyu/envs/fedcsl/lib/python3.8/site-packages/tslearn/bases/bases.py:15: UserWarning: h5py not installed, hdf5 features will not be supported.
Install h5py to use hdf5 features: http://docs.h5py.org/
  warn(h5py_msg)
[0.09514033 0.10277917 0.11127909 0.12035814 0.12964186 0.13872091
 0.14722083 0.15485967]
6599
<class 'pandas.core.frame.DataFrame'>
RangeIndex: 6599 entries, 0 to 6598
Data columns (total 14 columns):
 #   Column      Non-Null Count  Dtype 
---  ------      --------------  ----- 
 0   dim_0       6599 non-null   object
 1   dim_1       6599 non-null   object
 2   dim_2       6599 non-null   object
 3   dim_3       6599 non-null   object
 4   dim_4       6599 non-null   object
 5   dim_5       6599 non-null   object
 6   dim_6       6599 non-null   object
 7   dim_7       6599 non-null   object
 8   dim_8       6599 non-null   object
 9   dim_9       6599 non-null   object
 10  dim_10      6599 non-null   object
 11  dim_11      6599 non-null   object
 12  dim_12      6599 non-null   object
 13  class_vals  6599 non-null   object
dtypes: object(14)
memory usage: 721.9+ KB
None
{7, 9, 13, 15, 16, 17, 18, 20, 21, 22, 23, 24, 25, 26, 27, 28, 29, 30, 31, 32, 33, 34, 35, 36, 37, 38, 39, 40, 41, 42, 43, 44, 45, 46, 47, 48, 49, 50, 51, 52, 53, 54, 55, 56, 57, 58, 59, 60, 61, 62, 63, 64, 74, 76, 77, 79, 83}
Traceback (most recent call last):
  File "FedCSL_All.py", line 331, in <module>
    train(dataset=args.dataset)
  File "FedCSL_All.py", line 130, in train
    X_all, y_all, X_test, y_test, X_fed, y_fed = LoadDataset_UEA(dataset, numClient,dirchlet_alpha=dirichlet_alpha,
  File "/mnt/data/user_liangzhiyu/lixiongfei/CSL-main/dataset_utils.py", line 81, in LoadDataset_UEA
    X_test = reshape_dataframe_to_tensor(X_test)
  File "/mnt/data/user_liangzhiyu/lixiongfei/CSL-main/fedutil.py", line 167, in reshape_dataframe_to_tensor
    tensor[i, j, :] = df.iloc[i, j].values  # 将 Series 转换为数值数组并填入
ValueError: could not broadcast input array from shape (34,) into shape (28,)
